
Cluster assignments:
Cluster 0 (represented by Day 25): [ 1 12 17 21 25 26 27 28]... (total 8 days)
Cluster 1 (represented by Day 4): [ 2  3  4  5  6  7  8  9 10 11]... (total 23 days)
[reserve] pi_res = 56 EUR/MW.h (daily mean of fcrn_dk2_56 hourly prices), 1h blocks
[reserve] c_min_G = 0.15 (electrolyzer min load / els_cap); literature 0.1-0.16 -> OK
[reserve] c_sb_G = 0.01 (electrolyzer standby draw / els_cap); literature 0.025-0.05 -> OUT OF RANGE
✓ spring  :  92 days | Mean: 1 MWh | RMSE range: 0.0-0.2 MWh
✓ summer  :  92 days | Mean: 1 MWh | RMSE range: 0.0-0.3 MWh
✓ fall    :  91 days | Mean: 1 MWh | RMSE range: 0.0-0.2 MWh
✓ winter  :  90 days | Mean: 1 MWh | RMSE range: 0.0-0.1 MWh

=== 15p_reserve_peak_day1_S20_seed0_grb_direct-gurobi_kl0.0960365_conic_ndw_rsc0.303571_conic: n=15, |T|=24, |Omega|=20 ===

[1] extensive form (DP_N^Omega)
  (read from ieee_owen\weak_eps_experiment\stochastic\main17_xi\ef_cache\n15_S20_day1.pkl)
  obj 2052.606421  status optimal  gap 1.23e-04  839.4s  vars 89684
  KL r=0.0960365: worst case 2052.606421 vs expected 1968.345300; 1 MILP solve(s); rho* 0.056 0.037 0.030 0.019 0.032 0.026 0.036 0.070 0.057 0.054 0.071 0.081 0.094 0.063 0.044 0.047 0.025 0.030 0.094 0.032 (KL 0.0960)
    round 1: MIPGap 1e-04  839.3s  11067 nodes  psi-bound 1.23e-04  psi-incumbent 9.02e-05

[2] column generation (DWR_N^Omega)
  seed columns: largest carrier-row residual 1.42e-14 (repaired)
  CG   11 | RMP     1367.1936 | LB     1357.2405 | UB           inf | a 1.00 std      | min rc  0.0000e+00 | +0  [round] | lp 0.32s solver 0.32s 41 it 11311 cols 123860 nz
  -- penalty round 1: eps 0.2 delta 0.2 RMP 1367.1936 LB 1357.2405 UB 2052.6065 gap 3.39e-01 [round] 13s
  CG   25 | RMP     2029.7498 | LB     1872.8874 | UB     2052.6065 | a 0.10 smooth   | min rc -1.0586e+01 | +50 | lp 1.85s solver 1.85s 63 it 12761 cols 232451 nz
  CG   50 | RMP     2023.6186 | LB     2022.2935 | UB     2052.6064 | a 0.10 smooth   | min rc -7.3390e+00 | +35 | lp 5.93s solver 5.93s 76 it 15305 cols 402951 nz
  CG   51 | RMP     2023.3436 | LB     2022.2935 | UB     2052.6064 | a 1.00 std      | min rc  0.0000e+00 | +0  [round] | lp 4.80s solver 4.80s 73 it 15394 cols 408441 nz
  -- penalty round 2: eps 0.05 delta 0.05 RMP 2023.3436 LB 2022.2935 UB 2052.6064 gap 1.48e-02 [round] 206s
  CG   75 | RMP     2045.9264 | LB     2039.2964 | UB     2052.6064 | a 0.10 smooth   | min rc -4.5300e+00 | +36 | lp 8.85s solver 8.85s 73 it 17498 cols 536462 nz
  CG   98 | RMP     2043.4917 | LB     2043.0991 | UB     2052.6064 | a 1.00 std      | min rc  0.0000e+00 | +0  [round] | lp 7.72s solver 7.72s 58 it 19308 cols 648661 nz
  -- penalty round 3: eps 0.0125 delta 0.0125 RMP 2043.4917 LB 2043.0991 UB 2052.6064 gap 4.63e-03 [round] 754s
  CG  100 | RMP     2046.2421 | LB     2043.1294 | UB     2052.6064 | a 0.10 smooth   | min rc -2.6807e+00 | +24 | lp 7.24s solver 7.24s 54 it 19385 cols 653331 nz
  CG  125 | RMP     2045.4191 | LB     2044.8022 | UB     2052.6064 | a 0.10 smooth   | min rc -8.2432e-01 | +12 | lp 8.83s solver 8.83s 56 it 20945 cols 749988 nz
  CG  127 | RMP     2045.3921 | LB     2044.8522 | UB     2052.6064 | a 1.00 std      | min rc  0.0000e+00 | +0  [target] | lp 9.08s solver 9.08s 54 it 21081 cols 758173 nz
  -- penalty round 4: eps 0.00313 delta 0.00313 RMP 2045.3921 LB 2044.8522 UB 2052.6064 gap 3.78e-03 [target] 1135s
  obj 2052.606430  LB 2044.852180  gap 3.78e-03  iters 127  1142.0s  rounds 4  status target
  KL r=0.0960365: 0 distribution cuts (rho_hat included); rho* 0.058 0.036 0.030 0.020 0.032 0.026 0.037 0.070 0.056 0.053 0.069 0.079 0.095 0.062 0.045 0.047 0.026 0.029 0.096 0.034 (KL 0.0960)
  time: master LP 711.9s  pricing 414.7s (29889 MILPs, 8 worker(s))

[3] robust Owen allocation
  omega_LR,rob 7.737827  eps_LR 0.515855  certified [-0.251544, 7.754242]
  EF slack 0.2515 = 3% of the reported omega
  checks: budget 0.00e+00  duality -1.64e-02  pricing 0.00e+00
   player         Owen        E[x*]        alone       chi^LR
       u1    1470.6166    1470.1007          nan          nan
       u2       0.0243      -0.4916          nan          nan
       u3     531.2568     530.7409          nan          nan
       u4    -758.2737    -758.7896          nan          nan
       u5    -379.8646    -380.3805          nan          nan
       u6   -1050.9704   -1051.4862          nan          nan
       u7     498.0809     497.5651          nan          nan
       u8       5.1245       4.6087          nan          nan
       u9     539.7733     539.2575          nan          nan
      u10     746.4189     745.9030          nan          nan
      u11     101.5623     101.0465          nan          nan
      u12    -653.7369    -654.2528          nan          nan
      u13    -386.7048    -387.2207          nan          nan
      u14    -907.6843    -908.2002          nan          nan
      u15   -1800.4914   -1801.0073          nan          nan

wrote ieee_owen\weak_eps_experiment\stochastic\bench17_xi\15p_reserve_peak_day1_S20_seed0_grb_direct-gurobi_kl0.0960365_conic_ndw_rsc0.303571_conic.json
