
Cluster assignments:
Cluster 0 (represented by Day 25): [ 1 12 17 21 25 26 27 28]... (total 8 days)
Cluster 1 (represented by Day 4): [ 2  3  4  5  6  7  8  9 10 11]... (total 23 days)
[reserve] pi_res = 56 EUR/MW.h (daily mean of fcrn_dk2_56 hourly prices), 1h blocks
[reserve] c_min_G = 0.15 (electrolyzer min load / els_cap); literature 0.1-0.16 -> OK
[reserve] c_sb_G = 0.01 (electrolyzer standby draw / els_cap); literature 0.025-0.05 -> OUT OF RANGE
✓ spring  :  92 days | Mean: 1 MWh | RMSE range: 0.0-0.2 MWh
✓ summer  :  92 days | Mean: 1 MWh | RMSE range: 0.0-0.3 MWh
✓ fall    :  91 days | Mean: 1 MWh | RMSE range: 0.0-0.2 MWh
✓ winter  :  90 days | Mean: 1 MWh | RMSE range: 0.0-0.1 MWh

=== 15p_reserve_peak_day3_S20_seed0_grb_direct-gurobi_kl0.0960365_conic_ndw_rsc0.303571_conic: n=15, |T|=24, |Omega|=20 ===

[1] extensive form (DP_N^Omega)
  (read from ieee_owen\weak_eps_experiment\stochastic\main17_xi\ef_cache\n15_S20_day3.pkl)
  obj 2543.212262  status optimal  gap 1.38e-04  596.8s  vars 89684
  KL r=0.0960365: worst case 2543.212262 vs expected 2405.580937; 1 MILP solve(s); rho* 0.062 0.059 0.055 0.042 0.041 0.140 0.034 0.034 0.026 0.054 0.028 0.042 0.067 0.040 0.029 0.039 0.048 0.050 0.036 0.075 (KL 0.0960)
    round 1: MIPGap 1e-04  596.7s  11076 nodes  psi-bound 1.38e-04  psi-incumbent 1.20e-04

[2] column generation (DWR_N^Omega)
  seed columns: largest carrier-row residual 3.55e-15 (repaired)
  CG   11 | RMP     1837.1754 | LB     1854.2434 | UB           inf | a 1.00 std      | min rc  0.0000e+00 | +0  [round] | lp 0.80s solver 0.80s 50 it 11113 cols 107861 nz
  -- penalty round 1: eps 0.2 delta 0.2 RMP 1837.1754 LB 1854.2434 UB 2543.2123 gap 2.71e-01 [round] 13s
  CG   25 | RMP     2521.2471 | LB     2371.4669 | UB     2543.2123 | a 0.10 smooth   | min rc -2.1783e+01 | +65 | lp 2.29s solver 2.29s 74 it 12871 cols 223748 nz
  CG   50 | RMP     2509.2183 | LB     2508.4798 | UB     2543.2123 | a 0.10 smooth   | min rc -7.4099e+00 | +138 | lp 4.35s solver 4.35s 60 it 17688 cols 482350 nz
  CG   51 | RMP     2508.9772 | LB     2508.4798 | UB     2543.2123 | a 1.00 std      | min rc  0.0000e+00 | +0  [round] | lp 3.77s solver 3.77s 55 it 17857 cols 490876 nz
  -- penalty round 2: eps 0.05 delta 0.05 RMP 2508.9772 LB 2508.4798 UB 2543.2123 gap 1.37e-02 [round] 197s
  CG   75 | RMP     2528.8342 | LB     2525.0250 | UB     2543.2123 | a 0.10 smooth   | min rc -2.4876e+00 | +35 | lp 1.70s solver 1.70s 43 it 21403 cols 685332 nz
  CG   86 | RMP     2528.0744 | LB     2527.5200 | UB     2543.2123 | a 1.00 std      | min rc  0.0000e+00 | +0  [round] | lp 1.73s solver 1.73s 38 it 22605 cols 756472 nz
  -- penalty round 3: eps 0.0125 delta 0.0125 RMP 2528.0744 LB 2527.5200 UB 2543.2123 gap 6.17e-03 [round] 429s
  CG  100 | RMP     2530.1517 | LB     2528.9689 | UB     2543.2123 | a 0.10 smooth   | min rc -3.1640e-01 | +88 | lp 2.08s solver 2.08s 46 it 23765 cols 815914 nz
  CG  103 | RMP     2530.1014 | LB     2529.1395 | UB     2543.2123 | a 1.00 std      | min rc  0.0000e+00 | +0  [target] | lp 2.28s solver 2.28s 49 it 22943 cols 777062 nz
  -- penalty round 4: eps 0.00313 delta 0.00313 RMP 2530.1014 LB 2529.1395 UB 2543.2123 gap 5.53e-03 [target] 529s
  obj 2543.212267  LB 2529.139457  gap 5.53e-03  iters 103  531.2s  rounds 4  status target
  KL r=0.0960365: 0 distribution cuts (rho_hat included); rho* 0.063 0.057 0.056 0.042 0.041 0.141 0.034 0.035 0.026 0.054 0.028 0.041 0.066 0.040 0.029 0.039 0.048 0.051 0.036 0.074 (KL 0.0960)
  time: master LP 240.5s  pricing 283.1s (24057 MILPs, 8 worker(s))

[3] robust Owen allocation
  omega_LR,rob 14.040832  eps_LR 0.936055  certified [-0.350396, 14.072806]
  EF slack 0.3504 = 2% of the reported omega
  checks: budget 4.55e-13  duality -3.20e-02  pricing 0.00e+00
   player         Owen        E[x*]        alone       chi^LR
       u1    1217.2978    1216.3617          nan          nan
       u2       2.8442       1.9081          nan          nan
       u3     529.5421     528.6061          nan          nan
       u4    -792.1315    -793.0675          nan          nan
       u5    -385.8918    -386.8278          nan          nan
       u6   -1063.6473   -1064.5834          nan          nan
       u7     512.7291     511.7931          nan          nan
       u8       7.7998       6.8638          nan          nan
       u9     536.1407     535.2047          nan          nan
      u10     607.1771     606.2411          nan          nan
      u11     101.6437     100.7076          nan          nan
      u12    -669.6773    -670.6134          nan          nan
      u13    -387.2646    -388.2007          nan          nan
      u14    -903.2572    -904.1933          nan          nan
      u15   -1842.4763   -1843.4123          nan          nan

wrote ieee_owen\weak_eps_experiment\stochastic\bench17_xi\15p_reserve_peak_day3_S20_seed0_grb_direct-gurobi_kl0.0960365_conic_ndw_rsc0.303571_conic.json
