
Cluster assignments:
Cluster 0 (represented by Day 25): [ 1 12 17 21 25 26 27 28]... (total 8 days)
Cluster 1 (represented by Day 4): [ 2  3  4  5  6  7  8  9 10 11]... (total 23 days)
[reserve] pi_res = 56 EUR/MW.h (daily mean of fcrn_dk2_56 hourly prices), 1h blocks
[reserve] c_min_G = 0.15 (electrolyzer min load / els_cap); literature 0.1-0.16 -> OK
[reserve] c_sb_G = 0.01 (electrolyzer standby draw / els_cap); literature 0.025-0.05 -> OUT OF RANGE
✓ spring  :  92 days | Mean: 1 MWh | RMSE range: 0.0-0.2 MWh
✓ summer  :  92 days | Mean: 1 MWh | RMSE range: 0.0-0.3 MWh
✓ fall    :  91 days | Mean: 1 MWh | RMSE range: 0.0-0.2 MWh
✓ winter  :  90 days | Mean: 1 MWh | RMSE range: 0.0-0.1 MWh

=== 15p_reserve_peak_day2_S20_seed0_grb_direct-gurobi_kl0.0960365_conic_ndw_rsc0.303571_conic: n=15, |T|=24, |Omega|=20 ===

[1] extensive form (DP_N^Omega)
  (read from ieee_owen\weak_eps_experiment\stochastic\main17_xi\ef_cache\n15_S20_day2.pkl)
  obj 2193.739742  status optimal  gap 8.33e-05  276.0s  vars 89684
  KL r=0.0960365: worst case 2193.739742 vs expected 2082.170003; 1 MILP solve(s); rho* 0.054 0.027 0.053 0.026 0.097 0.048 0.051 0.047 0.044 0.125 0.075 0.054 0.030 0.041 0.031 0.053 0.039 0.028 0.044 0.035 (KL 0.0960)
    round 1: MIPGap 1e-04  275.9s  5197 nodes  psi-bound 8.33e-05  psi-incumbent 8.33e-05

[2] column generation (DWR_N^Omega)
  seed columns: largest carrier-row residual 3.55e-15 (repaired)
  CG   10 | RMP     1489.5574 | LB     1461.2571 | UB           inf | a 1.00 std      | min rc  0.0000e+00 | +0  [round] | lp 0.96s solver 0.96s 62 it 11054 cols 101174 nz
  -- penalty round 1: eps 0.2 delta 0.2 RMP 1489.5574 LB 1461.2571 UB 2193.7398 gap 3.34e-01 [round] 13s
  CG   25 | RMP     2169.0156 | LB     2023.5383 | UB     2193.7398 | a 0.10 smooth   | min rc -8.5714e+00 | +163 | lp 1.68s solver 1.68s 64 it 13075 cols 236468 nz
  CG   48 | RMP     2162.4880 | LB     2162.4601 | UB     2193.7398 | a 1.00 std      | min rc  0.0000e+00 | +0  [round] | lp 1.09s solver 1.09s 43 it 16865 cols 456776 nz
  -- penalty round 2: eps 0.05 delta 0.05 RMP 2162.4880 LB 2162.4601 UB 2193.7398 gap 1.43e-02 [round] 147s
  CG   50 | RMP     2190.4181 | LB     2164.2457 | UB     2193.7398 | a 0.10 smooth   | min rc -1.2150e+01 | +90 | lp 1.02s solver 1.02s 40 it 16982 cols 463464 nz
  CG   75 | RMP     2187.0927 | LB     2184.0446 | UB     2193.7398 | a 0.10 smooth   | min rc -3.0779e+00 | +86 | lp 1.31s solver 1.31s 40 it 18385 cols 565816 nz
  CG   91 | RMP     2186.2064 | LB     2185.9066 | UB     2193.7397 | a 1.00 std      | min rc  0.0000e+00 | +0  [round] | lp 1.63s solver 1.63s 47 it 19406 cols 625995 nz
  -- penalty round 3: eps 0.0125 delta 0.0125 RMP 2186.2064 LB 2185.9066 UB 2193.7397 gap 3.57e-03 [round] 382s
  CG  100 | RMP     2188.8630 | LB     2186.5075 | UB     2193.7397 | a 0.10 smooth   | min rc -9.2831e-01 | +49 | lp 2.33s solver 2.33s 51 it 20486 cols 689449 nz
  CG  125 | RMP     2188.4481 | LB     2187.9254 | UB     2193.7397 | a 0.10 smooth   | min rc -4.6755e-01 | +70 | lp 2.96s solver 2.96s 56 it 22726 cols 808138 nz
  CG  135 | RMP     2188.3186 | LB     2188.0790 | UB     2193.7397 | a 1.00 std      | min rc  0.0000e+00 | +0  [round] | lp 3.01s solver 3.01s 52 it 23813 cols 866563 nz
  -- penalty round 4: eps 0.00313 delta 0.00313 RMP 2188.3186 LB 2188.0790 UB 2193.7397 gap 2.58e-03 [round] 702s
  CG  139 | RMP     2188.6717 | LB     2188.0860 | UB     2193.7397 | a 1.00 std      | min rc  0.0000e+00 | +0  [target] | lp 3.90s solver 3.90s 64 it 24268 cols 890975 nz
  -- penalty round 5: eps 0.000781 delta 0.000781 RMP 2188.6717 LB 2188.0860 UB 2193.7397 gap 2.58e-03 [target] 733s
  obj 2193.739743  LB 2188.085983  gap 2.58e-03  iters 139  736.3s  rounds 5  status target
  KL r=0.0960365: 0 distribution cuts (rho_hat included); rho* 0.054 0.027 0.052 0.026 0.096 0.047 0.051 0.047 0.045 0.126 0.074 0.055 0.030 0.041 0.031 0.052 0.038 0.028 0.043 0.035 (KL 0.0960)
  time: master LP 267.2s  pricing 458.6s (32562 MILPs, 8 worker(s))

[3] robust Owen allocation
  omega_LR,rob 5.644322  eps_LR 0.376288  certified [-0.182704, 5.653759]
  EF slack 0.1827 = 3% of the reported omega
  checks: budget 0.00e+00  duality -9.44e-03  pricing 0.00e+00
   player         Owen        E[x*]        alone       chi^LR
       u1    1422.6722    1422.2959          nan          nan
       u2       0.0309      -0.3454          nan          nan
       u3     534.4883     534.1120          nan          nan
       u4    -786.2520    -786.6283          nan          nan
       u5    -400.2108    -400.5871          nan          nan
       u6   -1043.3278   -1043.7041          nan          nan
       u7     495.0901     494.7139          nan          nan
       u8      10.2803       9.9040          nan          nan
       u9     542.5719     542.1956          nan          nan
      u10     724.3804     724.0042          nan          nan
      u11     104.9669     104.5906          nan          nan
      u12    -662.6660    -663.0423          nan          nan
      u13    -391.3276    -391.7038          nan          nan
      u14    -899.7097    -900.0860          nan          nan
      u15   -1839.0826   -1839.4589          nan          nan

wrote ieee_owen\weak_eps_experiment\stochastic\bench17_xi\15p_reserve_peak_day2_S20_seed0_grb_direct-gurobi_kl0.0960365_conic_ndw_rsc0.303571_conic.json
