
Cluster assignments:
Cluster 0 (represented by Day 25): [ 1 12 17 21 25 26 27 28]... (total 8 days)
Cluster 1 (represented by Day 4): [ 2  3  4  5  6  7  8  9 10 11]... (total 23 days)
[reserve] pi_res = 56 EUR/MW.h (daily mean of fcrn_dk2_56 hourly prices), 1h blocks
[reserve] c_min_G = 0.15 (electrolyzer min load / els_cap); literature 0.1-0.16 -> OK
[reserve] c_sb_G = 0.01 (electrolyzer standby draw / els_cap); literature 0.025-0.05 -> OUT OF RANGE
✓ spring  :  92 days | Mean: 1 MWh | RMSE range: 0.0-0.2 MWh
✓ summer  :  92 days | Mean: 1 MWh | RMSE range: 0.0-0.3 MWh
✓ fall    :  91 days | Mean: 1 MWh | RMSE range: 0.0-0.2 MWh
✓ winter  :  90 days | Mean: 1 MWh | RMSE range: 0.0-0.1 MWh

=== 30p_reserve_peak_day3_S20_seed0_grb_direct-gurobi_kl0.0960365_conic_ndw_rsc0.303571_conic: n=30, |T|=24, |Omega|=20 ===

[1] extensive form (DP_N^Omega)
  (read from ieee_owen\weak_eps_experiment\stochastic\main17_xi\ef_cache\n30_S20_day3.pkl)
  obj 4747.411452  status optimal  gap 2.29e-04  1092.3s  vars 172124
  KL r=0.0960365: worst case 4747.411452 vs expected 4525.806809; 1 MILP solve(s); rho* 0.066 0.065 0.061 0.034 0.039 0.135 0.032 0.032 0.024 0.052 0.028 0.044 0.076 0.042 0.031 0.044 0.046 0.045 0.038 0.065 (KL 0.0960)
    round 1: MIPGap 1e-04  1092.0s  7230 nodes  psi-bound 2.29e-04  psi-incumbent 1.33e-04

[2] column generation (DWR_N^Omega)
  seed columns: largest carrier-row residual 1.24e-14 (repaired)
  CG   16 | RMP     4033.2884 | LB     4038.6803 | UB           inf | a 1.00 std      | min rc  0.0000e+00 | +0  [round] | lp 2.18s solver 2.18s 67 it 13705 cols 268350 nz
  -- penalty round 1: eps 0.2 delta 0.2 RMP 4033.2884 LB 4038.6803 UB 4747.4115 gap 1.49e-01 [round] 34s
  CG   25 | RMP     4738.4065 | LB     4456.0029 | UB     4747.4115 | a 0.10 smooth   | min rc -7.3820e+00 | +241 | lp 3.21s solver 3.21s 59 it 16754 cols 452714 nz
  CG   50 | RMP     4733.5974 | LB     4709.8792 | UB     4747.4115 | a 0.10 smooth   | min rc -7.4178e+00 | +44 | lp 1.83s solver 1.83s 51 it 22315 cols 816967 nz
  CG   65 | RMP     4731.3345 | LB     4730.6096 | UB     4747.4115 | a 1.00 std      | min rc  0.0000e+00 | +0  [round] | lp 2.48s solver 2.48s 54 it 24902 cols 970319 nz
  -- penalty round 2: eps 0.05 delta 0.05 RMP 4731.3345 LB 4730.6096 UB 4747.4115 gap 3.54e-03 [round] 289s
  CG   75 | RMP     4743.3263 | LB     4736.9340 | UB     4747.4115 | a 0.10 smooth   | min rc -1.5064e+00 | +52 | lp 3.04s solver 3.04s 60 it 26417 cols 1058021 nz
  CG   92 | RMP     4741.9496 | LB     4741.7395 | UB     4747.4115 | a 1.00 std      | min rc  0.0000e+00 | +0  [round] | lp 3.94s solver 3.94s 57 it 29098 cols 1207499 nz
  -- penalty round 3: eps 0.0125 delta 0.0125 RMP 4741.9496 LB 4741.7395 UB 4747.4115 gap 1.19e-03 [round] 487s
  CG  100 | RMP     4743.8005 | LB     4742.5268 | UB     4747.4115 | a 0.10 smooth   | min rc -3.3441e-01 | +81 | lp 4.33s solver 4.33s 60 it 30803 cols 1298738 nz
  CG  125 | RMP     4743.6152 | LB     4743.4121 | UB     4747.4115 | a 0.10 smooth   | min rc -1.6689e-02 | +160 | lp 6.78s solver 6.78s 72 it 33222 cols 1438585 nz
  CG  128 | RMP     4743.6129 | LB     4743.4391 | UB     4747.4115 | a 1.00 std      | min rc  0.0000e+00 | +0  [round] | lp 5.30s solver 5.30s 60 it 33998 cols 1479837 nz
  -- penalty round 4: eps 0.00313 delta 0.00313 RMP 4743.6129 LB 4743.4391 UB 4747.4115 gap 8.37e-04 [round] 867s
  CG  150 | RMP     4743.8499 | LB     4743.4655 | UB     4747.4115 | a 0.10 smooth   | min rc -3.3037e-02 | +157 | lp 6.82s solver 6.82s 73 it 36670 cols 1625998 nz
  CG  175 | RMP     4743.8554 | LB     4743.4655 | UB     4747.4115 | a 0.10 smooth   | min rc -4.9805e-02 | +158 | lp 6.27s solver 6.27s 66 it 37412 cols 1682492 nz
  CG  200 | RMP     4743.8564 | LB     4743.4659 | UB     4747.4115 | a 0.10 smooth   | min rc -5.6478e-02 | +157 | lp 5.97s solver 5.97s 60 it 39341 cols 1791999 nz
  CG  225 | RMP     4743.8452 | LB     4743.4762 | UB     4747.4115 | a 0.10 smooth   | min rc -2.6129e-02 | +156 | lp 8.02s solver 8.02s 74 it 39236 cols 1796183 nz
  CG  250 | RMP     4743.8461 | LB     4743.4857 | UB     4747.4115 | a 0.10 smooth   | min rc -3.1521e-02 | +158 | lp 6.55s solver 6.55s 59 it 41614 cols 1934704 nz
  CG  275 | RMP     4743.8451 | LB     4743.4942 | UB     4747.4115 | a 0.10 smooth   | min rc -3.1504e-02 | +156 | lp 15.13s solver 15.13s 75 it 42196 cols 1979128 nz
  CG  300 | RMP     4743.8548 | LB     4743.4942 | UB     4747.4115 | a 0.10 smooth   | min rc -7.8696e-02 | +161 | lp 12.43s solver 12.43s 66 it 44488 cols 2112023 nz
  CG  324 | RMP     4743.8487 | LB     4743.5077 | UB     4747.4115 | a 1.00 std      | min rc  0.0000e+00 | +0  [target] | lp 10.75s solver 10.75s 53 it 44576 cols 2129316 nz
  -- penalty round 5: eps 0.000781 delta 0.000781 RMP 4743.8487 LB 4743.5077 UB 4747.4115 gap 8.22e-04 [target] 3587s
  obj 4747.411453  LB 4743.507708  gap 8.22e-04  iters 324  3598.8s  rounds 5  status target
  KL r=0.0960365: 0 distribution cuts (rho_hat included); rho* 0.066 0.065 0.061 0.034 0.039 0.135 0.032 0.032 0.024 0.053 0.028 0.044 0.076 0.042 0.031 0.044 0.046 0.045 0.038 0.065 (KL 0.0960)
  time: master LP 2019.9s  pricing 1535.1s (155034 MILPs, 8 worker(s))

[3] robust Owen allocation
  omega_LR,rob 3.892417  eps_LR 0.129747  certified [-1.086273, 3.903745]
  EF slack 1.0863 = 28% of the reported omega  (> 10%: use --table for a table run)
  checks: budget 1.82e-12  duality -1.13e-02  pricing 0.00e+00
   player         Owen        E[x*]        alone       chi^LR
       u1    1222.3052    1222.1755          nan          nan
       u2      17.4689      17.3391          nan          nan
       u3     529.9193     529.7895          nan          nan
       u4    -793.5766    -793.7063          nan          nan
       u5    -394.1700    -394.2997          nan          nan
       u6   -1065.2734   -1065.4032          nan          nan
       u7     497.0838     496.9540          nan          nan
       u8      24.7109      24.5812          nan          nan
       u9     535.9794     535.8497          nan          nan
      u10     625.9338     625.8040          nan          nan
      u11     103.0927     102.9630          nan          nan
      u12    -676.6504    -676.7801          nan          nan
      u13    -394.7385    -394.8683          nan          nan
      u14    -905.0263    -905.1560          nan          nan
      u15   -1842.4022   -1842.5320          nan          nan
      u16     878.4335     878.3038          nan          nan
      u17     511.9124     511.7826          nan          nan
      u18      38.2011      38.0713          nan          nan
      u19      -0.0000      -0.1297          nan          nan
      u20     535.9794     535.8497          nan          nan
      u21     202.4723     202.3426          nan          nan
      u22     154.6391     154.5094          nan          nan
      u23    -706.2305    -706.3603          nan          nan
      u24    -897.1437    -897.2735          nan          nan
      u25    -791.0877    -791.2175          nan          nan
      u26     -79.4676     -79.5974          nan          nan
      u27    -194.6263    -194.7560          nan          nan
      u28    -899.0245    -899.1542          nan          nan
      u29    -663.4614    -663.5911          nan          nan
      u30    -318.7717    -318.9015          nan          nan

wrote ieee_owen\weak_eps_experiment\stochastic\bench17_xi\30p_reserve_peak_day3_S20_seed0_grb_direct-gurobi_kl0.0960365_conic_ndw_rsc0.303571_conic.json
