
Cluster assignments:
Cluster 0 (represented by Day 25): [ 1 12 17 21 25 26 27 28]... (total 8 days)
Cluster 1 (represented by Day 4): [ 2  3  4  5  6  7  8  9 10 11]... (total 23 days)
[reserve] pi_res = 56 EUR/MW.h (daily mean of fcrn_dk2_56 hourly prices), 1h blocks
[reserve] c_min_G = 0.15 (electrolyzer min load / els_cap); literature 0.1-0.16 -> OK
[reserve] c_sb_G = 0.01 (electrolyzer standby draw / els_cap); literature 0.025-0.05 -> OUT OF RANGE
✓ spring  :  92 days | Mean: 1 MWh | RMSE range: 0.0-0.2 MWh
✓ summer  :  92 days | Mean: 1 MWh | RMSE range: 0.0-0.3 MWh
✓ fall    :  91 days | Mean: 1 MWh | RMSE range: 0.0-0.2 MWh
✓ winter  :  90 days | Mean: 1 MWh | RMSE range: 0.0-0.1 MWh

=== 6p_reserve_peak_day1_S20_seed0_grb_direct-gurobi_kl0.0960365_conic_ndw_rsc0.303571_conic: n=6, |T|=24, |Omega|=20 ===

[1] extensive form (DP_N^Omega)
  (read from ieee_owen\weak_eps_experiment\stochastic\main17_xi\ef_cache\n6_S20_day1.pkl)
  obj 250.620006  status optimal  gap 3.11e-04  5.2s  vars 26084
  KL r=0.0960365: worst case 250.620006 vs expected 203.058797; 1 MILP solve(s); rho* 0.084 0.036 0.047 0.020 0.025 0.019 0.026 0.052 0.059 0.034 0.053 0.073 0.080 0.061 0.068 0.033 0.034 0.041 0.098 0.056 (KL 0.0960)
    round 1: MIPGap 1e-04  5.1s  690 nodes  psi-bound 3.11e-04  psi-incumbent 2.80e-04

[2] column generation (DWR_N^Omega)
  seed columns: largest carrier-row residual 7.77e-16 (repaired)
  CG    2 | RMP     -370.7363 | LB     -203.3717 | UB           inf | a 1.00 std      | min rc  0.0000e+00 | +0  [round] | lp 0.55s solver 0.55s 77 it 9919 cols 27568 nz
  -- penalty round 1: eps 0.2 delta 0.2 RMP -370.7363 LB -203.3717 UB 250.6200 gap 1.80e+00 [round] 1s
  CG   25 | RMP      203.4302 | LB      195.5122 | UB      250.6200 | a 0.10 smooth   | min rc -1.2673e+01 | +16 | lp 0.79s solver 0.79s 51 it 10796 cols 94787 nz
  CG   28 | RMP      201.8922 | LB      203.3507 | UB      250.6200 | a 1.00 std      | min rc  0.0000e+00 | +0  [round] | lp 1.05s solver 1.05s 58 it 10909 cols 103212 nz
  -- penalty round 2: eps 0.05 delta 0.05 RMP 201.8922 LB 203.3507 UB 250.6200 gap 1.88e-01 [round] 25s
  CG   50 | RMP      241.4322 | LB      236.9263 | UB      250.6200 | a 0.10 smooth   | min rc -5.5255e+00 | +17 | lp 0.64s solver 0.64s 41 it 11692 cols 158557 nz
  CG   62 | RMP      240.4235 | LB      240.0552 | UB      250.6200 | a 1.00 std      | min rc  0.0000e+00 | +0  [round] | lp 2.24s solver 2.24s 87 it 12004 cols 181980 nz
  -- penalty round 3: eps 0.0125 delta 0.0125 RMP 240.4235 LB 240.0552 UB 250.6200 gap 4.20e-02 [round] 66s
  CG   75 | RMP      243.9698 | LB      241.6092 | UB      250.6200 | a 0.10 smooth   | min rc -2.4237e+00 | +13 | lp 2.46s solver 2.46s 79 it 12402 cols 211985 nz
  CG  100 | RMP      243.4458 | LB      243.0086 | UB      250.6200 | a 0.10 smooth   | min rc -9.0979e-01 | +3 | lp 2.54s solver 2.54s 68 it 13133 cols 266924 nz
  CG  101 | RMP      243.4262 | LB      243.0086 | UB      250.6200 | a 1.00 std      | min rc  0.0000e+00 | +0  [target] | lp 2.99s solver 2.99s 67 it 13153 cols 268537 nz
  -- penalty round 4: eps 0.00313 delta 0.00313 RMP 243.4262 LB 243.0086 UB 250.6200 gap 3.02e-02 [target] 165s
  obj 250.620007  LB 243.008613  gap 3.02e-02  iters 101  166.5s  rounds 4  status target
  KL r=0.0960365: 0 distribution cuts (rho_hat included); rho* 0.087 0.035 0.049 0.021 0.025 0.020 0.027 0.052 0.059 0.034 0.048 0.070 0.079 0.061 0.065 0.034 0.035 0.039 0.101 0.059 (KL 0.0960)
  time: master LP 143.3s  pricing 18.2s (9797 MILPs, 8 worker(s))

[3] robust Owen allocation
  omega_LR,rob 7.595127  eps_LR 1.265854  certified [-0.078040, 7.611393]
  EF slack 0.0780 = 1% of the reported omega
  checks: budget 2.84e-14  duality -1.63e-02  pricing 0.00e+00
   player         Owen        E[x*]        alone       chi^LR
       u1    1316.3658    1315.1000          nan          nan
       u2      27.2178      25.9519          nan          nan
       u3     525.5082     524.2423          nan          nan
       u4    -693.7488    -695.0147          nan          nan
       u5    -393.9881    -395.2540          nan          nan
       u6   -1024.3797   -1025.6455          nan          nan

wrote ieee_owen\weak_eps_experiment\stochastic\bench17_xi\6p_reserve_peak_day1_S20_seed0_grb_direct-gurobi_kl0.0960365_conic_ndw_rsc0.303571_conic.json
