
Cluster assignments:
Cluster 0 (represented by Day 25): [ 1 12 17 21 25 26 27 28]... (total 8 days)
Cluster 1 (represented by Day 4): [ 2  3  4  5  6  7  8  9 10 11]... (total 23 days)
[reserve] pi_res = 56 EUR/MW.h (daily mean of fcrn_dk2_56 hourly prices), 1h blocks
[reserve] c_min_G = 0.15 (electrolyzer min load / els_cap); literature 0.1-0.16 -> OK
[reserve] c_sb_G = 0.01 (electrolyzer standby draw / els_cap); literature 0.025-0.05 -> OUT OF RANGE
✓ spring  :  92 days | Mean: 1 MWh | RMSE range: 0.0-0.2 MWh
✓ summer  :  92 days | Mean: 1 MWh | RMSE range: 0.0-0.3 MWh
✓ fall    :  91 days | Mean: 1 MWh | RMSE range: 0.0-0.2 MWh
✓ winter  :  90 days | Mean: 1 MWh | RMSE range: 0.0-0.1 MWh

=== 60p_reserve_peak_day3_S10_seed0_grb_direct-gurobi_kl0.5_ndw_rsc0.303571_sbar_tune_sens_S10: n=60, |T|=24, |Omega|=10 ===

[1] extensive form (DP_N^Omega)
  (read from ieee_owen/weak_eps_experiment/stochastic/kl_sens17/ef_cache/S10_day3.pkl)
  obj -17312.627915  status optimal  gap 6.95e-05  2833.7s  vars 172354
  KL r=0.5: worst case -17312.627915 vs expected -18215.385262; 4 MILP solve(s); rho* 0.049 0.313 0.074 0.018 0.326 0.074 0.060 0.041 0.025 0.019 (KL 0.5000)
    round 1: MIPGap 1e-03  226.0s  246 nodes  psi-bound 1.00e-03  psi-incumbent 2.65e-04
    round 2: MIPGap 1e-03  82.4s  1 nodes  psi-bound 7.97e-04  psi-incumbent 6.49e-08
    round 3: MIPGap 1e-04  1345.1s  4211 nodes  psi-bound 1.11e-04  psi-incumbent 1.50e-05
    round 4: MIPGap 1e-04  1179.4s  5594 nodes  psi-bound 6.95e-05  psi-incumbent 2.27e-07

[2] column generation (DWR_N^Omega)
Set parameter WLSAccessID
Set parameter WLSSecret
Set parameter LicenseID to value 926906
Academic license 926906 - for non-commercial use only - registered to se___@postech.ac.kr
  seed columns: largest carrier-row residual 2.40e-11 (repaired)
  CG   25 | RMP   -18080.2292 | LB   -18091.5815 | UB           inf | a 1.00 std      | min rc  0.0000e+00 | +0  [round] | lp 0.17s solver 0.16s 1195 it 9047 cols 235800 nz
  -- penalty round 1: eps 0.2 delta 0.2 RMP -18080.2292 LB -18091.5815 UB -17312.6279 gap 4.50e-02 [round] 34s
  CG   50 | RMP   -17323.6957 | LB   -17387.0097 | UB   -17312.6279 | a 0.10 smooth   | min rc -7.4342e+00 | +82 | lp 0.61s solver 0.59s 1966 it 11975 cols 425617 nz
  CG   74 | RMP   -17325.3311 | LB   -17325.2451 | UB   -17312.6279 | a 1.00 std      | min rc  0.0000e+00 | +0  [round] | lp 0.82s solver 0.80s 2475 it 13081 cols 552590 nz
  -- penalty round 2: eps 0.05 delta 0.05 RMP -17325.3311 LB -17325.2451 UB -17312.6279 gap 7.29e-04 [round] 172s
  CG   75 | RMP   -17313.5756 | LB   -17325.1833 | UB   -17312.6279 | a 0.10 smooth   | min rc -2.5941e+00 | +96 +1cut | lp 4.18s solver 4.16s 12353 it 13081 cols 552590 nz
  CG  100 | RMP   -17314.6871 | LB   -17315.3110 | UB   -17312.6279 | a 0.10 smooth   | min rc -1.3102e-01 | +23 | lp 1.51s solver 1.48s 3772 it 15057 cols 758854 nz
  CG  110 | RMP   -17314.7884 | LB   -17314.7845 | UB   -17312.6279 | a 1.00 std      | min rc  0.0000e+00 | +0  [round] | lp 0.51s solver 0.48s 1225 it 15348 cols 775246 nz
  -- penalty round 3: eps 0.0125 delta 0.0125 RMP -17314.7884 LB -17314.7845 UB -17312.6279 gap 1.25e-04 [round] 296s
  CG  125 | RMP   -17314.2398 | LB   -17314.2926 | UB   -17312.6279 | a 0.10 smooth   | min rc -1.9368e-02 | +2 | lp 0.39s solver 0.36s 832 it 15634 cols 841182 nz
  CG  131 | RMP   -17314.2403 | LB   -17314.2696 | UB   -17312.6279 | a 1.00 std      | min rc  0.0000e+00 | +0  [round] | lp 0.54s solver 0.51s 1151 it 15584 cols 837341 nz
  -- penalty round 4: eps 0.00313 delta 0.00313 RMP -17314.2403 LB -17314.2696 UB -17312.6279 gap 9.48e-05 [round] 377s
  CG  150 | RMP   -17314.1511 | LB   -17314.2213 | UB   -17312.6279 | a 0.10 misprice | min rc -7.6931e-02 | +87 | lp 0.98s solver 0.95s 1914 it 16591 cols 954016 nz
    [stall barrier] LB -17314.2213 -> -17314.1336  (RMP -17314.1515)  +6
  CG  162 | RMP   -17314.1515 | LB   -17314.1336 | UB   -17312.6279 | a 1.00 std      | min rc  0.0000e+00 | +0  [round] | lp 11.44s solver 11.40s 19695 it 17064 cols 986759 nz
  -- penalty round 5: eps 0.000781 delta 0.000781 RMP -17314.1515 LB -17314.1336 UB -17312.6279 gap 8.70e-05 [round] 544s
  CG  164 | RMP   -17314.1289 | LB   -17314.1336 | UB   -17312.6279 | a 1.00 std      | min rc  0.0000e+00 | +0  [round] | lp 3.03s solver 2.99s 5645 it 17154 cols 1007101 nz
  -- penalty round 6: eps 0.000195 delta 0.000195 RMP -17314.1289 LB -17314.1336 UB -17312.6279 gap 8.70e-05 [round] 574s
  CG  165 | RMP   -17314.1269 | LB   -17314.1336 | UB   -17314.1257 | a 1.00 std      | min rc  0.0000e+00 | +0  [done] | lp 1.79s solver 1.76s 3648 it 17154 cols 1007101 nz
  -- penalty round 7: eps 0 delta 0 RMP -17314.1269 LB -17314.1336 UB -17314.1257 gap 4.56e-07 [done] 576s
  obj -17314.125728  LB -17314.133627  gap 4.56e-07  iters 165  576.2s  rounds 7  status optimal
  KL r=0.5: 27 distribution cuts (rho_hat included); rho* 0.049 0.311 0.075 0.018 0.328 0.073 0.061 0.041 0.025 0.019 (KL 0.5000)
  time: master LP 184.3s  pricing 380.4s (85116 MILPs, 16 worker(s))

[3] robust Owen allocation
  omega_LR,rob 1.505563  eps_LR 0.025093  certified [0.295124, 1.505712]
  EF slack 1.2027 = 80% of the reported omega  (> 10%: use --table for a table run)
  checks: budget 0.00e+00  duality -1.49e-04  pricing 0.00e+00

[4] stand-alone values val(DP_{j}^Omega)
   player         Owen        E[x*]        alone       chi^LR
       u1    1044.0408    1044.0158     689.1467     354.8690
       u2      34.2017      34.1766      -0.0000      34.1766
       u3     598.7616     598.7365     254.4037     344.3328
       u4     100.8043     100.7792      81.5643      19.2149
       u5     227.5122     227.4871     104.4348     123.0524
       u6      92.2567      92.2316      34.6672      57.5643
       u7     447.7418     447.7167     294.6741     153.0427
       u8      43.6452      43.6201      -0.0000      43.6201
       u9     602.5221     602.4970     254.4037     348.0933
      u10     565.6656     565.6405     403.6230     162.0175
      u11     103.3187     103.2936      89.4595      13.8341
      u12      47.5925      47.5674      11.6949      35.8725
      u13     144.4459     144.4208      28.6864     115.7344
      u14     450.2615     450.2364     396.2721      53.9643
      u15     394.5452     394.5201     313.2419      81.2782
      u16     752.5777     752.5526     466.2256     286.3270
      u17     447.7500     447.7250     244.3866     203.3383
      u18      60.2884      60.2634      -0.0000      60.2634
      u19       0.5210       0.4959      -0.0000       0.4959
      u20     602.5221     602.4970     254.4037     348.0933
      u21     189.5729     189.5478     147.3228      42.2250
      u22     154.9781     154.9530     134.1893      20.7637
      u23    -282.0180    -282.0431    -351.4420      69.3989
      u24    -208.3756    -208.4007    -246.7866      38.3860
      u25    -401.0888    -401.1139    -455.6351      54.5212
      u26     102.3285     102.3034     -28.1172     130.4206
      u27     -46.6251     -46.6502    -104.5488      57.8986
      u28    -116.4742    -116.4993    -190.2380      73.7386
      u29    -199.7267    -199.7518    -263.2464      63.4946
      u30    -208.0659    -208.0910    -241.7753      33.6843
      u31    1211.5215    1211.4964     784.4327     427.0637
      u32      67.8824      67.8573      -0.0000      67.8573
      u33     419.1331     419.1081     178.0826     241.0255
      u34     119.3545     119.3294      99.6999      19.6295
      u35     149.5513     149.5262      33.3421     116.1842
      u36     184.7865     184.7614     123.9329      60.8286
      u37     375.4105     375.3854     269.8615     105.5239
      u38      35.4156      35.3905      -0.0000      35.3905
      u39     782.1506     782.1255     330.7248     451.4007
      u40     834.3627     834.3376     638.5701     195.7676
      u41     614.5780     614.5529     468.9571     145.5958
      u42     182.9078     182.8827     133.2156      49.6671
      u43     133.3324     133.3073      18.5519     114.7553
      u44     782.4735     782.4484     621.5650     160.8834
      u45      44.8549      44.8298     -31.2136      76.0433
      u46    1317.0110    1316.9859     815.8947     501.0911
      u47     206.6539     206.6288     112.7938      93.8350
      u48      18.9564      18.9313      -0.0000      18.9313
      u49      59.4622      59.4371      -0.0000      59.4371
      u50     542.6459     542.6208     228.9633     313.6575
      u51     378.8654     378.8403     266.2226     112.6178
      u52     461.2572     461.2321     396.0681      65.1640
      u53     488.6026     488.5775     298.4349     190.1426
      u54     372.3573     372.3322     301.1158      71.2164
      u55     224.0831     224.0580     146.8875      77.1705
      u56     505.8434     505.8183     265.5955     240.2229
      u57     214.9633     214.9382      92.9914     121.9468
      u58     317.1930     317.1679     181.5711     135.5968
      u59     313.9092     313.8841     186.8701     127.0140
      u60     209.1338     209.1087     147.4213      61.6875

wrote ieee_owen\weak_eps_experiment\stochastic\kl_sens17\60p_reserve_peak_day3_S10_seed0_grb_direct-gurobi_kl0.5_ndw_rsc0.303571_sbar_tune_sens_S10.json
