
Cluster assignments:
Cluster 0 (represented by Day 25): [ 1 12 17 21 25 26 27 28]... (total 8 days)
Cluster 1 (represented by Day 4): [ 2  3  4  5  6  7  8  9 10 11]... (total 23 days)
[reserve] pi_res = 56 EUR/MW.h (daily mean of fcrn_dk2_56 hourly prices), 1h blocks
[reserve] c_min_G = 0.15 (electrolyzer min load / els_cap); literature 0.1-0.16 -> OK
[reserve] c_sb_G = 0.01 (electrolyzer standby draw / els_cap); literature 0.025-0.05 -> OUT OF RANGE
✓ spring  :  92 days | Mean: 1 MWh | RMSE range: 0.0-0.2 MWh
✓ summer  :  92 days | Mean: 1 MWh | RMSE range: 0.0-0.3 MWh
✓ fall    :  91 days | Mean: 1 MWh | RMSE range: 0.0-0.2 MWh
✓ winter  :  90 days | Mean: 1 MWh | RMSE range: 0.0-0.1 MWh

=== 15p_reserve_peak_day3_S20_seed0_grb_direct-gurobi_kl0.5_ndw_rsc0.303571: n=15, |T|=24, |Omega|=20 ===

[1] extensive form (DP_N^Omega)
Set parameter WLSAccessID
Set parameter WLSSecret
Set parameter LicenseID to value 926906
Academic license 926906 - for non-commercial use only - registered to se___@postech.ac.kr
  obj -4365.856489  status optimal  gap 2.55e-09  1842.3s  vars 89684
  KL r=0.5: worst case -4365.856489 vs expected -4581.377221; 3 MILP solve(s); rho* 0.026 0.191 0.042 0.005 0.187 0.090 0.030 0.017 0.011 0.008 0.027 0.037 0.016 0.145 0.007 0.013 0.016 0.045 0.054 0.033 (KL 0.5000)
    round 1: MIPGap 1e-03  716.7s  2831 nodes  psi-bound 1.19e-03  psi-incumbent 2.41e-04
    round 2: MIPGap 1e-03  691.9s  3494 nodes  psi-bound 9.93e-04  psi-incumbent 1.37e-08
    round 3: MIPGap 1e-04  433.4s  5786 nodes  psi-bound 2.55e-09  psi-incumbent 2.55e-09
