
Cluster assignments:
Cluster 0 (represented by Day 25): [ 1 12 17 21 25 26 27 28]... (total 8 days)
Cluster 1 (represented by Day 4): [ 2  3  4  5  6  7  8  9 10 11]... (total 23 days)
[reserve] pi_res = 56 EUR/MW.h (daily mean of fcrn_dk2_56 hourly prices), 1h blocks
[reserve] c_min_G = 0.15 (electrolyzer min load / els_cap); literature 0.1-0.16 -> OK
[reserve] c_sb_G = 0.01 (electrolyzer standby draw / els_cap); literature 0.025-0.05 -> OUT OF RANGE
✓ spring  :  92 days | Mean: 1 MWh | RMSE range: 0.0-0.2 MWh
✓ summer  :  92 days | Mean: 1 MWh | RMSE range: 0.0-0.3 MWh
✓ fall    :  91 days | Mean: 1 MWh | RMSE range: 0.0-0.2 MWh
✓ winter  :  90 days | Mean: 1 MWh | RMSE range: 0.0-0.1 MWh

=== 30p_reserve_peak_day3_S20_seed0_grb_direct-gurobi_kl0.5_ndw_rsc0.303571: n=30, |T|=24, |Omega|=20 ===

[1] extensive form (DP_N^Omega)
Set parameter WLSAccessID
Set parameter WLSSecret
Set parameter LicenseID to value 926906
Academic license 926906 - for non-commercial use only - registered to se___@postech.ac.kr
  obj -5517.496880  status optimal  gap 8.91e-05  2194.2s  vars 172124
  KL r=0.5: worst case -5517.496880 vs expected -5842.711983; 3 MILP solve(s); rho* 0.034 0.172 0.045 0.008 0.230 0.052 0.023 0.021 0.011 0.012 0.033 0.025 0.015 0.147 0.006 0.021 0.025 0.031 0.052 0.037 (KL 0.5000)
    round 1: MIPGap 1e-03  619.6s  1496 nodes  psi-bound 9.93e-04  psi-incumbent 1.58e-04
    round 2: MIPGap 1e-03  229.9s  37 nodes  psi-bound 9.64e-04  psi-incumbent 6.90e-07
    round 3: MIPGap 1e-04  1344.3s  4159 nodes  psi-bound 8.91e-05  psi-incumbent 1.52e-07
