
Cluster assignments:
Cluster 0 (represented by Day 25): [ 1 12 17 21 25 26 27 28]... (total 8 days)
Cluster 1 (represented by Day 4): [ 2  3  4  5  6  7  8  9 10 11]... (total 23 days)
[reserve] pi_res = 56 EUR/MW.h (daily mean of fcrn_dk2_56 hourly prices), 1h blocks
[reserve] c_min_G = 0.15 (electrolyzer min load / els_cap); literature 0.1-0.16 -> OK
[reserve] c_sb_G = 0.01 (electrolyzer standby draw / els_cap); literature 0.025-0.05 -> OUT OF RANGE
✓ spring  :  92 days | Mean: 1 MWh | RMSE range: 0.0-0.2 MWh
✓ summer  :  92 days | Mean: 1 MWh | RMSE range: 0.0-0.3 MWh
✓ fall    :  91 days | Mean: 1 MWh | RMSE range: 0.0-0.2 MWh
✓ winter  :  90 days | Mean: 1 MWh | RMSE range: 0.0-0.1 MWh

=== 60p_reserve_peak_day3_S20_seed0_grb_direct-gurobi_kl1_ndw_rsc0.303571: n=60, |T|=24, |Omega|=20 ===

[1] extensive form (DP_N^Omega)
Set parameter WLSAccessID
Set parameter WLSSecret
Set parameter LicenseID to value 926906
Academic license 926906 - for non-commercial use only - registered to se___@postech.ac.kr
  obj -17078.196306  status timelimit  gap 3.93e-04  4241.9s  vars 343244
  KL r=1: worst case -17078.196306 vs expected -18257.414302; 3 MILP solve(s); rho* 0.012 0.258 0.025 0.002 0.282 0.027 0.019 0.010 0.004 0.003 0.014 0.017 0.005 0.221 0.001 0.012 0.013 0.012 0.045 0.018 (KL 1.0000)
    round 1: MIPGap 1e-03  599.4s  405 nodes  psi-bound 1.04e-03  psi-incumbent 1.40e-04
    round 2: MIPGap 1e-03  40.6s  1 nodes  psi-bound 9.68e-04  psi-incumbent 2.10e-07
    round 3: MIPGap 1e-04  3600.8s  2759 nodes  psi-bound 3.93e-04  psi-incumbent 1.92e-05
