
Cluster assignments:
Cluster 0 (represented by Day 25): [ 1 12 17 21 25 26 27 28]... (total 8 days)
Cluster 1 (represented by Day 4): [ 2  3  4  5  6  7  8  9 10 11]... (total 23 days)
[reserve] pi_res = 56 EUR/MW.h (daily mean of fcrn_dk2_56 hourly prices), 1h blocks
[reserve] c_min_G = 0.15 (electrolyzer min load / els_cap); literature 0.1-0.16 -> OK
[reserve] c_sb_G = 0.01 (electrolyzer standby draw / els_cap); literature 0.025-0.05 -> OUT OF RANGE
✓ spring  :  92 days | Mean: 1 MWh | RMSE range: 0.0-0.2 MWh
✓ summer  :  92 days | Mean: 1 MWh | RMSE range: 0.0-0.3 MWh
✓ fall    :  91 days | Mean: 1 MWh | RMSE range: 0.0-0.2 MWh
✓ winter  :  90 days | Mean: 1 MWh | RMSE range: 0.0-0.1 MWh

=== 60p_reserve_peak_day3_S5_seed0_grb_direct-gurobi_kl0.5_ndw_rsc0.303571: n=60, |T|=24, |Omega|=5 ===

[1] extensive form (DP_N^Omega)
Set parameter WLSAccessID
Set parameter WLSSecret
Set parameter LicenseID to value 926906
Academic license 926906 - for non-commercial use only - registered to se___@postech.ac.kr
  obj -16937.095851  status optimal  gap 8.42e-05  1287.0s  vars 86909
  KL r=0.5: worst case -16937.095851 vs expected -17831.262704; 4 MILP solve(s); rho* 0.043 0.424 0.076 0.012 0.444 (KL 0.5000)
    round 1: MIPGap 1e-03  65.1s  316 nodes  psi-bound 6.84e-04  psi-incumbent 1.06e-04
    round 2: MIPGap 1e-03  18.4s  1 nodes  psi-bound 5.84e-04  psi-incumbent -1.07e-15
    round 3: MIPGap 1e-04  622.0s  12457 nodes  psi-bound 1.05e-04  psi-incumbent 5.33e-06
    round 4: MIPGap 1e-04  580.9s  10309 nodes  psi-bound 8.42e-05  psi-incumbent 5.23e-07
