
Cluster assignments:
Cluster 0 (represented by Day 25): [ 1 12 17 21 25 26 27 28]... (total 8 days)
Cluster 1 (represented by Day 4): [ 2  3  4  5  6  7  8  9 10 11]... (total 23 days)
[reserve] pi_res = 56 EUR/MW.h (daily mean of fcrn_dk2_56 hourly prices), 1h blocks
[reserve] c_min_G = 0.15 (electrolyzer min load / els_cap); literature 0.1-0.16 -> OK
[reserve] c_sb_G = 0.01 (electrolyzer standby draw / els_cap); literature 0.025-0.05 -> OUT OF RANGE
✓ spring  :  92 days | Mean: 1 MWh | RMSE range: 0.0-0.2 MWh
✓ summer  :  92 days | Mean: 1 MWh | RMSE range: 0.0-0.3 MWh
✓ fall    :  91 days | Mean: 1 MWh | RMSE range: 0.0-0.2 MWh
✓ winter  :  90 days | Mean: 1 MWh | RMSE range: 0.0-0.1 MWh

=== 6p_reserve_peak_day1_S20_seed0_grb_direct-gurobi_kl0.0960365_dual_ndw_rsc0.303571_main: n=6, |T|=24, |Omega|=20 ===

[1] extensive form (DP_N^Omega)
Set parameter Username
Set parameter LicenseID to value 2742039
Academic license - for non-commercial use only - expires 2026-11-20
Set parameter OutputFlag to value 1
Set parameter LogToConsole to value 0
  obj -2068.692326  status optimal  gap 7.83e-07  14.2s  vars 26084
  KL r=0.0960365: worst case -2068.692326 vs expected -2132.732035; 3 MILP solve(s); rho* 0.052 0.093 0.060 0.018 0.100 0.082 0.045 0.038 0.040 0.026 0.039 0.045 0.045 0.088 0.025 0.029 0.037 0.047 0.048 0.044 (KL 0.0960)
    round 1: MIPGap 1e-03  5.7s  381 nodes  psi-bound 1.23e-03  psi-incumbent 4.56e-04
    round 2: MIPGap 1e-03  4.0s  42 nodes  psi-bound 7.48e-04  psi-incumbent 1.63e-07
    round 3: MIPGap 1e-04  4.4s  84 nodes  psi-bound 7.83e-07  psi-incumbent 6.59e-16

[2] column generation (DWR_N^Omega)
  seed columns: largest carrier-row residual 1.67e-16 (repaired)
  CG    2 | RMP    -2687.9942 | LB    -2605.8119 | UB           inf | a 1.00 std      | min rc  0.0000e+00 | +0  [round] | lp 0.06s solver 0.05s 1753 it 9916 cols 31297 nz
  -- penalty round 1: eps 0.2 delta 0.2 RMP -2687.9942 LB -2605.8119 UB -2068.6923 gap 2.60e-01 [round] 0s
  CG   25 | RMP    -2126.9609 | LB    -2137.5630 | UB    -2068.6923 | a 0.10 smooth   | min rc -2.5645e+01 | +21 | lp 0.23s solver 0.22s 1993 it 10786 cols 94169 nz
  CG   28 | RMP    -2129.1119 | LB    -2128.6247 | UB    -2068.6923 | a 1.00 std      | min rc  0.0000e+00 | +0  [round] | lp 0.23s solver 0.22s 1917 it 10908 cols 102778 nz
  -- penalty round 2: eps 0.05 delta 0.05 RMP -2129.1119 LB -2128.6247 UB -2068.6923 gap 2.90e-02 [round] 9s
  CG   50 | RMP    -2083.9646 | LB    -2091.3882 | UB    -2068.6923 | a 0.10 smooth   | min rc -1.0418e+01 | +20 | lp 0.47s solver 0.46s 2789 it 11452 cols 138147 nz
  CG   64 | RMP    -2086.9746 | LB    -2087.1708 | UB    -2068.6923 | a 1.00 std      | min rc  0.0000e+00 | +0  [round] | lp 0.29s solver 0.28s 1232 it 11604 cols 150677 nz
  -- penalty round 3: eps 0.0125 delta 0.0125 RMP -2086.9746 LB -2087.1708 UB -2068.6923 gap 8.93e-03 [round] 33s
  CG   75 | RMP    -2082.2244 | LB    -2085.4257 | UB    -2068.6923 | a 0.10 smooth   | min rc -3.4776e+00 | +13 | lp 0.51s solver 0.49s 1580 it 11796 cols 164781 nz
  CG  100 | RMP    -2082.8183 | LB    -2083.4349 | UB    -2068.6923 | a 0.10 smooth   | min rc -1.5325e+00 | +12 | lp 0.47s solver 0.46s 1437 it 12145 cols 188875 nz
  CG  112 | RMP    -2082.9749 | LB    -2083.2330 | UB    -2068.6923 | a 1.00 std      | min rc  0.0000e+00 | +0  [round] | lp 0.30s solver 0.29s 931 it 12155 cols 191137 nz
  -- penalty round 4: eps 0.00313 delta 0.00313 RMP -2082.9749 LB -2083.2330 UB -2068.6923 gap 7.03e-03 [round] 66s
  CG  125 | RMP    -2082.5276 | LB    -2082.9853 | UB    -2068.6923 | a 0.10 smooth   | min rc -3.9884e-01 | +10 | lp 0.51s solver 0.50s 1575 it 12371 cols 208204 nz
  CG  137 | RMP    -2082.5850 | LB    -2082.8237 | UB    -2068.6923 | a 1.00 std      | min rc  0.0000e+00 | +0  [round] | lp 0.31s solver 0.29s 1258 it 12563 cols 222439 nz
  -- penalty round 5: eps 0.000781 delta 0.000781 RMP -2082.5850 LB -2082.8237 UB -2068.6923 gap 6.83e-03 [round] 86s
  CG  145 | RMP    -2082.5180 | LB    -2082.7640 | UB    -2068.6923 | a 1.00 std      | min rc  0.0000e+00 | +0  [round] | lp 0.30s solver 0.29s 1090 it 12542 cols 220174 nz
  -- penalty round 6: eps 0.000195 delta 0.000195 RMP -2082.5180 LB -2082.7640 UB -2068.6923 gap 6.80e-03 [round] 93s
  CG  146 | RMP    -2082.5080 | LB    -2082.7640 | UB    -2082.4994 | a 1.00 std      | min rc  0.0000e+00 | +0  [done] | lp 1.15s solver 1.13s 1281 it 12542 cols 220174 nz
  -- penalty round 7: eps 0 delta 0 RMP -2082.5080 LB -2082.7640 UB -2082.4994 gap 1.27e-04 [done] 94s
  obj -2082.499449  LB -2082.763964  gap 1.27e-04  iters 146  94.2s  rounds 7  status optimal
  KL r=0.0960365: 1000 tangent planes; rho* 0.052 0.093 0.058 0.017 0.101 0.081 0.048 0.038 0.040 0.026 0.039 0.046 0.046 0.086 0.024 0.027 0.039 0.047 0.049 0.044 (KL 0.0960)
  time: master LP 63.0s  pricing 28.0s (14039 MILPs, 8 worker(s))

[3] robust Owen allocation
  omega_LR,rob 14.060727  eps_LR 2.343454  certified [13.805503, 14.071638]
  EF slack 0.0016 = 0% of the reported omega
  checks: budget 0.00e+00  duality -1.09e-02  pricing 0.00e+00

[4] stand-alone values val(DP_{j}^Omega)
   player         Owen        E[x*]        alone       chi^LR
       u1    1312.6404    1310.2970     958.1096     352.1874
       u2      24.5965      22.2530      -0.0000      22.2530
       u3     517.7335     515.3900     263.6635     251.7266
       u4      10.4678       8.1244     -73.4099      81.5343
       u5      83.2766      80.9332      -0.0000      80.9332
       u6     134.0382     131.6947      -0.0000     131.6947

wrote ieee_owen\weak_eps_experiment\stochastic\main17\6p_reserve_peak_day1_S20_seed0_grb_direct-gurobi_kl0.0960365_dual_ndw_rsc0.303571_main.json
