
Gurobi 13.0.1 (win64) logging started Fri Oct  9 11:09:33 2026

Set parameter LogFile to value "ieee_owen\weak_eps_experiment\stochastic\main17_xi\logs\n15_S20_day26_ef_gurobi.log"
Set parameter NodefileStart to value 3
Set parameter MIPGap to value 0.0001
Gurobi Optimizer version 13.0.1 build v13.0.1rc0 (win64 - Windows 10.0 (19045.2))

CPU model: AMD Ryzen 9 5900X 12-Core Processor, instruction set [SSE2|AVX|AVX2]
Thread count: 12 physical cores, 24 logical processors, using up to 24 threads

Non-default parameters:
TimeLimit  1800
NodefileStart  3
LogToConsole  0

Optimize a model with 92686 rows, 89726 columns and 384875 nonzeros (Min)
Model fingerprint: 0xf58a1a06
Model has 22 linear objective coefficients
Variable types: 75446 continuous, 14280 integer (14280 binary)
Coefficient statistics:
  Matrix range     [3e-04, 2e+02]
  Objective range  [5e-02, 1e+00]
  Bounds range     [1e-02, 5e+01]
  RHS range        [8e-02, 2e+01]

Presolve removed 40269 rows and 29781 columns
Presolve time: 0.75s
Presolved: 52417 rows, 59945 columns, 205360 nonzeros
Variable types: 47264 continuous, 12681 integer (12680 binary)
Found heuristic solution: objective 3013.9112775
Deterministic concurrent LP optimizer: primal and dual simplex
Showing primal log only...


Root simplex log...

Iteration    Objective       Primal Inf.    Dual Inf.      Time
   22910    4.5464307e+03   0.000000e+00   4.113957e+06      5s
   38601    4.4034959e+03   0.000000e+00   4.126586e+04     10s
   50371    4.2701598e+03   0.000000e+00   4.297600e+04     15s
   61160    4.1665457e+03   0.000000e+00   3.363733e+05     20s
   71130    4.0897745e+03   0.000000e+00   6.295263e+04     25s
Concurrent spin time: 0.00s

Solved with dual simplex

Root simplex log...

Iteration    Objective       Primal Inf.    Dual Inf.      Time
  105695    2.4583817e+03   0.000000e+00   0.000000e+00     28s

Root relaxation: objective 2.458382e+03, 105695 iterations, 26.93 seconds (35.01 work units)

    Nodes    |    Current Node    |     Objective Bounds      |     Work
 Expl Unexpl |  Obj  Depth IntInf | Incumbent    BestBd   Gap | It/Node Time

     0     0 2458.38166    0  775 3013.91128 2458.38166  18.4%     -   28s
H    0     0                    2546.1622440 2458.38166  3.45%     -   31s
H    0     0                    2510.8125731 2458.38166  2.09%     -   33s
     0     0 2459.12001    0 1083 2510.81257 2459.12001  2.06%     -   36s
H    0     0                    2507.2269467 2459.12001  1.92%     -   38s
     0     0 2459.12001    0 1101 2507.22695 2459.12001  1.92%     -   38s
H    0     0                    2505.6440017 2459.12001  1.86%     -   39s
H    0     0                    2504.2415843 2459.12001  1.80%     -   39s
     0     0 2459.15921    0 1215 2504.24158 2459.15921  1.80%     -   39s
     0     0 2459.16484    0 1210 2504.24158 2459.16484  1.80%     -   40s
     0     0 2459.16569    0 1210 2504.24158 2459.16569  1.80%     -   40s
     0     0 2459.16569    0 1210 2504.24158 2459.16569  1.80%     -   40s
     0     0 2459.37185    0 1214 2504.24158 2459.37185  1.79%     -   43s
     0     0 2459.51629    0 1189 2504.24158 2459.51629  1.79%     -   46s
     0     0 2459.51629    0 1180 2504.24158 2459.51629  1.79%     -   47s
     0     0 2459.51629    0 1184 2504.24158 2459.51629  1.79%     -   47s
     0     0 2459.51629    0 1202 2504.24158 2459.51629  1.79%     -   47s
     0     0 2459.51629    0 1207 2504.24158 2459.51629  1.79%     -   48s
     0     0 2459.54051    0 1204 2504.24158 2459.54051  1.79%     -   48s
     0     0 2459.56427    0 1226 2504.24158 2459.56427  1.78%     -   48s
     0     0 2459.56988    0 1224 2504.24158 2459.56988  1.78%     -   48s
     0     0 2459.56988    0 1226 2504.24158 2459.56988  1.78%     -   48s
H    0     0                    2502.8439894 2459.56988  1.73%     -   50s
     0     0 2459.78506    0 1214 2502.84399 2459.78506  1.72%     -   51s
     0     0 2459.84859    0 1137 2502.84399 2459.84859  1.72%     -   52s
     0     0 2459.92370    0 1124 2502.84399 2459.92370  1.71%     -   52s
     0     0 2459.96722    0 1130 2502.84399 2459.96722  1.71%     -   53s
     0     0 2459.96743    0 1131 2502.84399 2459.96743  1.71%     -   53s
     0     0 2459.97698    0 1132 2502.84399 2459.97698  1.71%     -   53s
     0     0 2459.98938    0 1134 2502.84399 2459.98938  1.71%     -   56s
     0     0 2460.03237    0 1150 2502.84399 2460.03237  1.71%     -   57s
     0     0 2460.03817    0 1137 2502.84399 2460.03817  1.71%     -   57s
     0     0 2460.03817    0 1138 2502.84399 2460.03817  1.71%     -   57s
     0     0 2460.03985    0 1057 2502.84399 2460.03985  1.71%     -   58s
     0     0 2460.05450    0 1146 2502.84399 2460.05450  1.71%     -   59s
     0     0 2460.06030    0 1049 2502.84399 2460.06030  1.71%     -   59s
     0     0 2460.06372    0 1143 2502.84399 2460.06372  1.71%     -   60s
     0     0 2460.06372    0 1142 2502.84399 2460.06372  1.71%     -   60s
     0     0 2460.20337    0 1140 2502.84399 2460.20337  1.70%     -   60s
     0     0 2460.31998    0 1141 2502.84399 2460.31998  1.70%     -   65s
     0     0 2460.31998    0 1121 2502.84399 2460.31998  1.70%     -   65s
     0     0 2460.31998    0 1121 2502.84399 2460.31998  1.70%     -   66s
     0     0 2460.31998    0 1084 2502.84399 2460.31998  1.70%     -   66s
H    0     0                    2502.7692864 2460.31998  1.70%     -   67s
     0     2 2460.31998    0 1037 2502.76929 2460.31998  1.70%     -   68s
     3     8 2460.44654    2 1051 2502.76929 2460.31998  1.70%  1705   72s
    15    28 2470.45325    4  994 2502.76929 2460.92836  1.67%  4258   83s
H   16    28                    2502.7409933 2460.92836  1.67%  3992   83s
    27    48 2472.34016    5  874 2502.74099 2460.95961  1.67%  5218   87s
H   32    48                    2502.3330892 2460.95961  1.65%  4862   87s
    47    73 2472.94685    6  837 2502.33309 2460.95961  1.65%  4057   92s
    72    95 2473.70586    6  907 2502.33309 2460.95961  1.65%  3255   96s
H   78    95                    2502.3182872 2460.95961  1.65%  3113   96s
H   84    95                    2502.2924945 2460.95961  1.65%  3091   96s
H   89    95                    2500.8801984 2460.95961  1.60%  3018   96s
    94   109 2473.24140    7  876 2500.88020 2460.95961  1.60%  3010  101s
   108   126 2475.12495    7  832 2500.88020 2460.95961  1.60%  3116  108s
   125   141 2473.42705    8  721 2500.88020 2460.95961  1.60%  3261  112s
H  128   141                    2496.7239927 2460.95961  1.43%  3262  112s
   140   160 2475.92921    9  816 2496.72399 2460.95961  1.43%  3114  117s
H  147   160                    2496.6348021 2460.95961  1.43%  3055  117s
H  156   160                    2496.6102736 2460.95961  1.43%  3013  117s
   159   179 2475.78948    9  722 2496.61027 2460.95961  1.43%  3041  121s
   178   198 2475.99186   10  645 2496.61027 2460.95961  1.43%  2916  125s
   219   244 2476.44980   13  534 2496.61027 2460.95961  1.43%  2676  133s
H  245   256                    2487.6769614 2460.95961  1.07%  2583  138s
H  247   256                    2486.8991070 2460.95961  1.04%  2581  138s
H  257   260                    2484.7126177 2460.95961  0.96%  2566  148s
H  258   260                    2484.7098216 2460.95961  0.96%  2566  148s
H  259   260                    2483.8701809 2460.95961  0.92%  2557  148s
H  273   260                    2473.3697865 2461.22224  0.49%  2562  148s
   275   265     cutoff   16      2473.36979 2461.22224  0.49%  2549  152s
   318   287 2465.17492    7  824 2473.36979 2461.22224  0.49%  2343  155s
   368   340 2466.71552    9  655 2473.36979 2461.48584  0.48%  2293  163s
   407   377 2466.88357   10  566 2473.36979 2461.48584  0.48%  2182  167s
   446   420 2466.99815   10  739 2473.36979 2461.48584  0.48%  2100  170s
   547   529 2470.16402   11  449 2473.36979 2461.48584  0.48%  1886  179s
   622   600 2468.29009   12  588 2473.36979 2461.48584  0.48%  1743  182s
   699   687 2470.85132   17  675 2473.36979 2461.48584  0.48%  1611  186s
   891   774     cutoff   21      2473.36979 2461.80165  0.47%  1342  192s
  1139   982 2472.95134   28  214 2473.36979 2461.80165  0.47%  1097  202s
* 1176   749              94    2472.1338915 2461.80165  0.42%  1082  202s
* 1249   749             111    2470.9727211 2461.87572  0.37%  1031  202s
  1265   669     cutoff   28      2470.97272 2462.11329  0.36%  1024  211s
  1334   704 2468.20204    7  833 2470.97272 2462.29710  0.35%  1034  216s
  1406   738 2468.90890    8  742 2470.97272 2462.29710  0.35%  1014  220s
H 1498   738                    2470.8054568 2462.29710  0.34%   964  220s
  1514   678 2469.98401    9  704 2470.80546 2462.46930  0.34%   965  230s
H 1518   678                    2470.7515754 2462.46930  0.34%   979  230s
H 1519   678                    2470.7329711 2462.46930  0.33%   979  230s
H 1554   678                    2470.1942585 2462.46930  0.31%   968  230s
  1606   641 2470.17638   77    7 2470.19426 2462.46930  0.31%   959  242s
  1629   653 2470.17638   78    6 2470.19426 2462.46930  0.31%   960  250s
* 1635   653              84    2470.1763980 2462.46930  0.31%   956  250s
* 1638   653              84    2470.1763750 2462.46930  0.31%   955  250s
  1704   655     cutoff   84      2470.17638 2462.46930  0.31%   937  255s
  1749   653 2469.96094   12  747 2470.17638 2462.46930  0.31%   952  261s
  1793   655     cutoff   13      2470.17638 2462.46930  0.31%   963  266s
  1847   639     cutoff   14      2470.17638 2462.46930  0.31%   972  271s
  1890   646     cutoff   16      2470.17638 2463.46404  0.27%   980  279s
  1944   653 2464.50285    9  764 2470.17638 2463.61447  0.27%   992  291s
  1994   650 2465.74997   10  836 2470.17638 2463.61447  0.27%  1010  297s
  2023   645 2468.69226   10  708 2470.17638 2463.61447  0.27%  1028  304s
  2079   649 2467.83551   11  591 2470.17638 2463.61447  0.27%  1037  312s
  2145   645 2470.15016   12  544 2470.17638 2463.96667  0.25%  1047  326s
H 2146   645                    2470.1763719 2463.96667  0.25%  1046  326s
  2161   661 2469.58126   11  694 2470.17637 2464.28089  0.24%  1064  333s
  2205   662 2467.59624   13  692 2470.17637 2464.28089  0.24%  1075  341s
  2291   642 2469.69862   14  511 2470.17637 2464.28089  0.24%  1075  350s
  2378   655 2469.45479   12  823 2470.17637 2464.49562  0.23%  1079  358s
  2448   658     cutoff   15      2470.17637 2465.01762  0.21%  1084  367s
  2538   664 2465.87862    9  662 2470.17637 2465.01762  0.21%  1089  375s
  2632   694     cutoff   13      2470.17637 2465.01762  0.21%  1088  387s
  2818   640     cutoff   15      2470.17637 2465.25782  0.20%  1062  396s
  2929   649     cutoff   13      2470.17637 2465.34665  0.20%  1066  407s
  3026   664 2470.01757   14  556 2470.17637 2465.76858  0.18%  1077  417s
  3135   679     cutoff   19      2470.17637 2465.79195  0.18%  1077  426s
  3304   680 2469.14692   14  642 2470.17637 2466.07964  0.17%  1059  439s
* 3412   680              71    2470.1759349 2466.07964  0.17%  1039  439s
  3430   701 2469.56425   22  376 2470.17593 2466.07964  0.17%  1039  450s
  3573   692 2468.17082   11  696 2470.17593 2466.08820  0.17%  1033  461s
  3709   735     cutoff   12      2470.17593 2466.18739  0.16%  1035  473s
* 3818   700              79    2470.1741074 2466.18739  0.16%  1026  473s
  3902   703     cutoff   12      2470.17411 2466.18739  0.16%  1025  486s
  4047   692 2469.63363   12  449 2470.17411 2466.74505  0.14%  1028  501s
  4197   695     cutoff   13      2470.17411 2466.91231  0.13%  1032  516s
  4346   688     cutoff   16      2470.17411 2467.11314  0.12%  1038  538s
  4377   690     cutoff   16      2470.17411 2467.19763  0.12%  1041  550s
H 4378   652                    2470.1731436 2467.19763  0.12%  1041  550s
H 4382   643                    2470.1730888 2467.19763  0.12%  1041  550s
  4401   641 2469.45318   17  419 2470.17309 2467.24736  0.12%  1042  564s
  4602   618     cutoff   12      2470.17309 2467.49870  0.11%  1040  577s
  4794   571 2469.99978   15  521 2470.17309 2467.69249  0.10%  1040  593s
  5030   499     cutoff   13      2470.17309 2468.08297  0.08%  1035  607s
  5261   292     cutoff   13      2470.17309 2468.38879  0.07%  1031  621s
  5644    23 2469.61917   31  222 2470.17309 2468.73070  0.06%  1000  635s

Cutting planes:
  Gomory: 43
  Cover: 280
  Implied bound: 764
  MIR: 526
  Flow cover: 1695
  Flow path: 4
  Network: 84
  RLT: 7
  Relax-and-lift: 261
  BQP: 6

Explored 6083 nodes (5917970 simplex iterations) in 638.51 seconds (849.73 work units)
Thread count was 24 (of 24 available processors)

Solution count 10: 2470.17 2470.17 2470.17 ... 2470.75

Optimal solution found (tolerance 1.00e-04)
Best objective 2.470173088768e+03, best bound 2.470173088768e+03, gap 0.0000%
