
Gurobi 13.0.1 (win64) logging started Fri Oct  9 01:40:16 2026

Set parameter LogFile to value "ieee_owen\weak_eps_experiment\stochastic\main17_xi\logs\n15_S20_day20_ef_gurobi.log"
Set parameter NodefileStart to value 3
Set parameter MIPGap to value 0.0001
Gurobi Optimizer version 13.0.1 build v13.0.1rc0 (win64 - Windows 10.0 (19045.2))

CPU model: AMD Ryzen 9 5900X 12-Core Processor, instruction set [SSE2|AVX|AVX2]
Thread count: 12 physical cores, 24 logical processors, using up to 24 threads

Non-default parameters:
TimeLimit  1800
NodefileStart  3
LogToConsole  0

Optimize a model with 92686 rows, 89726 columns and 384875 nonzeros (Min)
Model fingerprint: 0x75cef2f7
Model has 22 linear objective coefficients
Variable types: 75446 continuous, 14280 integer (14280 binary)
Coefficient statistics:
  Matrix range     [3e-04, 2e+02]
  Objective range  [5e-02, 1e+00]
  Bounds range     [1e-02, 5e+01]
  RHS range        [8e-02, 2e+01]

Presolve removed 40279 rows and 29793 columns
Presolve time: 0.77s
Presolved: 52407 rows, 59933 columns, 205318 nonzeros
Variable types: 47254 continuous, 12679 integer (12678 binary)
Found heuristic solution: objective 2836.4994967
Deterministic concurrent LP optimizer: primal and dual simplex
Showing primal log only...


Root simplex log...

Iteration    Objective       Primal Inf.    Dual Inf.      Time
   21977    4.2757504e+03   0.000000e+00   3.298650e+04      5s
   36016    4.1464015e+03   0.000000e+00   1.847936e+05     10s
   46896    4.0703521e+03   0.000000e+00   1.144854e+05     15s
   57276    3.9960279e+03   0.000000e+00   1.673207e+05     20s
   66946    3.9403961e+03   0.000000e+00   6.261372e+04     25s
Concurrent spin time: 0.00s

Solved with dual simplex

Root simplex log...

Iteration    Objective       Primal Inf.    Dual Inf.      Time
  106572    2.2258982e+03   0.000000e+00   0.000000e+00     25s

Root relaxation: objective 2.225898e+03, 106572 iterations, 24.06 seconds (29.84 work units)

    Nodes    |    Current Node    |     Objective Bounds      |     Work
 Expl Unexpl |  Obj  Depth IntInf | Incumbent    BestBd   Gap | It/Node Time

     0     0 2225.89820    0  884 2836.49950 2225.89820  21.5%     -   26s
H    0     0                    2273.2051458 2225.89820  2.08%     -   28s
H    0     0                    2266.3520105 2225.89820  1.78%     -   29s
     0     0 2225.96796    0  888 2266.35201 2225.96796  1.78%     -   31s
H    0     0                    2266.0841121 2225.96796  1.77%     -   33s
     0     0 2225.96796    0  888 2266.08411 2225.96796  1.77%     -   33s
     0     0 2226.07826    0  945 2266.08411 2226.07826  1.77%     -   35s
     0     0 2226.10147    0  941 2266.08411 2226.10147  1.76%     -   35s
     0     0 2226.12715    0  922 2266.08411 2226.12715  1.76%     -   35s
     0     0 2226.12715    0  874 2266.08411 2226.12715  1.76%     -   35s
     0     0 2226.24192    0 1014 2266.08411 2226.24192  1.76%     -   36s
     0     0 2226.69848    0  960 2266.08411 2226.69848  1.74%     -   39s
     0     0 2226.69848    0  914 2266.08411 2226.69848  1.74%     -   40s
     0     0 2226.69848    0  937 2266.08411 2226.69848  1.74%     -   40s
     0     0 2226.69848    0  916 2266.08411 2226.69848  1.74%     -   40s
     0     0 2226.69848    0  910 2266.08411 2226.69848  1.74%     -   41s
     0     0 2226.69848    0  910 2266.08411 2226.69848  1.74%     -   41s
     0     0 2226.69848    0  910 2266.08411 2226.69848  1.74%     -   41s
     0     0 2226.73679    0  882 2266.08411 2226.73679  1.74%     -   42s
     0     0 2226.73679    0 1012 2266.08411 2226.73679  1.74%     -   42s
     0     0 2226.73679    0 1011 2266.08411 2226.73679  1.74%     -   42s
     0     0 2226.73679    0  829 2266.08411 2226.73679  1.74%     -   43s
     0     0 2226.73679    0  978 2266.08411 2226.73679  1.74%     -   44s
     0     0 2226.73679    0  979 2266.08411 2226.73679  1.74%     -   44s
     0     0 2226.73679    0 1019 2266.08411 2226.73679  1.74%     -   44s
H    0     0                    2265.5531273 2226.73679  1.71%     -   45s
     0     0 2228.62735    0 1021 2265.55313 2228.62735  1.63%     -   45s
     0     0 2228.62735    0 1020 2265.55313 2228.62735  1.63%     -   45s
     0     0 2228.62735    0  873 2265.55313 2228.62735  1.63%     -   45s
     0     0 2228.62735    0  897 2265.55313 2228.62735  1.63%     -   46s
     0     0 2228.63392    0  893 2265.55313 2228.63392  1.63%     -   46s
     0     0 2228.74775    0  893 2265.55313 2228.74775  1.62%     -   47s
     0     0 2228.74775    0  893 2265.55313 2228.74775  1.62%     -   47s
     0     0 2228.74775    0  716 2265.55313 2228.74775  1.62%     -   47s
     0     2 2228.74775    0  715 2265.55313 2228.74775  1.62%     -   48s
     1     4 2229.21521    1  899 2265.55313 2228.74775  1.62%  4122   50s
    15    28 2236.99016    4  643 2265.55313 2229.22098  1.60%  2879   59s
    27    44 2238.12129    5  504 2265.55313 2229.66873  1.58%  3238   62s
    43    73 2239.25068    6  647 2265.55313 2229.70304  1.58%  2753   67s
H   61    73                    2264.3891565 2229.70304  1.53%  2397   67s
    72   100 2243.53314    7  547 2264.38916 2229.70304  1.53%  2398   71s
   121   146 2241.48461    9  565 2264.38916 2229.70304  1.53%  2371   79s
   145   164 2243.48767    9  525 2264.38916 2229.70304  1.53%  2562   82s
   169   175 2241.52790   10  535 2264.38916 2229.70304  1.53%  2474   85s
H  172   175                    2249.5396729 2229.70304  0.88%  2460   85s
   204   209 2242.51227   11  565 2249.53967 2229.72653  0.88%  2361   91s
   216   224 2244.82572   12  442 2249.53967 2229.72653  0.88%  2326   95s
H  220   224                    2245.6303833 2229.72653  0.71%  2334   95s
   247   247 2245.03479   13  430 2245.63038 2229.72653  0.71%  2448  101s
   297   279 2234.78736    6  560 2245.63038 2229.72653  0.71%  2320  109s
   309   299 2231.37763    7  700 2245.63038 2229.72653  0.71%  2270  114s
   333   318 2234.81566    9  517 2245.63038 2229.72653  0.71%  2274  119s
   366   345 2236.33775   10  486 2245.63038 2229.72653  0.71%  2187  125s
   403   381 2236.59271   11  497 2245.63038 2229.72653  0.71%  2084  131s
   447   420 2237.88531   15  336 2245.63038 2229.72653  0.71%  1983  136s
   500   469 2238.41580   16  395 2245.63038 2229.72653  0.71%  1871  143s
   559   520 2240.45662   20  304 2245.63038 2229.72653  0.71%  1778  150s
   616   566 2243.85983   22  315 2245.63038 2229.72653  0.71%  1721  156s
   669   636 2241.42182   25  234 2245.63038 2229.72653  0.71%  1673  162s
H  741   709                    2242.5925558 2229.77478  0.57%  1582  167s
H  768   709                    2241.9410821 2229.77478  0.54%  1553  167s
   823   669     cutoff   28      2241.94108 2229.77478  0.54%  1484  173s
   892   674 2236.03463    8  705 2241.94108 2229.77478  0.54%  1461  178s
   932   680 2235.98717    8  790 2241.94108 2229.77478  0.54%  1470  182s
H  936   680                    2241.9376450 2229.77478  0.54%  1473  182s
   978   668 2236.19984    9  650 2241.93765 2230.56175  0.51%  1456  196s
H  982   668                    2241.9376437 2230.56175  0.51%  1456  196s
  1011   710 2240.04065   11  577 2241.93764 2230.56175  0.51%  1460  201s
  1103   696 2240.89411   11  611 2241.93764 2230.56175  0.51%  1396  206s
* 1157   696              83    2241.4357569 2230.56175  0.49%  1361  206s
  1198   647 2240.82200   12  457 2241.43576 2230.87124  0.47%  1343  212s
  1254   662 2235.57304   11  433 2241.43576 2230.99845  0.47%  1362  218s
  1305   647 2240.60249   14  465 2241.43576 2230.99845  0.47%  1362  223s
  1372   666 2237.88502    7  416 2241.43576 2231.02549  0.46%  1364  228s
  1434   695 2238.51334    9  407 2241.43576 2231.02549  0.46%  1369  236s
  1535   687 2240.59120   11  333 2241.43576 2231.20800  0.46%  1358  242s
  1623   681 2237.38865    9  361 2241.43576 2231.51564  0.44%  1353  249s
  1691   666     cutoff   12      2241.43576 2232.63740  0.39%  1364  256s
  1779   668     cutoff    9      2241.43576 2232.63740  0.39%  1365  263s
  1864   661 2239.72521    9  659 2241.43576 2232.69110  0.39%  1373  271s
  1878   689     cutoff   10      2241.43576 2232.69110  0.39%  1375  279s
  1966   673     cutoff   12      2241.43576 2232.69110  0.39%  1380  288s
  2074   676 2240.88349   13  442 2241.43576 2232.69110  0.39%  1381  296s
  2179   680     cutoff   15      2241.43576 2233.39628  0.36%  1379  305s
  2212   692     cutoff   10      2241.43576 2233.39628  0.36%  1375  312s
  2324   718 2240.47307   14  470 2241.43576 2233.39628  0.36%  1363  322s
  2446   744 2241.27897   11  454 2241.43576 2234.54568  0.31%  1352  330s
  2580   763 2238.81976   10  415 2241.43576 2234.54568  0.31%  1339  341s
  2723   767 2237.95763   12  443 2241.43576 2234.89353  0.29%  1331  351s
  2861   785 2238.01457   14  515 2241.43576 2235.06656  0.28%  1324  362s
  3035   786     cutoff   15      2241.43576 2235.43074  0.27%  1308  379s
  3058   788 2240.34020   15  323 2241.43576 2235.48073  0.27%  1308  396s
  3080   795 2240.91591   16  391 2241.43576 2235.48073  0.27%  1305  413s
  3097   794     cutoff   17      2241.43576 2235.48073  0.27%  1306  430s
  3122   796     cutoff   16      2241.43576 2235.48073  0.27%  1303  448s
  3143   798     cutoff   17      2241.43576 2235.50396  0.26%  1304  466s
  3165   804 2240.68595   10  469 2241.43576 2235.50396  0.26%  1303  484s
  3183   798 2241.17690   11  491 2241.43576 2235.50396  0.26%  1302  501s
  3221   805     cutoff   12      2241.43576 2235.54118  0.26%  1299  516s
  3251   810 2241.14518   12  325 2241.43576 2235.54118  0.26%  1296  533s
  3270   813     cutoff   13      2241.43576 2235.57426  0.26%  1295  549s
  3322   825 2240.54044   12  465 2241.43576 2235.57920  0.26%  1292  563s
  3418   836     cutoff   13      2241.43576 2235.57920  0.26%  1285  577s
  3533   878     cutoff   14      2241.43576 2235.68669  0.26%  1274  594s
H 3536   876                    2241.4351634 2235.68669  0.26%  1273  594s
  3733   866     cutoff   13      2241.43516 2235.68871  0.26%  1248  609s
  3962   888 2237.71712   11  547 2241.43516 2235.92054  0.25%  1240  625s
  4240   931 2240.37771   16  355 2241.43516 2236.11269  0.24%  1224  640s
  4533   958 2240.43996   14  427 2241.43516 2236.26072  0.23%  1204  657s
  4846   969     cutoff   13      2241.43516 2236.37817  0.23%  1187  676s
  5059   958 2240.63742   18  397 2241.43516 2236.51441  0.22%  1178  695s
  5354   966     cutoff   10      2241.43516 2236.71361  0.21%  1175  714s
  5721   961 2240.86773   20  293 2241.43516 2237.00355  0.20%  1157  734s
  6078   991     cutoff   12      2241.43516 2237.19314  0.19%  1142  754s
  6473  1004 2240.21057   11  418 2241.43516 2237.54930  0.17%  1126  776s
  6910  1020 2239.89590   13  372 2241.43516 2237.73203  0.17%  1108  797s
  7374   998     cutoff   14      2241.43516 2237.98337  0.15%  1087  819s
  7863   918     cutoff   11      2241.43516 2238.32224  0.14%  1069  842s
  8399   872 2240.92358   15  287 2241.43516 2238.89973  0.11%  1048  868s
  9152   723 2240.75955   13  304 2241.43516 2239.26073  0.10%  1007  894s
 10004   169 2241.34052   19  336 2241.43516 2239.78782  0.07%   965  916s
 11162     0     cutoff   29      2241.43516 2240.99167  0.02%   891  922s

Cutting planes:
  Gomory: 21
  Cover: 291
  Implied bound: 749
  MIR: 354
  Flow cover: 937
  Network: 22
  RLT: 22
  Relax-and-lift: 112
  BQP: 17
  PSD: 8

Explored 11826 nodes (10095133 simplex iterations) in 923.20 seconds (1253.81 work units)
Thread count was 24 (of 24 available processors)

Solution count 10: 2241.44 2241.44 2241.94 ... 2265.55

Optimal solution found (tolerance 1.00e-04)
Best objective 2.241435163361e+03, best bound 2.241435163361e+03, gap 0.0000%
