
Gurobi 13.0.1 (win64) logging started Thu Oct  8 14:33:20 2026

Set parameter LogFile to value "ieee_owen\weak_eps_experiment\stochastic\main17_xi\logs\n15_S20_day13_ef_gurobi.log"
Set parameter NodefileStart to value 3
Set parameter MIPGap to value 0.0001
Gurobi Optimizer version 13.0.1 build v13.0.1rc0 (win64 - Windows 10.0 (19045.2))

CPU model: AMD Ryzen 9 5900X 12-Core Processor, instruction set [SSE2|AVX|AVX2]
Thread count: 12 physical cores, 24 logical processors, using up to 24 threads

Non-default parameters:
TimeLimit  1800
NodefileStart  3
LogToConsole  0

Optimize a model with 92686 rows, 89726 columns and 384875 nonzeros (Min)
Model fingerprint: 0xd0e9f7db
Model has 22 linear objective coefficients
Variable types: 75446 continuous, 14280 integer (14280 binary)
Coefficient statistics:
  Matrix range     [3e-04, 2e+02]
  Objective range  [5e-02, 1e+00]
  Bounds range     [9e-03, 5e+01]
  RHS range        [8e-02, 2e+01]

Presolve removed 40251 rows and 29768 columns
Presolve time: 0.75s
Presolved: 52435 rows, 59958 columns, 205368 nonzeros
Variable types: 47271 continuous, 12687 integer (12686 binary)
Found heuristic solution: objective 2848.7593729
Deterministic concurrent LP optimizer: primal and dual simplex
Showing primal log only...


Root simplex log...

Iteration    Objective       Primal Inf.    Dual Inf.      Time
   25080    4.2942241e+03   0.000000e+00   2.415775e+06      5s
   43273    4.0465717e+03   0.000000e+00   1.064337e+05     10s
   56933    3.9299145e+03   0.000000e+00   1.059223e+05     15s
   68931    3.8431783e+03   0.000000e+00   3.774008e+04     20s
Concurrent spin time: 0.00s

Solved with dual simplex

Root simplex log...

Iteration    Objective       Primal Inf.    Dual Inf.      Time
   92503    2.1867469e+03   0.000000e+00   0.000000e+00     21s

Root relaxation: objective 2.186747e+03, 92503 iterations, 20.06 seconds (26.43 work units)

    Nodes    |    Current Node    |     Objective Bounds      |     Work
 Expl Unexpl |  Obj  Depth IntInf | Incumbent    BestBd   Gap | It/Node Time

     0     0 2186.74691    0  846 2848.75937 2186.74691  23.2%     -   22s
H    0     0                    2224.9006826 2186.74691  1.71%     -   23s
H    0     0                    2221.3927679 2186.74691  1.56%     -   25s
     0     0 2186.89960    0 1104 2221.39277 2186.89960  1.55%     -   27s
     0     0 2186.89960    0 1103 2221.39277 2186.89960  1.55%     -   30s
     0     0 2187.01936    0 1201 2221.39277 2187.01936  1.55%     -   31s
     0     0 2187.20952    0 1237 2221.39277 2187.20952  1.54%     -   33s
     0     0 2187.20952    0 1305 2221.39277 2187.20952  1.54%     -   33s
     0     0 2187.20952    0 1172 2221.39277 2187.20952  1.54%     -   33s
     0     0 2187.20952    0 1108 2221.39277 2187.20952  1.54%     -   33s
     0     0 2187.20952    0 1130 2221.39277 2187.20952  1.54%     -   34s
     0     0 2187.20952    0 1061 2221.39277 2187.20952  1.54%     -   34s
     0     0 2187.20952    0 1127 2221.39277 2187.20952  1.54%     -   34s
     0     0 2187.20952    0 1082 2221.39277 2187.20952  1.54%     -   34s
     0     0 2187.20952    0 1125 2221.39277 2187.20952  1.54%     -   34s
H    0     0                    2220.4129149 2187.24588  1.49%     -   35s
     0     0 2187.34535    0 1107 2220.41291 2187.34535  1.49%     -   35s
     0     0 2188.47984    0 1154 2220.41291 2188.47984  1.44%     -   38s
     0     0 2188.47984    0 1176 2220.41291 2188.47984  1.44%     -   38s
     0     0 2188.47984    0 1162 2220.41291 2188.47984  1.44%     -   38s
     0     0 2188.47984    0 1162 2220.41291 2188.47984  1.44%     -   38s
     0     0 2188.47984    0  999 2220.41291 2188.47984  1.44%     -   39s
     0     0 2188.47984    0 1078 2220.41291 2188.47984  1.44%     -   40s
     0     0 2188.47984    0 1075 2220.41291 2188.47984  1.44%     -   40s
     0     0 2188.47984    0 1029 2220.41291 2188.47984  1.44%     -   40s
     0     0 2188.47984    0 1027 2220.41291 2188.47984  1.44%     -   41s
     0     0 2188.47984    0 1022 2220.41291 2188.47984  1.44%     -   42s
     0     0 2188.47984    0 1022 2220.41291 2188.47984  1.44%     -   42s
     0     0 2188.48509    0 1019 2220.41291 2188.48509  1.44%     -   43s
     0     0 2188.48509    0 1019 2220.41291 2188.48509  1.44%     -   43s
     0     0 2188.48509    0 1019 2220.41291 2188.48509  1.44%     -   43s
     0     0 2188.48509    0  705 2220.41291 2188.48509  1.44%     -   44s
H    0     0                    2218.3560865 2188.48509  1.35%     -   46s
     0     2 2188.48509    0  705 2218.35609 2188.48509  1.35%     -   47s
     3     8 2213.33145    2 1291 2218.35609 2188.48509  1.35%  7734   52s
     7    16 2215.29135    3  831 2218.35609 2188.48509  1.35%  4774   55s
    15    24 2215.29908    4  809 2218.35609 2188.94625  1.33%  4453   66s
    35    90 2215.79294    6 1265 2218.35609 2189.22582  1.31%  2939   70s
   106   123 2217.74608   10  608 2218.35609 2189.23417  1.31%  1565   75s
   146   155 2197.46650    7  630 2218.35609 2189.23624  1.31%  1719   80s
   180   185 2200.61395    9  520 2218.35609 2189.23624  1.31%  1851   85s
H  205   201                    2217.1370166 2189.24206  1.26%  1920   88s
   214   219 2202.09642   12  426 2217.13702 2189.24206  1.26%  1976   90s
   262   269 2207.01158   16  393 2217.13702 2189.24206  1.26%  1941   97s
H  288   293                    2214.5352622 2189.24206  1.14%  1923   99s
   306   304     cutoff   18      2214.53526 2189.24206  1.14%  1907  102s
H  309   304                    2214.4549003 2189.24206  1.14%  1903  102s
H  322   304                    2209.5094616 2189.24206  0.92%  1864  102s
   353   357     cutoff   24      2209.50946 2189.24206  0.92%  1857  107s
H  390   382                    2207.1696078 2189.24206  0.81%  1781  109s
H  398   382                    2205.9678992 2189.24206  0.76%  1764  109s
   414   396 2198.13472   10  588 2205.96790 2189.24206  0.76%  1757  111s
H  421   396                    2205.9467211 2189.24206  0.76%  1751  111s
   478   452 2200.68681   12  493 2205.94672 2189.24206  0.76%  1688  116s
H  489   452                    2205.1995086 2189.24206  0.72%  1677  116s
H  491   452                    2205.1229115 2189.24206  0.72%  1676  116s
   539   484 2202.48576   14  358 2205.12291 2189.25297  0.72%  1607  121s
H  554   484                    2204.8455971 2189.25297  0.71%  1593  121s
H  611   518                    2204.2730155 2189.25297  0.68%  1523  124s
   642   558 2191.00954    9  720 2204.27302 2189.25297  0.68%  1493  127s
H  659   558                    2204.2245284 2189.25297  0.68%  1475  127s
H  671   558                    2203.7795661 2189.25297  0.66%  1457  127s
   710   555 2195.07512   12  642 2203.77957 2189.25297  0.66%  1417  132s
   737   577 2195.43505   13  523 2203.77957 2189.25297  0.66%  1388  138s
   799   600 2198.58849   14  613 2203.77957 2189.25297  0.66%  1355  143s
   842   631 2199.45223   15  495 2203.77957 2189.25297  0.66%  1335  149s
   885   659 2200.26941   16  550 2203.77957 2189.29775  0.66%  1317  155s
*  915   659              88    2203.6275083 2189.29775  0.65%  1299  155s
  1003   668     cutoff   21      2203.62751 2189.45506  0.64%  1288  164s
  1054   680 2198.16319   10  622 2203.62751 2189.45506  0.64%  1304  168s
  1120   683     cutoff   12      2203.62751 2189.45506  0.64%  1294  173s
  1198   683     cutoff   13      2203.62751 2189.45506  0.64%  1275  177s
  1271   675 2195.40177    9  736 2203.62751 2189.49276  0.64%  1261  182s
  1356   695 2198.19273   13  476 2203.62751 2189.49276  0.64%  1256  187s
  1417   717 2200.02342   16  497 2203.62751 2189.49276  0.64%  1260  192s
  1489   721 2201.45066   21  446 2203.62751 2189.49276  0.64%  1267  197s
  1509   761 2201.55071   22  399 2203.62751 2189.49276  0.64%  1266  203s
  1607   788     cutoff   40      2203.62751 2190.27827  0.61%  1248  208s
  1702   832 2195.02460   14  619 2203.62751 2190.27827  0.61%  1244  213s
  1778   854     cutoff   16      2203.62751 2190.53225  0.59%  1245  219s
  1879   884 2202.57975   18  489 2203.62751 2190.53225  0.59%  1236  226s
  1969   889 2200.03515    9  791 2203.62751 2190.73758  0.58%  1238  233s
H 1994   937                    2203.6274314 2190.73758  0.58%  1241  241s
  2066   987     cutoff   12      2203.62743 2190.73758  0.58%  1236  248s
  2194  1028 2198.24115   12  410 2203.62743 2190.73758  0.58%  1227  255s
  2304  1079 2202.99233   19  401 2203.62743 2191.30996  0.56%  1224  263s
  2424  1101 2196.32721   13  581 2203.62743 2191.31636  0.56%  1219  271s
  2550  1134 2202.60363   18  422 2203.62743 2191.31636  0.56%  1213  279s
  2696  1166 2202.84096   19  311 2203.62743 2191.97134  0.53%  1205  288s
  2860  1199 2198.86133   15  469 2203.62743 2191.97134  0.53%  1192  296s
  2999  1218 2198.58255   13  578 2203.62743 2193.28982  0.47%  1187  305s
  3065  1248     cutoff   11      2203.62743 2193.51071  0.46%  1185  313s
  3229  1287 2198.52641   15  669 2203.62743 2193.88289  0.44%  1180  323s
  3431  1356 2198.84096   13  500 2203.62743 2194.39949  0.42%  1163  333s
  3627  1517 2200.86040   19  354 2203.62743 2194.65692  0.41%  1153  344s
H 3912  1506                    2203.5886032 2194.68564  0.40%  1114  371s
  3913  1507 2197.50228   11  705 2203.58860 2194.68564  0.40%  1114  401s
  3915  1508 2200.16842   14 1366 2203.58860 2194.68564  0.40%  1114  429s
  3916  1509 2200.11999   14 1308 2203.58860 2194.68564  0.40%  1113  432s
  3921  1512 2202.12585   19 1465 2203.58860 2194.68564  0.40%  1112  435s
  3923  1514 2201.84103   17  961 2203.58860 2194.68564  0.40%  1111  460s
  3924  1514 2203.27063   27  961 2203.58860 2194.68564  0.40%  1111  465s
  3929  1521 2194.68564   12 1090 2203.58860 2194.68564  0.40%  1142  471s
  3941  1537 2195.90020   14  910 2203.58860 2194.68564  0.40%  1147  475s
  3982  1573 2199.38995   16  875 2203.58860 2194.68564  0.40%  1151  480s
  4055  1602 2202.90128   19  675 2203.58860 2194.68564  0.40%  1155  487s
  4096  1619     cutoff   20      2203.58860 2194.68564  0.40%  1158  491s
  4145  1628     cutoff   21      2203.58860 2194.68564  0.40%  1154  495s
  4223  1627 2200.42528   16  849 2203.58860 2194.68564  0.40%  1160  500s
  4311  1645 2199.01806   18  884 2203.58860 2195.20919  0.38%  1156  506s
  4343  1645 2200.33223   20  758 2203.58860 2195.20919  0.38%  1154  510s
  4392  1664 2200.88867   23  782 2203.58860 2195.20919  0.38%  1151  516s
  4499  1662     cutoff   25      2203.58860 2195.34601  0.37%  1142  521s
  4619  1698     cutoff   25      2203.58860 2196.58436  0.32%  1127  526s
  4750  1757 2202.79782   22  514 2203.58860 2196.58436  0.32%  1110  531s
  4945  1763 2199.42648   19  677 2203.58860 2196.65233  0.31%  1078  540s
  4965  1766 2199.57262   20  762 2203.58860 2196.65233  0.31%  1077  547s
  4989  1763 2199.79875   21  659 2203.58860 2196.67016  0.31%  1077  555s
H 5017  1678                    2203.5832617 2196.67016  0.31%  1075  555s
H 5018  1605                    2203.5832608 2196.67016  0.31%  1075  555s
  5150  1782 2201.14014   28  559 2203.58326 2196.67016  0.31%  1053  560s
  5480  1935 2202.26495   19  771 2203.58326 2197.62921  0.27%   998  565s
* 5518  1786             167    2203.5595330 2197.63073  0.27%   995  565s
* 5562  1465             189    2203.4905544 2197.63073  0.27%   987  565s
  5737  1288 2201.42980   24  745 2203.49055 2197.68483  0.26%   965  570s
  5802  1262     cutoff   27      2203.49055 2197.68483  0.26%   963  577s
  5878  1221 2202.68344   29  548 2203.49055 2197.68483  0.26%   959  580s
  6021  1181 2202.47842   24  459 2203.49055 2197.95200  0.25%   954  586s
  6171  1119     cutoff   22      2203.49055 2198.29038  0.24%   949  593s
  6234  1127 2202.10847   24  816 2203.49055 2198.79713  0.21%   949  597s
  6301  1080     cutoff   30      2203.49055 2198.86054  0.21%   948  600s
  6392  1052 2202.01684   23  686 2203.49055 2199.03051  0.20%   944  614s
  6411  1042     cutoff   24      2203.49055 2199.30390  0.19%   945  630s
  6454  1061 2202.96684   25  745 2203.49055 2199.34328  0.19%   942  646s
  6494  1062     cutoff   26      2203.49055 2199.34328  0.19%   940  661s
  6577  1090 2200.95784   28  531 2203.49055 2199.34328  0.19%   931  675s
H 6673   996                    2203.3988354 2199.34328  0.18%   921  675s
  6702  1015 2202.42702   29  489 2203.39884 2199.34328  0.18%   917  681s
  6920  1033 2202.60760   29  508 2203.39884 2199.52143  0.18%   900  686s
  7168  1212     cutoff   21      2203.39884 2199.88641  0.16%   880  692s
H 7198  1140                    2203.3618951 2199.88641  0.16%   877  692s
H 7363  1115                    2203.3393688 2199.92030  0.16%   864  692s
  7523  1330 2201.57722   18  869 2203.33937 2199.92030  0.16%   846  697s
H 7851  1109                    2203.2386324 2199.92030  0.15%   818  697s
H 7854  1062                    2203.1989328 2199.92030  0.15%   818  697s
  7878  1257     cutoff   20      2203.19893 2199.92030  0.15%   816  702s
* 8217  1257             229    2203.1989275 2199.92030  0.15%   788  702s
* 8268  1161             214    2203.1710795 2199.92030  0.15%   783  702s
  8298  1184 2202.57845   26  603 2203.17108 2199.92030  0.15%   782  708s
* 8367   825             160    2203.1386991 2199.92030  0.15%   777  708s
  8621   810 2203.09647   66  185 2203.13870 2199.92030  0.15%   761  715s
* 8900   800             161    2203.1368582 2200.67208  0.11%   746  715s
  8916   872 2203.09920  145   68 2203.13686 2200.67208  0.11%   746  721s
* 8965   758             194    2203.1025104 2200.67208  0.11%   742  721s
* 8966   758             194    2203.1024354 2200.67208  0.11%   741  721s
  9243  1019     cutoff  200      2203.10244 2200.70491  0.11%   728  728s
* 9248  1017             198    2203.1024213 2200.70491  0.11%   728  728s
  9725  1089     cutoff   28      2203.10242 2200.70491  0.11%   699  735s
* 9765   974             190    2203.0998265 2200.70491  0.11%   698  735s
* 9789   974             190    2203.0998261 2200.70491  0.11%   696  735s
* 9992   955             195    2203.0996621 2200.78608  0.11%   686  735s
 10182   814 2203.09921  189    1 2203.09966 2201.04893  0.09%   677  741s
*10183   599             190    2203.0992097 2201.04893  0.09%   677  741s
 10400   539 2203.01252   35  345 2203.09921 2201.22824  0.08%   673  748s
 10638   420     cutoff   31      2203.09921 2201.45067  0.07%   667  756s
 10946   752     cutoff   26      2203.09921 2201.68275  0.06%   658  767s
 11926  1213 2203.09304   99  138 2203.09921 2202.71246  0.02%   610  777s
*12206  1152             162    2203.0979069 2202.71246  0.02%   597  777s
*12207  1152             162    2203.0979042 2202.71246  0.02%   596  777s
*12209  1152             162    2203.0978996 2202.71246  0.02%   596  777s
*12371  1152             190    2203.0977850 2202.71246  0.02%   589  777s
*12387  1152             191    2203.0977746 2202.71246  0.02%   588  777s
H12527  1152                    2203.0969787 2202.71246  0.02%   581  777s
 12537  1861 2203.09698  197    8 2203.09698 2202.71246  0.02%   581  788s
*12545  1861             205    2203.0969753 2202.71246  0.02%   581  788s
*12613  1774             175    2203.0930952 2202.71246  0.02%   578  788s
*12661  1774             168    2203.0930367 2202.71246  0.02%   575  788s

Cutting planes:
  Gomory: 2
  Cover: 6
  Implied bound: 9
  MIR: 15
  Flow cover: 180
  Relax-and-lift: 15

Explored 14933 nodes (7405571 simplex iterations) in 789.74 seconds (1054.00 work units)
Thread count was 24 (of 24 available processors)

Solution count 10: 2203.09 2203.09 2203.1 ... 2203.1

Optimal solution found (tolerance 1.00e-04)
Best objective 2.203093036667e+03, best bound 2.203093036667e+03, gap 0.0000%
