
Gurobi 13.0.1 (win64) logging started Fri Oct  9 08:20:16 2026

Set parameter LogFile to value "ieee_owen\weak_eps_experiment\stochastic\main17_xi\logs\n15_S20_day24_ef_gurobi.log"
Set parameter NodefileStart to value 3
Set parameter MIPGap to value 0.0001
Gurobi Optimizer version 13.0.1 build v13.0.1rc0 (win64 - Windows 10.0 (19045.2))

CPU model: AMD Ryzen 9 5900X 12-Core Processor, instruction set [SSE2|AVX|AVX2]
Thread count: 12 physical cores, 24 logical processors, using up to 24 threads

Non-default parameters:
TimeLimit  1800
NodefileStart  3
LogToConsole  0

Optimize a model with 92686 rows, 89726 columns and 384875 nonzeros (Min)
Model fingerprint: 0x5d403d65
Model has 22 linear objective coefficients
Variable types: 75446 continuous, 14280 integer (14280 binary)
Coefficient statistics:
  Matrix range     [3e-04, 2e+02]
  Objective range  [5e-02, 1e+00]
  Bounds range     [9e-03, 5e+01]
  RHS range        [8e-02, 2e+01]

Presolve removed 40303 rows and 29819 columns
Presolve time: 0.83s
Presolved: 52383 rows, 59907 columns, 205365 nonzeros
Variable types: 47235 continuous, 12672 integer (12671 binary)
Found heuristic solution: objective 3509.4590754
Deterministic concurrent LP optimizer: primal and dual simplex
Showing primal log only...


Root simplex log...

Iteration    Objective       Primal Inf.    Dual Inf.      Time
   23939    4.7598108e+03   0.000000e+00   1.057408e+05      5s
   39232    4.6207826e+03   0.000000e+00   4.789874e+04     10s
   53652    4.4861239e+03   0.000000e+00   2.389595e+04     15s
Concurrent spin time: 0.00s

Solved with dual simplex

Root simplex log...

Iteration    Objective       Primal Inf.    Dual Inf.      Time
   85985    2.8465992e+03   0.000000e+00   0.000000e+00     18s

Root relaxation: objective 2.846599e+03, 85985 iterations, 16.92 seconds (21.30 work units)

    Nodes    |    Current Node    |     Objective Bounds      |     Work
 Expl Unexpl |  Obj  Depth IntInf | Incumbent    BestBd   Gap | It/Node Time

     0     0 2846.59924    0  632 3509.45908 2846.59924  18.9%     -   18s
H    0     0                    2865.4217780 2846.59924  0.66%     -   20s
H    0     0                    2864.2381671 2846.59924  0.62%     -   21s
     0     0 2846.85305    0  860 2864.23817 2846.85305  0.61%     -   23s
     0     0 2846.85305    0  858 2864.23817 2846.85305  0.61%     -   25s
     0     0 2846.94867    0  943 2864.23817 2846.94867  0.60%     -   26s
     0     0 2846.95549    0  925 2864.23817 2846.95549  0.60%     -   28s
     0     0 2846.95549    0  925 2864.23817 2846.95549  0.60%     -   28s
     0     0 2846.95653    0  944 2864.23817 2846.95653  0.60%     -   29s
     0     0 2846.95653    0  940 2864.23817 2846.95653  0.60%     -   29s
     0     0 2846.95864    0  987 2864.23817 2846.95864  0.60%     -   31s
     0     0 2846.95864    0  984 2864.23817 2846.95864  0.60%     -   31s
     0     0 2846.95925    0  986 2864.23817 2846.95925  0.60%     -   32s
     0     0 2846.95943    0  945 2864.23817 2846.95943  0.60%     -   33s
H    0     0                    2864.2364957 2846.95943  0.60%     -   33s
     0     0 2846.95951    0  896 2864.23650 2846.95951  0.60%     -   34s
     0     0 2846.96033    0  896 2864.23650 2846.96033  0.60%     -   34s
     0     0 2846.96033    0  896 2864.23650 2846.96033  0.60%     -   34s
     0     0 2846.96033    0  842 2864.23650 2846.96033  0.60%     -   35s
     0     2 2846.96033    0  836 2864.23650 2846.96033  0.60%     -   35s
H   14    16                    2864.2006845 2847.03532  0.60%   839   37s
    27    41 2852.65122    5  787 2864.20068 2847.18527  0.59%   955   40s
H   34    41                    2863.6525652 2847.18527  0.58%   923   40s
H   94    93                    2863.6508203 2847.18527  0.57%  1028   44s
    96   106 2856.34372    8  707 2863.65082 2847.18527  0.57%  1092   45s
   137   146 2855.86935   11  649 2863.65082 2847.18527  0.57%  1328   50s
H  146   146                    2863.0313598 2847.18527  0.55%  1356   50s
H  165   174                    2863.0088032 2847.18527  0.55%  1386   52s
   204   218 2857.61668   19  439 2863.00880 2847.18527  0.55%  1316   55s
H  240   239                    2861.1076216 2847.18527  0.49%  1235   57s
H  247   260                    2858.9328582 2847.18527  0.41%  1210   58s
   303   313 2858.61401   29  353 2858.93286 2847.18527  0.41%  1111   61s
   385   354 2850.41778    8  737 2858.93286 2847.20840  0.41%  1024   65s
H  410   385                    2858.9022889 2847.20840  0.41%  1020   67s
   481   466 2850.99090   13  799 2858.90229 2847.20840  0.41%   969   70s
H  585   524                    2858.5369302 2847.22656  0.40%   926   74s
H  588   524                    2858.3428059 2847.22656  0.39%   921   74s
H  610   524                    2857.7772873 2847.22656  0.37%   903   74s
   624   547 2855.86337   14  718 2857.77729 2847.22656  0.37%   894   78s
H  653   547                    2856.9923386 2847.22656  0.34%   868   78s
   659   561 2853.71218   17  627 2856.99234 2847.22656  0.34%   868   80s
H  687   561                    2856.8676772 2847.22656  0.34%   872   80s
H  690   561                    2856.8613150 2847.22656  0.34%   870   80s
H  739   597                    2856.8543208 2847.22656  0.34%   865   84s
   772   636 2855.69252   22  471 2856.85432 2847.22656  0.34%   840   86s
H  852   677                    2856.7553631 2847.22656  0.33%   797   88s
H  855   677                    2856.7435145 2847.22656  0.33%   794   88s
H  885   677                    2856.6568300 2847.59646  0.32%   788   88s
H  888   677                    2856.6010071 2847.59646  0.32%   785   88s
H  891   677                    2856.4112002 2847.59646  0.31%   782   88s
H  894   677                    2856.4064904 2847.59646  0.31%   780   88s
   910   722 2856.32778   63   68 2856.40649 2847.59646  0.31%   771   90s
H  985   722                    2856.3680555 2847.59646  0.31%   733   90s
H  988   722                    2856.3679385 2847.59646  0.31%   731   90s
  1243   773 2856.35257  113    1 2856.36794 2847.59646  0.31%   633   96s
* 1244   729             114    2856.3525729 2847.59646  0.31%   633   96s
* 1373   658             109    2856.3066820 2847.66276  0.30%   593   99s
  1448   653 2850.93125    7  615 2856.30668 2847.66468  0.30%   590  102s
  1496   682 2855.64412    9  496 2856.30668 2847.69978  0.30%   609  105s
  1629   662 2852.67526   13  499 2856.30668 2847.69978  0.30%   622  111s
  1763   673 2855.95105   23  245 2856.30668 2848.52862  0.27%   630  116s
  1915   698 2855.17213   20  298 2856.30668 2848.64111  0.27%   638  123s
  1998   743     cutoff   24      2856.30668 2849.57678  0.24%   641  126s
  2194   804 2854.79570   17  349 2856.30668 2849.57678  0.24%   638  133s
  2307   826 2855.98482   20  298 2856.30668 2849.57678  0.24%   637  137s
  2409   829     cutoff   25      2856.30668 2849.87257  0.23%   636  141s
  2456   850 2854.23202    8  581 2856.30668 2849.87257  0.23%   636  145s
  2567   856     cutoff   11      2856.30668 2849.99675  0.22%   635  154s
  2585   852     cutoff   10      2856.30668 2850.24511  0.21%   635  157s
  2617   872 2853.53072    7  792 2856.30668 2850.24511  0.21%   634  162s
  2723   917 2855.99490   10  558 2856.30668 2850.24511  0.21%   627  166s
  2856   942 2853.36945    9  589 2856.30668 2850.43593  0.21%   624  171s
  2992   955     cutoff   13      2856.30668 2850.43593  0.21%   624  176s
  3071   977 2855.58066   15  427 2856.30668 2850.43593  0.21%   623  181s
  3207  1021 2853.72381   12  684 2856.30668 2850.73334  0.20%   624  186s
  3343  1061     cutoff   17      2856.30668 2850.78228  0.19%   628  191s
  3469  1126 2855.93061   14  439 2856.30668 2850.79521  0.19%   634  197s
  3643  1127 2854.00494   10  842 2856.30668 2850.81991  0.19%   632  225s
  3645  1128 2855.65610   21  945 2856.30668 2850.81991  0.19%   632  247s
  3648  1130 2854.45926   22 1262 2856.30668 2850.81991  0.19%   631  250s
  3651  1132 2855.13013   13 1085 2856.30668 2850.81991  0.19%   631  270s
  3653  1137 2850.81991   10 1087 2856.30668 2850.81991  0.19%   657  275s
  3667  1156 2850.81991   13 1078 2856.30668 2850.81991  0.19%   661  280s
  3768  1178 2852.48635   16 1002 2856.30668 2850.81991  0.19%   667  285s
  3884  1182     cutoff   20      2856.30668 2850.81991  0.19%   668  291s
  3955  1194 2856.02317   24  687 2856.30668 2850.81991  0.19%   672  297s
  4012  1193 2855.42450   27  821 2856.30668 2850.81991  0.19%   671  302s
  4066  1188 2854.59332   28  582 2856.30668 2850.81991  0.19%   677  306s
  4183  1171     cutoff   24      2856.30668 2850.81991  0.19%   675  311s
  4312  1147 2855.23483   28  435 2856.30668 2850.81991  0.19%   668  315s
  4480  1128 2854.06526   22  706 2856.30668 2851.09394  0.18%   664  321s
  4592  1098 2855.53224   23  721 2856.30668 2851.38183  0.17%   665  326s
  4709  1056     cutoff   31      2856.30668 2851.83449  0.16%   668  332s
  4865  1006 2855.72949   28  591 2856.30668 2853.43689  0.10%   665  340s
  4968   969     cutoff   22      2856.30668 2853.50851  0.10%   661  348s
  5043   947 2855.08290   28  545 2856.30668 2853.76178  0.09%   663  352s
  5115   917     cutoff   31      2856.30668 2853.90348  0.08%   663  357s
  5230   863 2855.69475   25  637 2856.30668 2854.09045  0.08%   658  361s
  5333   814     cutoff   18      2856.30668 2854.29711  0.07%   655  365s
  5462   767     cutoff   27      2856.30668 2854.55001  0.06%   649  370s
  5596   703     cutoff   16      2856.30668 2854.69414  0.06%   643  375s
  5763   604     cutoff   25      2856.30668 2854.87373  0.05%   634  380s
  6155   304     cutoff   30      2856.30668 2855.48158  0.03%   609  386s

Cutting planes:
  Gomory: 16
  Cover: 16
  Implied bound: 25
  MIR: 30
  Flow cover: 218
  Network: 1
  Relax-and-lift: 23

Explored 6343 nodes (3870541 simplex iterations) in 386.46 seconds (453.48 work units)
Thread count was 24 (of 24 available processors)

Solution count 10: 2856.31 2856.35 2856.37 ... 2856.74

Optimal solution found (tolerance 1.00e-04)
Warning: max bound violation (1.1692e-06) exceeds tolerance
Best objective 2.856306681959e+03, best bound 2.856088667786e+03, gap 0.0076%
