
Gurobi 13.0.1 (win64) logging started Thu Oct  8 09:17:56 2026

Set parameter LogFile to value "ieee_owen\weak_eps_experiment\stochastic\main17_xi\logs\n15_S20_day10_ef_gurobi.log"
Set parameter NodefileStart to value 3
Set parameter MIPGap to value 0.0001
Gurobi Optimizer version 13.0.1 build v13.0.1rc0 (win64 - Windows 10.0 (19045.2))

CPU model: AMD Ryzen 9 5900X 12-Core Processor, instruction set [SSE2|AVX|AVX2]
Thread count: 12 physical cores, 24 logical processors, using up to 24 threads

Non-default parameters:
TimeLimit  1800
NodefileStart  3
LogToConsole  0

Optimize a model with 92686 rows, 89726 columns and 384875 nonzeros (Min)
Model fingerprint: 0x9dfc051b
Model has 22 linear objective coefficients
Variable types: 75446 continuous, 14280 integer (14280 binary)
Coefficient statistics:
  Matrix range     [3e-04, 2e+02]
  Objective range  [5e-02, 1e+00]
  Bounds range     [1e-02, 5e+01]
  RHS range        [8e-02, 2e+01]

Presolve removed 40277 rows and 29792 columns
Presolve time: 0.75s
Presolved: 52409 rows, 59934 columns, 205386 nonzeros
Variable types: 47257 continuous, 12677 integer (12676 binary)
Found heuristic solution: objective 3050.3495783
Deterministic concurrent LP optimizer: primal and dual simplex
Showing primal log only...


Root simplex log...

Iteration    Objective       Primal Inf.    Dual Inf.      Time
   27192    4.4918049e+03   0.000000e+00   2.141278e+05      5s
   41735    4.3913069e+03   0.000000e+00   5.606059e+04     10s
   53233    4.3213699e+03   0.000000e+00   5.216258e+04     15s
   63783    4.2431678e+03   0.000000e+00   6.886989e+04     20s
   73684    4.1739839e+03   0.000000e+00   8.275588e+04     25s
Concurrent spin time: 0.00s

Solved with dual simplex

Root simplex log...

Iteration    Objective       Primal Inf.    Dual Inf.      Time
  109500    2.5545118e+03   0.000000e+00   0.000000e+00     25s

Root relaxation: objective 2.554512e+03, 109500 iterations, 24.30 seconds (31.44 work units)

    Nodes    |    Current Node    |     Objective Bounds      |     Work
 Expl Unexpl |  Obj  Depth IntInf | Incumbent    BestBd   Gap | It/Node Time

     0     0 2554.51176    0  905 3050.34958 2554.51176  16.3%     -   26s
H    0     0                    2600.4966495 2554.51176  1.77%     -   28s
H    0     0                    2593.8881212 2554.51176  1.52%     -   29s
     0     0 2554.81714    0  993 2593.88812 2554.81714  1.51%     -   31s
     0     0 2554.94196    0  928 2593.88812 2554.94196  1.50%     -   36s
     0     0 2554.94196    0  928 2593.88812 2554.94196  1.50%     -   36s
     0     0 2555.48673    0 1252 2593.88812 2555.48673  1.48%     -   38s
     0     0 2555.48673    0 1243 2593.88812 2555.48673  1.48%     -   40s
     0     0 2555.48673    0 1193 2593.88812 2555.48673  1.48%     -   40s
     0     0 2555.48673    0 1175 2593.88812 2555.48673  1.48%     -   41s
     0     0 2555.48673    0 1168 2593.88812 2555.48673  1.48%     -   41s
     0     0 2555.48673    0 1168 2593.88812 2555.48673  1.48%     -   41s
     0     0 2555.64682    0 1168 2593.88812 2555.64682  1.47%     -   41s
     0     0 2555.64682    0 1171 2593.88812 2555.64682  1.47%     -   41s
     0     0 2555.64682    0 1150 2593.88812 2555.64682  1.47%     -   42s
     0     0 2555.64682    0 1123 2593.88812 2555.64682  1.47%     -   42s
     0     0 2555.65627    0 1094 2593.88812 2555.65627  1.47%     -   42s
     0     0 2555.65627    0 1121 2593.88812 2555.65627  1.47%     -   42s
     0     0 2555.66014    0 1122 2593.88812 2555.66014  1.47%     -   42s
     0     0 2555.72542    0 1090 2593.88812 2555.72542  1.47%     -   43s
H    0     0                    2591.2247359 2555.72542  1.37%     -   45s
H    0     0                    2591.2229708 2555.72542  1.37%     -   45s
     0     0 2556.02659    0 1151 2591.22297 2556.02659  1.36%     -   45s
     0     0 2556.02659    0 1153 2591.22297 2556.02659  1.36%     -   45s
     0     0 2556.03496    0 1058 2591.22297 2556.03496  1.36%     -   45s
     0     0 2556.05413    0 1082 2591.22297 2556.05413  1.36%     -   46s
     0     0 2556.07250    0 1082 2591.22297 2556.07250  1.36%     -   46s
     0     0 2556.07250    0 1078 2591.22297 2556.07250  1.36%     -   46s
     0     0 2556.07250    0 1078 2591.22297 2556.07250  1.36%     -   47s
     0     0 2556.07250    0 1078 2591.22297 2556.07250  1.36%     -   47s
     0     0 2556.07250    0 1015 2591.22297 2556.07250  1.36%     -   48s
     0     2 2556.07250    0 1012 2591.22297 2556.07250  1.36%     -   49s
     1     4 2556.18519    1  949 2591.22297 2556.07250  1.36%  3256   50s
     7    16 2563.54352    3  859 2591.22297 2556.19436  1.35%  2589   57s
H   10    16                    2590.9763256 2556.19436  1.34%  2211   57s
H   27    65                    2590.6926772 2556.22630  1.33%  2862   65s
H   60    65                    2590.5015497 2556.23717  1.32%  1867   65s
    81   110 2567.82016   10  813 2590.50155 2556.23717  1.32%  2205   70s
H  115   125                    2590.1182475 2556.23717  1.31%  1868   73s
   124   145 2567.25026   11  815 2590.11825 2556.23717  1.31%  1825   75s
   173   178 2566.58374   15  732 2590.11825 2556.23752  1.31%  1806   81s
H  227   227                    2577.8269782 2556.23752  0.84%  1712   84s
   244   249 2570.70911   23  434 2577.82698 2556.23752  0.84%  1672   87s
H  251   249                    2576.1871095 2556.23752  0.77%  1673   87s
H  253   249                    2575.3091965 2556.23752  0.74%  1669   87s
   296   283 2571.33875   28  250 2575.30920 2556.23752  0.74%  1564   91s
H  300   283                    2575.3041011 2556.23752  0.74%  1562   91s
H  308   283                    2575.2645892 2556.23752  0.74%  1543   91s
H  326   309                    2574.5224504 2556.23752  0.71%  1495   93s
H  362   342                    2572.2308723 2556.23752  0.62%  1399   94s
   391   378 2571.80536   34  221 2572.23087 2556.23752  0.62%  1326   99s
H  409   378                    2572.1961011 2556.23752  0.62%  1283   99s
H  410   378                    2572.1165477 2556.23752  0.62%  1280   99s
   436   421 2570.14312   14  285 2572.11655 2556.25021  0.62%  1225  101s
H  502   464                    2570.6717063 2556.25021  0.56%  1152  104s
H  525   464                    2569.6029927 2556.25021  0.52%  1112  104s
   536   498 2568.56991    8  457 2569.60299 2556.25021  0.52%  1107  107s
   655   621 2568.02577    9  584 2569.60299 2556.25021  0.52%  1002  110s
*  867   725              93    2568.7305553 2556.25021  0.49%   812  114s
   914   730 2562.46269   10  626 2568.73056 2556.79884  0.46%   792  116s
*  977   730              85    2566.2733356 2556.79884  0.37%   761  116s
* 1075   715              91    2566.1018817 2556.79884  0.36%   715  118s
  1080   685 2564.89805   14  582 2566.10188 2556.79884  0.36%   714  121s
* 1179   685              82    2565.4065113 2556.79884  0.34%   692  123s
  1227   646     cutoff   16      2565.40651 2556.79884  0.34%   683  126s
  1328   668 2565.09446   17  608 2565.40651 2556.79884  0.34%   694  132s
  1427   649 2561.80394    8  726 2565.40651 2556.79884  0.34%   690  138s
  1493   657 2563.35342   10  702 2565.40651 2556.79884  0.34%   686  141s
  1552   645 2565.27662   13  595 2565.40651 2557.29808  0.32%   691  150s
  1571   650     cutoff   14      2565.40651 2557.29808  0.32%   694  160s
  1596   646 2561.75667   12  633 2565.40651 2557.29808  0.32%   693  170s
  1621   644 2562.72476   13  575 2565.40651 2557.29808  0.32%   693  179s
  1651   656 2564.23450   14  512 2565.40651 2557.29808  0.32%   694  188s
  1668   654     cutoff   15      2565.40651 2557.29808  0.32%   697  197s
  1693   652 2563.72018   14  638 2565.40651 2557.29808  0.32%   700  208s
  1718   659 2563.72307   15  586 2565.40651 2557.29808  0.32%   702  216s
  1738   660 2564.01124   16  554 2565.40651 2557.29808  0.32%   701  224s
  1757   665 2564.09107   17  510 2565.40651 2557.29808  0.32%   699  231s
  1805   665 2561.40694   14  613 2565.40651 2557.29808  0.32%   694  236s
  1919   692 2563.29305   17  585 2565.40651 2557.29808  0.32%   689  241s
  2065   720 2564.87513   25  394 2565.40651 2559.43181  0.23%   674  246s
  2236   655 2565.26399   51   42 2565.40651 2559.43506  0.23%   655  251s
H 2238   655                    2565.3861797 2559.43506  0.23%   655  251s
  2257   660 2565.26399   56   34 2565.38618 2559.43506  0.23%   653  263s
  2269   709 2565.26399   57   32 2565.38618 2559.43506  0.23%   653  274s
* 2296   709              84    2565.3410853 2559.43506  0.23%   645  274s
  2362   690     cutoff   84      2565.34109 2559.88299  0.21%   632  279s
  2477   690     cutoff   70      2565.34109 2559.88299  0.21%   621  280s
  2550   741 2564.23819   10  613 2565.34109 2559.88299  0.21%   618  285s
* 2666   699              87    2565.2650427 2559.88299  0.21%   608  285s
  2768   714 2562.41252    9  610 2565.26504 2560.26650  0.19%   602  292s
  2950   724 2564.23574   10  534 2565.26504 2560.37903  0.19%   598  306s
  3082   721 2565.16378   17  464 2565.26504 2560.45622  0.19%   595  320s
  3161   766     cutoff   18      2565.26504 2560.48893  0.19%   594  333s
* 3230   727              86    2565.2619295 2560.48893  0.19%   584  333s
  3275   713 2563.90838   17  547 2565.26193 2560.58395  0.18%   582  340s
  3487   754 2563.75410   15  591 2565.26193 2560.87499  0.17%   583  347s
  3718   816 2565.14816   15  504 2565.26193 2561.04663  0.16%   577  355s
  4017   835 2564.05994   11  647 2565.26193 2561.30737  0.15%   565  363s
H 4090   815                    2565.2524037 2561.30737  0.15%   561  363s
  4280   820 2564.47863   25  336 2565.25240 2561.43596  0.15%   559  371s
  4608   818     cutoff   11      2565.25240 2561.65478  0.14%   548  380s
  4880   760 2565.13291   13  460 2565.25240 2561.87023  0.13%   546  389s
  5195   755 2564.90947   15  445 2565.25240 2562.23072  0.12%   543  398s
  5398   794 2563.96140   10  535 2565.25240 2562.56237  0.10%   536  407s
* 5706   716              85    2565.2044319 2562.56237  0.10%   522  407s
  5930   523 2564.06483   14  573 2565.20443 2562.56237  0.10%   511  417s
  6352   810 2565.18277   33   85 2565.20443 2563.62621  0.06%   500  428s
* 6409   810              90    2565.2038988 2563.62621  0.06%   496  428s
* 6623   810              88    2565.1934629 2563.67505  0.06%   482  428s
* 6683   810              85    2565.1838897 2563.70192  0.06%   479  428s
  7451  1177 2564.66409   20  414 2565.18389 2564.24255  0.04%   441  438s
* 7543  1177              75    2565.1784732 2564.24255  0.04%   437  438s
* 7758  1177              83    2565.1772658 2564.24255  0.04%   425  438s
* 7886  1177              80    2565.1724091 2564.24255  0.04%   419  438s
* 8128  1177              74    2565.1709893 2564.27952  0.03%   408  438s
* 8513  1177              83    2565.1669651 2564.28147  0.03%   391  438s
* 8899  1177              72    2565.1587055 2564.53702  0.02%   376  439s
  8952    71 2565.12127   26 1015 2565.15871 2564.53702  0.02%   374  483s
  8954    72 2564.86943   15 1167 2565.15871 2564.53702  0.02%   374  507s
  8956    74 2564.75458   30 1739 2565.15871 2564.53702  0.02%   373  510s
  8964    79 2564.87702   27 1225 2565.15871 2564.53702  0.02%   373  535s
  8965    80 2564.55180   28 1225 2565.15871 2564.53702  0.02%   373  543s
  8966    83 2564.53702   14 1336 2565.15871 2564.53702  0.02%   386  546s
  8972    93 2564.53702   16 1147 2565.15871 2564.53702  0.02%   388  550s
  8992   121 2564.53702   18 1182 2565.15871 2564.53702  0.02%   393  555s
  9074   139 2564.53702   20 1151 2565.15871 2564.53702  0.02%   401  560s
  9164   138 2564.62043   22 1019 2565.15871 2564.53702  0.02%   405  565s
  9256   154 2564.53702   22 1170 2565.15871 2564.53702  0.02%   408  571s
  9337   188     cutoff   27      2565.15871 2564.53702  0.02%   411  576s
  9404   206 2564.53702   22  935 2565.15871 2564.53702  0.02%   414  581s
  9495   235 2564.96864   26  802 2565.15871 2564.53702  0.02%   418  586s
  9593   244     cutoff   28      2565.15871 2564.53702  0.02%   419  591s
  9635   249     cutoff   32      2565.15871 2564.53702  0.02%   420  595s
  9730   257 2564.61149   21  936 2565.15871 2564.53702  0.02%   421  601s
  9867   265 2564.83977   33  630 2565.15871 2564.53702  0.02%   424  606s
  9965   261 2564.53702   21 1091 2565.15871 2564.53702  0.02%   424  611s
  9993   257     cutoff   22      2565.15871 2564.53702  0.02%   424  615s
 10040   260 2564.53702   29  828 2565.15871 2564.53702  0.02%   425  624s
 10061   265 2564.72305   30  765 2565.15871 2564.53702  0.02%   426  633s
 10090   265     cutoff   31      2565.15871 2564.53702  0.02%   426  641s
 10112   262 2564.80379   32  594 2565.15871 2564.53702  0.02%   426  650s
 10156   268 2564.81802   33  547 2565.15871 2564.53702  0.02%   426  660s
 10192   273     cutoff   34      2565.15871 2564.53702  0.02%   426  668s
 10247   287 2564.53702   22  903 2565.15871 2564.53702  0.02%   426  677s
 10328   277 2564.53702   23  896 2565.15871 2564.53702  0.02%   426  685s
 10426   267 2564.53702   24  789 2565.15871 2564.53702  0.02%   426  691s
 10587   239     cutoff   23      2565.15871 2564.53702  0.02%   426  698s
 10810   232 2564.56431   34  541 2565.15871 2564.53702  0.02%   424  707s
 11023   188 2564.98442   30  804 2565.15871 2564.53702  0.02%   421  714s
 11185    66 2565.04715   31  693 2565.15871 2564.53702  0.02%   419  721s
 11413    18     cutoff   29      2565.15871 2564.53702  0.02%   415  728s
 11525     2     cutoff   40      2565.15871 2564.53702  0.02%   413  733s

Cutting planes:
  Gomory: 16
  Cover: 3
  Implied bound: 6
  MIR: 25
  Flow cover: 269
  Network: 1
  RLT: 2
  Relax-and-lift: 48

Explored 11565 nodes (4888814 simplex iterations) in 734.10 seconds (1003.20 work units)
Thread count was 24 (of 24 available processors)

Solution count 10: 2565.16 2565.16 2565.17 ... 2565.18

Optimal solution found (tolerance 1.00e-04)
Best objective 2.565158705508e+03, best bound 2.565075244833e+03, gap 0.0033%
