
Gurobi 13.0.1 (win64) logging started Thu Oct  8 17:40:07 2026

Set parameter LogFile to value "ieee_owen\weak_eps_experiment\stochastic\main17_xi\logs\n15_S20_day15_ef_gurobi.log"
Set parameter NodefileStart to value 3
Set parameter MIPGap to value 0.0001
Gurobi Optimizer version 13.0.1 build v13.0.1rc0 (win64 - Windows 10.0 (19045.2))

CPU model: AMD Ryzen 9 5900X 12-Core Processor, instruction set [SSE2|AVX|AVX2]
Thread count: 12 physical cores, 24 logical processors, using up to 24 threads

Non-default parameters:
TimeLimit  1800
NodefileStart  3
LogToConsole  0

Optimize a model with 92686 rows, 89726 columns and 384875 nonzeros (Min)
Model fingerprint: 0x5e363329
Model has 22 linear objective coefficients
Variable types: 75446 continuous, 14280 integer (14280 binary)
Coefficient statistics:
  Matrix range     [3e-04, 2e+02]
  Objective range  [5e-02, 1e+00]
  Bounds range     [1e-02, 5e+01]
  RHS range        [8e-02, 2e+01]

Presolve removed 40210 rows and 29726 columns
Presolve time: 0.74s
Presolved: 52476 rows, 60000 columns, 205460 nonzeros
Variable types: 47303 continuous, 12697 integer (12696 binary)
Found heuristic solution: objective 2452.9592142
Deterministic concurrent LP optimizer: primal and dual simplex
Showing primal log only...


Root simplex log...

Iteration    Objective       Primal Inf.    Dual Inf.      Time
   23135    3.9569884e+03   0.000000e+00   1.034244e+05      5s
   36114    3.8197054e+03   0.000000e+00   3.982884e+04     10s
   47304    3.7386732e+03   0.000000e+00   2.491359e+05     15s
   58054    3.6722962e+03   0.000000e+00   1.019897e+05     20s
Concurrent spin time: 0.00s

Solved with dual simplex

Root simplex log...

Iteration    Objective       Primal Inf.    Dual Inf.      Time
   96446    1.7625703e+03   0.000000e+00   0.000000e+00     20s

Root relaxation: objective 1.762570e+03, 96446 iterations, 19.23 seconds (24.60 work units)

    Nodes    |    Current Node    |     Objective Bounds      |     Work
 Expl Unexpl |  Obj  Depth IntInf | Incumbent    BestBd   Gap | It/Node Time

     0     0 1762.57027    0  653 2452.95921 1762.57027  28.1%     -   21s
H    0     0                    1856.8512431 1762.57027  5.08%     -   22s
H    0     0                    1813.1689404 1762.57027  2.79%     -   24s
     0     0 1762.62555    0  737 1813.16894 1762.62555  2.79%     -   25s
     0     0 1762.62555    0  737 1813.16894 1762.62555  2.79%     -   28s
     0     0 1762.97139    0  687 1813.16894 1762.97139  2.77%     -   29s
H    0     0                    1806.6972607 1762.97139  2.42%     -   31s
     0     0 1762.98616    0  746 1806.69726 1762.98616  2.42%     -   31s
     0     0 1762.98616    0  746 1806.69726 1762.98616  2.42%     -   31s
     0     0 1762.98773    0  861 1806.69726 1762.98773  2.42%     -   32s
     0     0 1763.10417    0  853 1806.69726 1763.10417  2.41%     -   33s
     0     0 1763.13151    0  853 1806.69726 1763.13151  2.41%     -   33s
     0     0 1763.20600    0  830 1806.69726 1763.20600  2.41%     -   34s
     0     0 1763.21758    0  830 1806.69726 1763.21758  2.41%     -   34s
     0     0 1763.26173    0  802 1806.69726 1763.26173  2.40%     -   34s
     0     0 1763.31192    0  825 1806.69726 1763.31192  2.40%     -   34s
     0     0 1763.31192    0  825 1806.69726 1763.31192  2.40%     -   34s
     0     0 1764.80057    0  855 1806.69726 1764.80057  2.32%     -   35s
     0     0 1764.80057    0  807 1806.69726 1764.80057  2.32%     -   35s
     0     0 1764.80057    0  849 1806.69726 1764.80057  2.32%     -   35s
     0     0 1764.80057    0  853 1806.69726 1764.80057  2.32%     -   35s
     0     0 1764.80057    0  853 1806.69726 1764.80057  2.32%     -   36s
     0     0 1764.80277    0  844 1806.69726 1764.80277  2.32%     -   36s
     0     0 1764.86690    0  847 1806.69726 1764.86690  2.32%     -   37s
     0     0 1764.86690    0  701 1806.69726 1764.86690  2.32%     -   38s
     0     0 1764.86690    0  701 1806.69726 1764.86690  2.32%     -   38s
     0     0 1764.86690    0  705 1806.69726 1764.86690  2.32%     -   38s
     0     0 1764.86690    0  708 1806.69726 1764.86690  2.32%     -   39s
     0     0 1764.86690    0  707 1806.69726 1764.86690  2.32%     -   39s
     0     0 1764.94636    0  752 1806.69726 1764.94636  2.31%     -   40s
     0     0 1764.94636    0  607 1806.69726 1764.94636  2.31%     -   40s
     0     0 1764.95964    0  661 1806.69726 1764.95964  2.31%     -   41s
     0     0 1764.97498    0  671 1806.69726 1764.97498  2.31%     -   42s
     0     0 1764.97498    0  671 1806.69726 1764.97498  2.31%     -   42s
     0     0 1764.97498    0  671 1806.69726 1764.97498  2.31%     -   42s
     0     0 1764.97498    0  606 1806.69726 1764.97498  2.31%     -   42s
     0     2 1764.97498    0  572 1806.69726 1764.97498  2.31%     -   44s
     1     4 1765.54527    1  586 1806.69726 1764.97498  2.31%  3566   45s
    27    52 1770.09706    5  686 1806.69726 1765.65045  2.27%  1490   50s
    83    99 1771.78636    9  550 1806.69726 1765.65045  2.27%  1495   57s
   112   132 1772.62623   10  413 1806.69726 1765.65045  2.27%  1865   62s
   131   144 1774.46069   11  430 1806.69726 1765.65045  2.27%  2037   65s
H  165   168                    1783.4407160 1765.65045  1.00%  2100   68s
   167   190 1775.30151   12  411 1783.44072 1765.65045  1.00%  2096   70s
H  197   208                    1782.8835115 1765.65045  0.97%  1954   72s
   226   247 1777.86376   16  354 1782.88351 1765.65045  0.97%  1900   76s
H  260   288                    1781.3754737 1765.65045  0.88%  1760   79s
   287   302 1778.51222   22  234 1781.37547 1765.65045  0.88%  1701   81s
H  301   302                    1781.3732998 1765.65045  0.88%  1707   81s
   336   346     cutoff   25      1781.37330 1765.65045  0.88%  1670   86s
H  341   346                    1781.0270174 1765.65045  0.86%  1692   86s
   410   430     cutoff   28      1781.02702 1765.81785  0.85%  1586   90s
H  434   430                    1777.6347508 1765.81785  0.66%  1550   90s
   517   464 1770.49555    6  485 1777.63475 1765.81785  0.66%  1429   96s
   600   524 1771.87177   10  413 1777.63475 1765.81785  0.66%  1369  102s
H  607   524                    1777.5731661 1765.81785  0.66%  1399  102s
   672   577 1772.61276   11  501 1777.57317 1766.14980  0.64%  1377  107s
H  691   577                    1777.5197082 1766.14980  0.64%  1394  107s
   698   584 1770.58623   11  605 1777.51971 1766.14980  0.64%  1395  110s
   751   628 1773.91422   15  426 1777.51971 1766.14980  0.64%  1407  124s
   763   642 1774.20463   14  473 1777.51971 1766.14980  0.64%  1424  134s
   779   651 1775.81966   15  371 1777.51971 1766.14980  0.64%  1427  145s
   798   657 1775.80566   16  377 1777.51971 1766.14980  0.64%  1431  156s
   816   665     cutoff   16      1777.51971 1766.14980  0.64%  1435  167s
   842   682 1776.04539   18  378 1777.51971 1766.14980  0.64%  1430  178s
   859   688     cutoff   19      1777.51971 1766.14980  0.64%  1429  187s
   883   668     cutoff   18      1777.51971 1766.42341  0.62%  1415  195s
   899   688 1770.12840    7  557 1777.51971 1766.42341  0.62%  1407  201s
   985   679 1773.84168   11  379 1777.51971 1766.42341  0.62%  1367  206s
  1063   666     cutoff   13      1777.51971 1767.00990  0.59%  1344  210s
  1142   665 1772.01737    7  466 1777.51971 1767.00990  0.59%  1316  215s
  1219   668 1775.00409   13  398 1777.51971 1767.00990  0.59%  1304  220s
  1300   668 1777.37635   25   90 1777.51971 1767.00990  0.59%  1292  226s
  1394   683 1776.14585   11  501 1777.51971 1767.05479  0.59%  1272  232s
  1476   684 1774.87037    8  543 1777.51971 1767.05479  0.59%  1265  237s
  1567   703     cutoff   11      1777.51971 1767.05479  0.59%  1255  242s
  1642   718 1777.32093   12  415 1777.51971 1769.28234  0.46%  1254  249s
  1746   717     cutoff   13      1777.51971 1769.33494  0.46%  1240  255s
  1779   761 1775.41534   12  558 1777.51971 1769.33494  0.46%  1233  261s
  1881   767     cutoff   16      1777.51971 1769.33494  0.46%  1227  268s
  1991   781 1774.94982   11  547 1777.51971 1769.33494  0.46%  1222  276s
  2093   789     cutoff   16      1777.51971 1769.33494  0.46%  1221  283s
  2173   805 1776.18140   19  141 1777.51971 1770.41796  0.40%  1239  290s
  2289   832 1777.35578   10  509 1777.51971 1770.49906  0.39%  1242  298s
  2409   862 1773.67177   10  585 1777.51971 1770.58756  0.39%  1227  305s
  2551   915 1776.55550   10  592 1777.51971 1770.66604  0.39%  1219  314s
  2708   946     cutoff   14      1777.51971 1770.88835  0.37%  1204  322s
H 2763   915                    1777.4737608 1770.99862  0.36%  1198  322s
  2888   929     cutoff   14      1777.47376 1771.10366  0.36%  1174  332s
  3040   941 1776.50705   10  386 1777.47376 1771.27011  0.35%  1171  341s
  3222   987 1775.04730   12  486 1777.47376 1771.65700  0.33%  1156  351s
  3396  1060     cutoff   19      1777.47376 1771.89020  0.31%  1147  362s
* 3477  1047              56    1777.4200836 1771.89020  0.31%  1131  362s
  3641  1062     cutoff   22      1777.42008 1771.89020  0.31%  1120  373s
  3728  1090 1776.76535   12  529 1777.42008 1772.00783  0.30%  1117  385s
  3991  1152 1774.93270   12  403 1777.42008 1772.11528  0.30%  1093  396s
  4184  1191 1777.39410   19  148 1777.42008 1772.27482  0.29%  1084  407s
  4415  1254 1776.58723   17  378 1777.42008 1772.36104  0.28%  1074  418s
H 4670  1253                    1777.4185190 1772.65786  0.27%  1060  443s
  4671  1253 1775.80277   12  606 1777.41852 1772.65786  0.27%  1060  477s
  4673  1254 1777.41751   44 1075 1777.41852 1772.65786  0.27%  1060  501s
  4677  1257 1776.19829   18 1304 1777.41852 1772.65786  0.27%  1059  505s
  4683  1261 1773.60598   11  907 1777.41852 1772.65786  0.27%  1057  529s
  4684  1262 1774.95469   14  907 1777.41852 1772.65786  0.27%  1057  533s
  4685  1265 1772.65786   16 1002 1777.41852 1772.65786  0.27%  1081  536s
  4699  1285 1772.65786   19 1052 1777.41852 1772.65786  0.27%  1085  541s
  4725  1308 1772.65786   21  919 1777.41852 1772.65786  0.27%  1089  546s
  4764  1327 1772.65786   22  920 1777.41852 1772.65786  0.27%  1096  550s
  4809  1342 1772.65786   23  873 1777.41852 1772.65786  0.27%  1099  555s
  4852  1351 1772.65786   24  787 1777.41852 1772.65786  0.27%  1099  562s
  4905  1366 1772.65786   25  753 1777.41852 1772.65786  0.27%  1097  566s
  4973  1371 1777.18041   27  728 1777.41852 1772.65786  0.27%  1097  570s
  5046  1398 1772.70389   30  730 1777.41852 1772.65786  0.27%  1100  576s
  5123  1389 1776.32916   33  744 1777.41852 1772.65786  0.27%  1099  581s
  5182  1412 1775.15049   34  548 1777.41852 1772.65786  0.27%  1101  586s
  5258  1425 1775.77542   36  510 1777.41852 1772.65786  0.27%  1104  592s
  5312  1417 1776.22472   38  510 1777.41852 1772.65786  0.27%  1104  595s
  5442  1414 1773.23481   24  868 1777.41852 1772.65786  0.27%  1093  600s
  5548  1410     cutoff   27      1777.41852 1772.65786  0.27%  1086  611s
  5572  1422 1773.94954   25  847 1777.41852 1772.65786  0.27%  1086  618s
  5628  1428 1775.34617   27  656 1777.41852 1772.65786  0.27%  1083  625s
  5685  1408     cutoff   30      1777.41852 1772.65786  0.27%  1079  633s
  5708  1411 1772.65786   23  725 1777.41852 1772.65786  0.27%  1079  641s
  5721  1430 1772.88781   24  795 1777.41852 1772.65786  0.27%  1080  647s
  5789  1441 1774.17373   28  665 1777.41852 1772.65786  0.27%  1074  655s
  5863  1447 1776.17467   35  546 1777.41852 1772.65786  0.27%  1069  661s
  5935  1445 1777.39246   39  436 1777.41852 1772.65786  0.27%  1064  665s
* 5983  1365             202    1777.4131881 1772.65786  0.27%  1061  665s
  6126  1402     cutoff   22      1777.41319 1772.65786  0.27%  1056  673s
  6221  1371 1775.53206   28  842 1777.41319 1772.65786  0.27%  1054  678s
  6307  1327 1776.37091   31  749 1777.41319 1772.65786  0.27%  1055  684s
  6412  1277     cutoff   39      1777.41319 1772.65786  0.27%  1050  689s
  6519  1264 1774.06583   27  730 1777.41319 1772.65786  0.27%  1048  695s
  6617  1277 1777.21332   36  422 1777.41319 1772.65786  0.27%  1047  700s
  6726  1257 1775.45366   34  687 1777.41319 1772.65786  0.27%  1045  706s
  6840  1222     cutoff   41      1777.41319 1772.65786  0.27%  1042  711s
  6939  1197 1775.30837   27  722 1777.41319 1772.65786  0.27%  1042  717s
  7047  1164     cutoff   35      1777.41319 1772.65786  0.27%  1042  725s
  7068  1159 1774.31430   26  804 1777.41319 1772.65786  0.27%  1042  734s
  7167  1137     cutoff   27      1777.41319 1772.65786  0.27%  1040  741s
  7257  1111 1776.22321   28  840 1777.41319 1772.65786  0.27%  1041  748s
  7361  1075     cutoff   29      1777.41319 1772.65786  0.27%  1040  757s
  7386  1068     cutoff   30      1777.41319 1772.65786  0.27%  1040  766s
  7409  1063 1776.42939   28  909 1777.41319 1772.65786  0.27%  1040  775s
  7429  1058     cutoff   28      1777.41319 1772.65786  0.27%  1040  783s
  7448  1056     cutoff   29      1777.41319 1772.65786  0.27%  1040  792s
  7467  1052 1774.68638   27  694 1777.41319 1772.65786  0.27%  1039  801s
H 7491   935                    1777.4106803 1772.65786  0.27%  1038  801s
  7511   946     cutoff   29      1777.41068 1772.65786  0.27%  1037  809s
  7680   905     cutoff   32      1777.41068 1772.65786  0.27%  1034  818s
  7852   874     cutoff   30      1777.41068 1773.29161  0.23%  1033  830s
  8044   835     cutoff   29      1777.41068 1773.45573  0.22%  1028  840s
  8276   847 1774.58812   28  706 1777.41068 1773.55635  0.22%  1017  851s
  8484   841 1777.09346   31  684 1777.41068 1773.66711  0.21%  1011  860s
  8712   873     cutoff   28      1777.41068 1774.06583  0.19%  1005  870s
  8928   907 1776.26128   36  457 1777.41068 1774.14111  0.18%   999  881s
  9183   941     cutoff   35      1777.41068 1774.26704  0.18%   992  892s
  9469   930 1776.76539   34  473 1777.41068 1774.28292  0.18%   985  904s
  9737   897     cutoff   30      1777.41068 1774.44747  0.17%   982  915s
  9947   875 1776.79502   31  441 1777.41068 1774.52535  0.16%   984  929s
 10211   844 1776.17936   35  516 1777.41068 1774.77225  0.15%   983  941s
H10358   844                    1777.4106791 1774.80384  0.15%   982  941s
 10485   821 1776.97198   34  483 1777.41068 1774.96420  0.14%   981  954s
 10829   810 1776.43876   22  650 1777.41068 1775.12769  0.13%   976  968s
 11184   732     cutoff   40      1777.41068 1775.28331  0.12%   970  983s
 11543   626     cutoff   30      1777.41068 1775.45788  0.11%   966  998s
 11963   453 infeasible   34      1777.41068 1775.67548  0.10%   959 1015s
 12522   308     cutoff   38      1777.41068 1776.01107  0.08%   942 1033s
 13150     7 1777.39961   39  321 1777.41068 1776.28841  0.06%   926 1047s

Cutting planes:
  Gomory: 7
  Cover: 1
  Implied bound: 12
  MIR: 17
  Flow cover: 118
  Relax-and-lift: 11

Explored 13774 nodes (12529748 simplex iterations) in 1048.47 seconds (1412.35 work units)
Thread count was 24 (of 24 available processors)

Solution count 10: 1777.41 1777.41 1777.41 ... 1777.52

Optimal solution found (tolerance 1.00e-04)
Best objective 1.777410679099e+03, best bound 1.777410679099e+03, gap 0.0000%
