
Gurobi 13.0.1 (win64) logging started Thu Oct  8 12:40:12 2026

Set parameter LogFile to value "ieee_owen\weak_eps_experiment\stochastic\main17_xi\logs\n15_S20_day12_ef_gurobi.log"
Set parameter NodefileStart to value 3
Set parameter MIPGap to value 0.0001
Gurobi Optimizer version 13.0.1 build v13.0.1rc0 (win64 - Windows 10.0 (19045.2))

CPU model: AMD Ryzen 9 5900X 12-Core Processor, instruction set [SSE2|AVX|AVX2]
Thread count: 12 physical cores, 24 logical processors, using up to 24 threads

Non-default parameters:
TimeLimit  1800
NodefileStart  3
LogToConsole  0

Optimize a model with 92686 rows, 89726 columns and 384875 nonzeros (Min)
Model fingerprint: 0x75ef6482
Model has 22 linear objective coefficients
Variable types: 75446 continuous, 14280 integer (14280 binary)
Coefficient statistics:
  Matrix range     [3e-04, 2e+02]
  Objective range  [5e-02, 1e+00]
  Bounds range     [8e-03, 5e+01]
  RHS range        [8e-02, 2e+01]

Presolve removed 40246 rows and 29763 columns
Presolve time: 0.75s
Presolved: 52440 rows, 59963 columns, 205432 nonzeros
Variable types: 47276 continuous, 12687 integer (12686 binary)
Found heuristic solution: objective 3154.5798358
Deterministic concurrent LP optimizer: primal and dual simplex
Showing primal log only...


Root simplex log...

Iteration    Objective       Primal Inf.    Dual Inf.      Time
   24351    4.4385217e+03   0.000000e+00   6.779199e+04      5s
   40139    4.3254934e+03   0.000000e+00   7.193093e+04     10s
   52869    4.2372808e+03   0.000000e+00   6.950349e+04     15s
   63450    4.1848651e+03   0.000000e+00   1.873283e+05     20s
   74210    4.1292498e+03   0.000000e+00   2.314938e+05     25s
   84970    4.0755948e+03   0.000000e+00   4.409641e+04     30s
Concurrent spin time: 0.00s

Solved with dual simplex

Root simplex log...

Iteration    Objective       Primal Inf.    Dual Inf.      Time
  103311    2.5707044e+03   0.000000e+00   0.000000e+00     34s

Root relaxation: objective 2.570704e+03, 103311 iterations, 33.29 seconds (42.56 work units)

    Nodes    |    Current Node    |     Objective Bounds      |     Work
 Expl Unexpl |  Obj  Depth IntInf | Incumbent    BestBd   Gap | It/Node Time

     0     0 2570.70438    0  787 3154.57984 2570.70438  18.5%     -   35s
H    0     0                    2631.4371369 2570.70438  2.31%     -   38s
H    0     0                    2615.8280459 2570.70438  1.73%     -   40s
     0     0 2570.85114    0 1233 2615.82805 2570.85114  1.72%     -   42s
     0     0 2570.86431    0 1207 2615.82805 2570.86431  1.72%     -   47s
     0     0 2570.86431    0 1209 2615.82805 2570.86431  1.72%     -   47s
     0     0 2571.29530    0 1455 2615.82805 2571.29530  1.70%     -   49s
     0     0 2571.39564    0 1283 2615.82805 2571.39564  1.70%     -   51s
     0     0 2571.42045    0 1293 2615.82805 2571.42045  1.70%     -   52s
     0     0 2571.48768    0 1342 2615.82805 2571.48768  1.70%     -   52s
     0     0 2571.48894    0 1342 2615.82805 2571.48894  1.70%     -   52s
     0     0 2571.48979    0 1318 2615.82805 2571.48979  1.69%     -   53s
     0     0 2571.48979    0 1319 2615.82805 2571.48979  1.69%     -   53s
     0     0 2571.79524    0 1349 2615.82805 2571.79524  1.68%     -   54s
     0     0 2571.88539    0 1279 2615.82805 2571.88539  1.68%     -   55s
     0     0 2571.92383    0 1250 2615.82805 2571.92383  1.68%     -   55s
     0     0 2571.92879    0 1154 2615.82805 2571.92879  1.68%     -   55s
     0     0 2571.95068    0 1149 2615.82805 2571.95068  1.68%     -   56s
     0     0 2571.95744    0 1151 2615.82805 2571.95744  1.68%     -   56s
     0     0 2571.96953    0 1164 2615.82805 2571.96953  1.68%     -   56s
     0     0 2571.97639    0 1148 2615.82805 2571.97639  1.68%     -   56s
     0     0 2571.98465    0 1241 2615.82805 2571.98465  1.68%     -   57s
     0     0 2571.98660    0 1238 2615.82805 2571.98660  1.68%     -   57s
     0     0 2571.98660    0 1238 2615.82805 2571.98660  1.68%     -   57s
     0     0 2572.12559    0 1334 2615.82805 2572.12559  1.67%     -   58s
     0     0 2573.78954    0 1343 2615.82805 2573.78954  1.61%     -   60s
     0     0 2573.78954    0 1341 2615.82805 2573.78954  1.61%     -   60s
     0     0 2573.78954    0 1355 2615.82805 2573.78954  1.61%     -   61s
     0     0 2573.78954    0 1353 2615.82805 2573.78954  1.61%     -   61s
     0     0 2573.78954    0 1353 2615.82805 2573.78954  1.61%     -   61s
     0     0 2573.78954    0 1321 2615.82805 2573.78954  1.61%     -   62s
     0     0 2573.78954    0 1321 2615.82805 2573.78954  1.61%     -   62s
     0     0 2573.78954    0 1385 2615.82805 2573.78954  1.61%     -   63s
     0     0 2573.78954    0 1385 2615.82805 2573.78954  1.61%     -   63s
     0     0 2573.78954    0 1385 2615.82805 2573.78954  1.61%     -   63s
     0     0 2573.78954    0 1385 2615.82805 2573.78954  1.61%     -   64s
     0     0 2573.78954    0 1275 2615.82805 2573.78954  1.61%     -   64s
     0     2 2573.78954    0 1272 2615.82805 2573.78954  1.61%     -   67s
     3     8 2574.85251    2 1251 2615.82805 2573.78954  1.61%  2569   71s
    15    28 2575.13498    4 1061 2615.82805 2574.84190  1.57%  3225   76s
H   20    28                    2615.8071466 2574.84190  1.57%  2475   76s
H   27    55                    2615.5199880 2574.84927  1.55%  2779   80s
H   31    55                    2615.4069559 2574.84927  1.55%  2565   80s
H   40    55                    2615.3437940 2574.84927  1.55%  2189   80s
H   46    55                    2615.2727875 2574.84927  1.55%  2139   80s
    54    85 2575.51611    8  910 2615.27279 2574.84927  1.55%  2173   85s
    98   120 2576.10970   10  830 2615.27279 2574.84927  1.55%  2017   92s
   119   137 2578.70639   11  611 2615.27279 2574.84927  1.55%  1976   95s
   152   191 2578.45570   12  540 2615.27279 2574.84927  1.55%  2103  101s
   213   230 2581.87097   15  444 2615.27279 2574.84927  1.55%  1926  107s
   255   272 2582.90770   19  309 2615.27279 2574.84927  1.55%  1965  111s
H  286   296                    2605.4039958 2574.84927  1.17%  1967  114s
   295   313 2583.80134   20  321 2605.40400 2574.84927  1.17%  1961  117s
H  298   313                    2591.0985913 2574.84927  0.63%  1980  117s
H  315   321                    2591.0883967 2574.84927  0.63%  1959  119s
H  318   321                    2590.7427210 2574.84927  0.61%  1972  119s
   328   345 2584.59449   22  250 2590.74272 2574.84927  0.61%  1934  122s
H  346   345                    2590.6619619 2574.84927  0.61%  1892  122s
H  366   391                    2586.8514958 2574.84927  0.46%  1855  124s
   420   390 2585.41185   29   95 2586.85150 2574.84927  0.46%  1679  127s
H  470   412                    2586.3101522 2574.85016  0.44%  1595  131s
H  528   464                    2586.1964294 2574.85016  0.44%  1574  136s
H  591   525                    2586.1866545 2574.85016  0.44%  1551  142s
   623   545 2586.17368   68   29 2586.18665 2574.85016  0.44%  1552  145s
   655   550 2586.17368   79   17 2586.18665 2575.21182  0.42%  1541  154s
   672   574 2586.17368   80   16 2586.18665 2575.21182  0.42%  1539  161s
   696   585 2586.17368   92    4 2586.18665 2575.21182  0.42%  1529  165s
*  700   585              96    2586.1736752 2575.21182  0.42%  1520  165s
H  709   585                    2586.1574190 2575.21182  0.42%  1523  165s
   721   633 2580.24881    7  598 2586.15742 2575.21182  0.42%  1534  170s
   807   661 2585.63653    9  508 2586.15742 2575.21182  0.42%  1468  179s
   883   671 2584.34240   10  222 2586.15742 2575.21182  0.42%  1435  184s
   947   693 2584.41694   12  412 2586.15742 2575.21182  0.42%  1426  189s
  1023   719     cutoff   12      2586.15742 2575.21182  0.42%  1377  192s
  1116   717 2585.18889   15  233 2586.15742 2575.21182  0.42%  1306  195s
  1224   724 2585.42665   22  256 2586.15742 2575.37321  0.42%  1224  201s
  1355   764 2586.14850   29   74 2586.15742 2575.37321  0.42%  1152  205s
H 1385   694                    2586.1470340 2575.37321  0.42%  1127  205s
* 1434   694              93    2586.1422229 2575.88899  0.40%  1096  205s
  1489   665     cutoff   39      2586.14222 2575.92221  0.40%  1087  210s
  1622   685 2584.94111   11  578 2586.14222 2576.24196  0.38%  1086  219s
* 1666   685              91    2586.1419799 2576.24196  0.38%  1086  219s
  1693   657     cutoff   14      2586.14198 2576.24196  0.38%  1089  225s
  1756   659     cutoff   12      2586.14198 2576.39457  0.38%  1109  230s
  1810   662 2584.02304    8  893 2586.14198 2576.39457  0.38%  1126  236s
  1872   651     cutoff   12      2586.14198 2576.39457  0.38%  1141  242s
  1939   657 2579.44467   15  540 2586.14198 2576.39457  0.38%  1153  249s
  2006   658 2586.06119   19  364 2586.14198 2576.53227  0.37%  1175  256s
  2069   665 2585.00621   18  401 2586.14198 2576.66876  0.37%  1198  264s
  2124   676 2583.19167   13  475 2586.14198 2577.11596  0.35%  1219  271s
  2194   697 2584.64262   14  360 2586.14198 2577.51421  0.33%  1235  279s
  2264   726 2582.77232   15  411 2586.14198 2577.73556  0.33%  1252  286s
  2341   733 2582.42863   14  626 2586.14198 2577.73556  0.33%  1261  294s
  2412   734 2585.46513   17  373 2586.14198 2577.73556  0.33%  1272  301s
  2491   745 2579.92444    7  801 2586.14198 2577.73556  0.33%  1284  311s
  2583   767 2582.41477    9  737 2586.14198 2577.81133  0.32%  1291  320s
  2634   759 2584.83290   11  582 2586.14198 2578.32556  0.30%  1299  328s
  2732   772 2582.11056    8  646 2586.14198 2578.41486  0.30%  1306  337s
  2784   782 2585.04507   10  588 2586.14198 2578.41486  0.30%  1311  346s
  2872   780     cutoff   11      2586.14198 2578.75003  0.29%  1321  357s
  2986   784 2583.32758    7 1086 2586.14198 2578.81816  0.28%  1331  367s
  3088   797 2583.67064   19  247 2586.14198 2579.01439  0.28%  1341  378s
  3205   801 2583.17693    8  661 2586.14198 2579.25156  0.27%  1349  391s
H 3220   801                    2586.1419768 2579.25156  0.27%  1348  391s
  3225   807 2584.17322    9  543 2586.14198 2579.25156  0.27%  1349  403s
  3379   823 2585.08102    9  718 2586.14198 2579.56085  0.25%  1343  415s
  3521   842 2585.86207   10  643 2586.14198 2579.67522  0.25%  1348  427s
  3674   847 2586.00018   11  611 2586.14198 2579.67522  0.25%  1348  439s
  3810   856 2583.44776   14  579 2586.14198 2579.88651  0.24%  1353  452s
  3964   861 2585.91314   18  400 2586.14198 2580.13301  0.23%  1354  465s
  4126   860 2585.62943   10  247 2586.14198 2580.50813  0.22%  1354  483s
  4336   914 2584.22253   12  580 2586.14198 2580.60628  0.21%  1348  498s
  4553   912     cutoff   15      2586.14198 2580.81880  0.21%  1322  514s
* 4626   869              82    2586.1419259 2580.91008  0.20%  1320  514s
  4786   867 2584.68717   11  673 2586.14193 2580.98396  0.20%  1314  530s
  4910   851 2585.29441   16  516 2586.14193 2581.02073  0.20%  1315  545s
  5100   822     cutoff   17      2586.14193 2581.33236  0.19%  1323  563s
  5319   826     cutoff   12      2586.14193 2581.55460  0.18%  1326  580s
  5554   796     cutoff   13      2586.14193 2581.74437  0.17%  1327  598s
  5823   789     cutoff   15      2586.14193 2581.93991  0.16%  1325  616s
  6043   799 2584.34187   15  773 2586.14193 2582.09767  0.16%  1318  633s
  6058   776 2584.34321   16  753 2586.14193 2582.09816  0.16%  1319  651s
  6244   747 2584.60696   11  560 2586.14193 2582.17812  0.15%  1314  669s
  6491   736 2585.46727   14  590 2586.14193 2582.26692  0.15%  1316  690s
  6795   669     cutoff   13      2586.14193 2582.62778  0.14%  1306  713s
  7247   578     cutoff   17      2586.14193 2583.12609  0.12%  1283  734s
  7502   578 2586.03693   15  386 2586.14193 2583.18961  0.11%  1278  735s
  7605   568 2586.01866   22  348 2586.14193 2583.46430  0.10%  1274  755s
  7656   428 2585.49536   17  359 2586.14193 2583.56786  0.10%  1272  779s
  7997    48     cutoff   20      2586.14193 2583.71775  0.09%  1256  804s
  8888     0 2585.99655   30   71 2586.14193 2585.41444  0.03%  1178  806s

Cutting planes:
  Gomory: 18
  Cover: 365
  Implied bound: 683
  MIR: 366
  Flow cover: 1264
  Network: 9
  RLT: 13
  Relax-and-lift: 258
  BQP: 2

Explored 8976 nodes (10615481 simplex iterations) in 807.21 seconds (1129.73 work units)
Thread count was 24 (of 24 available processors)

Solution count 10: 2586.14 2586.14 2586.14 ... 2586.31

Optimal solution found (tolerance 1.00e-04)
Best objective 2.586141925908e+03, best bound 2.586141925908e+03, gap 0.0000%
