
Gurobi 13.0.1 (win64) logging started Thu Oct  8 23:59:08 2026

Set parameter LogFile to value "ieee_owen\weak_eps_experiment\stochastic\main17_xi\logs\n15_S20_day19_ef_gurobi.log"
Set parameter NodefileStart to value 3
Set parameter MIPGap to value 0.0001
Gurobi Optimizer version 13.0.1 build v13.0.1rc0 (win64 - Windows 10.0 (19045.2))

CPU model: AMD Ryzen 9 5900X 12-Core Processor, instruction set [SSE2|AVX|AVX2]
Thread count: 12 physical cores, 24 logical processors, using up to 24 threads

Non-default parameters:
TimeLimit  1800
NodefileStart  3
LogToConsole  0

Optimize a model with 92686 rows, 89726 columns and 384875 nonzeros (Min)
Model fingerprint: 0xc5cfa0af
Model has 22 linear objective coefficients
Variable types: 75446 continuous, 14280 integer (14280 binary)
Coefficient statistics:
  Matrix range     [3e-04, 2e+02]
  Objective range  [5e-02, 1e+00]
  Bounds range     [9e-03, 5e+01]
  RHS range        [8e-02, 2e+01]

Presolve removed 40250 rows and 29767 columns
Presolve time: 0.75s
Presolved: 52436 rows, 59959 columns, 205390 nonzeros
Variable types: 47273 continuous, 12686 integer (12685 binary)
Found heuristic solution: objective 2939.8022818
Deterministic concurrent LP optimizer: primal and dual simplex
Showing primal log only...


Root simplex log...

Iteration    Objective       Primal Inf.    Dual Inf.      Time
   24888    4.2300341e+03   0.000000e+00   5.064374e+04      5s
   42420    4.0574103e+03   0.000000e+00   2.630064e+04     10s
   54668    3.9755605e+03   0.000000e+00   3.333360e+04     15s
   66187    3.9091759e+03   0.000000e+00   1.171199e+05     20s
   77107    3.8441830e+03   0.000000e+00   4.496231e+04     25s
Concurrent spin time: 0.00s

Solved with dual simplex

Root simplex log...

Iteration    Objective       Primal Inf.    Dual Inf.      Time
   99246    2.2884590e+03   0.000000e+00   0.000000e+00     28s

Root relaxation: objective 2.288459e+03, 99246 iterations, 26.82 seconds (34.79 work units)

    Nodes    |    Current Node    |     Objective Bounds      |     Work
 Expl Unexpl |  Obj  Depth IntInf | Incumbent    BestBd   Gap | It/Node Time

     0     0 2288.45900    0 1009 2939.80228 2288.45900  22.2%     -   28s
H    0     0                    2328.7794857 2288.45900  1.73%     -   31s
H    0     0                    2317.1855678 2288.45900  1.24%     -   32s
     0     0 2288.65022    0 1132 2317.18557 2288.65022  1.23%     -   34s
H    0     0                    2316.4278890 2288.65022  1.20%     -   40s
     0     0 2288.65022    0 1132 2316.42789 2288.65022  1.20%     -   40s
     0     0 2289.02869    0 1107 2316.42789 2289.02869  1.18%     -   41s
     0     0 2289.15052    0 1192 2316.42789 2289.15052  1.18%     -   42s
     0     0 2289.25313    0 1146 2316.42789 2289.25313  1.17%     -   42s
     0     0 2289.29439    0 1060 2316.42789 2289.29439  1.17%     -   43s
     0     0 2289.33701    0 1018 2316.42789 2289.33701  1.17%     -   43s
     0     0 2289.41122    0 1042 2316.42789 2289.41122  1.17%     -   43s
     0     0 2289.42822    0 1021 2316.42789 2289.42822  1.17%     -   43s
H    0     0                    2316.2765567 2289.46420  1.16%     -   44s
     0     0 2289.46420    0  975 2316.27656 2289.46420  1.16%     -   44s
     0     0 2289.49278    0  997 2316.27656 2289.49278  1.16%     -   44s
     0     0 2289.50490    0  976 2316.27656 2289.50490  1.16%     -   44s
     0     0 2289.51125    0  975 2316.27656 2289.51125  1.16%     -   44s
     0     0 2289.51131    0  976 2316.27656 2289.51131  1.16%     -   44s
     0     0 2289.54015    0  963 2316.27656 2289.54015  1.15%     -   45s
     0     0 2289.54017    0  963 2316.27656 2289.54017  1.15%     -   47s
     0     0 2289.54418    0  967 2316.27656 2289.54418  1.15%     -   48s
     0     0 2289.54418    0  967 2316.27656 2289.54418  1.15%     -   48s
     0     0 2289.54418    0  967 2316.27656 2289.54418  1.15%     -   48s
H    0     0                    2316.0303657 2289.54418  1.14%     -   51s
     0     0 2289.54418    0  969 2316.03037 2289.54418  1.14%     -   51s
     0     0 2289.54418    0  970 2316.03037 2289.54418  1.14%     -   52s
     0     0 2289.54418    0  970 2316.03037 2289.54418  1.14%     -   52s
     0     0 2289.54418    0  759 2316.03037 2289.54418  1.14%     -   52s
     0     0 2289.54418    0  769 2316.03037 2289.54418  1.14%     -   54s
     0     0 2289.54418    0  779 2316.03037 2289.54418  1.14%     -   54s
     0     0 2289.54418    0  765 2316.03037 2289.54418  1.14%     -   55s
     0     0 2289.55060    0  765 2316.03037 2289.55060  1.14%     -   56s
     0     0 2289.55060    0  779 2316.03037 2289.55060  1.14%     -   57s
     0     0 2289.55060    0  759 2316.03037 2289.55060  1.14%     -   57s
     0     0 2289.55060    0  759 2316.03037 2289.55060  1.14%     -   57s
     0     0 2289.55060    0  759 2316.03037 2289.55060  1.14%     -   57s
     0     0 2289.55060    0  759 2316.03037 2289.55060  1.14%     -   58s
H    0     0                    2315.1940067 2289.55585  1.11%     -   59s
     0     2 2289.55585    0  759 2315.19401 2289.55585  1.11%     -   59s
     1     4 2290.19845    1  741 2315.19401 2289.55585  1.11%  1270   60s
     7    16 2290.37469    3  747 2315.19401 2289.55585  1.11%   859   68s
    15    26 2310.37610    4  595 2315.19401 2290.20800  1.08%  5009   73s
H   17    26                    2315.1913416 2290.20800  1.08%  4486   73s
    27    41 2310.70478    5  771 2315.19134 2290.68905  1.06%  4532   78s
    44    68 2311.50622    7  703 2315.19134 2290.91325  1.05%  3753   82s
H   63    68                    2314.9651958 2290.91325  1.04%  3249   82s
    71    84 2314.39987    8  695 2314.96520 2290.91325  1.04%  3135   86s
   119   122     cutoff   10      2314.96520 2291.07274  1.03%  2805   92s
   147   141 2295.52194    6  732 2314.96520 2291.08988  1.03%  2748   96s
   194   180 2297.71516   10  544 2314.96520 2291.10504  1.03%  2661  102s
H  199   180                    2312.0124195 2291.10504  0.90%  2641  102s
   207   208 2294.85942    9  644 2312.01242 2291.10504  0.90%  2621  105s
   258   251 2299.42924   10  608 2312.01242 2291.10504  0.90%  2531  111s
   300   286 2297.56509   11  679 2312.01242 2291.10504  0.90%  2467  117s
   358   343 2295.81526   10  727 2312.01242 2291.16217  0.90%  2335  122s
H  361   343                    2312.0121533 2291.16217  0.90%  2327  122s
H  362   343                    2306.6398228 2291.16217  0.67%  2330  122s
   386   344 2298.42080   12  799 2306.63982 2291.16217  0.67%  2268  125s
   468   419 2299.95547   19  408 2306.63982 2291.18471  0.67%  2113  132s
   513   425 2300.34721   26  451 2306.63982 2291.18471  0.67%  2027  136s
   531   456 2300.37342   27  451 2306.63982 2291.18471  0.67%  1997  140s
   591   462 2301.00406   35  264 2306.63982 2291.18471  0.67%  1895  151s
   609   468 2301.45983   34  248 2306.63982 2291.18471  0.67%  1886  162s
   628   475 2306.34280   33  314 2306.63982 2291.26092  0.67%  1888  174s
   646   487 2302.86090   36  244 2306.63982 2291.26092  0.67%  1873  179s
   660   541 2303.18241   35  222 2306.63982 2291.71044  0.65%  1877  183s
H  667   541                    2305.4096402 2291.71044  0.59%  1881  183s
   728   559 2302.86090   37  267 2305.40964 2291.71044  0.59%  1788  188s
   802   591     cutoff   37      2305.40964 2291.71044  0.59%  1710  193s
H  817   591                    2305.1361375 2291.71044  0.58%  1697  193s
   860   613 2299.65595    7  571 2305.13614 2291.71044  0.58%  1671  197s
H  864   613                    2305.1289855 2291.71044  0.58%  1676  197s
   900   617 2302.48016    8  575 2305.12899 2291.71044  0.58%  1647  210s
   920   628 2303.38959    9  518 2305.12899 2291.77471  0.58%  1647  224s
   941   639     cutoff    9      2305.12899 2291.77471  0.58%  1669  240s
   954   648 2304.77657   10  349 2305.12899 2291.77471  0.58%  1665  255s
   969   653 2304.15733   11  417 2305.12899 2291.77471  0.58%  1663  271s
   988   660     cutoff   11      2305.12899 2291.77471  0.58%  1663  286s
  1005   676 2304.30943   13  372 2305.12899 2291.77471  0.58%  1649  299s
  1035   668 2304.38987   14  401 2305.12899 2292.14650  0.56%  1636  309s
  1119   675 2297.86170    7  615 2305.12899 2292.14808  0.56%  1587  318s
  1216   669 2304.97975   11  494 2305.12899 2292.14808  0.56%  1536  327s
  1324   708 2300.85767    9  555 2305.12899 2292.79261  0.54%  1499  334s
  1429   723 2304.74109   23  298 2305.12899 2292.79261  0.54%  1452  341s
  1537   764 2304.10647    9  636 2305.12899 2294.35468  0.47%  1423  349s
* 1628   744              77    2305.1173766 2295.44865  0.42%  1413  349s
  1648   760 2303.14293    7  593 2305.11738 2295.44865  0.42%  1401  358s
  1761   784 2299.19827    9  706 2305.11738 2296.47496  0.37%  1385  366s
  1875   799 2303.72537   16  444 2305.11738 2296.47496  0.37%  1379  375s
  2004   811     cutoff   10      2305.11738 2297.94748  0.31%  1365  384s
  2133   831 2302.14855   10  686 2305.11738 2297.99756  0.31%  1366  393s
  2248   865 2301.77937   16  569 2305.11738 2298.26808  0.30%  1372  402s
  2421   878 2300.63492   15  458 2305.11738 2298.57088  0.28%  1347  412s
  2586   898 2302.32206   13  506 2305.11738 2298.64026  0.28%  1332  422s
  2770   891 2303.92701   14  348 2305.11738 2298.93007  0.27%  1322  433s
  2871   889 2303.41221   34  288 2305.11738 2299.28693  0.25%  1328  444s
  3021   882     cutoff   19      2305.11738 2299.32270  0.25%  1329  455s
  3204   937 infeasible   18      2305.11738 2299.60094  0.24%  1323  466s
  3442   965     cutoff   38      2305.11738 2299.81588  0.23%  1291  478s
* 3605   900              92    2304.9895846 2299.84041  0.22%  1284  478s
  3670   866 2303.47415   14  623 2304.98958 2299.99139  0.22%  1275  491s
  3918   871 2304.37600   12  400 2304.98958 2300.17697  0.21%  1256  503s
  4208   919 2304.92133   22  167 2304.98958 2300.42120  0.20%  1229  515s
* 4273   919              82    2304.9889658 2300.42120  0.20%  1210  515s
  4474   917     cutoff   81      2304.98897 2300.56757  0.19%  1204  531s
H 4521   912                    2304.9872716 2300.85038  0.18%  1200  531s
  4547   911 2301.72337   13  665 2304.98727 2300.85647  0.18%  1197  545s
  4871   895 2303.85884   15  413 2304.98727 2301.17355  0.17%  1170  560s
  5240   807 2304.14580   22  437 2304.98727 2301.48058  0.15%  1139  575s
  5687   890 2302.94317   16  404 2304.98727 2301.97591  0.13%  1102  592s
* 6074   847              98    2304.9770621 2302.04263  0.13%  1062  592s
  6157   689 2304.26423   12  380 2304.97706 2302.22229  0.12%  1055  610s
  6746   635     cutoff   21      2304.97706 2302.96979  0.09%  1012  628s
* 7064   617              79    2304.9768516 2303.00321  0.09%   983  629s
* 7297   589              84    2304.9690348 2303.00651  0.09%   961  629s
* 7300   589              83    2304.9689878 2303.00651  0.09%   961  629s
  7704   445     cutoff   29      2304.96899 2303.33363  0.07%   933  648s
* 8387   445              76    2304.9659155 2303.41421  0.07%   875  648s
  9128  1082 2304.60901   17  299 2304.96592 2304.18674  0.03%   823  659s
* 9206  1082              79    2304.9658469 2304.18674  0.03%   816  659s

Cutting planes:
  Gomory: 14
  Cover: 107
  Implied bound: 446
  MIR: 321
  Flow cover: 931
  Flow path: 1
  Relax-and-lift: 117

Explored 10964 nodes (7676413 simplex iterations) in 660.02 seconds (907.19 work units)
Thread count was 24 (of 24 available processors)

Solution count 10: 2304.97 2304.97 2304.97 ... 2305.12

Optimal solution found (tolerance 1.00e-04)
Best objective 2.304965846868e+03, best bound 2.304963495780e+03, gap 0.0001%
