
Gurobi 13.0.1 (win64) logging started Thu Oct  8 05:50:11 2026

Set parameter LogFile to value "ieee_owen\weak_eps_experiment\stochastic\main17_xi\logs\n15_S20_day8_ef_gurobi.log"
Set parameter NodefileStart to value 3
Set parameter MIPGap to value 0.0001
Gurobi Optimizer version 13.0.1 build v13.0.1rc0 (win64 - Windows 10.0 (19045.2))

CPU model: AMD Ryzen 9 5900X 12-Core Processor, instruction set [SSE2|AVX|AVX2]
Thread count: 12 physical cores, 24 logical processors, using up to 24 threads

Non-default parameters:
TimeLimit  1800
NodefileStart  3
LogToConsole  0

Optimize a model with 92686 rows, 89726 columns and 384875 nonzeros (Min)
Model fingerprint: 0x38a7f7d8
Model has 22 linear objective coefficients
Variable types: 75446 continuous, 14280 integer (14280 binary)
Coefficient statistics:
  Matrix range     [3e-04, 2e+02]
  Objective range  [5e-02, 1e+00]
  Bounds range     [7e-03, 5e+01]
  RHS range        [8e-02, 2e+01]

Presolve removed 40280 rows and 29794 columns
Presolve time: 0.73s
Presolved: 52406 rows, 59932 columns, 205318 nonzeros
Variable types: 47253 continuous, 12679 integer (12678 binary)
Found heuristic solution: objective 2429.7684034
Deterministic concurrent LP optimizer: primal and dual simplex
Showing primal log only...


Root simplex log...

Iteration    Objective       Primal Inf.    Dual Inf.      Time
   23509    4.0794185e+03   0.000000e+00   9.348504e+04      5s
   38590    3.9044827e+03   0.000000e+00   1.137056e+05     10s
   50209    3.8110745e+03   0.000000e+00   1.047218e+05     15s
   60658    3.7420662e+03   0.000000e+00   4.784983e+04     20s
   71168    3.6777344e+03   0.000000e+00   4.316939e+04     25s
   80708    3.6337975e+03   0.000000e+00   3.433901e+04     30s
Concurrent spin time: 0.00s

Solved with dual simplex

Root simplex log...

Iteration    Objective       Primal Inf.    Dual Inf.      Time
  115627    1.8149800e+03   0.000000e+00   0.000000e+00     31s

Root relaxation: objective 1.814980e+03, 115627 iterations, 30.34 seconds (40.07 work units)

    Nodes    |    Current Node    |     Objective Bounds      |     Work
 Expl Unexpl |  Obj  Depth IntInf | Incumbent    BestBd   Gap | It/Node Time

     0     0 1814.98004    0  847 2429.76840 1814.98004  25.3%     -   32s
H    0     0                    1902.0795896 1814.98004  4.58%     -   34s
H    0     0                    1855.7963553 1814.98004  2.20%     -   36s
     0     0 1815.20092    0  917 1855.79636 1815.20092  2.19%     -   38s
H    0     0                    1855.0067237 1815.20131  2.15%     -   43s
     0     0 1815.21428    0  918 1855.00672 1815.21428  2.15%     -   43s
H    0     0                    1854.5248528 1815.25423  2.12%     -   45s
     0     0 1815.25423    0 1094 1854.52485 1815.25423  2.12%     -   45s
     0     0 1815.98525    0 1081 1854.52485 1815.98525  2.08%     -   47s
     0     0 1815.98525    0 1081 1854.52485 1815.98525  2.08%     -   47s
     0     0 1815.98525    0 1015 1854.52485 1815.98525  2.08%     -   48s
H    0     0                    1852.2765788 1815.98525  1.96%     -   50s
     0     0 1815.98525    0 1013 1852.27658 1815.98525  1.96%     -   50s
     0     0 1815.98525    0  992 1852.27658 1815.98525  1.96%     -   50s
     0     0 1815.98525    0  917 1852.27658 1815.98525  1.96%     -   50s
     0     0 1815.98525    0 1155 1852.27658 1815.98525  1.96%     -   51s
     0     0 1815.98525    0 1154 1852.27658 1815.98525  1.96%     -   51s
     0     0 1816.00216    0 1166 1852.27658 1816.00216  1.96%     -   52s
     0     0 1816.01513    0 1061 1852.27658 1816.01513  1.96%     -   53s
     0     0 1816.01513    0 1056 1852.27658 1816.01513  1.96%     -   54s
     0     0 1816.01513    0 1056 1852.27658 1816.01513  1.96%     -   54s
     0     0 1816.09403    0 1039 1852.27658 1816.09403  1.95%     -   54s
     0     0 1816.09403    0 1041 1852.27658 1816.09403  1.95%     -   55s
     0     0 1816.09403    0 1042 1852.27658 1816.09403  1.95%     -   56s
     0     0 1816.09403    0 1042 1852.27658 1816.09403  1.95%     -   56s
     0     0 1816.09403    0  919 1852.27658 1816.09403  1.95%     -   57s
     0     2 1816.09403    0  897 1852.27658 1816.09403  1.95%     -   62s
     3     8 1816.36769    2  891 1852.27658 1816.09403  1.95%  1127   65s
    15    28 1824.06437    4  778 1852.27658 1816.38510  1.94%  2554   71s
    27    43 1824.42043    5  778 1852.27658 1817.02679  1.90%  3128   76s
    42    58 1824.43152    6  677 1852.27658 1817.02679  1.90%  3325   80s
    75    96 1825.38896    8  698 1852.27658 1817.02679  1.90%  2703   88s
H   82    96                    1850.2426394 1817.02679  1.80%  2644   88s
    95   109 1828.10461    9  752 1850.24264 1817.02679  1.80%  2759   92s
H  102   109                    1850.0437378 1817.02679  1.78%  2759   92s
H  106   109                    1849.8437259 1817.02679  1.77%  2780   92s
   108   128 1827.60358   10  553 1849.84373 1817.02679  1.77%  2803   97s
   127   144 1832.04137   11  690 1849.84373 1817.02679  1.77%  3006  101s
   143   160 1829.63435   12  489 1849.84373 1817.02679  1.77%  3125  105s
H  160   181                    1848.3506909 1817.02679  1.69%  3046  108s
H  180   207                    1833.4976601 1817.02679  0.90%  2953  112s
H  187   207                    1833.4873920 1817.02679  0.90%  2922  112s
H  201   207                    1831.9597281 1817.02679  0.82%  2793  112s
   206   204     cutoff   14      1831.95973 1817.02679  0.82%  2750  119s
   253   232 1829.48347   13  293 1831.95973 1817.02679  0.82%  2483  122s
   283   270 1830.03745   16  183 1831.95973 1817.02679  0.82%  2403  125s
   366   354 1830.16656   20  172 1831.95973 1817.02679  0.82%  2054  130s
   465   457 1830.41832   24  114 1831.95973 1817.02679  0.82%  1766  135s
   732   749 1830.56549   45   16 1831.95973 1817.02679  0.82%  1203  140s
*  785   749              73    1827.6886149 1817.02679  0.58%  1126  140s
   910   646 1824.87726    9  522 1827.68861 1817.54731  0.55%  1040  148s
   922   660 1825.23381   10  547 1827.68861 1817.54731  0.55%  1074  152s
   944   662     cutoff   12      1827.68861 1817.54731  0.55%  1092  156s
  1020   655 1823.69439    8  604 1827.68861 1817.84196  0.54%  1101  164s
  1063   669 1825.66880    9  507 1827.68861 1817.85758  0.54%  1104  166s
  1131   686 1826.50532   10  544 1827.68861 1818.36972  0.51%  1067  170s
* 1231   670              67    1827.6886058 1818.76293  0.49%  1012  173s
  1309   636     cutoff    9      1827.68861 1818.76293  0.49%   972  176s
  1344   635 1826.66315    9  418 1827.68861 1818.76293  0.49%   977  181s
  1393   631     cutoff   12      1827.68861 1818.76293  0.49%   997  185s
  1466   643     cutoff   11      1827.68861 1819.69306  0.44%  1025  198s
  1488   652 1826.57654   11  433 1827.68861 1819.69306  0.44%  1036  208s
  1505   642     cutoff   12      1827.68861 1819.69306  0.44%  1043  219s
  1543   650 1823.93818   12  488 1827.68861 1819.69306  0.44%  1048  231s
  1567   637 1825.21626   13  508 1827.68861 1819.69306  0.44%  1049  240s
  1603   643     cutoff   14      1827.68861 1819.69306  0.44%  1050  253s
  1621   650     cutoff   15      1827.68861 1819.89545  0.43%  1056  265s
  1653   647     cutoff   14      1827.68861 1820.03897  0.42%  1062  278s
  1688   662 1824.09391   10  305 1827.68861 1820.69740  0.38%  1070  289s
  1750   654 1825.38405   11  278 1827.68861 1820.69740  0.38%  1058  298s
H 1767   654                    1827.6885982 1820.69740  0.38%  1063  298s
  1814   656     cutoff   13      1827.68860 1820.69740  0.38%  1048  304s
  1921   651 1823.39384    9  499 1827.68860 1820.69740  0.38%  1035  309s
* 1938   651              58    1827.6885968 1820.69740  0.38%  1032  309s
  2011   620     cutoff   15      1827.68860 1820.92986  0.37%  1030  316s
  2098   617 1826.73882   11  551 1827.68860 1821.23205  0.35%  1035  322s
  2201   627 1825.29506   13  369 1827.68860 1821.23205  0.35%  1032  327s
  2275   630 1827.64095   15  295 1827.68860 1822.10843  0.31%  1040  342s
  2295   616     cutoff   15      1827.68860 1822.30199  0.29%  1045  360s
  2338   620     cutoff   16      1827.68860 1822.30199  0.29%  1044  375s
  2363   608     cutoff   11      1827.68860 1822.61013  0.28%  1046  391s
  2400   603 1825.38566   10  418 1827.68860 1822.61598  0.28%  1046  407s
  2430   590 1827.19542   11  551 1827.68860 1822.61598  0.28%  1046  422s
  2471   581     cutoff   12      1827.68860 1822.61598  0.28%  1047  437s
  2510   574     cutoff   12      1827.68860 1822.65524  0.28%  1050  449s
  2624   538     cutoff   11      1827.68860 1823.31182  0.24%  1039  460s
* 2696   538              68    1827.6885959 1823.31182  0.24%  1024  460s
  2849   412 1825.38928   11  485 1827.68860 1823.96685  0.20%  1005  468s
  3133   614     cutoff   16      1827.68860 1825.96813  0.09%   962  475s
* 3178   614              62    1827.6885945 1826.08255  0.09%   950  475s
  3769    68     cutoff   61      1827.68859 1826.56998  0.06%   815  480s

Cutting planes:
  Gomory: 14
  Cover: 261
  Implied bound: 503
  MIR: 373
  Flow cover: 994
  Network: 7
  Relax-and-lift: 105

Explored 4453 nodes (3245405 simplex iterations) in 480.68 seconds (771.03 work units)
Thread count was 24 (of 24 available processors)

Solution count 10: 1827.69 1827.69 1827.69 ... 1848.35

Optimal solution found (tolerance 1.00e-04)
Best objective 1.827688594473e+03, best bound 1.827688594473e+03, gap 0.0000%
