
Gurobi 13.0.1 (win64) logging started Thu Oct  8 16:10:58 2026

Set parameter LogFile to value "ieee_owen\weak_eps_experiment\stochastic\main17_xi\logs\n15_S20_day14_ef_gurobi.log"
Set parameter NodefileStart to value 3
Set parameter MIPGap to value 0.0001
Gurobi Optimizer version 13.0.1 build v13.0.1rc0 (win64 - Windows 10.0 (19045.2))

CPU model: AMD Ryzen 9 5900X 12-Core Processor, instruction set [SSE2|AVX|AVX2]
Thread count: 12 physical cores, 24 logical processors, using up to 24 threads

Non-default parameters:
TimeLimit  1800
NodefileStart  3
LogToConsole  0

Optimize a model with 92686 rows, 89726 columns and 384875 nonzeros (Min)
Model fingerprint: 0x88404957
Model has 22 linear objective coefficients
Variable types: 75446 continuous, 14280 integer (14280 binary)
Coefficient statistics:
  Matrix range     [3e-04, 2e+02]
  Objective range  [5e-02, 1e+00]
  Bounds range     [9e-03, 5e+01]
  RHS range        [8e-02, 2e+01]

Presolve removed 40245 rows and 29760 columns
Presolve time: 0.73s
Presolved: 52441 rows, 59966 columns, 205397 nonzeros
Variable types: 47278 continuous, 12688 integer (12687 binary)
Found heuristic solution: objective 2996.2389669
Deterministic concurrent LP optimizer: primal and dual simplex
Showing primal log only...


Root simplex log...

Iteration    Objective       Primal Inf.    Dual Inf.      Time
   21614    4.3404474e+03   0.000000e+00   7.633587e+04      5s
   36006    4.1887903e+03   0.000000e+00   3.106715e+04     10s
   46756    4.1077327e+03   0.000000e+00   4.080568e+05     15s
Concurrent spin time: 0.00s

Solved with dual simplex

Root simplex log...

Iteration    Objective       Primal Inf.    Dual Inf.      Time
   83692    2.4427617e+03   0.000000e+00   0.000000e+00     19s

Root relaxation: objective 2.442762e+03, 83692 iterations, 17.80 seconds (22.47 work units)

    Nodes    |    Current Node    |     Objective Bounds      |     Work
 Expl Unexpl |  Obj  Depth IntInf | Incumbent    BestBd   Gap | It/Node Time

     0     0 2442.76171    0  903 2996.23897 2442.76171  18.5%     -   19s
H    0     0                    2585.6182647 2442.76171  5.53%     -   21s
H    0     0                    2513.5356270 2442.76171  2.82%     -   23s
     0     0 2443.44773    0 1339 2513.53563 2443.44773  2.79%     -   26s
H    0     0                    2468.4319763 2443.44786  1.01%     -   28s
H    0     0                    2467.0050800 2443.45341  0.95%     -   28s
     0     0 2443.45341    0 1334 2467.00508 2443.45341  0.95%     -   29s
     0     0 2443.45341    0 1334 2467.00508 2443.45341  0.95%     -   29s
H    0     0                    2462.3490052 2443.92019  0.75%     -   31s
     0     0 2443.92019    0 1276 2462.34901 2443.92019  0.75%     -   31s
     0     0 2444.03088    0 1250 2462.34901 2444.03088  0.74%     -   34s
     0     0 2444.06159    0 1247 2462.34901 2444.06159  0.74%     -   34s
     0     0 2444.09920    0 1229 2462.34901 2444.09920  0.74%     -   34s
     0     0 2444.10096    0 1205 2462.34901 2444.10096  0.74%     -   35s
     0     0 2444.10621    0 1208 2462.34901 2444.10621  0.74%     -   35s
     0     0 2444.12355    0 1238 2462.34901 2444.12355  0.74%     -   35s
     0     0 2444.12355    0 1238 2462.34901 2444.12355  0.74%     -   35s
H    0     0                    2462.1871805 2444.20706  0.73%     -   38s
     0     0 2444.20706    0 1277 2462.18718 2444.20706  0.73%     -   38s
     0     0 2444.21953    0 1220 2462.18718 2444.21953  0.73%     -   38s
     0     0 2444.28281    0 1115 2462.18718 2444.28281  0.73%     -   39s
     0     0 2444.28578    0 1160 2462.18718 2444.28578  0.73%     -   39s
     0     0 2444.28578    0 1160 2462.18718 2444.28578  0.73%     -   39s
     0     0 2444.36858    0 1103 2462.18718 2444.36858  0.72%     -   41s
     0     0 2444.36858    0 1137 2462.18718 2444.36858  0.72%     -   41s
     0     0 2444.36858    0 1135 2462.18718 2444.36858  0.72%     -   41s
     0     0 2444.36858    0 1132 2462.18718 2444.36858  0.72%     -   43s
     0     0 2444.36858    0 1052 2462.18718 2444.36858  0.72%     -   43s
     0     0 2444.36858    0  801 2462.18718 2444.36858  0.72%     -   44s
     0     0 2444.36858    0  902 2462.18718 2444.36858  0.72%     -   44s
     0     0 2444.36858    0  949 2462.18718 2444.36858  0.72%     -   45s
     0     0 2444.36858    0  831 2462.18718 2444.36858  0.72%     -   46s
     0     0 2444.36858    0  874 2462.18718 2444.36858  0.72%     -   46s
     0     0 2444.36858    0  965 2462.18718 2444.36858  0.72%     -   47s
     0     0 2444.36858    0  856 2462.18718 2444.36858  0.72%     -   48s
     0     0 2444.36858    0  909 2462.18718 2444.36858  0.72%     -   48s
     0     0 2444.36858    0  950 2462.18718 2444.36858  0.72%     -   49s
     0     0 2444.36858    0  804 2462.18718 2444.36858  0.72%     -   50s
     0     0 2444.36858    0  800 2462.18718 2444.36858  0.72%     -   50s
     0     0 2444.36858    0  800 2462.18718 2444.36858  0.72%     -   50s
     0     0 2444.36858    0  751 2462.18718 2444.36858  0.72%     -   50s
     0     2 2444.36858    0  748 2462.18718 2444.36858  0.72%     -   52s
     3     8 2447.60575    2  711 2462.18718 2444.36928  0.72%  1641   55s
H    6     8                    2462.1629905 2444.39196  0.72%  1333   55s
    15    25 2449.97456    4  708 2462.16299 2444.85395  0.70%  4250   70s
H   23    25                    2460.5885353 2444.85395  0.64%  4897   70s
H   32    35                    2460.4098230 2444.85395  0.63%  4100   73s
H   34    35                    2459.4084586 2444.85395  0.59%  3955   73s
    36    72 2449.21629    6  566 2459.40846 2444.85395  0.59%  3898   76s
H   61    72                    2459.4084567 2444.85395  0.59%  2664   76s
H   79   107                    2458.3816808 2444.85395  0.55%  2412   79s
   108   122 2449.98739    8  493 2458.38168 2444.85395  0.55%  2123   81s
H  144   135                    2457.3291444 2444.85395  0.51%  1791   84s
   162   161 2451.06617   14  501 2457.32914 2444.85395  0.51%  1678   87s
H  169   161                    2455.3283790 2444.85395  0.43%  1627   87s
   202   163 2451.24857   19  469 2455.32838 2444.85395  0.43%  1480   91s
   265   211 2455.00472   19  444 2455.32838 2447.88935  0.30%  1311   95s
   448   333 2452.67300   23  383 2455.32838 2447.88935  0.30%   945  100s
   596   450 2454.07493   28  361 2455.32838 2449.70991  0.23%   793  105s
H 1092   852                    2454.3367534 2449.70991  0.19%   462  109s
  1246   754 2454.30098   71   46 2454.33675 2449.70991  0.19%   407  111s
* 1518   771             124    2454.1342484 2449.98739  0.17%   351  112s
H 1540   714                    2454.1211184 2449.98739  0.17%   348  114s
H 1577   714                    2453.7695581 2449.98739  0.15%   343  114s
* 1612   714             142    2452.9739972 2449.98739  0.12%   338  114s
  1627   622 2452.24805    8  607 2452.97400 2450.21814  0.11%   340  116s
  1754   723     cutoff   12      2452.97400 2450.21814  0.11%   343  120s
  2097   653 2452.93977  103   90 2452.97400 2450.21814  0.11%   303  127s
  2111   656 2452.93977  104   88 2452.97400 2450.21814  0.11%   303  132s
  2141   661 2452.93977  105   85 2452.97400 2450.21814  0.11%   301  138s
  2158   665 2452.93977  106   82 2452.97400 2450.21814  0.11%   301  143s
  2175   670 2452.93977  107   80 2452.97400 2450.21814  0.11%   300  149s
  2191   674 2452.93977  108   78 2452.97400 2450.21814  0.11%   300  155s
  2207   668 2452.93977  109   75 2452.97400 2450.21814  0.11%   298  161s
  2225   668 2452.93977  110   72 2452.97400 2450.91467  0.08%   299  166s
  2239   669 2452.93977  111   72 2452.97400 2450.92160  0.08%   298  171s
  2256   675 2452.93977  112   72 2452.97400 2450.92160  0.08%   297  177s
  2270   529 2452.92255   62  751 2452.97400 2450.92160  0.08%   296  211s
  2272   530 2452.94207   82 1634 2452.97400 2450.92160  0.08%   296  238s
  2273   531 2451.09840   13 1691 2452.97400 2450.92160  0.08%   296  240s
  2281   536 2452.97242   82 1014 2452.97400 2450.92160  0.08%   295  269s
H 2281   509                    2452.9739960 2450.92160  0.08%   295  272s
H 2281   483                    2452.9739894 2450.92160  0.08%   295  272s
  2282   484 2452.94598   40 1014 2452.97399 2450.92160  0.08%   295  276s
  2285   491 2450.92160   15 1073 2452.97399 2450.92160  0.08%   345  280s
  2289   494 2450.92160   16 1152 2452.97399 2450.92160  0.08%   350  285s
  2309   516     cutoff   18      2452.97399 2450.92160  0.08%   367  291s
  2359   531 2451.18041   23  898 2452.97399 2450.92160  0.08%   390  295s
  2406   518 2450.92160   22  843 2452.97399 2450.92160  0.08%   418  301s
  2432   506     cutoff   23      2452.97399 2450.92160  0.08%   431  305s
  2481   483     cutoff   22      2452.97399 2450.92160  0.08%   444  311s
  2531   462 2451.25343   24  891 2452.97399 2450.92160  0.08%   482  319s
  2561   457     cutoff   25      2452.97399 2450.92160  0.08%   496  324s
  2580   451 2452.44132   29  758 2452.97399 2450.92160  0.08%   502  331s
  2610   444 2452.44132   30  737 2452.97399 2450.92160  0.08%   508  337s
  2639   434     cutoff   31      2452.97399 2450.92160  0.08%   513  344s
  2671   438 2452.18916   30  837 2452.97399 2450.92160  0.08%   519  350s
  2694   438 2452.37266   30  825 2452.97399 2450.92160  0.08%   520  356s
  2739   448 2452.19728   31  841 2452.97399 2450.92160  0.08%   518  362s
  2797   479 2452.19728   32  818 2452.97399 2450.92160  0.08%   514  368s
  2865   516     cutoff   33      2452.97399 2450.92160  0.08%   503  374s
  2942   559 2451.65924   23 1062 2452.97399 2450.92160  0.08%   491  379s
  3026   615     cutoff   24      2452.97399 2450.92160  0.08%   479  385s
  3124   696 2452.97394   91  550 2452.97399 2450.92160  0.08%   467  390s
  3262   790 2452.97394   99  528 2452.97399 2450.92160  0.08%   447  395s
  3435   744 2452.97394  111  504 2452.97399 2450.92160  0.08%   425  401s
  3447   751 2452.97394  111  504 2452.97399 2450.92160  0.08%   424  406s
  3459   940 2452.97394  112  502 2452.97399 2450.92160  0.08%   422  410s
  3945  1388 2452.97394  136  454 2452.97399 2450.92160  0.08%   370  419s
  4254  1731 2452.97394  150  430 2452.97399 2450.92160  0.08%   344  424s
  4613  2126 2452.97394  167  403 2452.97399 2450.92160  0.08%   317  429s
  5036  2568 2452.97394  186  375 2452.97399 2450.92160  0.08%   291  435s
  5499  3083 2452.97394  203  345 2452.97399 2450.92160  0.08%   266  440s
H 5766  2853                    2452.9716987 2450.92160  0.08%   254  440s
H 5903  1595                    2452.9556205 2450.92160  0.08%   248  440s
* 6227  1259             418    2452.9545329 2450.92160  0.08%   239  443s
  6318  1454 2452.83194   29  790 2452.95453 2450.92160  0.08%   236  445s
* 6586  1438             460    2452.9520730 2450.92160  0.08%   229  445s
H 6676   897                    2452.8861071 2450.92160  0.08%   227  449s
  6944  1059 2452.82841   41  575 2452.88611 2450.92160  0.08%   219  453s
H 7039  1059                    2452.8341948 2451.77302  0.04%   217  453s
H 7042  1059                    2452.8336845 2451.77302  0.04%   217  453s
H 7045  1059                    2452.8327585 2451.77302  0.04%   217  453s
  7378  1504 2452.82841   56  548 2452.83276 2451.80817  0.04%   208  458s
H 7506  1502                    2452.8324851 2451.80817  0.04%   204  458s
* 7563  1495             397    2452.8311079 2451.80817  0.04%   203  458s
  8123  2126     cutoff   82      2452.83111 2451.80817  0.04%   189  462s
H 8551  2120                    2452.8309163 2451.80817  0.04%   180  462s
  8805  2496 infeasible  102      2452.83092 2451.80817  0.04%   175  467s
H 9032  2493                    2452.8307466 2451.80817  0.04%   171  467s
* 9038  2493             409    2452.8307457 2451.80817  0.04%   171  467s
* 9052  2170             409    2452.8286915 2451.80817  0.04%   170  467s
* 9103  2013             415    2452.8286201 2451.80817  0.04%   169  467s
* 9125  2005             415    2452.8286169 2451.80817  0.04%   169  467s
  9429  2447 2452.82841  127  430 2452.82862 2451.80817  0.04%   164  472s
 10141  3142 2452.82841  152  375 2452.82862 2452.31382  0.02%   153  477s
*10423  2352             354    2452.8284801 2452.31382  0.02%   149  477s

Cutting planes:
  Gomory: 12
  Cover: 24
  Implied bound: 30
  MIR: 78
  Flow cover: 384
  Network: 1
  Relax-and-lift: 138

Explored 10954 nodes (1672580 simplex iterations) in 477.74 seconds (595.14 work units)
Thread count was 24 (of 24 available processors)

Solution count 10: 2452.83 2452.83 2452.83 ... 2452.83

Optimal solution found (tolerance 1.00e-04)
Best objective 2.452828480120e+03, best bound 2.452609149542e+03, gap 0.0089%
