
Gurobi 13.0.1 (win64) logging started Thu Oct  8 02:53:55 2026

Set parameter LogFile to value "ieee_owen\weak_eps_experiment\stochastic\main17_xi\logs\n15_S20_day6_ef_gurobi.log"
Set parameter NodefileStart to value 3
Set parameter MIPGap to value 0.0001
Gurobi Optimizer version 13.0.1 build v13.0.1rc0 (win64 - Windows 10.0 (19045.2))

CPU model: AMD Ryzen 9 5900X 12-Core Processor, instruction set [SSE2|AVX|AVX2]
Thread count: 12 physical cores, 24 logical processors, using up to 24 threads

Non-default parameters:
TimeLimit  1800
NodefileStart  3
LogToConsole  0

Optimize a model with 92686 rows, 89726 columns and 384875 nonzeros (Min)
Model fingerprint: 0x586cc0b9
Model has 22 linear objective coefficients
Variable types: 75446 continuous, 14280 integer (14280 binary)
Coefficient statistics:
  Matrix range     [3e-04, 2e+02]
  Objective range  [5e-02, 1e+00]
  Bounds range     [9e-03, 5e+01]
  RHS range        [8e-02, 2e+01]

Presolve removed 40249 rows and 29764 columns
Presolve time: 0.73s
Presolved: 52437 rows, 59962 columns, 205382 nonzeros
Variable types: 47275 continuous, 12687 integer (12686 binary)
Found heuristic solution: objective 2308.5652794
Deterministic concurrent LP optimizer: primal and dual simplex
Showing primal log only...


Root simplex log...

Iteration    Objective       Primal Inf.    Dual Inf.      Time
   21841    3.8015817e+03   0.000000e+00   7.350041e+04      5s
   36449    3.6518777e+03   0.000000e+00   3.547491e+04     10s
   47189    3.5861917e+03   0.000000e+00   5.674881e+04     15s
   56949    3.5168481e+03   0.000000e+00   2.502370e+05     20s
Concurrent spin time: 0.00s

Solved with dual simplex

Root simplex log...

Iteration    Objective       Primal Inf.    Dual Inf.      Time
   91488    1.6927996e+03   0.000000e+00   0.000000e+00     21s

Root relaxation: objective 1.692800e+03, 91488 iterations, 19.87 seconds (25.51 work units)

    Nodes    |    Current Node    |     Objective Bounds      |     Work
 Expl Unexpl |  Obj  Depth IntInf | Incumbent    BestBd   Gap | It/Node Time

     0     0 1692.79963    0  796 2308.56528 1692.79963  26.7%     -   21s
H    0     0                    1750.3179752 1692.79963  3.29%     -   23s
H    0     0                    1733.6139927 1692.79963  2.35%     -   25s
     0     0 1693.10904    0 1044 1733.61399 1693.10904  2.34%     -   27s
H    0     0                    1732.1275461 1693.10904  2.25%     -   29s
     0     0 1693.28615    0 1131 1732.12755 1693.28615  2.24%     -   30s
     0     0 1693.34305    0 1041 1732.12755 1693.34305  2.24%     -   31s
     0     0 1693.37646    0 1037 1732.12755 1693.37646  2.24%     -   31s
     0     0 1693.39679    0 1017 1732.12755 1693.39679  2.24%     -   31s
     0     0 1693.44575    0 1016 1732.12755 1693.44575  2.23%     -   31s
     0     0 1693.47183    0 1015 1732.12755 1693.47183  2.23%     -   32s
     0     0 1693.48893    0 1106 1732.12755 1693.48893  2.23%     -   32s
     0     0 1693.50033    0 1012 1732.12755 1693.50033  2.23%     -   32s
     0     0 1693.55840    0 1016 1732.12755 1693.55840  2.23%     -   32s
     0     0 1693.56168    0 1107 1732.12755 1693.56168  2.23%     -   32s
     0     0 1693.56177    0 1105 1732.12755 1693.56177  2.23%     -   33s
     0     0 1693.70341    0 1023 1732.12755 1693.70341  2.22%     -   34s
     0     0 1693.74091    0 1158 1732.12755 1693.74091  2.22%     -   35s
     0     0 1693.79241    0 1101 1732.12755 1693.79241  2.21%     -   35s
     0     0 1693.79649    0 1121 1732.12755 1693.79649  2.21%     -   36s
     0     0 1693.79649    0 1126 1732.12755 1693.79649  2.21%     -   36s
     0     0 1693.87097    0  836 1732.12755 1693.87097  2.21%     -   37s
     0     0 1693.87936    0  876 1732.12755 1693.87936  2.21%     -   38s
     0     0 1693.87936    0  875 1732.12755 1693.87936  2.21%     -   38s
     0     0 1694.44221    0  919 1732.12755 1694.44221  2.18%     -   39s
     0     0 1694.44221    0  826 1732.12755 1694.44221  2.18%     -   40s
     0     0 1694.44221    0  827 1732.12755 1694.44221  2.18%     -   40s
     0     0 1694.44221    0  933 1732.12755 1694.44221  2.18%     -   40s
     0     0 1694.44348    0  909 1732.12755 1694.44348  2.18%     -   40s
     0     0 1694.44348    0  909 1732.12755 1694.44348  2.18%     -   41s
     0     0 1694.44520    0  934 1732.12755 1694.44520  2.18%     -   41s
     0     0 1694.44520    0  933 1732.12755 1694.44520  2.18%     -   41s
     0     0 1694.70496    0  933 1732.12755 1694.70496  2.16%     -   42s
     0     0 1694.70496    0  933 1732.12755 1694.70496  2.16%     -   42s
     0     0 1694.70496    0  933 1732.12755 1694.70496  2.16%     -   42s
     0     0 1694.70496    0  799 1732.12755 1694.70496  2.16%     -   43s
     0     2 1694.70496    0  798 1732.12755 1694.70496  2.16%     -   44s
     1     4 1695.35676    1  868 1732.12755 1694.70496  2.16%  2807   45s
    15    28 1697.76216    4  726 1732.12755 1695.35624  2.12%  2472   51s
    49    64 1698.08828    7  564 1732.12755 1695.36558  2.12%  1802   55s
    87   112 1701.01811    9  615 1732.12755 1695.36558  2.12%  1545   60s
H  125   149                    1726.9531153 1695.36558  1.83%  1563   63s
H  135   149                    1722.4170834 1695.36558  1.57%  1495   63s
   148   184 1702.70969   11  598 1722.41708 1695.36558  1.57%  1443   65s
H  223   235                    1714.7407540 1695.36558  1.13%  1286   69s
   234   271 1704.30662   16  353 1714.74075 1695.36558  1.13%  1280   71s
   329   364 1705.87358   20  416 1714.74075 1695.36558  1.13%  1118   75s
   445   480 1707.72307   29  169 1714.74075 1695.36558  1.13%   999   80s
   675   761 1710.33777   47   79 1714.74075 1695.62024  1.12%   815   86s
*  811   770              79    1708.2619237 1695.62024  0.74%   698   87s
   946   661 1699.86704    6  581 1708.26192 1697.53988  0.63%   643   91s
  1043   691 1703.81690   15  379 1708.26192 1697.54368  0.63%   651   96s
  1133   685 1707.22466   25  257 1708.26192 1699.07139  0.54%   660  105s
  1151   682 1707.29937   25  239 1708.26192 1699.07139  0.54%   665  114s
  1174   676 1707.19397   24  266 1708.26192 1699.07139  0.54%   673  122s
H 1176   676                    1708.1630027 1699.07139  0.53%   673  122s
  1193   687 1707.19397   25  245 1708.16300 1699.07139  0.53%   673  125s
  1343   690 1701.81080    6  642 1708.16300 1699.11629  0.53%   664  130s
  1495   680     cutoff   14      1708.16300 1699.35557  0.52%   650  136s
* 1522   680              85    1707.6818742 1699.35557  0.49%   644  136s
  1669   681 1704.54731   12  443 1707.68187 1699.86788  0.46%   634  142s
  1743   648 1706.56331   18  442 1707.68187 1700.48582  0.42%   637  146s
  1767   668 1706.74005   19  478 1707.68187 1700.48582  0.42%   635  150s
  1924   667 1703.07510    6  574 1707.68187 1700.57607  0.42%   636  157s
  2017   681     cutoff    9      1707.68187 1700.57607  0.42%   635  161s
  2208   725 1707.49524   11  407 1707.68187 1701.21796  0.38%   634  168s
  2295   756 1706.59170   13  512 1707.68187 1701.40779  0.37%   639  172s
  2402   790 1702.21076   13  496 1707.68187 1701.63736  0.35%   639  176s
  2510   832 1703.66381   18  455 1707.68187 1701.63736  0.35%   639  180s
  2630   838 1705.29321   17  378 1707.68187 1701.80376  0.34%   636  185s
  2789   902 1705.63521   18  319 1707.68187 1702.06651  0.33%   630  194s
  2924   941 1705.09048   17  338 1707.68187 1702.13701  0.32%   628  199s
  3067   962 1706.11686   17  398 1707.68187 1702.41638  0.31%   625  204s
  3216   961 1706.47135   22  314 1707.68187 1702.55042  0.30%   622  210s
  3387  1006 1705.93440   24  266 1707.68187 1702.75772  0.29%   618  215s
  3512  1029 1706.87851   28  186 1707.68187 1702.80741  0.29%   621  220s
  3678  1090 1707.33704   30  162 1707.68187 1702.98045  0.28%   620  226s
* 3735  1090              76    1707.6818332 1702.98045  0.28%   611  226s
  3901  1073     cutoff   74      1707.68183 1703.04257  0.27%   610  232s
  4090  1064 1706.22827   19  601 1707.68183 1703.07713  0.27%   606  238s
  4284  1077 1705.85639    9  662 1707.68183 1703.36459  0.25%   606  244s
  4490  1085 1707.14732   10  437 1707.68183 1703.45016  0.25%   602  251s
  4714  1100     cutoff   23      1707.68183 1703.85368  0.22%   599  258s
  4942  1115 1706.65234   10  536 1707.68183 1703.97915  0.22%   596  265s
  5045  1115     cutoff   14      1707.68183 1704.06138  0.21%   594  273s
  5279  1096 1705.00340   15  543 1707.68183 1704.17390  0.21%   593  281s
  5549  1098     cutoff    9      1707.68183 1704.31921  0.20%   589  289s
  5804  1113 1705.81704   15  585 1707.68183 1704.46820  0.19%   588  297s
  6120  1124 1705.89641   16  355 1707.68183 1704.47688  0.19%   580  306s
* 6307  1124              85    1707.6817728 1704.60399  0.18%   572  306s
  6498  1142 1706.41921   19  394 1707.68177 1704.78536  0.17%   570  316s
* 6799  1130              68    1707.6817448 1704.81093  0.17%   565  316s
  6906  1064 1706.50905   18  405 1707.68174 1704.92423  0.16%   560  326s
  7264  1050 1707.16841   25  316 1707.68174 1705.05540  0.15%   556  337s
  7626  1036     cutoff   19      1707.68174 1705.22004  0.14%   552  346s
  7786   943     cutoff   19      1707.68174 1705.30636  0.14%   549  358s
  8238   886     cutoff   18      1707.68174 1705.51421  0.13%   544  369s
  8533   795 1706.93942   17  415 1707.68174 1705.67765  0.12%   539  381s
  9030   626 1707.33637   18  485 1707.68174 1705.87981  0.11%   532  394s
  9589   430     cutoff   31      1707.68174 1706.15713  0.09%   523  407s
 10243    27 1707.65920   13  646 1707.68174 1706.62111  0.06%   513  419s
 10969     0 1707.44990   27  183 1707.68174 1707.27621  0.02%   493  420s

Cutting planes:
  Gomory: 17
  Cover: 124
  Implied bound: 564
  MIR: 293
  Flow cover: 910
  Network: 13
  RLT: 2
  Relax-and-lift: 48
  BQP: 2

Explored 11008 nodes (5519015 simplex iterations) in 420.80 seconds (506.81 work units)
Thread count was 24 (of 24 available processors)

Solution count 10: 1707.68 1707.68 1707.68 ... 1732.13

Optimal solution found (tolerance 1.00e-04)
Best objective 1.707681744796e+03, best bound 1.707681744796e+03, gap 0.0000%
