
Gurobi 13.0.1 (win64) logging started Wed Oct  7 17:12:46 2026

Set parameter LogFile to value "ieee_owen\weak_eps_experiment\stochastic\main17_xi\logs\n15_S20_day1_ef_gurobi.log"
Set parameter NodefileStart to value 3
Set parameter MIPGap to value 0.0001
Gurobi Optimizer version 13.0.1 build v13.0.1rc0 (win64 - Windows 10.0 (19045.2))

CPU model: AMD Ryzen 9 5900X 12-Core Processor, instruction set [SSE2|AVX|AVX2]
Thread count: 12 physical cores, 24 logical processors, using up to 24 threads

Non-default parameters:
TimeLimit  10800
NodefileStart  3
LogToConsole  0

Optimize a model with 92686 rows, 89726 columns and 384875 nonzeros (Min)
Model fingerprint: 0x1c13a5e4
Model has 22 linear objective coefficients
Variable types: 75446 continuous, 14280 integer (14280 binary)
Coefficient statistics:
  Matrix range     [3e-04, 2e+02]
  Objective range  [5e-02, 1e+00]
  Bounds range     [9e-03, 5e+01]
  RHS range        [8e-02, 2e+01]

Presolve removed 40219 rows and 29737 columns
Presolve time: 0.83s
Presolved: 52467 rows, 59989 columns, 205436 nonzeros
Variable types: 47293 continuous, 12696 integer (12695 binary)
Found heuristic solution: objective 2638.3692421
Deterministic concurrent LP optimizer: primal and dual simplex
Showing primal log only...


Root simplex log...

Iteration    Objective       Primal Inf.    Dual Inf.      Time
   20605    4.2277213e+03   0.000000e+00   1.465727e+05      5s
   33782    4.0266589e+03   0.000000e+00   1.206114e+05     10s
   44282    3.9498221e+03   0.000000e+00   2.066270e+05     15s
   54143    3.8882024e+03   0.000000e+00   2.283389e+04     20s
   63013    3.8356878e+03   0.000000e+00   3.555198e+04     25s
   71893    3.7921432e+03   0.000000e+00   1.425590e+05     30s
Concurrent spin time: 0.00s

Solved with dual simplex

Root simplex log...

Iteration    Objective       Primal Inf.    Dual Inf.      Time
  110924    2.0430359e+03   0.000000e+00   0.000000e+00     30s

Root relaxation: objective 2.043036e+03, 110924 iterations, 29.23 seconds (36.69 work units)

    Nodes    |    Current Node    |     Objective Bounds      |     Work
 Expl Unexpl |  Obj  Depth IntInf | Incumbent    BestBd   Gap | It/Node Time

     0     0 2043.03591    0  882 2638.36924 2043.03591  22.6%     -   31s
H    0     0                    2125.4551266 2043.03591  3.88%     -   33s
H    0     0                    2110.8192300 2043.03591  3.21%     -   35s
     0     0 2043.34563    0 1003 2110.81923 2043.34563  3.20%     -   37s
H    0     0                    2091.8659752 2043.34563  2.32%     -   39s
     0     0 2043.34563    0 1004 2091.86598 2043.34563  2.32%     -   41s
     0     0 2043.58171    0 1298 2091.86598 2043.58171  2.31%     -   42s
     0     0 2043.60698    0 1262 2091.86598 2043.60698  2.31%     -   42s
     0     0 2043.60698    0 1261 2091.86598 2043.60698  2.31%     -   42s
H    0     0                    2091.2146684 2043.60698  2.28%     -   44s
     0     0 2043.91086    0 1440 2091.21467 2043.91086  2.26%     -   45s
     0     0 2043.96625    0 1219 2091.21467 2043.96625  2.26%     -   48s
     0     0 2043.96625    0 1215 2091.21467 2043.96625  2.26%     -   49s
     0     0 2043.96625    0 1221 2091.21467 2043.96625  2.26%     -   49s
     0     0 2043.96625    0 1234 2091.21467 2043.96625  2.26%     -   49s
     0     0 2043.96625    0 1235 2091.21467 2043.96625  2.26%     -   49s
     0     0 2044.29266    0 1273 2091.21467 2044.29266  2.24%     -   51s
     0     0 2044.29266    0 1276 2091.21467 2044.29266  2.24%     -   53s
     0     0 2044.29266    0 1253 2091.21467 2044.29266  2.24%     -   53s
     0     0 2044.29266    0 1248 2091.21467 2044.29266  2.24%     -   53s
     0     0 2044.29266    0 1167 2091.21467 2044.29266  2.24%     -   53s
     0     0 2044.29266    0 1258 2091.21467 2044.29266  2.24%     -   54s
     0     0 2044.29266    0 1247 2091.21467 2044.29266  2.24%     -   54s
     0     0 2044.29448    0 1219 2091.21467 2044.29448  2.24%     -   55s
     0     0 2044.29448    0 1221 2091.21467 2044.29448  2.24%     -   56s
     0     0 2044.30588    0 1221 2091.21467 2044.30588  2.24%     -   56s
     0     0 2044.30588    0 1221 2091.21467 2044.30588  2.24%     -   56s
     0     0 2044.30588    0  894 2091.21467 2044.30588  2.24%     -   58s
H    0     0                    2084.1045994 2044.30588  1.91%     -   60s
     0     2 2044.30588    0  894 2084.10460 2044.30588  1.91%     -   64s
     1     4 2044.97789    1 1023 2084.10460 2044.30588  1.91%  3203   65s
H    3     8                    2084.0700248 2044.30588  1.91%  1105   67s
     7    16 2045.05497    3  953 2084.07002 2044.97730  1.88%  1689   70s
    27    51 2050.68637    5  957 2084.07002 2045.07072  1.87%  3082   79s
    50    65 2051.20110    7  906 2084.07002 2045.08886  1.87%  2525   82s
    64    79 2051.84646    8  907 2084.07002 2045.08886  1.87%  2346   86s
   100   117 2052.60172    9  767 2084.07002 2045.08886  1.87%  2270   92s
   116   134 2053.77301    9  941 2084.07002 2045.08886  1.87%  2254   95s
   154   167 2054.57331   11  766 2084.07002 2045.08886  1.87%  2263  101s
H  173   187                    2058.0834665 2045.08886  0.63%  2333  103s
   186   214 2056.33530   12  662 2058.08347 2045.08886  0.63%  2303  106s
   255   286 2057.07076   18  360 2058.08347 2045.08886  0.63%  2036  111s
   331   357 2057.78138   25  178 2058.08347 2045.08886  0.63%  1783  115s
   442   446 2057.78208   38  116 2058.08347 2045.08886  0.63%  1453  121s
   541   547 2049.30993    7  619 2058.08347 2045.46648  0.61%  1352  128s
H  551   547                    2056.1786367 2045.46648  0.52%  1334  128s
H  583   547                    2053.9886828 2045.46648  0.41%  1289  128s
H  593   547                    2053.6884640 2045.46648  0.40%  1267  128s
H  597   547                    2053.5036267 2045.46648  0.39%  1270  128s
   607   566 2049.92059    9  598 2053.50363 2045.46648  0.39%  1250  131s
H  684   609                    2053.4136332 2045.46648  0.39%  1216  133s
   709   643 2050.32915   14  585 2053.41363 2045.46648  0.39%  1178  136s
H  771   680                    2053.3031787 2045.51263  0.38%  1161  139s
   799   688     cutoff   14      2053.30318 2045.51263  0.38%  1124  143s
   861   675     cutoff   15      2053.30318 2045.51263  0.38%  1113  146s
H  901   675                    2053.2367674 2045.51263  0.38%  1101  146s
H  924   675                    2052.9430265 2045.51263  0.36%  1078  146s
*  932   675             100    2052.8540353 2045.51263  0.36%  1069  146s
   939   661 2050.71252   16  698 2052.85404 2045.51263  0.36%  1065  150s
*  975   661              90    2052.7977242 2045.51263  0.35%  1064  150s
  1029   657 2051.38703   21  607 2052.79772 2045.51263  0.35%  1075  159s
  1044   680 2052.11375   22  559 2052.79772 2045.84917  0.34%  1089  163s
  1098   651     cutoff   21      2052.79772 2045.84917  0.34%  1092  168s
  1121   669 2052.41078   24  306 2052.79772 2046.29341  0.32%  1094  172s
  1177   681 2048.24820   10  765 2052.79772 2046.29341  0.32%  1087  177s
  1247   672 2050.81545   13  569 2052.79772 2046.31520  0.32%  1079  182s
  1301   671 2050.24765   13  663 2052.79772 2046.41143  0.31%  1083  188s
  1378   664 2051.23096   15  413 2052.79772 2046.41143  0.31%  1075  192s
  1425   665 2049.26251    7  656 2052.79772 2046.64409  0.30%  1090  197s
  1473   687 2049.80160    9  638 2052.79772 2046.64409  0.30%  1102  201s
  1543   678 2050.99487   11  556 2052.79772 2046.64409  0.30%  1098  206s
  1641   667     cutoff   15      2052.79772 2046.64409  0.30%  1077  211s
  1727   644     cutoff   10      2052.79772 2047.18663  0.27%  1070  216s
  1804   670     cutoff   12      2052.79772 2047.46359  0.26%  1068  222s
  1876   661 2052.43344   11  612 2052.79772 2047.71540  0.25%  1070  227s
  1973   648     cutoff   12      2052.79772 2047.86026  0.24%  1063  233s
  2067   639 2051.74679   10  525 2052.79772 2048.03919  0.23%  1058  241s
  2082   639 2052.47760   11  539 2052.79772 2048.03919  0.23%  1065  256s
  2102   636     cutoff   12      2052.79772 2048.03919  0.23%  1064  273s
  2126   642     cutoff   11      2052.79772 2048.06339  0.23%  1065  289s
  2142   652 2049.37034   10  719 2052.79772 2048.06339  0.23%  1065  307s
  2156   650 2049.55714   11  589 2052.79772 2048.06339  0.23%  1066  324s
  2178   645 2050.26229   12  655 2052.79772 2048.06339  0.23%  1065  342s
  2200   647     cutoff   13      2052.79772 2048.06339  0.23%  1060  354s
  2223   645     cutoff   12      2052.79772 2048.14239  0.23%  1062  366s
  2250   652 2051.79163   11  706 2052.79772 2048.14239  0.23%  1064  378s
  2329   699 2050.52770   15  541 2052.79772 2048.22626  0.22%  1067  388s
  2461   766 2052.42449   52   68 2052.79772 2048.22626  0.22%  1045  398s
  2597   832 2052.63594   94   18 2052.79772 2048.22626  0.22%  1024  405s
* 2616   826             113    2052.6618307 2048.22626  0.22%  1017  405s
H 2714   817                    2052.4878423 2048.39361  0.20%  1002  405s
H 2717   816                    2052.4854832 2048.39361  0.20%  1001  405s
  2761   816     cutoff  113      2052.48548 2048.50771  0.19%   996  416s
* 2849   807              80    2052.4432788 2048.64013  0.19%   999  416s
  2922   831 2052.31118   16  502 2052.44328 2048.84565  0.18%   994  426s
  3097   840 2051.82114   20  532 2052.44328 2048.96123  0.17%   985  436s
  3235   848     cutoff   13      2052.44328 2049.18782  0.16%   992  446s
  3393   859 2051.68535   12  547 2052.44328 2049.30434  0.15%   993  460s
  3600   841     cutoff   17      2052.44328 2049.50772  0.14%   990  470s
  3768   845 2052.05556   13  521 2052.44328 2049.68465  0.13%   997  482s
  3995   832     cutoff   17      2052.44328 2049.94239  0.12%   985  494s
  4117   818 2052.14374   20  606 2052.44328 2050.00500  0.12%   982  507s
  4379   766 2051.80959   12  630 2052.44328 2050.33532  0.10%   968  520s
  4664   666 2051.39409   13  584 2052.44328 2050.60227  0.09%   954  533s
  5033   379 2052.21622   17  705 2052.44328 2050.82628  0.08%   928  548s
  5545   644     cutoff   15      2052.44328 2051.14243  0.06%   884  560s
* 5616   644              77    2052.4322827 2051.14243  0.06%   875  560s
* 5750   644              96    2052.4244853 2051.21938  0.06%   855  560s
  6609   172 2052.16606   18  894 2052.42449 2051.25257  0.06%   759  611s
  6611   173 2052.42125   38 1174 2052.42449 2051.25257  0.06%   759  643s
  6612   174 2052.42323   61 1685 2052.42449 2051.25257  0.06%   759  645s
  6621   180 2052.36737   16  979 2052.42449 2051.25257  0.06%   758  680s
  6623   184 2051.75421   16 1184 2052.42449 2051.25257  0.06%   776  689s
  6625   184     cutoff   17      2052.42449 2051.25257  0.06%   776  691s
  6633   191 2051.25257   19 1143 2052.42449 2051.25257  0.06%   779  696s
  6641   194     cutoff   20      2052.42449 2051.25257  0.06%   782  700s
  6677   227 2051.25257   23 1074 2052.42449 2051.25257  0.06%   793  708s
  6700   237 2051.25257   23 1118 2052.42449 2051.25257  0.06%   798  711s
  6765   235 2051.25257   27  968 2052.42449 2051.25257  0.06%   802  716s
  6822   230 2051.25257   31  923 2052.42449 2051.25257  0.06%   806  721s
  6869   223 2051.25257   33  777 2052.42449 2051.25257  0.06%   810  726s
  6923   216 2051.25257   36  703 2052.42449 2051.25257  0.06%   813  731s
  6993   198 2051.25257   35  727 2052.42449 2051.25257  0.06%   814  736s
  7080   173 2052.39571   45  370 2052.42449 2051.25257  0.06%   815  742s
  7185   154     cutoff   29      2052.42449 2051.25257  0.06%   813  747s
  7235   147 2052.21499   24 1124 2052.42449 2051.25257  0.06%   814  750s
  7264   171 2052.34190   25 1140 2052.42449 2051.25257  0.06%   814  755s
  7301   176     cutoff   26      2052.42449 2051.25257  0.06%   815  762s
  7319   188 2052.00463   25  631 2052.42449 2051.25257  0.06%   816  766s
  7374   193     cutoff   26      2052.42449 2051.25257  0.06%   814  771s
  7458   207     cutoff   27      2052.42449 2051.25257  0.06%   810  775s
  7533   253 2051.64419   29  916 2052.42449 2051.25257  0.06%   808  780s
  7623   258     cutoff   31      2052.42449 2051.25257  0.06%   803  787s
  7639   339     cutoff   32      2052.42449 2051.25257  0.06%   803  792s
  7774   452     cutoff   35      2052.42449 2051.25257  0.06%   792  797s
  7950   614 2052.42256  121  188 2052.42449 2051.25257  0.06%   777  802s
  8153   873 2052.42256  144  180 2052.42449 2051.25257  0.06%   759  807s
  8417   885 2052.42256  170  126 2052.42449 2051.25257  0.06%   736  812s
  8429  1141 2052.42256  171  124 2052.42449 2051.25257  0.06%   735  818s
* 8658   939             210    2052.4225575 2051.25257  0.06%   716  818s
  8742   609     cutoff  197      2052.42256 2051.25257  0.06%   709  821s
  9218  1115 2052.42235   91  236 2052.42256 2051.25257  0.06%   679  829s
  9740  1281 2052.42235  135  170 2052.42256 2051.25257  0.06%   643  833s
* 9862  1245             211    2052.4212514 2051.25257  0.06%   635  834s
 10350   125     cutoff  187      2052.42125 2051.25257  0.06%   605  835s

Cutting planes:
  Gomory: 2
  Cover: 1
  Implied bound: 10
  MIR: 47
  Flow cover: 284
  Relax-and-lift: 22

Explored 11067 nodes (6409765 simplex iterations) in 839.31 seconds (1107.96 work units)
Thread count was 24 (of 24 available processors)

Solution count 10: 2052.42 2052.42 2052.42 ... 2052.49

Optimal solution found (tolerance 1.00e-04)
Best objective 2.052421251350e+03, best bound 2.052354885814e+03, gap 0.0032%
