
Gurobi 13.0.1 (win64) logging started Thu Oct  8 04:26:33 2026

Set parameter LogFile to value "ieee_owen\weak_eps_experiment\stochastic\main17_xi\logs\n15_S20_day7_ef_gurobi.log"
Set parameter NodefileStart to value 3
Set parameter MIPGap to value 0.0001
Gurobi Optimizer version 13.0.1 build v13.0.1rc0 (win64 - Windows 10.0 (19045.2))

CPU model: AMD Ryzen 9 5900X 12-Core Processor, instruction set [SSE2|AVX|AVX2]
Thread count: 12 physical cores, 24 logical processors, using up to 24 threads

Non-default parameters:
TimeLimit  1800
NodefileStart  3
LogToConsole  0

Optimize a model with 92686 rows, 89726 columns and 384875 nonzeros (Min)
Model fingerprint: 0x6a428561
Model has 22 linear objective coefficients
Variable types: 75446 continuous, 14280 integer (14280 binary)
Coefficient statistics:
  Matrix range     [3e-04, 2e+02]
  Objective range  [5e-02, 1e+00]
  Bounds range     [9e-03, 5e+01]
  RHS range        [8e-02, 2e+01]

Presolve removed 40221 rows and 29739 columns
Presolve time: 0.73s
Presolved: 52465 rows, 59987 columns, 205435 nonzeros
Variable types: 47291 continuous, 12696 integer (12695 binary)
Found heuristic solution: objective 2678.8820850
Deterministic concurrent LP optimizer: primal and dual simplex
Showing primal log only...


Root simplex log...

Iteration    Objective       Primal Inf.    Dual Inf.      Time
   24398    4.0327636e+03   0.000000e+00   4.945111e+05      5s
   41161    3.8459646e+03   0.000000e+00   5.210248e+04     10s
   51971    3.7675183e+03   0.000000e+00   4.741417e+04     15s
   61601    3.7102390e+03   0.000000e+00   3.655321e+04     20s
Concurrent spin time: 0.00s

Solved with dual simplex

Root simplex log...

Iteration    Objective       Primal Inf.    Dual Inf.      Time
   93174    1.9546389e+03   0.000000e+00   0.000000e+00     21s

Root relaxation: objective 1.954639e+03, 93174 iterations, 19.67 seconds (25.30 work units)

    Nodes    |    Current Node    |     Objective Bounds      |     Work
 Expl Unexpl |  Obj  Depth IntInf | Incumbent    BestBd   Gap | It/Node Time

     0     0 1954.63892    0  610 2678.88208 1954.63892  27.0%     -   21s
H    0     0                    2015.6478758 1954.63892  3.03%     -   23s
H    0     0                    1994.5517909 1954.63892  2.00%     -   24s
     0     0 1954.71051    0  808 1994.55179 1954.71051  2.00%     -   26s
H    0     0                    1994.1786044 1954.71051  1.98%     -   30s
     0     0 1954.71051    0  809 1994.17860 1954.71051  1.98%     -   30s
H    0     0                    1993.1583864 1954.71051  1.93%     -   30s
     0     0 1954.83888    0  838 1993.15839 1954.83888  1.92%     -   31s
     0     0 1954.86517    0  892 1993.15839 1954.86517  1.92%     -   31s
     0     0 1954.91542    0  781 1993.15839 1954.91542  1.92%     -   31s
     0     0 1954.93214    0  809 1993.15839 1954.93214  1.92%     -   31s
     0     0 1954.93570    0  809 1993.15839 1954.93570  1.92%     -   31s
     0     0 1954.93570    0  809 1993.15839 1954.93570  1.92%     -   31s
H    0     0                    1993.1382232 1955.22598  1.90%     -   32s
     0     0 1955.22598    0  891 1993.13822 1955.22598  1.90%     -   32s
     0     0 1955.23096    0  889 1993.13822 1955.23096  1.90%     -   33s
     0     0 1955.23121    0  889 1993.13822 1955.23121  1.90%     -   33s
     0     0 1955.24732    0  885 1993.13822 1955.24732  1.90%     -   33s
     0     0 1955.24899    0  890 1993.13822 1955.24899  1.90%     -   34s
     0     0 1955.25833    0  887 1993.13822 1955.25833  1.90%     -   34s
     0     0 1955.26404    0  754 1993.13822 1955.26404  1.90%     -   34s
     0     0 1955.26509    0  730 1993.13822 1955.26509  1.90%     -   34s
     0     0 1955.26509    0  731 1993.13822 1955.26509  1.90%     -   34s
     0     0 1955.29151    0  712 1993.13822 1955.29151  1.90%     -   35s
     0     0 1955.29151    0  712 1993.13822 1955.29151  1.90%     -   36s
H    0     0                    1993.0542261 1955.29151  1.89%     -   37s
     0     0 1955.29151    0  843 1993.05423 1955.29151  1.89%     -   37s
     0     0 1955.29151    0  846 1993.05423 1955.29151  1.89%     -   38s
     0     0 1955.29151    0  846 1993.05423 1955.29151  1.89%     -   38s
     0     0 1955.29151    0  846 1993.05423 1955.29151  1.89%     -   38s
     0     0 1955.29151    0  637 1993.05423 1955.29151  1.89%     -   39s
H    0     0                    1992.6753527 1955.29151  1.88%     -   39s
     0     0 1955.29151    0  799 1992.67535 1955.29151  1.88%     -   39s
     0     0 1955.29151    0  754 1992.67535 1955.29151  1.88%     -   40s
     0     0 1955.29151    0  631 1992.67535 1955.29151  1.88%     -   40s
H    0     0                    1992.3990427 1955.29151  1.86%     -   42s
     0     0 1955.29151    0  769 1992.39904 1955.29151  1.86%     -   42s
H    0     0                    1991.2534837 1955.29151  1.81%     -   42s
     0     0 1955.29151    0  881 1991.25348 1955.29151  1.81%     -   42s
     0     0 1955.29151    0  881 1991.25348 1955.29151  1.81%     -   42s
     0     0 1955.29151    0  753 1991.25348 1955.29151  1.81%     -   43s
     0     0 1955.29151    0  779 1991.25348 1955.29151  1.81%     -   44s
     0     0 1955.29151    0  807 1991.25348 1955.29151  1.81%     -   45s
     0     0 1955.29151    0  588 1991.25348 1955.29151  1.81%     -   45s
     0     0 1955.29151    0  769 1991.25348 1955.29151  1.81%     -   47s
     0     0 1955.29151    0  770 1991.25348 1955.29151  1.81%     -   47s
     0     0 1955.29151    0  718 1991.25348 1955.29151  1.81%     -   48s
     0     0 1955.29151    0  718 1991.25348 1955.29151  1.81%     -   48s
     0     0 1955.29151    0  718 1991.25348 1955.29151  1.81%     -   48s
     0     0 1955.29151    0  572 1991.25348 1955.29151  1.81%     -   48s
     0     2 1955.29151    0  572 1991.25348 1955.29151  1.81%     -   50s
    15    28 1956.12071    4  677 1991.25348 1955.42532  1.80%  1653   55s
H   28    40                    1991.1095155 1955.55162  1.79%  1792   57s
H   36    40                    1991.0435207 1955.61440  1.78%  1866   57s
    39    55 1960.21846    6  650 1991.04352 1955.61440  1.78%  1863   60s
H   55    67                    1990.7259442 1955.61440  1.76%  1567   63s
H   57    67                    1979.6514787 1955.61440  1.21%  1544   63s
H   60    67                    1972.9946569 1955.61440  0.88%  1508   63s
    66   100 1962.48888    8  633 1972.99466 1955.61440  0.88%  1519   65s
   148   163 1963.61202   13  513 1972.99466 1955.61440  0.88%  1396   71s
   185   202 1968.45779   15  445 1972.99466 1955.61440  0.88%  1578   77s
   231   242 1968.96771   16  315 1972.99466 1955.61440  0.88%  1610   81s
   279   291 1970.01897   18  278 1972.99466 1955.61440  0.88%  1584   85s
H  291   291                    1970.1656843 1955.61440  0.74%  1551   85s
   336   317 1960.33260    6  589 1970.16568 1955.61504  0.74%  1510   91s
H  349   317                    1970.0847828 1956.12071  0.71%  1510   91s
H  375   338                    1969.0515815 1956.12071  0.66%  1503   94s
H  381   338                    1968.5814403 1956.12071  0.63%  1488   94s
   385   369 1965.05326    7  460 1968.58144 1956.12071  0.63%  1490   96s
   466   446 1966.88248   10  376 1968.58144 1956.14447  0.63%  1385  100s
H  562   499                    1967.6225890 1956.14447  0.58%  1249  102s
   576   526 1964.19368   14  539 1967.62259 1956.14447  0.58%  1224  105s
   661   596 1964.71241   17  402 1967.62259 1956.14944  0.58%  1210  110s
H  677   596                    1966.7343207 1956.14944  0.54%  1194  110s
   761   643 1965.35753   20  313 1966.73432 1956.30025  0.53%  1144  115s
   855   680     cutoff   20      1966.73432 1956.30025  0.53%  1122  121s
   933   677 1965.60587   23  294 1966.73432 1956.30169  0.53%  1093  125s
* 1055   686              88    1966.1789224 1956.30169  0.50%  1032  128s
  1099   676     cutoff   12      1966.17892 1956.30169  0.50%  1022  132s
  1187   683     cutoff   11      1966.17892 1956.56542  0.49%   989  135s
* 1282   668              85    1966.0916493 1956.67468  0.48%   959  138s
  1338   657 1965.71244   11  416 1966.09165 1956.69532  0.48%   955  142s
  1398   643 1963.91874   12  467 1966.09165 1956.69532  0.48%   959  146s
  1470   640     cutoff   13      1966.09165 1956.69532  0.48%   958  154s
  1485   641 1965.10036   14  386 1966.09165 1956.69532  0.48%   959  164s
  1506   641 1965.58328   15  361 1966.09165 1956.69532  0.48%   957  174s
  1529   646 1965.60774   16  309 1966.09165 1956.69532  0.48%   961  184s
  1547   654 1965.60774   17  330 1966.09165 1956.69532  0.48%   962  194s
  1563   650     cutoff   18      1966.09165 1956.69532  0.48%   961  205s
  1589   647 1962.69443   10  614 1966.09165 1956.69532  0.48%   964  215s
  1610   649     cutoff   11      1966.09165 1956.69532  0.48%   964  226s
  1629   649 1966.06151   12  560 1966.09165 1956.69532  0.48%   964  233s
  1649   647     cutoff   13      1966.09165 1956.69532  0.48%   959  239s
  1722   641 1962.41216    9  517 1966.09165 1957.13642  0.46%   955  245s
  1740   660 1962.59841   10  377 1966.09165 1957.13642  0.46%   957  253s
  1814   673 infeasible   10      1966.09165 1957.15494  0.45%   972  259s
  1918   679     cutoff   13      1966.09165 1957.59273  0.43%   971  264s
H 1994   679                    1966.0791056 1957.59273  0.43%   958  264s
H 1997   679                    1966.0767049 1957.59273  0.43%   956  264s
  2053   738 1966.02247   43   44 1966.07670 1957.59273  0.43%   953  269s
* 2136   735              75    1966.0266387 1957.59273  0.43%   924  269s
  2236   705     cutoff   78      1966.02664 1957.59273  0.43%   911  275s
* 2277   699              75    1966.0266145 1957.59273  0.43%   907  275s
* 2305   663              75    1966.0218503 1957.59273  0.43%   903  275s
  2381   670 1963.96197   11  475 1966.02185 1959.00609  0.36%   902  282s
  2523   691 1963.77063   10  436 1966.02185 1959.57630  0.33%   898  288s
  2642   728 1961.73013   11  470 1966.02185 1960.08448  0.30%   897  294s
  2783   772 1964.93319   22  245 1966.02185 1960.34121  0.29%   891  301s
  2960   788 1965.39527   15  411 1966.02185 1960.63502  0.27%   886  308s
  3114   794     cutoff   14      1966.02185 1960.63502  0.27%   883  316s
  3318   805     cutoff   11      1966.02185 1960.63502  0.27%   870  325s
  3425   800     cutoff   13      1966.02185 1961.36420  0.24%   870  333s
  3636   859     cutoff   11      1966.02185 1961.45102  0.23%   864  342s
H 3846   708                    1965.3283755 1961.49470  0.20%   854  342s
H 3849   708                    1965.3283518 1961.49470  0.20%   853  342s
  3883   632     cutoff   15      1965.32835 1961.77052  0.18%   853  352s
  4092   618 1965.12013    9  527 1965.32835 1962.04798  0.17%   850  361s
  4388   886 1965.22583   24  126 1965.32835 1962.66639  0.14%   835  370s
* 4459   886              92    1965.3279870 1962.66639  0.14%   822  370s
* 4605   886              80    1965.3249867 1962.66639  0.14%   809  370s
* 4703   886              86    1965.2991981 1962.66639  0.13%   797  370s
H 4942   620                    1965.2935777 1962.79875  0.13%   770  384s
H 4942   620                    1965.2935595 1962.79875  0.13%   770  384s
  4943   603 1963.81245   17  572 1965.29356 1962.79875  0.13%   770  405s
  4945   604 1965.16049   13  920 1965.29356 1962.79875  0.13%   769  425s
  4951   608 1965.08508   20  892 1965.29356 1962.79875  0.13%   768  447s
  4952   609 1964.01909   15  892 1965.29356 1962.79875  0.13%   768  450s
  4955   616 1962.79875   11 1133 1965.29356 1962.79875  0.13%   790  455s
  4967   631 1962.79875   13 1041 1965.29356 1962.79875  0.13%   796  460s
  5013   635 1962.79875   15  946 1965.29356 1962.79875  0.13%   801  466s
  5080   628     cutoff   16      1965.29356 1962.79875  0.13%   801  470s
  5157   626 1963.75831   21  500 1965.29356 1962.79875  0.13%   800  476s
  5246   600 1964.40598   24  431 1965.29356 1962.79875  0.13%   796  484s
  5265   602 1964.48264   27  357 1965.29356 1962.79875  0.13%   796  488s
H 5272   568                    1965.2935593 1962.79875  0.13%   796  488s
  5287   571 1964.49215   31  357 1965.29356 1962.79875  0.13%   795  492s
  5329   560 1962.79875   21  579 1965.29356 1962.79875  0.13%   791  496s
  5370   555 1964.39172   23  517 1965.29356 1962.79875  0.13%   788  500s
  5399   554 1964.39172   24  476 1965.29356 1962.79875  0.13%   788  505s
  5486   552 1965.22285   35  359 1965.29356 1962.79875  0.13%   783  514s
  5544   533 1965.21467   23  436 1965.29356 1962.79875  0.13%   780  518s
  5577   539 1965.21467   24  436 1965.29356 1962.79875  0.13%   779  522s
  5645   545 1965.06025   23  498 1965.29356 1962.79875  0.13%   775  526s
  5789   553     cutoff   23      1965.29356 1963.09107  0.11%   766  533s
  5891   593     cutoff   25      1965.29356 1963.20471  0.11%   759  536s
  6037   648 1965.28328   96  148 1965.29356 1963.20471  0.11%   747  543s
  6186   723 1965.28328  115  124 1965.29356 1963.20471  0.11%   731  546s
  6352   674 1965.28328  136   80 1965.29356 1963.47302  0.09%   715  552s
  6367   791 1965.28328  137   78 1965.29356 1963.47302  0.09%   713  559s
  6501   879 1965.28328  138   76 1965.29356 1963.47754  0.09%   700  565s
  6648   966 1965.28328  139   74 1965.29356 1963.51781  0.09%   685  572s
  6811  1039 1965.28328  140   72 1965.29356 1963.54524  0.09%   670  578s
* 6817   749             208    1965.2839676 1963.54524  0.09%   669  578s
* 6818   749             208    1965.2839668 1963.54524  0.09%   669  578s
  6982   761 1965.28328  141   70 1965.28397 1963.55189  0.09%   654  583s
  7180   858 1965.28328  175   16 1965.28397 1963.55499  0.09%   640  588s
H 7182   846                    1965.2837920 1963.55499  0.09%   640  588s
* 7197   787             192    1965.2832805 1963.55499  0.09%   638  588s
* 7199   787             193    1965.2832786 1963.55499  0.09%   638  588s
* 7212   787             193    1965.2832783 1963.55499  0.09%   637  588s
  7411   792     cutoff  195      1965.28328 1963.55499  0.09%   623  593s
* 7502   792             192    1965.2744130 1963.77811  0.08%   617  593s
  7644   617 1965.21684   31  383 1965.27441 1963.80757  0.07%   608  597s
  7740   586 1965.18094   30  428 1965.27441 1963.88679  0.07%   604  601s
  7836   517 1964.31157   22  435 1965.27441 1964.05707  0.06%   602  605s
  8136   215 1964.80555   25  431 1965.27441 1964.32166  0.05%   587  612s
  8608     0     cutoff   25      1965.27441 1964.77329  0.03%   560  615s

Cutting planes:
  Gomory: 4
  Cover: 2
  Implied bound: 7
  Clique: 1
  MIR: 12
  Flow cover: 137
  Network: 1
  RLT: 2
  Relax-and-lift: 6

Explored 8650 nodes (4940195 simplex iterations) in 615.66 seconds (802.95 work units)
Thread count was 24 (of 24 available processors)

Solution count 10: 1965.27 1965.28 1965.28 ... 1965.29

Optimal solution found (tolerance 1.00e-04)
Best objective 1.965274413008e+03, best bound 1.965274413008e+03, gap 0.0000%
