
Gurobi 13.0.1 (win64) logging started Thu Oct  8 11:02:34 2026

Set parameter LogFile to value "ieee_owen\weak_eps_experiment\stochastic\main17_xi\logs\n15_S20_day11_ef_gurobi.log"
Set parameter NodefileStart to value 3
Set parameter MIPGap to value 0.0001
Gurobi Optimizer version 13.0.1 build v13.0.1rc0 (win64 - Windows 10.0 (19045.2))

CPU model: AMD Ryzen 9 5900X 12-Core Processor, instruction set [SSE2|AVX|AVX2]
Thread count: 12 physical cores, 24 logical processors, using up to 24 threads

Non-default parameters:
TimeLimit  1800
NodefileStart  3
LogToConsole  0

Optimize a model with 92686 rows, 89726 columns and 384875 nonzeros (Min)
Model fingerprint: 0x619c3c6d
Model has 22 linear objective coefficients
Variable types: 75446 continuous, 14280 integer (14280 binary)
Coefficient statistics:
  Matrix range     [3e-04, 2e+02]
  Objective range  [5e-02, 1e+00]
  Bounds range     [8e-03, 5e+01]
  RHS range        [8e-02, 2e+01]

Presolve removed 40253 rows and 29770 columns
Presolve time: 0.74s
Presolved: 52433 rows, 59956 columns, 205408 nonzeros
Variable types: 47269 continuous, 12687 integer (12686 binary)
Found heuristic solution: objective 3219.4774184
Deterministic concurrent LP optimizer: primal and dual simplex
Showing primal log only...


Root simplex log...

Iteration    Objective       Primal Inf.    Dual Inf.      Time
   22983    4.6333125e+03   0.000000e+00   2.615325e+05      5s
   38441    4.4343001e+03   0.000000e+00   2.987455e+04     10s
   52013    4.3209414e+03   0.000000e+00   1.627918e+05     15s
   63683    4.2387191e+03   0.000000e+00   1.764448e+05     20s
Concurrent spin time: 0.00s

Solved with dual simplex

Root simplex log...

Iteration    Objective       Primal Inf.    Dual Inf.      Time
   98602    2.6169335e+03   0.000000e+00   0.000000e+00     23s

Root relaxation: objective 2.616934e+03, 98602 iterations, 22.31 seconds (29.30 work units)

    Nodes    |    Current Node    |     Objective Bounds      |     Work
 Expl Unexpl |  Obj  Depth IntInf | Incumbent    BestBd   Gap | It/Node Time

     0     0 2616.93351    0  914 3219.47742 2616.93351  18.7%     -   24s
H    0     0                    2646.1936683 2616.93351  1.11%     -   25s
H    0     0                    2631.6446695 2616.93351  0.56%     -   27s
     0     0 2616.96760    0  966 2631.64467 2616.96760  0.56%     -   28s
H    0     0                    2630.3188785 2616.97018  0.51%     -   30s
     0     0 2616.97018    0  970 2630.31888 2616.97018  0.51%     -   30s
     0     0 2617.18361    0 1128 2630.31888 2617.18361  0.50%     -   32s
     0     0 2617.18361    0 1145 2630.31888 2617.18361  0.50%     -   32s
     0     0 2617.18361    0 1103 2630.31888 2617.18361  0.50%     -   33s
     0     0 2617.18361    0 1127 2630.31888 2617.18361  0.50%     -   33s
     0     0 2617.21065    0 1032 2630.31888 2617.21065  0.50%     -   35s
     0     0 2617.21065    0 1044 2630.31888 2617.21065  0.50%     -   36s
     0     0 2617.21065    0 1043 2630.31888 2617.21065  0.50%     -   36s
     0     0 2617.31432    0  993 2630.31888 2617.31432  0.49%     -   38s
     0     0 2617.31432    0  992 2630.31888 2617.31432  0.49%     -   39s
     0     0 2617.31783    0  992 2630.31888 2617.31783  0.49%     -   39s
     0     0 2617.31783    0  992 2630.31888 2617.31783  0.49%     -   40s
     0     0 2617.31783    0  992 2630.31888 2617.31783  0.49%     -   40s
     0     0 2617.31783    0  785 2630.31888 2617.31783  0.49%     -   41s
     0     2 2617.31783    0  785 2630.31888 2617.31783  0.49%     -   43s
     3     6 2619.10025    2  787 2630.31888 2617.31783  0.49%  1974   45s
    25    45 2619.63635    5  970 2630.31888 2619.27811  0.42%  2171   50s
H   70    69                    2630.3018121 2619.48915  0.41%  1344   51s
H   85    97                    2629.4750919 2619.48915  0.38%  1209   53s
   104   120 2621.22619   10  698 2629.47509 2619.48915  0.38%  1164   55s
   201   218 2622.38670   15  366 2629.47509 2619.48915  0.38%  1067   61s
H  249   242                    2629.1125989 2619.48915  0.37%   993   64s
   253   280 2621.95857   17  397 2629.11260 2619.48915  0.37%   992   67s
   357   380 2622.85269   22  410 2629.11260 2619.48915  0.37%   871   70s
   540   599 2623.96868   28  202 2629.11260 2619.48915  0.37%   772   75s
  1211  1374 2624.37748   76   96 2629.11260 2619.48915  0.37%   367   81s
* 1289  1103             112    2627.1667676 2619.48915  0.29%   345   81s
* 1669   836             130    2624.6939967 2619.63822  0.19%   273   83s
* 1688   836             132    2624.3774807 2619.63822  0.18%   270   83s
  1877   651 2622.04742    8  640 2624.37748 2619.63822  0.18%   257   85s
  1994   646 2623.79118   11  440 2624.37748 2620.04176  0.17%   285   91s
  2083   648     cutoff   11      2624.37748 2620.08987  0.16%   305   96s
  2184   650     cutoff   14      2624.37748 2620.78019  0.14%   316  100s
  2230   647 2623.81289   18  618 2624.37748 2620.88230  0.13%   318  107s
  2244   644     cutoff   19      2624.37748 2620.88230  0.13%   322  115s
  2268   650 2622.98581    9  691 2624.37748 2620.89003  0.13%   326  122s
  2298   648 2622.98581   10  734 2624.37748 2620.89133  0.13%   328  131s
  2317   644 2622.98581   11  610 2624.37748 2620.89133  0.13%   330  138s
  2341   649     cutoff   12      2624.37748 2620.89133  0.13%   334  146s
H 2371   649                    2624.3774794 2620.89133  0.13%   336  146s
  2428   642     cutoff    9      2624.37748 2620.99000  0.13%   341  151s
  2541   651     cutoff   10      2624.37748 2621.08056  0.13%   352  155s
  2611   652 2623.07334   11  626 2624.37748 2621.17082  0.12%   363  161s
  2745   628     cutoff   11      2624.37748 2621.18014  0.12%   369  165s
  2875   639 2621.80268   10  717 2624.37748 2621.18014  0.12%   382  171s
  3014   628 2623.95790   15  456 2624.37748 2621.39627  0.11%   393  176s
  3149   621     cutoff   14      2624.37748 2621.43408  0.11%   404  182s
  3226   621     cutoff   17      2624.37748 2621.47613  0.11%   410  185s
  3405   621     cutoff   20      2624.37748 2621.76165  0.10%   420  193s
  3432   620 2622.08379   15  524 2624.37748 2621.79089  0.10%   424  196s
  3516   609 2623.43151   17  426 2624.37748 2621.79089  0.10%   432  200s
  3746   583     cutoff   14      2624.37748 2622.05608  0.09%   440  206s
  3827   571     cutoff   14      2624.37748 2622.22486  0.08%   447  210s
  4018   531 2624.24445   14  595 2624.37748 2622.39149  0.08%   457  218s
  4129   498 2623.59902   22  359 2624.37748 2622.47742  0.07%   461  222s
  4230   475 2623.48727   20  250 2624.37748 2622.61899  0.07%   467  227s
  4351   420     cutoff   19      2624.37748 2622.72424  0.06%   470  230s
  4661   160 2624.24678   13  489 2624.37748 2623.38541  0.04%   469  239s
  5021     0     cutoff    8      2624.37748 2623.69767  0.03%   446  240s

Cutting planes:
  Cover: 425
  Implied bound: 797
  Clique: 3
  MIR: 515
  Flow cover: 1237
  Flow path: 2
  Network: 14
  RLT: 27
  Relax-and-lift: 195
  BQP: 30
  PSD: 2

Explored 5229 nodes (2362993 simplex iterations) in 241.03 seconds (310.69 work units)
Thread count was 24 (of 24 available processors)

Solution count 10: 2624.38 2624.38 2624.69 ... 2646.19

Optimal solution found (tolerance 1.00e-04)
Best objective 2.624377479430e+03, best bound 2.624377479430e+03, gap 0.0000%
