
Gurobi 13.0.1 (win64) logging started Thu Oct  8 22:15:59 2026

Set parameter LogFile to value "ieee_owen\weak_eps_experiment\stochastic\main17_xi\logs\n15_S20_day18_ef_gurobi.log"
Set parameter NodefileStart to value 3
Set parameter MIPGap to value 0.0001
Gurobi Optimizer version 13.0.1 build v13.0.1rc0 (win64 - Windows 10.0 (19045.2))

CPU model: AMD Ryzen 9 5900X 12-Core Processor, instruction set [SSE2|AVX|AVX2]
Thread count: 12 physical cores, 24 logical processors, using up to 24 threads

Non-default parameters:
TimeLimit  1800
NodefileStart  3
LogToConsole  0

Optimize a model with 92686 rows, 89726 columns and 384875 nonzeros (Min)
Model fingerprint: 0x853a6add
Model has 22 linear objective coefficients
Variable types: 75446 continuous, 14280 integer (14280 binary)
Coefficient statistics:
  Matrix range     [3e-04, 2e+02]
  Objective range  [5e-02, 1e+00]
  Bounds range     [7e-03, 5e+01]
  RHS range        [8e-02, 2e+01]

Presolve removed 40251 rows and 29768 columns
Presolve time: 0.79s
Presolved: 52435 rows, 59958 columns, 205383 nonzeros
Variable types: 47271 continuous, 12687 integer (12686 binary)
Found heuristic solution: objective 3018.6733351
Deterministic concurrent LP optimizer: primal and dual simplex
Showing primal log only...


Root simplex log...

Iteration    Objective       Primal Inf.    Dual Inf.      Time
   22556    4.5851229e+03   0.000000e+00   7.581297e+05      5s
   41867    4.2480161e+03   0.000000e+00   1.206397e+05     10s
   53340    4.1282672e+03   0.000000e+00   5.140925e+04     15s
   63900    4.0484084e+03   0.000000e+00   9.925094e+05     20s
Concurrent spin time: 0.00s

Solved with dual simplex

Root simplex log...

Iteration    Objective       Primal Inf.    Dual Inf.      Time
   92736    2.3611164e+03   0.000000e+00   0.000000e+00     24s

Root relaxation: objective 2.361116e+03, 92736 iterations, 22.57 seconds (29.19 work units)

    Nodes    |    Current Node    |     Objective Bounds      |     Work
 Expl Unexpl |  Obj  Depth IntInf | Incumbent    BestBd   Gap | It/Node Time

     0     0 2361.11636    0  799 3018.67334 2361.11636  21.8%     -   24s
H    0     0                    2378.8662022 2361.11636  0.75%     -   25s
H    0     0                    2375.4299809 2361.11636  0.60%     -   27s
H    0     0                    2375.4299805 2361.11636  0.60%     -   27s
     0     0 2361.25441    0 1013 2375.42998 2361.25441  0.60%     -   29s
     0     0 2361.25441    0 1013 2375.42998 2361.25441  0.60%     -   29s
H    0     0                    2374.1032556 2361.31456  0.54%     -   30s
     0     0 2361.31456    0  891 2374.10326 2361.31456  0.54%     -   30s
     0     0 2361.37736    0  895 2374.10326 2361.37736  0.54%     -   32s
     0     0 2361.37736    0  870 2374.10326 2361.37736  0.54%     -   32s
     0     0 2361.37736    0  890 2374.10326 2361.37736  0.54%     -   32s
     0     0 2361.44808    0  911 2374.10326 2361.44808  0.53%     -   33s
     0     0 2361.49810    0  890 2374.10326 2361.49810  0.53%     -   36s
     0     0 2361.49810    0  889 2374.10326 2361.49810  0.53%     -   36s
     0     0 2361.49810    0  889 2374.10326 2361.49810  0.53%     -   36s
     0     0 2361.49810    0  889 2374.10326 2361.49810  0.53%     -   36s
H    0     0                    2373.3289014 2361.52988  0.50%     -   38s
     0     0 2361.52988    0 1010 2373.32890 2361.52988  0.50%     -   38s
     0     0 2361.60733    0 1043 2373.32890 2361.60733  0.49%     -   39s
     0     0 2361.60733    0 1044 2373.32890 2361.60733  0.49%     -   40s
     0     0 2361.60733    0 1044 2373.32890 2361.60733  0.49%     -   40s
     0     0 2361.60733    0  962 2373.32890 2361.60733  0.49%     -   40s
     0     0 2361.60733    0  963 2373.32890 2361.60733  0.49%     -   40s
     0     0 2361.60733    0  963 2373.32890 2361.60733  0.49%     -   41s
     0     0 2361.60733    0  962 2373.32890 2361.60733  0.49%     -   41s
     0     0 2361.60733    0  965 2373.32890 2361.60733  0.49%     -   42s
     0     0 2361.60733    0  965 2373.32890 2361.60733  0.49%     -   42s
     0     0 2361.60733    0  965 2373.32890 2361.60733  0.49%     -   42s
     0     0 2361.60733    0  851 2373.32890 2361.60733  0.49%     -   43s
     0     0 2361.64924    0  926 2373.32890 2361.64924  0.49%     -   44s
     0     0 2361.65355    0  895 2373.32890 2361.65355  0.49%     -   44s
     0     0 2361.65355    0  895 2373.32890 2361.65355  0.49%     -   44s
     0     0 2361.65355    0  828 2373.32890 2361.65355  0.49%     -   45s
     0     0 2361.65355    0  852 2373.32890 2361.65355  0.49%     -   46s
     0     0 2361.65355    0  940 2373.32890 2361.65355  0.49%     -   46s
     0     0 2361.65355    0  940 2373.32890 2361.65355  0.49%     -   47s
     0     0 2361.65529    0  940 2373.32890 2361.65529  0.49%     -   47s
     0     0 2361.65529    0  940 2373.32890 2361.65529  0.49%     -   47s
     0     2 2361.65529    0  842 2373.32890 2361.65529  0.49%     -   49s
     3     8 2361.81031    2  849 2373.32890 2361.66226  0.49%   581   50s
    27    38 2369.21023    5  906 2373.32890 2362.70152  0.45%  2348   58s
    39    61 2369.54929    6  859 2373.32890 2362.70152  0.45%  2646   61s
    87   100 2370.24774    9  741 2373.32890 2362.70152  0.45%  1920   66s
   123   129 2371.76183   11  577 2373.32890 2362.70152  0.45%  1884   72s
   150   139 2371.78611   11  661 2373.32890 2362.70152  0.45%  1771   75s
   192   175     cutoff   13      2373.32890 2362.70152  0.45%  1676   81s
   252   218 2371.93147    8  372 2373.32890 2362.70152  0.45%  1589   86s
   326   278     cutoff   14      2373.32890 2362.89179  0.44%  1420   90s
   455   384 2371.26501    9  441 2373.32890 2363.29250  0.42%  1214   95s
   565   472 2372.76097   12  352 2373.32890 2363.37677  0.42%  1083  100s
   698   586 2371.05855    8  500 2373.32890 2363.37677  0.42%   979  105s
   955   862 2367.15444    7  641 2373.32890 2363.52769  0.41%   806  110s
H 1084   787                    2370.0811338 2363.52769  0.28%   732  112s
H 1122   787                    2369.7592389 2363.52769  0.26%   707  112s
  1221   630     cutoff   12      2369.75924 2363.52769  0.26%   659  115s
  1316   668 2368.28544    9  662 2369.75924 2363.78317  0.25%   671  120s
  1386   648 2368.27820    8  699 2369.75924 2364.10046  0.24%   687  125s
  1430   634 2369.38792   10  694 2369.75924 2364.10046  0.24%   693  134s
  1457   643     cutoff   11      2369.75924 2364.15620  0.24%   696  149s
  1474   646     cutoff   12      2369.75924 2364.46195  0.22%   704  162s
  1498   653 2368.49245   13  793 2369.75924 2364.46195  0.22%   708  174s
  1515   658     cutoff   14      2369.75924 2364.46195  0.22%   707  186s
  1556   657 2367.37638    8  576 2369.75924 2364.93461  0.20%   705  197s
  1589   665 2368.02688    9  428 2369.75924 2364.93604  0.20%   708  208s
  1644   651 2368.09752   10  408 2369.75924 2364.93604  0.20%   708  217s
  1661   657 2368.09752   11  448 2369.75924 2364.93604  0.20%   708  227s
  1681   669 2368.84199   12  383 2369.75924 2364.93604  0.20%   714  237s
  1733   646 2369.12595   13  357 2369.75924 2364.93604  0.20%   707  247s
  1769   652 2369.12595   14  360 2369.75924 2365.33845  0.19%   709  257s
  1811   660 2369.73926   15  315 2369.75924 2365.75557  0.17%   709  267s
  1849   640     cutoff   16      2369.75924 2365.77262  0.17%   712  276s
  1888   642 2368.35962   11  512 2369.75924 2366.03981  0.16%   714  285s
  1960   665 2366.64032   10  611 2369.75924 2366.12343  0.15%   717  293s
  2059   629 2369.38280   19  241 2369.75924 2366.12343  0.15%   716  300s
  2157   624 2369.05223    8  557 2369.75924 2366.25870  0.15%   723  306s
  2192   660     cutoff    9      2369.75924 2366.25870  0.15%   718  311s
  2357   645 2369.08333   20  332 2369.75924 2366.72604  0.13%   709  318s
  2562   674 2368.25651   18  330 2369.75924 2367.07788  0.11%   698  324s
  2791   689 2368.08171   18  434 2369.75924 2367.26842  0.11%   683  331s
  2995   684     cutoff   25      2369.75924 2367.37291  0.10%   675  338s
  3204   669     cutoff   24      2369.75924 2367.41359  0.10%   668  345s
  3459   644     cutoff   28      2369.75924 2367.78922  0.08%   657  352s
  3731   628 2368.97629    8  663 2369.75924 2367.94303  0.08%   647  360s
  4055   584     cutoff   16      2369.75924 2368.10079  0.07%   631  368s
  4388   539 2369.20454    9  567 2369.75924 2368.11472  0.07%   617  376s
  4724   428 2369.37119   12  370 2369.75924 2368.48433  0.05%   605  385s
  5152   281     cutoff   20      2369.75924 2368.65220  0.05%   587  395s
  5610    11 2369.70882   18  239 2369.75924 2368.95860  0.03%   566  403s

Cutting planes:
  Gomory: 15
  Cover: 321
  Implied bound: 681
  MIR: 421
  Flow cover: 1377
  Network: 2
  RLT: 7
  Relax-and-lift: 98
  BQP: 11

Explored 6150 nodes (3395006 simplex iterations) in 403.57 seconds (561.71 work units)
Thread count was 24 (of 24 available processors)

Solution count 8: 2369.76 2370.08 2373.33 ... 3018.67

Optimal solution found (tolerance 1.00e-04)
Best objective 2.369759238923e+03, best bound 2.369528274947e+03, gap 0.0097%
