
Gurobi 13.0.1 (win64) logging started Fri Oct  9 14:49:19 2026

Set parameter LogFile to value "ieee_owen\weak_eps_experiment\stochastic\main17_xi\logs\n15_S20_day28_ef_gurobi.log"
Set parameter NodefileStart to value 3
Set parameter MIPGap to value 0.0001
Gurobi Optimizer version 13.0.1 build v13.0.1rc0 (win64 - Windows 10.0 (19045.2))

CPU model: AMD Ryzen 9 5900X 12-Core Processor, instruction set [SSE2|AVX|AVX2]
Thread count: 12 physical cores, 24 logical processors, using up to 24 threads

Non-default parameters:
TimeLimit  1800
NodefileStart  3
LogToConsole  0

Optimize a model with 92686 rows, 89726 columns and 384875 nonzeros (Min)
Model fingerprint: 0x81a10eb1
Model has 22 linear objective coefficients
Variable types: 75446 continuous, 14280 integer (14280 binary)
Coefficient statistics:
  Matrix range     [3e-04, 2e+02]
  Objective range  [5e-02, 1e+00]
  Bounds range     [1e-03, 5e+01]
  RHS range        [8e-02, 2e+01]

Presolve removed 40633 rows and 29992 columns
Presolve time: 0.85s
Presolved: 52053 rows, 59734 columns, 205112 nonzeros
Variable types: 47061 continuous, 12673 integer (12672 binary)
Found heuristic solution: objective 3944.9445523
Deterministic concurrent LP optimizer: primal and dual simplex
Showing primal log only...


Root simplex log...

Iteration    Objective       Primal Inf.    Dual Inf.      Time
   21051    4.8610238e+03   0.000000e+00   3.535820e+04      5s
   35386    4.7928459e+03   0.000000e+00   4.147876e+04     10s
   46572    4.7512206e+03   0.000000e+00   2.223361e+04     15s
   57686    4.7031332e+03   0.000000e+00   8.687676e+04     20s
   68096    4.6663275e+03   0.000000e+00   2.914891e+04     25s
Concurrent spin time: 0.00s

Solved with dual simplex

Root simplex log...

Iteration    Objective       Primal Inf.    Dual Inf.      Time
  106456    3.4510280e+03   0.000000e+00   0.000000e+00     28s

Root relaxation: objective 3.451028e+03, 106456 iterations, 27.27 seconds (35.83 work units)

    Nodes    |    Current Node    |     Objective Bounds      |     Work
 Expl Unexpl |  Obj  Depth IntInf | Incumbent    BestBd   Gap | It/Node Time

     0     0 3451.02800    0  847 3944.94455 3451.02800  12.5%     -   29s
H    0     0                    3509.0239177 3451.02800  1.65%     -   31s
H    0     0                    3490.5928577 3451.02800  1.13%     -   33s
     0     0 3451.73622    0 1239 3490.59286 3451.73622  1.11%     -   35s
     0     0 3451.73636    0 1239 3490.59286 3451.73636  1.11%     -   38s
H    0     0                    3490.5921112 3452.15107  1.10%     -   40s
     0     0 3452.15107    0 1229 3490.59211 3452.15107  1.10%     -   40s
     0     0 3452.21291    0 1206 3490.59211 3452.21291  1.10%     -   43s
     0     0 3452.25169    0 1207 3490.59211 3452.25169  1.10%     -   44s
     0     0 3452.34422    0 1184 3490.59211 3452.34422  1.10%     -   44s
     0     0 3452.36613    0 1182 3490.59211 3452.36613  1.10%     -   44s
     0     0 3452.38193    0 1199 3490.59211 3452.38193  1.09%     -   44s
     0     0 3452.50402    0 1431 3490.59211 3452.50402  1.09%     -   45s
     0     0 3452.50402    0 1517 3490.59211 3452.50402  1.09%     -   45s
     0     0 3452.50402    0 1396 3490.59211 3452.50402  1.09%     -   46s
     0     0 3452.51548    0 1233 3490.59211 3452.51548  1.09%     -   47s
     0     0 3452.51548    0 1226 3490.59211 3452.51548  1.09%     -   49s
     0     0 3452.54282    0 1476 3490.59211 3452.54282  1.09%     -   51s
     0     0 3452.55982    0 1469 3490.59211 3452.55982  1.09%     -   52s
     0     0 3452.55982    0 1472 3490.59211 3452.55982  1.09%     -   52s
     0     0 3452.55982    0 1471 3490.59211 3452.55982  1.09%     -   52s
     0     0 3452.58339    0 1292 3490.59211 3452.58339  1.09%     -   53s
H    0     0                    3490.3145569 3452.58339  1.08%     -   57s
     0     0 3452.58339    0 1287 3490.31456 3452.58339  1.08%     -   57s
     0     0 3452.58356    0 1291 3490.31456 3452.58356  1.08%     -   57s
H    0     0                    3489.7925340 3452.58356  1.07%     -   57s
     0     0 3452.58391    0 1266 3489.79253 3452.58391  1.07%     -   58s
     0     0 3452.59113    0 1190 3489.79253 3452.59113  1.07%     -   58s
     0     0 3452.59375    0 1195 3489.79253 3452.59375  1.07%     -   59s
     0     0 3452.59375    0 1198 3489.79253 3452.59375  1.07%     -   59s
     0     0 3452.61825    0 1172 3489.79253 3452.61825  1.07%     -   60s
     0     0 3452.61825    0 1172 3489.79253 3452.61825  1.07%     -   60s
     0     0 3452.61825    0 1172 3489.79253 3452.61825  1.07%     -   60s
     0     0 3452.61825    0 1077 3489.79253 3452.61825  1.07%     -   61s
     0     2 3452.61825    0 1022 3489.79253 3452.61825  1.07%     -   65s
     7    16 3456.37581    3  868 3489.79253 3453.51997  1.04%  2821   74s
H    8    16                    3489.7887765 3453.51997  1.04%  2468   74s
    15    23 3456.65696    4  861 3489.78878 3453.52332  1.04%  5128   88s
    22    35 3473.63213    5  793 3489.78878 3453.54675  1.04%  6464   97s
H   25    35                    3489.7179627 3453.54675  1.04%  6902   97s
H   34    74                    3486.7139015 3453.54675  0.95%  6501  103s
H   54    74                    3486.2483445 3453.54675  0.94%  4661  103s
H   72    74                    3482.8999480 3453.54675  0.84%  3802  103s
    73    85 3475.16387    8  736 3482.89995 3453.54675  0.84%  3790  106s
    98   108 3476.09296   10  497 3482.89995 3453.54675  0.84%  3306  110s
H  104   108                    3482.7708769 3453.54675  0.84%  3183  110s
H  110   108                    3472.9147202 3453.54675  0.56%  3128  110s
   158   163 3455.82071    8  841 3472.91472 3453.54675  0.56%  2575  116s
H  165   163                    3471.5372248 3453.54675  0.52%  2513  116s
H  194   185                    3467.0388122 3453.54675  0.39%  2285  119s
H  207   185                    3466.7981299 3453.54675  0.38%  2225  119s
H  211   185                    3466.1906312 3453.54675  0.36%  2201  119s
   212   216 3459.25578   15  577 3466.19063 3453.54675  0.36%  2199  121s
   285   290 3460.36674   25  428 3466.19063 3453.54675  0.36%  1864  125s
   414   429 3461.23643   43  110 3466.19063 3453.54675  0.36%  1440  130s
   476   481 3461.24346   50  102 3466.19063 3453.54675  0.36%  1299  138s
   606   641 3461.24346   67   72 3466.19063 3453.54675  0.36%  1084  141s
   979  1074 3461.45727  103   25 3466.19063 3453.54675  0.36%   698  145s
* 1178   858             128    3461.4572651 3453.54675  0.23%   582  146s
  1382   673     cutoff  128      3461.45727 3453.54675  0.23%   498  151s
H 1483   642                    3460.6382430 3455.06159  0.16%   495  153s
  1492   638 3457.88845    9  708 3460.63824 3455.06159  0.16%   501  155s
  1576   633     cutoff   15      3460.63824 3455.19130  0.16%   518  161s
  1629   645 3459.27425   12  550 3460.63824 3455.19130  0.16%   540  165s
  1683   644 3460.18781   13  480 3460.63824 3456.14126  0.13%   559  170s
  1767   641     cutoff   10      3460.63824 3456.40364  0.12%   564  175s
  1809   667     cutoff   12      3460.63824 3456.44899  0.12%   570  180s
  1908   684 3458.41928    6  883 3460.63824 3456.47442  0.12%   568  185s
* 2046   676             103    3460.4820891 3456.47442  0.12%   558  188s
  2067   636 3459.20900    8  682 3460.48209 3456.47442  0.12%   559  190s
  2165   620     cutoff    9      3460.48209 3456.85172  0.10%   567  199s
  2200   628 3458.04031    5 1030 3460.48209 3456.85544  0.10%   583  201s
  2295   631 3460.39947   11  720 3460.48209 3456.85544  0.10%   589  214s
  2320   636     cutoff   12      3460.48209 3456.97708  0.10%   593  221s
  2382   628 3459.61483   16  697 3460.48209 3457.18751  0.10%   597  226s
  2412   620 3459.82968   17  579 3460.48209 3457.18751  0.10%   601  234s
H 2445   620                    3460.4817001 3457.18751  0.10%   603  234s
  2447   617     cutoff   17      3460.48170 3457.18751  0.10%   603  237s
  2516   604     cutoff   14      3460.48170 3457.84730  0.08%   605  240s
  2669   575 3460.37733   14  501 3460.48170 3458.45975  0.06%   606  247s
  2759   534     cutoff   11      3460.48170 3458.79780  0.05%   605  250s
  3206   597     cutoff   24      3460.48170 3459.44223  0.03%   549  258s
H 3617   597                    3460.4816927 3459.54906  0.03%   491  258s
  3777    45     cutoff   78      3460.48169 3459.54906  0.03%   472  260s

Cutting planes:
  Gomory: 17
  Cover: 681
  Implied bound: 1502
  Clique: 21
  MIR: 932
  Flow cover: 2289
  Flow path: 2
  Network: 41
  RLT: 4
  Relax-and-lift: 244
  BQP: 5

Explored 4327 nodes (1926121 simplex iterations) in 261.33 seconds (343.56 work units)
Thread count was 24 (of 24 available processors)

Solution count 10: 3460.48 3460.48 3460.48 ... 3472.91

Optimal solution found (tolerance 1.00e-04)
Best objective 3.460481692664e+03, best bound 3.460262494425e+03, gap 0.0063%
