
Gurobi 13.0.1 (win64) logging started Wed Oct  7 23:26:38 2026

Set parameter LogFile to value "ieee_owen\weak_eps_experiment\stochastic\main17_xi\logs\n15_S20_day4_ef_gurobi.log"
Set parameter NodefileStart to value 3
Set parameter MIPGap to value 0.0001
Gurobi Optimizer version 13.0.1 build v13.0.1rc0 (win64 - Windows 10.0 (19045.2))

CPU model: AMD Ryzen 9 5900X 12-Core Processor, instruction set [SSE2|AVX|AVX2]
Thread count: 12 physical cores, 24 logical processors, using up to 24 threads

Non-default parameters:
TimeLimit  1800
NodefileStart  3
LogToConsole  0

Optimize a model with 92686 rows, 89726 columns and 384875 nonzeros (Min)
Model fingerprint: 0x79ad1cf5
Model has 22 linear objective coefficients
Variable types: 75446 continuous, 14280 integer (14280 binary)
Coefficient statistics:
  Matrix range     [3e-04, 2e+02]
  Objective range  [5e-02, 1e+00]
  Bounds range     [1e-02, 5e+01]
  RHS range        [8e-02, 2e+01]

Presolve removed 40250 rows and 29766 columns
Presolve time: 0.73s
Presolved: 52436 rows, 59960 columns, 205375 nonzeros
Variable types: 47273 continuous, 12687 integer (12686 binary)
Found heuristic solution: objective 2623.7588235
Deterministic concurrent LP optimizer: primal and dual simplex
Showing primal log only...


Root simplex log...

Iteration    Objective       Primal Inf.    Dual Inf.      Time
   23714    4.0119296e+03   0.000000e+00   6.250126e+04      5s
   38202    3.9096819e+03   0.000000e+00   5.721439e+04     10s
   50503    3.8382987e+03   0.000000e+00   1.127911e+06     15s
   60903    3.7918624e+03   0.000000e+00   2.214493e+04     20s
   70233    3.7537658e+03   0.000000e+00   3.105781e+04     25s
Concurrent spin time: 0.00s

Solved with dual simplex

Root simplex log...

Iteration    Objective       Primal Inf.    Dual Inf.      Time
  108540    2.0363660e+03   0.000000e+00   0.000000e+00     27s

Root relaxation: objective 2.036366e+03, 108540 iterations, 25.74 seconds (33.43 work units)

    Nodes    |    Current Node    |     Objective Bounds      |     Work
 Expl Unexpl |  Obj  Depth IntInf | Incumbent    BestBd   Gap | It/Node Time

     0     0 2036.36597    0  800 2623.75882 2036.36597  22.4%     -   27s
H    0     0                    2091.4067759 2036.36597  2.63%     -   29s
H    0     0                    2062.8092561 2036.36597  1.28%     -   31s
     0     0 2036.89508    0  839 2062.80926 2036.89508  1.26%     -   34s
H    0     0                    2059.4948541 2036.89508  1.10%     -   36s
     0     0 2036.89508    0  838 2059.49485 2036.89508  1.10%     -   36s
     0     0 2037.03742    0 1364 2059.49485 2037.03742  1.09%     -   38s
     0     0 2037.21224    0 1142 2059.49485 2037.21224  1.08%     -   40s
     0     0 2037.21224    0 1077 2059.49485 2037.21224  1.08%     -   41s
     0     0 2037.32973    0 1293 2059.49485 2037.32973  1.08%     -   41s
     0     0 2037.38826    0 1107 2059.49485 2037.38826  1.07%     -   42s
     0     0 2037.43543    0 1080 2059.49485 2037.43543  1.07%     -   42s
     0     0 2037.43543    0 1076 2059.49485 2037.43543  1.07%     -   42s
     0     0 2037.45481    0 1106 2059.49485 2037.45481  1.07%     -   42s
     0     0 2037.48934    0 1280 2059.49485 2037.48934  1.07%     -   43s
     0     0 2037.54769    0 1231 2059.49485 2037.54769  1.07%     -   43s
     0     0 2037.60335    0 1228 2059.49485 2037.60335  1.06%     -   43s
     0     0 2037.60335    0 1219 2059.49485 2037.60335  1.06%     -   44s
     0     0 2037.61328    0 1224 2059.49485 2037.61328  1.06%     -   44s
     0     0 2037.61328    0 1017 2059.49485 2037.61328  1.06%     -   45s
     0     0 2037.71108    0 1265 2059.49485 2037.71108  1.06%     -   47s
     0     0 2037.73756    0 1253 2059.49485 2037.73756  1.06%     -   47s
     0     0 2037.77811    0 1242 2059.49485 2037.77811  1.05%     -   48s
     0     0 2037.77819    0 1166 2059.49485 2037.77819  1.05%     -   48s
     0     0 2037.85185    0 1253 2059.49485 2037.85185  1.05%     -   49s
H    0     0                    2059.3042514 2037.85758  1.04%     -   52s
     0     0 2037.85758    0 1171 2059.30425 2037.85758  1.04%     -   52s
     0     0 2037.87460    0 1117 2059.30425 2037.87460  1.04%     -   52s
     0     0 2037.87460    0 1002 2059.30425 2037.87460  1.04%     -   52s
     0     0 2037.87693    0 1091 2059.30425 2037.87693  1.04%     -   53s
H    0     0                    2056.8648172 2037.87693  0.92%     -   56s
     0     0 2037.87693    0 1091 2056.86482 2037.87693  0.92%     -   56s
     0     0 2037.87693    0 1015 2056.86482 2037.87693  0.92%     -   57s
     0     0 2037.87693    0 1092 2056.86482 2037.87693  0.92%     -   57s
     0     0 2037.87693    0 1015 2056.86482 2037.87693  0.92%     -   58s
     0     0 2037.87693    0  807 2056.86482 2037.87693  0.92%     -   59s
H    0     0                    2046.1036918 2037.87693  0.40%     -   61s
     0     0 2037.87693    0  948 2046.10369 2037.87693  0.40%     -   61s
H    0     0                    2045.9519974 2037.87693  0.39%     -   61s
     0     0 2037.87693    0  954 2045.95200 2037.87693  0.39%     -   62s
     0     0 2037.87693    0  954 2045.95200 2037.87693  0.39%     -   62s
     0     0 2037.87693    0  861 2045.95200 2037.87693  0.39%     -   62s
     0     0 2037.87900    0  918 2045.95200 2037.87900  0.39%     -   63s
     0     0 2037.87900    0  919 2045.95200 2037.87900  0.39%     -   63s
     0     0 2037.87900    0  850 2045.95200 2037.87900  0.39%     -   63s
     0     0 2037.87900    0  850 2045.95200 2037.87900  0.39%     -   63s
     0     0 2037.87900    0  756 2045.95200 2037.87900  0.39%     -   64s
     0     0 2037.87900    0  804 2045.95200 2037.87900  0.39%     -   64s
     0     0 2037.87900    0  767 2045.95200 2037.87900  0.39%     -   65s
     0     0 2037.87900    0  767 2045.95200 2037.87900  0.39%     -   65s
     0     0 2037.87900    0  709 2045.95200 2037.87900  0.39%     -   65s
     0     2 2037.87900    0  707 2045.95200 2037.87900  0.39%     -   67s
     1     3 2038.98368    1  856 2045.95200 2037.90273  0.39%  4398   73s
     2     4 2042.87936    2  726 2045.95200 2037.90273  0.39%  6323   75s
    17    22 2042.97314    5  756 2045.95200 2039.06961  0.34%  2003   80s
   115   121 2042.97314   16  742 2045.95200 2039.08710  0.34%   804   86s
   168   142 2043.16510   21  676 2045.95200 2039.12045  0.33%   826   90s
   201   162 2043.22090   22  677 2045.95200 2039.15446  0.33%   849   95s
   247   181 2045.38322   26  413 2045.95200 2039.15446  0.33%  1074  100s
H  285   188                    2045.9497743 2039.15446  0.33%  1041  102s
   316   218 2043.69866    9  661 2045.94977 2039.15446  0.33%  1043  106s
   363   252 2043.77763   11  484 2045.94977 2039.17703  0.33%  1052  112s
   421   291 2044.55813   14  533 2045.94977 2039.17703  0.33%  1021  117s
   452   295     cutoff   15      2045.94977 2039.22998  0.33%  1016  121s
   482   322 2045.50905   17  315 2045.94977 2039.26494  0.33%  1027  128s
   519   346 2045.51990   18  245 2045.94977 2039.26494  0.33%  1010  131s
   553   360     cutoff   21      2045.94977 2039.29072  0.33%  1010  135s
   646   424 2043.75424   18  536 2045.94977 2039.34216  0.32%   992  142s
   692   457 2044.54455   20  385 2045.94977 2039.34216  0.32%   979  146s
H  757   501                    2045.4449640 2039.34216  0.30%   945  149s
   814   512     cutoff   27      2045.44496 2039.34216  0.30%   915  152s
   877   534 2041.62880   21  537 2045.44496 2039.37287  0.30%   900  155s
H  879   534                    2045.4322115 2039.37287  0.30%   899  155s
   968   554 2044.12469   27  255 2045.43221 2039.38393  0.30%   894  167s
   989   569 2044.65074   28  235 2045.43221 2039.38393  0.30%   910  177s
  1006   585 2045.09667   29  216 2045.43221 2039.69422  0.28%   918  186s
  1038   595 2045.16478   30  197 2045.43221 2039.69422  0.28%   911  197s
  1088   621 2045.28669   31  203 2045.43221 2039.69422  0.28%   899  206s
  1130   650 2045.28751   32  203 2045.43221 2039.93115  0.27%   890  216s
  1175   666 2045.29660   33  180 2045.43221 2039.93115  0.27%   876  225s
* 1203   666              92    2045.4041821 2039.93115  0.27%   875  225s
  1242   652 2045.30519   34  111 2045.40418 2039.93174  0.27%   853  231s
  1332   680 2043.17942   10  553 2045.40418 2040.06785  0.26%   857  237s
  1404   690 2044.78323   14  532 2045.40418 2040.06785  0.26%   868  243s
  1496   697 2044.45294   11  915 2045.40418 2040.06785  0.26%   873  249s
  1640   686 infeasible   20      2045.40418 2040.36048  0.25%   842  254s
  1754   759 2043.73108   16  447 2045.40418 2040.78462  0.23%   829  259s
* 1843   747              98    2045.3970227 2040.96113  0.22%   820  259s
  1898   768     cutoff   23      2045.39702 2040.96113  0.22%   806  264s
* 2003   711              98    2045.3817811 2041.12663  0.21%   804  264s
  2034   708 2043.62725   18  529 2045.38178 2041.12663  0.21%   793  271s
  2074   741 2043.62725   19  412 2045.38178 2041.57658  0.19%   791  277s
  2199   763     cutoff   25      2045.38178 2041.57658  0.19%   788  286s
  2329   831 2044.37289   14  371 2045.38178 2042.00208  0.17%   790  294s
  2538   894 2044.46362   15  446 2045.38178 2042.37079  0.15%   766  300s
  2754   902 2045.24854   28  221 2045.38178 2042.53260  0.14%   742  306s
* 2920   785             110    2045.2555593 2042.62332  0.13%   736  307s
  2948   797     cutoff   17      2045.25556 2042.80438  0.12%   731  321s
  3090   799     cutoff   32      2045.25556 2042.83863  0.12%   727  336s
  3198   796 2045.24901   10  528 2045.25556 2042.83863  0.12%   723  348s
  3284   787     cutoff   17      2045.25556 2042.83863  0.12%   722  361s
  3343   781 2043.17551   12  742 2045.25556 2042.83863  0.12%   730  372s
  3406   756     cutoff   15      2045.25556 2042.97314  0.11%   736  386s
  3503   751 2043.71807   15  369 2045.25556 2042.99997  0.11%   739  399s
  3602   739 2045.19132   20  340 2045.25556 2042.99997  0.11%   739  413s
  3695   701     cutoff   17      2045.25556 2042.99997  0.11%   743  424s
  3915   641 infeasible   35      2045.25556 2043.34688  0.09%   741  434s
  4206   598     cutoff   18      2045.25556 2043.54235  0.08%   734  447s
  4380   700 2044.84130   27  247 2045.25556 2043.73108  0.07%   729  457s
* 4562   700              92    2045.2515504 2043.73108  0.07%   714  457s
  4858   642 2044.61518   27  279 2045.25155 2043.79693  0.07%   690  468s
* 5307   642              97    2045.2501096 2043.80817  0.07%   660  468s
  5345   541 2044.93308   24  235 2045.25011 2043.89388  0.07%   658  480s
  5729   399 2045.24432   28  137 2045.25011 2043.99691  0.06%   647  492s
  6178     0 2045.11322   30  323 2045.25011 2044.21451  0.05%   633  503s

Cutting planes:
  Cover: 256
  Implied bound: 574
  Clique: 1
  MIR: 466
  Flow cover: 1523
  Network: 2
  RLT: 1
  Relax-and-lift: 97
  BQP: 5

Explored 6859 nodes (4165344 simplex iterations) in 504.35 seconds (705.91 work units)
Thread count was 24 (of 24 available processors)

Solution count 10: 2045.25 2045.25 2045.26 ... 2045.95

Optimal solution found (tolerance 1.00e-04)
Best objective 2.045250109594e+03, best bound 2.045250109594e+03, gap 0.0000%
