
Cluster assignments:
Cluster 0 (represented by Day 25): [ 1 12 17 21 25 26 27 28]... (total 8 days)
Cluster 1 (represented by Day 4): [ 2  3  4  5  6  7  8  9 10 11]... (total 23 days)
[reserve] pi_res = 56 EUR/MW.h (daily mean of fcrn_dk2_56 hourly prices), 1h blocks
[reserve] c_min_G = 0.15 (electrolyzer min load / els_cap); literature 0.1-0.16 -> OK
[reserve] c_sb_G = 0.01 (electrolyzer standby draw / els_cap); literature 0.025-0.05 -> OUT OF RANGE
✓ spring  :  92 days | Mean: 1 MWh | RMSE range: 0.0-0.2 MWh
✓ summer  :  92 days | Mean: 1 MWh | RMSE range: 0.0-0.3 MWh
✓ fall    :  91 days | Mean: 1 MWh | RMSE range: 0.0-0.2 MWh
✓ winter  :  90 days | Mean: 1 MWh | RMSE range: 0.0-0.1 MWh

=== 15p_reserve_peak_day12_S20_seed0_grb_direct-gurobi_kl0.0960365_dual_ndw_rsc0.303571_main: n=15, |T|=24, |Omega|=20 ===

[1] extensive form (DP_N^Omega)
Set parameter Username
Set parameter LicenseID to value 2742039
Academic license - for non-commercial use only - expires 2026-11-20
Set parameter OutputFlag to value 1
Set parameter LogToConsole to value 0
  obj 2586.397148  status optimal  gap 9.87e-05  807.3s  vars 89684
  KL r=0.0960365: worst case 2586.397148 vs expected 2461.471812; 1 MILP solve(s); rho* 0.029 0.070 0.027 0.043 0.025 0.047 0.038 0.090 0.080 0.029 0.057 0.058 0.039 0.056 0.094 0.082 0.036 0.018 0.035 0.046 (KL 0.0960)
    round 1: MIPGap 1e-04  807.2s  8976 nodes  psi-bound 9.87e-05  psi-incumbent 9.87e-05

[2] column generation (DWR_N^Omega)
  seed columns: largest carrier-row residual 3.55e-15 (repaired)
  CG   13 | RMP     1878.6816 | LB     1902.8662 | UB           inf | a 1.00 std      | min rc  0.0000e+00 | +0  [round] | lp 0.12s solver 0.10s 1331 it 11516 cols 129821 nz
  -- penalty round 1: eps 0.2 delta 0.2 RMP 1878.6816 LB 1902.8662 UB 2586.3971 gap 2.64e-01 [round] 9s
  CG   25 | RMP     2563.8517 | LB     2376.8179 | UB     2586.3971 | a 0.10 smooth   | min rc -1.1002e+01 | +52 | lp 0.22s solver 0.19s 1497 it 12632 cols 200270 nz
  CG   50 | RMP     2551.9845 | LB     2547.9949 | UB     2586.3971 | a 0.10 smooth   | min rc -1.0959e+01 | +52 | lp 0.60s solver 0.58s 1782 it 13906 cols 269010 nz
  CG   52 | RMP     2551.0096 | LB     2549.4932 | UB     2586.3971 | a 1.00 std      | min rc  0.0000e+00 | +0  [round] | lp 0.64s solver 0.63s 2179 it 13743 cols 258617 nz
  -- penalty round 2: eps 0.05 delta 0.05 RMP 2551.0096 LB 2549.4932 UB 2586.3971 gap 1.43e-02 [round] 111s
  CG   75 | RMP     2574.2313 | LB     2565.9899 | UB     2586.3971 | a 0.10 smooth   | min rc -4.2880e+00 | +52 | lp 0.99s solver 0.97s 3005 it 15090 cols 339479 nz
  CG   97 | RMP     2571.5472 | LB     2570.9276 | UB     2586.3971 | a 1.00 std      | min rc  0.0000e+00 | +0  [round] | lp 0.92s solver 0.89s 2645 it 16119 cols 398497 nz
  -- penalty round 3: eps 0.0125 delta 0.0125 RMP 2571.5472 LB 2570.9276 UB 2586.3971 gap 5.98e-03 [round] 312s
  CG  100 | RMP     2574.5386 | LB     2571.0124 | UB     2586.3971 | a 0.10 smooth   | min rc -2.9422e+00 | +31 | lp 1.56s solver 1.53s 4227 it 16289 cols 408468 nz
  CG  125 | RMP     2573.5616 | LB     2572.9627 | UB     2586.3971 | a 0.10 smooth   | min rc -4.7641e-01 | +12 | lp 0.62s solver 0.60s 1654 it 16898 cols 446717 nz
  CG  126 | RMP     2573.5490 | LB     2572.9627 | UB     2586.3971 | a 1.00 std      | min rc  0.0000e+00 | +0  [round] | lp 0.89s solver 0.87s 2255 it 16948 cols 450448 nz
  -- penalty round 4: eps 0.00313 delta 0.00313 RMP 2573.5490 LB 2572.9627 UB 2586.3971 gap 5.19e-03 [round] 454s
  CG  143 | RMP     2573.8353 | LB     2573.2743 | UB     2586.3971 | a 1.00 std      | min rc  0.0000e+00 | +0  [round] | lp 0.68s solver 0.66s 1628 it 17226 cols 470514 nz
  -- penalty round 5: eps 0.000781 delta 0.000781 RMP 2573.8353 LB 2573.2743 UB 2586.3971 gap 5.07e-03 [round] 543s
  CG  147 | RMP     2573.8801 | LB     2573.2912 | UB     2586.3971 | a 1.00 std      | min rc  0.0000e+00 | +0  [round] | lp 1.03s solver 1.00s 2685 it 17396 cols 481899 nz
  -- penalty round 6: eps 0.000195 delta 0.000195 RMP 2573.8801 LB 2573.2912 UB 2586.3971 gap 5.07e-03 [round] 560s
  CG  148 | RMP     2573.8971 | LB     2573.2912 | UB     2573.9252 | a 1.00 std      | min rc  0.0000e+00 | +0  [done] | lp 0.96s solver 0.94s 2563 it 17396 cols 481899 nz
  -- penalty round 7: eps 0 delta 0 RMP 2573.8971 LB 2573.2912 UB 2573.9252 gap 2.46e-04 [done] 561s
  obj 2573.925235  LB 2573.291153  gap 2.46e-04  iters 148  561.6s  rounds 7  status optimal
  KL r=0.0960365: 960 tangent planes; rho* 0.030 0.070 0.027 0.044 0.025 0.047 0.037 0.089 0.079 0.029 0.057 0.058 0.038 0.057 0.095 0.084 0.037 0.018 0.033 0.045 (KL 0.0960)
  time: master LP 122.8s  pricing 433.6s (34263 MILPs, 8 worker(s))

[3] robust Owen allocation
  omega_LR,rob 13.063500  eps_LR 0.870900  certified [12.216691, 13.105995]
  EF slack 0.2552 = 2% of the reported omega
  checks: budget 0.00e+00  duality -4.25e-02  pricing 0.00e+00

[4] stand-alone values val(DP_{j}^Omega)
   player         Owen        E[x*]        alone       chi^LR
       u1    1207.2779    1206.4070     779.8350     426.5721
       u2       0.0104      -0.8605      -0.0000      -0.8605
       u3     526.2654     525.3945     262.0474     263.3471
       u4    -794.6707    -795.5416    -832.7299      37.1882
       u5    -388.5681    -389.4390    -505.3713     115.9323
       u6   -1068.2454   -1069.1163   -1173.8464     104.7301
       u7     524.7253     523.8544     319.6195     204.2348
       u8       6.7496       5.8787      -0.0000       5.8787
       u9     533.0880     532.2171     262.0474     270.1696
      u10     611.1016     610.2307     456.4517     153.7789
      u11     101.4628     100.5919      90.7862       9.8056
      u12    -670.1841    -671.0550    -728.5161      57.4612
      u13    -397.5512    -398.4221    -518.8636     120.4415
      u14    -896.0138    -896.8847    -967.4142      70.5295
      u15   -1868.7813   -1869.6522   -2004.8815     135.2293

wrote ieee_owen\weak_eps_experiment\stochastic\main17_xi\15p_reserve_peak_day12_S20_seed0_grb_direct-gurobi_kl0.0960365_dual_ndw_rsc0.303571_main.json
