
Gurobi 13.0.1 (win64) logging started Fri Oct  9 03:05:54 2026

Set parameter LogFile to value "ieee_owen\weak_eps_experiment\stochastic\main17_xi\logs\n15_S20_day21_ef_gurobi.log"
Set parameter NodefileStart to value 3
Set parameter MIPGap to value 0.0001
Gurobi Optimizer version 13.0.1 build v13.0.1rc0 (win64 - Windows 10.0 (19045.2))

CPU model: AMD Ryzen 9 5900X 12-Core Processor, instruction set [SSE2|AVX|AVX2]
Thread count: 12 physical cores, 24 logical processors, using up to 24 threads

Non-default parameters:
TimeLimit  1800
NodefileStart  3
LogToConsole  0

Optimize a model with 92686 rows, 89726 columns and 384875 nonzeros (Min)
Model fingerprint: 0x33470d6a
Model has 22 linear objective coefficients
Variable types: 75446 continuous, 14280 integer (14280 binary)
Coefficient statistics:
  Matrix range     [3e-04, 2e+02]
  Objective range  [5e-02, 1e+00]
  Bounds range     [7e-03, 5e+01]
  RHS range        [8e-02, 2e+01]

Presolve removed 40255 rows and 29773 columns
Presolve time: 0.77s
Presolved: 52431 rows, 59953 columns, 205360 nonzeros
Variable types: 47266 continuous, 12687 integer (12686 binary)
Found heuristic solution: objective 2864.5201655
Deterministic concurrent LP optimizer: primal and dual simplex
Showing primal log only...


Root simplex log...

Iteration    Objective       Primal Inf.    Dual Inf.      Time
   21126    4.3229090e+03   0.000000e+00   6.415710e+04      5s
   34475    4.2063386e+03   0.000000e+00   1.193221e+06     10s
   47612    4.1044960e+03   0.000000e+00   1.225861e+05     15s
   57783    4.0536439e+03   0.000000e+00   6.787437e+04     20s
Concurrent spin time: 0.00s

Solved with dual simplex

Root simplex log...

Iteration    Objective       Primal Inf.    Dual Inf.      Time
   94307    2.3065829e+03   0.000000e+00   0.000000e+00     24s

Root relaxation: objective 2.306583e+03, 94307 iterations, 23.16 seconds (28.67 work units)

    Nodes    |    Current Node    |     Objective Bounds      |     Work
 Expl Unexpl |  Obj  Depth IntInf | Incumbent    BestBd   Gap | It/Node Time

     0     0 2306.58293    0  844 2864.52017 2306.58293  19.5%     -   25s
H    0     0                    2372.9192836 2306.58293  2.80%     -   27s
H    0     0                    2360.7745495 2306.58293  2.30%     -   29s
     0     0 2306.72090    0 1201 2360.77455 2306.72090  2.29%     -   31s
H    0     0                    2359.5708996 2306.72144  2.24%     -   36s
H    0     0                    2350.3627414 2306.76189  1.86%     -   36s
     0     0 2306.76189    0 1197 2350.36274 2306.76189  1.86%     -   36s
     0     0 2306.90858    0 1100 2350.36274 2306.90858  1.85%     -   39s
     0     0 2306.93706    0 1154 2350.36274 2306.93706  1.85%     -   39s
     0     0 2306.94163    0 1075 2350.36274 2306.94163  1.85%     -   39s
     0     0 2306.94678    0 1204 2350.36274 2306.94678  1.85%     -   40s
     0     0 2306.94808    0 1255 2350.36274 2306.94808  1.85%     -   40s
     0     0 2306.95513    0 1129 2350.36274 2306.95513  1.85%     -   40s
     0     0 2306.95513    0 1129 2350.36274 2306.95513  1.85%     -   40s
     0     0 2307.31209    0 1194 2350.36274 2307.31209  1.83%     -   43s
H    0     0                    2349.2281832 2307.31209  1.78%     -   46s
     0     0 2307.39441    0 1134 2349.22818 2307.39441  1.78%     -   46s
     0     0 2307.39441    0 1095 2349.22818 2307.39441  1.78%     -   46s
     0     0 2307.51249    0 1108 2349.22818 2307.51249  1.78%     -   49s
     0     0 2307.57944    0 1096 2349.22818 2307.57944  1.77%     -   49s
     0     0 2307.63375    0 1047 2349.22818 2307.63375  1.77%     -   50s
     0     0 2307.65284    0 1104 2349.22818 2307.65284  1.77%     -   50s
     0     0 2307.65729    0 1107 2349.22818 2307.65729  1.77%     -   51s
     0     0 2307.66901    0 1107 2349.22818 2307.66901  1.77%     -   51s
     0     0 2307.66901    0 1107 2349.22818 2307.66901  1.77%     -   51s
     0     0 2307.69082    0 1080 2349.22818 2307.69082  1.77%     -   52s
     0     0 2307.70134    0 1081 2349.22818 2307.70134  1.77%     -   53s
     0     0 2307.70667    0 1079 2349.22818 2307.70667  1.77%     -   54s
     0     0 2307.70833    0 1056 2349.22818 2307.70833  1.77%     -   54s
     0     0 2307.72132    0 1026 2349.22818 2307.72132  1.77%     -   54s
     0     0 2307.72134    0 1102 2349.22818 2307.72134  1.77%     -   54s
     0     0 2307.72284    0 1057 2349.22818 2307.72284  1.77%     -   55s
     0     0 2307.72284    0 1028 2349.22818 2307.72284  1.77%     -   57s
     0     0 2307.72730    0 1071 2349.22818 2307.72730  1.77%     -   57s
H    0     0                    2348.7600166 2307.73108  1.75%     -   60s
     0     0 2307.73108    0  892 2348.76002 2307.73108  1.75%     -   60s
     0     0 2307.73108    0  893 2348.76002 2307.73108  1.75%     -   60s
     0     0 2307.73110    0  899 2348.76002 2307.73110  1.75%     -   60s
     0     0 2307.73146    0  899 2348.76002 2307.73146  1.75%     -   60s
     0     0 2307.73147    0  899 2348.76002 2307.73147  1.75%     -   60s
     0     0 2307.73184    0  895 2348.76002 2307.73184  1.75%     -   61s
H    0     0                    2348.6331956 2307.73271  1.74%     -   62s
     0     0 2307.73271    0  895 2348.63320 2307.73271  1.74%     -   62s
     0     0 2307.73271    0  896 2348.63320 2307.73271  1.74%     -   63s
     0     0 2307.73392    0  896 2348.63320 2307.73392  1.74%     -   63s
     0     0 2307.73392    0  846 2348.63320 2307.73392  1.74%     -   64s
     0     2 2307.73392    0  844 2348.63320 2307.73392  1.74%     -   67s
     7    16 2314.59996    3  814 2348.63320 2308.16536  1.72%  2209   71s
    15    28 2316.59727    4  741 2348.63320 2308.45046  1.71%  2738   75s
H   23    28                    2348.6064511 2308.45046  1.71%  2676   75s
    27    55 2317.88170    5  781 2348.60645 2308.64522  1.70%  2876   80s
    88   105 2318.90407    9  610 2348.60645 2308.64522  1.70%  2107   85s
   145   165 2323.12196   11  563 2348.60645 2308.64522  1.70%  1958   91s
H  165   177                    2347.7629644 2308.64522  1.67%  1901   94s
H  166   177                    2347.7076654 2308.64522  1.66%  1895   94s
H  170   177                    2330.7294249 2308.64522  0.95%  1902   94s
   176   199 2321.37293   12  522 2330.72942 2308.64522  0.95%  1922   97s
   198   222 2322.96076   15  400 2330.72942 2308.64522  0.95%  1931  100s
H  237   249                    2324.3961669 2308.64522  0.68%  1804  102s
   248   273     cutoff   17      2324.39617 2308.64522  0.68%  1783  107s
   327   326     cutoff   24      2324.39617 2308.64522  0.68%  1562  111s
   400   382 2315.89544   11  360 2324.39617 2308.84343  0.67%  1454  116s
H  402   382                    2324.3426257 2308.84343  0.67%  1448  116s
H  418   382                    2322.6783853 2308.84343  0.60%  1431  116s
H  421   382                    2321.4175825 2308.84343  0.54%  1424  116s
   474   433 2317.40254   14  513 2321.41758 2308.84343  0.54%  1362  121s
   552   503 2320.40682   13  320 2321.41758 2308.98336  0.54%  1318  126s
   654   624 2319.51024   16  378 2321.41758 2308.98336  0.54%  1218  131s
H  678   624                    2319.9298322 2308.98336  0.47%  1202  131s
H  701   624                    2319.7160725 2308.98336  0.46%  1178  131s
H  774   675                    2319.6276651 2309.82852  0.42%  1103  134s
   787   658 2311.52418    7  904 2319.62767 2309.82852  0.42%  1090  137s
H  801   658                    2319.6222582 2309.82852  0.42%  1089  137s
H  801   658                    2319.6156728 2309.82852  0.42%  1089  137s
   805   694 2311.63349    8  756 2319.61567 2309.82852  0.42%  1086  141s
   941   714 2313.99991   10  772 2319.61567 2309.82852  0.42%  1010  148s
*  997   714             107    2319.6045850 2309.82852  0.42%   967  148s
   999   723 2313.57367   10  487 2319.60459 2309.82852  0.42%   967  151s
  1069   735 2315.43737   11  460 2319.60459 2309.93303  0.42%   946  155s
* 1135   735             104    2319.2563650 2309.93303  0.40%   921  155s
* 1167   738             102    2318.9680021 2309.93303  0.39%   915  159s
  1244   701 2318.20335   20  287 2318.96800 2309.93303  0.39%   897  163s
  1331   696     cutoff   18      2318.96800 2310.00638  0.39%   886  166s
  1405   701 2318.69942   23  141 2318.96800 2310.00638  0.39%   878  171s
* 1442   701              94    2318.5245913 2310.00638  0.37%   863  171s
  1483   668 2313.95688    8  574 2318.52459 2310.00638  0.37%   873  176s
  1568   658 2316.93539   13  341 2318.52459 2310.80126  0.33%   867  180s
  1657   657 2315.01305    9  602 2318.52459 2310.80126  0.33%   863  185s
  1829   670 2318.43516   12  506 2318.52459 2310.90060  0.33%   865  194s
  1928   724 2315.70429   13  430 2318.52459 2310.90060  0.33%   860  198s
  2020   745 2318.31756   24  313 2318.52459 2310.90060  0.33%   857  203s
  2128   767 2315.62004   13  420 2318.52459 2310.90060  0.33%   852  207s
  2218   802 2317.15458   12  480 2318.52459 2310.94846  0.33%   851  212s
  2313   811 2317.17958   15  490 2318.52459 2312.15031  0.27%   851  224s
  2328   816     cutoff   16      2318.52459 2312.15031  0.27%   851  238s
  2347   815     cutoff   15      2318.52459 2312.15031  0.27%   851  252s
  2372   826 2316.75764   18  423 2318.52459 2312.15031  0.27%   850  265s
  2385   829     cutoff   18      2318.52459 2312.15031  0.27%   851  278s
  2406   833     cutoff   20      2318.52459 2312.15031  0.27%   851  293s
  2426   843 2313.10203    6  654 2318.52459 2312.15031  0.27%   854  306s
  2440   851 2314.27852    7  661 2318.52459 2312.15031  0.27%   853  320s
  2455   859 2316.23558    8  549 2318.52459 2312.15031  0.27%   851  331s
  2471   868 2316.37941    9  529 2318.52459 2312.15031  0.27%   851  341s
  2492   893 2317.14540   10  391 2318.52459 2312.15031  0.27%   849  351s
  2579   954 2318.24988   16  347 2318.52459 2312.30034  0.27%   845  358s
  2723   998 2317.59131   21  216 2318.52459 2312.48646  0.26%   841  367s
  2909  1061 2315.19925   11  548 2318.52459 2312.82993  0.25%   829  375s
  3070  1102     cutoff   14      2318.52459 2313.03413  0.24%   823  383s
  3221  1157 2317.78825   16  384 2318.52459 2313.20973  0.23%   827  391s
  3421  1193 2316.48198   21  432 2318.52459 2313.27535  0.23%   820  401s
  3603  1218 2316.73056   13  451 2318.52459 2313.53779  0.22%   818  410s
  3688  1273     cutoff   16      2318.52459 2313.56681  0.21%   814  421s
H 3890  1254                    2318.5239196 2313.76045  0.21%   813  449s
  3891  1255 2317.49763   19  846 2318.52392 2313.76045  0.21%   813  479s
  3893  1256 2314.95306   14 1286 2318.52392 2313.76045  0.21%   812  512s
  3894  1257 2317.30136   15 1702 2318.52392 2313.76045  0.21%   812  515s
  3902  1262 2314.60410   16 1547 2318.52392 2313.76045  0.21%   810  520s
  3905  1264 2315.66250    9 1104 2318.52392 2313.76045  0.21%   810  548s
  3906  1265 2315.23268   14 1104 2318.52392 2313.76045  0.21%   810  554s
  3907  1267     cutoff   15      2318.52392 2313.76045  0.21%   843  556s
  3915  1278 2313.76045   18 1005 2318.52392 2313.76045  0.21%   847  561s
  3935  1303 2313.76045   20  863 2318.52392 2313.76045  0.21%   854  567s
  3974  1325 2314.83299   22  939 2318.52392 2313.76045  0.21%   862  572s
  4006  1328 2315.42319   24  850 2318.52392 2313.76045  0.21%   861  575s
  4023  1341     cutoff   25      2318.52392 2313.76045  0.21%   863  580s
  4127  1344 2317.21217   30  652 2318.52392 2313.76045  0.21%   863  586s
  4225  1347     cutoff   35      2318.52392 2313.76045  0.21%   860  591s
  4271  1353 2314.96324   22  638 2318.52392 2313.76045  0.21%   860  596s
  4326  1380 2316.71196   26  608 2318.52392 2313.76045  0.21%   863  601s
  4390  1397     cutoff   29      2318.52392 2313.76045  0.21%   863  605s
  4485  1397 2315.38148   23 1022 2318.52392 2313.76045  0.21%   861  610s
  4623  1413 2317.63791   31  815 2318.52392 2313.76045  0.21%   860  616s
  4760  1436 2316.45889   26  578 2318.52392 2313.76045  0.21%   850  621s
  4928  1417     cutoff   31      2318.52392 2313.76045  0.21%   836  630s
  4945  1423     cutoff   29      2318.52392 2313.76045  0.21%   837  637s
  4972  1418 2314.31473   25  686 2318.52392 2313.76045  0.21%   836  648s
  4991  1420 2314.51088   26  673 2318.52392 2313.76045  0.21%   836  659s
  5006  1424 2314.53863   27  632 2318.52392 2313.76045  0.21%   835  672s
  5021  1428 2314.77992   28  636 2318.52392 2313.76045  0.21%   834  684s
  5036  1430 2314.96668   29  633 2318.52392 2313.79582  0.20%   834  696s
  5053  1425 2316.48699   30  541 2318.52392 2313.79582  0.20%   834  709s
  5077  1425 2316.97729   31  550 2318.52392 2313.79582  0.20%   833  718s
  5093  1434 2317.54329   32  662 2318.52392 2313.79582  0.20%   832  725s
  5117  1435     cutoff   34      2318.52392 2313.79582  0.20%   831  731s
  5171  1426 2318.52335  110   82 2318.52392 2313.95647  0.20%   828  738s
  5184  1450 2318.52335  111   81 2318.52392 2313.95647  0.20%   828  744s
  5248  1461 2318.52340  133   61 2318.52392 2313.95647  0.20%   822  751s
  5302  1474 2318.52369  156   35 2318.52392 2314.07490  0.19%   819  757s
* 5322  1403             176    2318.5236909 2314.07490  0.19%   816  757s
  5367  1433     cutoff  177      2318.52369 2314.07490  0.19%   814  763s
  5512  1460 2317.67102   34  572 2318.52369 2314.07490  0.19%   806  768s
H 5603  1369                    2318.5236457 2314.07490  0.19%   797  768s
  5695  1406     cutoff   41      2318.52365 2314.07490  0.19%   790  773s
  5846  1388 2318.22583   31  623 2318.52365 2314.07490  0.19%   782  777s
* 5886  1315             176    2318.5235798 2314.07490  0.19%   782  777s
* 5950  1032             155    2318.5233511 2314.07490  0.19%   775  777s
  6004  1002 2315.90786   24  604 2318.52335 2314.07490  0.19%   773  783s
  6105   969 2317.88872   27  554 2318.52335 2314.07490  0.19%   776  788s
  6213   956 2318.26458   31  634 2318.52335 2314.07490  0.19%   777  794s
  6341   934 2318.44969   33  676 2318.52335 2314.73625  0.16%   776  800s
  6478   889 2318.01528   25  943 2318.52335 2314.94463  0.15%   776  807s
  6507   899     cutoff   27      2318.52335 2314.96668  0.15%   776  812s
  6633   885 2318.30569   34  362 2318.52335 2314.96668  0.15%   778  819s
  6745   854     cutoff   30      2318.52335 2315.10985  0.15%   781  826s
  6885   822 2317.04191   31  742 2318.52335 2315.21697  0.14%   782  840s
  7002   801     cutoff   34      2318.52335 2315.31763  0.14%   783  853s
  7091   808 2318.04910   26  913 2318.52335 2315.37078  0.14%   784  865s
  7171   795     cutoff   27      2318.52335 2315.37078  0.14%   785  879s
  7259   808 2316.94985   29  624 2318.52335 2315.43581  0.13%   787  892s
  7362   826 2317.44475   30  672 2318.52335 2315.55396  0.13%   788  905s
  7462   834 2317.58867   31  601 2318.52335 2315.64967  0.12%   788  918s
  7554   817 2317.68224   32  576 2318.52335 2315.70123  0.12%   789  935s
  7685   814 2317.95599   33  626 2318.52335 2315.81133  0.12%   790  950s
  7800   809     cutoff   34      2318.52335 2315.83863  0.12%   792  965s
  7922   800 2317.03554   27  806 2318.52335 2315.93349  0.11%   796  980s
  8060   798 2317.37209   28  715 2318.52335 2315.96056  0.11%   798  994s
  8215   816 2317.58403   29  757 2318.52335 2316.07753  0.11%   796 1008s
  8375   817     cutoff   27      2318.52335 2316.18525  0.10%   794 1021s
  8514   786     cutoff   28      2318.52335 2316.23255  0.10%   793 1036s
  8704   782     cutoff   32      2318.52335 2316.26378  0.10%   791 1051s
H 8723   782                    2318.5233476 2316.26378  0.10%   791 1066s
  8746   762 2318.28981   31  376 2318.52335 2316.26378  0.10%   791 1081s
  9130   739 2318.20555   32  562 2318.52335 2316.50936  0.09%   790 1095s
  9500   675     cutoff   36      2318.52335 2316.67239  0.08%   788 1111s
  9928   608 2318.33772   38  545 2318.52335 2316.80031  0.07%   783 1128s
 10442   458 2318.50328   33  388 2318.52335 2317.13046  0.06%   773 1144s
 10681   458 2318.37581   43  273 2318.52335 2317.14622  0.06%   767 1145s
 11020   284     cutoff   35      2318.52335 2317.43921  0.05%   760 1162s
 11978  1463 2318.48892   93  183 2318.52335 2317.78739  0.03%   721 1180s
*12077  1463             191    2318.4936349 2317.78739  0.03%   715 1180s
*12351  1463             196    2318.4901145 2317.78739  0.03%   700 1180s
 13598  1911     cutoff   37      2318.49011 2317.78739  0.03%   637 1197s
*13726  1911             194    2318.4889195 2317.78739  0.03%   632 1197s

Cutting planes:
  Cover: 6
  Implied bound: 13
  MIR: 61
  Flow cover: 319
  Relax-and-lift: 41

Explored 16232 nodes (8828285 simplex iterations) in 1199.43 seconds (1633.68 work units)
Thread count was 24 (of 24 available processors)

Solution count 10: 2318.49 2318.49 2318.49 ... 2318.52

Optimal solution found (tolerance 1.00e-04)
Best objective 2.318488919510e+03, best bound 2.318488919510e+03, gap 0.0000%
