
Cluster assignments:
Cluster 0 (represented by Day 25): [ 1 12 17 21 25 26 27 28]... (total 8 days)
Cluster 1 (represented by Day 4): [ 2  3  4  5  6  7  8  9 10 11]... (total 23 days)
[reserve] pi_res = 56 EUR/MW.h (daily mean of fcrn_dk2_56 hourly prices), 1h blocks
[reserve] c_min_G = 0.15 (electrolyzer min load / els_cap); literature 0.1-0.16 -> OK
[reserve] c_sb_G = 0.01 (electrolyzer standby draw / els_cap); literature 0.025-0.05 -> OUT OF RANGE
✓ spring  :  92 days | Mean: 1 MWh | RMSE range: 0.0-0.2 MWh
✓ summer  :  92 days | Mean: 1 MWh | RMSE range: 0.0-0.3 MWh
✓ fall    :  91 days | Mean: 1 MWh | RMSE range: 0.0-0.2 MWh
✓ winter  :  90 days | Mean: 1 MWh | RMSE range: 0.0-0.1 MWh

=== 15p_reserve_peak_day3_S20_seed0_grb_direct-gurobi_kl0.0960365_dual_ndw_rsc0.303571_main: n=15, |T|=24, |Omega|=20 ===

[1] extensive form (DP_N^Omega)
Set parameter Username
Set parameter LicenseID to value 2742039
Academic license - for non-commercial use only - expires 2026-11-20
Set parameter OutputFlag to value 1
Set parameter LogToConsole to value 0
  obj 2543.212262  status optimal  gap 1.38e-04  596.8s  vars 89684
  KL r=0.0960365: worst case 2543.212262 vs expected 2405.580937; 1 MILP solve(s); rho* 0.062 0.059 0.055 0.042 0.041 0.140 0.034 0.034 0.026 0.054 0.028 0.042 0.067 0.040 0.029 0.039 0.048 0.050 0.036 0.075 (KL 0.0960)
    round 1: MIPGap 1e-04  596.7s  11076 nodes  psi-bound 1.38e-04  psi-incumbent 1.20e-04

[2] column generation (DWR_N^Omega)
  seed columns: largest carrier-row residual 3.55e-15 (repaired)
  CG   12 | RMP     1837.2684 | LB     1823.3506 | UB           inf | a 1.00 std      | min rc  0.0000e+00 | +0  [round] | lp 0.05s solver 0.03s 445 it 11014 cols 96118 nz
  -- penalty round 1: eps 0.2 delta 0.2 RMP 1837.2684 LB 1823.3506 UB 2543.2123 gap 2.83e-01 [round] 7s
  CG   25 | RMP     2520.4429 | LB     2341.5017 | UB     2543.2123 | a 0.10 smooth   | min rc -7.0272e+00 | +55 | lp 0.20s solver 0.18s 1538 it 12357 cols 177740 nz
  CG   50 | RMP     2507.1535 | LB     2503.4753 | UB     2543.2123 | a 0.10 smooth   | min rc -8.6253e+00 | +52 | lp 0.67s solver 0.64s 2502 it 14168 cols 279006 nz
  CG   52 | RMP     2506.1883 | LB     2505.1574 | UB     2543.2123 | a 1.00 std      | min rc  0.0000e+00 | +0  [round] | lp 0.56s solver 0.54s 2212 it 13850 cols 260322 nz
  -- penalty round 2: eps 0.05 delta 0.05 RMP 2506.1883 LB 2505.1574 UB 2543.2123 gap 1.50e-02 [round] 110s
  CG   75 | RMP     2528.8120 | LB     2522.6799 | UB     2543.2123 | a 0.10 smooth   | min rc -3.6705e+00 | +41 | lp 1.02s solver 0.99s 3563 it 15122 cols 335806 nz
  CG   88 | RMP     2527.7957 | LB     2527.2212 | UB     2543.2123 | a 1.00 std      | min rc  0.0000e+00 | +0  [round] | lp 0.51s solver 0.49s 1626 it 15727 cols 374357 nz
  -- penalty round 3: eps 0.0125 delta 0.0125 RMP 2527.7957 LB 2527.2212 UB 2543.2123 gap 6.29e-03 [round] 274s
  CG  100 | RMP     2530.3010 | LB     2528.5316 | UB     2543.2123 | a 0.10 smooth   | min rc -7.7133e-01 | +20 | lp 1.07s solver 1.06s 3081 it 16217 cols 402709 nz
  CG  112 | RMP     2530.0103 | LB     2529.4794 | UB     2543.2123 | a 1.00 std      | min rc  0.0000e+00 | +0  [round] | lp 0.85s solver 0.82s 2318 it 16163 cols 400424 nz
  -- penalty round 4: eps 0.00313 delta 0.00313 RMP 2530.0103 LB 2529.4794 UB 2543.2123 gap 5.40e-03 [round] 391s
  CG  119 | RMP     2530.3037 | LB     2529.7180 | UB     2543.2123 | a 1.00 std      | min rc  0.0000e+00 | +0  [round] | lp 1.01s solver 0.99s 2711 it 16608 cols 428130 nz
  -- penalty round 5: eps 0.000781 delta 0.000781 RMP 2530.3037 LB 2529.7180 UB 2543.2123 gap 5.30e-03 [round] 423s
  CG  122 | RMP     2530.3561 | LB     2529.7774 | UB     2543.2123 | a 1.00 std      | min rc  0.0000e+00 | +0  [round] | lp 0.86s solver 0.84s 2522 it 16359 cols 412450 nz
  -- penalty round 6: eps 0.000195 delta 0.000195 RMP 2530.3561 LB 2529.7774 UB 2543.2123 gap 5.28e-03 [round] 435s
  CG  123 | RMP     2530.3724 | LB     2529.7774 | UB     2530.3745 | a 1.00 std      | min rc  0.0000e+00 | +0  [done] | lp 0.54s solver 0.52s 1829 it 16359 cols 412450 nz
  -- penalty round 7: eps 0 delta 0 RMP 2530.3724 LB 2529.7774 UB 2530.3745 gap 2.36e-04 [done] 436s
  obj 2530.374469  LB 2529.777364  gap 2.36e-04  iters 123  436.2s  rounds 7  status optimal
  KL r=0.0960365: 960 tangent planes; rho* 0.063 0.057 0.056 0.042 0.041 0.141 0.034 0.035 0.026 0.054 0.028 0.041 0.066 0.040 0.029 0.039 0.048 0.050 0.036 0.074 (KL 0.0960)
  time: master LP 91.5s  pricing 340.5s (28188 MILPs, 8 worker(s))

[3] robust Owen allocation
  omega_LR,rob 13.401834  eps_LR 0.893456  certified [12.487401, 13.434899]
  EF slack 0.3504 = 3% of the reported omega
  checks: budget 0.00e+00  duality -3.31e-02  pricing 0.00e+00

[4] stand-alone values val(DP_{j}^Omega)
   player         Owen        E[x*]        alone       chi^LR
       u1    1218.1467    1217.2533     783.9352     433.3181
       u2       2.5315       1.6380      -0.0000       1.6380
       u3     530.8552     529.9617     268.5177     261.4440
       u4    -792.2545    -793.1480    -822.9631      29.8151
       u5    -386.4426    -387.3361    -516.6377     129.3016
       u6   -1064.7310   -1065.6245   -1175.2930     109.6685
       u7     513.1708     512.2774     308.1655     204.1119
       u8       7.4282       6.5348      -0.0000       6.5348
       u9     537.4124     536.5190     268.5177     268.0013
      u10     607.2397     606.3462     463.3255     143.0208
      u11     101.7775     100.8840      89.6942      11.1899
      u12    -669.6460    -670.5394    -716.4176      45.8782
      u13    -387.8705    -388.7640    -515.2946     126.5306
      u14    -903.8562    -904.7497    -983.0101      78.2604
      u15   -1843.5714   -1844.4649   -1988.1972     143.7323

wrote ieee_owen\weak_eps_experiment\stochastic\main17_xi\15p_reserve_peak_day3_S20_seed0_grb_direct-gurobi_kl0.0960365_dual_ndw_rsc0.303571_main.json
