
Gurobi 13.0.1 (win64) logging started Wed Oct  7 21:05:24 2026

Set parameter LogFile to value "ieee_owen\weak_eps_experiment\stochastic\main17_xi\logs\n15_S20_day2_ef_gurobi.log"
Set parameter NodefileStart to value 3
Set parameter MIPGap to value 0.0001
Gurobi Optimizer version 13.0.1 build v13.0.1rc0 (win64 - Windows 10.0 (19045.2))

CPU model: AMD Ryzen 9 5900X 12-Core Processor, instruction set [SSE2|AVX|AVX2]
Thread count: 12 physical cores, 24 logical processors, using up to 24 threads

Non-default parameters:
TimeLimit  1800
NodefileStart  3
LogToConsole  0

Optimize a model with 92686 rows, 89726 columns and 384875 nonzeros (Min)
Model fingerprint: 0x97c82569
Model has 22 linear objective coefficients
Variable types: 75446 continuous, 14280 integer (14280 binary)
Coefficient statistics:
  Matrix range     [3e-04, 2e+02]
  Objective range  [5e-02, 1e+00]
  Bounds range     [1e-02, 5e+01]
  RHS range        [8e-02, 2e+01]

Presolve removed 40250 rows and 29767 columns
Presolve time: 0.72s
Presolved: 52436 rows, 59959 columns, 205382 nonzeros
Variable types: 47272 continuous, 12687 integer (12686 binary)
Found heuristic solution: objective 2888.4782959
Deterministic concurrent LP optimizer: primal and dual simplex
Showing primal log only...


Root simplex log...

Iteration    Objective       Primal Inf.    Dual Inf.      Time
   24434    4.4184570e+03   0.000000e+00   6.823617e+04      5s
   43754    4.1020734e+03   0.000000e+00   1.425200e+05     10s
   60791    3.9198072e+03   0.000000e+00   1.797799e+06     15s
Concurrent spin time: 0.00s

Solved with dual simplex

Root simplex log...

Iteration    Objective       Primal Inf.    Dual Inf.      Time
   85147    2.1865296e+03   0.000000e+00   0.000000e+00     18s

Root relaxation: objective 2.186530e+03, 85147 iterations, 17.02 seconds (22.12 work units)

    Nodes    |    Current Node    |     Objective Bounds      |     Work
 Expl Unexpl |  Obj  Depth IntInf | Incumbent    BestBd   Gap | It/Node Time

     0     0 2186.52963    0  734 2888.47830 2186.52963  24.3%     -   18s
H    0     0                    2213.0996731 2186.52963  1.20%     -   20s
H    0     0                    2209.6003486 2186.52963  1.04%     -   22s
     0     0 2186.66281    0  985 2209.60035 2186.66281  1.04%     -   24s
     0     0 2186.68032    0 1025 2209.60035 2186.68032  1.04%     -   26s
     0     0 2186.76499    0 1086 2209.60035 2186.76499  1.03%     -   27s
H    0     0                    2206.4085006 2186.77774  0.89%     -   28s
     0     0 2186.77774    0 1080 2206.40850 2186.77774  0.89%     -   28s
     0     0 2186.81108    0 1051 2206.40850 2186.81108  0.89%     -   28s
     0     0 2186.82083    0 1049 2206.40850 2186.82083  0.89%     -   28s
     0     0 2186.82549    0 1045 2206.40850 2186.82549  0.89%     -   28s
     0     0 2186.82549    0 1045 2206.40850 2186.82549  0.89%     -   28s
     0     0 2187.10766    0 1049 2206.40850 2187.10766  0.87%     -   30s
     0     0 2187.32005    0 1036 2206.40850 2187.32005  0.87%     -   33s
     0     0 2187.32005    0 1019 2206.40850 2187.32005  0.87%     -   33s
     0     0 2187.32005    0 1015 2206.40850 2187.32005  0.87%     -   33s
     0     0 2187.32005    0  992 2206.40850 2187.32005  0.87%     -   33s
     0     0 2187.32005    0  902 2206.40850 2187.32005  0.87%     -   35s
     0     0 2187.32195    0  950 2206.40850 2187.32195  0.87%     -   35s
     0     0 2187.36264    0  956 2206.40850 2187.36264  0.86%     -   36s
H    0     0                    2202.3347910 2187.36280  0.68%     -   36s
     0     0 2187.36280    0  959 2202.33479 2187.36280  0.68%     -   36s
     0     0 2187.36280    0  985 2202.33479 2187.36280  0.68%     -   37s
     0     0 2187.37046    0  985 2202.33479 2187.37046  0.68%     -   37s
     0     0 2187.37046    0  984 2202.33479 2187.37046  0.68%     -   38s
     0     0 2187.37046    0  984 2202.33479 2187.37046  0.68%     -   38s
     0     0 2187.37046    0  984 2202.33479 2187.37046  0.68%     -   38s
     0     0 2187.37046    0  798 2202.33479 2187.37046  0.68%     -   39s
H    0     0                    2199.0096545 2187.37046  0.53%     -   40s
     0     2 2187.37046    0  797 2199.00965 2187.37046  0.53%     -   40s
    15    24 2191.74279    4  818 2199.00965 2187.62538  0.52%  2043   45s
H   79    82                    2198.6921515 2187.79479  0.50%  1145   49s
    87    95 2189.54567   13  363 2198.69215 2187.79479  0.50%  1107   50s
   131   147 2189.63388   13  350 2198.69215 2187.79479  0.50%  1233   55s
   197   213 2191.97680   17  314 2198.69215 2187.85725  0.49%  1253   60s
   263   285 2191.39915   18  266 2198.69215 2187.85725  0.49%  1238   65s
H  273   285                    2196.5267602 2187.85725  0.39%  1235   65s
H  302   305                    2195.3918883 2187.85725  0.34%  1177   66s
H  378   338                    2194.5555682 2187.85725  0.31%  1067   69s
   410   359 2192.17674   22  204 2194.55557 2187.89333  0.30%  1028   71s
H  447   371                    2194.5482724 2187.89333  0.30%   997   72s
H  454   371                    2193.9533465 2187.89333  0.28%   994   72s
H  497   372                    2193.9518040 2187.89333  0.28%   959   74s
   508   377 2193.49060   26  157 2193.95180 2187.89333  0.28%   956   78s
H  522   377                    2193.9498039 2187.92453  0.27%   952   78s
   527   395 2193.72649   26  113 2193.94980 2187.92453  0.27%   956   81s
H  554   395                    2193.7243740 2187.92453  0.26%   941   81s
   611   430 2188.55626    6  537 2193.72437 2187.92453  0.26%   914   85s
   785   509 2193.63137   20  170 2193.72437 2188.01114  0.26%   843   91s
   885   583 2191.47550    9  596 2193.72437 2188.01114  0.26%   799   96s
* 1046   661              95    2193.5581553 2188.01114  0.25%   729   98s
  1080   657 2193.20761   18  320 2193.55816 2188.01114  0.25%   716  101s
* 1191   661              71    2193.5577678 2188.91218  0.21%   709  103s
  1231   649 2191.32204   11  330 2193.55777 2188.91347  0.21%   703  106s
  1407   659     cutoff   12      2193.55777 2189.34943  0.19%   678  111s
  1629   656 2193.04125   21  192 2193.55777 2189.81246  0.17%   643  116s
* 1699   656             108    2193.5574340 2189.84117  0.17%   633  116s
  1816   652     cutoff   26      2193.55743 2189.85366  0.17%   633  122s
  1918   670 2192.22934   12  339 2193.55743 2190.16254  0.15%   629  126s
  2145   668 2193.50607   20  279 2193.55743 2190.62338  0.13%   616  133s
  2251   645 2193.18931   10  346 2193.55743 2190.74597  0.13%   616  140s
  2386   631     cutoff   13      2193.55743 2190.74597  0.13%   618  149s
  2413   637 2192.80541   14  342 2193.55743 2190.88926  0.12%   619  159s
  2431   631 2192.80541   15  345 2193.55743 2190.88926  0.12%   618  168s
  2459   632     cutoff   16      2193.55743 2191.01050  0.12%   616  177s
  2481   642 2192.01360   15  401 2193.55743 2191.01050  0.12%   614  186s
  2493   649 2192.01360   16  402 2193.55743 2191.01050  0.12%   612  194s
  2509   657 2192.36270   17  406 2193.55743 2191.01050  0.12%   610  203s
  2523   657     cutoff   18      2193.55743 2191.01050  0.12%   609  211s
  2541   654     cutoff   18      2193.55743 2191.01050  0.12%   608  216s
  2650   689     cutoff   17      2193.55743 2191.01050  0.12%   595  220s
* 2865   687              73    2193.5572300 2191.01153  0.12%   573  220s
  2898   699 2193.18931   10  401 2193.55723 2191.13876  0.11%   571  225s
* 2943   674              77    2193.5571312 2191.13876  0.11%   568  225s
* 3002   674              80    2193.5570736 2191.13876  0.11%   560  226s
  3191   671 2193.50795   20  245 2193.55707 2191.29206  0.10%   545  231s
  3472   684 2193.27709   25  106 2193.55707 2191.46331  0.10%   525  237s
H 3540   660                    2193.5570389 2191.46331  0.10%   522  237s
  3781   612     cutoff    7      2193.55704 2191.64424  0.09%   506  243s
  3821   582     cutoff   21      2193.55704 2191.64474  0.09%   509  248s
  4020   520     cutoff   16      2193.55704 2191.94144  0.07%   510  254s
  4225   417     cutoff   17      2193.55704 2192.03923  0.07%   513  260s
  4499   263     cutoff   18      2193.55704 2192.31418  0.06%   507  266s
  4812   175 2192.88647   24  147 2193.55704 2192.63494  0.04%   498  272s
  4945     0 2193.13031   25  136 2193.55704 2192.72008  0.04%   492  275s

Cutting planes:
  Gomory: 9
  Cover: 276
  Implied bound: 574
  MIR: 397
  Flow cover: 1112
  Flow path: 1
  Network: 13
  RLT: 1
  Relax-and-lift: 128
  BQP: 13
  PSD: 4

Explored 5197 nodes (2564161 simplex iterations) in 275.92 seconds (343.68 work units)
Thread count was 24 (of 24 available processors)

Solution count 10: 2193.56 2193.56 2193.56 ... 2193.95

Optimal solution found (tolerance 1.00e-04)
Best objective 2.193557038905e+03, best bound 2.193557038905e+03, gap 0.0000%
