
Gurobi 13.0.1 (win64) logging started Thu Oct  8 20:21:21 2026

Set parameter LogFile to value "ieee_owen\weak_eps_experiment\stochastic\main17_xi\logs\n15_S20_day17_ef_gurobi.log"
Set parameter NodefileStart to value 3
Set parameter MIPGap to value 0.0001
Gurobi Optimizer version 13.0.1 build v13.0.1rc0 (win64 - Windows 10.0 (19045.2))

CPU model: AMD Ryzen 9 5900X 12-Core Processor, instruction set [SSE2|AVX|AVX2]
Thread count: 12 physical cores, 24 logical processors, using up to 24 threads

Non-default parameters:
TimeLimit  1800
NodefileStart  3
LogToConsole  0

Optimize a model with 92686 rows, 89726 columns and 384875 nonzeros (Min)
Model fingerprint: 0x9e147faa
Model has 22 linear objective coefficients
Variable types: 75446 continuous, 14280 integer (14280 binary)
Coefficient statistics:
  Matrix range     [3e-04, 2e+02]
  Objective range  [5e-02, 1e+00]
  Bounds range     [1e-02, 5e+01]
  RHS range        [8e-02, 2e+01]

Presolve removed 40286 rows and 29802 columns
Presolve time: 0.79s
Presolved: 52400 rows, 59924 columns, 205353 nonzeros
Variable types: 47248 continuous, 12676 integer (12675 binary)
Found heuristic solution: objective 3236.8869705
Deterministic concurrent LP optimizer: primal and dual simplex
Showing primal log only...


Root simplex log...

Iteration    Objective       Primal Inf.    Dual Inf.      Time
   23358    4.5308651e+03   0.000000e+00   8.891981e+04      5s
   37689    4.4238324e+03   0.000000e+00   2.215691e+05     10s
   50089    4.3488866e+03   0.000000e+00   1.946136e+05     15s
   60410    4.2995952e+03   0.000000e+00   2.516488e+05     20s
   70620    4.2467324e+03   0.000000e+00   3.260583e+04     25s
Concurrent spin time: 0.00s

Solved with dual simplex

Root simplex log...

Iteration    Objective       Primal Inf.    Dual Inf.      Time
   97388    2.6698893e+03   0.000000e+00   0.000000e+00     26s

Root relaxation: objective 2.669889e+03, 97388 iterations, 24.99 seconds (31.78 work units)

    Nodes    |    Current Node    |     Objective Bounds      |     Work
 Expl Unexpl |  Obj  Depth IntInf | Incumbent    BestBd   Gap | It/Node Time

     0     0 2669.88927    0  813 3236.88697 2669.88927  17.5%     -   26s
H    0     0                    2741.2006614 2669.88927  2.60%     -   29s
H    0     0                    2710.6846451 2669.88927  1.50%     -   32s
     0     0 2670.10910    0 1326 2710.68465 2670.10910  1.50%     -   34s
     0     0 2670.10910    0 1328 2710.68465 2670.10910  1.50%     -   37s
     0     0 2670.38753    0 1311 2710.68465 2670.38753  1.49%     -   39s
     0     0 2670.66233    0 1211 2710.68465 2670.66233  1.48%     -   42s
     0     0 2670.72826    0 1099 2710.68465 2670.72826  1.47%     -   43s
     0     0 2670.72826    0 1293 2710.68465 2670.72826  1.47%     -   43s
     0     0 2670.72826    0 1294 2710.68465 2670.72826  1.47%     -   43s
     0     0 2670.72826    0 1294 2710.68465 2670.72826  1.47%     -   43s
     0     0 2670.72826    0 1067 2710.68465 2670.72826  1.47%     -   44s
     0     0 2670.72826    0 1291 2710.68465 2670.72826  1.47%     -   44s
     0     0 2670.72826    0 1039 2710.68465 2670.72826  1.47%     -   44s
     0     0 2670.72826    0 1040 2710.68465 2670.72826  1.47%     -   44s
     0     0 2670.72826    0 1302 2710.68465 2670.72826  1.47%     -   45s
     0     0 2670.72826    0 1187 2710.68465 2670.72826  1.47%     -   48s
     0     0 2670.72826    0 1138 2710.68465 2670.72826  1.47%     -   48s
     0     0 2670.72826    0 1020 2710.68465 2670.72826  1.47%     -   48s
     0     0 2670.73054    0 1022 2710.68465 2670.73054  1.47%     -   48s
     0     0 2670.74206    0 1007 2710.68465 2670.74206  1.47%     -   49s
     0     0 2670.74894    0 1038 2710.68465 2670.74894  1.47%     -   49s
     0     0 2670.76539    0 1238 2710.68465 2670.76539  1.47%     -   49s
     0     0 2670.76539    0 1237 2710.68465 2670.76539  1.47%     -   49s
H    0     0                    2705.8575725 2670.76539  1.30%     -   50s
     0     0 2670.76692    0 1239 2705.85757 2670.76692  1.30%     -   50s
     0     0 2670.76692    0 1243 2705.85757 2670.76692  1.30%     -   50s
     0     0 2670.93722    0 1239 2705.85757 2670.93722  1.29%     -   51s
     0     0 2670.93971    0 1240 2705.85757 2670.93971  1.29%     -   52s
     0     0 2670.93971    0 1239 2705.85757 2670.93971  1.29%     -   52s
     0     0 2670.93971    0 1240 2705.85757 2670.93971  1.29%     -   52s
H    0     0                    2705.8330227 2670.93971  1.29%     -   53s
     0     0 2670.94572    0 1248 2705.83302 2670.94572  1.29%     -   53s
     0     0 2670.94572    0 1249 2705.83302 2670.94572  1.29%     -   53s
     0     0 2670.94572    0 1241 2705.83302 2670.94572  1.29%     -   54s
     0     0 2670.94572    0 1240 2705.83302 2670.94572  1.29%     -   55s
     0     0 2670.94572    0 1239 2705.83302 2670.94572  1.29%     -   55s
     0     0 2670.94572    0 1239 2705.83302 2670.94572  1.29%     -   56s
     0     0 2670.94572    0  822 2705.83302 2670.94572  1.29%     -   57s
H    0     0                    2701.2661693 2670.94572  1.12%     -   60s
     0     2 2670.94572    0  822 2701.26617 2670.94572  1.12%     -   63s
     3     8 2671.64202    2  767 2701.26617 2670.94572  1.12%  1829   65s
     7    16 2673.71118    3  872 2701.26617 2671.44994  1.10%  2398   71s
    15    28 2673.76537    4 1014 2701.26617 2671.63500  1.10%  3965   78s
H   20    28                    2700.7474991 2671.65228  1.08%  3248   78s
    27    41     cutoff    5      2700.74750 2671.65228  1.08%  4558   88s
H   35    41                    2700.7463933 2671.65228  1.08%  4611   88s
    50    58 2672.94489   10  820 2700.74639 2671.67087  1.08%  4921   96s
    69    77 2673.16981   11  652 2700.74639 2671.67087  1.08%  4725  101s
H   91    77                    2691.6056607 2671.67087  0.74%  4001  101s
    94    84 2674.00048   12  522 2691.60566 2671.67087  0.74%  3986  105s
   155   123 2678.03664   12  604 2691.60566 2671.93632  0.73%  3367  111s
   201   165 2674.12789   13  675 2691.60566 2671.93632  0.73%  3158  117s
   224   193 2680.24200   13  761 2691.60566 2671.95434  0.73%  2997  120s
   278   249 2678.51497   14  586 2691.60566 2671.95434  0.73%  2757  125s
   330   290 2681.31128   16  414 2691.60566 2671.95434  0.73%  2666  131s
   349   307 2678.70836   16  518 2691.60566 2671.95434  0.73%  2654  135s
   392   339 2679.71966   19  627 2691.60566 2671.95434  0.73%  2703  142s
   411   370 2681.50062   21  515 2691.60566 2672.03921  0.73%  2693  146s
   473   426 2681.53952   22  509 2691.60566 2672.04799  0.73%  2586  152s
   510   468 2682.64331   23  513 2691.60566 2672.04799  0.73%  2545  155s
H  515   468                    2690.6092589 2672.04799  0.69%  2544  155s
H  564   506                    2690.3703862 2672.04799  0.68%  2424  158s
   614   521 2687.89793   24  356 2690.37039 2672.04799  0.68%  2301  161s
H  627   521                    2690.2835512 2672.04799  0.68%  2265  161s
H  636   521                    2690.2264959 2672.04799  0.68%  2233  161s
   673   555 2686.81075   25  305 2690.22650 2672.04799  0.68%  2174  165s
H  684   555                    2690.2226359 2672.04799  0.68%  2151  165s
H  729   592                    2690.1991223 2672.04799  0.67%  2117  169s
H  737   592                    2690.1983976 2672.04799  0.67%  2094  169s
   774   623 2685.26129   26  471 2690.19840 2672.52132  0.66%  2067  178s
H  790   623                    2690.1983962 2672.52132  0.66%  2038  178s
   831   653 2688.93689   26  335 2690.19840 2672.52132  0.66%  2003  183s
H  842   653                    2690.0962810 2672.52132  0.65%  1994  183s
*  853   653              91    2690.0959487 2672.52132  0.65%  1968  183s
   900   670 2682.00144   12  746 2690.09595 2672.52132  0.65%  1946  188s
   960   683 2684.55438   14  561 2690.09595 2672.52132  0.65%  1908  192s
  1015   693 2686.16985   16  430 2690.09595 2672.53091  0.65%  1875  198s
H 1053   693                    2690.0959483 2672.53091  0.65%  1849  198s
H 1074   710                    2689.3929439 2672.53091  0.63%  1846  204s
H 1138   661                    2687.9332192 2672.53091  0.57%  1808  211s
H 1154   661                    2687.5500459 2672.53091  0.56%  1800  211s
  1160   642     cutoff   42      2687.55005 2672.53091  0.56%  1802  216s
  1192   676 2681.20306   10  799 2687.55005 2672.53091  0.56%  1797  222s
  1256   677 2681.20306   11  751 2687.55005 2672.53091  0.56%  1775  227s
  1329   686 2683.79936   16  527 2687.55005 2672.53091  0.56%  1749  232s
  1404   658 2685.63693   24  450 2687.55005 2672.53091  0.56%  1724  239s
  1486   705 2682.70922    9  857 2687.55005 2674.47224  0.49%  1721  245s
  1565   744 2686.02221   13  696 2687.55005 2674.47224  0.49%  1700  252s
  1645   777 2685.62532   11  300 2687.55005 2674.47568  0.49%  1684  259s
  1722   811 2686.11337   14  523 2687.55005 2674.47568  0.49%  1687  266s
  1793   819 2678.44504   14  759 2687.55005 2675.08630  0.46%  1697  277s
H 1794   787                    2686.7607561 2675.08630  0.43%  1696  277s
  1809   836 2679.22485   15  694 2686.76076 2675.08630  0.43%  1698  284s
  1888   865 2683.37643   19  644 2686.76076 2675.08630  0.43%  1694  292s
  1970   878     cutoff   25      2686.76076 2675.37803  0.42%  1700  300s
  2075   920 2686.19798   13  373 2686.76076 2675.66846  0.41%  1692  308s
  2166   936 2684.11396   16  452 2686.76076 2675.72652  0.41%  1686  317s
  2279   964 2681.03962   13  714 2686.76076 2675.96223  0.40%  1669  325s
  2333   982 2684.45545   17  702 2686.76076 2675.96223  0.40%  1664  334s
  2426   989 2685.82713   16  477 2686.76076 2676.32073  0.39%  1671  344s
  2544  1025 2684.98029   10  682 2686.76076 2676.32073  0.39%  1668  355s
  2681  1061 2685.78839   10  353 2686.76076 2677.10456  0.36%  1651  365s
  2822  1122 2685.30272   14  588 2686.76076 2677.11599  0.36%  1641  376s
  2952  1193 2684.57716   12  637 2686.76076 2677.11599  0.36%  1610  387s
* 3110  1133             102    2685.9244047 2677.17403  0.33%  1596  387s
  3126  1127     cutoff   14      2685.92440 2677.17403  0.33%  1588  400s
  3327  1161 2683.77100   19  702 2685.92440 2677.36438  0.32%  1568  413s
  3511  1172 2683.73474   13  638 2685.92440 2677.71302  0.31%  1551  425s
  3702  1220     cutoff   23      2685.92440 2677.88381  0.30%  1540  438s
  3900  1211     cutoff   18      2685.92440 2678.25838  0.29%  1529  453s
  4118  1241     cutoff   11      2685.92440 2678.37313  0.28%  1525  467s
  4244  1262 2685.69329   17  623 2685.92440 2678.55856  0.27%  1522  484s
  4512  1280 2683.57239   14  404 2685.92440 2678.76977  0.27%  1506  499s
  4726  1286     cutoff   13      2685.92440 2678.92843  0.26%  1509  514s
H 4728  1236                    2685.8104189 2678.92843  0.26%  1509  514s
  4744  1242 2684.95900   13  414 2685.81042 2678.93414  0.26%  1511  533s
  4986  1242     cutoff   16      2685.81042 2679.10211  0.25%  1499  550s
  5237  1258     cutoff   12      2685.81042 2679.23690  0.24%  1492  568s
  5511  1289 2685.15688   11  618 2685.81042 2679.53263  0.23%  1483  586s
  5697  1310 2685.52414   20  222 2685.81042 2679.63684  0.23%  1480  607s
  6020  1327     cutoff   14      2685.81042 2679.90248  0.22%  1470  626s
  6243  1309     cutoff   13      2685.81042 2680.17430  0.21%  1466  647s
  6561  1319     cutoff   16      2685.81042 2680.39090  0.20%  1461  668s
  6937  1296 2682.22778   10  743 2685.81042 2680.53905  0.20%  1447  691s
  7303  1280 2683.23309    9  587 2685.81042 2680.79299  0.19%  1436  713s
  7650  1352     cutoff   26      2685.81042 2681.09176  0.18%  1432  737s
H 7999  1323                    2685.5928042 2681.11783  0.17%  1408  737s
  8129  1225 2681.75577   15  822 2685.59280 2681.35840  0.16%  1407  798s
  8131  1226 2682.73932   19 1355 2685.59280 2681.35840  0.16%  1406  835s
  8134  1228 2685.47685   15 1950 2685.59280 2681.35840  0.16%  1406  840s
  8139  1232 2684.10244   16 1214 2685.59280 2681.35840  0.16%  1405  876s
  8140  1232 2682.02381   16 1214 2685.59280 2681.35840  0.16%  1405  883s
  8141  1236 2681.35840   10 1336 2685.59280 2681.35840  0.16%  1420  888s
  8147  1238 2681.35840   12 1438 2685.59280 2681.35840  0.16%  1423  892s
  8151  1245 2681.35840   13 1419 2685.59280 2681.35840  0.16%  1423  895s
  8159  1247 2681.35840   14  841 2685.59280 2681.35840  0.16%  1428  909s
  8164  1255 2681.35840   15 1026 2685.59280 2681.35840  0.16%  1430  920s
  8175  1288 2681.35840   16  690 2685.59280 2681.35840  0.16%  1435  927s
  8216  1289 2683.87305   18  951 2685.59280 2681.35840  0.16%  1441  934s
  8249  1291 2684.08671   18  677 2685.59280 2681.35840  0.16%  1445  938s
  8286  1291 2684.20111   19  801 2685.59280 2681.35840  0.16%  1444  941s
  8322  1279     cutoff   19      2685.59280 2681.35840  0.16%  1443  950s
  8372  1266     cutoff   22      2685.59280 2681.35840  0.16%  1445  963s
  8408  1257 2681.35840   16  944 2685.59280 2681.35840  0.16%  1444  966s
  8474  1243 2682.51053   19 1024 2685.59280 2681.35840  0.16%  1445  973s
  8503  1238     cutoff   21      2685.59280 2681.35840  0.16%  1445  976s
  8533  1226 2685.01274   17  719 2685.59280 2681.35840  0.16%  1445  980s
  8605  1225 2681.94481   17 1081 2685.59280 2681.35840  0.16%  1446  987s
  8673  1209     cutoff   20      2685.59280 2681.35840  0.16%  1446  993s
  8723  1189     cutoff   20      2685.59280 2681.35840  0.16%  1445  998s
  8744  1185 2684.09599   20  808 2685.59280 2681.35840  0.16%  1447 1003s
  8789  1185 2681.35840   15  818 2685.59280 2681.35840  0.16%  1448 1007s
  8845  1170 2682.53293   18  687 2685.59280 2681.35840  0.16%  1445 1011s
  8867  1184 2683.64395   19  887 2685.59280 2681.35840  0.16%  1445 1018s
  8925  1165 2685.44265   21  689 2685.59280 2681.35840  0.16%  1441 1025s
  8946  1163     cutoff   22      2685.59280 2681.35840  0.16%  1441 1032s
  8999  1140 2685.30942   19  892 2685.59280 2681.35840  0.16%  1440 1041s
  9056  1121 2685.52571   20  687 2685.59280 2681.38427  0.16%  1439 1049s
  9114  1105 2683.68814   20  810 2685.59280 2681.64360  0.15%  1437 1057s
  9191  1077     cutoff   31      2685.59280 2681.77337  0.14%  1433 1064s
  9212  1049 2684.88218   30  361 2685.59280 2682.07672  0.13%  1433 1072s
  9332  1008 2684.74822   24  558 2685.59280 2682.12169  0.13%  1425 1080s
  9447   921 2685.45770   33  395 2685.59280 2682.91301  0.10%  1417 1088s
  9596   840     cutoff   22      2685.59280 2683.20957  0.09%  1404 1093s
  9769   723     cutoff   23      2685.59280 2683.69240  0.07%  1387 1097s
  9945   631     cutoff   28      2685.59280 2684.38352  0.05%  1370 1100s

Cutting planes:
  Gomory: 3
  Cover: 4
  Implied bound: 16
  MIR: 86
  Flow cover: 355
  RLT: 1
  Relax-and-lift: 37

Explored 10070 nodes (13778844 simplex iterations) in 1101.22 seconds (1477.32 work units)
Thread count was 24 (of 24 available processors)

Solution count 10: 2685.59 2685.59 2685.81 ... 2689.39

Optimal solution found (tolerance 1.00e-04)
Best objective 2.685592804236e+03, best bound 2.685592804236e+03, gap 0.0000%
