
Gurobi 13.0.1 (win64) logging started Fri Oct  9 17:24:58 2026

Set parameter LogFile to value "ieee_owen\weak_eps_experiment\stochastic\main17_xi\logs\n15_S20_day29_ef_gurobi.log"
Set parameter NodefileStart to value 3
Set parameter MIPGap to value 0.0001
Gurobi Optimizer version 13.0.1 build v13.0.1rc0 (win64 - Windows 10.0 (19045.2))

CPU model: AMD Ryzen 9 5900X 12-Core Processor, instruction set [SSE2|AVX|AVX2]
Thread count: 12 physical cores, 24 logical processors, using up to 24 threads

Non-default parameters:
TimeLimit  1800
NodefileStart  3
LogToConsole  0

Optimize a model with 92686 rows, 89726 columns and 384875 nonzeros (Min)
Model fingerprint: 0x39927e9c
Model has 22 linear objective coefficients
Variable types: 75446 continuous, 14280 integer (14280 binary)
Coefficient statistics:
  Matrix range     [3e-04, 2e+02]
  Objective range  [5e-02, 1e+00]
  Bounds range     [1e-02, 5e+01]
  RHS range        [8e-02, 2e+01]

Presolve removed 40217 rows and 29734 columns
Presolve time: 0.72s
Presolved: 52469 rows, 59992 columns, 205447 nonzeros
Variable types: 47295 continuous, 12697 integer (12696 binary)
Found heuristic solution: objective 2570.1875889
Deterministic concurrent LP optimizer: primal and dual simplex
Showing primal log only...


Root simplex log...

Iteration    Objective       Primal Inf.    Dual Inf.      Time
   21779    4.0952241e+03   0.000000e+00   2.881114e+05      5s
   35723    3.9472432e+03   0.000000e+00   1.066918e+05     10s
   47725    3.8689661e+03   0.000000e+00   3.792719e+04     15s
   58066    3.8160885e+03   0.000000e+00   1.909777e+04     20s
Concurrent spin time: 0.00s

Solved with dual simplex

Root simplex log...

Iteration    Objective       Primal Inf.    Dual Inf.      Time
   93342    1.9698578e+03   0.000000e+00   0.000000e+00     25s

Root relaxation: objective 1.969858e+03, 93342 iterations, 23.46 seconds (30.42 work units)

    Nodes    |    Current Node    |     Objective Bounds      |     Work
 Expl Unexpl |  Obj  Depth IntInf | Incumbent    BestBd   Gap | It/Node Time

     0     0 1969.85778    0  774 2570.18759 1969.85778  23.4%     -   25s
H    0     0                    2026.1980310 1969.85778  2.78%     -   27s
H    0     0                    2009.5892099 1969.85778  1.98%     -   28s
     0     0 1970.27280    0 1072 2009.58921 1970.27280  1.96%     -   30s
H    0     0                    2008.6089585 1970.27280  1.91%     -   32s
     0     0 1970.27280    0 1072 2008.60896 1970.27280  1.91%     -   34s
     0     0 1970.27970    0 1154 2008.60896 1970.27970  1.91%     -   35s
     0     0 1970.28702    0 1175 2008.60896 1970.28702  1.91%     -   35s
     0     0 1970.28713    0 1175 2008.60896 1970.28713  1.91%     -   35s
     0     0 1970.35368    0 1219 2008.60896 1970.35368  1.90%     -   37s
     0     0 1970.44974    0 1182 2008.60896 1970.44974  1.90%     -   41s
     0     0 1970.44974    0 1191 2008.60896 1970.44974  1.90%     -   41s
     0     0 1970.44974    0 1205 2008.60896 1970.44974  1.90%     -   43s
     0     0 1970.44974    0 1205 2008.60896 1970.44974  1.90%     -   43s
     0     0 1970.44974    0 1152 2008.60896 1970.44974  1.90%     -   43s
     0     0 1970.44974    0 1155 2008.60896 1970.44974  1.90%     -   43s
     0     0 1970.44974    0 1172 2008.60896 1970.44974  1.90%     -   44s
     0     0 1970.44974    0 1172 2008.60896 1970.44974  1.90%     -   45s
     0     0 1970.45367    0 1162 2008.60896 1970.45367  1.90%     -   46s
     0     0 1970.85885    0 1295 2008.60896 1970.85885  1.88%     -   46s
     0     0 1970.85885    0 1145 2008.60896 1970.85885  1.88%     -   46s
     0     0 1971.09296    0 1314 2008.60896 1971.09296  1.87%     -   47s
     0     0 1971.09296    0 1314 2008.60896 1971.09296  1.87%     -   47s
     0     0 1971.09296    0 1314 2008.60896 1971.09296  1.87%     -   47s
     0     0 1971.09296    0 1020 2008.60896 1971.09296  1.87%     -   48s
H    0     0                    2001.3366316 1971.09296  1.51%     -   51s
     0     2 1971.09296    0 1017 2001.33663 1971.09296  1.51%     -   52s
     7    16 1974.43041    3  941 2001.33663 1971.09296  1.51%  1999   56s
    15    24 1975.23875    4  937 2001.33663 1971.14857  1.51%  1979   62s
    50    57 1979.30041    6  747 2001.33663 1971.78764  1.48%  2157   66s
H   75    82                    2001.3339394 1971.78764  1.48%  1861   69s
    87   126 1980.04399    8  707 2001.33394 1971.78764  1.48%  1714   74s
   131   142 1980.92566   11  641 2001.33394 1971.78764  1.48%  1624   77s
   164   175 1984.74432   13  499 2001.33394 1971.78764  1.48%  1784   82s
   199   211 1982.83551   14  601 2001.33394 1971.78764  1.48%  1823   87s
   216   227 1984.82808   15  553 2001.33394 1971.78764  1.48%  1907   90s
H  234   251                    1991.5720675 1971.78764  0.99%  1918   93s
H  250   251                    1991.0923733 1971.78764  0.97%  1890   93s
   256   276 1985.85820   17  430 1991.09237 1971.78764  0.97%  1894   95s
   355   378 1987.97459   20  303 1991.09237 1971.78764  0.97%  1717  101s
   445   476 1989.26365   28  142 1991.09237 1971.78764  0.97%  1561  106s
   573   628 1989.93911   39   65 1991.09237 1971.78764  0.97%  1369  110s
   853   964 1989.93911   68   23 1991.09237 1971.78764  0.97%   997  116s
* 1008  1045              91    1989.9391104 1972.00630  0.90%   860  118s
  1171  1157 1975.44864    7  781 1989.93911 1972.00630  0.90%   752  120s
* 1172   930             108    1984.8968296 1972.00630  0.65%   751  120s
* 1218   820             109    1984.4419201 1972.00630  0.63%   731  120s
* 1274   773              92    1983.1530626 1972.00630  0.56%   702  120s
  1370   653 1976.57240    9  750 1983.15306 1972.00630  0.56%   679  126s
  1415   680 1979.18808   12  663 1983.15306 1972.00630  0.56%   690  130s
  1440   664 1980.00323   13  529 1983.15306 1972.00630  0.56%   700  136s
  1459   660 1980.93835   14  590 1983.15306 1972.00630  0.56%   706  142s
  1507   653     cutoff   16      1983.15306 1972.17144  0.55%   720  148s
  1538   653 1982.95785   15  518 1983.15306 1972.17144  0.55%   735  151s
  1604   659     cutoff   16      1983.15306 1972.78228  0.52%   758  157s
  1643   654 1973.55457    8  808 1983.15306 1972.78228  0.52%   766  160s
  1714   668 1975.08868   10  765 1983.15306 1972.80198  0.52%   784  165s
  1796   655 1976.19336   12  716 1983.15306 1972.98503  0.51%   804  171s
  1837   655 1976.96156   14  632 1983.15306 1972.98503  0.51%   813  176s
  1930   675     cutoff   18      1983.15306 1972.98503  0.51%   831  183s
  1999   653 1982.87872   18  475 1983.15306 1972.98503  0.51%   831  186s
  2045   653 1980.13423   12  669 1983.15306 1973.53457  0.49%   841  190s
  2091   649 1981.53213   14  579 1983.15306 1973.53457  0.49%   851  195s
  2110   657 1982.77535   15  503 1983.15306 1973.57794  0.48%   852  201s
  2215   656 1980.98720   14  566 1983.15306 1973.57794  0.48%   876  208s
  2277   640     cutoff   17      1983.15306 1973.57794  0.48%   878  214s
  2301   656 1982.26151   16  497 1983.15306 1973.69589  0.48%   882  218s
  2364   683 1976.85450   12  689 1983.15306 1973.74208  0.47%   885  222s
  2421   669     cutoff   17      1983.15306 1973.74208  0.47%   895  227s
  2502   678 1983.02409   17  471 1983.15306 1973.74208  0.47%   898  232s
  2561   709 1980.05093   12  482 1983.15306 1973.77378  0.47%   910  237s
  2646   712     cutoff   15      1983.15306 1973.77378  0.47%   916  244s
  2727   715 1982.49003   10  554 1983.15306 1974.17207  0.45%   927  249s
  2792   727     cutoff   11      1983.15306 1974.17207  0.45%   935  253s
  2870   741     cutoff   13      1983.15306 1974.17207  0.45%   938  258s
  2952   743 1981.67781   14  615 1983.15306 1974.18862  0.45%   942  270s
  3029   751 1978.94449   10  534 1983.15306 1974.25806  0.45%   951  282s
  3112   757     cutoff   15      1983.15306 1974.45427  0.44%   954  294s
  3130   763 1981.85694   15  485 1983.15306 1974.45802  0.44%   958  308s
  3148   768 1983.00761   16  436 1983.15306 1974.45802  0.44%   960  321s
  3167   771     cutoff   17      1983.15306 1974.45802  0.44%   959  333s
  3188   771     cutoff   17      1983.15306 1974.45802  0.44%   960  346s
  3222   784     cutoff   18      1983.15306 1974.51222  0.44%   963  357s
  3277   784 1979.14902   13  536 1983.15306 1974.51222  0.44%   966  370s
  3313   790 1980.28424   14  550 1983.15306 1974.51222  0.44%   970  380s
  3349   797 1981.36146   15  503 1983.15306 1974.51222  0.44%   973  390s
  3372   798 1982.25590   16  441 1983.15306 1974.51222  0.44%   977  400s
  3417   800     cutoff   17      1983.15306 1974.60300  0.43%   977  410s
  3439   802 1981.53993   16  419 1983.15306 1974.60300  0.43%   979  419s
H 3484   802                    1983.1482225 1974.84151  0.42%   982  419s
  3485   817 1982.57300   17  391 1983.14822 1974.84151  0.42%   982  430s
  3630   855 1979.37074   11  666 1983.14822 1974.84151  0.42%   985  439s
  3767   866     cutoff   11      1983.14822 1975.22294  0.40%   994  447s
  3892   865     cutoff   18      1983.14822 1975.39452  0.39%  1000  456s
  4034   888     cutoff   19      1983.14822 1975.65948  0.38%  1006  465s
  4189   919 1981.86282   16  488 1983.14822 1975.97483  0.36%  1011  476s
  4391   929 1979.18045    7  521 1983.14822 1976.07327  0.36%  1011  487s
  4565   929 1982.71985   14  339 1983.14822 1976.34986  0.34%  1018  497s
  4661   965 1982.32155   19  402 1983.14822 1976.47704  0.34%  1020  508s
  4833   972 1982.83488   15  475 1983.14822 1976.72347  0.32%  1026  520s
  5064   985     cutoff   19      1983.14822 1976.90256  0.31%  1023  533s
  5289   988     cutoff   18      1983.14822 1977.00685  0.31%  1024  545s
  5514  1049 1982.74881   14  640 1983.14822 1977.16719  0.30%  1026  559s
H 5751  1049                    1983.1466476 1977.26227  0.30%  1025  579s
H 5751  1049                    1983.1465321 1977.26227  0.30%  1025  579s
H 5751  1049                    1983.1455258 1977.26227  0.30%  1025  579s
H 5751  1049                    1983.1454102 1977.26227  0.30%  1025  579s
  5752  1050 1978.14092   10 1020 1983.14541 1977.26227  0.30%  1025  604s
  5754  1051 1979.15345   11 1439 1983.14541 1977.26227  0.30%  1025  635s
  5761  1056 1980.38600   10 1241 1983.14541 1977.26227  0.30%  1024  666s
  5762  1057 1982.81899   16 1241 1983.14541 1977.26227  0.30%  1023  670s
  5763  1058     cutoff   14      1983.14541 1977.26227  0.30%  1047  677s
  5767  1063 1977.26227   16 1055 1983.14541 1977.26227  0.30%  1047  680s
  5779  1072 1977.26227   18 1025 1983.14541 1977.26227  0.30%  1051  685s
  5825  1084     cutoff   21      1983.14541 1977.26227  0.30%  1054  690s
  5897  1099 1980.84918   24  843 1983.14541 1977.26227  0.30%  1058  695s
  5977  1107 1982.05176   28  703 1983.14541 1977.26227  0.30%  1059  700s
  6060  1122 1978.65635   24  815 1983.14541 1977.26227  0.30%  1057  705s
  6150  1128 1982.43141   26  653 1983.14541 1977.26227  0.30%  1052  710s
  6269  1108 1981.67755   29  771 1983.14541 1977.26227  0.30%  1043  715s
  6359  1082     cutoff   32      1983.14541 1977.26227  0.30%  1037  720s
  6458  1075 1983.04723   35  635 1983.14541 1977.26227  0.30%  1032  729s
  6477  1074     cutoff   36      1983.14541 1977.26227  0.30%  1031  733s
  6526  1063     cutoff   37      1983.14541 1977.26227  0.30%  1029  739s
  6544  1063 1979.42468   21  768 1983.14541 1977.26227  0.30%  1028  743s
  6597  1055 1979.82893   22  901 1983.14541 1977.29352  0.30%  1027  748s
  6659  1038 1979.91214   23  793 1983.14541 1977.47301  0.29%  1023  754s
  6719  1023 1980.05283   24  742 1983.14541 1978.81122  0.22%  1022  758s
  6779  1009 1980.66890   25  758 1983.14541 1978.98973  0.21%  1021  767s
H 6797   962                    1983.1433196 1979.32783  0.19%  1020  774s
  6833   979 1980.82677   27  663 1983.14332 1979.32783  0.19%  1019  778s
  6939   959     cutoff   32      1983.14332 1979.33900  0.19%  1011  784s
  7042   937 1982.71844   27  584 1983.14332 1979.43049  0.19%  1005  790s
  7151   920 1982.13846   30  666 1983.14332 1979.86625  0.17%   998  795s
  7249   878     cutoff   35      1983.14332 1980.10734  0.15%   992  802s
  7383   865     cutoff   27      1983.14332 1980.29662  0.14%   983  808s
  7527   866     cutoff   35      1983.14332 1980.30910  0.14%   973  814s
  7672   839     cutoff   44      1983.14332 1980.72288  0.12%   962  820s
  7813   816 1982.95036   31  682 1983.14332 1980.85740  0.12%   953  826s
  7977   774 1982.07558   31  715 1983.14332 1980.97408  0.11%   942  833s
  8118   754     cutoff   38      1983.14332 1981.03419  0.11%   933  840s
  8281   706     cutoff   32      1983.14332 1981.17366  0.10%   923  846s
  8469   621     cutoff   31      1983.14332 1981.27389  0.09%   911  854s
  8639   541 1982.24143   28  751 1983.14332 1981.54560  0.08%   902  862s
  8870   743 1982.81395   34  514 1983.14332 1981.91424  0.06%   887  871s
  9295  1182     cutoff   40      1983.14332 1981.92130  0.06%   852  880s
  9867  1758     cutoff   41      1983.14332 1981.92130  0.06%   806  887s
 10585  2305 1983.05844   36  487 1983.14332 1981.92130  0.06%   753  894s
*10723  1871             287    1983.1397142 1981.92130  0.06%   744  894s
*11335  1451             265    1983.1327899 1981.92130  0.06%   705  894s
 11403  1015     cutoff   33      1983.13279 1982.14971  0.05%   701  899s
*11602  1009             298    1983.1305839 1982.14971  0.05%   691  899s
*11625  1001             296    1983.1283796 1982.14971  0.05%   690  899s
 11833  1675 1983.11981  135  257 1983.12838 1982.24977  0.04%   681  908s
 12748  2128 1983.12584  207  193 1983.12838 1982.24977  0.04%   633  918s
 13240  2138     cutoff  246      1983.12838 1982.24977  0.04%   610  928s
 13253  2150 1983.12831  247  145 1983.12838 1982.24977  0.04%   609  934s
 13265  2162 1983.12831  248  145 1983.12838 1982.24977  0.04%   609  943s
 13277  2173     cutoff  249      1983.12838 1982.24977  0.04%   608  950s
 13290  2183 1983.12831  250  141 1983.12838 1982.24977  0.04%   607  958s
*13293  2168             280    1983.1282351 1982.24977  0.04%   607  958s
 13304  2159     cutoff  251      1983.12824 1982.29282  0.04%   607  963s
 13333  3149 1983.07823   37  555 1983.12824 1982.34954  0.04%   606  972s
*13433  3140             278    1983.1281795 1982.34954  0.04%   602  972s
*13756  2731             262    1983.1279197 1982.42038  0.04%   588  973s
*14134  1676             276    1983.1160023 1982.42038  0.04%   573  973s
 14608  1428     cutoff   61      1983.11600 1982.45242  0.03%   554  982s
*15794  1428             250    1983.1158160 1982.49088  0.03%   514  982s
 15920  1254     cutoff  105      1983.11582 1982.49088  0.03%   511  992s
*16004  1254             263    1983.1158135 1982.49088  0.03%   508  992s

Cutting planes:
  Gomory: 4
  Cover: 1
  Implied bound: 12
  MIR: 57
  Flow cover: 307
  Relax-and-lift: 78

Explored 17969 nodes (8257684 simplex iterations) in 993.71 seconds (1220.13 work units)
Thread count was 24 (of 24 available processors)

Solution count 10: 1983.12 1983.12 1983.12 ... 1983.14

Optimal solution found (tolerance 1.00e-04)
Best objective 1.983115813487e+03, best bound 1.983115813487e+03, gap 0.0000%
