
Gurobi 13.0.1 (win64) logging started Sat Oct 10 02:47:37 2026

Set parameter LogFile to value "ieee_owen\weak_eps_experiment\stochastic\main17_xi\logs\n15_S20_day31_ef_gurobi.log"
Set parameter NodefileStart to value 3
Set parameter MIPGap to value 0.0001
Gurobi Optimizer version 13.0.1 build v13.0.1rc0 (win64 - Windows 10.0 (19045.2))

CPU model: AMD Ryzen 9 5900X 12-Core Processor, instruction set [SSE2|AVX|AVX2]
Thread count: 12 physical cores, 24 logical processors, using up to 24 threads

Non-default parameters:
TimeLimit  1800
NodefileStart  3
LogToConsole  0

Optimize a model with 92686 rows, 89726 columns and 384875 nonzeros (Min)
Model fingerprint: 0xa1f78c6d
Model has 22 linear objective coefficients
Variable types: 75446 continuous, 14280 integer (14280 binary)
Coefficient statistics:
  Matrix range     [3e-04, 2e+02]
  Objective range  [5e-02, 1e+00]
  Bounds range     [1e-02, 5e+01]
  RHS range        [8e-02, 2e+01]

Presolve removed 40251 rows and 29768 columns
Presolve time: 0.72s
Presolved: 52435 rows, 59958 columns, 205370 nonzeros
Variable types: 47271 continuous, 12687 integer (12686 binary)
Found heuristic solution: objective 2729.8208393
Deterministic concurrent LP optimizer: primal and dual simplex
Showing primal log only...


Root simplex log...

Iteration    Objective       Primal Inf.    Dual Inf.      Time
   24440    4.0905935e+03   0.000000e+00   1.291925e+05      5s
   42476    3.9244122e+03   0.000000e+00   9.652621e+04     10s
   53526    3.8499842e+03   0.000000e+00   2.093709e+04     15s
   64426    3.7940181e+03   0.000000e+00   2.302234e+05     20s
Concurrent spin time: 0.00s

Solved with dual simplex

Root simplex log...

Iteration    Objective       Primal Inf.    Dual Inf.      Time
   91636    2.1008985e+03   0.000000e+00   0.000000e+00     20s

Root relaxation: objective 2.100899e+03, 91636 iterations, 19.14 seconds (24.36 work units)

    Nodes    |    Current Node    |     Objective Bounds      |     Work
 Expl Unexpl |  Obj  Depth IntInf | Incumbent    BestBd   Gap | It/Node Time

     0     0 2100.89851    0  771 2729.82084 2100.89851  23.0%     -   21s
H    0     0                    2146.7277879 2100.89851  2.13%     -   22s
H    0     0                    2121.3318521 2100.89851  0.96%     -   23s
     0     0 2101.08271    0  880 2121.33185 2101.08271  0.95%     -   25s
H    0     0                    2120.3570189 2101.08271  0.91%     -   26s
     0     0 2101.08692    0  902 2120.35702 2101.08692  0.91%     -   27s
     0     0 2101.08692    0  904 2120.35702 2101.08692  0.91%     -   27s
     0     0 2101.28549    0  986 2120.35702 2101.28549  0.90%     -   29s
H    0     0                    2119.7004799 2101.28549  0.87%     -   30s
     0     0 2101.36627    0  966 2119.70048 2101.36627  0.86%     -   30s
     0     0 2101.41865    0 1007 2119.70048 2101.41865  0.86%     -   30s
     0     0 2101.45681    0  989 2119.70048 2101.45681  0.86%     -   31s
     0     0 2101.45754    0  987 2119.70048 2101.45754  0.86%     -   31s
     0     0 2101.48604    0  954 2119.70048 2101.48604  0.86%     -   31s
     0     0 2101.48689    0  954 2119.70048 2101.48689  0.86%     -   31s
     0     0 2101.48938    0  952 2119.70048 2101.48938  0.86%     -   32s
     0     0 2101.48953    0  953 2119.70048 2101.48953  0.86%     -   32s
     0     0 2101.50209    0 1014 2119.70048 2101.50209  0.86%     -   33s
     0     0 2101.52822    0 1035 2119.70048 2101.52822  0.86%     -   34s
     0     0 2101.52892    0 1034 2119.70048 2101.52892  0.86%     -   35s
     0     0 2101.53468    0  913 2119.70048 2101.53468  0.86%     -   35s
     0     0 2101.53865    0  913 2119.70048 2101.53865  0.86%     -   35s
     0     0 2101.53865    0  913 2119.70048 2101.53865  0.86%     -   35s
     0     0 2101.54407    0  909 2119.70048 2101.54407  0.86%     -   37s
     0     0 2101.54454    0  907 2119.70048 2101.54454  0.86%     -   37s
     0     0 2101.54454    0  907 2119.70048 2101.54454  0.86%     -   37s
     0     0 2101.54463    0  885 2119.70048 2101.54463  0.86%     -   38s
     0     0 2101.54464    0  885 2119.70048 2101.54464  0.86%     -   39s
     0     0 2101.54996    0 1016 2119.70048 2101.54996  0.86%     -   39s
     0     0 2101.55051    0 1015 2119.70048 2101.55051  0.86%     -   39s
     0     0 2101.55403    0 1035 2119.70048 2101.55403  0.86%     -   40s
     0     0 2101.55430    0 1035 2119.70048 2101.55430  0.86%     -   40s
     0     0 2101.55430    0 1034 2119.70048 2101.55430  0.86%     -   41s
     0     0 2101.55433    0 1034 2119.70048 2101.55433  0.86%     -   41s
     0     0 2101.55433    0 1034 2119.70048 2101.55433  0.86%     -   41s
     0     0 2101.55433    0  979 2119.70048 2101.55433  0.86%     -   42s
H    0     0                    2113.7368342 2101.55982  0.58%     -   43s
     0     2 2101.55982    0  979 2113.73683 2101.55982  0.58%     -   44s
     1     4 2101.64305    1  860 2113.73683 2101.55982  0.58%   712   45s
    15    21 2111.22753    4  737 2113.73683 2101.59359  0.57%  2305   52s
    27    42 2111.29888    5  615 2113.73683 2101.60270  0.57%  2453   55s
H   49    42                    2113.7245537 2102.28085  0.54%  2080   55s
    89    94     cutoff    8      2113.72455 2102.28439  0.54%  1656   60s
   158   130 2103.59280    7  716 2113.72455 2102.30843  0.54%  1620   67s
   201   162 2105.56994    9  588 2113.72455 2102.41295  0.54%  1653   71s
H  254   185                    2112.8926017 2102.53119  0.49%  1421   73s
   260   208 2108.75024   13  516 2112.89260 2102.53119  0.49%  1406   75s
H  356   245                    2112.1002016 2102.53849  0.45%  1233   79s
   358   249 2104.75550    9  570 2112.10020 2102.53849  0.45%  1236   80s
H  371   249                    2112.0924557 2102.53849  0.45%  1209   80s
   440   326 2108.45802   14  433 2112.09246 2102.53849  0.45%  1141   86s
   515   337     cutoff   20      2112.09246 2103.43923  0.41%  1082   98s
H  522   337                    2111.7184277 2103.43923  0.39%  1080   98s
H  523   337                    2111.4952464 2103.43923  0.38%  1079   98s
H  530   337                    2111.4317746 2103.43923  0.38%  1081   98s
   531   350 2106.05496   12  724 2111.43177 2103.43923  0.38%  1082  100s
   628   415 2108.93928   17  433 2111.43177 2103.44838  0.38%  1005  105s
   836   540 2111.33914   24  302 2111.43177 2103.94546  0.35%   871  112s
   914   604 2109.07846   11  444 2111.43177 2103.94546  0.35%   834  115s
  1101   696 2107.59130   13  464 2111.43177 2104.00020  0.35%   751  121s
H 1158   696                    2111.3358756 2104.00020  0.35%   741  121s
* 1285   708             111    2110.6837492 2104.65912  0.29%   697  124s
  1289   636     cutoff   18      2110.68375 2104.65912  0.29%   696  127s
  1323   660 2109.89471   19  383 2110.68375 2104.95950  0.27%   693  130s
  1466   647     cutoff   18      2110.68375 2105.02355  0.27%   682  136s
  1541   656     cutoff   10      2110.68375 2105.75878  0.23%   681  140s
  1708   622     cutoff    9      2110.68375 2105.88945  0.23%   682  147s
  1800   621 2110.04483   11  507 2110.68375 2106.01109  0.22%   683  150s
  1997   623     cutoff   16      2110.68375 2106.86954  0.18%   676  159s
  2105   610 2110.53960   12  379 2110.68375 2107.01878  0.17%   673  163s
  2200   604     cutoff   15      2110.68375 2107.38518  0.16%   675  168s
  2351   603 2110.53189    9  535 2110.68375 2107.51114  0.15%   665  173s
  2376   580     cutoff   10      2110.68375 2107.51114  0.15%   665  178s
  2554   550     cutoff   15      2110.68375 2108.04069  0.13%   650  182s
  2680   510     cutoff   16      2110.68375 2108.35520  0.11%   651  187s
  2881   434     cutoff   15      2110.68375 2108.66384  0.10%   632  192s
  3138   294 2109.54101   10  389 2110.68375 2108.68709  0.09%   609  198s
  3467    51     cutoff   11      2110.68375 2109.45663  0.06%   573  202s

Cutting planes:
  Gomory: 20
  Cover: 212
  Implied bound: 571
  Clique: 1
  MIR: 405
  Flow cover: 1312
  Flow path: 4
  Relax-and-lift: 127

Explored 3912 nodes (2155682 simplex iterations) in 203.46 seconds (249.86 work units)
Thread count was 24 (of 24 available processors)

Solution count 10: 2110.68 2111.34 2111.43 ... 2113.74

Optimal solution found (tolerance 1.00e-04)
Best objective 2.110683749225e+03, best bound 2.110683749225e+03, gap 0.0000%
