
Gurobi 13.0.1 (win64) logging started Thu Oct  8 01:10:17 2026

Set parameter LogFile to value "ieee_owen\weak_eps_experiment\stochastic\main17_xi\logs\n15_S20_day5_ef_gurobi.log"
Set parameter NodefileStart to value 3
Set parameter MIPGap to value 0.0001
Gurobi Optimizer version 13.0.1 build v13.0.1rc0 (win64 - Windows 10.0 (19045.2))

CPU model: AMD Ryzen 9 5900X 12-Core Processor, instruction set [SSE2|AVX|AVX2]
Thread count: 12 physical cores, 24 logical processors, using up to 24 threads

Non-default parameters:
TimeLimit  1800
NodefileStart  3
LogToConsole  0

Optimize a model with 92686 rows, 89726 columns and 384875 nonzeros (Min)
Model fingerprint: 0x94875228
Model has 22 linear objective coefficients
Variable types: 75446 continuous, 14280 integer (14280 binary)
Coefficient statistics:
  Matrix range     [3e-04, 2e+02]
  Objective range  [5e-02, 1e+00]
  Bounds range     [7e-03, 5e+01]
  RHS range        [8e-02, 2e+01]

Presolve removed 40247 rows and 29763 columns
Presolve time: 0.73s
Presolved: 52439 rows, 59963 columns, 205383 nonzeros
Variable types: 47276 continuous, 12687 integer (12686 binary)
Found heuristic solution: objective 2644.8923033
Deterministic concurrent LP optimizer: primal and dual simplex
Showing primal log only...


Root simplex log...

Iteration    Objective       Primal Inf.    Dual Inf.      Time
   25062    4.1984227e+03   0.000000e+00   5.503635e+04      5s
   38680    4.0430784e+03   0.000000e+00   7.828635e+04     10s
   51328    3.9480162e+03   0.000000e+00   1.283784e+05     15s
   62198    3.8869439e+03   0.000000e+00   1.004992e+05     20s
   72057    3.8165928e+03   0.000000e+00   3.763156e+04     25s
   80857    3.7730184e+03   0.000000e+00   2.665253e+04     30s
Concurrent spin time: 0.00s

Solved with dual simplex

Root simplex log...

Iteration    Objective       Primal Inf.    Dual Inf.      Time
  113263    2.0650757e+03   0.000000e+00   0.000000e+00     33s

Root relaxation: objective 2.065076e+03, 113263 iterations, 31.99 seconds (42.44 work units)

    Nodes    |    Current Node    |     Objective Bounds      |     Work
 Expl Unexpl |  Obj  Depth IntInf | Incumbent    BestBd   Gap | It/Node Time

     0     0 2065.07571    0  934 2644.89230 2065.07571  21.9%     -   33s
H    0     0                    2111.1220929 2065.07571  2.18%     -   36s
H    0     0                    2096.5046011 2065.07571  1.50%     -   38s
     0     0 2065.46134    0 1067 2096.50460 2065.46134  1.48%     -   41s
     0     0 2065.46134    0 1067 2096.50460 2065.46134  1.48%     -   44s
     0     0 2065.58435    0 1080 2096.50460 2065.58435  1.47%     -   45s
     0     0 2065.59911    0 1018 2096.50460 2065.59911  1.47%     -   48s
     0     0 2065.60017    0  975 2096.50460 2065.60017  1.47%     -   48s
     0     0 2065.60017    0  974 2096.50460 2065.60017  1.47%     -   49s
     0     0 2065.60908    0 1139 2096.50460 2065.60908  1.47%     -   49s
     0     0 2065.62631    0 1140 2096.50460 2065.62631  1.47%     -   50s
     0     0 2065.64580    0 1139 2096.50460 2065.64580  1.47%     -   50s
     0     0 2065.64976    0 1139 2096.50460 2065.64976  1.47%     -   50s
     0     0 2065.64976    0 1139 2096.50460 2065.64976  1.47%     -   50s
     0     0 2065.66802    0 1145 2096.50460 2065.66802  1.47%     -   51s
     0     0 2065.68135    0 1039 2096.50460 2065.68135  1.47%     -   52s
     0     0 2065.68173    0 1039 2096.50460 2065.68173  1.47%     -   52s
     0     0 2065.68727    0 1017 2096.50460 2065.68727  1.47%     -   52s
     0     0 2065.68727    0 1018 2096.50460 2065.68727  1.47%     -   52s
     0     0 2065.69316    0  937 2096.50460 2065.69316  1.47%     -   53s
     0     0 2065.69793    0  934 2096.50460 2065.69793  1.47%     -   54s
     0     0 2065.69793    0  934 2096.50460 2065.69793  1.47%     -   54s
     0     0 2065.69921    0 1024 2096.50460 2065.69921  1.47%     -   55s
     0     0 2065.70192    0 1025 2096.50460 2065.70192  1.47%     -   55s
     0     0 2065.70192    0  978 2096.50460 2065.70192  1.47%     -   56s
H    0     0                    2094.5377364 2065.70192  1.38%     -   60s
     0     0 2065.70192    0  978 2094.53774 2065.70192  1.38%     -   60s
     0     0 2065.70192    0 1025 2094.53774 2065.70192  1.38%     -   60s
     0     0 2065.70528    0 1026 2094.53774 2065.70528  1.38%     -   60s
     0     0 2065.70528    0 1026 2094.53774 2065.70528  1.38%     -   61s
     0     0 2065.70528    0  979 2094.53774 2065.70528  1.38%     -   63s
     0     0 2065.70528    0  979 2094.53774 2065.70528  1.38%     -   63s
     0     0 2065.70528    0  803 2094.53774 2065.70528  1.38%     -   64s
H    0     0                    2094.2397698 2065.70528  1.36%     -   65s
     0     0 2065.70528    0  846 2094.23977 2065.70528  1.36%     -   65s
     0     0 2065.70528    0  911 2094.23977 2065.70528  1.36%     -   65s
     0     0 2065.70528    0  911 2094.23977 2065.70528  1.36%     -   66s
     0     0 2065.70528    0  668 2094.23977 2065.70528  1.36%     -   66s
H    0     0                    2091.0271149 2065.70528  1.21%     -   70s
     0     2 2065.70528    0  668 2091.02711 2065.70528  1.21%     -   71s
     3     8 2068.75057    2  862 2091.02711 2065.71402  1.21%  1633   75s
    15    28 2090.91107    4 1180 2091.02711 2066.91009  1.15%  3941   84s
H   18    27                    2091.0068416 2066.91009  1.15%  4465   84s
    27    30 2090.96883    5 1147 2091.00684 2066.91009  1.15%  4525   97s
    30    44 2090.96883    6  743 2091.00684 2066.91009  1.15%  4494  108s
H   50    59                    2090.9142125 2066.91391  1.15%  4801  113s
H   58    59                    2090.6983255 2066.91391  1.14%  4320  113s
    65    94 2071.02113    6  822 2090.69833 2066.91391  1.14%  4095  117s
   104   111 2074.87571    6  653 2090.69833 2066.91391  1.14%  3241  125s
   123   129 2073.51894    9  693 2090.69833 2066.97689  1.13%  3265  130s
   143   142 2075.71386    7  771 2090.69833 2066.97689  1.13%  3360  135s
   179   183 2074.35603   10  556 2090.69833 2066.97689  1.13%  3360  143s
H  184   183                    2081.3068766 2066.97689  0.69%  3311  143s
H  203   189                    2079.8485740 2066.97689  0.62%  3228  152s
   219   206 2076.54600   11  539 2079.84857 2067.04054  0.62%  3276  155s
H  271   228                    2079.0385642 2067.94437  0.53%  2963  158s
   274   241 2077.09399   16  317 2079.03856 2067.94437  0.53%  2954  162s
H  285   241                    2078.9531107 2067.94437  0.53%  2884  162s
   287   260 2077.15872   17  317 2078.95311 2067.94437  0.53%  2876  170s
H  290   260                    2078.8824214 2067.94437  0.53%  2847  170s
H  306   260                    2078.7472398 2067.94437  0.52%  2753  170s
   350   338     cutoff   21      2078.74724 2067.94437  0.52%  2583  177s
   405   397 2078.04064   25  236 2078.74724 2068.15073  0.51%  2313  180s
   526   461 2069.43743   10  635 2078.74724 2068.15073  0.51%  1941  186s
   671   639 2074.42559   14  641 2078.74724 2068.15073  0.51%  1641  191s
   776   754 2076.64101   16  698 2078.74724 2068.15073  0.51%  1440  195s
  1055  1002     cutoff   21      2078.74724 2068.18713  0.51%  1087  200s
* 1086   868              85    2078.3678352 2068.18713  0.49%  1063  200s
* 1145   783              74    2077.6421476 2068.18713  0.46%  1009  200s
  1225   691 2073.09696    9  721 2077.64215 2068.18713  0.46%   954  205s
* 1240   691              96    2077.6410255 2068.18713  0.46%   942  205s
* 1301   691              79    2077.5833175 2068.18713  0.45%   914  205s
  1352   658 2074.31321   11  708 2077.58332 2068.18977  0.45%   928  211s
  1412   693 2076.00909   15  581 2077.58332 2068.18977  0.45%   943  217s
  1457   694 2076.39968   17  506 2077.58332 2068.18977  0.45%   939  220s
  1571   684 2073.78752   12  581 2077.58332 2068.18977  0.45%   928  227s
* 1618   684             125    2077.2930979 2068.91013  0.40%   919  227s
  1644   637 2076.55727   14  655 2077.29310 2068.91013  0.40%   918  232s
  1688   642 2077.07118   16  572 2077.29310 2069.17468  0.39%   926  236s
  1731   654 2075.99884    9  579 2077.29310 2069.17468  0.39%   960  243s
  1767   635     cutoff   12      2077.29310 2069.17468  0.39%   964  247s
  1807   641     cutoff   12      2077.29310 2069.70417  0.37%   977  256s
  1841   640 2072.67453   10  618 2077.29310 2069.70417  0.37%   987  261s
  1875   655 2075.76865   12  359 2077.29310 2069.70417  0.37%  1009  266s
  1908   653     cutoff   13      2077.29310 2069.70417  0.37%  1023  272s
  1934   646 2076.36268   12  657 2077.29310 2069.70417  0.37%  1030  278s
  1978   645     cutoff   15      2077.29310 2069.70417  0.37%  1043  284s
  2019   640 2077.07370    8  615 2077.29310 2069.70417  0.37%  1058  289s
  2074   630     cutoff    9      2077.29310 2069.70417  0.37%  1063  295s
  2121   645 2075.65661    7  620 2077.29310 2070.98637  0.30%  1079  300s
  2164   641     cutoff   10      2077.29310 2070.98637  0.30%  1087  305s
  2217   639 2074.15411   10  688 2077.29310 2070.98637  0.30%  1096  311s
  2279   634 2076.74426   15  540 2077.29310 2070.98637  0.30%  1101  316s
  2331   630 2077.09056   10  601 2077.29310 2071.51284  0.28%  1110  322s
  2392   626 2075.81715    9  785 2077.29310 2071.51284  0.28%  1114  328s
  2460   626     cutoff   11      2077.29310 2071.64204  0.27%  1119  333s
  2523   630 2074.12093   11  727 2077.29310 2072.05526  0.25%  1124  344s
  2543   631 2074.28241   12  677 2077.29310 2072.09009  0.25%  1126  356s
  2566   629 2075.25594   13  648 2077.29310 2072.09009  0.25%  1130  369s
  2592   628 2075.76574   14  625 2077.29310 2072.09009  0.25%  1134  381s
  2617   628 2075.78056   15  550 2077.29310 2072.09009  0.25%  1133  395s
  2641   628 2075.97831   16  519 2077.29310 2072.36185  0.24%  1134  407s
  2665   634 2076.22205   17  470 2077.29310 2072.36185  0.24%  1135  421s
  2683   639 2076.22205   18  478 2077.29310 2072.36185  0.24%  1136  432s
  2701   641 2076.22205   19  485 2077.29310 2072.36185  0.24%  1137  445s
  2723   651 2077.26004   20  455 2077.29310 2072.40797  0.24%  1139  457s
  2736   650     cutoff   21      2077.29310 2072.40797  0.24%  1140  472s
  2759   654 2077.17533   21  391 2077.29310 2072.40797  0.24%  1144  483s
  2777   658 2077.17533   22  391 2077.29310 2072.40797  0.24%  1142  494s
  2802   703 2075.78983   16  518 2077.29310 2072.40797  0.24%  1140  505s
  2891   694 2077.28166   63   62 2077.29310 2072.40797  0.24%  1126  514s
H 2914   694                    2077.2882274 2072.40797  0.23%  1117  514s
H 2917   694                    2077.2816552 2072.40797  0.23%  1116  514s
  3023   662     cutoff  109      2077.28166 2072.86135  0.21%  1104  523s
  3152   668 2076.16014   20  362 2077.28166 2073.19699  0.20%  1106  532s
  3292   632 2077.11840   16  592 2077.28166 2073.45367  0.18%  1104  542s
  3429   661 2075.49903   15  687 2077.28166 2073.45367  0.18%  1103  551s
  3599   699 2075.44043   10  677 2077.28166 2073.77899  0.17%  1091  560s
  3788   712 2077.16186   15  497 2077.28166 2074.09469  0.15%  1074  572s
H 3841   672                    2077.2715713 2074.11058  0.15%  1074  572s
  4004   717 2076.81210   16  506 2077.27157 2074.31952  0.14%  1056  582s
  4202   760 2077.05080   10  671 2077.27157 2074.54645  0.13%  1042  593s
* 4411   718             111    2077.2715452 2074.66499  0.13%  1024  593s
  4469   684 2076.00626   15  644 2077.27155 2074.67632  0.12%  1016  604s
  4692   695     cutoff   11      2077.27155 2074.84272  0.12%  1007  616s
  4930   668 2076.83576    9  492 2077.27155 2075.00489  0.11%   996  629s
  5164   622     cutoff   18      2077.27155 2075.18880  0.10%   989  643s
  5442   579     cutoff   20      2077.27155 2075.48519  0.09%   981  657s
  5646   492 2076.98395   16  440 2077.27155 2075.57737  0.08%   973  671s
  6000   297     cutoff   20      2077.27155 2075.85260  0.07%   952  687s
* 6378   297              78    2077.2715426 2075.94297  0.06%   923  687s
  6557     0     cutoff   18      2077.27154 2076.33469  0.05%   911  697s

Cutting planes:
  Gomory: 21
  Cover: 151
  Implied bound: 670
  MIR: 423
  Flow cover: 920
  RLT: 1
  Relax-and-lift: 152

Explored 7187 nodes (6213401 simplex iterations) in 697.64 seconds (1036.32 work units)
Thread count was 24 (of 24 available processors)

Solution count 10: 2077.27 2077.27 2077.27 ... 2078.37

Optimal solution found (tolerance 1.00e-04)
Best objective 2.077271542611e+03, best bound 2.077271542611e+03, gap 0.0000%
