
Gurobi 13.0.1 (win64) logging started Fri Oct  9 06:27:08 2026

Set parameter LogFile to value "ieee_owen\weak_eps_experiment\stochastic\main17_xi\logs\n15_S20_day23_ef_gurobi.log"
Set parameter NodefileStart to value 3
Set parameter MIPGap to value 0.0001
Gurobi Optimizer version 13.0.1 build v13.0.1rc0 (win64 - Windows 10.0 (19045.2))

CPU model: AMD Ryzen 9 5900X 12-Core Processor, instruction set [SSE2|AVX|AVX2]
Thread count: 12 physical cores, 24 logical processors, using up to 24 threads

Non-default parameters:
TimeLimit  1800
NodefileStart  3
LogToConsole  0

Optimize a model with 92686 rows, 89726 columns and 384875 nonzeros (Min)
Model fingerprint: 0x4f2fccf3
Model has 22 linear objective coefficients
Variable types: 75446 continuous, 14280 integer (14280 binary)
Coefficient statistics:
  Matrix range     [3e-04, 2e+02]
  Objective range  [5e-02, 1e+00]
  Bounds range     [9e-03, 5e+01]
  RHS range        [8e-02, 2e+01]

Presolve removed 40219 rows and 29736 columns
Presolve time: 0.73s
Presolved: 52467 rows, 59990 columns, 205449 nonzeros
Variable types: 47294 continuous, 12696 integer (12695 binary)
Found heuristic solution: objective 2705.6766062
Deterministic concurrent LP optimizer: primal and dual simplex
Showing primal log only...


Root simplex log...

Iteration    Objective       Primal Inf.    Dual Inf.      Time
   20375    4.1563499e+03   0.000000e+00   1.220163e+05      5s
   33583    4.0600660e+03   0.000000e+00   1.171553e+05     10s
   44781    3.9883220e+03   0.000000e+00   3.610316e+04     15s
   54701    3.9396812e+03   0.000000e+00   1.109771e+05     20s
Concurrent spin time: 0.00s

Solved with dual simplex

Root simplex log...

Iteration    Objective       Primal Inf.    Dual Inf.      Time
   95141    2.1835497e+03   0.000000e+00   0.000000e+00     24s

Root relaxation: objective 2.183550e+03, 95141 iterations, 23.05 seconds (28.77 work units)

    Nodes    |    Current Node    |     Objective Bounds      |     Work
 Expl Unexpl |  Obj  Depth IntInf | Incumbent    BestBd   Gap | It/Node Time

     0     0 2183.54973    0  715 2705.67661 2183.54973  19.3%     -   25s
H    0     0                    2216.0225596 2183.54973  1.47%     -   27s
H    0     0                    2207.9102803 2183.54973  1.10%     -   28s
     0     0 2183.91210    0  942 2207.91028 2183.91210  1.09%     -   30s
H    0     0                    2207.5987396 2183.91210  1.07%     -   32s
     0     0 2183.91210    0  940 2207.59874 2183.91210  1.07%     -   32s
     0     0 2183.94113    0  965 2207.59874 2183.94113  1.07%     -   33s
     0     0 2184.11052    0  947 2207.59874 2184.11052  1.06%     -   35s
     0     0 2184.29935    0 1126 2207.59874 2184.29935  1.06%     -   37s
H    0     0                    2207.5361686 2184.29935  1.05%     -   40s
     0     0 2184.71902    0 1092 2207.53617 2184.71902  1.03%     -   41s
     0     0 2184.71902    0 1036 2207.53617 2184.71902  1.03%     -   41s
     0     0 2184.71902    0 1081 2207.53617 2184.71902  1.03%     -   41s
     0     0 2184.71902    0 1072 2207.53617 2184.71902  1.03%     -   41s
     0     0 2184.71902    0 1050 2207.53617 2184.71902  1.03%     -   42s
     0     0 2184.71902    0 1005 2207.53617 2184.71902  1.03%     -   42s
H    0     0                    2206.0597797 2184.77985  0.96%     -   43s
     0     0 2184.77985    0 1103 2206.05978 2184.77985  0.96%     -   43s
     0     0 2184.79412    0 1103 2206.05978 2184.79412  0.96%     -   43s
     0     0 2184.83429    0 1101 2206.05978 2184.83429  0.96%     -   43s
     0     0 2184.83615    0 1035 2206.05978 2184.83615  0.96%     -   43s
     0     0 2184.84963    0 1034 2206.05978 2184.84963  0.96%     -   43s
     0     0 2184.88034    0 1039 2206.05978 2184.88034  0.96%     -   44s
     0     0 2184.88076    0 1064 2206.05978 2184.88076  0.96%     -   44s
     0     0 2184.88193    0 1064 2206.05978 2184.88193  0.96%     -   44s
     0     0 2184.88389    0 1064 2206.05978 2184.88389  0.96%     -   44s
     0     0 2184.88389    0 1091 2206.05978 2184.88389  0.96%     -   44s
H    0     0                    2205.9950709 2184.88397  0.96%     -   46s
     0     0 2184.88397    0 1068 2205.99507 2184.88397  0.96%     -   46s
     0     0 2184.88432    0 1061 2205.99507 2184.88432  0.96%     -   46s
     0     0 2184.88432    0 1062 2205.99507 2184.88432  0.96%     -   48s
     0     0 2184.88443    0 1064 2205.99507 2184.88443  0.96%     -   48s
     0     0 2184.88443    0 1065 2205.99507 2184.88443  0.96%     -   48s
     0     0 2184.88490    0 1063 2205.99507 2184.88490  0.96%     -   49s
     0     0 2184.88490    0 1063 2205.99507 2184.88490  0.96%     -   49s
     0     0 2184.88490    0 1063 2205.99507 2184.88490  0.96%     -   49s
     0     0 2184.88772    0 1063 2205.99507 2184.88772  0.96%     -   50s
     0     0 2184.88772    0  781 2205.99507 2184.88772  0.96%     -   50s
H    0     0                    2202.8498348 2184.88772  0.82%     -   52s
     0     2 2184.88772    0  732 2202.84983 2184.88772  0.82%     -   52s
     7    16 2189.22281    3  890 2202.84983 2184.91053  0.81%  1050   56s
    27    42 2190.12628    5  937 2202.84983 2185.26699  0.80%  2117   60s
H   29    42                    2202.8359694 2185.26699  0.80%  2019   60s
    53    66 2190.56890    6  724 2202.83597 2185.26699  0.80%  1932   65s
H   61    66                    2200.1676207 2185.26699  0.68%  1991   65s
    78    97 2194.94226    8  397 2200.16762 2185.26699  0.68%  2069   71s
H   99   111                    2199.8017087 2185.26699  0.66%  1902   73s
   110   125 2191.35558    9  845 2199.80171 2185.26699  0.66%  1926   75s
H  111   125                    2199.7609783 2185.26699  0.66%  1909   75s
H  113   125                    2198.6125689 2185.26699  0.61%  1894   75s
   139   166 2191.78945   11  602 2198.61257 2185.26699  0.61%  1892   81s
H  154   166                    2196.6926660 2185.26699  0.52%  1837   81s
H  156   166                    2195.1949467 2185.26699  0.45%  1826   81s
   196   218 2193.36814   14  451 2195.19495 2185.26699  0.45%  1702   88s
   231   237     cutoff   16      2195.19495 2185.26699  0.45%  1646   91s
H  250   237                    2195.1469732 2185.26699  0.45%  1637   91s
   293   296     cutoff   23      2195.14697 2186.04569  0.41%  1546   96s
   370   366 2187.47433    6  637 2195.14697 2186.05787  0.41%  1371  100s
   465   454 2189.37255   11  600 2195.14697 2186.05787  0.41%  1262  105s
H  473   454                    2194.1553619 2186.20050  0.36%  1260  105s
H  486   454                    2192.4639738 2186.20050  0.29%  1252  105s
H  502   454                    2192.2087987 2186.20050  0.27%  1216  105s
H  510   454                    2191.9433713 2186.20050  0.26%  1201  105s
   590   497 2191.61451   14  428 2191.94337 2186.20050  0.26%  1137  111s
H  623   497                    2191.7544427 2186.20050  0.25%  1105  111s
   694   541 2191.29172   14  607 2191.75444 2186.43877  0.24%  1072  119s
H  729   541                    2191.7268452 2186.43877  0.24%  1061  119s
   748   578 2188.95005    7  723 2191.72685 2186.43877  0.24%  1044  121s
   811   572     cutoff   11      2191.72685 2186.43877  0.24%  1003  125s
H  821   572                    2191.7133253 2186.43877  0.24%   999  125s
H  821   572                    2191.7099280 2186.43877  0.24%   999  125s
H  833   572                    2191.7057104 2186.43877  0.24%   992  125s
   902   621     cutoff   12      2191.70571 2186.57810  0.23%   974  133s
H  917   621                    2191.6973183 2186.80516  0.22%   973  133s
*  944   621             104    2191.6887932 2186.80516  0.22%   968  133s
   954   622 2190.62998   12  535 2191.68879 2187.35743  0.20%   973  138s
   977   632 2191.12222   13  495 2191.68879 2187.35743  0.20%   973  144s
   995   643 2191.49676   15  257 2191.68879 2187.35743  0.20%   995  149s
  1032   660     cutoff    9      2191.68879 2187.39975  0.20%  1002  153s
  1073   642 2190.62915    8  759 2191.68879 2187.39975  0.20%  1010  158s
  1138   631 2191.00285    9  696 2191.68879 2187.41822  0.19%   998  163s
  1182   644     cutoff   13      2191.68879 2187.60705  0.19%  1012  169s
  1247   639     cutoff   16      2191.68879 2187.60705  0.19%  1009  175s
  1310   637 2190.61199   10  717 2191.68879 2187.92868  0.17%  1021  180s
  1372   632 2191.40718   12  673 2191.68879 2187.96997  0.17%  1020  186s
  1422   638 2188.96918   15  577 2191.68879 2188.05972  0.17%  1028  192s
  1508   642 2190.28312   17  297 2191.68879 2188.26425  0.16%  1020  199s
H 1515   642                    2191.6856617 2188.26425  0.16%  1021  199s
  1587   633     cutoff   18      2191.68566 2188.45661  0.15%  1013  205s
  1682   627     cutoff   11      2191.68566 2188.45661  0.15%  1008  211s
  1769   652     cutoff   11      2191.68566 2188.86509  0.13%  1011  216s
  1888   612     cutoff   14      2191.68566 2188.86509  0.13%   995  222s
  2012   601 2191.64552   13  629 2191.68566 2188.91733  0.13%   986  229s
  2121   601     cutoff   14      2191.68566 2189.44143  0.10%   986  235s
  2237   576     cutoff   12      2191.68566 2189.49420  0.10%   980  241s
  2369   570 2191.30811   16  393 2191.68566 2189.94502  0.08%   972  249s
  2409   609 2191.30811   17  411 2191.68566 2190.04615  0.07%   973  256s
  2674   684 2191.67994   53   40 2191.68566 2190.20647  0.07%   916  265s
* 2824   684              80    2191.6795461 2190.20647  0.07%   877  265s
  2836   450     cutoff   70      2191.67955 2190.20647  0.07%   874  272s
  3155    61     cutoff   11      2191.67955 2190.57993  0.05%   826  276s

Cutting planes:
  Gomory: 9
  Cover: 139
  Implied bound: 370
  MIR: 303
  Flow cover: 977
  Network: 16
  RLT: 9
  Relax-and-lift: 152
  BQP: 6
  PSD: 3

Explored 3757 nodes (2790197 simplex iterations) in 279.59 seconds (388.79 work units)
Thread count was 24 (of 24 available processors)

Solution count 10: 2191.68 2191.69 2191.69 ... 2191.94

Optimal solution found (tolerance 1.00e-04)
Best objective 2.191679546109e+03, best bound 2.191679546109e+03, gap 0.0000%
