
Gurobi 13.0.1 (win64) logging started Fri Oct  9 04:55:00 2026

Set parameter LogFile to value "ieee_owen\weak_eps_experiment\stochastic\main17_xi\logs\n15_S20_day22_ef_gurobi.log"
Set parameter NodefileStart to value 3
Set parameter MIPGap to value 0.0001
Gurobi Optimizer version 13.0.1 build v13.0.1rc0 (win64 - Windows 10.0 (19045.2))

CPU model: AMD Ryzen 9 5900X 12-Core Processor, instruction set [SSE2|AVX|AVX2]
Thread count: 12 physical cores, 24 logical processors, using up to 24 threads

Non-default parameters:
TimeLimit  1800
NodefileStart  3
LogToConsole  0

Optimize a model with 92686 rows, 89726 columns and 384875 nonzeros (Min)
Model fingerprint: 0xaf01055d
Model has 22 linear objective coefficients
Variable types: 75446 continuous, 14280 integer (14280 binary)
Coefficient statistics:
  Matrix range     [3e-04, 2e+02]
  Objective range  [5e-02, 1e+00]
  Bounds range     [8e-03, 5e+01]
  RHS range        [8e-02, 2e+01]

Presolve removed 40219 rows and 29737 columns
Presolve time: 0.76s
Presolved: 52467 rows, 59989 columns, 205439 nonzeros
Variable types: 47293 continuous, 12696 integer (12695 binary)
Found heuristic solution: objective 2679.4226599
Deterministic concurrent LP optimizer: primal and dual simplex
Showing primal log only...


Root simplex log...

Iteration    Objective       Primal Inf.    Dual Inf.      Time
   20409    4.0371371e+03   0.000000e+00   4.044732e+04      5s
   33680    3.9205934e+03   0.000000e+00   8.503875e+04     10s
   44310    3.8389534e+03   0.000000e+00   4.379112e+04     15s
   54350    3.7726827e+03   0.000000e+00   7.369949e+04     20s
   63390    3.7216558e+03   0.000000e+00   2.982320e+04     25s
Concurrent spin time: 0.00s

Solved with dual simplex

Root simplex log...

Iteration    Objective       Primal Inf.    Dual Inf.      Time
  108630    2.0565378e+03   0.000000e+00   0.000000e+00     29s

Root relaxation: objective 2.056538e+03, 108630 iterations, 27.64 seconds (35.25 work units)

    Nodes    |    Current Node    |     Objective Bounds      |     Work
 Expl Unexpl |  Obj  Depth IntInf | Incumbent    BestBd   Gap | It/Node Time

     0     0 2056.53777    0  882 2679.42266 2056.53777  23.2%     -   29s
H    0     0                    2091.0257370 2056.53777  1.65%     -   31s
H    0     0                    2084.7004732 2056.53777  1.35%     -   33s
     0     0 2056.55962    0 1132 2084.70047 2056.55962  1.35%     -   35s
H    0     0                    2083.5746229 2056.55962  1.30%     -   37s
     0     0 2056.58218    0 1202 2083.57462 2056.58218  1.30%     -   38s
     0     0 2056.58218    0 1202 2083.57462 2056.58218  1.30%     -   38s
     0     0 2056.79807    0 1156 2083.57462 2056.79807  1.29%     -   39s
     0     0 2056.84051    0 1141 2083.57462 2056.84051  1.28%     -   41s
     0     0 2056.89416    0 1146 2083.57462 2056.89416  1.28%     -   41s
     0     0 2056.98148    0 1139 2083.57462 2056.98148  1.28%     -   41s
     0     0 2057.01325    0 1142 2083.57462 2057.01325  1.27%     -   42s
     0     0 2057.01325    0 1142 2083.57462 2057.01325  1.27%     -   42s
     0     0 2057.08597    0 1171 2083.57462 2057.08597  1.27%     -   43s
     0     0 2058.55316    0 1314 2083.57462 2058.55316  1.20%     -   46s
     0     0 2058.55316    0 1216 2083.57462 2058.55316  1.20%     -   46s
     0     0 2058.55316    0 1222 2083.57462 2058.55316  1.20%     -   46s
     0     0 2058.55316    0 1222 2083.57462 2058.55316  1.20%     -   46s
     0     0 2058.55316    0 1067 2083.57462 2058.55316  1.20%     -   47s
     0     0 2058.55316    0 1138 2083.57462 2058.55316  1.20%     -   47s
     0     0 2058.55316    0 1139 2083.57462 2058.55316  1.20%     -   47s
H    0     0                    2081.3690252 2058.55316  1.10%     -   47s
     0     0 2058.55316    0 1025 2081.36903 2058.55316  1.10%     -   47s
     0     0 2058.55316    0 1163 2081.36903 2058.55316  1.10%     -   48s
     0     0 2058.55316    0 1204 2081.36903 2058.55316  1.10%     -   48s
     0     0 2058.55316    0 1183 2081.36903 2058.55316  1.10%     -   48s
     0     0 2058.55316    0 1183 2081.36903 2058.55316  1.10%     -   48s
     0     0 2058.55316    0 1025 2081.36903 2058.55316  1.10%     -   48s
     0     0 2058.55316    0 1167 2081.36903 2058.55316  1.10%     -   50s
     0     0 2058.55316    0 1168 2081.36903 2058.55316  1.10%     -   50s
H    0     0                    2072.0471303 2058.55316  0.65%     -   50s
     0     0 2058.55316    0 1006 2072.04713 2058.55316  0.65%     -   50s
     0     0 2058.55316    0 1007 2072.04713 2058.55316  0.65%     -   51s
     0     0 2058.55316    0 1141 2072.04713 2058.55316  0.65%     -   51s
     0     0 2058.55316    0 1142 2072.04713 2058.55316  0.65%     -   52s
     0     0 2058.55316    0 1141 2072.04713 2058.55316  0.65%     -   52s
     0     0 2058.55316    0 1141 2072.04713 2058.55316  0.65%     -   53s
     0     0 2058.55316    0 1141 2072.04713 2058.55316  0.65%     -   53s
     0     0 2058.55316    0 1141 2072.04713 2058.55316  0.65%     -   53s
     0     2 2058.55316    0 1141 2072.04713 2058.55316  0.65%     -   55s
     7    16 2059.41161    3  978 2072.04713 2058.55316  0.65%  1497   60s
    27    55 2062.69477    5  952 2072.04713 2059.41293  0.61%  2682   66s
    89    99 2064.98582   10  696 2072.04713 2059.52454  0.60%  1740   71s
   122   134 2063.25433   11  713 2072.04713 2059.52454  0.60%  1689   75s
   180   181 2069.44702   16  359 2072.04713 2059.52454  0.60%  1646   81s
H  233   220                    2067.5992039 2059.52454  0.39%  1663   84s
   243   224 2066.65568   18  486 2067.59920 2059.52454  0.39%  1644   87s
   281   235 2066.28321   15  398 2067.59920 2059.68180  0.38%  1524   90s
H  284   235                    2067.5235184 2059.68180  0.38%  1516   90s
H  288   235                    2067.4236354 2059.68180  0.37%  1522   90s
   356   285 2062.76688    9  884 2067.42364 2059.68180  0.37%  1398   95s
   478   377 2065.65032   17  736 2067.42364 2059.68180  0.37%  1216  101s
   574   418 2063.33990   13  807 2067.42364 2059.73276  0.37%  1138  105s
   667   473 2065.04601   19  440 2067.42364 2059.73276  0.37%  1075  110s
*  707   473              81    2067.1172439 2059.73276  0.36%  1049  110s
   857   568 2067.03780   52   34 2067.11724 2059.73276  0.36%   983  116s
*  949   618              80    2067.0378005 2059.73276  0.35%   931  119s
  1027   630     cutoff   80      2067.03780 2059.73276  0.35%   894  122s
  1087   643 2065.20112   15  567 2067.03780 2059.85855  0.35%   894  125s
  1176   664 2066.25523   17  228 2067.03780 2060.10463  0.34%   890  130s
  1285   676 2063.59760   12  766 2067.03780 2060.49459  0.32%   888  137s
  1400   658     cutoff   16      2067.03780 2060.49459  0.32%   895  148s
  1423   663     cutoff   18      2067.03780 2060.49459  0.32%   893  151s
  1455   680 2064.32648   16  688 2067.03780 2060.49459  0.32%   893  155s
H 1554   688                    2067.0376315 2060.49459  0.32%   886  158s
  1581   683 2062.61363   16  765 2067.03763 2060.49459  0.32%   891  162s
  1669   697 2065.62298   19  674 2067.03763 2060.49459  0.32%   887  166s
  1762   728 2065.47782   20  631 2067.03763 2060.51541  0.32%   885  170s
  1856   738 2066.61041   23  422 2067.03763 2060.51541  0.32%   878  176s
  1898   769 2064.94527   15  343 2067.03763 2061.98690  0.24%   874  181s
  2014   785 2065.41250    8  509 2067.03763 2061.98690  0.24%   868  185s
  2129   798 2066.97123    9  454 2067.03763 2061.98690  0.24%   864  190s
  2257   815     cutoff   21      2067.03763 2062.66210  0.21%   853  196s
  2390   848 2066.70024   19  193 2067.03763 2062.76790  0.21%   844  200s
  2513   872     cutoff   13      2067.03763 2062.77398  0.21%   837  206s
  2657   874     cutoff   25      2067.03763 2062.87920  0.20%   827  211s
  2697   902 2064.90256   10  840 2067.03763 2062.95839  0.20%   828  217s
  2841   909 2066.01368   11  830 2067.03763 2063.11668  0.19%   823  223s
  2996   931     cutoff   20      2067.03763 2063.18883  0.19%   821  230s
  3163   980 2065.87514   17  392 2067.03763 2063.31766  0.18%   815  236s
  3360  1009 2066.57723   13  462 2067.03763 2063.32765  0.18%   804  243s
  3589  1024 2066.95297   13  586 2067.03763 2063.51828  0.17%   792  251s
  3780  1037 2065.76855   11  698 2067.03763 2063.56710  0.17%   788  258s
  3945  1057 2066.35035   19  514 2067.03763 2063.72071  0.16%   786  265s
  4185  1051 2066.28173   15  435 2067.03763 2063.77919  0.16%   776  274s
  4446  1063 2066.54341   17  380 2067.03763 2063.92664  0.15%   766  282s
  4699  1060     cutoff   23      2067.03763 2064.16321  0.14%   761  291s
  4947  1066     cutoff   15      2067.03763 2064.24452  0.14%   755  300s
  5246  1052 2066.49439   14  461 2067.03763 2064.41560  0.13%   747  310s
  5551  1050 2065.85851   15  660 2067.03763 2064.61134  0.12%   740  320s
  5880  1078 2066.67261   24  142 2067.03763 2064.74928  0.11%   732  332s
  6229  1077 2065.86375   24  272 2067.03763 2064.80071  0.11%   721  343s
H 6261  1077                    2067.0373374 2064.80071  0.11%   720  343s
H 6262  1076                    2067.0372551 2064.80071  0.11%   720  343s
  6540  1094     cutoff   12      2067.03726 2064.91461  0.10%   712  354s
* 6658  1094             103    2067.0372150 2064.91461  0.10%   706  354s
* 6659  1093             103    2067.0369954 2064.91461  0.10%   705  354s
  6974  1026 2066.97443   23  193 2067.03700 2065.04942  0.10%   699  366s
  7424  1024     cutoff   10      2067.03700 2065.27467  0.09%   690  376s
H 7437  1021                    2067.0369894 2065.29092  0.08%   690  376s
  7450   970     cutoff   23      2067.03699 2065.29420  0.08%   690  389s
* 7735   926              69    2067.0369846 2065.31637  0.08%   678  389s
  7995   893     cutoff   22      2067.03698 2065.47702  0.08%   672  400s
  8026   791 2066.64316   20  222 2067.03698 2065.48788  0.07%   672  411s
  8388   611     cutoff   19      2067.03698 2065.60643  0.07%   665  425s
  9006   454     cutoff   12      2067.03698 2065.79908  0.06%   649  439s
  9464     5     cutoff   27      2067.03698 2066.03072  0.05%   636  450s

Cutting planes:
  Gomory: 1
  Cover: 222
  Implied bound: 579
  MIR: 289
  Flow cover: 819
  Network: 18
  RLT: 1
  Relax-and-lift: 103
  BQP: 3

Explored 10199 nodes (6308018 simplex iterations) in 451.41 seconds (535.71 work units)
Thread count was 24 (of 24 available processors)

Solution count 10: 2067.04 2067.04 2067.04 ... 2067.42

Optimal solution found (tolerance 1.00e-04)
Best objective 2.067036984634e+03, best bound 2.066831412460e+03, gap 0.0099%
