
Gurobi 13.0.1 (win64) logging started Fri Oct  9 13:00:11 2026

Set parameter LogFile to value "ieee_owen\weak_eps_experiment\stochastic\main17_xi\logs\n15_S20_day27_ef_gurobi.log"
Set parameter NodefileStart to value 3
Set parameter MIPGap to value 0.0001
Gurobi Optimizer version 13.0.1 build v13.0.1rc0 (win64 - Windows 10.0 (19045.2))

CPU model: AMD Ryzen 9 5900X 12-Core Processor, instruction set [SSE2|AVX|AVX2]
Thread count: 12 physical cores, 24 logical processors, using up to 24 threads

Non-default parameters:
TimeLimit  1800
NodefileStart  3
LogToConsole  0

Optimize a model with 92686 rows, 89726 columns and 384875 nonzeros (Min)
Model fingerprint: 0x4aa171ee
Model has 22 linear objective coefficients
Variable types: 75446 continuous, 14280 integer (14280 binary)
Coefficient statistics:
  Matrix range     [3e-04, 2e+02]
  Objective range  [5e-02, 1e+00]
  Bounds range     [1e-02, 5e+01]
  RHS range        [8e-02, 2e+01]

Presolve removed 40281 rows and 29794 columns
Presolve time: 0.75s
Presolved: 52405 rows, 59932 columns, 205322 nonzeros
Variable types: 47253 continuous, 12679 integer (12678 binary)
Found heuristic solution: objective 2712.2464767
Deterministic concurrent LP optimizer: primal and dual simplex
Showing primal log only...


Root simplex log...

Iteration    Objective       Primal Inf.    Dual Inf.      Time
   22951    4.1162543e+03   0.000000e+00   1.010297e+05      5s
   37288    4.0039045e+03   0.000000e+00   1.110235e+07     10s
   49548    3.9141174e+03   0.000000e+00   5.131760e+04     15s
   59059    3.8534633e+03   0.000000e+00   1.550618e+05     20s
   68649    3.7844855e+03   0.000000e+00   3.583453e+04     25s
Concurrent spin time: 0.00s

Solved with dual simplex

Root simplex log...

Iteration    Objective       Primal Inf.    Dual Inf.      Time
  103994    2.0618803e+03   0.000000e+00   0.000000e+00     26s

Root relaxation: objective 2.061880e+03, 103994 iterations, 25.25 seconds (33.33 work units)

    Nodes    |    Current Node    |     Objective Bounds      |     Work
 Expl Unexpl |  Obj  Depth IntInf | Incumbent    BestBd   Gap | It/Node Time

     0     0 2061.88032    0  709 2712.24648 2061.88032  24.0%     -   27s
H    0     0                    2097.9135942 2061.88032  1.72%     -   29s
H    0     0                    2092.0225646 2061.88032  1.44%     -   30s
     0     0 2061.93871    0  912 2092.02256 2061.93871  1.44%     -   31s
     0     0 2061.99180    0  932 2092.02256 2061.99180  1.44%     -   35s
     0     0 2061.99180    0  932 2092.02256 2061.99180  1.44%     -   36s
     0     0 2062.07960    0  976 2092.02256 2062.07960  1.43%     -   37s
     0     0 2062.17590    0  966 2092.02256 2062.17590  1.43%     -   39s
     0     0 2062.18497    0  884 2092.02256 2062.18497  1.43%     -   39s
     0     0 2062.25118    0  936 2092.02256 2062.25118  1.42%     -   40s
     0     0 2062.25411    0  935 2092.02256 2062.25411  1.42%     -   40s
     0     0 2062.27520    0  935 2092.02256 2062.27520  1.42%     -   40s
     0     0 2062.27520    0  935 2092.02256 2062.27520  1.42%     -   40s
     0     0 2062.34738    0  788 2092.02256 2062.34738  1.42%     -   41s
     0     0 2062.34738    0  862 2092.02256 2062.34738  1.42%     -   42s
     0     0 2062.36616    0  855 2092.02256 2062.36616  1.42%     -   43s
     0     0 2062.36616    0  879 2092.02256 2062.36616  1.42%     -   43s
     0     0 2062.36981    0  850 2092.02256 2062.36981  1.42%     -   44s
     0     0 2062.39955    0  845 2092.02256 2062.39955  1.42%     -   44s
     0     0 2062.39955    0  848 2092.02256 2062.39955  1.42%     -   44s
     0     0 2062.46430    0  859 2092.02256 2062.46430  1.41%     -   45s
     0     0 2062.46500    0  828 2092.02256 2062.46500  1.41%     -   45s
     0     0 2062.46633    0  848 2092.02256 2062.46633  1.41%     -   45s
     0     0 2062.46633    0  851 2092.02256 2062.46633  1.41%     -   45s
     0     0 2062.47580    0  794 2092.02256 2062.47580  1.41%     -   46s
     0     0 2062.47580    0  741 2092.02256 2062.47580  1.41%     -   46s
     0     0 2062.48367    0  952 2092.02256 2062.48367  1.41%     -   47s
     0     0 2062.48693    0  952 2092.02256 2062.48693  1.41%     -   48s
     0     0 2062.50172    0  954 2092.02256 2062.50172  1.41%     -   48s
     0     0 2062.52039    0  954 2092.02256 2062.52039  1.41%     -   49s
     0     0 2062.52039    0  955 2092.02256 2062.52039  1.41%     -   49s
     0     0 2062.52039    0  954 2092.02256 2062.52039  1.41%     -   50s
     0     0 2062.52039    0  956 2092.02256 2062.52039  1.41%     -   50s
     0     0 2062.52039    0  784 2092.02256 2062.52039  1.41%     -   51s
     0     0 2062.52039    0  856 2092.02256 2062.52039  1.41%     -   51s
     0     0 2062.52039    0  878 2092.02256 2062.52039  1.41%     -   52s
     0     0 2062.52039    0  878 2092.02256 2062.52039  1.41%     -   52s
     0     0 2062.52039    0  760 2092.02256 2062.52039  1.41%     -   52s
     0     0 2062.52039    0  759 2092.02256 2062.52039  1.41%     -   52s
     0     0 2062.52039    0  759 2092.02256 2062.52039  1.41%     -   52s
     0     0 2062.52039    0  735 2092.02256 2062.52039  1.41%     -   53s
H    0     0                    2084.8763444 2062.52039  1.07%     -   55s
     0     2 2062.52039    0  735 2084.87634 2062.52039  1.07%     -   56s
    27    40 2066.36324    5  666 2084.87634 2062.75993  1.06%   964   61s
    64    79 2066.72979    8  501 2084.87634 2062.83493  1.06%   863   65s
    91   105 2068.41227    9  533 2084.87634 2062.83493  1.06%  1483   70s
   133   150 2068.56314   12  480 2084.87634 2062.83493  1.06%  1611   76s
H  158   163                    2084.8466110 2062.83493  1.06%  1521   78s
   162   179 2069.82758   14  444 2084.84661 2062.83493  1.06%  1527   80s
H  190   201                    2075.4143654 2062.83493  0.61%  1554   83s
   237   267 2071.42130   18  326 2075.41437 2062.83493  0.61%  1461   86s
H  253   267                    2074.5226788 2062.83493  0.56%  1391   86s
   302   314 2073.13245   24  184 2074.52268 2062.83493  0.56%  1274   91s
H  307   314                    2073.0919708 2062.83493  0.49%  1259   91s
   346   368 2072.95480   29  147 2073.09197 2062.88697  0.49%  1187   96s
H  373   368                    2072.9236389 2062.88697  0.48%  1143   96s
   424   438 2063.37918    7  704 2072.92364 2062.89843  0.48%  1083  100s
H  541   541                    2071.8400944 2062.89843  0.43%   948  103s
H  561   541                    2071.5304114 2062.89843  0.42%   918  103s
   602   576 2066.76550   10  697 2071.53041 2062.89843  0.42%   880  105s
H  670   629                    2070.9121530 2062.92015  0.39%   834  107s
   767   668 2067.58174   14  515 2070.91215 2062.92015  0.39%   792  112s
*  773   668              78    2070.8431678 2062.92015  0.38%   787  112s
   844   678     cutoff   20      2070.84317 2062.92015  0.38%   806  117s
   877   675 2069.99911   22  292 2070.84317 2062.92015  0.38%   816  120s
   995   673 2064.35191    5  731 2070.84317 2062.92015  0.38%   807  125s
  1073   671 2067.76052   12  529 2070.84317 2062.92015  0.38%   821  131s
  1174   665     cutoff   23      2070.84317 2062.94890  0.38%   814  137s
  1246   636 2064.88550    7  715 2070.84317 2063.43632  0.36%   810  145s
  1337   670 2068.85601    9  383 2070.84317 2063.45978  0.36%   849  152s
  1414   677 2066.41578   10  742 2070.84317 2063.45978  0.36%   844  157s
  1493   701 2070.68619   12  439 2070.84317 2063.68562  0.35%   843  160s
  1609   729 2066.85760   10  780 2070.84317 2063.71200  0.34%   848  174s
  1627   728 2068.72799   11  545 2070.84317 2063.71200  0.34%   848  187s
  1652   734 2070.72279   12  403 2070.84317 2063.71200  0.34%   852  199s
  1670   737     cutoff   13      2070.84317 2063.71200  0.34%   850  212s
  1691   744 2066.87103    7  708 2070.84317 2063.71200  0.34%   851  224s
  1708   747 2068.31533    8  636 2070.84317 2063.71200  0.34%   852  237s
  1729   745     cutoff    9      2070.84317 2063.71200  0.34%   851  249s
  1755   752 2070.43122   10  529 2070.84317 2063.82330  0.34%   854  260s
  1772   759     cutoff   11      2070.84317 2063.82330  0.34%   855  268s
  1807   763 2070.54182    9  296 2070.84317 2063.82330  0.34%   859  277s
  1827   785 2070.63175   10  273 2070.84317 2063.82330  0.34%   863  284s
  1939   829 2067.24243    9  558 2070.84317 2064.35003  0.31%   861  290s
  2034   863 2070.20273   16  251 2070.84317 2064.35003  0.31%   864  295s
  2129   889     cutoff   14      2070.84317 2064.35003  0.31%   867  302s
  2252   909 2070.54104   16  320 2070.84317 2064.73888  0.29%   867  309s
  2390   942     cutoff   11      2070.84317 2064.73888  0.29%   861  316s
  2557  1002 2067.45079   11  564 2070.84317 2065.18488  0.27%   852  323s
  2736  1049 2066.10052    8  825 2070.84317 2065.30783  0.27%   833  330s
* 2791  1043              74    2070.8411058 2065.30783  0.27%   828  330s
  2913  1056 2069.82354   15  476 2070.84111 2065.30783  0.27%   824  338s
  3068  1083 2068.93838    8  703 2070.84111 2065.73540  0.25%   821  345s
  3217  1091 2069.64520   11  528 2070.84111 2065.73540  0.25%   821  353s
  3354  1097 2068.19755   10  582 2070.84111 2066.09149  0.23%   827  362s
  3530  1117 2069.25212   11  704 2070.84111 2066.17431  0.23%   827  370s
  3706  1138 2069.90033   19  470 2070.84111 2066.36928  0.22%   830  379s
H 3947  1139                    2070.8411055 2066.57976  0.21%   819  390s
  4044  1130     cutoff   19      2070.84111 2066.61560  0.20%   816  400s
  4291  1162 2069.62960   13  496 2070.84111 2066.74919  0.20%   812  410s
  4556  1178     cutoff   14      2070.84111 2066.75076  0.20%   801  422s
  4886  1165     cutoff   12      2070.84111 2067.27985  0.17%   784  432s
  5205  1176 2070.30518   14  385 2070.84111 2067.50641  0.16%   772  445s
  5367  1196     cutoff   23      2070.84111 2067.62545  0.16%   770  456s
* 5459  1183              80    2070.8409463 2067.62545  0.16%   761  456s
  5770  1173     cutoff   12      2070.84095 2067.72482  0.15%   751  468s
  5801  1171 2068.73184   12  554 2070.84095 2067.81517  0.15%   751  479s
  5826  1170 2069.05112   13  509 2070.84095 2067.81517  0.15%   750  490s
  5851  1172 2069.12584   14  366 2070.84095 2067.91625  0.14%   750  501s
  5870  1171 2069.69840   15  375 2070.84095 2067.91625  0.14%   750  513s
  5895  1178 2070.40786   16  423 2070.84095 2067.98069  0.14%   749  524s
  5912  1179 2070.57261   17  371 2070.84095 2067.98069  0.14%   748  536s
  5934  1175 2070.75064   18  250 2070.84095 2067.98069  0.14%   747  547s
  5962  1204 2070.78099   19  233 2070.84095 2067.98255  0.14%   745  558s
  6051  1196     cutoff   12      2070.84095 2067.98255  0.14%   737  573s
* 6261  1195              75    2070.8405850 2067.98255  0.14%   730  573s
* 6262  1195              75    2070.8405678 2067.98255  0.14%   730  573s
  6397  1144     cutoff   14      2070.84057 2068.05354  0.13%   724  588s
  6905   997 2070.34158   18  523 2070.84057 2068.38896  0.12%   708  603s
  7515   873     cutoff   17      2070.84057 2068.99550  0.09%   685  619s
  8004   846     cutoff   22      2070.84057 2069.28572  0.08%   664  638s
* 8449   813              91    2070.8393175 2069.31264  0.07%   643  638s
* 8665   784              81    2070.8387554 2069.32677  0.07%   632  638s
  9220   510     cutoff   12      2070.83876 2069.65257  0.06%   604  656s
H 9316   510                    2070.8387179 2069.65257  0.06%   599  656s
* 9579   510              76    2070.8387013 2069.65257  0.06%   587  656s
H 9805   510                    2070.8386701 2069.66917  0.06%   576  656s
 10888   887 2070.83324   26  108 2070.83867 2070.22226  0.03%   530  675s
*10930   887              63    2070.8386630 2070.22226  0.03%   528  675s
*10997   887              77    2070.8386417 2070.22226  0.03%   525  675s

Cutting planes:
  Gomory: 26
  Cover: 263
  Implied bound: 767
  MIR: 247
  Flow cover: 831
  Network: 28
  RLT: 14
  Relax-and-lift: 72
  BQP: 3

Explored 13072 nodes (5932123 simplex iterations) in 676.54 seconds (898.78 work units)
Thread count was 24 (of 24 available processors)

Solution count 10: 2070.84 2070.84 2070.84 ... 2070.84

Optimal solution found (tolerance 1.00e-04)
Best objective 2.070838641738e+03, best bound 2.070838641738e+03, gap 0.0000%
