
Cluster assignments:
Cluster 0 (represented by Day 25): [ 1 12 17 21 25 26 27 28]... (total 8 days)
Cluster 1 (represented by Day 4): [ 2  3  4  5  6  7  8  9 10 11]... (total 23 days)
[reserve] pi_res = 56 EUR/MW.h (daily mean of fcrn_dk2_56 hourly prices), 1h blocks
[reserve] c_min_G = 0.15 (electrolyzer min load / els_cap); literature 0.1-0.16 -> OK
[reserve] c_sb_G = 0.01 (electrolyzer standby draw / els_cap); literature 0.025-0.05 -> OUT OF RANGE
✓ spring  :  92 days | Mean: 1 MWh | RMSE range: 0.0-0.2 MWh
✓ summer  :  92 days | Mean: 1 MWh | RMSE range: 0.0-0.3 MWh
✓ fall    :  91 days | Mean: 1 MWh | RMSE range: 0.0-0.2 MWh
✓ winter  :  90 days | Mean: 1 MWh | RMSE range: 0.0-0.1 MWh

=== 15p_reserve_peak_day25_S20_seed0_grb_direct-gurobi_kl0.0960365_dual_ndw_rsc0.303571_main: n=15, |T|=24, |Omega|=20 ===

[1] extensive form (DP_N^Omega)
Set parameter Username
Set parameter LicenseID to value 2742039
Academic license - for non-commercial use only - expires 2026-11-20
Set parameter OutputFlag to value 1
Set parameter LogToConsole to value 0
  obj 2604.514766  status optimal  gap 1.13e-04  875.6s  vars 89684
  KL r=0.0960365: worst case 2604.514766 vs expected 2478.059756; 1 MILP solve(s); rho* 0.084 0.021 0.032 0.058 0.038 0.017 0.048 0.042 0.054 0.037 0.046 0.031 0.047 0.063 0.077 0.038 0.046 0.061 0.039 0.121 (KL 0.0960)
    round 1: MIPGap 1e-04  875.5s  10089 nodes  psi-bound 1.13e-04  psi-incumbent 1.13e-04

[2] column generation (DWR_N^Omega)
  seed columns: largest carrier-row residual 7.99e-15 (repaired)
  CG   12 | RMP     1908.3697 | LB     1894.9052 | UB           inf | a 1.00 std      | min rc  0.0000e+00 | +0  [round] | lp 0.06s solver 0.05s 664 it 11091 cols 101831 nz
  -- penalty round 1: eps 0.2 delta 0.2 RMP 1908.3697 LB 1894.9052 UB 2604.5148 gap 2.72e-01 [round] 8s
  CG   25 | RMP     2582.1043 | LB     2403.8275 | UB     2604.5148 | a 0.10 smooth   | min rc -1.4597e+01 | +46 | lp 0.27s solver 0.24s 1850 it 12368 cols 183555 nz
  CG   50 | RMP     2572.1573 | LB     2566.1903 | UB     2604.5148 | a 0.10 smooth   | min rc -8.3890e+00 | +45 | lp 0.59s solver 0.57s 2113 it 14001 cols 280711 nz
  CG   54 | RMP     2570.7087 | LB     2569.8025 | UB     2604.5148 | a 1.00 std      | min rc  0.0000e+00 | +0  [round] | lp 0.51s solver 0.50s 1977 it 14010 cols 279794 nz
  -- penalty round 2: eps 0.05 delta 0.05 RMP 2570.7087 LB 2569.8025 UB 2604.5148 gap 1.33e-02 [round] 127s
  CG   75 | RMP     2592.0133 | LB     2581.2067 | UB     2604.5148 | a 0.10 smooth   | min rc -7.5421e+00 | +46 | lp 1.20s solver 1.16s 3501 it 15265 cols 359388 nz
  CG  100 | RMP     2588.6195 | LB     2587.8708 | UB     2604.5148 | a 0.10 smooth   | min rc -1.1600e+00 | +25 | lp 1.02s solver 0.99s 2855 it 16444 cols 427277 nz
  CG  101 | RMP     2588.5919 | LB     2587.8708 | UB     2604.5148 | a 1.00 std      | min rc  0.0000e+00 | +0  [round] | lp 0.77s solver 0.74s 2141 it 16018 cols 400879 nz
  -- penalty round 3: eps 0.0125 delta 0.0125 RMP 2588.5919 LB 2587.8708 UB 2604.5148 gap 6.39e-03 [round] 391s
  CG  125 | RMP     2590.6490 | LB     2589.9944 | UB     2604.5148 | a 0.10 smooth   | min rc -4.6893e-01 | +18 | lp 0.82s solver 0.79s 2239 it 16926 cols 450822 nz
  CG  126 | RMP     2590.6288 | LB     2589.9944 | UB     2604.5148 | a 1.00 std      | min rc  0.0000e+00 | +0  [round] | lp 1.36s solver 1.33s 3520 it 17002 cols 455211 nz
  -- penalty round 4: eps 0.00313 delta 0.00313 RMP 2590.6288 LB 2589.9944 UB 2604.5148 gap 5.57e-03 [round] 561s
  CG  139 | RMP     2590.9237 | LB     2590.3017 | UB     2604.5148 | a 1.00 std      | min rc  0.0000e+00 | +0  [round] | lp 1.20s solver 1.17s 3031 it 17373 cols 475889 nz
  -- penalty round 5: eps 0.000781 delta 0.000781 RMP 2590.9237 LB 2590.3017 UB 2604.5148 gap 5.45e-03 [round] 644s
  CG  142 | RMP     2590.9683 | LB     2590.3388 | UB     2604.5148 | a 1.00 std      | min rc  0.0000e+00 | +0  [round] | lp 1.21s solver 1.17s 3162 it 17225 cols 465991 nz
  -- penalty round 6: eps 0.000195 delta 0.000195 RMP 2590.9683 LB 2590.3388 UB 2604.5148 gap 5.44e-03 [round] 665s
  CG  143 | RMP     2590.9829 | LB     2590.3388 | UB     2590.9903 | a 1.00 std      | min rc  0.0000e+00 | +0  [done] | lp 0.70s solver 0.66s 1830 it 17225 cols 465991 nz
  -- penalty round 7: eps 0 delta 0 RMP 2590.9829 LB 2590.3388 UB 2590.9903 gap 2.51e-04 [done] 666s
  obj 2590.990293  LB 2590.338783  gap 2.51e-04  iters 143  665.7s  rounds 7  status optimal
  KL r=0.0960365: 980 tangent planes; rho* 0.084 0.022 0.032 0.058 0.037 0.017 0.048 0.041 0.053 0.038 0.046 0.031 0.045 0.062 0.077 0.040 0.047 0.061 0.040 0.122 (KL 0.0960)
  time: master LP 134.3s  pricing 526.5s (33048 MILPs, 8 worker(s))

[3] robust Owen allocation
  omega_LR,rob 14.140377  eps_LR 0.942692  certified [13.230384, 14.175983]
  EF slack 0.2941 = 2% of the reported omega
  checks: budget 4.55e-13  duality -3.56e-02  pricing 0.00e+00

[4] stand-alone values val(DP_{j}^Omega)
   player         Owen        E[x*]        alone       chi^LR
       u1    1128.6914    1127.7488     750.6303     377.1185
       u2       0.0360      -0.9067      -0.0000      -0.9067
       u3     531.4354     530.4927     268.5307     261.9620
       u4    -763.6381    -764.5808    -794.4216      29.8408
       u5    -382.8482    -383.7909    -520.8996     137.1088
       u6   -1048.0086   -1048.9513   -1160.2740     111.3227
       u7     499.1542     498.2115     306.9249     191.2867
       u8       4.6230       3.6803      -0.0000       3.6803
       u9     538.7801     537.8374     268.5307     269.3067
      u10     575.3796     574.4369     441.3359     133.1010
      u11     101.1854     100.2427      90.5938       9.6489
      u12    -663.3201    -664.2627    -722.4308      58.1681
      u13    -396.1452    -397.0879    -532.3721     135.2842
      u14    -876.5024    -877.4451    -973.0983      95.6532
      u15   -1839.1971   -1840.1398   -1968.4832     128.3434

wrote ieee_owen\weak_eps_experiment\stochastic\main17_xi\15p_reserve_peak_day25_S20_seed0_grb_direct-gurobi_kl0.0960365_dual_ndw_rsc0.303571_main.json
