
Gurobi 13.0.1 (win64) logging started Thu Oct  8 19:20:13 2026

Set parameter LogFile to value "ieee_owen\weak_eps_experiment\stochastic\main17_xi\logs\n15_S20_day16_ef_gurobi.log"
Set parameter NodefileStart to value 3
Set parameter MIPGap to value 0.0001
Gurobi Optimizer version 13.0.1 build v13.0.1rc0 (win64 - Windows 10.0 (19045.2))

CPU model: AMD Ryzen 9 5900X 12-Core Processor, instruction set [SSE2|AVX|AVX2]
Thread count: 12 physical cores, 24 logical processors, using up to 24 threads

Non-default parameters:
TimeLimit  1800
NodefileStart  3
LogToConsole  0

Optimize a model with 92686 rows, 89726 columns and 384875 nonzeros (Min)
Model fingerprint: 0xa4c695cb
Model has 22 linear objective coefficients
Variable types: 75446 continuous, 14280 integer (14280 binary)
Coefficient statistics:
  Matrix range     [3e-04, 2e+02]
  Objective range  [5e-02, 1e+00]
  Bounds range     [9e-03, 5e+01]
  RHS range        [8e-02, 2e+01]

Presolve removed 40249 rows and 29764 columns
Presolve time: 0.79s
Presolved: 52437 rows, 59962 columns, 205393 nonzeros
Variable types: 47273 continuous, 12689 integer (12688 binary)
Found heuristic solution: objective 2880.3648715
Deterministic concurrent LP optimizer: primal and dual simplex
Showing primal log only...


Root simplex log...

Iteration    Objective       Primal Inf.    Dual Inf.      Time
   24437    4.0938813e+03   0.000000e+00   9.246894e+04      5s
   40979    3.9299142e+03   0.000000e+00   7.714972e+04     10s
   53750    3.8409127e+03   0.000000e+00   8.588824e+04     15s
   65300    3.7797848e+03   0.000000e+00   3.077105e+04     20s
Concurrent spin time: 0.02s

Solved with dual simplex

Root simplex log...

Iteration    Objective       Primal Inf.    Dual Inf.      Time
   87178    2.1827781e+03   0.000000e+00   0.000000e+00     21s

Root relaxation: objective 2.182778e+03, 87178 iterations, 19.48 seconds (25.28 work units)

    Nodes    |    Current Node    |     Objective Bounds      |     Work
 Expl Unexpl |  Obj  Depth IntInf | Incumbent    BestBd   Gap | It/Node Time

     0     0 2182.77807    0  683 2880.36487 2182.77807  24.2%     -   21s
H    0     0                    2203.3352815 2182.77807  0.93%     -   22s
H    0     0                    2198.9333965 2182.77807  0.73%     -   23s
     0     0 2182.82631    0  844 2198.93340 2182.82631  0.73%     -   25s
H    0     0                    2195.8676337 2182.82631  0.59%     -   29s
     0     0 2183.05039    0  841 2195.86763 2183.05039  0.58%     -   30s
     0     0 2183.16152    0  925 2195.86763 2183.16152  0.58%     -   31s
     0     0 2183.19395    0  928 2195.86763 2183.19395  0.58%     -   32s
     0     0 2183.20864    0  881 2195.86763 2183.20864  0.58%     -   32s
     0     0 2183.22113    0  878 2195.86763 2183.22113  0.58%     -   32s
     0     0 2183.24722    0  881 2195.86763 2183.24722  0.57%     -   32s
     0     0 2183.27224    0  882 2195.86763 2183.27224  0.57%     -   32s
     0     0 2183.31865    0  913 2195.86763 2183.31865  0.57%     -   32s
H    0     0                    2193.4713381 2183.32843  0.46%     -   33s
     0     0 2183.32843    0  908 2193.47134 2183.32843  0.46%     -   33s
     0     0 2183.34452    0  778 2193.47134 2183.34452  0.46%     -   33s
     0     0 2183.37625    0  778 2193.47134 2183.37625  0.46%     -   33s
     0     0 2183.38133    0  777 2193.47134 2183.38133  0.46%     -   33s
     0     0 2183.38133    0  777 2193.47134 2183.38133  0.46%     -   33s
     0     0 2183.49275    0  680 2193.47134 2183.49275  0.45%     -   34s
     0     0 2183.68374    0  702 2193.47134 2183.68374  0.45%     -   35s
     0     0 2183.68374    0  704 2193.47134 2183.68374  0.45%     -   35s
     0     0 2183.68548    0  679 2193.47134 2183.68548  0.45%     -   36s
     0     0 2183.68548    0  683 2193.47134 2183.68548  0.45%     -   36s
     0     0 2183.68548    0  681 2193.47134 2183.68548  0.45%     -   36s
     0     0 2183.73693    0  745 2193.47134 2183.73693  0.44%     -   37s
     0     0 2183.75901    0  746 2193.47134 2183.75901  0.44%     -   39s
     0     0 2183.75901    0  723 2193.47134 2183.75901  0.44%     -   40s
     0     0 2183.77958    0  748 2193.47134 2183.77958  0.44%     -   40s
     0     0 2183.79095    0  747 2193.47134 2183.79095  0.44%     -   40s
     0     0 2183.79095    0  666 2193.47134 2183.79095  0.44%     -   41s
     0     0 2183.85469    0  752 2193.47134 2183.85469  0.44%     -   42s
     0     0 2183.86248    0  740 2193.47134 2183.86248  0.44%     -   42s
     0     0 2183.86248    0  740 2193.47134 2183.86248  0.44%     -   42s
     0     0 2183.86248    0  638 2193.47134 2183.86248  0.44%     -   43s
     0     0 2183.86625    0  638 2193.47134 2183.86625  0.44%     -   44s
     0     0 2183.86625    0  638 2193.47134 2183.86625  0.44%     -   44s
     0     0 2183.86625    0  638 2193.47134 2183.86625  0.44%     -   44s
H    0     2                    2193.4081237 2183.86625  0.44%     -   45s
     0     2 2183.86625    0  638 2193.40812 2183.86625  0.44%     -   45s
    17    28 2185.29619    5  465 2193.40812 2184.60897  0.40%  1446   50s
    94   126 2186.87713   10  507 2193.40812 2184.72483  0.40%   944   55s
   203   221 2188.78077   21  265 2193.40812 2184.72483  0.40%   792   60s
   285   298 2190.51640   26  162 2193.40812 2184.72483  0.40%   846   66s
H  361   357                    2192.6435245 2184.73303  0.36%   870   70s
H  434   399                    2192.5703647 2184.73303  0.36%   852   73s
   487   479 2191.88976   46   71 2192.57036 2184.73303  0.36%   807   75s
H  496   479                    2192.3523372 2184.73303  0.35%   793   76s
H  524   479                    2191.3605554 2184.73303  0.30%   771   76s
   617   547 2186.67063    8  303 2191.36056 2184.73339  0.30%   761   80s
H  686   596                    2191.0810626 2184.73339  0.29%   745   81s
   758   672 2188.78399   11  330 2191.08106 2184.73339  0.29%   716   85s
H  787   672                    2190.6722519 2184.73339  0.27%   717   85s
H  924   691                    2190.4981804 2184.73759  0.26%   676   89s
   952   661 2189.63633   20  192 2190.49818 2184.73759  0.26%   663   91s
H  994   661                    2190.4749453 2184.73759  0.26%   663   91s
* 1000   661              89    2190.4471650 2184.73759  0.26%   659   91s
  1020   656     cutoff   22      2190.44716 2184.73759  0.26%   657   99s
  1034   662     cutoff   23      2190.44716 2184.73975  0.26%   658  108s
  1048   671 2187.22288    7  480 2190.44716 2184.73975  0.26%   664  118s
  1061   680 2187.25100    8  415 2190.44716 2184.73975  0.26%   663  127s
  1074   682 2188.06645    9  394 2190.44716 2184.73975  0.26%   664  136s
  1090   675 2188.72565   10  386 2190.44716 2184.73975  0.26%   660  144s
  1107   664     cutoff   11      2190.44716 2184.73975  0.26%   656  153s
  1134   658 2190.39945   12  306 2190.44716 2184.73975  0.26%   650  163s
  1155   658 2190.39945   13  306 2190.44716 2184.73975  0.26%   648  171s
  1172   651 2190.39945   14  306 2190.44716 2185.36484  0.23%   643  176s
  1210   666     cutoff   15      2190.44716 2185.36484  0.23%   636  181s
  1279   679 2188.97381   12  283 2190.44716 2185.36484  0.23%   631  186s
  1354   672 2190.32960   15  256 2190.44716 2185.54040  0.22%   623  191s
  1442   678 2188.97381   11  299 2190.44716 2185.54040  0.22%   613  196s
  1521   667 2190.44549   17  240 2190.44716 2185.90248  0.21%   608  201s
  1592   678 2189.76535   17  293 2190.44716 2185.90248  0.21%   609  206s
  1681   680 2189.45709   11  430 2190.44716 2186.05474  0.20%   605  211s
  1758   716     cutoff   16      2190.44716 2186.11641  0.20%   603  216s
  1844   734 2188.70511   18  264 2190.44716 2186.16835  0.20%   599  221s
  1924   746     cutoff   13      2190.44716 2186.20877  0.19%   601  227s
  2019   758     cutoff   15      2190.44716 2186.20877  0.19%   598  232s
  2047   785     cutoff   15      2190.44716 2186.20877  0.19%   600  238s
  2149   824 2188.41248    8  479 2190.44716 2186.20877  0.19%   596  243s
  2245   889     cutoff   11      2190.44716 2186.57444  0.18%   595  248s
  2408   920 2189.19351   17  255 2190.44716 2186.61805  0.17%   581  254s
* 2533   887              84    2190.3324061 2186.65071  0.17%   580  254s
  2580   904     cutoff   18      2190.33241 2186.73002  0.16%   576  261s
  2805   942     cutoff   13      2190.33241 2186.81797  0.16%   571  266s
  3023   961 2189.01738   14  371 2190.33241 2186.88491  0.16%   563  273s
  3295  1008     cutoff   16      2190.33241 2187.19696  0.14%   554  280s
  3577  1010     cutoff   14      2190.33241 2187.19696  0.14%   541  287s
  3619  1060 2189.71645   10  386 2190.33241 2187.22629  0.14%   542  295s
  3896  1167 2189.33690   14  427 2190.33241 2187.31922  0.14%   539  306s
H 4204  1166                    2190.3316978 2187.40943  0.13%   528  319s
H 4204  1166                    2190.3316489 2187.40943  0.13%   528  319s
H 4204  1146                    2190.3123897 2187.40943  0.13%   528  319s
H 4204  1145                    2190.3123262 2187.40943  0.13%   528  319s
H 4204  1144                    2190.3122838 2187.40943  0.13%   528  319s
  4205  1145 2188.76530   16  638 2190.31228 2187.40943  0.13%   528  343s
  4207  1146 2189.81263   16 1424 2190.31228 2187.40943  0.13%   528  363s
  4208  1147 2188.66695   22 1494 2190.31228 2187.40943  0.13%   527  366s
  4215  1152 2188.61037   10  875 2190.31228 2187.40943  0.13%   527  387s
  4216  1152 2190.16549   25  875 2190.31228 2187.40943  0.13%   526  390s
  4217  1154     cutoff   12      2190.31228 2187.40943  0.13%   554  397s
  4225  1165 2187.40943   15  688 2190.31228 2187.40943  0.13%   555  400s
  4261  1199 2187.40943   18  691 2190.31228 2187.40943  0.13%   565  405s
  4342  1217 2189.89601   19  796 2190.31228 2187.40943  0.13%   575  411s
  4398  1233 2187.40943   20  545 2190.31228 2187.40943  0.13%   579  415s
  4507  1225 2187.96546   23  476 2190.31228 2187.40943  0.13%   578  420s
  4603  1229 2189.05684   27  442 2190.31228 2187.40943  0.13%   585  425s
  4731  1249     cutoff   33      2190.31228 2187.40943  0.13%   590  430s
  4880  1235 2188.37821   24  523 2190.31228 2187.40943  0.13%   590  436s
  4929  1230 2190.02548   26  564 2190.31228 2187.40943  0.13%   591  440s
  4982  1235 2190.24291   28  475 2190.31228 2187.40943  0.13%   592  445s
  5167  1216 2189.30273   27  462 2190.31228 2187.40943  0.13%   591  455s
  5235  1232 2189.30273   29  505 2190.31228 2187.40943  0.13%   591  469s
  5249  1231 2189.72383   30  474 2190.31228 2187.40943  0.13%   591  477s
  5294  1225 2190.23617   32  387 2190.31228 2187.40943  0.13%   590  485s
  5333  1216     cutoff   30      2190.31228 2187.40943  0.13%   591  493s
  5379  1213 2189.86474   20  609 2190.31228 2187.40943  0.13%   592  501s
  5435  1200 2189.01125   31  485 2190.31228 2187.40943  0.13%   592  509s
  5481  1202 2189.72203   32  385 2190.31228 2187.41322  0.13%   593  515s
  5556  1215     cutoff   35      2190.31228 2187.41322  0.13%   592  520s
  5640  1192 2189.67217   32  390 2190.31228 2187.56124  0.13%   590  526s
  5769  1191     cutoff   35      2190.31228 2187.64167  0.12%   588  530s
  6053  1127 2189.98056   28  372 2190.31228 2187.81340  0.11%   584  537s
  6197  1144     cutoff   34      2190.31228 2187.93149  0.11%   582  542s
  6392  1191 2189.79511   28  371 2190.31228 2188.11004  0.10%   574  546s
  6607  1262 2188.89741   25  488 2190.31228 2188.17923  0.10%   564  550s
  7118  1434 2188.89741   26  545 2190.31228 2188.28889  0.09%   540  559s
* 7202  1085             219    2190.3074447 2188.28889  0.09%   537  559s
  7483  1007 2189.75620   31  381 2190.30744 2188.36151  0.09%   521  563s
* 7551  1002             219    2190.3074373 2188.36151  0.09%   519  563s
* 7559   995             219    2190.3070064 2188.36151  0.09%   518  563s
* 7571   992             219    2190.3069990 2188.36151  0.09%   518  563s
* 7740   962             208    2190.3068816 2188.36460  0.09%   511  563s
  7777  1126 2190.07207   35  367 2190.30688 2188.37821  0.09%   510  568s
* 8032  1077             207    2190.3064097 2188.47087  0.08%   499  569s
  8152  1335 2190.30590   45  249 2190.30641 2188.47087  0.08%   494  575s
  8584  1668     cutoff   88      2190.30641 2188.49642  0.08%   475  580s
H 8955  1627                    2190.3060819 2188.49642  0.08%   458  580s
* 8965  1326             172    2190.3059316 2188.49642  0.08%   457  580s
  9082  1260 2190.30590  141   90 2190.30593 2188.51353  0.08%   453  586s
* 9306   879             170    2190.3059022 2188.51353  0.08%   446  586s
  9502   743     cutoff  187      2190.30590 2188.56204  0.08%   440  591s
  9671   737 2190.02279   35  381 2190.30590 2188.57234  0.08%   441  595s
  9851   744 2189.76393   28  552 2190.30590 2188.57234  0.08%   441  601s
 10138   834 2189.99761   28  450 2190.30590 2188.73592  0.07%   438  606s
 10458  1043 2190.07005   26  366 2190.30590 2188.90399  0.06%   432  612s
*10559  1042             248    2190.3059014 2188.90399  0.06%   429  612s
 10932  1133     cutoff   28      2190.30590 2188.96154  0.06%   420  619s
*11040   839             212    2190.3044385 2188.98493  0.06%   420  619s
 11311   795 2190.06624   36  421 2190.30444 2189.04473  0.06%   414  625s
 11659  1103 2189.51262   26  501 2190.30444 2189.06654  0.06%   410  632s
*12056  1014             214    2190.3042628 2189.06654  0.06%   400  632s
 12323   813 2190.30426  113  150 2190.30426 2189.08220  0.06%   394  640s
*12415   681             205    2190.3042586 2189.08220  0.06%   391  640s
 12792   536     cutoff   32      2190.30426 2189.26789  0.05%   388  646s
 13059   406 2189.92427   30  469 2190.30426 2189.41040  0.04%   388  653s
 13399   130     cutoff   31      2190.30426 2189.55695  0.03%   387  660s

Cutting planes:
  Gomory: 2
  Cover: 3
  Implied bound: 24
  Clique: 1
  MIR: 23
  Flow cover: 102
  Relax-and-lift: 6

Explored 14076 nodes (5403969 simplex iterations) in 661.83 seconds (797.56 work units)
Thread count was 24 (of 24 available processors)

Solution count 10: 2190.3 2190.3 2190.3 ... 2190.31

Optimal solution found (tolerance 1.00e-04)
Best objective 2.190304258601e+03, best bound 2.190304258601e+03, gap 0.0000%
