
Gurobi 13.0.1 (win64) logging started Sat Oct 10 01:10:31 2026

Set parameter LogFile to value "ieee_owen\weak_eps_experiment\stochastic\main17_xi\logs\n15_S20_day30_ef_gurobi.log"
Set parameter NodefileStart to value 3
Set parameter MIPGap to value 0.0001
Gurobi Optimizer version 13.0.1 build v13.0.1rc0 (win64 - Windows 10.0 (19045.2))

CPU model: AMD Ryzen 9 5900X 12-Core Processor, instruction set [SSE2|AVX|AVX2]
Thread count: 12 physical cores, 24 logical processors, using up to 24 threads

Non-default parameters:
TimeLimit  1800
NodefileStart  3
LogToConsole  0

Optimize a model with 92686 rows, 89726 columns and 384875 nonzeros (Min)
Model fingerprint: 0x3e0121e4
Model has 22 linear objective coefficients
Variable types: 75446 continuous, 14280 integer (14280 binary)
Coefficient statistics:
  Matrix range     [3e-04, 2e+02]
  Objective range  [5e-02, 1e+00]
  Bounds range     [9e-03, 5e+01]
  RHS range        [8e-02, 2e+01]

Presolve removed 40215 rows and 29732 columns
Presolve time: 0.72s
Presolved: 52471 rows, 59994 columns, 205447 nonzeros
Variable types: 47298 continuous, 12696 integer (12695 binary)
Found heuristic solution: objective 2343.9952860
Deterministic concurrent LP optimizer: primal and dual simplex
Showing primal log only...


Root simplex log...

Iteration    Objective       Primal Inf.    Dual Inf.      Time
   24637    4.1398532e+03   0.000000e+00   1.557118e+05      5s
   37355    3.9927249e+03   0.000000e+00   2.558804e+06     10s
   48356    3.8308912e+03   0.000000e+00   4.076156e+04     15s
   59126    3.7165506e+03   0.000000e+00   3.518592e+04     20s
Concurrent spin time: 0.00s

Solved with dual simplex

Root simplex log...

Iteration    Objective       Primal Inf.    Dual Inf.      Time
   98508    1.6964929e+03   0.000000e+00   0.000000e+00     21s

Root relaxation: objective 1.696493e+03, 98508 iterations, 19.71 seconds (25.42 work units)

    Nodes    |    Current Node    |     Objective Bounds      |     Work
 Expl Unexpl |  Obj  Depth IntInf | Incumbent    BestBd   Gap | It/Node Time

     0     0 1696.49290    0  880 2343.99529 1696.49290  27.6%     -   21s
H    0     0                    1748.7873318 1696.49290  2.99%     -   23s
H    0     0                    1713.6482374 1696.49290  1.00%     -   24s
     0     0 1696.59880    0 1026 1713.64824 1696.59880  0.99%     -   27s
     0     0 1697.14466    0 1026 1713.64824 1697.14466  0.96%     -   31s
     0     0 1697.14466    0 1133 1713.64824 1697.14466  0.96%     -   32s
     0     0 1697.14466    0 1124 1713.64824 1697.14466  0.96%     -   32s
     0     0 1697.14466    0  933 1713.64824 1697.14466  0.96%     -   33s
     0     0 1697.19682    0 1064 1713.64824 1697.19682  0.96%     -   33s
     0     0 1697.24950    0 1100 1713.64824 1697.24950  0.96%     -   33s
     0     0 1697.33684    0 1067 1713.64824 1697.33684  0.95%     -   33s
     0     0 1697.33684    0  915 1713.64824 1697.33684  0.95%     -   34s
     0     0 1697.33684    0  948 1713.64824 1697.33684  0.95%     -   34s
     0     0 1697.45355    0  898 1713.64824 1697.45355  0.95%     -   34s
     0     0 1697.45355    0  875 1713.64824 1697.45355  0.95%     -   35s
     0     0 1697.45355    0  916 1713.64824 1697.45355  0.95%     -   35s
     0     0 1697.45355    0  915 1713.64824 1697.45355  0.95%     -   35s
     0     0 1697.45355    0  915 1713.64824 1697.45355  0.95%     -   35s
     0     0 1697.45355    0  915 1713.64824 1697.45355  0.95%     -   35s
H    0     0                    1712.8134960 1697.49577  0.89%     -   36s
     0     0 1697.49577    0  885 1712.81350 1697.49577  0.89%     -   36s
     0     0 1697.54962    0  934 1712.81350 1697.54962  0.89%     -   36s
     0     0 1697.62041    0  927 1712.81350 1697.62041  0.89%     -   37s
     0     0 1697.62134    0  904 1712.81350 1697.62134  0.89%     -   37s
     0     0 1697.62146    0  906 1712.81350 1697.62146  0.89%     -   37s
     0     0 1697.64219    0  881 1712.81350 1697.64219  0.89%     -   38s
     0     0 1697.64219    0  881 1712.81350 1697.64219  0.89%     -   38s
     0     0 1697.64320    0  840 1712.81350 1697.64320  0.89%     -   38s
     0     0 1697.64320    0  838 1712.81350 1697.64320  0.89%     -   39s
     0     0 1697.64320    0  836 1712.81350 1697.64320  0.89%     -   39s
     0     0 1697.64833    0  837 1712.81350 1697.64833  0.89%     -   39s
H    0     0                    1712.5662366 1697.64833  0.87%     -   40s
     0     0 1697.64833    0  840 1712.56624 1697.64833  0.87%     -   40s
     0     0 1697.64833    0  840 1712.56624 1697.64833  0.87%     -   40s
     0     0 1697.64833    0  644 1712.56624 1697.64833  0.87%     -   41s
H    0     0                    1712.4900853 1697.64833  0.87%     -   42s
     0     0 1697.64833    0  695 1712.49009 1697.64833  0.87%     -   42s
     0     0 1697.64833    0  817 1712.49009 1697.64833  0.87%     -   42s
     0     0 1697.64833    0  817 1712.49009 1697.64833  0.87%     -   42s
     0     0 1697.64833    0  742 1712.49009 1697.64833  0.87%     -   43s
     0     0 1697.64833    0  780 1712.49009 1697.64833  0.87%     -   43s
     0     0 1697.64967    0  799 1712.49009 1697.64967  0.87%     -   44s
     0     0 1697.64967    0  799 1712.49009 1697.64967  0.87%     -   44s
     0     0 1697.64967    0  633 1712.49009 1697.64967  0.87%     -   44s
H    0     0                    1710.6484883 1697.64967  0.76%     -   45s
     0     0 1697.64967    0  745 1710.64849 1697.64967  0.76%     -   45s
     0     0 1697.64967    0  724 1710.64849 1697.64967  0.76%     -   45s
     0     0 1697.64967    0  748 1710.64849 1697.64967  0.76%     -   46s
     0     0 1697.64967    0  728 1710.64849 1697.64967  0.76%     -   46s
     0     0 1697.64967    0  638 1710.64849 1697.64967  0.76%     -   47s
     0     0 1697.64967    0  661 1710.64849 1697.64967  0.76%     -   47s
H    0     0                    1705.8084251 1697.64967  0.48%     -   47s
     0     0 1697.64967    0  892 1705.80843 1697.64967  0.48%     -   47s
     0     0 1697.64967    0  892 1705.80843 1697.64967  0.48%     -   47s
     0     0 1697.64967    0  778 1705.80843 1697.64967  0.48%     -   48s
     0     0 1697.64967    0  774 1705.80843 1697.64967  0.48%     -   48s
     0     0 1697.64967    0  774 1705.80843 1697.64967  0.48%     -   48s
     0     0 1697.64967    0  774 1705.80843 1697.64967  0.48%     -   49s
     0     2 1697.64967    0  774 1705.80843 1697.64967  0.48%     -   50s
    25    28 1698.72808    5  697 1705.80843 1698.64773  0.42%  1721   56s
H   35    28                    1705.5543628 1698.72808  0.40%  1511   56s
    74    92 1702.02692    9  647 1705.55436 1698.73448  0.40%  1099   60s
   136   131 1699.44445   10  616 1705.55436 1699.02659  0.38%  1079   65s
   278   244 1701.50671   18  355 1705.55436 1699.04979  0.38%   805   70s
   397   335 1702.19453   18  444 1705.55436 1699.04979  0.38%   751   75s
   537   418 1702.81277   22  303 1705.55436 1699.25052  0.37%   719   80s
H  673   488                    1705.3995206 1699.25052  0.36%   669   83s
*  761   537              92    1705.3943018 1699.25052  0.36%   619   84s
   765   556 1704.43980   31  135 1705.39430 1699.25052  0.36%   619   86s
H  804   556                    1705.1434785 1699.56525  0.33%   613   86s
H  954   665                    1704.9932984 1699.61293  0.32%   561   89s
*  967   665              94    1704.9866371 1699.61293  0.32%   554   89s
H  970   665                    1704.7736657 1699.61293  0.30%   552   89s
   997   681     cutoff   60      1704.77367 1699.61293  0.30%   542   91s
H 1108   659                    1704.6016226 1699.71442  0.29%   528   93s
  1134   648 1703.81792   11  508 1704.60162 1699.71442  0.29%   522   95s
  1226   671 1702.91439   12  382 1704.60162 1699.71442  0.29%   531  102s
  1262   656 1704.08982   18  185 1704.60162 1699.71442  0.29%   532  107s
H 1320   656                    1704.5001821 1699.81758  0.27%   532  107s
  1377   657     cutoff   14      1704.50018 1699.81758  0.27%   532  111s
  1523   669     cutoff   13      1704.50018 1700.04691  0.26%   528  116s
* 1526   669              83    1704.4111740 1700.34742  0.24%   529  116s
  1683   639 1703.37761   11  588 1704.41117 1700.46849  0.23%   522  121s
  1822   626     cutoff   11      1704.41117 1700.80173  0.21%   531  126s
  2063   681 1703.68111   10  626 1704.41117 1701.06561  0.20%   517  132s
  2208   647 1703.85737   11  441 1704.41117 1701.07868  0.20%   503  137s
  2224   658     cutoff   12      1704.41117 1701.07868  0.20%   504  141s
H 2253   658                    1704.4069996 1701.25242  0.19%   505  141s
  2459   711 1703.32087   14  489 1704.40700 1701.41140  0.18%   495  147s
* 2527   711              81    1704.4046435 1701.41140  0.18%   488  147s
* 2528   711              80    1704.3923725 1701.41140  0.17%   488  147s
  2659   615     cutoff   10      1704.39237 1701.41140  0.17%   473  150s
* 2701   615              80    1704.3921673 1701.41140  0.17%   473  150s
  2935   591     cutoff   24      1704.39217 1702.09355  0.13%   471  157s
  3064   544     cutoff    9      1704.39217 1702.42389  0.12%   474  161s
  3192   471     cutoff   12      1704.39217 1702.62429  0.10%   479  165s
H 3477   437                    1704.3872965 1702.85733  0.09%   468  169s
  3621   448     cutoff   23      1704.38730 1703.08354  0.08%   463  174s
* 3790   448              68    1704.3863874 1703.23330  0.07%   449  174s
  3993   581     cutoff   37      1704.38639 1703.70891  0.04%   438  179s
* 4120   581              73    1704.3863769 1703.71937  0.04%   425  179s
  4746     0     cutoff   72      1704.38638 1703.74255  0.04%   372  180s

Cutting planes:
  Gomory: 2
  Cover: 146
  Implied bound: 261
  MIR: 219
  Flow cover: 1092
  Network: 20
  RLT: 1
  Relax-and-lift: 58
  BQP: 3

Explored 5355 nodes (1897883 simplex iterations) in 181.49 seconds (202.29 work units)
Thread count was 24 (of 24 available processors)

Solution count 10: 1704.39 1704.39 1704.39 ... 1704.6

Optimal solution found (tolerance 1.00e-04)
Best objective 1.704386376898e+03, best bound 1.704386376898e+03, gap 0.0000%
