
Gurobi 13.0.1 (win64) logging started Fri Oct  9 09:11:25 2026

Set parameter LogFile to value "ieee_owen\weak_eps_experiment\stochastic\main17_xi\logs\n15_S20_day25_ef_gurobi.log"
Set parameter NodefileStart to value 3
Set parameter MIPGap to value 0.0001
Gurobi Optimizer version 13.0.1 build v13.0.1rc0 (win64 - Windows 10.0 (19045.2))

CPU model: AMD Ryzen 9 5900X 12-Core Processor, instruction set [SSE2|AVX|AVX2]
Thread count: 12 physical cores, 24 logical processors, using up to 24 threads

Non-default parameters:
TimeLimit  1800
NodefileStart  3
LogToConsole  0

Optimize a model with 92686 rows, 89726 columns and 384875 nonzeros (Min)
Model fingerprint: 0x2176cda2
Model has 22 linear objective coefficients
Variable types: 75446 continuous, 14280 integer (14280 binary)
Coefficient statistics:
  Matrix range     [3e-04, 2e+02]
  Objective range  [5e-02, 1e+00]
  Bounds range     [6e-03, 5e+01]
  RHS range        [8e-02, 2e+01]

Presolve removed 40247 rows and 29761 columns
Presolve time: 0.77s
Presolved: 52439 rows, 59965 columns, 205458 nonzeros
Variable types: 47279 continuous, 12686 integer (12685 binary)
Found heuristic solution: objective 3181.7528375
Deterministic concurrent LP optimizer: primal and dual simplex
Showing primal log only...


Root simplex log...

Iteration    Objective       Primal Inf.    Dual Inf.      Time
   24270    4.2978574e+03   0.000000e+00   3.773731e+05      5s
   39785    4.1857826e+03   0.000000e+00   4.237706e+04     10s
   51294    4.1207812e+03   0.000000e+00   3.887452e+04     15s
   62702    4.0532913e+03   0.000000e+00   1.598976e+05     20s
   73132    3.9961056e+03   0.000000e+00   1.302557e+05     25s
   82701    3.9598820e+03   0.000000e+00   2.461699e+05     30s
   89891    3.8910788e+03   0.000000e+00   4.348031e+04     35s
Concurrent spin time: 0.00s

Solved with dual simplex

Root simplex log...

Iteration    Objective       Primal Inf.    Dual Inf.      Time
  122433    2.5883060e+03   0.000000e+00   0.000000e+00     37s

Root relaxation: objective 2.588306e+03, 122433 iterations, 36.04 seconds (47.87 work units)

    Nodes    |    Current Node    |     Objective Bounds      |     Work
 Expl Unexpl |  Obj  Depth IntInf | Incumbent    BestBd   Gap | It/Node Time

     0     0 2588.30601    0 1014 3181.75284 2588.30601  18.7%     -   38s
H    0     0                    2666.8762162 2588.30601  2.95%     -   40s
H    0     0                    2628.1072508 2588.30601  1.51%     -   43s
     0     0 2588.52996    0 1241 2628.10725 2588.52996  1.51%     -   45s
     0     0 2588.52996    0 1247 2628.10725 2588.52996  1.51%     -   48s
     0     0 2588.58630    0 1186 2628.10725 2588.58630  1.50%     -   50s
     0     0 2588.80947    0 1219 2628.10725 2588.80947  1.50%     -   53s
     0     0 2588.80947    0 1258 2628.10725 2588.80947  1.50%     -   53s
     0     0 2588.80947    0 1033 2628.10725 2588.80947  1.50%     -   54s
     0     0 2588.80947    0 1032 2628.10725 2588.80947  1.50%     -   54s
     0     0 2588.80947    0 1033 2628.10725 2588.80947  1.50%     -   54s
H    0     0                    2622.3602504 2588.80947  1.28%     -   54s
     0     0 2588.80947    0 1436 2622.36025 2588.80947  1.28%     -   55s
H    0     0                    2619.9446072 2588.80947  1.19%     -   59s
     0     0 2590.18018    0 1177 2619.94461 2590.18018  1.14%     -   60s
     0     0 2590.18018    0 1132 2619.94461 2590.18018  1.14%     -   60s
     0     0 2590.18018    0 1249 2619.94461 2590.18018  1.14%     -   60s
     0     0 2590.18018    0 1250 2619.94461 2590.18018  1.14%     -   60s
     0     0 2590.18018    0 1255 2619.94461 2590.18018  1.14%     -   61s
     0     0 2590.18018    0 1234 2619.94461 2590.18018  1.14%     -   62s
     0     0 2590.18018    0 1233 2619.94461 2590.18018  1.14%     -   62s
     0     0 2590.18018    0 1228 2619.94461 2590.18018  1.14%     -   62s
     0     0 2590.18018    0 1224 2619.94461 2590.18018  1.14%     -   62s
     0     0 2590.18018    0 1220 2619.94461 2590.18018  1.14%     -   63s
     0     0 2590.18018    0  998 2619.94461 2590.18018  1.14%     -   63s
     0     0 2590.18018    0  971 2619.94461 2590.18018  1.14%     -   63s
     0     0 2590.18018    0  973 2619.94461 2590.18018  1.14%     -   63s
     0     0 2590.18018    0  994 2619.94461 2590.18018  1.14%     -   64s
H    0     0                    2619.5010778 2590.18018  1.12%     -   66s
     0     0 2590.22206    0  960 2619.50108 2590.22206  1.12%     -   66s
     0     0 2590.26911    0 1151 2619.50108 2590.26911  1.12%     -   67s
     0     0 2590.26911    0 1150 2619.50108 2590.26911  1.12%     -   67s
     0     0 2590.26911    0 1151 2619.50108 2590.26911  1.12%     -   67s
     0     0 2590.26911    0 1124 2619.50108 2590.26911  1.12%     -   68s
     0     0 2590.26911    0 1124 2619.50108 2590.26911  1.12%     -   68s
     0     0 2590.26911    0 1124 2619.50108 2590.26911  1.12%     -   68s
     0     0 2590.26911    0  779 2619.50108 2590.26911  1.12%     -   69s
     0     2 2590.26911    0  778 2619.50108 2590.26911  1.12%     -   72s
     3     8 2590.93784    2 1081 2619.50108 2590.26911  1.12%  1585   75s
     7    16 2591.03570    3 1070 2619.50108 2590.26911  1.12%  2025   81s
    27    46 2613.56505    5  805 2619.50108 2590.53500  1.11%  3439   93s
    45    56 2613.58126    6  781 2619.50108 2590.53500  1.11%  5232  106s
    55    74 2614.05869    7  774 2619.50108 2590.53500  1.11%  5462  111s
    73   101 2618.50384    8  615 2619.50108 2590.53500  1.11%  5047  115s
H   81   101                    2617.0139155 2590.53500  1.01%  4719  115s
   129   136     cutoff   11      2617.01392 2590.54435  1.01%  3691  123s
   159   146 2592.97072    7  856 2617.01392 2590.54435  1.01%  3375  126s
H  178   146                    2616.7479902 2590.54435  1.00%  3215  126s
   212   167 2595.15755    8  974 2616.74799 2590.54435  1.00%  2984  133s
H  214   167                    2615.8933898 2590.54435  0.97%  2966  133s
   224   181 2596.10580    8  842 2615.89339 2590.54435  0.97%  3033  137s
   246   195 2597.43962    9  828 2615.89339 2590.54435  0.97%  2980  140s
H  275   217                    2614.4710878 2590.54435  0.92%  2981  143s
   282   241 2597.67433    9  783 2614.47109 2590.54435  0.92%  2949  146s
   336   288 2600.16309   11  730 2614.47109 2590.54435  0.92%  2808  153s
   353   314 2597.57607   11  637 2614.47109 2590.54435  0.92%  2738  156s
H  373   314                    2612.4246548 2590.54435  0.84%  2692  156s
H  376   314                    2612.3223886 2590.54435  0.83%  2677  156s
   379   344 2599.95508   11  632 2612.32239 2590.54435  0.83%  2666  160s
   455   414 2600.32157   12  668 2612.32239 2590.54435  0.83%  2491  166s
   479   450 2598.25671   13  673 2612.32239 2590.54435  0.83%  2415  170s
H  511   450                    2612.2116719 2590.54435  0.83%  2365  170s
H  530   477                    2611.6877027 2590.54435  0.81%  2362  174s
   542   520 2600.56312   15  621 2611.68770 2590.54435  0.81%  2350  178s
H  585   537                    2611.2214798 2590.54435  0.79%  2299  182s
H  586   537                    2611.2119138 2590.54435  0.79%  2300  182s
H  591   537                    2611.1901045 2590.54435  0.79%  2297  182s
H  593   537                    2611.1599007 2590.54435  0.79%  2291  182s
   602   570 2599.76762   15  792 2611.15990 2590.54435  0.79%  2287  186s
   647   612 2602.18049   16  701 2611.15990 2590.54435  0.79%  2214  190s
   693   646 2603.02274   16  550 2611.15990 2590.54435  0.79%  2173  195s
   731   680 2601.12244   19  690 2611.15990 2590.54435  0.79%  2164  200s
   775   704 2608.10158   20  565 2611.15990 2591.20773  0.76%  2172  205s
   824   690 2604.94617   21  423 2611.15990 2591.20773  0.76%  2136  210s
   868   692 2605.82454   22  412 2611.15990 2591.29190  0.76%  2125  216s
   885   721 2606.98520   23  344 2611.15990 2591.29190  0.76%  2142  222s
H  905   715                    2610.9588811 2591.29190  0.75%  2142  222s
   924   755 2609.23588   24  360 2610.95888 2591.29190  0.75%  2136  228s
  1006   764 2609.34193   26  347 2610.95888 2591.29190  0.75%  2065  237s
  1073   791     cutoff   27      2610.95888 2591.64082  0.74%  2056  244s
  1110   838     cutoff   27      2610.95888 2591.71633  0.74%  2090  251s
  1176   873 2598.94908    8  819 2610.95888 2591.71633  0.74%  2070  256s
  1217   939 2599.59914    9  616 2610.95888 2591.71633  0.74%  2038  263s
  1324  1023 2603.12208   13  503 2610.95888 2591.71633  0.74%  1969  270s
* 1400   983              88    2610.8181260 2591.95704  0.72%  1888  270s
  1450  1037 2609.65090   22  368 2610.81813 2591.95704  0.72%  1870  279s
H 1458   972                    2610.0546665 2591.95704  0.69%  1875  279s
  1554  1050     cutoff    6      2610.05467 2592.03194  0.69%  1820  285s
  1671  1059 2599.09085    9  782 2610.05467 2592.03194  0.69%  1758  301s
  1685  1071 2600.65575   10  652 2610.05467 2592.03194  0.69%  1757  318s
  1697  1083 2606.23765   11  378 2610.05467 2592.03194  0.69%  1757  337s
  1709  1095 2606.83756   12  480 2610.05467 2592.03194  0.69%  1763  355s
  1721  1106 2608.10008   13  352 2610.05467 2592.03194  0.69%  1760  375s
H 1722  1097                    2609.9524778 2592.03194  0.69%  1759  375s
  1734  1175 2608.10008   14  495 2609.95248 2592.03194  0.69%  1762  382s
H 1770   984                    2608.5557290 2592.03194  0.63%  1742  382s
  1883   970 2600.22038    8  807 2608.55573 2592.27580  0.62%  1693  391s
  1975  1011 2606.81135   15  499 2608.55573 2592.27580  0.62%  1686  400s
  2070  1044 2597.85127    8  653 2608.55573 2592.27580  0.62%  1672  410s
  2178  1091 2600.66594   10  519 2608.55573 2592.27580  0.62%  1664  419s
  2243  1151 2601.05764   11  806 2608.55573 2592.86756  0.60%  1695  430s
  2333  1195 2603.85272   13  495 2608.55573 2592.86756  0.60%  1701  440s
  2424  1236 2605.47923   15  392 2608.55573 2592.86756  0.60%  1717  451s
H 2492  1145                    2607.2630186 2592.86756  0.55%  1705  484s
  2493  1136 2605.07648   22  779 2607.26302 2592.86756  0.55%  1704  522s
  2495  1137 2594.59710   10 1373 2607.26302 2592.86756  0.55%  1703  557s
  2496  1138 2600.04848   12 1762 2607.26302 2592.86756  0.55%  1702  560s
  2501  1141 2599.95077    9 1784 2607.26302 2592.86756  0.55%  1698  566s
  2505  1144 2599.03905   11 1167 2607.26302 2592.86756  0.55%  1696  599s
  2506  1145 2601.39746   18 1167 2607.26302 2592.86756  0.55%  1695  605s
  2509  1152 2592.86756   17 1359 2607.26302 2592.86756  0.55%  1752  612s
  2513  1158 2592.86756   18 1573 2607.26302 2592.86756  0.55%  1759  616s
  2521  1168 2592.86756   19 1481 2607.26302 2592.86756  0.55%  1771  621s
  2533  1188 2592.86756   20 1369 2607.26302 2592.86756  0.55%  1780  627s
  2557  1196 2595.09173   21 1257 2607.26302 2592.86756  0.55%  1792  633s
  2575  1211 2596.86950   22 1328 2607.26302 2592.86756  0.55%  1811  641s
  2603  1211 2599.50929   23 1006 2607.26302 2592.86756  0.55%  1826  646s
  2627  1214 2598.29158   23  957 2607.26302 2592.86756  0.55%  1825  651s
  2640  1223 2599.99537   24 1005 2607.26302 2592.86756  0.55%  1835  656s
H 2644  1164                    2606.7421035 2592.86756  0.53%  1840  656s
  2655  1177 2600.85562   24 1171 2606.74210 2592.86756  0.53%  1843  662s
  2690  1177 2600.68949   25  909 2606.74210 2595.09173  0.45%  1842  666s
  2716  1186     cutoff   25      2606.74210 2595.09173  0.45%  1841  670s
  2768  1206 2601.14097   27  898 2606.74210 2595.89217  0.42%  1848  679s
  2799  1210 2603.37135   28  659 2606.74210 2595.89217  0.42%  1847  682s
H 2803  1154                    2606.7418886 2595.89217  0.42%  1848  682s
  2821  1159 2603.65292   29  644 2606.74189 2595.89217  0.42%  1846  687s
  2862  1155     cutoff   31      2606.74189 2595.89217  0.42%  1841  691s
  2897  1152 2605.72138   32  687 2606.74189 2595.89217  0.42%  1837  702s
H 2902  1100                    2606.7418759 2596.52435  0.39%  1839  702s
  2912  1102 2605.73538   33  594 2606.74188 2596.52435  0.39%  1836  707s
  2956  1099     cutoff   35      2606.74188 2596.86411  0.38%  1828  712s
H 2958  1048                    2606.5785331 2596.86411  0.37%  1828  712s
H 2959  1002                    2606.5041255 2596.86411  0.37%  1828  712s
H 2965   955                    2606.3953378 2596.86411  0.37%  1828  712s
  2969   973 2600.04064   21 1140 2606.39534 2596.86411  0.37%  1828  718s
  3019   964 2602.32098   22 1228 2606.39534 2596.86411  0.37%  1821  724s
  3064   971 2604.28284   24  864 2606.39534 2597.24322  0.35%  1818  730s
  3104   977 2605.16134   26  693 2606.39534 2598.21463  0.31%  1814  737s
H 3149   920                    2606.1597765 2598.21463  0.30%  1812  737s
  3152   931 2606.06429   29  672 2606.15978 2598.21463  0.30%  1810  744s
  3210   932     cutoff   33      2606.15978 2599.25034  0.27%  1800  749s
  3268   954 2605.93098   26 1028 2606.15978 2599.39161  0.26%  1788  754s
  3338   983 2603.90038   27  978 2606.15978 2599.72136  0.25%  1770  759s
  3415  1006 2606.06247   29  690 2606.15978 2599.82086  0.24%  1748  763s
  3529  1013     cutoff   29      2606.15978 2599.83694  0.24%  1708  768s
  3617  1042 2604.97778   26 1000 2606.15978 2599.95817  0.24%  1688  773s
  3699  1086 2602.18162   23  945 2606.15978 2599.95817  0.24%  1669  778s
  3815  1126 2604.19008   25  843 2606.15978 2599.95817  0.24%  1635  783s
  3954  1178 2605.51962   28  608 2606.15978 2599.95817  0.24%  1593  789s
  4104  1302 2605.02184  129  153 2606.15978 2599.95817  0.24%  1551  793s
  4294  1287 2605.02184  156  117 2606.15978 2599.95817  0.24%  1492  800s
H 4295  1236                    2606.0911638 2599.95817  0.24%  1492  800s
H 4296  1180                    2605.7077094 2599.95817  0.22%  1492  800s
H 4299  1107                    2605.3430051 2599.95817  0.21%  1491  800s
  4354  1265 2605.02184  157  112 2605.34301 2599.95817  0.21%  1475  805s
H 4468  1186                    2605.1637450 2599.95817  0.20%  1445  805s
H 4471   899                    2604.6135893 2599.95817  0.18%  1444  806s
H 4510   843                    2604.3081665 2600.99639  0.13%  1433  806s
H 4572   843                    2604.2876499 2600.99639  0.13%  1414  806s
  4585   719     cutoff  188      2604.28765 2600.99639  0.13%  1410  811s
* 4702   719             284    2604.2866264 2600.99639  0.13%  1385  811s
* 4709   719             282    2604.2791047 2600.99639  0.13%  1383  811s
  4759   701     cutoff   25      2604.27910 2600.99639  0.13%  1372  818s
H 4763   656                    2604.2583767 2600.99639  0.13%  1372  818s
H 4823   656                    2604.2560284 2601.06005  0.12%  1363  818s
* 4944   656             265    2604.2341871 2601.20507  0.12%  1337  818s
  4965   614 2602.57769   28  558 2604.23419 2601.33290  0.11%  1332  824s
  5086   624     cutoff   24      2604.23419 2601.65420  0.10%  1319  830s
  5256   610     cutoff   35      2604.23419 2602.10068  0.08%  1294  838s
  5465   717     cutoff   54      2604.23419 2602.29146  0.07%  1264  845s
* 5792   717             137    2604.2327905 2602.61276  0.06%  1203  845s
  5912  1104     cutoff   84      2604.23279 2602.61276  0.06%  1182  853s
  6582  1426 2604.22324   81  287 2604.23279 2602.77246  0.06%  1066  860s
* 6830  1412             173    2604.2326458 2602.77246  0.06%  1027  860s
* 6918  1335             145    2604.2212094 2602.77246  0.06%  1014  860s
  7398  1165 2604.22095  115  229 2604.22121 2602.77246  0.06%   948  867s
* 7628  1165             135    2604.2211824 2602.77246  0.06%   921  867s
* 7783  1165             253    2604.2206858 2602.77246  0.06%   903  867s
  8314  1197 2604.22068  158  164 2604.22069 2602.77246  0.06%   847  874s
H 8443  1197                    2604.2206768 2602.77246  0.06%   834  875s

Cutting planes:
  Gomory: 3
  Cover: 13
  Implied bound: 20
  MIR: 99
  Flow cover: 306
  Network: 1
  RLT: 4
  Relax-and-lift: 86

Explored 10089 nodes (7187289 simplex iterations) in 875.50 seconds (1256.88 work units)
Thread count was 24 (of 24 available processors)

Solution count 10: 2604.22 2604.22 2604.22 ... 2604.28

Optimal solution found (tolerance 1.00e-04)
Best objective 2.604220676760e+03, best bound 2.604220676760e+03, gap 0.0000%
