
Gurobi 13.0.1 (win64) logging started Thu Oct  8 07:33:18 2026

Set parameter LogFile to value "ieee_owen\weak_eps_experiment\stochastic\main17_xi\logs\n15_S20_day9_ef_gurobi.log"
Set parameter NodefileStart to value 3
Set parameter MIPGap to value 0.0001
Gurobi Optimizer version 13.0.1 build v13.0.1rc0 (win64 - Windows 10.0 (19045.2))

CPU model: AMD Ryzen 9 5900X 12-Core Processor, instruction set [SSE2|AVX|AVX2]
Thread count: 12 physical cores, 24 logical processors, using up to 24 threads

Non-default parameters:
TimeLimit  1800
NodefileStart  3
LogToConsole  0

Optimize a model with 92686 rows, 89726 columns and 384875 nonzeros (Min)
Model fingerprint: 0x3c09aef3
Model has 22 linear objective coefficients
Variable types: 75446 continuous, 14280 integer (14280 binary)
Coefficient statistics:
  Matrix range     [3e-04, 2e+02]
  Objective range  [5e-02, 1e+00]
  Bounds range     [7e-03, 5e+01]
  RHS range        [8e-02, 2e+01]

Presolve removed 40219 rows and 29737 columns
Presolve time: 0.72s
Presolved: 52467 rows, 59989 columns, 205436 nonzeros
Variable types: 47293 continuous, 12696 integer (12695 binary)
Found heuristic solution: objective 2372.8511071
Deterministic concurrent LP optimizer: primal and dual simplex
Showing primal log only...


Root simplex log...

Iteration    Objective       Primal Inf.    Dual Inf.      Time
   21196    3.9408896e+03   0.000000e+00   1.988775e+05      5s
   35478    3.7816724e+03   0.000000e+00   3.391465e+04     10s
   46788    3.6881521e+03   0.000000e+00   3.123699e+05     15s
   56817    3.6186521e+03   0.000000e+00   2.344257e+04     20s
Concurrent spin time: 0.00s

Solved with dual simplex

Root simplex log...

Iteration    Objective       Primal Inf.    Dual Inf.      Time
   88221    1.7366073e+03   0.000000e+00   0.000000e+00     22s

Root relaxation: objective 1.736607e+03, 88221 iterations, 20.67 seconds (26.12 work units)

    Nodes    |    Current Node    |     Objective Bounds      |     Work
 Expl Unexpl |  Obj  Depth IntInf | Incumbent    BestBd   Gap | It/Node Time

     0     0 1736.60728    0  714 2372.85111 1736.60728  26.8%     -   22s
H    0     0                    1763.8834594 1736.60728  1.55%     -   24s
H    0     0                    1757.0572059 1736.60728  1.16%     -   25s
     0     0 1736.82560    0  753 1757.05721 1736.82560  1.15%     -   26s
     0     0 1736.82560    0  753 1757.05721 1736.82560  1.15%     -   27s
     0     0 1736.88956    0  986 1757.05721 1736.88956  1.15%     -   28s
     0     0 1736.96209    0  982 1757.05721 1736.96209  1.14%     -   30s
     0     0 1736.96209    0  982 1757.05721 1736.96209  1.14%     -   31s
     0     0 1737.31832    0 1053 1757.05721 1737.31832  1.12%     -   33s
     0     0 1738.05118    0 1028 1757.05721 1738.05118  1.08%     -   36s
     0     0 1738.05118    0 1025 1757.05721 1738.05118  1.08%     -   36s
     0     0 1738.05118    0  832 1757.05721 1738.05118  1.08%     -   38s
     0     0 1738.05118    0  831 1757.05721 1738.05118  1.08%     -   39s
     0     0 1738.05118    0  924 1757.05721 1738.05118  1.08%     -   40s
     0     0 1738.05118    0  905 1757.05721 1738.05118  1.08%     -   40s
     0     0 1738.05118    0  903 1757.05721 1738.05118  1.08%     -   40s
     0     0 1738.05118    0  903 1757.05721 1738.05118  1.08%     -   40s
H    0     0                    1756.9417297 1738.05118  1.08%     -   40s
     0     0 1738.05118    0  964 1756.94173 1738.05118  1.08%     -   40s
     0     0 1738.05118    0  945 1756.94173 1738.05118  1.08%     -   41s
     0     0 1738.05118    0  945 1756.94173 1738.05118  1.08%     -   41s
     0     0 1738.05118    0  945 1756.94173 1738.05118  1.08%     -   42s
     0     0 1738.05118    0  945 1756.94173 1738.05118  1.08%     -   42s
     0     0 1738.21213    0  946 1756.94173 1738.21213  1.07%     -   43s
     0     0 1738.22071    0  946 1756.94173 1738.22071  1.07%     -   43s
     0     0 1738.22071    0  946 1756.94173 1738.22071  1.07%     -   44s
     0     0 1738.22071    0  946 1756.94173 1738.22071  1.07%     -   44s
     0     0 1738.22071    0  696 1756.94173 1738.22071  1.07%     -   44s
     0     2 1738.22071    0  694 1756.94173 1738.22071  1.07%     -   47s
     3     8 1738.67407    2  763 1756.94173 1738.22071  1.07%  1369   50s
H   18    28                    1753.8571182 1738.67991  0.87%  1446   54s
    27    56 1742.30320    5  729 1753.85712 1738.77257  0.86%  1765   57s
    55    78 1744.87319    8  440 1753.85712 1738.77257  0.86%  1698   61s
    92   107 1743.46678   10  569 1753.85712 1738.77257  0.86%  1900   66s
   127   142 1745.24918   11  501 1753.85712 1738.77257  0.86%  1811   71s
   160   181 1745.68627   13  563 1753.85712 1738.77257  0.86%  1838   75s
H  214   233                    1753.0317525 1738.77257  0.81%  1723   79s
   234   255 1747.00036   18  349 1753.03175 1738.77257  0.81%  1653   81s
   286   304 1747.23402   25  301 1753.03175 1738.77257  0.81%  1546   85s
H  316   341                    1753.0032401 1738.77257  0.81%  1488   87s
   395   412 1748.52723   37   87 1753.00324 1738.77257  0.81%  1312   90s
H  435   440                    1749.0450826 1738.77257  0.59%  1262   92s
H  465   442                    1748.9832555 1738.77257  0.58%  1231   95s
H  506   442                    1746.8902110 1738.77698  0.46%  1168   95s
H  534   462                    1746.8283929 1738.78509  0.46%  1150   97s
   543   489 1741.99611    9  603 1746.82839 1738.78509  0.46%  1139  100s
   603   522 1742.81170   10  575 1746.82839 1738.78509  0.46%  1122  105s
H  636   550                    1746.4078513 1738.79882  0.44%  1160  108s
   647   575 1743.90662   12  445 1746.40785 1738.79882  0.44%  1141  111s
H  717   610                    1746.3089843 1738.82493  0.43%  1124  114s
   729   632 1744.52025   17  344 1746.30898 1738.82493  0.43%  1105  123s
   759   644 1746.02151   19  243 1746.30898 1738.89063  0.42%  1099  133s
*  776   644              96    1746.2885388 1738.89063  0.42%  1102  133s
   783   671 1745.86901   19  285 1746.28854 1738.89063  0.42%  1099  137s
   840   696 infeasible   19      1746.28854 1738.89063  0.42%  1080  140s
   970   685 1746.22061   49   63 1746.28854 1738.89063  0.42%  1034  150s
H  985   685                    1746.2824513 1738.89063  0.42%  1018  150s
  1134   699 1746.22066   74   20 1746.28245 1738.89063  0.42%   967  157s
* 1165   699              82    1746.2206625 1738.89063  0.42%   942  157s
  1233   676     cutoff   87      1746.22066 1739.08879  0.41%   938  161s
  1314   682 1743.70704   14  564 1746.22066 1739.67991  0.37%   918  165s
* 1398   682              77    1746.0938111 1739.73363  0.36%   897  165s
  1419   634     cutoff   19      1746.09381 1739.73363  0.36%   894  170s
  1569   651 1745.45988   12  454 1746.09381 1740.04736  0.35%   889  179s
  1665   644 1744.11078   13  508 1746.09381 1740.10220  0.34%   888  185s
  1836   692 1744.23064   17  483 1746.09381 1740.20772  0.34%   885  195s
  1910   662 1745.47861   17  424 1746.09381 1740.20772  0.34%   895  200s
  2002   653 1745.68920   20  340 1746.09381 1740.86249  0.30%   898  206s
  2019   671     cutoff   21      1746.09381 1740.86249  0.30%   897  212s
  2150   677 1744.61620   13  486 1746.09381 1741.10132  0.29%   879  217s
* 2277   677              78    1746.0936756 1741.90278  0.24%   862  217s
  2292   653 1744.33223   13  466 1746.09368 1741.99617  0.23%   861  223s
  2419   662     cutoff   18      1746.09368 1742.04672  0.23%   854  229s
  2560   697 1745.45223    9  500 1746.09368 1742.11254  0.23%   842  234s
* 2635   692              81    1746.0934407 1742.11254  0.23%   835  234s
  2753   665     cutoff   15      1746.09344 1742.11254  0.23%   815  240s
  2838   663     cutoff   16      1746.09344 1742.32475  0.22%   831  247s
  2975   659     cutoff   12      1746.09344 1742.46738  0.21%   830  254s
  3128   689 1744.31954    9  642 1746.09344 1742.47168  0.21%   824  261s
  3283   673 1745.49120   15  483 1746.09344 1742.57309  0.20%   819  270s
  3456   678 1745.03686    9  358 1746.09344 1742.91049  0.18%   817  277s
  3603   673     cutoff   14      1746.09344 1743.06654  0.17%   818  285s
  3783   667     cutoff   13      1746.09344 1743.11895  0.17%   812  293s
  3854   685 1745.35499   14  472 1746.09344 1743.18224  0.17%   814  302s
* 4059   685              71    1746.0934306 1743.21039  0.17%   796  302s
  4136   646     cutoff   11      1746.09343 1743.29978  0.16%   790  310s
  4368   598 infeasible   14      1746.09343 1743.45428  0.15%   780  320s
  4614   574     cutoff   12      1746.09343 1743.57702  0.14%   773  330s
  4868   502 1745.45299   16  417 1746.09343 1743.85500  0.13%   765  341s
  5187   443 1745.88524   14  376 1746.09343 1744.16855  0.11%   750  352s
  5371   353     cutoff   15      1746.09343 1744.25807  0.11%   740  362s
  5688   324 1745.63153   11  411 1746.09343 1744.53581  0.09%   730  373s
* 5897   324              71    1746.0934139 1744.53581  0.09%   711  373s
* 6269   577              80    1746.0931973 1744.82680  0.07%   687  384s
* 6702   577              81    1746.0926021 1744.89700  0.07%   649  384s
* 6900   577              80    1746.0925753 1744.96079  0.06%   632  384s
* 7240   577              70    1746.0925586 1744.97404  0.06%   605  384s
  7454  1198 1746.09237   68    2 1746.09256 1745.83661  0.01%   589  393s
* 7456  1198              70    1746.0923687 1745.83661  0.01%   589  393s
* 7625  1198              70    1746.0923551 1745.83661  0.01%   576  393s
* 7666  1198              70    1746.0923419 1745.83661  0.01%   573  393s
* 7899  1198              84    1746.0923252 1745.83661  0.01%   556  393s

Cutting planes:
  Gomory: 29
  Cover: 106
  Implied bound: 392
  MIR: 220
  Flow cover: 732
  Network: 19
  RLT: 5
  Relax-and-lift: 64
  BQP: 4

Explored 8954 nodes (4503644 simplex iterations) in 393.74 seconds (525.83 work units)
Thread count was 24 (of 24 available processors)

Solution count 10: 1746.09 1746.09 1746.09 ... 1746.09

Optimal solution found (tolerance 1.00e-04)
Best objective 1.746092325248e+03, best bound 1.746028975568e+03, gap 0.0036%
