
Gurobi 13.0.1 (win64) logging started Wed Oct  7 21:51:00 2026

Set parameter LogFile to value "ieee_owen\weak_eps_experiment\stochastic\main17_xi\logs\n15_S20_day3_ef_gurobi.log"
Set parameter NodefileStart to value 3
Set parameter MIPGap to value 0.0001
Gurobi Optimizer version 13.0.1 build v13.0.1rc0 (win64 - Windows 10.0 (19045.2))

CPU model: AMD Ryzen 9 5900X 12-Core Processor, instruction set [SSE2|AVX|AVX2]
Thread count: 12 physical cores, 24 logical processors, using up to 24 threads

Non-default parameters:
TimeLimit  1800
NodefileStart  3
LogToConsole  0

Optimize a model with 92686 rows, 89726 columns and 384875 nonzeros (Min)
Model fingerprint: 0x64674659
Model has 22 linear objective coefficients
Variable types: 75446 continuous, 14280 integer (14280 binary)
Coefficient statistics:
  Matrix range     [3e-04, 2e+02]
  Objective range  [5e-02, 1e+00]
  Bounds range     [1e-02, 5e+01]
  RHS range        [8e-02, 2e+01]

Presolve removed 40248 rows and 29763 columns
Presolve time: 0.75s
Presolved: 52438 rows, 59963 columns, 205428 nonzeros
Variable types: 47276 continuous, 12687 integer (12686 binary)
Found heuristic solution: objective 3133.9435217
Deterministic concurrent LP optimizer: primal and dual simplex
Showing primal log only...


Root simplex log...

Iteration    Objective       Primal Inf.    Dual Inf.      Time
   26731    4.4844328e+03   0.000000e+00   1.066394e+05      5s
   45511    4.2581369e+03   0.000000e+00   7.618525e+04     10s
   58748    4.1511688e+03   0.000000e+00   7.894266e+04     15s
   70866    4.0659225e+03   0.000000e+00   6.608088e+04     20s
   81956    4.0062223e+03   0.000000e+00   6.927318e+04     25s
Concurrent spin time: 0.00s

Solved with dual simplex

Root simplex log...

Iteration    Objective       Primal Inf.    Dual Inf.      Time
  118241    2.5273932e+03   0.000000e+00   0.000000e+00     30s

Root relaxation: objective 2.527393e+03, 118241 iterations, 28.40 seconds (36.79 work units)

    Nodes    |    Current Node    |     Objective Bounds      |     Work
 Expl Unexpl |  Obj  Depth IntInf | Incumbent    BestBd   Gap | It/Node Time

     0     0 2527.39321    0  758 3133.94352 2527.39321  19.4%     -   30s
H    0     0                    2612.2920139 2527.39321  3.25%     -   32s
H    0     0                    2555.8530619 2527.39321  1.11%     -   34s
     0     0 2527.61208    0  979 2555.85306 2527.61208  1.10%     -   36s
     0     0 2527.61208    0  977 2555.85306 2527.61208  1.10%     -   38s
     0     0 2527.68177    0  923 2555.85306 2527.68177  1.10%     -   39s
     0     0 2527.69085    0  935 2555.85306 2527.69085  1.10%     -   40s
     0     0 2527.69085    0  936 2555.85306 2527.69085  1.10%     -   40s
     0     0 2528.24500    0 1036 2555.85306 2528.24500  1.08%     -   41s
     0     0 2528.34898    0  952 2555.85306 2528.34898  1.08%     -   43s
     0     0 2528.34898    0  963 2555.85306 2528.34898  1.08%     -   44s
H    0     0                    2554.3236705 2529.37260  0.98%     -   46s
     0     0 2529.37260    0  962 2554.32367 2529.37260  0.98%     -   46s
     0     0 2529.37260    0  960 2554.32367 2529.37260  0.98%     -   46s
     0     0 2529.37260    0  956 2554.32367 2529.37260  0.98%     -   46s
     0     0 2529.37260    0  934 2554.32367 2529.37260  0.98%     -   46s
     0     0 2529.37260    0  934 2554.32367 2529.37260  0.98%     -   47s
     0     0 2529.37260    0  934 2554.32367 2529.37260  0.98%     -   47s
     0     0 2529.37260    0  914 2554.32367 2529.37260  0.98%     -   47s
     0     0 2529.37260    0  929 2554.32367 2529.37260  0.98%     -   48s
H    0     0                    2553.9782130 2529.37260  0.96%     -   48s
     0     0 2529.37260    0  922 2553.97821 2529.37260  0.96%     -   48s
     0     0 2529.37260    0  922 2553.97821 2529.37260  0.96%     -   49s
     0     0 2529.37260    0  693 2553.97821 2529.37260  0.96%     -   49s
     0     2 2529.37260    0  693 2553.97821 2529.37260  0.96%     -   51s
     3     8 2530.34495    2  890 2553.97821 2529.37260  0.96%  2234   55s
    27    49 2532.99139    5  735 2553.97821 2530.99124  0.90%  3834   63s
    48    69 2533.59415    6  910 2553.97821 2530.99124  0.90%  3150   67s
    68    89 2534.57627    7  885 2553.97821 2530.99124  0.90%  2983   70s
   105   118 2536.45135    9  695 2553.97821 2530.99124  0.90%  2716   75s
H  124   136                    2551.9355379 2530.99124  0.82%  2703   77s
   135   154 2537.39238   10  705 2551.93554 2530.99124  0.82%  2632   80s
H  163   178                    2549.9417333 2530.99124  0.74%  2574   83s
   177   199 2542.60221   12  588 2549.94173 2530.99124  0.74%  2563   86s
   230   248 2540.59367   16  723 2549.94173 2530.99124  0.74%  2315   91s
H  251   248                    2549.1197188 2530.99124  0.71%  2272   91s
   281   276 2545.59316   17  647 2549.11972 2531.40816  0.69%  2281   97s
H  290   276                    2549.1012060 2531.40816  0.69%  2296   97s
   293   289 2542.60960   18  677 2549.10121 2531.40816  0.69%  2294  102s
H  308   309                    2549.0756486 2531.40816  0.69%  2301  107s
H  319   309                    2546.2946816 2531.40816  0.58%  2278  107s
   328   330 2544.13397   20  642 2546.29468 2531.40816  0.58%  2245  110s
   427   387     cutoff   28      2546.29468 2533.22047  0.51%  1946  115s
   509   474 2543.63763   12  347 2546.29468 2533.53350  0.50%  1809  121s
   622   580     cutoff   21      2546.29468 2533.60653  0.50%  1607  126s
   769   710 2541.53768   10  552 2546.29468 2533.60653  0.50%  1405  132s
H  780   710                    2545.8296214 2533.60653  0.48%  1394  132s
H  783   710                    2545.7949639 2533.60653  0.48%  1389  132s
H  821   710                    2545.7483244 2533.60653  0.48%  1347  132s
H  824   710                    2544.8899285 2533.60653  0.44%  1342  132s
   852   677     cutoff   14      2544.88993 2533.60653  0.44%  1313  137s
   913   652     cutoff   12      2544.88993 2535.05809  0.39%  1293  143s
H  919   652                    2544.6282202 2535.05809  0.38%  1296  143s
H  922   652                    2544.6272743 2535.05809  0.38%  1300  143s
   928   680 2540.34064    8  698 2544.62727 2535.05809  0.38%  1300  146s
*  956   680             105    2544.5186313 2535.05809  0.37%  1294  146s
  1004   645     cutoff   13      2544.51863 2535.05809  0.37%  1303  154s
  1071   642     cutoff   14      2544.51863 2535.05809  0.37%  1291  159s
  1119   657 2542.95374    7  496 2544.51863 2535.05809  0.37%  1299  163s
  1173   674 2544.13570    9  468 2544.51863 2535.05809  0.37%  1305  167s
  1223   686     cutoff    8      2544.51863 2536.17113  0.33%  1307  172s
  1312   651 2537.31769    5  368 2544.51863 2536.63962  0.31%  1281  177s
  1382   671 2538.47741    5  506 2544.51863 2537.32765  0.28%  1278  183s
  1444   681 2539.21601    7  662 2544.51863 2537.32765  0.28%  1282  187s
  1542   695 2541.96503    7  424 2544.51863 2537.32765  0.28%  1256  193s
H 1623   695                    2543.2173162 2537.32765  0.23%  1245  193s
H 1626   695                    2543.1072562 2537.32765  0.23%  1242  193s
  1648   662 2541.45652   10  416 2543.10726 2537.32765  0.23%  1234  198s
H 1716   662                    2543.0119260 2538.30069  0.19%  1230  198s
H 1724   662                    2542.9947052 2538.30069  0.18%  1224  198s
  1755   693 2541.59277   11  516 2542.99471 2538.31144  0.18%  1212  203s
  1883   680 2542.31414   17  275 2542.99471 2538.54134  0.18%  1174  207s
H 1916   680                    2542.9792340 2538.54134  0.17%  1170  207s
H 1978   680                    2542.9770794 2538.72291  0.17%  1147  207s
H 2009   680                    2542.9766293 2538.72291  0.17%  1130  207s
  2049   617 2540.78284    9  551 2542.97663 2538.72291  0.17%  1111  212s
  2143   614 2542.90227   12  431 2542.97663 2538.81386  0.16%  1106  218s
H 2154   614                    2542.9763848 2538.85149  0.16%  1108  218s
  2170   607     cutoff   12      2542.97638 2539.15484  0.15%  1111  224s
  2285   578     cutoff   10      2542.97638 2539.22275  0.15%  1100  230s
  2377   570     cutoff   11      2542.97638 2539.47026  0.14%  1102  235s
  2476   541     cutoff   13      2542.97638 2539.76532  0.13%  1100  242s
  2608   496     cutoff   11      2542.97638 2540.28612  0.11%  1090  248s
  2757   511 2541.53322    9  345 2542.97638 2540.59747  0.09%  1073  256s
  3037   657 2542.97535   53   41 2542.97638 2540.62958  0.09%  1013  263s
  3558   735 2542.97333   49   48 2542.97638 2540.62958  0.09%   890  270s
H 3596   735                    2542.9747864 2540.62958  0.09%   880  270s
* 3633   735              94    2542.9706183 2540.62958  0.09%   873  270s
  3782   920     cutoff   98      2542.97062 2541.41280  0.06%   842  277s
H 4405   680                    2542.9665996 2541.41280  0.06%   740  296s
  4406   671 2542.95113   44  693 2542.96660 2541.41280  0.06%   739  317s
  4408   672 2542.93204   21 1242 2542.96660 2541.41280  0.06%   739  343s
  4409   673 2542.93078   15 1300 2542.96660 2541.41280  0.06%   739  345s
  4415   677 2542.95966   53  969 2542.96660 2541.41280  0.06%   738  371s
  4416   678 2542.95813   70  969 2542.96660 2541.41280  0.06%   738  375s
  4419   685 2541.41280   17 1248 2542.96660 2541.41280  0.06%   767  380s
  4431   699 2541.41280   19 1141 2542.96660 2541.41280  0.06%   776  386s
  4464   715 2541.41280   21 1085 2542.96660 2541.41280  0.06%   792  393s
  4482   718 2541.41280   21 1377 2542.96660 2541.41280  0.06%   802  396s
H 4525   677                    2542.9665988 2541.41280  0.06%   811  398s
  4538   678 2541.41280   22 1065 2542.96660 2541.41280  0.06%   811  401s
  4595   675 2541.41280   23  793 2542.96660 2541.41280  0.06%   816  406s
  4653   654 2542.03317   24 1042 2542.96660 2541.41280  0.06%   823  412s
  4711   649 2541.74742   25  906 2542.96660 2541.41280  0.06%   826  416s
  4768   635 2542.94134   26  977 2542.96660 2541.41280  0.06%   830  420s
  4814   628 2541.41280   27 1248 2542.96660 2541.41280  0.06%   836  427s
  4836   620 2541.41280   28 1209 2542.96660 2541.41280  0.06%   840  430s
  4895   611 2542.46083   30 1037 2542.96660 2541.41280  0.06%   846  439s
  4912   599     cutoff   30      2542.96660 2541.41280  0.06%   847  443s
  4956   594 2541.41280   24  792 2542.96660 2541.41280  0.06%   848  446s
  5060   552     cutoff   26      2542.96660 2541.41280  0.06%   851  451s
  5164   553 2542.94031   43  290 2542.96660 2541.41280  0.06%   851  456s
  5343   597 2542.94137   70  248 2542.96660 2541.41280  0.06%   835  462s
  5466   561 2542.94505   86  211 2542.96660 2541.41280  0.06%   822  471s
  5485   566 2542.94505   87  209 2542.96660 2541.41280  0.06%   821  483s
  5512   560 2542.94505   88  207 2542.96660 2541.41280  0.06%   819  495s
  5539   558 2542.94505   89  205 2542.96660 2541.41280  0.06%   818  509s
  5556   551 2542.94505   90  204 2542.96660 2541.41280  0.06%   817  521s
  5579   546 2542.94505   91  201 2542.96660 2541.41280  0.06%   816  528s
  5597   546 2542.94505   92  201 2542.96660 2541.41280  0.06%   815  536s
H 5608   510                    2542.9591871 2541.41280  0.06%   814  536s
  5611   540 2542.94505   93  198 2542.95919 2541.41280  0.06%   814  540s
  5910   642 2542.94519  133  148 2542.95919 2541.41280  0.06%   789  547s
  6119   814 2542.94519  158   99 2542.95919 2541.41280  0.06%   768  550s
  6796  1012 2542.94573  221    9 2542.95919 2541.58820  0.05%   696  560s
* 6800   664             217    2542.9556091 2541.58820  0.05%   696  560s
* 6827   785             231    2542.9536018 2541.58820  0.05%   693  564s
* 7010   785             225    2542.9486026 2541.80824  0.04%   677  564s
* 7126   785             232    2542.9457320 2541.80824  0.04%   668  564s
  7155   961 2542.93074   50  223 2542.94573 2541.80824  0.04%   666  568s
* 7216   961             195    2542.9339439 2541.85734  0.04%   660  568s
  7624  1219 2542.93074   95  150 2542.93394 2541.85734  0.04%   626  573s
  8267  1585 2542.93074  149   70 2542.93394 2541.85734  0.04%   578  577s
* 8311  1369             193    2542.9307421 2541.85734  0.04%   575  577s
* 8775  1358             186    2542.9292426 2541.85734  0.04%   545  577s
* 8901  1358             213    2542.9154286 2541.85734  0.04%   537  577s
  9047  1286     cutoff  194      2542.91543 2542.50941  0.02%   529  582s
* 9406  1286             196    2542.9105260 2542.50941  0.02%   509  582s
  9816  1053     cutoff   38      2542.91053 2542.60464  0.01%   488  590s
*10043   980             203    2542.9097435 2542.60464  0.01%   477  590s
*10116   921             202    2542.9090333 2542.60464  0.01%   474  590s
 10144  1268 2542.90824   58  186 2542.90903 2542.60464  0.01%   472  596s
*10237  1107             198    2542.9082350 2542.60464  0.01%   468  596s

Cutting planes:
  Gomory: 10
  Cover: 2
  Implied bound: 9
  MIR: 56
  Flow cover: 254
  Relax-and-lift: 58

Explored 11076 nodes (4927187 simplex iterations) in 596.68 seconds (796.76 work units)
Thread count was 24 (of 24 available processors)

Solution count 10: 2542.91 2542.91 2542.91 ... 2542.95

Optimal solution found (tolerance 1.00e-04)
Best objective 2.542908235007e+03, best bound 2.542861870044e+03, gap 0.0018%
