
Gurobi 13.0.1 (win64) logging started Fri Oct  9 06:43:44 2026

Set parameter LogFile to value "ieee_owen\weak_eps_experiment\stochastic\main17_xi\logs\n30_S20_day23_ef_gurobi.log"
Set parameter NodefileStart to value 3
Set parameter MIPGap to value 0.0001
Gurobi Optimizer version 13.0.1 build v13.0.1rc0 (win64 - Windows 10.0 (19045.2))

CPU model: AMD Ryzen 9 5900X 12-Core Processor, instruction set [SSE2|AVX|AVX2]
Thread count: 12 physical cores, 24 logical processors, using up to 24 threads

Non-default parameters:
TimeLimit  1800
NodefileStart  3
LogToConsole  0

Optimize a model with 171932 rows, 172166 columns and 734890 nonzeros (Min)
Model fingerprint: 0xd9f706c0
Model has 22 linear objective coefficients
Variable types: 145046 continuous, 27120 integer (27120 binary)
Coefficient statistics:
  Matrix range     [3e-04, 2e+02]
  Objective range  [5e-02, 1e+00]
  Bounds range     [8e-03, 6e+01]
  RHS range        [7e-02, 2e+01]

Presolve removed 76123 rows and 62179 columns
Presolve time: 1.87s
Presolved: 95809 rows, 109987 columns, 377910 nonzeros
Variable types: 85502 continuous, 24485 integer (24484 binary)
Found heuristic solution: objective 5284.8099928
Deterministic concurrent LP optimizer: primal and dual simplex
Showing primal log only...


Root simplex log...

Iteration    Objective       Primal Inf.    Dual Inf.      Time
   16484    7.8530326e+03   0.000000e+00   1.084432e+05      5s
   32436    7.4569815e+03   0.000000e+00   1.953167e+05     10s
   44304    7.2660645e+03   0.000000e+00   1.665788e+05     15s
   53264    7.1611625e+03   0.000000e+00   2.442604e+06     20s
   61695    7.0907415e+03   0.000000e+00   1.746731e+05     25s
   69825    7.0338142e+03   0.000000e+00   2.088879e+05     30s
   77893    6.9847524e+03   0.000000e+00   5.572448e+04     35s
   85253    6.9335103e+03   0.000000e+00   1.227699e+05     40s
   92623    6.8867392e+03   0.000000e+00   8.590493e+05     45s
   99835    6.8543356e+03   0.000000e+00   2.468586e+05     50s
  106485    6.8234877e+03   0.000000e+00   1.658761e+05     55s
  113365    6.7855336e+03   0.000000e+00   4.195225e+05     60s
  120325    6.7529985e+03   0.000000e+00   9.574949e+04     65s
  127095    6.7232697e+03   0.000000e+00   1.800081e+05     70s
Concurrent spin time: 0.00s

Solved with dual simplex

Root simplex log...

Iteration    Objective       Primal Inf.    Dual Inf.      Time
  193986    4.1793350e+03   0.000000e+00   0.000000e+00     72s

Root relaxation: objective 4.179335e+03, 193986 iterations, 68.97 seconds (90.22 work units)

    Nodes    |    Current Node    |     Objective Bounds      |     Work
 Expl Unexpl |  Obj  Depth IntInf | Incumbent    BestBd   Gap | It/Node Time

     0     0 4179.33498    0  917 5284.80999 4179.33498  20.9%     -   73s
H    0     0                    4207.2627041 4179.33498  0.66%     -   78s
H    0     0                    4204.7964171 4179.33498  0.61%     -   82s
     0     0 4179.42041    0 1029 4204.79642 4179.42041  0.60%     -   85s
H    0     0                    4203.1464875 4179.42133  0.56%     -   92s
     0     0 4179.42133    0 1028 4203.14649 4179.42133  0.56%     -   92s
     0     0 4179.61651    0 1052 4203.14649 4179.61651  0.56%     -   94s
     0     0 4179.61651    0 1051 4203.14649 4179.61651  0.56%     -   96s
     0     0 4179.61651    0 1080 4203.14649 4179.61651  0.56%     -   98s
     0     0 4179.61651    0 1093 4203.14649 4179.61651  0.56%     -  100s
     0     0 4179.61651    0 1089 4203.14649 4179.61651  0.56%     -  100s
H    0     0                    4202.1738744 4179.61651  0.54%     -  105s
     0     0 4179.61651    0 1095 4202.17387 4179.61651  0.54%     -  105s
     0     0 4179.61651    0 1094 4202.17387 4179.61651  0.54%     -  106s
     0     0 4179.61651    0  863 4202.17387 4179.61651  0.54%     -  108s
     0     0 4179.61651    0  893 4202.17387 4179.61651  0.54%     -  113s
     0     0 4179.61651    0  937 4202.17387 4179.61651  0.54%     -  114s
     0     0 4179.61651    0  866 4202.17387 4179.61651  0.54%     -  115s
     0     0 4179.61684    0  872 4202.17387 4179.61684  0.54%     -  116s
     0     0 4179.61684    0  984 4202.17387 4179.61684  0.54%     -  117s
     0     0 4179.61684    0  958 4202.17387 4179.61684  0.54%     -  118s
     0     0 4179.61684    0  961 4202.17387 4179.61684  0.54%     -  119s
     0     0 4179.61684    0  961 4202.17387 4179.61684  0.54%     -  120s
     0     0 4179.61684    0  931 4202.17387 4179.61684  0.54%     -  121s
     0     0 4179.61684    0  931 4202.17387 4179.61684  0.54%     -  122s
     0     0 4179.61684    0  931 4202.17387 4179.61684  0.54%     -  122s
     0     0 4179.61684    0  931 4202.17387 4179.61684  0.54%     -  123s
H    0     0                    4201.5120869 4179.61684  0.52%     -  126s
     0     2 4179.61684    0  931 4201.51209 4179.61684  0.52%     -  130s
    15    28 4179.79463    4  956 4201.51209 4179.61684  0.52%   554  136s
    27    44 4181.17898    5  841 4201.51209 4179.75786  0.52%  1128  140s
    43    56 4182.27499    6  942 4201.51209 4179.79463  0.52%  1495  145s
    55    68 4185.52685    6  929 4201.51209 4179.79463  0.52%  1652  150s
    67    80 4182.97045    7 1016 4201.51209 4179.79463  0.52%  1640  156s
    79    93 4182.57122    7 1005 4201.51209 4179.79463  0.52%  1601  161s
H   89    93                    4201.4830706 4179.79463  0.52%  1583  162s
    92   111 4183.36934    8  977 4201.48307 4179.79463  0.52%  1584  167s
   110   133 4183.13150    8  978 4201.48307 4179.79463  0.52%  1651  172s
   132   151 4184.19473   11  862 4201.48307 4179.79463  0.52%  1609  179s
   150   170 4184.39114   12  669 4201.48307 4179.79463  0.52%  1828  185s
   169   185 4184.39114   13  646 4201.48307 4179.79463  0.52%  1834  192s
   184   201 4184.41329   14  759 4201.48307 4179.79463  0.52%  1981  197s
   200   213 4185.27717   14  728 4201.48307 4179.79463  0.52%  1991  207s
H  201   213                    4199.8796502 4179.79463  0.48%  1981  207s
H  203   213                    4199.8561384 4179.79463  0.48%  1968  208s
   212   226 4185.57079   15  515 4199.85614 4179.79463  0.48%  2025  213s
   225   242 4186.40780   15  671 4199.85614 4179.79463  0.48%  2162  219s
   241   254 4186.02670   16  595 4199.85614 4179.79463  0.48%  2166  227s
H  253   266                    4199.6019840 4179.79463  0.47%  2156  238s
H  256   266                    4192.3311069 4179.79463  0.30%  2157  238s
   265   300 4186.31728   18  452 4192.33111 4179.79463  0.30%  2162  245s
   301   332 4187.30842   22  411 4192.33111 4179.79463  0.30%  2074  250s
   333   368 4189.71430   23  345 4192.33111 4179.79463  0.30%  2023  255s
   369   409 4188.60784   24  293 4192.33111 4179.79463  0.30%  1944  260s
   452   505 4189.00682   27  330 4192.33111 4179.79463  0.30%  1795  271s
   512   568 4189.59150   29  188 4192.33111 4179.79463  0.30%  1703  277s
   575   616 4190.38048   33  131 4192.33111 4179.79463  0.30%  1609  282s
   625   657 4190.24038   40  314 4192.33111 4179.79463  0.30%  1561  287s
   666   712 4190.49012   48  164 4192.33111 4179.79463  0.30%  1550  293s
H  667   712                    4191.1198602 4179.79463  0.27%  1548  293s
H  675   712                    4189.7909378 4179.79463  0.24%  1547  293s
H  676   712                    4188.3350455 4179.79463  0.20%  1545  293s
   721   712     cutoff   54      4188.33505 4179.79463  0.20%  1502  300s
   806   721 4181.01365    6  814 4188.33505 4179.79463  0.20%  1422  308s
   891   772 4183.44369    8  584 4188.33505 4179.79463  0.20%  1353  314s
H  902   762                    4188.2502989 4179.79463  0.20%  1346  314s
H  905   748                    4188.1802671 4179.79463  0.20%  1341  314s
H  919   746                    4188.1629368 4179.79463  0.20%  1328  314s
H  922   743                    4188.1540263 4179.79463  0.20%  1324  314s
   966   783 4184.64002   10  512 4188.15403 4179.79463  0.20%  1294  327s
H  981   779                    4188.1482540 4179.79463  0.20%  1281  327s
H  996   741                    4188.0861886 4179.79463  0.20%  1265  327s
  1026   791 4185.44883   14  312 4188.08619 4179.79463  0.20%  1265  335s
  1103   848 4186.25154   20  214 4188.08619 4179.80610  0.20%  1228  342s
* 1124   779             120    4188.0559146 4179.80610  0.20%  1222  342s
  1170   847 4186.62392   20  183 4188.05591 4179.80610  0.20%  1209  350s
  1263   936 4186.95773   33  201 4188.05591 4179.80610  0.20%  1166  359s
  1384  1021 4187.15172   35  194 4188.05591 4179.84803  0.20%  1109  368s
H 1511   828                    4187.3109637 4179.84803  0.18%  1057  376s
  1624   844 4187.14898   69   49 4187.31096 4179.84803  0.18%  1022  385s
H 1708   836                    4187.1572509 4179.84803  0.17%  1014  394s
* 1781   774             110    4187.1489803 4180.16265  0.17%  1013  404s
  1841   799 4182.23407    8  727 4187.14898 4180.16265  0.17%  1024  415s
  1920   812 4183.73850    9  725 4187.14898 4180.16265  0.17%  1029  426s
  1977   845 4183.98527   11  718 4187.14898 4180.16379  0.17%  1043  438s
  2068   891 4186.20376   19  280 4187.14898 4180.34577  0.16%  1044  451s
  2146   914 4185.15011    7  580 4187.14898 4180.43018  0.16%  1055  464s
  2230   949 4186.29445   10  422 4187.14898 4180.43018  0.16%  1061  476s
  2306  1000 4186.85916   15  414 4187.14898 4180.45687  0.16%  1071  488s
  2391  1046 4182.70815   10  791 4187.14898 4180.45687  0.16%  1077  503s
  2476  1057 4184.48116   13  889 4187.14898 4180.45687  0.16%  1085  536s
  2489  1066 4185.11880   14  661 4187.14898 4180.45687  0.16%  1088  570s
  2504  1078 4186.52509   15  581 4187.14898 4180.45687  0.16%  1089  606s
  2516  1086 4186.52509   16  577 4187.14898 4180.45687  0.16%  1089  640s
  2531  1087 4186.17231   14  931 4187.14898 4180.45687  0.16%  1088  768s
  2533  1088 4185.92981   31 1371 4187.14898 4180.45687  0.16%  1088  850s
  2534  1089 4185.51526   24 1515 4187.14898 4180.45687  0.16%  1087  855s
  2538  1092 4186.25371   22 1041 4187.14898 4180.45687  0.16%  1085  932s
  2539  1092 4184.23349   21 1041 4187.14898 4180.45687  0.16%  1085  945s
  2540  1096 4180.45687   13 1165 4187.14898 4180.45687  0.16%  1180  951s
  2546  1106 4180.45687   15 1359 4187.14898 4180.45687  0.16%  1184  961s
  2554  1113 4180.45687   16 1401 4187.14898 4180.45687  0.16%  1196  967s
  2566  1125 4181.04457   17 1210 4187.14898 4180.45687  0.16%  1207  977s
  2586  1131 4182.97160   18 1128 4187.14898 4181.42118  0.14%  1224  983s
  2604  1146 4183.33669   19 1078 4187.14898 4181.42118  0.14%  1232  992s
  2633  1150 4183.80212   20  903 4187.14898 4181.64837  0.13%  1252 1003s
  2647  1176 4184.09373   20  934 4187.14898 4181.64837  0.13%  1255 1013s
  2680  1177 4184.38819   21  919 4187.14898 4181.64837  0.13%  1254 1019s
  2704  1181 4185.19540   21  859 4187.14898 4181.64837  0.13%  1257 1029s
  2716  1207 4184.44369   22  818 4187.14898 4181.64837  0.13%  1258 1037s
  2760  1214 4184.44369   23  802 4187.14898 4181.64837  0.13%  1259 1042s
  2797  1231 4184.56614   24  752 4187.14898 4181.64837  0.13%  1256 1046s
  2835  1234 4184.64907   25  751 4187.14898 4181.64837  0.13%  1253 1051s
  2864  1233 4185.50434   26  711 4187.14898 4181.64837  0.13%  1256 1056s
  2895  1241 4185.73442   28  665 4187.14898 4182.55986  0.11%  1259 1061s
  2945  1225 4185.73442   30  705 4187.14898 4182.55986  0.11%  1251 1067s
  2986  1228 4186.91064   31  730 4187.14898 4182.74183  0.11%  1252 1072s
  3007  1255 4186.90888   32  559 4187.14898 4182.79795  0.10%  1257 1079s
  3053  1270 4186.61772   36  591 4187.14898 4182.79795  0.10%  1257 1083s
  3099  1274 4186.59444   37  609 4187.14898 4182.79795  0.10%  1252 1089s
  3152  1274     cutoff   41      4187.14898 4182.94243  0.10%  1246 1095s
  3216  1269 4184.36760   24  587 4187.14898 4183.00731  0.10%  1236 1101s
  3262  1280 4185.74935   28  524 4187.14898 4183.27525  0.09%  1235 1108s
  3310  1306 4185.84816   33  623 4187.14898 4183.27525  0.09%  1233 1115s
  3388  1310     cutoff   39      4187.14898 4183.30668  0.09%  1222 1122s
  3460  1312     cutoff   39      4187.14898 4183.30668  0.09%  1214 1129s
  3521  1305 4185.22261   19  663 4187.14898 4183.63723  0.08%  1211 1154s
  3552  1304 4185.30698   20  657 4187.14898 4183.77267  0.08%  1215 1181s
  3565  1306 4186.58074   21  506 4187.14898 4183.83927  0.08%  1217 1209s
  3582  1309 4186.77624   22  480 4187.14898 4183.83927  0.08%  1214 1238s
  3598  1305     cutoff   23      4187.14898 4183.83927  0.08%  1212 1267s
  3620  1306 4185.75721   22  648 4187.14898 4183.84484  0.08%  1210 1296s
  3636  1313 4187.12546   23  625 4187.14898 4183.84484  0.08%  1210 1322s
  3672  1321 4187.12546   24  624 4187.14898 4183.84484  0.08%  1211 1343s
  3732  1312 4187.12546   25  650 4187.14898 4183.94944  0.08%  1205 1365s
  3750  1313 4187.12546   26  684 4187.14898 4183.94944  0.08%  1205 1381s
  3765  1341     cutoff   27      4187.14898 4184.03507  0.07%  1205 1394s
  3890  1366     cutoff   38      4187.14898 4184.05489  0.07%  1194 1406s
  4007  1366 4187.06355   44  473 4187.14898 4184.05489  0.07%  1186 1421s
  4139  1390 4184.81454   24  751 4187.14898 4184.07310  0.07%  1173 1434s
  4273  1401 4187.11880   31  637 4187.14898 4184.23047  0.07%  1162 1447s
  4431  1448     cutoff   28      4187.14898 4184.30657  0.07%  1146 1460s
  4597  1470     cutoff   28      4187.14898 4184.39240  0.07%  1129 1473s
  4761  1486 4185.83178   21  771 4187.14898 4184.39240  0.07%  1113 1486s
  4918  1477     cutoff   25      4187.14898 4184.39240  0.07%  1099 1505s
H 4934  1417                    4187.1489773 4184.39240  0.07%  1099 1505s
  5013  1466 4185.45663   23  631 4187.14898 4184.53496  0.06%  1096 1519s
* 5054  1383             257    4187.1245830 4184.53496  0.06%  1091 1519s
* 5061  1324             257    4187.1198128 4184.53496  0.06%  1089 1519s
  5213  1327     cutoff   34      4187.11981 4184.55645  0.06%  1077 1536s
  5419  1374     cutoff   33      4187.11981 4184.67937  0.06%  1066 1553s
  5609  1438 4187.02176   39  638 4187.11981 4184.68467  0.06%  1055 1569s
  5786  1509 4186.64610   34  488 4187.11981 4184.81632  0.06%  1051 1587s
  5973  1566 4185.80757   27  593 4187.11981 4184.81748  0.05%  1046 1604s
  6151  1568 4185.46653   23  609 4187.11981 4184.81748  0.05%  1043 1626s
  6220  1632 4185.60711   24  652 4187.11981 4184.88456  0.05%  1044 1644s
  6418  1662 4186.51504   26  617 4187.11981 4184.90895  0.05%  1039 1663s
  6619  1728 4186.85652   24  771 4187.11981 4185.00718  0.05%  1036 1684s
  6850  1794 4186.57308   36  664 4187.11981 4185.04776  0.05%  1030 1710s
  7126  1841 4186.09317   23  686 4187.11981 4185.11201  0.05%  1025 1736s
  7401  1913 4186.68875   28  605 4187.11981 4185.17258  0.05%  1021 1763s
  7725  1994 4185.98839   27  684 4187.11981 4185.21910  0.05%  1012 1793s
  8112  2006 4186.40451   35  516 4187.11981 4185.26101  0.04%  1001 1800s

Cutting planes:
  Implied bound: 3
  MIR: 9
  Flow cover: 168
  Relax-and-lift: 22

Explored 8160 nodes (8371594 simplex iterations) in 1800.31 seconds (2456.39 work units)
Thread count was 24 (of 24 available processors)

Solution count 10: 4187.12 4187.12 4187.15 ... 4188.06

Time limit reached
Best objective 4.187119812843e+03, best bound 4.185261008350e+03, gap 0.0444%
