
Gurobi 13.0.1 (win64) logging started Thu Oct  8 22:33:35 2026

Set parameter LogFile to value "ieee_owen\weak_eps_experiment\stochastic\main17_xi\logs\n30_S20_day18_ef_gurobi.log"
Set parameter NodefileStart to value 3
Set parameter MIPGap to value 0.0001
Gurobi Optimizer version 13.0.1 build v13.0.1rc0 (win64 - Windows 10.0 (19045.2))

CPU model: AMD Ryzen 9 5900X 12-Core Processor, instruction set [SSE2|AVX|AVX2]
Thread count: 12 physical cores, 24 logical processors, using up to 24 threads

Non-default parameters:
TimeLimit  1800
NodefileStart  3
LogToConsole  0

Optimize a model with 171932 rows, 172166 columns and 734890 nonzeros (Min)
Model fingerprint: 0x54ec678e
Model has 22 linear objective coefficients
Variable types: 145046 continuous, 27120 integer (27120 binary)
Coefficient statistics:
  Matrix range     [3e-04, 2e+02]
  Objective range  [5e-02, 1e+00]
  Bounds range     [7e-03, 6e+01]
  RHS range        [7e-02, 2e+01]

Presolve removed 76141 rows and 62203 columns
Presolve time: 1.73s
Presolved: 95791 rows, 109963 columns, 377832 nonzeros
Variable types: 85486 continuous, 24477 integer (24476 binary)
Found heuristic solution: objective 5857.1132015
Deterministic concurrent LP optimizer: primal and dual simplex
Showing primal log only...


Root simplex log...

Iteration    Objective       Primal Inf.    Dual Inf.      Time
   17811    8.4232008e+03   0.000000e+00   2.226907e+05      5s
   33472    8.1520758e+03   0.000000e+00   1.652569e+05     10s
   47239    7.9837030e+03   0.000000e+00   1.529989e+05     15s
   59782    7.8206988e+03   0.000000e+00   1.508284e+05     20s
   70678    7.6889367e+03   0.000000e+00   2.372458e+05     25s
   80826    7.5643213e+03   0.000000e+00   1.093946e+06     30s
Concurrent spin time: 0.00s

Solved with dual simplex

Root simplex log...

Iteration    Objective       Primal Inf.    Dual Inf.      Time
  133040    4.5515284e+03   0.000000e+00   0.000000e+00     35s

Root relaxation: objective 4.551528e+03, 133040 iterations, 32.41 seconds (41.64 work units)

    Nodes    |    Current Node    |     Objective Bounds      |     Work
 Expl Unexpl |  Obj  Depth IntInf | Incumbent    BestBd   Gap | It/Node Time

     0     0 4551.52837    0  948 5857.11320 4551.52837  22.3%     -   36s
H    0     0                    4568.3593801 4551.52837  0.37%     -   39s
H    0     0                    4568.0744766 4551.52837  0.36%     -   42s
     0     0 4551.63472    0 1240 4568.07448 4551.63472  0.36%     -   45s
     0     0 4551.63499    0 1242 4568.07448 4551.63499  0.36%     -   50s
     0     0 4551.73612    0 1254 4568.07448 4551.73612  0.36%     -   52s
     0     0 4551.74155    0 1257 4568.07448 4551.74155  0.36%     -   54s
     0     0 4551.78799    0 1174 4568.07448 4551.78799  0.36%     -   57s
H    0     0                    4567.9333190 4551.79691  0.35%     -   63s
     0     0 4551.79691    0 1159 4567.93332 4551.79691  0.35%     -   64s
     0     0 4551.81740    0 1185 4567.93332 4551.81740  0.35%     -   67s
     0     0 4551.81740    0 1209 4567.93332 4551.81740  0.35%     -   67s
     0     0 4551.81740    0 1209 4567.93332 4551.81740  0.35%     -   68s
     0     0 4551.82655    0 1208 4567.93332 4551.82655  0.35%     -   69s
     0     0 4551.82655    0 1182 4567.93332 4551.82655  0.35%     -   69s
     0     0 4551.82655    0 1079 4567.93332 4551.82655  0.35%     -   71s
     0     0 4551.82655    0 1138 4567.93332 4551.82655  0.35%     -   73s
     0     0 4551.82655    0 1148 4567.93332 4551.82655  0.35%     -   74s
     0     0 4551.82655    0 1083 4567.93332 4551.82655  0.35%     -   75s
H    0     0                    4567.5435138 4551.82655  0.34%     -   80s
     0     0 4551.83708    0 1106 4567.54351 4551.83708  0.34%     -   80s
     0     0 4551.85189    0 1144 4567.54351 4551.85189  0.34%     -   81s
     0     0 4551.85189    0 1100 4567.54351 4551.85189  0.34%     -   82s
     0     0 4551.86358    0 1097 4567.54351 4551.86358  0.34%     -   83s
     0     0 4551.86358    0 1097 4567.54351 4551.86358  0.34%     -   83s
H    0     0                    4566.5847294 4551.86435  0.32%     -   84s
     0     2 4551.86435    0 1066 4566.58473 4551.86435  0.32%     -   86s
     7    16 4553.82423    3  998 4566.58473 4552.04133  0.32%  1625   90s
    15    28 4554.89820    4  687 4566.58473 4552.21847  0.31%  1957   95s
    27    49 4554.94270    5  704 4566.58473 4552.27791  0.31%  2675  102s
    48    68 4555.88528    6  720 4566.58473 4552.36138  0.31%  2490  108s
    67    81 4557.17691    6  741 4566.58473 4552.36138  0.31%  2717  115s
H   69    81                    4566.5634742 4552.36138  0.31%  2704  115s
H   73    81                    4566.5557202 4552.36138  0.31%  2695  115s
    80   101 4562.75372    7  551 4566.55572 4552.36138  0.31%  2873  121s
   100   129 4556.47855    7  698 4566.55572 4552.36138  0.31%  2840  126s
   128   151 4557.14291    8  779 4566.55572 4552.36138  0.31%  2526  130s
   150   163 4557.63867    9  604 4566.55572 4552.36138  0.31%  2363  136s
H  161   163                    4563.3284683 4552.36138  0.24%  2331  136s
   162   173 4557.94359   10  617 4563.32847 4552.36138  0.24%  2334  148s
H  164   173                    4562.6871616 4552.36138  0.23%  2308  148s
   174   214 4558.02303   11  714 4562.68716 4552.36138  0.23%  2267  153s
   215   238 4560.56668   15  615 4562.68716 4552.36138  0.23%  2048  158s
   239   260 4559.86313   16  487 4562.68716 4552.36138  0.23%  2003  161s
   269   292 4559.87165   17  492 4562.68716 4552.36138  0.23%  1953  165s
   320   356 4559.95217   23  397 4562.68716 4552.36138  0.23%  1779  172s
   375   413 4559.95217   29  307 4562.68716 4552.62933  0.22%  1586  176s
   491   510 4560.32513   37  187 4562.68716 4552.62933  0.22%  1346  184s
   541   580 4560.32513   41  210 4562.68716 4552.62933  0.22%  1298  188s
   620   644 4560.81279   49  143 4562.68716 4552.62933  0.22%  1190  191s
   701   709 4560.99541   51  117 4562.68716 4552.62933  0.22%  1099  197s
   778   800 4560.99541   62  107 4562.68716 4553.08464  0.21%  1037  201s
   994  1064 4560.99541   85   82 4562.68716 4553.08464  0.21%   859  207s
  1143  1238 4560.99541   99   60 4562.68716 4553.08464  0.21%   760  211s
H 1317  1233                    4562.4225542 4553.08464  0.20%   669  220s
H 1318  1220                    4562.2233173 4553.08464  0.20%   668  220s
  1526  1616 4560.99541  134   15 4562.22332 4553.08464  0.20%   589  228s
* 1541  1076             149    4560.9954057 4553.08464  0.17%   583  228s
* 1632   867             162    4559.1450525 4553.08464  0.13%   555  228s
  1749   633 4554.11786    6  906 4559.14505 4553.08464  0.13%   525  232s
  1806   651 4555.04270    8  820 4559.14505 4553.08464  0.13%   529  236s
  1825   660 4556.72212   10  701 4559.14505 4553.08464  0.13%   538  241s
  1837   674 4557.40798   11  889 4559.14505 4553.08464  0.13%   544  247s
  1859   666 4557.48938   13  758 4559.14505 4553.33782  0.13%   554  253s
  1910   645 4556.15494    5  773 4559.14505 4553.33782  0.13%   564  258s
  1946   638 4558.16043    6  985 4559.14505 4553.47510  0.12%   573  264s
  1984   653 4558.96968    7  820 4559.14505 4553.69358  0.12%   586  269s
  2021   642 4554.49014    6  972 4559.14505 4553.69358  0.12%   592  274s
  2066   638 4555.61308    8  894 4559.14505 4553.76952  0.12%   602  278s
  2100   652 4556.35043   10  885 4559.14505 4553.76952  0.12%   609  283s
  2134   646 4558.96044   12  748 4559.14505 4553.76952  0.12%   620  288s
  2176   643     cutoff   13      4559.14505 4553.91678  0.11%   630  293s
  2227   642 4555.09667    9  617 4559.14505 4553.91678  0.11%   639  299s
  2262   651 4557.73768   13  710 4559.14505 4554.11428  0.11%   649  305s
  2326   642     cutoff   14      4559.14505 4554.11428  0.11%   651  312s
  2373   651 4557.94847    9  703 4559.14505 4554.45549  0.10%   666  318s
  2418   646 4558.98284   10  723 4559.14505 4554.45549  0.10%   674  324s
  2485   647 4556.14829    7  868 4559.14505 4554.77418  0.10%   678  331s
  2530   639 4556.81764   10  593 4559.14505 4554.83959  0.09%   688  337s
  2599   632     cutoff   13      4559.14505 4554.83959  0.09%   694  344s
  2668   632 4558.77198   10 1002 4559.14505 4554.99030  0.09%   700  354s
  2689   635     cutoff   11      4559.14505 4554.99030  0.09%   704  370s
  2707   637     cutoff   10      4559.14505 4555.03534  0.09%   710  391s
  2749   630 4558.36746   14  567 4559.14505 4555.03534  0.09%   712  409s
  2783   633 4558.51162   15  482 4559.14505 4555.03534  0.09%   719  431s
  2804   637 4558.60936   16  660 4559.14505 4555.03534  0.09%   722  450s
  2845   639 4559.06334   25  416 4559.14505 4555.03534  0.09%   719  468s
  2883   644 4556.62887    9  819 4559.14505 4555.30563  0.08%   722  490s
  2912   665 4557.12021   11  896 4559.14505 4555.30563  0.08%   725  506s
  2944   662     cutoff   14      4559.14505 4555.30563  0.08%   726  519s
  3018   697 4558.33459    7  850 4559.14505 4555.34879  0.08%   727  530s
  3124   674 4558.79012    9  703 4559.14505 4555.34879  0.08%   725  538s
  3239   645 4558.62762   14 1077 4559.14505 4555.34879  0.08%   725  548s
  3309   648     cutoff   15      4559.14505 4555.77180  0.07%   723  557s
  3403   652 4559.12542   20  487 4559.14505 4555.83390  0.07%   728  568s
  3534   625     cutoff   12      4559.14505 4555.95707  0.07%   731  578s
  3667   615     cutoff   14      4559.14505 4556.19389  0.06%   729  589s
  3811   570 4558.72225   11 1002 4559.14505 4556.38739  0.06%   727  600s
  3950   569     cutoff   13      4559.14505 4556.66305  0.05%   730  612s
  4083   534     cutoff   12      4559.14505 4556.78112  0.05%   734  625s
  4228   477     cutoff   13      4559.14505 4557.01677  0.05%   740  638s
  4402   455     cutoff   14      4559.14505 4557.17087  0.04%   741  653s
  4627   518 4558.60877   21  382 4559.14505 4557.73448  0.03%   737  668s
  4976   631 4559.00985   30  289 4559.14505 4557.96191  0.03%   715  686s
H 5396   597                    4559.1444015 4558.11689  0.02%   688  709s
H 5396   597                    4559.1441652 4558.11689  0.02%   688  709s
H 5396   597                    4559.1440622 4558.11689  0.02%   688  709s
H 5396   597                    4559.1439560 4558.11689  0.02%   688  712s
  5397   597 4558.63829   22 1097 4559.14396 4558.11689  0.02%   688  752s
  5399   598 4558.31846   22 1890 4559.14396 4558.11689  0.02%   688  812s
  5401   600 4558.21033   32 1891 4559.14396 4558.11689  0.02%   688  816s
  5406   603 4558.62531   29 1388 4559.14396 4558.11689  0.02%   687  868s
  5407   604 4559.12236   22 1388 4559.14396 4558.11689  0.02%   687  875s
  5410   611 4558.11689   17 1431 4559.14396 4558.11689  0.02%   721  881s
  5414   617 4558.11689   18 1575 4559.14396 4558.11689  0.02%   723  886s
  5422   623 4558.11689   19 1668 4559.14396 4558.11689  0.02%   729  890s
  5434   640 4558.72826   20 1312 4559.14396 4558.11689  0.02%   736  898s
  5472   630 4558.91443   21 1240 4559.14396 4558.11689  0.02%   745  903s
  5507   627 4558.77236   21 1103 4559.14396 4558.11689  0.02%   749  907s
  5538   621 4559.09025   23 1076 4559.14396 4558.11689  0.02%   752  911s
  5574   618 4558.12780   23 1141 4559.14396 4558.11689  0.02%   753  915s
  5633   622 4558.15975   25 1020 4559.14396 4558.11689  0.02%   757  922s
  5669   627 4558.29455   27 1053 4559.14396 4558.11689  0.02%   757  926s
  5759   622 4558.82773   33  857 4559.14396 4558.11689  0.02%   755  931s
  5834   613 4558.99823   38  817 4559.14396 4558.11689  0.02%   752  936s
H 5878   568                    4559.1315271 4558.11689  0.02%   750  936s
  5882   567 4558.11689   35  753 4559.13153 4558.11689  0.02%   750  940s
  5969   554 4558.34032   37  794 4559.13153 4558.11689  0.02%   752  952s
  5985   557     cutoff   38      4559.13153 4558.11689  0.02%   751  955s
  6093   559     cutoff   39      4559.13153 4558.11689  0.02%   746  962s
  6144   574 4558.11689   27 1333 4559.13153 4558.11689  0.02%   748  965s
  6261   570     cutoff   31      4559.13153 4558.11689  0.02%   746  973s
  6338   576 4559.07219   40  847 4559.13153 4558.11689  0.02%   745  977s
  6417   591 4559.07547   47  711 4559.13153 4558.11689  0.02%   743  981s
  6516   622 4558.69818   27  939 4559.13153 4558.11689  0.02%   739  986s
  6613   624 4558.81754   33  870 4559.13153 4558.11689  0.02%   733  991s
  6745   583 4559.12763   38  762 4559.13153 4558.11689  0.02%   724  996s
  6863   606 4558.36417   38  819 4559.13153 4558.11689  0.02%   721 1001s
  6991   567 4559.05574   47  692 4559.13153 4558.11689  0.02%   714 1017s
  7009   566     cutoff   48      4559.13153 4558.11689  0.02%   714 1030s
  7027   597 4558.68962   47  688 4559.13153 4558.11689  0.02%   713 1038s
  7225   585     cutoff   43      4559.13153 4558.11689  0.02%   706 1046s
  7410   632     cutoff   50      4559.13153 4558.15681  0.02%   704 1059s
  7695   732 4558.75023   41  770 4559.13153 4558.22612  0.02%   697 1072s
  8092   744 4558.69783   50  688 4559.13153 4558.31144  0.02%   679 1098s
  8104   745     cutoff   51      4559.13153 4558.31144  0.02%   679 1123s
  8126   752     cutoff   52      4559.13153 4558.31144  0.02%   678 1147s
  8141   751 4559.08641   53  647 4559.13153 4558.31144  0.02%   677 1171s
  8161   750 4559.08641   54  627 4559.13153 4558.31144  0.02%   676 1196s
  8182   759 4559.08641   53  629 4559.13153 4558.31144  0.02%   677 1219s
  8195   768     cutoff   54      4559.13153 4558.33011  0.02%   676 1241s
  8234   792 4558.86188   39  811 4559.13153 4558.36336  0.02%   675 1259s
  8467  1026 4558.95251   60  556 4559.13153 4558.36336  0.02%   669 1283s
  9018  1562     cutoff   39      4559.13153 4558.40440  0.02%   642 1313s
  9912  2535     cutoff   38      4559.13153 4558.48754  0.01%   594 1349s
*10477  2508             427    4559.1307991 4558.48754  0.01%   565 1349s
 11178  3401 4559.11116   43  723 4559.13080 4558.49024  0.01%   534 1375s
*11398  2985             426    4559.1290943 4558.49024  0.01%   525 1376s
H11549  2832                    4559.1275995 4558.49024  0.01%   519 1376s
*11589  2832             473    4559.1275870 4558.49024  0.01%   517 1376s
 12504  2790 4559.01747   37 1030 4559.12759 4558.50672  0.01%   484 1397s
*12806  2636             407    4559.1271063 4558.55159  0.01%   478 1397s
 13413  3055     cutoff   40      4559.12711 4558.58060  0.01%   462 1424s
H14414  2121                    4559.1206135 4558.58060  0.01%   438 1425s
*14416  1570             466    4559.0758111 4558.58060  0.01%   438 1425s
 14625  1033     cutoff   47      4559.07581 4558.60328  0.01%   433 1450s
H15215  1032                    4559.0758099 4558.60328  0.01%   424 1450s

Cutting planes:
  Gomory: 14
  Cover: 116
  Implied bound: 26
  MIR: 67
  Flow cover: 446
  Relax-and-lift: 117

Explored 15486 nodes (6673513 simplex iterations) in 1451.51 seconds (1525.39 work units)
Thread count was 24 (of 24 available processors)

Solution count 10: 4559.08 4559.08 4559.12 ... 4559.14

Optimal solution found (tolerance 1.00e-04)
Best objective 4.559075809869e+03, best bound 4.558655335833e+03, gap 0.0092%
