
Gurobi 13.0.1 (win64) logging started Thu Oct  8 04:44:08 2026

Set parameter LogFile to value "ieee_owen\weak_eps_experiment\stochastic\main17_xi\logs\n30_S20_day7_ef_gurobi.log"
Set parameter NodefileStart to value 3
Set parameter MIPGap to value 0.0001
Gurobi Optimizer version 13.0.1 build v13.0.1rc0 (win64 - Windows 10.0 (19045.2))

CPU model: AMD Ryzen 9 5900X 12-Core Processor, instruction set [SSE2|AVX|AVX2]
Thread count: 12 physical cores, 24 logical processors, using up to 24 threads

Non-default parameters:
TimeLimit  1800
NodefileStart  3
LogToConsole  0

Optimize a model with 171932 rows, 172166 columns and 734890 nonzeros (Min)
Model fingerprint: 0xbaa6de97
Model has 22 linear objective coefficients
Variable types: 145046 continuous, 27120 integer (27120 binary)
Coefficient statistics:
  Matrix range     [3e-04, 2e+02]
  Objective range  [5e-02, 1e+00]
  Bounds range     [9e-03, 6e+01]
  RHS range        [7e-02, 2e+01]

Presolve removed 76133 rows and 62195 columns
Presolve time: 1.58s
Presolved: 95799 rows, 109971 columns, 377828 nonzeros
Variable types: 85491 continuous, 24480 integer (24479 binary)
Found heuristic solution: objective 5284.8737203
Deterministic concurrent LP optimizer: primal and dual simplex
Showing primal log only...


Root simplex log...

Iteration    Objective       Primal Inf.    Dual Inf.      Time
   17760    7.7677571e+03   0.000000e+00   1.384677e+05      5s
   32912    7.5360635e+03   0.000000e+00   4.751494e+05     10s
   45922    7.3226831e+03   0.000000e+00   1.016907e+05     15s
   56883    7.1316433e+03   0.000000e+00   6.302713e+05     20s
   67208    7.0003518e+03   0.000000e+00   1.336660e+05     25s
   77110    6.8892386e+03   0.000000e+00   1.344699e+05     30s
   86215    6.8085271e+03   0.000000e+00   4.380372e+05     35s
Concurrent spin time: 0.01s

Solved with dual simplex

Root simplex log...

Iteration    Objective       Primal Inf.    Dual Inf.      Time
  134249    3.8820315e+03   0.000000e+00   0.000000e+00     36s

Root relaxation: objective 3.882031e+03, 134249 iterations, 33.70 seconds (43.08 work units)

    Nodes    |    Current Node    |     Objective Bounds      |     Work
 Expl Unexpl |  Obj  Depth IntInf | Incumbent    BestBd   Gap | It/Node Time

     0     0 3882.03147    0  714 5284.87372 3882.03147  26.5%     -   37s
H    0     0                    3932.5282533 3882.03147  1.28%     -   39s
H    0     0                    3932.4768912 3882.03147  1.28%     -   41s
     0     0 3882.03147    0  759 3932.47689 3882.03147  1.28%     -   44s
H    0     0                    3931.7401732 3882.03147  1.26%     -   47s
     0     0 3882.03147    0  758 3931.74017 3882.03147  1.26%     -   48s
     0     0 3882.04317    0  789 3931.74017 3882.04317  1.26%     -   49s
     0     0 3882.04317    0  789 3931.74017 3882.04317  1.26%     -   49s
     0     0 3882.04317    0  664 3931.74017 3882.04317  1.26%     -   50s
H    0     0                    3930.7711541 3882.04317  1.24%     -   53s
     0     0 3882.04317    0  664 3930.77115 3882.04317  1.24%     -   53s
     0     0 3882.04398    0  715 3930.77115 3882.04398  1.24%     -   54s
     0     0 3882.09446    0  738 3930.77115 3882.09446  1.24%     -   57s
     0     0 3882.09446    0  757 3930.77115 3882.09446  1.24%     -   58s
H    0     0                    3930.1422750 3882.09446  1.22%     -   60s
H    0     0                    3929.5731318 3882.09446  1.21%     -   60s
     0     0 3882.09446    0  764 3929.57313 3882.09446  1.21%     -   60s
     0     0 3882.09446    0  764 3929.57313 3882.09446  1.21%     -   60s
     0     0 3882.09446    0  687 3929.57313 3882.09446  1.21%     -   61s
     0     0 3882.09446    0  687 3929.57313 3882.09446  1.21%     -   61s
     0     0 3882.09446    0  646 3929.57313 3882.09446  1.21%     -   63s
     0     0 3882.11743    0  647 3929.57313 3882.11743  1.21%     -   64s
     0     0 3882.11743    0  675 3929.57313 3882.11743  1.21%     -   65s
     0     0 3882.11743    0  651 3929.57313 3882.11743  1.21%     -   65s
     0     0 3882.11743    0  741 3929.57313 3882.11743  1.21%     -   66s
     0     0 3882.11743    0  741 3929.57313 3882.11743  1.21%     -   67s
     0     0 3882.11743    0  741 3929.57313 3882.11743  1.21%     -   67s
     0     0 3882.11743    0  676 3929.57313 3882.11743  1.21%     -   67s
H    0     0                    3901.6585641 3882.11743  0.50%     -   70s
     0     2 3882.11743    0  675 3901.65856 3882.11743  0.50%     -   71s
     7    16 3883.14664    3  869 3901.65856 3882.11743  0.50%  2860   78s
    15    28 3883.21303    4  725 3901.65856 3882.11743  0.50%  3276   84s
    27    47 3886.91327    5  854 3901.65856 3882.60879  0.49%  4344   90s
H   46    63                    3901.6470952 3882.60879  0.49%  3409   95s
H   58    63                    3901.6442304 3882.60879  0.49%  3150   95s
    62    84 3887.78176    7  706 3901.64423 3882.60879  0.49%  3042  101s
    83   109 3887.78176    8  594 3901.64423 3882.60879  0.49%  2983  105s
   108   130 3888.37248   11  448 3901.64423 3882.60879  0.49%  2631  112s
   129   154 3890.20724   12  588 3901.64423 3882.60879  0.49%  2477  117s
H  138   154                    3901.3597270 3882.60879  0.48%  2438  117s
   153   183 3890.84488   12  546 3901.35973 3882.60879  0.48%  2384  121s
   182   195 3890.20814   13  506 3901.35973 3882.60879  0.48%  2233  125s
H  187   195                    3897.6254216 3882.60879  0.39%  2203  125s
H  194   215                    3896.9863806 3882.60879  0.37%  2173  131s
H  199   215                    3896.0172018 3882.60879  0.34%  2204  131s
H  210   215                    3893.7331095 3882.60879  0.29%  2099  131s
   214   219 3892.96683   14  453 3893.73311 3882.60879  0.29%  2112  136s
   248   236 3892.11386   16  519 3893.73311 3882.60879  0.29%  1988  141s
   285   259 3892.27454   19  436 3893.73311 3882.60879  0.29%  1875  146s
   320   280 3893.52804   21  306 3893.73311 3882.60879  0.29%  1789  151s
   357   292 3884.49623    6  714 3893.73311 3882.60879  0.29%  1735  168s
   369   301 3885.50321    7  590 3893.73311 3882.60879  0.29%  1720  187s
   386   306 3886.70554    8  641 3893.73311 3882.60879  0.29%  1694  206s
H  389   306                    3893.6128260 3882.60879  0.28%  1689  206s
   403   311 3887.81956    8  764 3893.61283 3882.60879  0.28%  1674  213s
H  413   311                    3893.5807007 3882.60879  0.28%  1673  213s
   422   339 3887.09402    9  629 3893.58070 3882.60879  0.28%  1677  220s
H  478   365                    3892.0233976 3882.60879  0.24%  1578  226s
   522   377 3890.36913   15  364 3892.02340 3882.60879  0.24%  1538  232s
   580   407 3890.56026   23  185 3892.02340 3883.27770  0.22%  1479  238s
   636   433 3891.20300   27  172 3892.02340 3884.16848  0.20%  1428  246s
   706   471 3891.57612   33  128 3892.02340 3884.33310  0.20%  1382  252s
   778   515 3891.66357   43   70 3892.02340 3884.33310  0.20%  1322  259s
   857   547 3891.65074   53   58 3892.02340 3884.33310  0.20%  1258  267s
   953   583 3891.65074   66   42 3892.02340 3884.37379  0.20%  1207  273s
  1036   630 3891.65074   79   19 3892.02340 3885.79569  0.16%  1156  280s
  1135   667 3891.65074   95    3 3892.02340 3885.83765  0.16%  1104  286s
* 1138   667              98    3891.6507393 3885.83765  0.15%  1101  286s
  1229   650     cutoff  102      3891.65074 3885.83765  0.15%  1061  295s
* 1263   650              66    3891.4184051 3886.14449  0.14%  1066  295s
  1324   630     cutoff   14      3891.41841 3886.28505  0.13%  1037  304s
  1401   634     cutoff   11      3891.41841 3886.56409  0.12%  1032  312s
  1492   622     cutoff   13      3891.41841 3886.56409  0.12%  1021  322s
  1592   621 3890.93178   11  576 3891.41841 3887.25923  0.11%  1017  332s
  1694   640     cutoff   13      3891.41841 3887.82148  0.09%  1001  341s
  1825   625 3891.07193   13  309 3891.41841 3888.00349  0.09%   969  349s
  1981   625     cutoff   13      3891.41841 3888.29922  0.08%   932  363s
  2004   623     cutoff   12      3891.41841 3888.81032  0.07%   931  372s
  2174   604 3891.32068   15  261 3891.41841 3889.21784  0.06%   899  382s
  2413   603 3891.17069   14  355 3891.41841 3889.62020  0.05%   847  397s
  2442   586 3891.17069   15  320 3891.41841 3889.63481  0.05%   844  408s
H 2476   586                    3891.4183361 3889.63481  0.05%   839  408s
H 2488   586                    3891.4179509 3889.63481  0.05%   839  408s
H 2586   586                    3891.4176012 3889.63481  0.05%   820  408s
  2609   653     cutoff    9      3891.41760 3889.63481  0.05%   817  421s
  2953   721 3891.38053   31   64 3891.41760 3890.52292  0.02%   758  433s
  3174   727 3891.41695   64    6 3891.41760 3890.52292  0.02%   720  445s
* 3182   727              72    3891.4169546 3890.52292  0.02%   719  445s
* 3377   727              76    3891.3651111 3890.55137  0.02%   689  445s
  3387   869 3891.27135   45   50 3891.36511 3890.55137  0.02%   687  457s
* 3421   869              79    3891.2756294 3890.55137  0.02%   680  457s
  3927   757     cutoff   97      3891.27563 3890.55137  0.02%   614  470s
* 4401   757              76    3891.2713465 3890.60840  0.02%   565  471s

Cutting planes:
  Gomory: 23
  Cover: 299
  Implied bound: 753
  MIR: 200
  Flow cover: 644
  Network: 13
  RLT: 1
  Relax-and-lift: 73
  BQP: 2

Explored 4518 nodes (2666949 simplex iterations) in 471.50 seconds (525.78 work units)
Thread count was 24 (of 24 available processors)

Solution count 10: 3891.27 3891.28 3891.37 ... 3892.02

Optimal solution found (tolerance 1.00e-04)
Best objective 3.891271346544e+03, best bound 3.890918458740e+03, gap 0.0091%
