
Gurobi 13.0.1 (win64) logging started Fri Oct  9 15:04:54 2026

Set parameter LogFile to value "ieee_owen\weak_eps_experiment\stochastic\main17_xi\logs\n30_S20_day28_ef_gurobi.log"
Set parameter NodefileStart to value 3
Set parameter MIPGap to value 0.0001
Gurobi Optimizer version 13.0.1 build v13.0.1rc0 (win64 - Windows 10.0 (19045.2))

CPU model: AMD Ryzen 9 5900X 12-Core Processor, instruction set [SSE2|AVX|AVX2]
Thread count: 12 physical cores, 24 logical processors, using up to 24 threads

Non-default parameters:
TimeLimit  1800
NodefileStart  3
LogToConsole  0

Optimize a model with 171932 rows, 172166 columns and 734890 nonzeros (Min)
Model fingerprint: 0x0fb64d9a
Model has 22 linear objective coefficients
Variable types: 145046 continuous, 27120 integer (27120 binary)
Coefficient statistics:
  Matrix range     [3e-04, 2e+02]
  Objective range  [5e-02, 1e+00]
  Bounds range     [1e-03, 6e+01]
  RHS range        [7e-02, 2e+01]

Presolve removed 76461 rows and 62359 columns
Presolve time: 2.18s
Presolved: 95471 rows, 109807 columns, 377883 nonzeros
Variable types: 85324 continuous, 24483 integer (24482 binary)
Found heuristic solution: objective 7203.3267877
Deterministic concurrent LP optimizer: primal and dual simplex
Showing primal log only...


Root simplex log...

Iteration    Objective       Primal Inf.    Dual Inf.      Time
   14703    8.8694562e+03   0.000000e+00   2.165256e+06      5s
   31072    8.6690190e+03   0.000000e+00   2.520104e+05     10s
   44661    8.5726390e+03   0.000000e+00   1.421550e+05     15s
   54596    8.5310320e+03   0.000000e+00   1.018890e+05     20s
   64179    8.4936632e+03   0.000000e+00   3.082475e+06     25s
   72825    8.4596147e+03   0.000000e+00   2.936165e+05     30s
   81046    8.4284948e+03   0.000000e+00   1.745389e+05     35s
   89665    8.3970618e+03   0.000000e+00   1.335130e+05     40s
   98901    8.3591257e+03   0.000000e+00   2.077307e+05     45s
  107150    8.3295003e+03   0.000000e+00   7.348514e+04     50s
  115348    8.3056095e+03   0.000000e+00   1.290205e+05     55s
  123188    8.2825651e+03   0.000000e+00   6.135284e+04     60s
  130589    8.2621806e+03   0.000000e+00   7.706112e+04     65s
  137689    8.2416430e+03   0.000000e+00   3.672837e+05     70s
  145340    8.2151158e+03   0.000000e+00   3.997116e+04     75s
  152680    8.1921659e+03   0.000000e+00   1.395870e+05     80s
  159960    8.1691218e+03   0.000000e+00   1.124233e+05     85s
  167600    8.1465566e+03   0.000000e+00   1.873061e+05     90s
Concurrent spin time: 0.00s

Solved with dual simplex

Root simplex log...

Iteration    Objective       Primal Inf.    Dual Inf.      Time
  208795    6.1783523e+03   0.000000e+00   0.000000e+00     91s

Root relaxation: objective 6.178352e+03, 208795 iterations, 88.17 seconds (111.14 work units)

    Nodes    |    Current Node    |     Objective Bounds      |     Work
 Expl Unexpl |  Obj  Depth IntInf | Incumbent    BestBd   Gap | It/Node Time

     0     0 6178.35232    0  776 7203.32679 6178.35232  14.2%     -   93s
H    0     0                    6282.2419992 6178.35232  1.65%     -  102s
H    0     0                    6238.0877837 6178.35232  0.96%     -  109s
     0     0 6178.91962    0  972 6238.08778 6178.91962  0.95%     -  114s
H    0     0                    6235.5611092 6178.91962  0.91%     -  122s
H    0     0                    6235.0889618 6178.91962  0.90%     -  122s
     0     0 6178.91962    0  975 6235.08896 6178.91962  0.90%     -  123s
     0     0 6178.96548    0 1063 6235.08896 6178.96548  0.90%     -  124s
     0     0 6178.96548    0 1063 6235.08896 6178.96548  0.90%     -  125s
     0     0 6178.96548    0 1065 6235.08896 6178.96548  0.90%     -  125s
     0     0 6179.07920    0  948 6235.08896 6179.07920  0.90%     -  128s
     0     0 6179.07920    0  948 6235.08896 6179.07920  0.90%     -  128s
     0     0 6179.07920    0 1141 6235.08896 6179.07920  0.90%     -  134s
     0     0 6179.11723    0 1096 6235.08896 6179.11723  0.90%     -  137s
     0     0 6179.12288    0 1063 6235.08896 6179.12288  0.90%     -  140s
     0     0 6179.12288    0 1062 6235.08896 6179.12288  0.90%     -  140s
     0     0 6179.12309    0 1093 6235.08896 6179.12309  0.90%     -  141s
     0     0 6179.42578    0 1112 6235.08896 6179.42578  0.89%     -  149s
     0     0 6179.42578    0 1113 6235.08896 6179.42578  0.89%     -  150s
     0     0 6179.42578    0 1149 6235.08896 6179.42578  0.89%     -  151s
H    0     0                    6234.9420646 6179.42757  0.89%     -  156s
     0     0 6179.42757    0 1152 6234.94206 6179.42757  0.89%     -  156s
     0     0 6179.42757    0 1038 6234.94206 6179.42757  0.89%     -  157s
     0     0 6179.42757    0 1019 6234.94206 6179.42757  0.89%     -  163s
     0     0 6179.42757    0 1080 6234.94206 6179.42757  0.89%     -  164s
     0     0 6179.42757    0 1081 6234.94206 6179.42757  0.89%     -  164s
     0     0 6179.42757    0 1030 6234.94206 6179.42757  0.89%     -  165s
     0     0 6179.42757    0 1030 6234.94206 6179.42757  0.89%     -  166s
     0     0 6179.42757    0 1030 6234.94206 6179.42757  0.89%     -  166s
     0     0 6179.42757    0  820 6234.94206 6179.42757  0.89%     -  167s
     0     2 6179.42757    0  816 6234.94206 6179.42757  0.89%     -  172s
     1     4 6180.82045    1 1073 6234.94206 6179.42757  0.89%  6290  176s
     3     8 6180.90851    2  928 6234.94206 6179.42757  0.89%  2272  181s
     7    16 6181.46992    3 1060 6234.94206 6179.42757  0.89%  2976  185s
    15    28 6181.47423    4  989 6234.94206 6180.10312  0.88%  2686  190s
H   17    28                    6234.8924979 6180.10312  0.88%  2629  190s
    27    51 6181.47423    5  995 6234.89250 6180.12454  0.88%  2787  196s
    50    76 6182.78940    6  959 6234.89250 6180.12454  0.88%  2306  204s
    75    99 6182.34853    7 1093 6234.89250 6180.12454  0.88%  2274  212s
    98   111 6182.82426    8 1007 6234.89250 6180.12454  0.88%  2499  221s
   110   128 6182.98662    9  888 6234.89250 6180.12454  0.88%  2667  228s
   127   140 6183.07073    9  918 6234.89250 6180.12454  0.88%  2687  233s
   139   154 6183.49982   10  859 6234.89250 6180.12454  0.88%  2699  242s
   153   166 6183.98128   11 1074 6234.89250 6180.12454  0.88%  2892  249s
   165   178 6186.75870   11  758 6234.89250 6180.12454  0.88%  2926  257s
   177   190 6184.44614   12  890 6234.89250 6180.12454  0.88%  2834  272s
H  182   190                    6232.4207070 6180.12454  0.84%  2866  272s
H  183   190                    6232.3889278 6180.12454  0.84%  2867  272s
   189   200 6185.18361   13  813 6232.38893 6180.12454  0.84%  2945  283s
   199   213 6185.61430   14  720 6232.38893 6180.12454  0.84%  3118  289s
   212   227 6186.05899   15  990 6232.38893 6180.12454  0.84%  3076  295s
H  226   242                    6204.8230442 6180.12454  0.40%  3054  302s
   241   260 6187.85013   17  754 6204.82304 6180.12454  0.40%  2965  309s
H  259   272                    6204.7536789 6180.12454  0.40%  2940  315s
   271   294 6186.60113   18  617 6204.75368 6180.12454  0.40%  2894  322s
H  293   317                    6203.4583589 6180.12454  0.38%  2896  329s
H  311   317                    6199.6803484 6180.12454  0.32%  2856  329s
   316   329 6187.19168   20  580 6199.68035 6180.12454  0.32%  2834  353s
H  318   329                    6198.3425737 6180.12454  0.29%  2817  353s
H  319   329                    6196.9449261 6180.12454  0.27%  2813  353s
   328   358 6188.18327   21  512 6196.94493 6180.12454  0.27%  2792  362s
   357   399 6190.71351   24  400 6196.94493 6180.12454  0.27%  2784  371s
   398   458 6190.25911   29  486 6196.94493 6180.12454  0.27%  2689  379s
   457   503 6190.46617   34  266 6196.94493 6180.12454  0.27%  2474  386s
   504   541 6191.13111   37  280 6196.94493 6180.12454  0.27%  2412  393s
   544   606 6192.03221   39  138 6196.94493 6180.12454  0.27%  2395  400s
   611   674 6192.03221   40  136 6196.94493 6180.12454  0.27%  2246  406s
   687   757 6192.26997   51  106 6196.94493 6180.12928  0.27%  2090  415s
   770   866 6192.26997   61   97 6196.94493 6180.12928  0.27%  1964  423s
   879   876 6192.26997   71   84 6196.94493 6181.32744  0.25%  1781  437s
   891  1014 6192.26997   72   82 6196.94493 6181.32744  0.25%  1783  445s
  1031  1192 6192.26997   86   66 6196.94493 6181.32744  0.25%  1582  451s
  1213  1392 6192.28891   99   53 6196.94493 6181.32744  0.25%  1369  455s
* 1349  1274             117    6194.9398135 6181.32744  0.22%  1236  455s
  1427  1454 6192.26997  119   30 6194.93981 6181.32744  0.22%  1175  460s
* 1571  1136             138    6193.3517804 6181.32744  0.19%  1071  460s
  1654  1153 6192.26997  141   10 6193.35178 6181.34380  0.19%  1023  466s
* 1664   763             151    6192.2699742 6181.34380  0.18%  1017  466s
  1809   652 6182.87027    6 1052 6192.26997 6181.46900  0.17%   957  474s
  1844   673 6184.37099    7  902 6192.26997 6181.46900  0.17%   973  480s
  1867   682 6184.23955    7  809 6192.26997 6181.46900  0.17%   992  487s
  1885   687 6184.62082    8  787 6192.26997 6181.46900  0.17%  1014  495s
  1904   699 6184.77411    9  765 6192.26997 6181.46900  0.17%  1035  502s
H 1931   613                    6191.7307205 6181.46900  0.17%  1052  551s
H 1931   463                    6190.5525417 6181.46900  0.15%  1052  556s
H 1931   463                    6190.5483518 6181.46900  0.15%  1052  557s
H 1931   463                    6190.5430074 6181.46900  0.15%  1052  557s
H 1931   434                    6190.2231794 6181.46900  0.14%  1052  561s
  1932   429 6182.27665    8  820 6190.22318 6181.46900  0.14%  1051  643s
  1934   430 6187.31664   14 1137 6190.22318 6181.46900  0.14%  1050  744s
  1935   431 6185.06469   15 1622 6190.22318 6181.46900  0.14%  1049  750s
  1940   434 6187.18601   16 1100 6190.22318 6181.46900  0.14%  1047  845s
  1941   435 6183.02730   10 1100 6190.22318 6181.46900  0.14%  1046  857s
  1942   439 6181.46900   14 1157 6190.22318 6181.46900  0.14%  1182  866s
  1944   442 6181.46900   15 1155 6190.22318 6181.46900  0.14%  1188  872s
  1948   449 6181.46900   16 1128 6190.22318 6181.46900  0.14%  1194  878s
  1956   458 6181.46900   17 1129 6190.22318 6181.46900  0.14%  1210  884s
  1968   470 6181.80406   18  947 6190.22318 6181.46900  0.14%  1223  895s
  2004   476 6182.56866   19  967 6190.22318 6181.46900  0.14%  1245  902s
  2028   484 6183.66376   20  940 6190.22318 6181.46900  0.14%  1257  908s
  2058   485 6184.64087   20 1274 6190.22318 6181.46900  0.14%  1273  918s
  2074   490 6184.01309   21  884 6190.22318 6181.46900  0.14%  1277  929s
  2094   493 6184.33928   22  845 6190.22318 6181.46900  0.14%  1285  937s
  2110   498 6188.40097   22  635 6190.22318 6181.46900  0.14%  1297  945s
  2137   506 6184.98129   23  952 6190.22318 6181.46900  0.14%  1320  954s
  2166   516 6185.87433   24  765 6190.22318 6181.46900  0.14%  1337  961s
  2207   520 6187.17700   25  558 6190.22318 6183.46287  0.11%  1338  967s
  2241   528 6188.43339   26  560 6190.22318 6183.60283  0.11%  1342  973s
  2268   535 6187.13653   27  599 6190.22318 6183.63172  0.11%  1346  980s
  2294   546 6187.42180   28  559 6190.22318 6183.63172  0.11%  1358  989s
  2324   563 6187.49355   29  515 6190.22318 6183.63172  0.11%  1375  994s
  2355   564 6187.42652   31  525 6190.22318 6183.63172  0.11%  1385 1000s
  2390   549 6188.41018   32  440 6190.22318 6183.63172  0.11%  1393 1007s
  2429   540 6188.41018   33  415 6190.22318 6183.80631  0.10%  1400 1039s
  2447   541     cutoff   33      6190.22318 6183.80631  0.10%  1405 1073s
  2468   544 6188.41018   34  525 6190.22318 6183.80631  0.10%  1404 1111s
  2485   552     cutoff   34      6190.22318 6184.33140  0.10%  1408 1147s
  2508   551     cutoff   35      6190.22318 6184.33140  0.10%  1413 1184s
  2525   553 6188.41018   36  455 6190.22318 6184.42929  0.09%  1414 1220s
  2545   550 6188.41018   37  476 6190.22318 6184.42929  0.09%  1411 1252s
H 2548   527                    6190.1721755 6184.42929  0.09%  1410 1252s
  2570   525 6190.05124   37  361 6190.17218 6184.42929  0.09%  1414 1263s
  2623   536 6189.01511   40  492 6190.17218 6184.61550  0.09%  1418 1274s
  2723   536 6189.80007   43  498 6190.17218 6184.97123  0.08%  1409 1284s
  2809   537 6189.19888   23  749 6190.17218 6184.97123  0.08%  1405 1295s
  2895   531 6190.01720   31  514 6190.17218 6185.68260  0.07%  1403 1305s
  2990   506 6189.43430   21  619 6190.17218 6185.68260  0.07%  1396 1324s
  3007   533     cutoff   22      6190.17218 6185.68880  0.07%  1392 1335s
  3093   545 6187.61653   25  635 6190.17218 6185.75421  0.07%  1390 1346s
  3195   542     cutoff   30      6190.17218 6185.75421  0.07%  1383 1358s
  3305   596 6189.74147   37  454 6190.17218 6186.12473  0.07%  1375 1371s
  3438   643 6190.10415   26  817 6190.17218 6186.47119  0.06%  1361 1385s
  3575   644     cutoff   24      6190.17218 6186.81245  0.05%  1352 1406s
  3598   649 6188.88993   33  549 6190.17218 6186.81245  0.05%  1362 1426s
  3619   688 6189.05049   34  488 6190.17218 6186.81245  0.05%  1366 1442s
  3733   722 6189.05049   35  530 6190.17218 6187.11903  0.05%  1360 1459s
  3878   774 6189.05940   22  747 6190.17218 6187.22097  0.05%  1352 1474s
* 3990   748             277    6190.0305570 6187.22097  0.05%  1342 1474s
  4030   762     cutoff   24      6190.03056 6187.22097  0.05%  1340 1489s
  4189   785 6189.59334   26  491 6190.03056 6187.51161  0.04%  1332 1505s
* 4222   676             244    6189.8230979 6187.51161  0.04%  1325 1505s
  4362   702 6189.05149   25  632 6189.82310 6187.51161  0.04%  1322 1521s
  4574   854 6189.20747   26  510 6189.82310 6187.51161  0.04%  1297 1538s
  4853  1029     cutoff   33      6189.82310 6187.66581  0.03%  1251 1554s
  5138  1380 6189.82088  101  232 6189.82310 6187.94467  0.03%  1207 1571s
* 5561   988             245    6189.8208826 6187.94467  0.03%  1124 1572s
  5631   609     cutoff  110      6189.82088 6187.94467  0.03%  1117 1588s
  5830   566 6189.16743   39  459 6189.82088 6188.37694  0.02%  1115 1604s
  6020   513     cutoff   29      6189.82088 6188.41018  0.02%  1120 1620s
  6230   486     cutoff   38      6189.82088 6188.68110  0.02%  1116 1640s
  6485   475     cutoff   40      6189.82088 6188.89120  0.02%  1109 1659s
  6874   531 6189.51266   40  371 6189.82088 6189.05049  0.01%  1085 1696s
H 6982   531                    6189.8198606 6189.05049  0.01%  1073 1696s
  7025   986 6189.51266   41  345 6189.81986 6189.05049  0.01%  1068 1718s
H 7609   986                    6189.8152481 6189.05049  0.01%   999 1718s
H 7612   986                    6189.7930876 6189.05049  0.01%   998 1718s
  7766  1546 6189.75553   85  244 6189.79309 6189.05049  0.01%   984 1741s
* 8204  1470             203    6189.7505088 6189.17896  0.01%   933 1741s
* 8331  1470             197    6189.7350433 6189.17896  0.01%   919 1741s

Cutting planes:
  Gomory: 16
  Cover: 26
  Implied bound: 20
  MIR: 119
  Flow cover: 393
  RLT: 1
  Relax-and-lift: 57

Explored 8938 nodes (7965586 simplex iterations) in 1741.94 seconds (2290.63 work units)
Thread count was 24 (of 24 available processors)

Solution count 10: 6189.74 6189.75 6189.79 ... 6190.22

Optimal solution found (tolerance 1.00e-04)
Best objective 6.189735043266e+03, best bound 6.189206613378e+03, gap 0.0085%
