
Gurobi 13.0.1 (win64) logging started Thu Oct  8 13:03:48 2026

Set parameter LogFile to value "ieee_owen\weak_eps_experiment\stochastic\main17_xi\logs\n30_S20_day12_ef_gurobi.log"
Set parameter NodefileStart to value 3
Set parameter MIPGap to value 0.0001
Gurobi Optimizer version 13.0.1 build v13.0.1rc0 (win64 - Windows 10.0 (19045.2))

CPU model: AMD Ryzen 9 5900X 12-Core Processor, instruction set [SSE2|AVX|AVX2]
Thread count: 12 physical cores, 24 logical processors, using up to 24 threads

Non-default parameters:
TimeLimit  1800
NodefileStart  3
LogToConsole  0

Optimize a model with 171932 rows, 172166 columns and 734890 nonzeros (Min)
Model fingerprint: 0x007434f3
Model has 22 linear objective coefficients
Variable types: 145046 continuous, 27120 integer (27120 binary)
Coefficient statistics:
  Matrix range     [3e-04, 2e+02]
  Objective range  [5e-02, 1e+00]
  Bounds range     [8e-03, 6e+01]
  RHS range        [7e-02, 2e+01]

Presolve removed 76130 rows and 62192 columns
Presolve time: 1.61s
Presolved: 95802 rows, 109974 columns, 377951 nonzeros
Variable types: 85495 continuous, 24479 integer (24478 binary)
Found heuristic solution: objective 6011.7471091
Deterministic concurrent LP optimizer: primal and dual simplex
Showing primal log only...


Root simplex log...

Iteration    Objective       Primal Inf.    Dual Inf.      Time
   19185    7.9615600e+03   0.000000e+00   1.696427e+06      5s
   34208    7.6941277e+03   0.000000e+00   1.425502e+05     10s
   47157    7.5629540e+03   0.000000e+00   8.006255e+04     15s
   59036    7.4736235e+03   0.000000e+00   2.357810e+05     20s
   70310    7.4046140e+03   0.000000e+00   9.263427e+04     25s
   81034    7.3485682e+03   0.000000e+00   5.238270e+04     30s
   90856    7.3031905e+03   0.000000e+00   1.205863e+05     35s
  101361    7.2561338e+03   0.000000e+00   1.809621e+05     40s
  111971    7.2078905e+03   0.000000e+00   6.214649e+05     45s
  121895    7.1543681e+03   0.000000e+00   1.521459e+05     50s
  131055    7.1070497e+03   0.000000e+00   7.338734e+05     55s
  138664    7.0839641e+03   0.000000e+00   1.072062e+05     60s
  146591    7.0523181e+03   0.000000e+00   3.995459e+04     65s
  155960    7.0064160e+03   0.000000e+00   3.218959e+04     70s
  164080    6.9814685e+03   0.000000e+00   1.699896e+05     75s
  171787    6.9564605e+03   0.000000e+00   4.517571e+05     80s
  176177    6.8886886e+03   0.000000e+00   2.062313e+05     85s
  179797    6.8508019e+03   0.000000e+00   7.400310e+05     90s
Concurrent spin time: 0.00s

Solved with dual simplex

Root simplex log...

Iteration    Objective       Primal Inf.    Dual Inf.      Time
  227800    4.8237522e+03   0.000000e+00   0.000000e+00     91s

Root relaxation: objective 4.823752e+03, 227800 iterations, 88.69 seconds (120.34 work units)

    Nodes    |    Current Node    |     Objective Bounds      |     Work
 Expl Unexpl |  Obj  Depth IntInf | Incumbent    BestBd   Gap | It/Node Time

     0     0 4823.75222    0  964 6011.74711 4823.75222  19.8%     -   93s
H    0     0                    4891.6391052 4823.75222  1.39%     -   99s
H    0     0                    4864.2107461 4823.75222  0.83%     -  103s
     0     0 4823.77648    0 1673 4864.21075 4823.77648  0.83%     -  108s
H    0     0                    4862.2715682 4823.77718  0.79%     -  113s
     0     0 4823.77718    0 1679 4862.27157 4823.77718  0.79%     -  118s
     0     0 4823.81245    0 1600 4862.27157 4823.81245  0.79%     -  122s
     0     0 4823.81245    0 1600 4862.27157 4823.81245  0.79%     -  122s
     0     0 4823.81245    0 1602 4862.27157 4823.81245  0.79%     -  126s
     0     0 4823.82026    0 1555 4862.27157 4823.82026  0.79%     -  128s
     0     0 4823.82026    0 1550 4862.27157 4823.82026  0.79%     -  136s
     0     0 4823.82438    0 1439 4862.27157 4823.82438  0.79%     -  138s
     0     0 4823.82445    0 1434 4862.27157 4823.82445  0.79%     -  138s
     0     0 4823.82446    0 1472 4862.27157 4823.82446  0.79%     -  139s
     0     0 4823.82462    0 1475 4862.27157 4823.82462  0.79%     -  143s
     0     0 4823.82564    0 1474 4862.27157 4823.82564  0.79%     -  144s
     0     0 4823.82566    0 1497 4862.27157 4823.82566  0.79%     -  145s
     0     0 4823.82683    0 1494 4862.27157 4823.82683  0.79%     -  146s
     0     0 4823.82687    0 1494 4862.27157 4823.82687  0.79%     -  146s
     0     0 4823.82687    0 1386 4862.27157 4823.82687  0.79%     -  148s
     0     2 4823.82687    0 1385 4862.27157 4823.82687  0.79%     -  151s
     1     4 4825.54840    1 1247 4862.27157 4823.82687  0.79%  6442  155s
     7    16 4825.56753    3 1262 4862.27157 4823.87022  0.79%  2171  163s
    15    28 4825.58073    4 1276 4862.27157 4824.51824  0.78%  1890  167s
    27    42 4825.78790    5 1280 4862.27157 4824.52085  0.78%  1834  172s
    41    55 4825.85179    6 1237 4862.27157 4824.52085  0.78%  1680  177s
    54    67 4826.36483    6 1252 4862.27157 4824.52085  0.78%  1659  182s
H   64    67                    4861.3723643 4824.52085  0.76%  1718  182s
    66    79 4826.08109    7 1228 4861.37236 4824.52085  0.76%  1734  189s
    78    94 4826.82042    7 1410 4861.37236 4824.52085  0.76%  1762  198s
    93   115 4827.57414    8 1378 4861.37236 4824.52085  0.76%  1972  207s
   114   130 4827.67895    8  927 4861.37236 4824.52085  0.76%  2280  213s
   129   154 4827.89683    9 1339 4861.37236 4824.52085  0.76%  2261  223s
   153   179 4828.35030   11  964 4861.37236 4824.52085  0.76%  2232  232s
   178   196 4828.86995   14 1025 4861.37236 4824.52085  0.76%  2369  238s
   195   233 4829.86007   14  933 4861.37236 4824.52085  0.76%  2345  247s
   232   256 4829.84315   17 1061 4861.37236 4824.52085  0.76%  2185  252s
   255   279 4829.91053   18  872 4861.37236 4824.52085  0.76%  2090  257s
   278   301 4830.50773   21  814 4861.37236 4824.52085  0.76%  2052  263s
   300   318 4832.42926   23  636 4861.37236 4824.52085  0.76%  2079  270s
   317   337 4831.47527   24  874 4861.37236 4824.52085  0.76%  2077  275s
   336   356 4831.51434   25  873 4861.37236 4824.52085  0.76%  2088  281s
   355   378 4832.65342   27  783 4861.37236 4824.52085  0.76%  2069  287s
H  377   390                    4860.7536879 4824.52085  0.75%  2037  299s
H  378   390                    4860.5902952 4824.52085  0.74%  2034  299s
H  384   390                    4860.5830475 4824.52085  0.74%  2046  299s
H  386   390                    4860.5706167 4824.52085  0.74%  2047  299s
   389   403 4832.93485   29  769 4860.57062 4824.52085  0.74%  2044  306s
   402   424 4833.06921   30  746 4860.57062 4824.52085  0.74%  2055  312s
H  411   424                    4843.4781868 4824.52085  0.39%  2068  312s
   423   448 4833.34439   32  609 4843.47819 4824.52085  0.39%  2065  322s
   447   485 4834.45561   33  584 4843.47819 4824.52085  0.39%  2131  329s
   484   517 4834.74943   37  621 4843.47819 4824.52085  0.39%  2109  337s
H  488   517                    4839.8426845 4824.52085  0.32%  2132  337s
H  514   517                    4838.9787887 4824.52085  0.30%  2119  337s
   516   550 4835.34062   38  718 4838.97879 4824.52085  0.30%  2124  346s
   557   593 4836.01990   41  408 4838.97879 4824.52085  0.30%  2153  353s
   614   648 4836.71691   44  340 4838.97879 4824.52085  0.30%  2072  360s
   677   727 4837.26383   47  257 4838.97879 4824.52085  0.30%  2007  369s
H  700   727                    4838.9084002 4824.52085  0.30%  1975  369s
   776   823 4837.84224   55  173 4838.90840 4824.52085  0.30%  1884  380s
H  838   813                    4838.3550876 4824.52085  0.29%  1801  380s
   898   905 4838.23861   62  108 4838.35509 4824.52085  0.29%  1740  388s
H  972   903                    4838.2878358 4824.52085  0.28%  1625  388s
  1024   906 4826.63298    7 1010 4838.28784 4824.52085  0.28%  1586  413s
H 1037   757                    4837.2860493 4824.52085  0.26%  1584  413s
  1039   808 4827.10659    8 1144 4837.28605 4824.52085  0.26%  1589  422s
  1130   881 4830.23944    7 1048 4837.28605 4824.52085  0.26%  1537  432s
  1208   970 4828.69745   10 1492 4837.28605 4824.52085  0.26%  1496  442s
  1297  1043 4831.08252    8  996 4837.28605 4824.52085  0.26%  1457  453s
* 1319   826             140    4836.9327166 4824.94932  0.25%  1444  453s
  1390   837 4830.41305   10  893 4836.93272 4824.94932  0.25%  1416  463s
* 1426   716             116    4836.3298957 4824.94932  0.24%  1419  463s
  1451   750 4829.20690   11 1538 4836.32990 4824.94932  0.24%  1404  477s
  1506   797 4831.52938   12  872 4836.32990 4824.94932  0.24%  1420  488s
  1557   842 4832.59231   12  787 4836.32990 4824.94932  0.24%  1439  504s
  1639   883 4836.24070   13  653 4836.32990 4824.94932  0.24%  1447  517s
  1705   903     cutoff   13      4836.32990 4824.94932  0.24%  1460  533s
  1763   940 4835.42765   15  825 4836.32990 4825.59562  0.22%  1499  548s
  1814   960 4836.02960   18  728 4836.32990 4825.59562  0.22%  1538  561s
  1848   988 4836.11024   19  586 4836.32990 4825.59767  0.22%  1587  576s
  1916  1047 4831.03587    6 1039 4836.32990 4825.59767  0.22%  1617  588s
  1991  1116 4833.90246   10  999 4836.32990 4825.59767  0.22%  1621  605s
  2095  1190     cutoff   15      4836.32990 4825.73292  0.22%  1611  619s
* 2171  1116             118    4836.2236262 4825.73292  0.22%  1594  619s
  2201  1113 4835.97540   14  868 4836.22363 4825.73292  0.22%  1595  634s
  2284  1157 4835.89899   17  788 4836.22363 4825.73292  0.22%  1600  653s
  2396  1210 4832.55879    8  927 4836.22363 4825.77036  0.22%  1593  669s
H 2482  1103                    4835.5831547 4825.77036  0.20%  1598  733s
H 2482  1103                    4835.5829751 4825.77036  0.20%  1598  733s
  2483  1104 4834.66443   17 1386 4835.58298 4825.77036  0.20%  1597  817s
  2485  1105 4831.63999   32 1945 4835.58298 4825.77036  0.20%  1596  915s
  2487  1107 4828.94454   16 2311 4835.58298 4825.77036  0.20%  1595  921s
  2491  1109 4829.26610   12 1369 4835.58298 4825.77036  0.20%  1592 1011s
  2492  1110 4833.20619   30 1369 4835.58298 4825.77036  0.20%  1592 1025s
  2493  1114 4825.77036   16 1645 4835.58298 4825.77036  0.20%  1688 1033s
  2495  1117 4825.77036   17 1607 4835.58298 4825.77036  0.20%  1692 1039s
  2499  1122 4826.48503   18 1497 4835.58298 4825.77036  0.20%  1697 1044s
  2507  1127 4826.82926   19 1792 4835.58298 4826.50601  0.19%  1710 1053s
  2519  1138 4827.21129   20 1764 4835.58298 4827.00570  0.18%  1723 1065s
  2552  1137 4827.70800   22 1659 4835.58298 4827.26073  0.17%  1734 1077s
  2576  1140 4827.73493   23 1628 4835.58298 4827.26073  0.17%  1745 1086s
  2611  1131 4827.96578   24 1549 4835.58298 4827.26073  0.17%  1759 1097s
H 2632  1077                    4835.5657150 4827.26073  0.17%  1756 1105s
  2655  1092 4828.29194   25 1151 4835.56571 4827.26073  0.17%  1752 1112s
  2690  1077     cutoff   26      4835.56571 4827.26073  0.17%  1750 1120s
  2729  1064 4828.70372   28 1088 4835.56571 4827.26073  0.17%  1746 1130s
  2748  1060     cutoff   28      4835.56571 4827.73953  0.16%  1754 1160s
  2767  1061 4829.09827   29 1043 4835.56571 4827.73953  0.16%  1750 1189s
  2787  1060 4829.57319   30 1087 4835.56571 4827.73953  0.16%  1747 1225s
  2808  1067 4829.78458   31 1057 4835.56571 4827.73953  0.16%  1743 1260s
  2826  1069 4830.09647   33  942 4835.56571 4827.98267  0.16%  1743 1295s
  2851  1071 4830.21665   34  842 4835.56571 4827.98267  0.16%  1736 1330s
  2874  1081 4830.51822   35  805 4835.56571 4827.98267  0.16%  1730 1363s
  2901  1086 4835.24961   36  718 4835.56571 4828.14474  0.15%  1730 1392s
  2923  1085 4832.08853   37  828 4835.56571 4828.14474  0.15%  1728 1417s
  2944  1113 4831.40794   37  692 4835.56571 4828.14474  0.15%  1728 1435s
  3005  1109 4832.01525   38  615 4835.56571 4828.14474  0.15%  1716 1446s
  3076  1102 4832.01525   39  619 4835.56571 4828.14474  0.15%  1700 1457s
  3163  1104 4833.62910   43  644 4835.56571 4828.14474  0.15%  1688 1470s
  3256  1097 4834.73043   45  555 4835.56571 4830.14945  0.11%  1676 1484s
  3331  1137 4834.88502   46  522 4835.56571 4830.50586  0.10%  1668 1497s
  3429  1176 4835.38355   60  283 4835.56571 4830.50586  0.10%  1648 1508s
  3563  1217 4835.38355   71  284 4835.56571 4830.50586  0.10%  1605 1517s
  3701  1214 4835.53703   89  225 4835.56571 4830.50586  0.10%  1563 1532s
  3747  1304 4835.54834  100  212 4835.56571 4830.50586  0.10%  1548 1542s
  3920  1364 4835.54834  121  180 4835.56571 4830.95919  0.10%  1496 1556s
  4084  1320 4835.54834  143  138 4835.56571 4831.87735  0.08%  1454 1568s
  4125  1327 4835.54834  144  136 4835.56571 4831.88472  0.08%  1455 1580s
  4178  1359 4835.54834  145  134 4835.56571 4831.95586  0.07%  1452 1592s
  4269  1371 4835.54834  146  132 4835.56571 4831.98927  0.07%  1435 1603s
  4351  1408 4835.54834  147  130 4835.56571 4832.03937  0.07%  1423 1616s
  4471  1440 4835.54834  148  128 4835.56571 4832.03937  0.07%  1396 1628s
  4575  1514 4835.54834  149  126 4835.56571 4832.03937  0.07%  1376 1639s
  4720  1558 4835.54834  150  124 4835.56571 4832.03937  0.07%  1343 1651s
* 4826  1318             211    4835.5612538 4832.26114  0.07%  1318 1651s
  4866  1254 4835.54834  151  121 4835.56125 4832.28991  0.07%  1313 1683s
  4898  1296 4835.54834  152  117 4835.56125 4832.28991  0.07%  1311 1713s
  4979  1369 4835.54834  153  115 4835.56125 4832.33199  0.07%  1296 1742s
* 5050  1027             260    4835.5351514 4832.33616  0.07%  1280 1742s
  5151  1073     cutoff  154      4835.53515 4832.33616  0.07%  1260 1760s
* 5294   771             222    4835.5205255 4832.34328  0.07%  1238 1760s
  5407   636 4835.04393   34  820 4835.52053 4832.34328  0.07%  1222 1778s
  5549   605 4835.03006   29 1089 4835.52053 4832.55073  0.06%  1224 1796s
  5696   606     cutoff   33      4835.52053 4832.76339  0.06%  1226 1800s

Cutting planes:
  Gomory: 3
  Cover: 2
  Implied bound: 18
  MIR: 47
  Flow cover: 325
  Relax-and-lift: 136

Explored 5734 nodes (7248093 simplex iterations) in 1800.27 seconds (2469.40 work units)
Thread count was 24 (of 24 available processors)

Solution count 10: 4835.52 4835.54 4835.56 ... 4836.33

Time limit reached
Best objective 4.835520525535e+03, best bound 4.832763389008e+03, gap 0.0570%
