
Gurobi 13.0.1 (win64) logging started Thu Oct  8 03:11:30 2026

Set parameter LogFile to value "ieee_owen\weak_eps_experiment\stochastic\main17_xi\logs\n30_S20_day6_ef_gurobi.log"
Set parameter NodefileStart to value 3
Set parameter MIPGap to value 0.0001
Gurobi Optimizer version 13.0.1 build v13.0.1rc0 (win64 - Windows 10.0 (19045.2))

CPU model: AMD Ryzen 9 5900X 12-Core Processor, instruction set [SSE2|AVX|AVX2]
Thread count: 12 physical cores, 24 logical processors, using up to 24 threads

Non-default parameters:
TimeLimit  1800
NodefileStart  3
LogToConsole  0

Optimize a model with 171932 rows, 172166 columns and 734890 nonzeros (Min)
Model fingerprint: 0x270ec42d
Model has 22 linear objective coefficients
Variable types: 145046 continuous, 27120 integer (27120 binary)
Coefficient statistics:
  Matrix range     [3e-04, 2e+02]
  Objective range  [5e-02, 1e+00]
  Bounds range     [9e-03, 6e+01]
  RHS range        [7e-02, 2e+01]

Presolve removed 76129 rows and 62198 columns
Presolve time: 1.66s
Presolved: 95803 rows, 109968 columns, 377841 nonzeros
Variable types: 85490 continuous, 24478 integer (24477 binary)
Found heuristic solution: objective 4704.6233350
Deterministic concurrent LP optimizer: primal and dual simplex
Showing primal log only...


Root simplex log...

Iteration    Objective       Primal Inf.    Dual Inf.      Time
   18658    7.1256832e+03   0.000000e+00   1.142043e+06      5s
   35710    6.7351754e+03   0.000000e+00   7.325134e+04     10s
   47962    6.5783089e+03   0.000000e+00   1.184080e+05     15s
   58054    6.5016825e+03   0.000000e+00   3.823000e+05     20s
   67749    6.4307980e+03   0.000000e+00   2.234262e+05     25s
   77462    6.3597236e+03   0.000000e+00   1.216641e+05     30s
   86161    6.3028577e+03   0.000000e+00   1.311767e+05     35s
   94690    6.2428608e+03   0.000000e+00   5.115633e+05     40s
  102900    6.1886728e+03   0.000000e+00   4.413770e+05     45s
  110141    6.1544769e+03   0.000000e+00   1.379158e+05     50s
  116953    6.1095020e+03   0.000000e+00   6.074507e+05     55s
Concurrent spin time: 0.00s

Solved with dual simplex

Root simplex log...

Iteration    Objective       Primal Inf.    Dual Inf.      Time
  182415    3.4735813e+03   0.000000e+00   0.000000e+00     60s

Root relaxation: objective 3.473581e+03, 182415 iterations, 57.04 seconds (74.55 work units)

    Nodes    |    Current Node    |     Objective Bounds      |     Work
 Expl Unexpl |  Obj  Depth IntInf | Incumbent    BestBd   Gap | It/Node Time

     0     0 3473.58126    0  851 4704.62333 3473.58126  26.2%     -   61s
H    0     0                    3522.3025374 3473.58126  1.38%     -   65s
H    0     0                    3518.8377503 3473.58126  1.29%     -   67s
     0     0 3473.74550    0 1125 3518.83775 3473.74550  1.28%     -   71s
     0     0 3473.76206    0 1125 3518.83775 3473.76206  1.28%     -   78s
     0     0 3473.89161    0 1006 3518.83775 3473.89161  1.28%     -   81s
     0     0 3473.91121    0 1002 3518.83775 3473.91121  1.28%     -   87s
     0     0 3473.93630    0  894 3518.83775 3473.93630  1.28%     -   88s
     0     0 3473.94532    0  894 3518.83775 3473.94532  1.28%     -   90s
     0     0 3473.95635    0  944 3518.83775 3473.95635  1.28%     -   90s
     0     0 3473.96005    0  945 3518.83775 3473.96005  1.28%     -   91s
     0     0 3473.96370    0  943 3518.83775 3473.96370  1.28%     -   91s
     0     0 3473.96380    0  938 3518.83775 3473.96380  1.28%     -   91s
     0     0 3473.97913    0  921 3518.83775 3473.97913  1.27%     -   92s
     0     0 3473.99247    0  921 3518.83775 3473.99247  1.27%     -   93s
H    0     0                    3516.3245274 3473.99247  1.20%     -   94s
     0     0 3473.99247    0  926 3516.32453 3473.99247  1.20%     -   94s
     0     0 3473.99247    0  925 3516.32453 3473.99247  1.20%     -   99s
     0     0 3473.99247    0  926 3516.32453 3473.99247  1.20%     -  100s
     0     0 3473.99247    0  842 3516.32453 3473.99247  1.20%     -  101s
H    0     0                    3512.4013155 3473.99247  1.09%     -  104s
     0     0 3474.00921    0  844 3512.40132 3474.00921  1.09%     -  105s
     0     0 3474.07718    0  846 3512.40132 3474.07718  1.09%     -  106s
     0     0 3474.07718    0  833 3512.40132 3474.07718  1.09%     -  107s
H    0     0                    3511.4227806 3474.07718  1.06%     -  109s
     0     0 3474.10045    0  835 3511.42278 3474.10045  1.06%     -  109s
     0     0 3474.18440    0  838 3511.42278 3474.18440  1.06%     -  110s
     0     0 3474.18440    0  830 3511.42278 3474.18440  1.06%     -  111s
     0     0 3474.18440    0  834 3511.42278 3474.18440  1.06%     -  111s
     0     0 3474.27017    0  834 3511.42278 3474.27017  1.06%     -  112s
     0     0 3474.27017    0  827 3511.42278 3474.27017  1.06%     -  113s
H    0     0                    3511.2487599 3474.27017  1.05%     -  115s
     0     0 3474.27099    0  832 3511.24876 3474.27099  1.05%     -  116s
     0     0 3474.27099    0  837 3511.24876 3474.27099  1.05%     -  116s
     0     0 3474.27099    0  837 3511.24876 3474.27099  1.05%     -  117s
     0     0 3474.27099    0  830 3511.24876 3474.27099  1.05%     -  117s
     0     0 3474.27099    0  829 3511.24876 3474.27099  1.05%     -  118s
     0     0 3474.27099    0  829 3511.24876 3474.27099  1.05%     -  118s
H    0     0                    3485.9644987 3474.27099  0.34%     -  124s
     0     2 3474.27099    0  829 3485.96450 3474.27099  0.34%     -  126s
     7    16 3474.90428    3  695 3485.96450 3474.27099  0.34%  1403  135s
    15    28 3475.36154    4  699 3485.96450 3474.27099  0.34%  3692  141s
    27    51 3475.50469    5  746 3485.96450 3474.76206  0.32%  3451  146s
    50    74 3476.72887    7  716 3485.96450 3474.76206  0.32%  3014  152s
    73    97 3477.72216    9  626 3485.96450 3474.76206  0.32%  2719  158s
    96   127 3477.90833   10  607 3485.96450 3474.76206  0.32%  2625  163s
   126   152 3478.80977   14  594 3485.96450 3474.76206  0.32%  2412  167s
   153   179 3480.85285   16  555 3485.96450 3474.76206  0.32%  2236  171s
   204   216 3482.45345   19  412 3485.96450 3474.76206  0.32%  2011  178s
   229   234 3482.20560   20  456 3485.96450 3474.76729  0.32%  1961  186s
   255   240 3482.43000   22  407 3485.96450 3474.76729  0.32%  1926  194s
   271   264 3482.75229   23  297 3485.96450 3475.04268  0.31%  1889  200s
   323   316 3483.85661   30  320 3485.96450 3475.06994  0.31%  1803  207s
   352   345 3483.18487   31  279 3485.96450 3475.06994  0.31%  1761  210s
   426   436 3483.30705   38  207 3485.96450 3475.06994  0.31%  1648  218s
   483   452 3483.30705   45  243 3485.96450 3475.06994  0.31%  1533  228s
H  486   452                    3485.8433412 3475.06994  0.31%  1535  228s
H  500   452                    3485.8263265 3475.39742  0.30%  1521  228s
   501   514 3483.30705   46  174 3485.82633 3475.39742  0.30%  1518  232s
   565   573 3483.87228   53  167 3485.82633 3475.39742  0.30%  1421  236s
   636   637 3483.87983   59   95 3485.82633 3475.39742  0.30%  1350  242s
   714   719 3483.87983   68   81 3485.82633 3475.54768  0.29%  1271  245s
   901   928 3483.87983   88   58 3485.82633 3475.54768  0.29%  1071  252s
  1014  1042 3483.87983  101   39 3485.82633 3475.54768  0.29%   984  255s
  1132  1174 3483.87983  115   19 3485.82633 3475.54768  0.29%   906  261s
* 1212  1099             130    3485.7513788 3475.54768  0.29%   863  261s
  1276  1193 3483.87983  132    3 3485.75138 3475.54768  0.29%   839  267s
* 1279   770             135    3483.8798296 3475.54768  0.24%   837  267s
  1415   661 3482.96608    7  694 3483.87983 3475.54768  0.24%   799  273s
* 1433   661             157    3483.8075315 3475.54768  0.24%   789  274s
  1488   637     cutoff    8      3483.80753 3475.71924  0.23%   806  280s
  1521   663 3480.60141    6  770 3483.80753 3475.71924  0.23%   843  285s
  1559   701 3483.39172    8  554 3483.80753 3475.71924  0.23%   859  290s
  1644   706 3482.16842    7  642 3483.80753 3475.71924  0.23%   851  296s
  1744   731 3482.71095    7  641 3483.80753 3476.54156  0.21%   836  302s
  1839   793     cutoff    8      3483.80753 3476.54156  0.21%   819  307s
* 1911   708             124    3483.5939890 3476.54156  0.20%   807  307s
  1950   662 3479.44093   11  765 3483.59399 3476.54156  0.20%   796  315s
* 1973   662             120    3483.5171052 3476.54156  0.20%   792  315s
* 2019   662             119    3483.3383659 3476.54156  0.20%   782  315s
  2065   655 3481.97720   16  627 3483.33837 3476.54156  0.20%   783  320s
  2113   653 3483.15460   20  486 3483.33837 3476.54156  0.20%   791  327s
  2196   646 3482.16743    9  565 3483.33837 3476.54156  0.20%   794  338s
  2264   656     cutoff   16      3483.33837 3478.12033  0.15%   805  345s
  2337   645 3482.17582   14  760 3483.33837 3478.12033  0.15%   809  352s
  2417   644 3483.23755   19  563 3483.33837 3478.12033  0.15%   816  361s
  2490   641 3483.15148    9  595 3483.33837 3478.34625  0.14%   831  384s
  2510   651     cutoff   10      3483.33837 3478.34625  0.14%   835  411s
  2538   646     cutoff    9      3483.33837 3478.39630  0.14%   839  437s
  2562   647 3482.13479   14  673 3483.33837 3478.39630  0.14%   844  462s
  2588   652 3482.55870   15  650 3483.33837 3478.39630  0.14%   847  492s
  2602   651 3483.16580   16  644 3483.33837 3478.39630  0.14%   847  522s
  2622   646     cutoff   17      3483.33837 3478.39630  0.14%   849  552s
  2648   653 3479.52316   11  793 3483.33837 3478.39630  0.14%   850  581s
  2662   653 3480.33090   12  655 3483.33837 3478.39630  0.14%   853  606s
  2697   634 3483.08048   15  689 3483.33837 3478.79379  0.13%   854  625s
  2794   643 3481.87929   10  653 3483.33837 3478.79379  0.13%   859  645s
  2875   669     cutoff   12      3483.33837 3478.86785  0.13%   869  665s
  2972   653 3483.18424   10  743 3483.33837 3478.97950  0.13%   870  679s
  3088   642 3481.57372    9  682 3483.33837 3479.10148  0.12%   875  693s
  3115   655 3482.38251   10  832 3483.33837 3479.10148  0.12%   879  704s
  3250   672 3482.30983   18  705 3483.33837 3479.28940  0.12%   883  717s
  3378   673     cutoff    8      3483.33837 3479.77174  0.10%   893  731s
  3530   664 3481.49076   15  711 3483.33837 3480.03613  0.09%   899  743s
  3673   686 3482.41483    8  668 3483.33837 3480.05783  0.09%   903  757s
  3847   676 3483.17373    8  742 3483.33837 3480.46221  0.08%   904  772s
  4029   700 3482.12106   14  576 3483.33837 3480.67910  0.08%   909  787s
  4193   691 3482.62895   23  300 3483.33837 3480.80846  0.07%   915  803s
  4410   676 3483.22903   13  525 3483.33837 3481.08359  0.06%   916  818s
  4609   648 3482.91033   20  405 3483.33837 3481.37639  0.06%   917  836s
  4884   624     cutoff   22      3483.33837 3481.58017  0.05%   910  854s
  5134   577 3482.83241   22  400 3483.33837 3481.74744  0.05%   907  874s
  5436   469 3483.12086   18  630 3483.33837 3481.92319  0.04%   899  893s
  5753   492     cutoff    9      3483.33837 3482.20725  0.03%   891  915s
  6276   382 3483.19193   16  477 3483.33837 3482.42891  0.03%   855  937s
  6816   276 3483.05086   17  494 3483.33837 3482.66710  0.02%   825  961s
  7551   280 3483.26066   30  350 3483.33837 3482.87243  0.01%   779  989s

Cutting planes:
  Gomory: 22
  Cover: 399
  Implied bound: 724
  Clique: 17
  MIR: 204
  Flow cover: 769
  Network: 16
  Relax-and-lift: 108
  BQP: 7

Explored 8685 nodes (6310355 simplex iterations) in 990.61 seconds (1186.40 work units)
Thread count was 24 (of 24 available processors)

Solution count 10: 3483.34 3483.52 3483.59 ... 3511.25

Optimal solution found (tolerance 1.00e-04)
Best objective 3.483338365903e+03, best bound 3.483121863326e+03, gap 0.0062%
