
Gurobi 13.0.1 (win64) logging started Thu Oct  8 16:27:34 2026

Set parameter LogFile to value "ieee_owen\weak_eps_experiment\stochastic\main17_xi\logs\n30_S20_day14_ef_gurobi.log"
Set parameter NodefileStart to value 3
Set parameter MIPGap to value 0.0001
Gurobi Optimizer version 13.0.1 build v13.0.1rc0 (win64 - Windows 10.0 (19045.2))

CPU model: AMD Ryzen 9 5900X 12-Core Processor, instruction set [SSE2|AVX|AVX2]
Thread count: 12 physical cores, 24 logical processors, using up to 24 threads

Non-default parameters:
TimeLimit  1800
NodefileStart  3
LogToConsole  0

Optimize a model with 171932 rows, 172166 columns and 734890 nonzeros (Min)
Model fingerprint: 0xe43fc4cf
Model has 22 linear objective coefficients
Variable types: 145046 continuous, 27120 integer (27120 binary)
Coefficient statistics:
  Matrix range     [3e-04, 2e+02]
  Objective range  [5e-02, 1e+00]
  Bounds range     [9e-03, 6e+01]
  RHS range        [7e-02, 2e+01]

Presolve removed 76124 rows and 62184 columns
Presolve time: 1.60s
Presolved: 95808 rows, 109982 columns, 377881 nonzeros
Variable types: 85500 continuous, 24482 integer (24481 binary)
Found heuristic solution: objective 5763.9167451
Deterministic concurrent LP optimizer: primal and dual simplex
Showing primal log only...


Root simplex log...

Iteration    Objective       Primal Inf.    Dual Inf.      Time
   18800    8.0035592e+03   0.000000e+00   1.992663e+06      5s
   33196    7.7161306e+03   0.000000e+00   2.620113e+05     10s
   45728    7.5877888e+03   0.000000e+00   3.816583e+05     15s
   56353    7.5029893e+03   0.000000e+00   6.247661e+04     20s
   65986    7.4426804e+03   0.000000e+00   2.763525e+05     25s
   73446    7.4059460e+03   0.000000e+00   4.941159e+04     30s
   82285    7.3520139e+03   0.000000e+00   1.721510e+06     35s
Concurrent spin time: 0.02s

Solved with dual simplex

Root simplex log...

Iteration    Objective       Primal Inf.    Dual Inf.      Time
  143728    4.6372772e+03   0.000000e+00   0.000000e+00     36s

Root relaxation: objective 4.637277e+03, 143728 iterations, 33.64 seconds (42.69 work units)

    Nodes    |    Current Node    |     Objective Bounds      |     Work
 Expl Unexpl |  Obj  Depth IntInf | Incumbent    BestBd   Gap | It/Node Time

     0     0 4637.27717    0  972 5763.91675 4637.27717  19.5%     -   38s
H    0     0                    4657.8961154 4637.27717  0.44%     -   42s
H    0     0                    4654.5564098 4637.27717  0.37%     -   44s
     0     0 4638.11384    0 1443 4654.55641 4638.11384  0.35%     -   51s
     0     0 4638.11483    0 1500 4654.55641 4638.11483  0.35%     -   54s
     0     0 4638.35059    0 1601 4654.55641 4638.35059  0.35%     -   59s
     0     0 4638.35075    0 1573 4654.55641 4638.35075  0.35%     -   60s
     0     0 4638.37898    0 1824 4654.55641 4638.37898  0.35%     -   65s
     0     0 4638.38170    0 1782 4654.55641 4638.38170  0.35%     -   68s
     0     0 4638.38170    0 1783 4654.55641 4638.38170  0.35%     -   68s
     0     0 4638.38170    0 1780 4654.55641 4638.38170  0.35%     -   72s
     0     0 4638.38491    0 1758 4654.55641 4638.38491  0.35%     -   81s
     0     0 4638.38491    0 1755 4654.55641 4638.38491  0.35%     -   84s
     0     0 4638.38491    0 1740 4654.55641 4638.38491  0.35%     -   91s
     0     0 4638.38491    0 1732 4654.55641 4638.38491  0.35%     -   93s
     0     0 4638.38550    0 1733 4654.55641 4638.38550  0.35%     -   94s
     0     0 4638.38550    0 1732 4654.55641 4638.38550  0.35%     -   95s
     0     0 4638.38550    0 1732 4654.55641 4638.38550  0.35%     -   96s
     0     0 4638.38550    0 1732 4654.55641 4638.38550  0.35%     -   96s
     0     0 4638.38550    0 1060 4654.55641 4638.38550  0.35%     -   98s
H    0     2                    4652.6208273 4638.38550  0.31%     -  103s
     0     2 4638.38550    0 1032 4652.62083 4638.38550  0.31%     -  103s
     1     4 4638.65520    1 1175 4652.62083 4638.38550  0.31%  2741  106s
     3     8 4639.86835    2 1038 4652.62083 4638.39064  0.31%  3063  111s
     7    14 4640.52142    3 1027 4652.62083 4639.39990  0.28%  5610  120s
H   10    14                    4652.5976808 4639.39990  0.28%  4210  120s
    15    19 4639.67525    4 1004 4652.59768 4639.51986  0.28%  4811  141s
H   20    30                    4649.7968788 4639.51986  0.22%  4104  156s
    31    79 4640.49501    6 1095 4649.79688 4639.64135  0.22%  3854  171s
H   53    79                    4648.0307712 4639.64135  0.18%  2870  171s
    80   126 4641.23800    8  869 4648.03077 4639.64135  0.18%  2728  177s
   129   150 4641.59352    9  795 4648.03077 4639.64135  0.18%  2067  182s
   157   173 4641.59386   10  739 4648.03077 4639.64135  0.18%  1895  185s
   196   187 4642.00690   15  484 4648.03077 4639.64135  0.18%  1628  194s
   218   204 4644.90153   17  359 4648.03077 4639.64135  0.18%  1566  197s
   243   226 4642.60337   15  706 4648.03077 4639.64135  0.18%  1528  202s
   269   248 4646.73969   18  444 4648.03077 4639.69056  0.18%  1510  206s
   321   277 4642.04210   16  435 4648.03077 4639.69056  0.18%  1450  214s
   345   302 4642.29682   17  487 4648.03077 4639.69056  0.18%  1432  217s
   381   320 4643.67129   18  587 4648.03077 4639.69056  0.18%  1404  220s
H  423   360                    4648.0217389 4639.69056  0.18%  1348  224s
   459   389 4643.49527   20  425 4648.02174 4639.69056  0.18%  1266  227s
H  463   389                    4647.5584526 4639.69056  0.17%  1265  227s
   501   428 4643.74928   22  284 4647.55845 4639.69056  0.17%  1215  232s
   554   460 4645.01698   22  406 4647.55845 4639.69056  0.17%  1168  237s
H  558   460                    4647.5465546 4639.69056  0.17%  1166  237s
H  561   460                    4645.7309866 4639.69056  0.13%  1166  237s
   604   463     cutoff   24      4645.73099 4639.69056  0.13%  1124  241s
   683   502     cutoff   28      4645.73099 4639.69056  0.13%  1042  245s
H  684   502                    4645.1538626 4639.69056  0.12%  1041  245s
   748   511 4644.27841   36  199 4645.15386 4639.85626  0.11%   993  256s
   798   547 4644.34666   41  125 4645.15386 4639.85626  0.11%   971  261s
   848   588 4644.33491   52   91 4645.15386 4639.88877  0.11%   953  267s
H  902   633                    4644.9215395 4639.88877  0.11%   940  272s
H  990   625                    4644.3852828 4639.88877  0.10%   897  288s
H  993   625                    4644.0734015 4639.88877  0.09%   894  288s
H  998   625                    4643.9925958 4639.88877  0.09%   890  288s
  1020   613     cutoff   67      4643.99260 4639.88877  0.09%   882  300s
  1077   618     cutoff    9      4643.99260 4640.04400  0.09%   880  305s
H 1109   618                    4643.9925953 4640.04400  0.09%   873  305s
  1119   650 4641.05952    9  830 4643.99260 4640.04400  0.09%   874  312s
  1203   654 4642.49947    9  915 4643.99260 4640.07985  0.08%   862  318s
  1301   661     cutoff   10      4643.99260 4640.07985  0.08%   838  326s
  1387   689     cutoff    9      4643.99260 4640.07985  0.08%   830  333s
  1500   754 4642.07347   11  764 4643.99260 4640.07985  0.08%   809  340s
  1666   747 4642.97957   17  373 4643.99260 4640.07985  0.08%   751  352s
* 1730   747             121    4643.9755917 4640.07985  0.08%   725  352s
* 1733   747             121    4643.9655586 4640.07985  0.08%   724  352s
* 1769   747             114    4643.8057930 4640.53230  0.07%   713  352s
* 1783   747             113    4643.7607120 4640.53230  0.07%   708  352s
  1901   712     cutoff   45      4643.76071 4641.04982  0.06%   691  359s
  2113   813 4643.61739   98   39 4643.76071 4641.53987  0.05%   645  366s
H 2138   813                    4643.6650870 4641.53987  0.05%   637  366s
H 2141   813                    4643.6338964 4641.53987  0.05%   636  366s
  2415   680 4643.62288  133   10 4643.63390 4641.53987  0.05%   578  374s
* 2424   680             142    4643.6228762 4641.53987  0.04%   576  374s
* 2469   680             142    4643.6173855 4641.53987  0.04%   567  374s
  2670   754 4643.55900   29  175 4643.61739 4642.06411  0.03%   542  386s
  2949   676 4643.58724  101    3 4643.61739 4642.06411  0.03%   510  409s
* 2952   676             104    4643.5872364 4642.06411  0.03%   509  409s
  3075   423     cutoff  104      4643.58724 4642.06411  0.03%   495  421s
  3400   117     cutoff    8      4643.58724 4642.80776  0.02%   465  427s

Cutting planes:
  Gomory: 96
  Cover: 531
  Implied bound: 1025
  Clique: 9
  MIR: 543
  Flow cover: 1608
  Flow path: 3
  GUB cover: 1
  Network: 16
  RLT: 29
  Relax-and-lift: 300
  BQP: 7

Explored 3778 nodes (1788639 simplex iterations) in 427.66 seconds (530.79 work units)
Thread count was 24 (of 24 available processors)

Solution count 10: 4643.59 4643.59 4643.62 ... 4643.98

Optimal solution found (tolerance 1.00e-04)
Best objective 4.643587236396e+03, best bound 4.643417074934e+03, gap 0.0037%
