
Gurobi 13.0.1 (win64) logging started Fri Oct  9 11:32:08 2026

Set parameter LogFile to value "ieee_owen\weak_eps_experiment\stochastic\main17_xi\logs\n30_S20_day26_ef_gurobi.log"
Set parameter NodefileStart to value 3
Set parameter MIPGap to value 0.0001
Gurobi Optimizer version 13.0.1 build v13.0.1rc0 (win64 - Windows 10.0 (19045.2))

CPU model: AMD Ryzen 9 5900X 12-Core Processor, instruction set [SSE2|AVX|AVX2]
Thread count: 12 physical cores, 24 logical processors, using up to 24 threads

Non-default parameters:
TimeLimit  1800
NodefileStart  3
LogToConsole  0

Optimize a model with 171932 rows, 172166 columns and 734890 nonzeros (Min)
Model fingerprint: 0xc982df95
Model has 22 linear objective coefficients
Variable types: 145046 continuous, 27120 integer (27120 binary)
Coefficient statistics:
  Matrix range     [3e-04, 2e+02]
  Objective range  [5e-02, 1e+00]
  Bounds range     [9e-03, 6e+01]
  RHS range        [7e-02, 2e+01]

Presolve removed 76114 rows and 62167 columns
Presolve time: 1.85s
Presolved: 95818 rows, 109999 columns, 377944 nonzeros
Variable types: 85511 continuous, 24488 integer (24487 binary)
Found heuristic solution: objective 5831.6308680
Deterministic concurrent LP optimizer: primal and dual simplex
Showing primal log only...


Root simplex log...

Iteration    Objective       Primal Inf.    Dual Inf.      Time
   16180    8.3754196e+03   0.000000e+00   9.661353e+06      5s
   30876    8.0169733e+03   0.000000e+00   2.836544e+05     10s
   43394    7.8731700e+03   0.000000e+00   9.445531e+04     15s
   54288    7.7738608e+03   0.000000e+00   1.413717e+05     20s
   63177    7.7051025e+03   0.000000e+00   1.102696e+05     25s
   71707    7.6351003e+03   0.000000e+00   5.526770e+05     30s
   79937    7.5714403e+03   0.000000e+00   5.744653e+04     35s
   88037    7.5174452e+03   0.000000e+00   6.355147e+05     40s
   96327    7.4735587e+03   0.000000e+00   7.561891e+04     45s
  104548    7.4339131e+03   0.000000e+00   8.021889e+04     50s
  111898    7.3964631e+03   0.000000e+00   7.868726e+04     55s
  119288    7.3655538e+03   0.000000e+00   6.388242e+05     60s
Concurrent spin time: 0.00s

Solved with dual simplex

Root simplex log...

Iteration    Objective       Primal Inf.    Dual Inf.      Time
  180450    4.6713076e+03   0.000000e+00   0.000000e+00     62s

Root relaxation: objective 4.671308e+03, 180450 iterations, 59.26 seconds (77.82 work units)

    Nodes    |    Current Node    |     Objective Bounds      |     Work
 Expl Unexpl |  Obj  Depth IntInf | Incumbent    BestBd   Gap | It/Node Time

     0     0 4671.30761    0 1025 5831.63087 4671.30761  19.9%     -   63s
H    0     0                    4737.1950397 4671.30761  1.39%     -   68s
H    0     0                    4728.3285832 4671.30761  1.21%     -   73s
     0     0 4671.92289    0 1449 4728.32858 4671.92289  1.19%     -   78s
     0     0 4671.93485    0 1450 4728.32858 4671.93485  1.19%     -   91s
     0     0 4671.96427    0 1306 4728.32858 4671.96427  1.19%     -   93s
     0     0 4671.97136    0 1290 4728.32858 4671.97136  1.19%     -   94s
     0     0 4671.97136    0 1189 4728.32858 4671.97136  1.19%     -   95s
     0     0 4671.97136    0 1191 4728.32858 4671.97136  1.19%     -   97s
     0     0 4671.97136    0 1190 4728.32858 4671.97136  1.19%     -   98s
     0     0 4671.97136    0 1190 4728.32858 4671.97136  1.19%     -   99s
     0     0 4671.97136    0 1190 4728.32858 4671.97136  1.19%     -   99s
     0     0 4671.97136    0 1166 4728.32858 4671.97136  1.19%     -  100s
     0     0 4671.97136    0 1166 4728.32858 4671.97136  1.19%     -  100s
     0     0 4671.97136    0 1083 4728.32858 4671.97136  1.19%     -  102s
     0     0 4671.97136    0 1090 4728.32858 4671.97136  1.19%     -  112s
     0     0 4671.97136    0 1188 4728.32858 4671.97136  1.19%     -  113s
     0     0 4671.97136    0 1189 4728.32858 4671.97136  1.19%     -  113s
     0     0 4671.97136    0 1186 4728.32858 4671.97136  1.19%     -  114s
     0     0 4671.97136    0 1087 4728.32858 4671.97136  1.19%     -  116s
     0     0 4671.97136    0 1086 4728.32858 4671.97136  1.19%     -  117s
     0     0 4671.97136    0 1086 4728.32858 4671.97136  1.19%     -  117s
     0     0 4671.97136    0 1071 4728.32858 4671.97136  1.19%     -  117s
     0     2 4671.97136    0 1071 4728.32858 4671.97136  1.19%     -  120s
     3     8 4674.54831    2 1228 4728.32858 4671.98653  1.19%  3345  126s
     7    16 4674.69461    3 1206 4728.32858 4672.15479  1.19%  3006  131s
    15    28 4674.74039    4 1168 4728.32858 4672.48802  1.18%  3131  136s
H   25    28                    4728.3242364 4672.56629  1.18%  3129  136s
    27    42 4674.74054    5 1201 4728.32424 4672.56629  1.18%  3173  143s
H   28    42                    4727.7748232 4672.56629  1.17%  3059  143s
H   32    42                    4727.4981450 4672.56629  1.16%  2879  143s
    41    80 4675.95928    6  904 4727.49815 4672.56629  1.16%  2723  149s
H   79    93                    4726.7889129 4672.56629  1.15%  2002  155s
H   92   108                    4726.0224442 4672.56629  1.13%  2033  161s
H   96   108                    4725.9215414 4672.56629  1.13%  2057  161s
   107   134 4675.29443    9  988 4725.92154 4672.56629  1.13%  1969  168s
   133   148 4675.89476   10 1077 4725.92154 4672.56629  1.13%  2010  174s
   147   167 4675.90222   11  913 4725.92154 4672.56629  1.13%  2007  179s
   166   180 4676.02284   12  909 4725.92154 4672.56629  1.13%  2017  183s
   179   196 4676.11970   13  874 4725.92154 4672.56629  1.13%  2105  188s
   195   209 4676.43573   14  862 4725.92154 4672.56629  1.13%  2129  193s
   208   222 4677.87294   15  881 4725.92154 4672.56629  1.13%  2112  199s
H  219   222                    4725.2994833 4672.56629  1.12%  2151  199s
   221   242 4677.85672   16  800 4725.29948 4672.56629  1.12%  2154  206s
   241   257 4678.69780   17  862 4725.29948 4672.56629  1.12%  2198  213s
H  248   257                    4684.5876257 4672.56629  0.26%  2212  213s
   256   285 4678.31355   17  660 4684.58763 4672.56629  0.26%  2250  219s
   284   297 4679.39830   19  628 4684.58763 4672.56629  0.26%  2243  226s
   296   318 4680.12065   20  784 4684.58763 4672.56629  0.26%  2287  231s
   319   336     cutoff   21      4684.58763 4672.56629  0.26%  2335  235s
   344   344 4682.26096   23  556 4684.58763 4672.56629  0.26%  2305  246s
H  359   344                    4683.8115945 4672.56629  0.24%  2261  246s
   360   362     cutoff   23      4683.81159 4672.56629  0.24%  2261  257s
   402   375 4681.85384   21  477 4683.81159 4672.56629  0.24%  2213  269s
   435   398 4682.22374   23  412 4683.81159 4672.56629  0.24%  2171  275s
   474   426 4683.74154   22  224 4683.81159 4672.63806  0.24%  2118  282s
   510   462 4682.41593   25  273 4683.81159 4672.63806  0.24%  2110  290s
   562   510 4682.46223   32  146 4683.81159 4672.63806  0.24%  2015  298s
H  589   510                    4683.7782969 4672.63806  0.24%  1981  298s
H  591   510                    4683.7659231 4672.63806  0.24%  1975  298s
   614   563 4683.21844   35  136 4683.76592 4672.63806  0.24%  1947  304s
H  623   563                    4683.6745875 4672.63806  0.24%  1924  304s
   696   629 4683.31243   42  119 4683.67459 4672.63806  0.24%  1795  314s
H  700   629                    4683.6039336 4672.63806  0.23%  1785  314s
   774   677 4683.36177   54  106 4683.60393 4672.71933  0.23%  1695  326s
H  777   677                    4683.5370623 4672.71933  0.23%  1689  326s
H  836   677                    4683.3624146 4672.71933  0.23%  1628  326s
   850   728 4683.31243   61   98 4683.36241 4672.80124  0.23%  1613  332s
   946   773 4683.31243   76   74 4683.36241 4672.80124  0.23%  1508  338s
  1047   892 4683.31243   90   57 4683.36241 4672.80124  0.23%  1413  345s
  1172  1032 4683.31427   97   47 4683.36241 4672.80124  0.23%  1312  351s
  1327  1175 4683.31427  113   18 4683.36241 4673.01879  0.22%  1196  357s
* 1348  1114             130    4683.3142671 4673.01879  0.22%  1178  357s
* 1483   932             102    4682.9642622 4673.01879  0.21%  1094  357s
  1500   977     cutoff  130      4682.96426 4673.01879  0.21%  1090  365s
* 1604   976             122    4682.9615322 4673.01879  0.21%  1046  365s
  1627  1045 4675.71529   10  998 4682.96153 4673.01879  0.21%  1048  372s
* 1662  1040             117    4682.9526214 4673.01879  0.21%  1037  372s
* 1675   739              83    4680.0494655 4673.01879  0.15%  1029  372s
  1738   654 4675.73386   11  910 4680.04947 4673.01879  0.15%  1011  382s
  1791   647 4679.30829   15  761 4680.04947 4673.01879  0.15%  1011  390s
  1847   664     cutoff   17      4680.04947 4673.11446  0.15%  1021  398s
  1888   666 4678.09875    9 1026 4680.04947 4673.11446  0.15%  1042  408s
  1941   652 4678.85818   11  919 4680.04947 4673.11446  0.15%  1056  418s
  2023   646 4679.59413   13  899 4680.04947 4673.24309  0.15%  1061  428s
  2082   646     cutoff   18      4680.04947 4673.45574  0.14%  1078  439s
  2145   650 4675.77670   11  830 4680.04947 4673.46056  0.14%  1097  453s
  2193   652 4679.79398   13  485 4680.04947 4673.46056  0.14%  1122  483s
  2209   652     cutoff   14      4680.04947 4673.46056  0.14%  1123  515s
  2228   657 4676.26372   13  572 4680.04947 4673.46056  0.14%  1129  553s
  2242   654 4678.46500   14  672 4680.04947 4673.46056  0.14%  1140  591s
  2263   653     cutoff   15      4680.04947 4673.46056  0.14%  1145  625s
  2280   654 4678.93220   16  595 4680.04947 4673.46056  0.14%  1150  660s
  2297   646     cutoff   17      4680.04947 4673.46056  0.14%  1152  691s
  2319   645 4676.95072   12  428 4680.04947 4673.46056  0.14%  1156  720s
  2341   648 4678.30936   13  487 4680.04947 4673.74946  0.13%  1158  744s
  2361   653 4678.58242   14  460 4680.04947 4673.74946  0.13%  1160  767s
  2409   652     cutoff   14      4680.04947 4673.74946  0.13%  1164  787s
  2471   643     cutoff   18      4680.04947 4673.77311  0.13%  1169  812s
  2536   645 4678.92340   13  687 4680.04947 4673.77311  0.13%  1181  838s
  2590   650     cutoff   17      4680.04947 4673.97797  0.13%  1191  864s
  2654   645 4677.42668   15  626 4680.04947 4674.22437  0.12%  1206  886s
  2717   643 4677.40294   13  980 4680.04947 4674.24323  0.12%  1216  910s
  2748   651 4679.98255   15  747 4680.04947 4674.24323  0.12%  1232  934s
  2818   651 4679.05784   13  566 4680.04947 4674.31564  0.12%  1240  954s
  2933   662 4677.57158   10  752 4680.04947 4674.31564  0.12%  1247  979s
H 2958   662                    4680.0494624 4674.31564  0.12%  1241  979s
  3042   679 4679.86624   15  373 4680.04946 4674.46593  0.12%  1254 1000s
  3150   681 4679.72616   13  654 4680.04946 4674.46593  0.12%  1273 1019s
  3278   699 4678.64444   10  712 4680.04946 4674.54856  0.12%  1281 1040s
  3376   708 4676.91605    8  980 4680.04946 4674.65204  0.12%  1301 1067s
  3506   741     cutoff   14      4680.04946 4674.65204  0.12%  1315 1088s
  3612   742 4677.21791   10  906 4680.04946 4674.84529  0.11%  1333 1113s
  3732   766     cutoff   12      4680.04946 4674.97018  0.11%  1350 1143s
  3870   771 4676.97598    6 1099 4680.04946 4675.01183  0.11%  1366 1169s
  4011   793     cutoff   13      4680.04946 4675.11656  0.11%  1377 1199s
  4103   805 4679.49379   10  586 4680.04946 4675.15679  0.10%  1390 1225s
  4233   820 4679.51613   13  483 4680.04946 4675.25013  0.10%  1405 1254s
  4393   813 4678.95048    8 1182 4680.04946 4675.25013  0.10%  1411 1285s
  4533   827     cutoff    8      4680.04946 4675.56304  0.10%  1433 1315s
  4701   848 4678.68521   10  939 4680.04946 4675.65867  0.09%  1446 1348s
  4946   871     cutoff   14      4680.04946 4675.75692  0.09%  1444 1382s
  5182   881 4679.75586   12  687 4680.04946 4675.83183  0.09%  1441 1416s
  5394   877     cutoff   13      4680.04946 4675.91836  0.09%  1450 1452s
  5651   867 4677.24811    9  677 4680.04946 4676.01367  0.09%  1449 1488s
  5861   866     cutoff   17      4680.04946 4676.14145  0.08%  1460 1526s
  6137   895 4677.87463   14  701 4680.04946 4676.28560  0.08%  1458 1569s
  6443   892 4680.04518   14  641 4680.04946 4676.38911  0.08%  1448 1611s
  6726   876 4679.08311   13  435 4680.04946 4676.52350  0.08%  1450 1656s
  7079   861 4679.02252   15  566 4680.04946 4676.69719  0.07%  1441 1704s
  7412   835     cutoff   11      4680.04946 4676.82860  0.07%  1437 1753s
  7790   786 4679.41647   12  936 4680.04946 4677.07042  0.06%  1432 1800s

Cutting planes:
  Gomory: 5
  Cover: 740
  Implied bound: 1674
  MIR: 397
  Flow cover: 1125
  Network: 21
  RLT: 3
  Relax-and-lift: 206
  BQP: 9

Explored 8122 nodes (11821482 simplex iterations) in 1800.38 seconds (2289.16 work units)
Thread count was 24 (of 24 available processors)

Solution count 10: 4680.05 4680.05 4682.95 ... 4683.67

Time limit reached
Best objective 4.680049462447e+03, best bound 4.677236605122e+03, gap 0.0601%
