
Gurobi 13.0.1 (win64) logging started Thu Oct  8 20:48:56 2026

Set parameter LogFile to value "ieee_owen\weak_eps_experiment\stochastic\main17_xi\logs\n30_S20_day17_ef_gurobi.log"
Set parameter NodefileStart to value 3
Set parameter MIPGap to value 0.0001
Gurobi Optimizer version 13.0.1 build v13.0.1rc0 (win64 - Windows 10.0 (19045.2))

CPU model: AMD Ryzen 9 5900X 12-Core Processor, instruction set [SSE2|AVX|AVX2]
Thread count: 12 physical cores, 24 logical processors, using up to 24 threads

Non-default parameters:
TimeLimit  1800
NodefileStart  3
LogToConsole  0

Optimize a model with 171932 rows, 172166 columns and 734890 nonzeros (Min)
Model fingerprint: 0x515e6ade
Model has 22 linear objective coefficients
Variable types: 145046 continuous, 27120 integer (27120 binary)
Coefficient statistics:
  Matrix range     [3e-04, 2e+02]
  Objective range  [5e-02, 1e+00]
  Bounds range     [1e-02, 6e+01]
  RHS range        [7e-02, 2e+01]

Presolve removed 76122 rows and 62167 columns
Presolve time: 1.70s
Presolved: 95810 rows, 109999 columns, 378042 nonzeros
Variable types: 85510 continuous, 24489 integer (24488 binary)
Found heuristic solution: objective 6144.6419871
Deterministic concurrent LP optimizer: primal and dual simplex
Showing primal log only...


Root simplex log...

Iteration    Objective       Primal Inf.    Dual Inf.      Time
   17037    8.2523489e+03   0.000000e+00   5.032930e+04      5s
   32585    8.0076347e+03   0.000000e+00   1.315915e+06     10s
   44865    7.8977116e+03   0.000000e+00   9.507685e+04     15s
   55222    7.8280387e+03   0.000000e+00   4.351614e+05     20s
   64970    7.7723753e+03   0.000000e+00   3.027602e+05     25s
   73937    7.7261816e+03   0.000000e+00   1.179122e+05     30s
   83332    7.6694012e+03   0.000000e+00   8.239329e+04     35s
   93212    7.6183486e+03   0.000000e+00   8.547655e+04     40s
  102172    7.5845547e+03   0.000000e+00   1.393839e+05     45s
  110541    7.5516357e+03   0.000000e+00   2.229454e+05     50s
  119089    7.5104083e+03   0.000000e+00   1.802127e+05     55s
  126149    7.4790488e+03   0.000000e+00   7.403987e+04     60s
  133069    7.4556200e+03   0.000000e+00   4.684497e+04     65s
  140190    7.4261062e+03   0.000000e+00   9.966627e+04     70s
  148210    7.3895489e+03   0.000000e+00   6.157871e+04     75s
  155681    7.3626475e+03   0.000000e+00   8.538237e+04     80s
Concurrent spin time: 0.00s

Solved with dual simplex

Root simplex log...

Iteration    Objective       Primal Inf.    Dual Inf.      Time
  213445    4.9657357e+03   0.000000e+00   0.000000e+00     83s

Root relaxation: objective 4.965736e+03, 213445 iterations, 80.48 seconds (106.69 work units)

    Nodes    |    Current Node    |     Objective Bounds      |     Work
 Expl Unexpl |  Obj  Depth IntInf | Incumbent    BestBd   Gap | It/Node Time

     0     0 4965.73566    0  872 6144.64199 4965.73566  19.2%     -   85s
H    0     0                    5040.0561105 4965.73566  1.47%     -   93s
H    0     0                    4998.7331951 4965.73566  0.66%     -   98s
     0     0 4966.05873    0  978 4998.73320 4966.05873  0.65%     -  106s
     0     0 4966.07823    0  978 4998.73320 4966.07823  0.65%     -  117s
     0     0 4966.18252    0 1080 4998.73320 4966.18252  0.65%     -  120s
     0     0 4966.19950    0 1035 4998.73320 4966.19950  0.65%     -  125s
     0     0 4966.19950    0  920 4998.73320 4966.19950  0.65%     -  126s
     0     0 4966.19960    0  915 4998.73320 4966.19960  0.65%     -  132s
     0     0 4966.19960    0  959 4998.73320 4966.19960  0.65%     -  133s
     0     0 4966.19992    0  959 4998.73320 4966.19992  0.65%     -  134s
     0     0 4966.19992    0  915 4998.73320 4966.19992  0.65%     -  134s
     0     0 4966.20120    0  916 4998.73320 4966.20120  0.65%     -  138s
     0     0 4966.20120    0 1025 4998.73320 4966.20120  0.65%     -  139s
     0     0 4966.36113    0 1029 4998.73320 4966.36113  0.65%     -  140s
     0     0 4966.36113    0 1029 4998.73320 4966.36113  0.65%     -  141s
     0     0 4966.36113    0 1030 4998.73320 4966.36113  0.65%     -  144s
     0     0 4966.36113    0 1032 4998.73320 4966.36113  0.65%     -  145s
     0     0 4966.36113    0 1032 4998.73320 4966.36113  0.65%     -  145s
     0     0 4966.36113    0  789 4998.73320 4966.36113  0.65%     -  147s
H    0     2                    4998.7210176 4966.36113  0.65%     -  155s
     0     2 4966.36113    0  787 4998.72102 4966.36113  0.65%     -  155s
     3     8 4970.08782    2  779 4998.72102 4966.36113  0.65%  3499  160s
H    7    16                    4998.5984269 4966.46766  0.64%  2179  166s
    15    28 4970.52577    4  968 4998.59843 4966.84203  0.64%  2729  176s
    27    52 4970.71683    5  880 4998.59843 4967.18577  0.63%  3673  183s
H   32    52                    4998.1365192 4967.18577  0.62%  3284  183s
H   33    52                    4998.0264021 4967.18577  0.62%  3293  183s
H   36    52                    4997.9942956 4967.18577  0.62%  3175  183s
    51    66 4971.59586    8  941 4997.99430 4967.18577  0.62%  2769  190s
H   54    66                    4997.9879893 4967.18577  0.62%  2680  190s
H   58    66                    4997.8379819 4967.18577  0.61%  2587  190s
    65    86 4976.34686    8  667 4997.83798 4967.18577  0.61%  2773  196s
    85   114 4971.70117    9  850 4997.83798 4967.18577  0.61%  2909  204s
   113   128 4972.36186   10  986 4997.83798 4967.18577  0.61%  2745  210s
   127   148 4972.53449   11 1078 4997.83798 4967.18577  0.61%  2656  218s
   147   164 4973.35451   12  996 4997.83798 4967.18577  0.61%  2558  223s
H  159   164                    4997.7732362 4967.18577  0.61%  2470  223s
   163   182 4974.11740   13  867 4997.77324 4967.18577  0.61%  2461  230s
   181   210 4975.21716   16  816 4997.77324 4967.18577  0.61%  2412  235s
H  194   210                    4992.4513701 4967.18577  0.51%  2359  235s
   209   237 4975.64068   19  783 4992.45137 4967.18577  0.51%  2295  243s
   236   254 4976.12626   22  563 4992.45137 4967.18577  0.51%  2277  249s
   253   284 4976.70047   23  490 4992.45137 4967.18577  0.51%  2256  253s
   283   310 4976.78238   27  406 4992.45137 4967.18577  0.51%  2149  257s
H  288   310                    4992.4089052 4967.18577  0.51%  2132  257s
   309   337 4977.03062   30  445 4992.40891 4967.18577  0.51%  2072  263s
H  322   337                    4987.6875013 4967.18577  0.41%  2034  263s
   336   390 4977.13047   34  187 4987.68750 4967.18577  0.41%  2001  268s
   389   432 4977.13047   39  167 4987.68750 4967.18577  0.41%  1827  273s
H  431   479                    4980.4457332 4967.18577  0.27%  1773  278s
   478   518 4977.74543   51   79 4980.44573 4967.18577  0.27%  1677  286s
   545   585 4977.74543   59   71 4980.44573 4967.18577  0.27%  1560  292s
   616   655 4977.74543   67   60 4980.44573 4967.18577  0.27%  1446  300s
   697   729 4977.74543   74   48 4980.44573 4967.18577  0.27%  1339  307s
   784   745 4977.74543   83   40 4980.44573 4967.18577  0.27%  1245  314s
   882   845 4977.74543   94   30 4980.44573 4967.18577  0.27%  1150  319s
   993   966 4977.74543  108   16 4980.44573 4967.18577  0.27%  1044  325s
* 1120   752             124    4977.7454256 4967.18577  0.21%   960  335s
* 1157   752             113    4975.5194774 4967.18577  0.17%   930  335s
  1255   633     cutoff  137      4975.51948 4967.18577  0.17%   909  344s
  1302   624     cutoff   23      4975.51948 4967.30297  0.17%   935  356s
  1347   622 4969.20965    7 1278 4975.51948 4967.30977  0.17%   989  366s
  1371   615 4969.41716    8 1229 4975.51948 4967.30977  0.17%  1008  376s
  1417   621 4974.69175    7  974 4975.51948 4967.30977  0.17%  1034  386s
  1451   630     cutoff    8      4975.51948 4967.30977  0.17%  1063  397s
  1498   646 4975.07210    8  970 4975.51948 4970.12739  0.11%  1081  406s
  1552   659     cutoff   18      4975.51948 4970.73569  0.10%  1083  417s
  1618   636     cutoff   10      4975.51948 4970.87553  0.09%  1091  434s
  1656   638 4973.50627    6  933 4975.51948 4971.16146  0.09%  1101  453s
  1699   628     cutoff    9      4975.51948 4971.16426  0.09%  1099  470s
  1748   624 4974.47217    7  819 4975.51948 4971.16426  0.09%  1109  490s
  1811   631     cutoff   24      4975.51948 4972.27237  0.07%  1099  507s
  1888   648 4974.91716   24  479 4975.51948 4972.27237  0.07%  1086  525s
  1968   660     cutoff   22      4975.51948 4972.32770  0.06%  1067  543s
  2051   613     cutoff   27      4975.51948 4973.02933  0.05%  1058  563s
  2117   610 4975.41329   27  277 4975.51948 4973.02933  0.05%  1066  583s
  2145   623     cutoff   28      4975.51948 4973.50540  0.04%  1064  600s
  2257   630 4975.18261   32  368 4975.51948 4973.59053  0.04%  1039  622s
  2294   670     cutoff   38      4975.51948 4973.59053  0.04%  1040  640s
  2433   653 4975.10850   26  246 4975.51948 4973.77885  0.03%  1008  659s
  2541   646 infeasible   25      4975.51948 4973.78321  0.03%   989  678s
  2657   680 4974.92653   24  430 4975.51948 4974.00324  0.03%   975  696s
  2797   666 4975.16593   21  341 4975.51948 4974.08076  0.03%   953  716s
  2919   692 4975.21879   38  266 4975.51948 4974.22241  0.03%   937  741s
  3129   672 4975.33422   40  213 4975.51948 4974.25647  0.03%   901  759s
  3244   727     cutoff   41      4975.51948 4974.33190  0.02%   884  778s
  3479   817 4975.48283   41  172 4975.51948 4974.36005  0.02%   847  795s
* 3643   817             115    4975.4898705 4974.36005  0.02%   815  795s
H 3826   724                    4975.4895355 4974.40644  0.02%   792  824s
H 3826   723                    4975.4892801 4974.40644  0.02%   792  824s
  3827   718 4975.16128   40  789 4975.48928 4974.40644  0.02%   791  914s
  3829   719 4975.25030   40 1427 4975.48928 4974.40644  0.02%   791 1011s
  3830   720 4975.43774   32 1670 4975.48928 4974.40644  0.02%   791 1017s
  3833   722 4975.33888   26 1648 4975.48928 4974.40644  0.02%   790 1020s
  3834   723 4974.91732   32 1088 4975.48928 4974.40644  0.02%   790 1099s
  3835   723 4975.34372   31 1088 4975.48928 4974.40644  0.02%   790 1114s
  3836   727 4974.40644   11 1150 4975.48928 4974.40644  0.02%   854 1122s
  3838   730 4974.40644   12 1440 4975.48928 4974.40644  0.02%   857 1130s
  3842   731 4974.40644   13 1393 4975.48928 4974.40644  0.02%   862 1138s
H 3845   693                    4975.4892788 4974.40644  0.02%   862 1138s
  3850   693 4974.40644   14 1332 4975.48928 4974.40644  0.02%   868 1144s
  3860   694 4974.40644   15 1309 4975.48928 4974.40644  0.02%   872 1152s
  3880   681 4974.40644   16 1366 4975.48928 4974.40644  0.02%   881 1157s
  3917   673     cutoff   18      4975.48928 4974.40644  0.02%   880 1164s
  3930   677 4974.40644   23 1110 4975.48928 4974.40644  0.02%   885 1169s
  3948   680 4974.40644   24 1078 4975.48928 4974.40644  0.02%   888 1176s
  3969   673     cutoff   26      4975.48928 4974.40644  0.02%   899 1183s
  3989   672 4975.12840   32  650 4975.48928 4974.40644  0.02%   904 1191s
  4007   669     cutoff   33      4975.48928 4974.40644  0.02%   908 1199s
  4026   669 4975.18070   30  877 4975.48928 4974.40644  0.02%   911 1205s
  4054   661 4975.47369   31  811 4975.48928 4974.40644  0.02%   912 1212s
  4075   654 4975.47369   32  812 4975.48928 4974.40644  0.02%   914 1221s
  4098   663 4974.58920   33  489 4975.48928 4974.40644  0.02%   918 1225s
  4197   684 4974.79561   35  446 4975.48928 4974.40644  0.02%   911 1232s
  4265   673 4974.84596   42  383 4975.48928 4974.40644  0.02%   901 1236s
  4333   681 4974.91732   47  397 4975.48928 4974.40644  0.02%   894 1240s
  4401   696 4975.47598   29  708 4975.48928 4974.40644  0.02%   888 1245s
  4531   662     cutoff   38      4975.48928 4974.40644  0.02%   881 1253s
  4594   741 4974.89121   52  325 4975.48928 4974.41777  0.02%   877 1262s
  4827   738 4974.75673   44  452 4975.48928 4974.58921  0.02%   851 1272s
  5093   653 4975.23086   48  374 4975.48928 4974.62119  0.02%   825 1288s
  5114   830 4975.41446   48  354 4975.48928 4974.62119  0.02%   823 1301s
  5455   932     cutoff   48      4975.48928 4974.63152  0.02%   788 1311s
* 5590   853             195    4975.4736293 4974.63529  0.02%   771 1311s
  5817   801     cutoff   56      4975.47363 4974.64894  0.02%   750 1321s
  6132   875 4975.40357  204   44 4975.47363 4974.73118  0.01%   723 1329s
* 6166   826             237    4975.4194516 4974.73118  0.01%   719 1329s
H 6178   826                    4975.4164303 4974.73118  0.01%   718 1329s
  6505   623     cutoff   44      4975.41643 4974.80879  0.01%   689 1355s
  6552   692 4975.24433   39  402 4975.41643 4974.84152  0.01%   686 1378s
  6683   771 4975.24433   40  401 4975.41643 4974.84152  0.01%   676 1400s
  6905   901     cutoff   41      4975.41643 4974.84152  0.01%   658 1426s
* 6914   853             252    4975.4162076 4974.84152  0.01%   658 1426s
  7215   785 4975.38032   40  367 4975.41621 4974.84165  0.01%   633 1442s
* 7523   725             230    4975.4157950 4974.85645  0.01%   618 1442s
  7800   980     cutoff   46      4975.41580 4974.87617  0.01%   604 1457s
* 8354   960             235    4975.4088594 4974.91294  0.01%   570 1458s

Cutting planes:
  Gomory: 32
  Cover: 1
  Implied bound: 2
  MIR: 77
  Flow cover: 260
  RLT: 3
  Relax-and-lift: 33

Explored 8409 nodes (4999690 simplex iterations) in 1458.46 seconds (1875.82 work units)
Thread count was 24 (of 24 available processors)

Solution count 10: 4975.41 4975.42 4975.42 ... 4975.49

Optimal solution found (tolerance 1.00e-04)
Best objective 4.975408859415e+03, best bound 4.974912939677e+03, gap 0.0100%
