
Gurobi 13.0.1 (win64) logging started Fri Oct  9 03:36:59 2026

Set parameter LogFile to value "ieee_owen\weak_eps_experiment\stochastic\main17_xi\logs\n30_S20_day21_ef_gurobi.log"
Set parameter NodefileStart to value 3
Set parameter MIPGap to value 0.0001
Gurobi Optimizer version 13.0.1 build v13.0.1rc0 (win64 - Windows 10.0 (19045.2))

CPU model: AMD Ryzen 9 5900X 12-Core Processor, instruction set [SSE2|AVX|AVX2]
Thread count: 12 physical cores, 24 logical processors, using up to 24 threads

Non-default parameters:
TimeLimit  1800
NodefileStart  3
LogToConsole  0

Optimize a model with 171932 rows, 172166 columns and 734890 nonzeros (Min)
Model fingerprint: 0x23d0a346
Model has 22 linear objective coefficients
Variable types: 145046 continuous, 27120 integer (27120 binary)
Coefficient statistics:
  Matrix range     [3e-04, 2e+02]
  Objective range  [5e-02, 1e+00]
  Bounds range     [7e-03, 6e+01]
  RHS range        [7e-02, 2e+01]

Presolve removed 76154 rows and 62211 columns
Presolve time: 1.66s
Presolved: 95778 rows, 109955 columns, 377745 nonzeros
Variable types: 85480 continuous, 24475 integer (24474 binary)
Found heuristic solution: objective 5551.1181476
Deterministic concurrent LP optimizer: primal and dual simplex
Showing primal log only...


Root simplex log...

Iteration    Objective       Primal Inf.    Dual Inf.      Time
   18237    7.9714801e+03   0.000000e+00   1.664586e+05      5s
   34086    7.6761525e+03   0.000000e+00   1.264818e+05     10s
   46182    7.5066438e+03   0.000000e+00   1.517980e+05     15s
   55924    7.3885657e+03   0.000000e+00   1.352690e+06     20s
   64223    7.3136129e+03   0.000000e+00   8.209609e+04     25s
   72413    7.2549976e+03   0.000000e+00   5.581075e+05     30s
   81530    7.1867938e+03   0.000000e+00   1.221861e+05     35s
   89679    7.1438565e+03   0.000000e+00   2.082863e+05     40s
   97848    7.0976656e+03   0.000000e+00   7.379921e+04     45s
  105598    7.0553247e+03   0.000000e+00   9.000396e+05     50s
  112599    7.0193936e+03   0.000000e+00   1.181882e+05     55s
  119299    6.9907905e+03   0.000000e+00   3.504037e+05     60s
  125889    6.9565513e+03   0.000000e+00   1.371648e+05     65s
  133060    6.9171207e+03   0.000000e+00   8.506875e+04     70s
Concurrent spin time: 0.00s

Solved with dual simplex

Root simplex log...

Iteration    Objective       Primal Inf.    Dual Inf.      Time
  196808    4.4033481e+03   0.000000e+00   0.000000e+00     73s

Root relaxation: objective 4.403348e+03, 196808 iterations, 70.97 seconds (93.45 work units)

    Nodes    |    Current Node    |     Objective Bounds      |     Work
 Expl Unexpl |  Obj  Depth IntInf | Incumbent    BestBd   Gap | It/Node Time

     0     0 4403.34805    0 1000 5551.11815 4403.34805  20.7%     -   75s
H    0     0                    4456.8584390 4403.34805  1.20%     -   81s
H    0     0                    4454.7648740 4403.34805  1.15%     -   85s
     0     0 4403.39200    0 1073 4454.76487 4403.39200  1.15%     -   90s
H    0     0                    4450.2180298 4403.39246  1.05%     -   95s
     0     0 4403.39246    0 1073 4450.21803 4403.39246  1.05%     -   99s
H    0     0                    4450.2042670 4403.39246  1.05%     -  100s
     0     0 4403.39388    0 1234 4450.20427 4403.39388  1.05%     -  100s
     0     0 4403.39559    0 1233 4450.20427 4403.39559  1.05%     -  104s
     0     0 4403.39762    0 1286 4450.20427 4403.39762  1.05%     -  105s
     0     0 4403.40815    0 1285 4450.20427 4403.40815  1.05%     -  110s
     0     0 4403.40815    0 1093 4450.20427 4403.40815  1.05%     -  111s
     0     0 4403.40858    0 1093 4450.20427 4403.40858  1.05%     -  111s
     0     0 4403.40858    0 1093 4450.20427 4403.40858  1.05%     -  112s
     0     0 4403.40858    0 1075 4450.20427 4403.40858  1.05%     -  113s
     0     0 4403.40858    0 1075 4450.20427 4403.40858  1.05%     -  113s
     0     0 4403.40858    0 1075 4450.20427 4403.40858  1.05%     -  113s
     0     0 4403.40858    0 1015 4450.20427 4403.40858  1.05%     -  114s
     0     2 4403.41141    0 1015 4450.20427 4403.41141  1.05%     -  119s
     1     4 4403.52638    1 1203 4450.20427 4403.41205  1.05%  3669  121s
     7    16 4405.35988    3 1290 4450.20427 4403.51825  1.05%  2319  127s
    15    28 4405.43719    4 1386 4450.20427 4403.66965  1.05%  2480  138s
    27    46 4407.02760    5  936 4450.20427 4403.73271  1.04%  4096  145s
    45    66 4407.33123    6  856 4450.20427 4403.73271  1.04%  3285  150s
    65    84 4407.98167    6  836 4450.20427 4403.73271  1.04%  2610  157s
    83    98 4407.33123    7  965 4450.20427 4403.73271  1.04%  2351  162s
    97   110 4408.71731    7  862 4450.20427 4403.73271  1.04%  2301  168s
   109   122 4407.48092    8  904 4450.20427 4403.73271  1.04%  2255  176s
H  112   122                    4448.9637457 4403.73271  1.02%  2217  176s
H  114   122                    4426.8784304 4403.73271  0.52%  2199  176s
   121   146 4409.22403    8 1101 4426.87843 4403.73271  0.52%  2276  183s
   145   165 4407.85738    9 1093 4426.87843 4403.73271  0.52%  2277  190s
   164   192 4409.00556   11  755 4426.87843 4403.73271  0.52%  2325  198s
   191   217 4412.23642   13  720 4426.87843 4403.73271  0.52%  2464  204s
   216   248 4415.59902   17  492 4426.87843 4403.73271  0.52%  2487  209s
   247   281 4415.38227   20  323 4426.87843 4403.73271  0.52%  2428  214s
H  263   281                    4425.9874851 4403.73271  0.50%  2347  214s
   280   325 4415.47852   24  277 4425.98749 4403.73271  0.50%  2302  219s
H  290   325                    4417.4383925 4403.73271  0.31%  2233  219s
H  324   331                    4416.5838391 4403.73271  0.29%  2102  240s
H  326   331                    4415.7523421 4403.73271  0.27%  2093  240s
H  341   331                    4414.1415420 4403.73271  0.24%  2044  240s
   342   332     cutoff   28      4414.14154 4403.73271  0.24%  2040  251s
   365   376 4406.70754    9  538 4414.14154 4403.73271  0.24%  2003  257s
H  387   376                    4413.5088687 4403.73271  0.22%  1947  257s
   411   400 4407.70305    9  660 4413.50887 4403.73271  0.22%  1920  263s
H  430   400                    4413.4302296 4403.73271  0.22%  1901  263s
   459   452 4410.08994   10  587 4413.43023 4403.73271  0.22%  1839  269s
   513   512 4412.17742   12  559 4413.43023 4403.73271  0.22%  1759  274s
H  525   512                    4413.3996692 4403.73271  0.22%  1769  274s
H  533   512                    4413.3795187 4403.73271  0.22%  1743  274s
H  570   512                    4412.5199990 4403.73271  0.20%  1655  274s
   573   541 4410.46809   14  276 4412.52000 4403.73271  0.20%  1655  281s
H  579   541                    4411.8627952 4403.73271  0.18%  1643  281s
   637   566 4410.57579   19  134 4411.86280 4403.76840  0.18%  1589  287s
H  645   566                    4411.6554841 4403.76840  0.18%  1572  287s
   690   581 4410.59184   26  105 4411.65548 4403.76840  0.18%  1553  295s
H  697   581                    4411.5290422 4403.76840  0.18%  1544  295s
H  700   581                    4411.4643665 4403.76840  0.17%  1538  295s
   747   616 4411.28984   35   66 4411.46437 4403.76840  0.17%  1530  302s
H  752   616                    4411.4225879 4403.76840  0.17%  1520  302s
H  755   616                    4411.4223830 4403.76840  0.17%  1514  302s
H  758   616                    4411.3972778 4403.76840  0.17%  1508  302s
   824   625 4411.28984   43   60 4411.39728 4403.76840  0.17%  1464  310s
H  882   635                    4411.3904762 4403.76840  0.17%  1438  325s
   896   701 4411.28984   52   44 4411.39048 4403.76840  0.17%  1457  330s
   974   716 4411.28984   62   32 4411.39048 4403.76840  0.17%  1396  338s
  1094   723 4411.28984   72   20 4411.39048 4403.76840  0.17%  1300  345s
* 1141   723             101    4411.3567359 4403.76840  0.17%  1267  345s
  1190   679 4411.29764   79   11 4411.35674 4403.76840  0.17%  1248  353s
* 1201   679              89    4411.2976400 4403.76840  0.17%  1237  353s
* 1223   679              88    4411.2908279 4403.76840  0.17%  1221  353s
  1287   648     cutoff   89      4411.29083 4403.76840  0.17%  1210  366s
  1378   647 4411.24352   12  733 4411.29083 4403.76840  0.17%  1204  376s
  1434   635 4407.59081    6  668 4411.29083 4404.20415  0.16%  1222  384s
  1491   649 4410.99375    7  537 4411.29083 4405.44324  0.13%  1241  393s
  1545   653 4410.54153    8  445 4411.29083 4405.55171  0.13%  1252  402s
  1636   633     cutoff   13      4411.29083 4405.60939  0.13%  1242  415s
  1695   639 4408.82867   10  655 4411.29083 4405.60939  0.13%  1266  425s
  1764   650     cutoff   12      4411.29083 4405.73355  0.13%  1268  435s
  1860   697 4410.25093    9  688 4411.29083 4405.73355  0.13%  1264  447s
  1980   655 4410.61666   10  690 4411.29083 4405.73355  0.13%  1241  459s
* 2029   655              83    4411.2900598 4405.73355  0.13%  1238  459s
* 2052   655              86    4411.2898405 4405.73355  0.13%  1229  459s
  2125   624     cutoff    9      4411.28984 4405.80294  0.12%  1207  473s
  2207   617     cutoff   10      4411.28984 4405.80294  0.12%  1225  486s
  2296   616 4410.42153   10  706 4411.28984 4406.10781  0.12%  1232  498s
  2392   625     cutoff   11      4411.28984 4406.44988  0.11%  1240  512s
  2511   609 4410.34379   12  499 4411.28984 4406.52443  0.11%  1240  527s
  2644   591     cutoff   15      4411.28984 4406.99606  0.10%  1239  541s
  2765   572 4411.03715   12  560 4411.28984 4407.28998  0.09%  1239  557s
  2894   564     cutoff   14      4411.28984 4407.53921  0.09%  1240  573s
  3027   538     cutoff   15      4411.28984 4407.62593  0.08%  1240  590s
  3158   523 4410.21001   10  587 4411.28984 4408.35914  0.07%  1233  608s
  3247   528     cutoff   11      4411.28984 4408.78076  0.06%  1222  624s
H 3512   785                    4411.2888311 4409.33664  0.04%  1178  640s
* 3593   785              98    4411.2519855 4409.33664  0.04%  1152  640s
H 4098   186                    4410.9562389 4409.33664  0.04%  1047  673s
H 4098   163                    4410.8987855 4409.33664  0.04%  1047  674s
H 4098   121                    4410.7476298 4409.33664  0.03%  1047  679s
  4099    69 4409.33664   11 1015 4410.74763 4409.33664  0.03%  1046  757s
  4101    70 4410.62087   23 1245 4410.74763 4409.33664  0.03%  1046  849s
  4102    71 4410.48404   17 1361 4410.74763 4409.33664  0.03%  1046  851s
  4106    74 4410.60340   19 1081 4410.74763 4409.33664  0.03%  1045  937s
  4107    74 4410.49800   16 1081 4410.74763 4409.33664  0.03%  1044  950s
  4108    77 4409.33664   11  987 4410.74763 4409.33664  0.03%  1102  959s
  4109    78 4409.33664   12 1264 4410.74763 4409.33664  0.03%  1106  966s
  4116    87 4409.33664   14 1260 4410.74763 4409.33664  0.03%  1107  971s
  4124    95 4410.16426   15 1111 4410.74763 4409.33664  0.03%  1113  975s
  4136   108 4410.18370   16 1275 4410.74763 4409.33664  0.03%  1116  982s
  4159   106     cutoff   17      4410.74763 4409.33664  0.03%  1127  987s
  4193    93 4409.33664   17 1442 4410.74763 4409.33664  0.03%  1133  992s
  4223    79 4410.21540   18 1281 4410.74763 4409.33664  0.03%  1137 1000s
  4253    69 4410.47293   19 1042 4410.74763 4409.33664  0.03%  1138 1007s
  4274    69 4410.47293   20 1081 4410.74763 4409.33664  0.03%  1140 1015s
  4295    55 4410.21517   18 1299 4410.74763 4409.33664  0.03%  1144 1022s
  4377    37 4409.95591   20  696 4410.74763 4409.33664  0.03%  1137 1027s
  4417    54 4410.64046   22  684 4410.74763 4409.33664  0.03%  1135 1030s
  4597    26     cutoff   27      4410.74763 4409.89462  0.02%  1106 1036s
  4714    16     cutoff   22      4410.74763 4409.90274  0.02%  1087 1040s

Cutting planes:
  Gomory: 7
  Cover: 2
  Implied bound: 21
  MIR: 47
  Flow cover: 230
  Relax-and-lift: 30

Explored 4872 nodes (5380577 simplex iterations) in 1044.10 seconds (1397.01 work units)
Thread count was 24 (of 24 available processors)

Solution count 10: 4410.75 4410.75 4410.9 ... 4411.29

Optimal solution found (tolerance 1.00e-04)
Best objective 4.410747629756e+03, best bound 4.410500937311e+03, gap 0.0056%
