
Gurobi 13.0.1 (win64) logging started Fri Oct  9 02:04:51 2026

Set parameter LogFile to value "ieee_owen\weak_eps_experiment\stochastic\main17_xi\logs\n30_S20_day20_ef_gurobi.log"
Set parameter NodefileStart to value 3
Set parameter MIPGap to value 0.0001
Gurobi Optimizer version 13.0.1 build v13.0.1rc0 (win64 - Windows 10.0 (19045.2))

CPU model: AMD Ryzen 9 5900X 12-Core Processor, instruction set [SSE2|AVX|AVX2]
Thread count: 12 physical cores, 24 logical processors, using up to 24 threads

Non-default parameters:
TimeLimit  1800
NodefileStart  3
LogToConsole  0

Optimize a model with 171932 rows, 172166 columns and 734890 nonzeros (Min)
Model fingerprint: 0xb1e684e6
Model has 22 linear objective coefficients
Variable types: 145046 continuous, 27120 integer (27120 binary)
Coefficient statistics:
  Matrix range     [3e-04, 2e+02]
  Objective range  [5e-02, 1e+00]
  Bounds range     [1e-02, 6e+01]
  RHS range        [7e-02, 2e+01]

Presolve removed 76124 rows and 62181 columns
Presolve time: 1.62s
Presolved: 95808 rows, 109985 columns, 377867 nonzeros
Variable types: 85501 continuous, 24484 integer (24483 binary)
Found heuristic solution: objective 5592.0072800
Deterministic concurrent LP optimizer: primal and dual simplex
Showing primal log only...


Root simplex log...

Iteration    Objective       Primal Inf.    Dual Inf.      Time
   19389    8.2016134e+03   0.000000e+00   1.470428e+05      5s
   33763    8.0234749e+03   0.000000e+00   3.016996e+05     10s
   47043    7.8810887e+03   0.000000e+00   9.860813e+04     15s
   58676    7.6818788e+03   0.000000e+00   6.507821e+05     20s
   69209    7.5149201e+03   0.000000e+00   6.172186e+05     25s
   79245    7.3772708e+03   0.000000e+00   1.030104e+05     30s
   88982    7.2988469e+03   0.000000e+00   1.272096e+05     35s
   97318    7.2420382e+03   0.000000e+00   6.331456e+04     40s
  105391    7.1877406e+03   0.000000e+00   3.953420e+05     45s
  113648    7.1303222e+03   0.000000e+00   7.269186e+04     50s
  121928    7.0813704e+03   0.000000e+00   3.497471e+04     55s
Concurrent spin time: 0.00s

Solved with dual simplex

Root simplex log...

Iteration    Objective       Primal Inf.    Dual Inf.      Time
  168758    4.3658632e+03   0.000000e+00   0.000000e+00     55s

Root relaxation: objective 4.365863e+03, 168758 iterations, 52.94 seconds (68.35 work units)

    Nodes    |    Current Node    |     Objective Bounds      |     Work
 Expl Unexpl |  Obj  Depth IntInf | Incumbent    BestBd   Gap | It/Node Time

     0     0 4365.86324    0  747 5592.00728 4365.86324  21.9%     -   56s
H    0     0                    4418.6694744 4365.86324  1.20%     -   60s
H    0     0                    4415.8886019 4365.86324  1.13%     -   63s
     0     0 4366.38506    0  815 4415.88860 4366.38506  1.12%     -   66s
     0     0 4366.38506    0  815 4415.88860 4366.38506  1.12%     -   66s
H    0     0                    4411.9903476 4366.38753  1.03%     -   71s
H    0     0                    4410.0063347 4366.38753  0.99%     -   74s
     0     0 4366.41890    0  941 4410.00633 4366.41890  0.99%     -   76s
     0     0 4366.41890    0  942 4410.00633 4366.41890  0.99%     -   76s
     0     0 4366.64833    0  764 4410.00633 4366.64833  0.98%     -   78s
     0     0 4366.65312    0  764 4410.00633 4366.65312  0.98%     -   81s
     0     0 4366.71658    0  774 4410.00633 4366.71658  0.98%     -   82s
     0     0 4366.71658    0  776 4410.00633 4366.71658  0.98%     -   84s
     0     0 4366.73957    0  673 4410.00633 4366.73957  0.98%     -   85s
     0     0 4366.73957    0  677 4410.00633 4366.73957  0.98%     -   86s
     0     0 4366.73957    0  670 4410.00633 4366.73957  0.98%     -   87s
     0     0 4366.93802    0  670 4410.00633 4366.93802  0.98%     -   89s
     0     0 4366.93802    0  667 4410.00633 4366.93802  0.98%     -   90s
     0     0 4366.93802    0  606 4410.00633 4366.93802  0.98%     -   92s
H    0     0                    4409.4600516 4366.93802  0.96%     -   95s
     0     0 4366.94017    0  629 4409.46005 4366.94017  0.96%     -   96s
     0     0 4366.94017    0  656 4409.46005 4366.94017  0.96%     -   96s
     0     0 4366.94017    0  609 4409.46005 4366.94017  0.96%     -   97s
H    0     0                    4409.2000464 4366.94017  0.96%     -  100s
     0     0 4366.95695    0  609 4409.20005 4366.95695  0.96%     -  101s
     0     0 4367.24542    0  656 4409.20005 4367.24542  0.95%     -  102s
     0     0 4367.24542    0  656 4409.20005 4367.24542  0.95%     -  102s
     0     0 4367.24542    0  577 4409.20005 4367.24542  0.95%     -  103s
H    0     0                    4394.1019359 4367.28828  0.61%     -  104s
H    0     0                    4394.0975282 4367.28828  0.61%     -  104s
     0     0 4367.28828    0  597 4394.09753 4367.28828  0.61%     -  104s
     0     0 4367.30916    0  694 4394.09753 4367.30916  0.61%     -  105s
     0     0 4367.36248    0  693 4394.09753 4367.36248  0.61%     -  106s
     0     0 4367.36248    0  569 4394.09753 4367.36248  0.61%     -  107s
H    0     0                    4388.7322069 4367.36248  0.49%     -  108s
     0     0 4367.36248    0  569 4388.73221 4367.36248  0.49%     -  108s
     0     0 4367.36248    0  569 4388.73221 4367.36248  0.49%     -  108s
     0     0 4367.36248    0  569 4388.73221 4367.36248  0.49%     -  108s
H    0     2                    4387.9997328 4367.36248  0.47%     -  110s
     0     2 4367.36248    0  569 4387.99973 4367.36248  0.47%     -  110s
     7    16 4368.94383    3  659 4387.99973 4367.36248  0.47%  3241  117s
H    9    16                    4387.0920733 4367.36248  0.45%  2678  117s
    15    28 4373.90937    4  464 4387.09207 4367.83316  0.44%  4009  122s
H   17    28                    4387.0877982 4367.83316  0.44%  3751  122s
H   24    28                    4387.0743672 4368.23283  0.43%  3440  122s
    27    56 4374.03239    5  442 4387.07437 4368.38549  0.43%  3548  128s
    55    79 4376.86354   10  384 4387.07437 4368.42603  0.43%  2869  133s
    78   103 4378.39465   11  568 4387.07437 4368.42603  0.43%  2805  138s
   102   125 4378.55476   12  461 4387.07437 4368.42603  0.43%  2691  142s
   124   146 4379.39461   16  346 4387.07437 4368.42603  0.43%  2582  146s
H  136   146                    4381.5680573 4368.42603  0.30%  2482  146s
   145   158 4381.50685   18  362 4381.56806 4368.42603  0.30%  2502  150s
H  172   180                    4380.5327491 4368.42603  0.28%  2432  154s
   179   194     cutoff   24      4380.53275 4368.73992  0.27%  2448  158s
H  197   194                    4378.9718159 4368.73992  0.23%  2327  158s
H  197   194                    4378.9357987 4368.73992  0.23%  2327  158s
   207   222 4370.30600    6  638 4378.93580 4368.73992  0.23%  2314  162s
   238   243 4373.02119    8  855 4378.93580 4368.73992  0.23%  2154  166s
   266   255 4373.09380    9  881 4378.93580 4368.73992  0.23%  2020  182s
H  267   255                    4378.6575140 4368.73992  0.23%  2013  182s
H  268   255                    4378.1637861 4368.73992  0.22%  2006  182s
   278   271 4373.35172    7  609 4378.16379 4368.73992  0.22%  1994  187s
   310   283 4373.78848    8  695 4378.16379 4369.07080  0.21%  1938  191s
   350   298 4374.26801   10  789 4378.16379 4369.07080  0.21%  1849  195s
   411   330 4375.08282    9  679 4378.16379 4369.64158  0.19%  1754  202s
   447   356 4376.18505   10  569 4378.16379 4369.64158  0.19%  1698  207s
   488   397 4376.61772   11  497 4378.16379 4369.65089  0.19%  1645  211s
   545   420 4375.21221   12  653 4378.16379 4369.65089  0.19%  1543  216s
   596   427 4375.89379   14  559 4378.16379 4369.65089  0.19%  1487  227s
   611   454 4376.37672   15  525 4378.16379 4369.99831  0.19%  1484  232s
   667   475     cutoff   18      4378.16379 4370.61249  0.17%  1431  237s
   722   498 4377.84910   20  325 4378.16379 4370.97664  0.16%  1394  242s
   801   508 4378.02506   30  153 4378.16379 4370.97664  0.16%  1324  247s
*  835   508              71    4376.8225658 4370.97664  0.13%  1313  247s
   851   508     cutoff   33      4376.82257 4370.97664  0.13%  1307  253s
   903   513     cutoff    6      4376.82257 4371.56866  0.12%  1301  259s
   958   514 4376.41684    9  632 4376.82257 4371.56866  0.12%  1290  265s
  1019   505 4376.26531    6  502 4376.82257 4372.20367  0.11%  1290  271s
  1081   504 4376.18626    8  631 4376.82257 4372.63593  0.10%  1279  277s
  1142   491     cutoff   10      4376.82257 4372.73212  0.09%  1272  285s
  1205   503 4375.41131    9  625 4376.82257 4373.20525  0.08%  1277  292s
  1273   504 4376.81114   12  450 4376.82257 4373.21034  0.08%  1259  299s
  1371   541     cutoff   10      4376.82257 4373.44675  0.08%  1222  306s
  1508   586     cutoff    8      4376.82257 4373.59443  0.07%  1161  314s
* 1552   586              73    4376.8075069 4373.59443  0.07%  1148  314s
  1676   572 4375.79881   14  415 4376.80751 4373.59443  0.07%  1086  322s
  1762   540 4376.28876   11  624 4376.80751 4374.02192  0.06%  1092  331s
  1886   508     cutoff    9      4376.80751 4374.33259  0.06%  1066  339s
  2004   503 4376.36244   23  302 4376.80751 4374.71488  0.05%  1042  349s
  2277   538     cutoff   16      4376.80751 4375.50597  0.03%   952  359s
* 2361   538              72    4376.8073865 4375.66581  0.03%   926  359s
* 2468   538              72    4376.8049289 4375.73576  0.02%   900  359s
  2629   658 4376.65006   34  111 4376.80493 4376.20024  0.01%   858  370s
  3101   846 4376.79971   57   12 4376.80493 4376.36185  0.01%   752  391s
H 3108   846                    4376.7997054 4376.36185  0.01%   750  391s
* 3581   846              62    4376.7996218 4376.36185  0.01%   668  391s
* 3710   846              64    4376.7963280 4376.36185  0.01%   650  391s

Cutting planes:
  Gomory: 24
  Cover: 287
  Implied bound: 450
  Clique: 5
  MIR: 157
  Flow cover: 568
  GUB cover: 2
  RLT: 5
  Relax-and-lift: 81
  BQP: 18

Explored 4173 nodes (2664919 simplex iterations) in 392.28 seconds (458.00 work units)
Thread count was 24 (of 24 available processors)

Solution count 10: 4376.8 4376.8 4376.8 ... 4378.94

Optimal solution found (tolerance 1.00e-04)
Best objective 4.376796327984e+03, best bound 4.376625275877e+03, gap 0.0039%
