
Gurobi 13.0.1 (win64) logging started Wed Oct  7 17:38:21 2026

Set parameter LogFile to value "ieee_owen\weak_eps_experiment\stochastic\main17_xi\logs\n30_S20_day1_ef_gurobi.log"
Set parameter NodefileStart to value 3
Set parameter MIPGap to value 0.0001
Gurobi Optimizer version 13.0.1 build v13.0.1rc0 (win64 - Windows 10.0 (19045.2))

CPU model: AMD Ryzen 9 5900X 12-Core Processor, instruction set [SSE2|AVX|AVX2]
Thread count: 12 physical cores, 24 logical processors, using up to 24 threads

Non-default parameters:
TimeLimit  10800
NodefileStart  3
LogToConsole  0

Optimize a model with 171932 rows, 172166 columns and 734890 nonzeros (Min)
Model fingerprint: 0x7eb3c26c
Model has 22 linear objective coefficients
Variable types: 145046 continuous, 27120 integer (27120 binary)
Coefficient statistics:
  Matrix range     [3e-04, 2e+02]
  Objective range  [5e-02, 1e+00]
  Bounds range     [9e-03, 6e+01]
  RHS range        [7e-02, 2e+01]

Presolve removed 76127 rows and 62184 columns
Presolve time: 1.66s
Presolved: 95805 rows, 109982 columns, 377859 nonzeros
Variable types: 85499 continuous, 24483 integer (24482 binary)
Found heuristic solution: objective 5188.3552164
Deterministic concurrent LP optimizer: primal and dual simplex
Showing primal log only...


Root simplex log...

Iteration    Objective       Primal Inf.    Dual Inf.      Time
   18275    7.5115274e+03   0.000000e+00   4.020053e+05      5s
   34276    7.1420925e+03   0.000000e+00   2.885906e+05     10s
   45303    7.0047049e+03   0.000000e+00   2.885845e+05     15s
   56380    6.9021995e+03   0.000000e+00   7.913925e+04     20s
   66139    6.8465886e+03   0.000000e+00   2.292462e+05     25s
   74359    6.8019033e+03   0.000000e+00   1.111127e+05     30s
   81589    6.7646533e+03   0.000000e+00   2.908613e+05     35s
   88829    6.7233692e+03   0.000000e+00   8.234138e+05     40s
   96667    6.6767311e+03   0.000000e+00   1.325392e+05     45s
  103457    6.6474820e+03   0.000000e+00   8.371460e+04     50s
  109837    6.6164276e+03   0.000000e+00   1.552518e+05     55s
  116808    6.5823511e+03   0.000000e+00   9.193834e+05     60s
  123548    6.5511685e+03   0.000000e+00   2.536499e+05     65s
Concurrent spin time: 0.01s

Solved with dual simplex

Root simplex log...

Iteration    Objective       Primal Inf.    Dual Inf.      Time
  197121    3.9751657e+03   0.000000e+00   0.000000e+00     66s

Root relaxation: objective 3.975166e+03, 197121 iterations, 63.80 seconds (83.49 work units)

    Nodes    |    Current Node    |     Objective Bounds      |     Work
 Expl Unexpl |  Obj  Depth IntInf | Incumbent    BestBd   Gap | It/Node Time

     0     0 3975.16567    0  990 5188.35522 3975.16567  23.4%     -   68s
H    0     0                    4059.2511680 3975.16567  2.07%     -   75s
H    0     0                    4003.6730214 3975.16567  0.71%     -   78s
     0     0 3975.56033    0 1202 4003.67302 3975.56033  0.70%     -   84s
H    0     0                    3998.3298465 3975.58728  0.57%     -   87s
     0     0 3975.58728    0 1201 3998.32985 3975.58728  0.57%     -   88s
H    0     0                    3998.2973552 3975.74358  0.56%     -   91s
     0     0 3975.74358    0 1186 3998.29736 3975.74358  0.56%     -   91s
     0     0 3975.74358    0 1141 3998.29736 3975.74358  0.56%     -   94s
     0     0 3975.74358    0 1144 3998.29736 3975.74358  0.56%     -   95s
H    0     0                    3998.0266850 3975.74358  0.56%     -   99s
     0     0 3975.74358    0 1163 3998.02669 3975.74358  0.56%     -  100s
     0     0 3975.74358    0 1162 3998.02669 3975.74358  0.56%     -  100s
     0     0 3975.74358    0 1160 3998.02669 3975.74358  0.56%     -  101s
     0     0 3975.74358    0  985 3998.02669 3975.74358  0.56%     -  102s
     0     0 3975.74358    0  971 3998.02669 3975.74358  0.56%     -  104s
     0     0 3975.74358    0 1171 3998.02669 3975.74358  0.56%     -  106s
     0     0 3975.74358    0  996 3998.02669 3975.74358  0.56%     -  107s
     0     0 3975.74358    0 1001 3998.02669 3975.74358  0.56%     -  111s
     0     0 3975.74358    0 1097 3998.02669 3975.74358  0.56%     -  112s
     0     0 3975.74358    0 1004 3998.02669 3975.74358  0.56%     -  114s
     0     0 3975.74427    0 1004 3998.02669 3975.74427  0.56%     -  116s
     0     0 3975.74427    0 1100 3998.02669 3975.74427  0.56%     -  117s
     0     0 3975.74427    0 1100 3998.02669 3975.74427  0.56%     -  117s
     0     0 3975.74427    0 1005 3998.02669 3975.74427  0.56%     -  118s
     0     0 3975.74427    0 1003 3998.02669 3975.74427  0.56%     -  119s
     0     0 3975.74427    0  969 3998.02669 3975.74427  0.56%     -  120s
H    0     0                    3994.6800973 3975.74427  0.47%     -  123s
     0     2 3975.74427    0  969 3994.68010 3975.74427  0.47%     -  124s
     1     4 3975.89808    1  921 3994.68010 3975.74427  0.47%  1429  125s
    15    28 3976.66330    4  980 3994.68010 3975.89808  0.47%  1060  131s
    27    41 3976.70952    5  944 3994.68010 3975.89808  0.47%  1153  139s
    40    63 3976.75061    6  677 3994.68010 3975.91306  0.47%  1642  144s
    62    75 3978.81259    9  638 3994.68010 3975.91306  0.47%  1466  149s
    74    91 3976.95787   10  794 3994.68010 3975.91306  0.47%  1447  154s
H   84    91                    3994.6649828 3975.91306  0.47%  1491  154s
    90   103 3977.41062   11  709 3994.66498 3975.91306  0.47%  1610  158s
H   97   103                    3994.6571486 3975.91306  0.47%  1587  158s
   102   117 3977.92040   11  861 3994.65715 3975.91306  0.47%  1613  162s
   116   129 3978.15931   12 1157 3994.65715 3975.91306  0.47%  1775  170s
   128   141 3978.89770   12  820 3994.65715 3975.91306  0.47%  1844  181s
H  133   141                    3994.1609194 3975.91306  0.46%  1884  181s
   140   153 3978.60709   13 1087 3994.16092 3975.91306  0.46%  2008  187s
   152   167 3979.20291   14  973 3994.16092 3975.91306  0.46%  1970  203s
H  156   167                    3985.8777164 3975.91306  0.25%  1942  203s
   166   197 3979.27731   15  760 3985.87772 3975.91306  0.25%  1952  208s
   198   224 3979.53505   17  816 3985.87772 3975.91306  0.25%  1847  212s
   235   247 3983.46295   19  660 3985.87772 3975.92249  0.25%  1756  218s
   262   280 3980.22404   19  992 3985.87772 3975.98296  0.25%  1753  222s
   295   309 3981.29740   23  816 3985.87772 3975.98296  0.25%  1710  226s
   324   336 3981.85424   25  595 3985.87772 3975.98296  0.25%  1665  230s
   377   391 3983.09299   28  565 3985.87772 3975.98296  0.25%  1665  238s
   406   422 3983.24159   31  404 3985.87772 3975.98296  0.25%  1647  242s
   439   449 3984.13654   36  198 3985.87772 3975.98296  0.25%  1638  247s
   474   492 3983.55591   37  271 3985.87772 3975.98296  0.25%  1602  252s
H  480   492                    3985.2260283 3975.98296  0.23%  1586  252s
H  488   492                    3984.8809586 3975.98296  0.22%  1574  252s
   518   540 3983.74935   45  201 3984.88096 3975.98296  0.22%  1558  257s
H  524   540                    3984.6374997 3975.98296  0.22%  1545  257s
H  542   540                    3984.5768928 3975.98296  0.22%  1503  257s
H  548   540                    3983.7220615 3975.98296  0.19%  1491  257s
   590   554     cutoff   50      3983.72206 3975.98296  0.19%  1453  271s
H  602   554                    3983.3160063 3976.04315  0.18%  1439  271s
   620   591 3978.36193    7  807 3983.31601 3976.04315  0.18%  1424  277s
   675   641 3980.11422    9  808 3983.31601 3976.04315  0.18%  1385  282s
   727   689 3980.90920   11  663 3983.31601 3976.04315  0.18%  1348  288s
   779   717 3982.68505   13  653 3983.31601 3976.04315  0.18%  1324  292s
   842   745     cutoff   15      3983.31601 3976.04315  0.18%  1282  298s
   951   766 3982.46097   30  286 3983.31601 3976.04315  0.18%  1188  305s
  1081   884 3982.71985   36  257 3983.31601 3976.04315  0.18%  1087  311s
  1217  1044 3978.62044    7 1206 3983.31601 3976.04315  0.18%  1003  317s
  1395  1218 3982.04807    9  861 3983.31601 3976.04315  0.18%   896  322s
* 1447   938             149    3982.8913314 3976.04315  0.17%   866  322s
  1598   915     cutoff   11      3982.89133 3976.13905  0.17%   795  330s
  1718   980     cutoff   10      3982.89133 3976.13905  0.17%   768  336s
* 1785   758             125    3982.5366948 3976.13905  0.16%   758  336s
* 1811   718             115    3982.4800226 3976.13905  0.16%   751  336s
  1834   656 3979.58767    8  802 3982.48002 3976.13905  0.16%   743  342s
  1874   672 3980.06059    9  851 3982.48002 3976.13905  0.16%   750  350s
  1910   675 3981.57397   12  737 3982.48002 3976.13905  0.16%   766  361s
  1973   679 3978.05576    5  894 3982.48002 3976.13905  0.16%   783  370s
  2037   701 3979.42861    7 1342 3982.48002 3976.13905  0.16%   789  376s
  2073   724 3982.07598    9  907 3982.48002 3976.43441  0.15%   802  384s
  2114   729 3979.50725    8  897 3982.48002 3976.43441  0.15%   816  393s
  2165   740 3980.53728    9  819 3982.48002 3976.54074  0.15%   833  401s
  2222   763 3981.99114   14  725 3982.48002 3976.54074  0.15%   845  408s
  2265   786 3982.28955   17  496 3982.48002 3976.54074  0.15%   859  417s
  2336   792 3979.54772    8 1037 3982.48002 3976.54074  0.15%   864  426s
  2392   820 3980.03884   10  798 3982.48002 3976.63230  0.15%   875  435s
  2453   829 3981.77424   14  681 3982.48002 3976.80300  0.14%   889  452s
  2468   853 3982.24524   15  654 3982.48002 3976.80300  0.14%   894  462s
  2532   868     cutoff   15      3982.48002 3976.85024  0.14%   905  473s
  2597   872 3979.21480   10  740 3982.48002 3976.85117  0.14%   918  507s
  2617   885 3979.93364   11  780 3982.48002 3976.85117  0.14%   924  542s
  2636   899 3980.40761   12  714 3982.48002 3976.85117  0.14%   931  577s
  2660   907 3980.45310   13  690 3982.48002 3976.85117  0.14%   934  615s
  2693   916 3980.98241   14  660 3982.48002 3976.85117  0.14%   938  655s
  2717   919 3981.06058   15  561 3982.48002 3976.91309  0.14%   943  689s
  2747   929 3981.82944   16  477 3982.48002 3976.96375  0.14%   949  723s
  2779   949 3982.26003   17  412 3982.48002 3977.03961  0.14%   957  743s
  2848   952 3980.40922   13  849 3982.48002 3977.20837  0.13%   971  761s
  2879   979 3980.94997   14  580 3982.48002 3977.20837  0.13%   973  777s
  2957   986     cutoff   19      3982.48002 3977.29598  0.13%   982  792s
  3044  1026 3981.60705   15  727 3982.48002 3977.42637  0.13%   990  805s
  3163  1063 3980.69987   12 1176 3982.48002 3977.42637  0.13%   991  819s
  3263  1081 3981.77718   15 1268 3982.48002 3977.54545  0.12%  1002  834s
  3368  1093 3980.54480    8 1309 3982.48002 3977.54545  0.12%  1014  850s
  3487  1123     cutoff   13      3982.48002 3977.54545  0.12%  1021  865s
  3587  1131 3981.42195    8  875 3982.48002 3977.96345  0.11%  1037  883s
  3705  1131 3981.95251    9 1060 3982.48002 3978.05819  0.11%  1048  900s
  3833  1141 3982.15688   10  713 3982.48002 3978.13986  0.11%  1056  921s
  3980  1145 3980.85553   11 1149 3982.48002 3978.13986  0.11%  1064  940s
  4110  1149 3981.31677   12  789 3982.48002 3978.32296  0.10%  1072  959s
  4212  1141     cutoff   12      3982.48002 3978.42849  0.10%  1080  978s
  4362  1163 3982.34975   12  504 3982.48002 3978.50405  0.10%  1093  998s
  4535  1177 3981.49974   17  577 3982.48002 3978.66350  0.10%  1095 1021s
  4693  1187 3982.30947   15 1070 3982.48002 3978.66350  0.10%  1103 1043s
  4867  1191     cutoff   13      3982.48002 3978.82123  0.09%  1109 1068s
  5068  1168     cutoff   14      3982.48002 3978.94524  0.09%  1113 1091s
  5246  1151     cutoff   11      3982.48002 3979.11819  0.08%  1124 1115s
  5425  1159 3981.00666   13  845 3982.48002 3979.22201  0.08%  1131 1164s
  5441  1149 3981.25976   14  774 3982.48002 3979.25243  0.08%  1131 1211s
  5475  1153 3981.95468   15  389 3982.48002 3979.25243  0.08%  1130 1262s
  5492  1159 3982.31390   16  386 3982.48002 3979.25243  0.08%  1130 1309s
  5509  1147 3982.31390   17  431 3982.48002 3979.25243  0.08%  1129 1365s
  5544  1137 3982.42755   18  349 3982.48002 3979.25243  0.08%  1130 1411s
  5594  1138 3982.42755   19  324 3982.48002 3979.30114  0.08%  1129 1453s
  5759  1136     cutoff   10      3982.48002 3979.30336  0.08%  1126 1484s
  6004  1114     cutoff   13      3982.48002 3979.45430  0.08%  1123 1517s
  6320  1092 3982.03785   17  300 3982.48002 3979.75812  0.07%  1116 1548s
  6646  1025 3982.38202   21  602 3982.48002 3979.96273  0.06%  1113 1581s
  6999   968 3981.27788   16  414 3982.48002 3980.11027  0.06%  1105 1618s
  7402   926     cutoff   13      3982.48002 3980.38596  0.05%  1096 1652s
  7791   817 3982.43848   13  501 3982.48002 3980.62014  0.05%  1089 1689s
  8261   799 3982.10454   17  713 3982.48002 3980.90662  0.04%  1074 1725s
H 8766   702                    3982.3500134 3980.90662  0.04%  1053 1725s
H 8769   691                    3982.3264707 3980.90662  0.04%  1053 1725s
* 8812   675             130    3982.3090044 3980.90662  0.04%  1048 1725s
  8855   766     cutoff   19      3982.30900 3981.18250  0.03%  1046 1763s
H 9121   760                    3982.2994773 3981.18250  0.03%  1021 1763s
H 9127   760                    3982.2994015 3981.18250  0.03%  1020 1763s
H 9271   749                    3982.2796372 3981.18250  0.03%  1006 1763s
H 9419   728                    3982.2564231 3981.18250  0.03%   992 1764s
H 9422   728                    3982.2562501 3981.18250  0.03%   992 1764s
* 9440   728             109    3982.2518080 3981.18250  0.03%   990 1764s
H10009   431                    3982.2518076 3981.18250  0.03%   948 1786s
H10009   407                    3982.2498087 3981.18250  0.03%   948 1792s
 10010   375 3981.43822   23  969 3982.24981 3981.18250  0.03%   947 1940s
 10012   376 3982.13007   20 1436 3982.24981 3981.18250  0.03%   947 2032s
 10013   377 3982.24781   72 1660 3982.24981 3981.18250  0.03%   947 2040s
 10018   380 3981.78976   15 1161 3982.24981 3981.18250  0.03%   947 2126s
 10019   381 3982.24781   58 1161 3982.24981 3981.18250  0.03%   947 2139s
 10020   385 3981.18250   15 1334 3982.24981 3981.18250  0.03%   972 2145s
 10026   388     cutoff   17      3982.24981 3981.18250  0.03%   973 2153s
 10033   391 3982.21681   18 1265 3982.24981 3981.18250  0.03%   975 2160s
 10042   392     cutoff   19      3982.24981 3981.18250  0.03%   977 2166s
 10054   401 3981.18250   20 1379 3982.24981 3981.18250  0.03%   979 2173s
 10075   403 3981.18250   21 1347 3982.24981 3981.18250  0.03%   982 2180s
 10098   409 3981.18250   22 1073 3982.24981 3981.18250  0.03%   984 2187s
 10123   389 3981.18250   24  977 3982.24981 3981.18250  0.03%   987 2192s
 10160   373 3981.47248   25  888 3982.24981 3981.18250  0.03%   986 2196s
 10184   367     cutoff   24      3982.24981 3981.18250  0.03%   986 2202s
 10206   363 3981.18250   27  594 3982.24981 3981.18250  0.03%   988 2207s
 10237   346 3981.57528   29  695 3982.24981 3981.18250  0.03%   987 2211s
 10253   340 3982.02645   27 1026 3982.24981 3981.18250  0.03%   987 2215s
 10308   316     cutoff   31      3982.24981 3981.18250  0.03%   985 2226s
 10354   309     cutoff   26      3982.24981 3981.18250  0.03%   985 2233s
 10389   304     cutoff   22      3982.24981 3981.18250  0.03%   983 2239s
 10430   291 3981.62249   47  477 3982.24981 3981.18250  0.03%   981 2242s
 10468   288 3981.62327   50  455 3982.24981 3981.18250  0.03%   979 2247s
 10496   283 3981.62339   51  405 3982.24981 3981.18250  0.03%   978 2259s
 10512   290 3981.94899   52  445 3982.24981 3981.18250  0.03%   978 2265s
H10538   261                    3982.2488273 3981.18250  0.03%   975 2265s
 10564   262 3982.21002   56  412 3982.24883 3981.18250  0.03%   974 2271s
 10621   250     cutoff   62      3982.24883 3981.18250  0.03%   970 2277s
 10686   237 3981.70198   24  861 3982.24883 3981.18250  0.03%   966 2283s
 10738   223 3981.80256   28  667 3982.24883 3981.18250  0.03%   963 2296s
 10750   245 3981.92486   29  650 3982.24883 3981.18250  0.03%   963 2303s
 10859   247 3981.68020   36  516 3982.24883 3981.18250  0.03%   955 2310s
 10983   258 3981.84865   39  517 3982.24883 3981.18250  0.03%   946 2317s
 11109   301 3981.99069   44  407 3982.24883 3981.55369  0.02%   938 2324s
 11243   390     cutoff   48      3982.24883 3981.55369  0.02%   928 2332s
 11403   515 3982.09681   43  389 3982.24883 3981.55580  0.02%   916 2339s
 11576   515     cutoff   42      3982.24883 3981.55580  0.02%   903 2358s
 11595   626 3982.13988   52  412 3982.24883 3981.55580  0.02%   902 2370s
*11626   626             217    3982.2482756 3981.55580  0.02%   900 2370s
 11781   626 3981.98911   42  393 3982.24828 3981.55580  0.02%   888 2405s
 11799   629 3981.98911   43  391 3982.24828 3981.55580  0.02%   887 2441s
 11812   634 3981.98911   44  409 3982.24828 3981.55580  0.02%   886 2479s
 11824   636 3982.01211   45  419 3982.24828 3981.55580  0.02%   885 2515s
 11840   639 3982.03064   46  396 3982.24828 3981.55580  0.02%   885 2549s
 11852   637 3982.04854   47  393 3982.24828 3981.55580  0.02%   884 2585s
 11864   639 3982.06564   48  370 3982.24828 3981.55580  0.02%   883 2617s
 11876   634 3982.06564   49  352 3982.24828 3981.55580  0.02%   882 2650s
 11895   636 3982.06564   50  352 3982.24828 3981.71844  0.01%   881 2673s
 11941   638 infeasible   43      3982.24828 3981.71844  0.01%   878 2693s
*12012   638             202    3982.2478106 3981.89182  0.01%   874 2693s

Cutting planes:
  Gomory: 15
  Cover: 3
  Implied bound: 23
  MIR: 42
  Flow cover: 288
  Relax-and-lift: 69

Explored 12066 nodes (10739615 simplex iterations) in 2694.07 seconds (3382.66 work units)
Thread count was 24 (of 24 available processors)

Solution count 10: 3982.25 3982.25 3982.25 ... 3982.26

Optimal solution found (tolerance 1.00e-04)
Best objective 3.982247810592e+03, best bound 3.981897580403e+03, gap 0.0088%
