
Gurobi 13.0.1 (win64) logging started Thu Oct  8 14:54:26 2026

Set parameter LogFile to value "ieee_owen\weak_eps_experiment\stochastic\main17_xi\logs\n30_S20_day13_ef_gurobi.log"
Set parameter NodefileStart to value 3
Set parameter MIPGap to value 0.0001
Gurobi Optimizer version 13.0.1 build v13.0.1rc0 (win64 - Windows 10.0 (19045.2))

CPU model: AMD Ryzen 9 5900X 12-Core Processor, instruction set [SSE2|AVX|AVX2]
Thread count: 12 physical cores, 24 logical processors, using up to 24 threads

Non-default parameters:
TimeLimit  1800
NodefileStart  3
LogToConsole  0

Optimize a model with 171932 rows, 172166 columns and 734890 nonzeros (Min)
Model fingerprint: 0xaba64ae3
Model has 22 linear objective coefficients
Variable types: 145046 continuous, 27120 integer (27120 binary)
Coefficient statistics:
  Matrix range     [3e-04, 2e+02]
  Objective range  [5e-02, 1e+00]
  Bounds range     [9e-03, 6e+01]
  RHS range        [7e-02, 2e+01]

Presolve removed 76120 rows and 62173 columns
Presolve time: 1.57s
Presolved: 95812 rows, 109993 columns, 377916 nonzeros
Variable types: 85506 continuous, 24487 integer (24486 binary)
Found heuristic solution: objective 5575.2519955
Deterministic concurrent LP optimizer: primal and dual simplex
Showing primal log only...


Root simplex log...

Iteration    Objective       Primal Inf.    Dual Inf.      Time
   20226    7.9055778e+03   0.000000e+00   1.184115e+06      5s
   38085    7.5975555e+03   0.000000e+00   1.023598e+05     10s
   52329    7.4324291e+03   0.000000e+00   3.226801e+05     15s
   64885    7.3268744e+03   0.000000e+00   3.813782e+05     20s
   77081    7.2204068e+03   0.000000e+00   7.733779e+04     25s
   87785    7.1336772e+03   0.000000e+00   8.673177e+04     30s
   97212    7.0567242e+03   0.000000e+00   1.336948e+05     35s
  107118    6.9906288e+03   0.000000e+00   9.613078e+04     40s
  117565    6.9173810e+03   0.000000e+00   1.564506e+05     45s
  126331    6.8625542e+03   0.000000e+00   2.378220e+05     50s
Concurrent spin time: 0.00s

Solved with dual simplex

Root simplex log...

Iteration    Objective       Primal Inf.    Dual Inf.      Time
  169200    4.2555734e+03   0.000000e+00   0.000000e+00     52s

Root relaxation: objective 4.255573e+03, 169200 iterations, 49.21 seconds (65.38 work units)

    Nodes    |    Current Node    |     Objective Bounds      |     Work
 Expl Unexpl |  Obj  Depth IntInf | Incumbent    BestBd   Gap | It/Node Time

     0     0 4255.57341    0  833 5575.25200 4255.57341  23.7%     -   53s
H    0     0                    4296.2060463 4255.57341  0.95%     -   57s
H    0     0                    4295.4618533 4255.57341  0.93%     -   62s
     0     0 4255.76340    0  972 4295.46185 4255.76340  0.92%     -   66s
H    0     0                    4295.2969619 4255.76340  0.92%     -   75s
H    0     0                    4294.3730938 4255.76340  0.90%     -   76s
H    0     0                    4292.8748377 4255.76340  0.86%     -   76s
     0     0 4255.92216    0  902 4292.87484 4255.92216  0.86%     -   78s
     0     0 4255.92216    0  932 4292.87484 4255.92216  0.86%     -   79s
     0     0 4256.07020    0  936 4292.87484 4256.07020  0.86%     -   80s
     0     0 4256.07020    0  960 4292.87484 4256.07020  0.86%     -   82s
     0     0 4256.07020    0  852 4292.87484 4256.07020  0.86%     -   83s
     0     0 4256.07020    0  715 4292.87484 4256.07020  0.86%     -   84s
     0     0 4256.07020    0  782 4292.87484 4256.07020  0.86%     -   85s
     0     0 4256.07020    0  826 4292.87484 4256.07020  0.86%     -   87s
     0     0 4256.07020    0  707 4292.87484 4256.07020  0.86%     -   88s
     0     0 4256.07020    0  868 4292.87484 4256.07020  0.86%     -   89s
     0     0 4256.07020    0  875 4292.87484 4256.07020  0.86%     -   89s
     0     0 4256.07020    0  670 4292.87484 4256.07020  0.86%     -   90s
     0     0 4256.07020    0  670 4292.87484 4256.07020  0.86%     -   90s
     0     0 4256.07020    0  643 4292.87484 4256.07020  0.86%     -   92s
H    0     0                    4292.1255247 4256.07020  0.84%     -   93s
     0     0 4256.07035    0  646 4292.12552 4256.07035  0.84%     -   93s
     0     0 4256.07035    0  754 4292.12552 4256.07035  0.84%     -   94s
     0     0 4256.08003    0  669 4292.12552 4256.08003  0.84%     -   98s
     0     0 4256.08003    0  668 4292.12552 4256.08003  0.84%     -   98s
     0     0 4256.08427    0  668 4292.12552 4256.08427  0.84%     -   99s
     0     0 4256.08427    0  668 4292.12552 4256.08427  0.84%     -   99s
     0     0 4256.08427    0  655 4292.12552 4256.08427  0.84%     -  100s
     0     2 4256.08427    0  655 4292.12552 4256.08427  0.84%     -  103s
     3     8 4256.28305    2  753 4292.12552 4256.08427  0.84%   772  105s
H   10    16                    4292.1249150 4256.08427  0.84%  1102  108s
    15    28 4256.33959    4  834 4292.12492 4256.27579  0.84%  1147  110s
H   27    40                    4291.5778600 4256.28875  0.82%   906  114s
H   31    40                    4291.2706444 4256.28875  0.82%   891  114s
    39    73 4257.65987    6  881 4291.27064 4256.28875  0.82%   830  120s
    95   122 4256.75038    8  769 4291.27064 4256.28875  0.82%  1039  127s
   121   142 4257.05213   10  890 4291.27064 4256.28875  0.82%  1029  133s
   141   162 4257.66585   11  854 4291.27064 4256.28875  0.82%  1155  140s
   161   189 4259.45425   12  788 4291.27064 4256.28875  0.82%  1500  145s
   188   206 4262.09935   12  801 4291.27064 4256.28875  0.82%  1539  152s
   205   243 4260.00969   13  910 4291.27064 4256.28875  0.82%  1594  160s
H  210   243                    4279.7564127 4256.28875  0.55%  1575  160s
   242   277 4260.04995   17  679 4279.75641 4256.28875  0.55%  1607  166s
H  276   307                    4274.6654311 4256.28875  0.43%  1668  173s
H  298   307                    4271.8049943 4256.28875  0.36%  1660  173s
   306   319 4261.83479   19  734 4271.80499 4256.28875  0.36%  1689  187s
H  308   319                    4271.5189251 4256.28875  0.36%  1699  187s
H  309   319                    4269.5178758 4256.28875  0.31%  1694  187s
H  315   319                    4268.7540778 4256.28875  0.29%  1665  187s
   318   363 4262.25380   19  421 4268.75408 4256.28875  0.29%  1667  194s
   362   425 4268.03879   22  506 4268.75408 4256.28875  0.29%  1726  201s
   432   478 4264.76302   23  632 4268.75408 4256.28875  0.29%  1595  208s
   495   534 4265.10657   28  493 4268.75408 4256.28875  0.29%  1540  214s
   559   545 4265.10657   29  492 4268.75408 4256.28875  0.29%  1480  231s
H  572   556                    4268.2273483 4256.28875  0.28%  1468  249s
   587   596 4265.28271   31  383 4268.22735 4256.28875  0.28%  1457  259s
   643   612 4265.85719   35  320 4268.22735 4256.28875  0.28%  1406  266s
H  666   628                    4268.2124438 4256.28875  0.28%  1404  275s
   694   681 4265.98445   37  488 4268.21244 4256.33832  0.28%  1414  282s
   773   726 4266.09313   40  321 4268.21244 4256.33832  0.28%  1374  290s
   856   776 4267.71305   44  206 4268.21244 4256.33832  0.28%  1342  296s
   939   817 infeasible   49      4268.21244 4256.33832  0.28%  1315  303s
  1040   863 4259.33640   10  553 4268.21244 4256.40199  0.28%  1277  314s
  1122   915 4263.22260   12  645 4268.21244 4256.40199  0.28%  1266  323s
  1186   966 4264.07825   14  550 4268.21244 4256.40199  0.28%  1272  333s
  1275  1009 4265.13676   25  450 4268.21244 4256.40199  0.28%  1254  342s
  1348  1049 4266.90914   29  229 4268.21244 4256.40199  0.28%  1251  353s
  1439  1091     cutoff   47      4268.21244 4256.46783  0.28%  1249  364s
  1513  1182 4260.73765    8  599 4268.21244 4256.46783  0.28%  1261  374s
  1633  1234 4264.57117   10  554 4268.21244 4256.46783  0.28%  1229  384s
  1730  1253 4266.61790   10  463 4268.21244 4256.46783  0.28%  1231  396s
  1749  1356 4266.40712   13  507 4268.21244 4256.46783  0.28%  1232  409s
H 1798  1354                    4268.2050848 4256.46783  0.27%  1226  409s
  1905  1454 4267.49798   23  433 4268.20508 4256.46783  0.27%  1200  421s
  2067  1508 4263.76345   12  652 4268.20508 4256.46783  0.27%  1167  431s
  2147  1592 4265.22139   14  562 4268.20508 4256.46783  0.27%  1176  442s
  2287  1706 4261.12394   11  507 4268.20508 4256.62185  0.27%  1163  454s
H 2439  1628                    4268.1447463 4256.62185  0.27%  1140  481s
H 2439  1496                    4267.7255309 4256.62185  0.26%  1140  482s
H 2439  1475                    4267.6724028 4256.62185  0.26%  1140  482s
H 2439  1466                    4267.6435583 4256.62185  0.26%  1140  483s
H 2439  1419                    4267.5555116 4256.62185  0.26%  1140  488s
H 2439  1419                    4267.5555054 4256.62185  0.26%  1140  488s
H 2439  1419                    4267.5543069 4256.62185  0.26%  1140  488s
H 2439  1419                    4267.5543007 4256.62185  0.26%  1140  488s
H 2439  1416                    4267.5442191 4256.62185  0.26%  1140  490s
  2440  1396 4264.87868   14  655 4267.54422 4256.62185  0.26%  1139  539s
  2442  1397 4263.00281    9 1195 4267.54422 4256.62185  0.26%  1138  615s
  2443  1398 4259.55389   15 1136 4267.54422 4256.62185  0.26%  1138  626s
  2444  1399 4263.33798   15 1230 4267.54422 4256.62185  0.26%  1137  630s
  2445  1399 4263.64482   21 1213 4267.54422 4256.62185  0.26%  1137  638s
  2447  1401 4267.02602   37 1253 4267.54422 4256.62185  0.26%  1136  642s
  2448  1401 4263.02335   11 1298 4267.54422 4256.65908  0.26%  1136  648s
  2450  1403 4267.39025   22 1302 4267.54422 4256.67222  0.25%  1135  652s
  2451  1403 4266.21675   21 1316 4267.54422 4256.97441  0.25%  1134  661s
  2454  1405 4259.50701   12 1394 4267.54422 4257.00142  0.25%  1133  668s
  2455  1406 4262.40402   11 1314 4267.54422 4257.26165  0.24%  1132  684s
  2456  1407 4265.35041   15 1548 4267.54422 4257.27770  0.24%  1132  685s
  2458  1408 4261.84816   11 1462 4267.54422 4257.33247  0.24%  1131  705s
H 2458  1337                    4267.5437232 4257.34849  0.24%  1131  708s
  2460  1338 4266.51359   18 1575 4267.54372 4257.36357  0.24%  1130  710s
  2461  1339 4267.22649   17 1557 4267.54372 4257.36525  0.24%  1130  715s
  2462  1340 4259.02295   15 1544 4267.54372 4257.46375  0.24%  1129  724s
  2463  1340 4264.10009   15 1574 4267.54372 4257.47061  0.24%  1129  726s
  2464  1341 4266.95107   23 1572 4267.54372 4257.47445  0.24%  1128  730s
H 2464  1273                    4267.3777793 4257.50969  0.23%  1128  744s
  2466  1274 4265.29046   18 1445 4267.37778 4257.51371  0.23%  1127  749s
  2467  1275 4260.58579   15 1372 4267.37778 4257.58459  0.23%  1127  767s
  2468  1276 4266.57872   19 1415 4267.37778 4257.61879  0.23%  1126  770s
  2469  1276 4265.53263   18 1399 4267.37778 4257.62251  0.23%  1126  776s
  2470  1277 4266.71732   24 1340 4267.37778 4257.64443  0.23%  1125  785s
  2471  1278 4258.43163   12 1336 4267.37778 4257.64589  0.23%  1125  851s
  2472  1278 4266.95025   31 1336 4267.37778 4257.64589  0.23%  1125  859s
  2473  1282 4258.27169   16 1450 4267.37778 4257.64739  0.23%  1244  867s
  2475  1285 4258.70192   17 1423 4267.37778 4258.27178  0.21%  1248  874s
  2479  1292 4258.97278   18 1322 4267.37778 4258.70225  0.20%  1255  880s
  2487  1301 4264.27527   19 1026 4267.37778 4258.97452  0.20%  1271  890s
  2499  1320 4266.75686   20  842 4267.37778 4260.91681  0.15%  1283  901s
  2538  1328 4267.02354   21  759 4267.37778 4260.91681  0.15%  1292  908s
  2578  1325     cutoff   22      4267.37778 4262.24633  0.12%  1290  917s
  2602  1337 4264.16656   21  954 4267.37778 4262.24633  0.12%  1291  924s
  2630  1346 4264.77240   21  836 4267.37778 4262.24633  0.12%  1290  930s
  2714  1353 4265.27467   24  725 4267.37778 4263.08261  0.10%  1280  938s
  2751  1358 4265.27467   25  725 4267.37778 4264.16745  0.08%  1275  941s
  2844  1345     cutoff   27      4267.37778 4264.16745  0.08%  1251  947s
  2893  1335 4265.57303   29  648 4267.37778 4264.19796  0.07%  1239  952s
  2931  1335 4265.59567   30  606 4267.37778 4264.21275  0.07%  1235  956s
  2994  1350 4266.53645   32  447 4267.37778 4264.21275  0.07%  1229  964s
  3041  1363 4266.45305   33  466 4267.37778 4264.21275  0.07%  1220  967s
  3093  1371     cutoff   33      4267.37778 4264.21275  0.07%  1212  971s
  3139  1368 4266.45305   34  466 4267.37778 4264.24111  0.07%  1206  976s
  3201  1367 4266.52541   37  404 4267.37778 4264.48422  0.07%  1194  981s
  3270  1370 4266.53417   39  394 4267.37778 4264.63024  0.06%  1180  986s
  3309  1414 4267.27185   40  532 4267.37778 4264.67460  0.06%  1173  991s
  3402  1431 4267.35480   41  473 4267.37778 4264.67460  0.06%  1151  998s
  3503  1401 4266.49580   29  520 4267.37778 4264.67460  0.06%  1129 1011s
  3534  1400 4266.60057   30  483 4267.37778 4264.67460  0.06%  1125 1034s
  3548  1430 4266.73820   31  403 4267.37778 4264.82990  0.06%  1123 1055s
  3584  1448 4267.28391   32  427 4267.37778 4264.82990  0.06%  1115 1078s
  3632  1436     cutoff   33      4267.37778 4264.82990  0.06%  1105 1100s
H 3648  1366                    4267.1566701 4264.82990  0.05%  1104 1100s
  3651  1357 4266.98100   32  474 4267.15667 4265.05865  0.05%  1103 1107s
  3763  1364 4266.86112   27  451 4267.15667 4265.21820  0.05%  1088 1115s
  3902  1342 4265.84292   33  540 4267.15667 4265.21820  0.05%  1063 1122s
  4007  1348 4267.07801   41  384 4267.15667 4265.32947  0.04%  1048 1130s
  4126  1316 4266.72146   30  765 4267.15667 4265.42229  0.04%  1035 1138s
  4244  1297 4266.26015   32  447 4267.15667 4265.46993  0.04%  1023 1146s
  4387  1197 4267.06698   47  229 4267.15667 4265.46993  0.04%  1005 1155s
  4554  1154     cutoff   36      4267.15667 4265.90007  0.03%   984 1163s
  4719  1087 4266.77851   23  830 4267.15667 4265.92998  0.03%   967 1181s
  4745  1090 4266.88692   24  828 4267.15667 4265.92998  0.03%   964 1195s
  4757  1084 4267.01454   25  775 4267.15667 4265.92998  0.03%   963 1205s
  4955  1130     cutoff   36      4267.15667 4266.13009  0.02%   940 1221s
  5288  1280 4267.00001   52  190 4267.15667 4266.16397  0.02%   900 1238s
H 5339  1193                    4267.1038346 4266.16397  0.02%   892 1238s
  5836   928 4267.00111  109   94 4267.10383 4266.16397  0.02%   828 1252s
  6227  1081 4267.01094  163   70 4267.10383 4266.27560  0.02%   788 1267s
* 6420  1018             227    4267.0520552 4266.29304  0.02%   769 1267s
  6708  1263     cutoff  238      4267.05206 4266.34104  0.02%   747 1283s
* 7221   890             176    4267.0011072 4266.34104  0.02%   705 1283s
  7289   809 4266.92993   47  286 4267.00111 4266.34104  0.02%   699 1299s
  7781  1053     cutoff   48      4267.00111 4266.41663  0.01%   665 1316s
* 7829  1003             215    4266.9919389 4266.41663  0.01%   662 1316s
* 8256   939             219    4266.9778941 4266.41663  0.01%   630 1316s
  8470   532 infeasible   41      4266.97789 4266.45087  0.01%   617 1332s

Cutting planes:
  Gomory: 149
  Cover: 95
  Implied bound: 55
  Clique: 2
  MIR: 484
  Mixing: 5
  Flow cover: 1050
  RLT: 3
  Relax-and-lift: 63
  BQP: 3

Explored 9018 nodes (5508449 simplex iterations) in 1333.31 seconds (1581.21 work units)
Thread count was 24 (of 24 available processors)

Solution count 10: 4266.98 4266.99 4267 ... 4267.54

Optimal solution found (tolerance 1.00e-04)
Best objective 4.266977894091e+03, best bound 4.266704927844e+03, gap 0.0064%
