
Gurobi 13.0.1 (win64) logging started Fri Oct  9 09:38:00 2026

Set parameter LogFile to value "ieee_owen\weak_eps_experiment\stochastic\main17_xi\logs\n30_S20_day25_ef_gurobi.log"
Set parameter NodefileStart to value 3
Set parameter MIPGap to value 0.0001
Gurobi Optimizer version 13.0.1 build v13.0.1rc0 (win64 - Windows 10.0 (19045.2))

CPU model: AMD Ryzen 9 5900X 12-Core Processor, instruction set [SSE2|AVX|AVX2]
Thread count: 12 physical cores, 24 logical processors, using up to 24 threads

Non-default parameters:
TimeLimit  1800
NodefileStart  3
LogToConsole  0

Optimize a model with 171932 rows, 172166 columns and 734890 nonzeros (Min)
Model fingerprint: 0x6bf2ebeb
Model has 22 linear objective coefficients
Variable types: 145046 continuous, 27120 integer (27120 binary)
Coefficient statistics:
  Matrix range     [3e-04, 2e+02]
  Objective range  [5e-02, 1e+00]
  Bounds range     [5e-03, 6e+01]
  RHS range        [7e-02, 2e+01]

Presolve removed 76127 rows and 62171 columns
Presolve time: 1.76s
Presolved: 95805 rows, 109995 columns, 378010 nonzeros
Variable types: 85509 continuous, 24486 integer (24485 binary)
Found heuristic solution: objective 6034.8716915
Deterministic concurrent LP optimizer: primal and dual simplex
Showing primal log only...


Root simplex log...

Iteration    Objective       Primal Inf.    Dual Inf.      Time
   18091    8.3359333e+03   0.000000e+00   1.850432e+05      5s
   32074    8.1746481e+03   0.000000e+00   1.550949e+05     10s
   43611    8.0787814e+03   0.000000e+00   1.302676e+05     15s
   53398    7.9897614e+03   0.000000e+00   1.241785e+06     20s
   63695    7.8783052e+03   0.000000e+00   2.700519e+05     25s
   73655    7.7807858e+03   0.000000e+00   1.284990e+06     30s
   82760    7.6867771e+03   0.000000e+00   3.471379e+05     35s
   93981    7.5953044e+03   0.000000e+00   1.674251e+05     40s
  104024    7.5410237e+03   0.000000e+00   4.270707e+05     45s
  113803    7.4870256e+03   0.000000e+00   1.645770e+05     50s
  122594    7.4293372e+03   0.000000e+00   2.143054e+05     55s
  131860    7.3723429e+03   0.000000e+00   8.620242e+04     60s
  141056    7.3111664e+03   0.000000e+00   1.631015e+05     65s
  149403    7.2600662e+03   0.000000e+00   8.950891e+04     70s
  157550    7.2212707e+03   0.000000e+00   8.711615e+05     75s
  165754    7.1838987e+03   0.000000e+00   5.937883e+04     80s
Concurrent spin time: 0.00s

Solved with dual simplex

Root simplex log...

Iteration    Objective       Primal Inf.    Dual Inf.      Time
  203316    4.8457154e+03   0.000000e+00   0.000000e+00     83s

Root relaxation: objective 4.845715e+03, 203316 iterations, 80.19 seconds (105.23 work units)

    Nodes    |    Current Node    |     Objective Bounds      |     Work
 Expl Unexpl |  Obj  Depth IntInf | Incumbent    BestBd   Gap | It/Node Time

     0     0 4845.71541    0 1218 6034.87169 4845.71541  19.7%     -   85s
H    0     0                    4884.8615854 4845.71541  0.80%     -   91s
H    0     0                    4874.8046239 4845.71541  0.60%     -   95s
     0     0 4846.27536    0 1349 4874.80462 4846.27536  0.59%     -  102s
H    0     0                    4872.6467108 4846.27562  0.54%     -  108s
     0     0 4846.27562    0 1351 4872.64671 4846.27562  0.54%     -  111s
H    0     0                    4872.3459313 4846.31158  0.53%     -  113s
     0     0 4846.37928    0 1358 4872.34593 4846.37928  0.53%     -  117s
     0     0 4846.37928    0 1359 4872.34593 4846.37928  0.53%     -  125s
     0     0 4846.48994    0 1301 4872.34593 4846.48994  0.53%     -  128s
     0     0 4846.49025    0 1299 4872.34593 4846.49025  0.53%     -  128s
     0     0 4846.49025    0 1278 4872.34593 4846.49025  0.53%     -  129s
     0     0 4846.49027    0 1277 4872.34593 4846.49027  0.53%     -  130s
     0     0 4846.49027    0 1229 4872.34593 4846.49027  0.53%     -  131s
H    0     0                    4871.5731871 4846.49027  0.51%     -  139s
     0     0 4846.60977    0 1229 4871.57319 4846.60977  0.51%     -  141s
     0     0 4846.60977    0 1227 4871.57319 4846.60977  0.51%     -  142s
     0     0 4846.60977    0 1227 4871.57319 4846.60977  0.51%     -  142s
     0     0 4846.60977    0 1190 4871.57319 4846.60977  0.51%     -  145s
     0     0 4846.64344    0 1208 4871.57319 4846.64344  0.51%     -  148s
     0     0 4846.64344    0 1277 4871.57319 4846.64344  0.51%     -  149s
     0     0 4846.64344    0 1084 4871.57319 4846.64344  0.51%     -  151s
H    0     0                    4868.2628176 4846.64344  0.44%     -  156s
     0     0 4846.67167    0 1086 4868.26282 4846.67167  0.44%     -  157s
     0     0 4846.67167    0 1164 4868.26282 4846.67167  0.44%     -  158s
     0     0 4846.67167    0 1079 4868.26282 4846.67167  0.44%     -  161s
     0     0 4846.67167    0 1079 4868.26282 4846.67167  0.44%     -  162s
     0     0 4846.67167    0 1079 4868.26282 4846.67167  0.44%     -  162s
     0     0 4846.67167    0 1079 4868.26282 4846.67167  0.44%     -  162s
     0     2 4846.67167    0 1079 4868.26282 4846.67167  0.44%     -  166s
     7    16 4847.12788    3 1087 4868.26282 4846.67167  0.44%   817  173s
    15    28 4850.84329    4 1092 4868.26282 4846.97564  0.44%  2338  182s
H   22    28                    4868.2626943 4846.97564  0.44%  2640  182s
    27    48 4851.60657    5  820 4868.26269 4846.98601  0.44%  2542  190s
    47    60 4852.28785    7 1103 4868.26269 4847.01682  0.44%  2360  196s
H   51    60                    4868.0552378 4847.01682  0.43%  2303  196s
    59    72 4852.08768    7 1038 4868.05524 4847.01682  0.43%  2228  205s
    71    92 4852.16950    8 1068 4868.05524 4847.01682  0.43%  2083  212s
    91   109 4853.73419   10 1447 4868.05524 4847.01682  0.43%  1999  221s
   108   130 4857.42714   10  877 4868.05524 4847.01682  0.43%  2214  231s
   129   150 4853.73419   11 1468 4868.05524 4847.01682  0.43%  2390  237s
   149   170 4853.80467   13 1264 4868.05524 4847.01682  0.43%  2273  249s
   169   187 4861.17606   14  699 4868.05524 4847.01682  0.43%  2395  259s
   186   208 4854.21923   14 1396 4868.05524 4847.01682  0.43%  2438  268s
   207   225 4854.67321   15 1425 4868.05524 4847.01682  0.43%  2505  277s
   224   242 4855.32295   16 1031 4868.05524 4847.01682  0.43%  2518  286s
   241   265 4855.37085   17  959 4868.05524 4847.01682  0.43%  2530  295s
   264   277 4856.29783   20  931 4868.05524 4847.01682  0.43%  2498  308s
H  268   277                    4867.9197061 4847.01682  0.43%  2510  308s
   276   313 4855.49874   20  880 4867.91971 4847.01682  0.43%  2509  315s
   312   339 4855.88122   23  527 4867.91971 4847.01682  0.43%  2390  321s
   338   369 4856.99520   25  434 4867.91971 4847.01682  0.43%  2296  328s
H  349   369                    4860.2164984 4847.01682  0.27%  2273  328s
   368   400 4856.39705   26  362 4860.21650 4847.01682  0.27%  2258  338s
   417   439 4856.69130   32  335 4860.21650 4847.14358  0.27%  2192  345s
   462   477 4857.10403   37  313 4860.21650 4847.14358  0.27%  2130  351s
H  502   514                    4859.9754392 4847.14358  0.26%  2084  359s
H  523   514                    4856.8191466 4847.22119  0.20%  2050  359s
H  527   514                    4856.7178024 4847.22119  0.20%  2043  359s
   544   547     cutoff   45      4856.71780 4847.22119  0.20%  2028  368s
   593   592 4855.91185    9  852 4856.71780 4847.22119  0.20%  2010  376s
   648   631     cutoff    9      4856.71780 4847.33936  0.19%  1950  390s
   706   656 4850.11139    7 1083 4856.71780 4847.34177  0.19%  1930  400s
   742   675 4851.69010    9 1052 4856.71780 4847.34177  0.19%  1943  409s
   796   667 4852.97592   13  852 4856.71780 4847.34177  0.19%  1918  420s
   838   653 4853.96532   17  623 4856.71780 4847.34177  0.19%  1953  432s
   873   668 4855.15131   23  424 4856.71780 4847.69262  0.19%  2015  448s
   926   667 4856.48866   35  260 4856.71780 4847.89730  0.18%  2037  463s
   987   667 4852.37201    8  853 4856.71780 4847.89730  0.18%  2049  475s
  1046   668 4852.73119   12  605 4856.71780 4847.89730  0.18%  2033  487s
  1102   663 4853.68967   16  672 4856.71780 4848.03364  0.18%  2021  530s
H 1107   652                    4856.5652998 4848.03364  0.18%  2030  530s
  1115   669 4853.68967   17  649 4856.56530 4848.03364  0.18%  2047  544s
  1177   657     cutoff   25      4856.56530 4848.03364  0.18%  2028  559s
  1219   646     cutoff   26      4856.56530 4848.03364  0.18%  2023  576s
  1269   649 4852.83964    8  770 4856.56530 4848.07220  0.17%  2061  593s
  1325   668 4853.68964   10  577 4856.56530 4848.24428  0.17%  2088  611s
  1386   701 4855.36180   12  977 4856.56530 4848.29563  0.17%  2109  631s
  1443   731 4856.07445   21  857 4856.56530 4848.29563  0.17%  2134  651s
  1527   747     cutoff   10      4856.56530 4848.74993  0.16%  2135  671s
  1605   753 4851.55616   11  974 4856.56530 4848.82816  0.16%  2154  693s
  1637   779 4853.78756   12 1323 4856.56530 4848.86182  0.16%  2169  712s
  1713   818 4855.87945   17  577 4856.56530 4848.86182  0.16%  2167  736s
  1798   863     cutoff   21      4856.56530 4848.86182  0.16%  2150  758s
  1925   918     cutoff   13      4856.56530 4849.56906  0.14%  2103  779s
  2024  1014 4854.65632   12 1411 4856.56530 4849.61229  0.14%  2082  806s
  2166  1040 4856.40271   20  899 4856.56530 4849.64153  0.14%  2031  833s
  2244  1095     cutoff   21      4856.56530 4849.66933  0.14%  2008  856s
  2374  1164     cutoff   41      4856.56530 4850.04769  0.13%  1991  880s
  2505  1209     cutoff   22      4856.56530 4850.28866  0.13%  1977  907s
* 2559  1145             119    4856.3362438 4850.28866  0.12%  1968  907s
  2657  1169 4855.16789   14 1334 4856.33624 4850.34619  0.12%  1943  932s
  2762  1159 4855.64590   18  986 4856.33624 4850.34619  0.12%  1944  960s
  2886  1189     cutoff   21      4856.33624 4850.63416  0.12%  1953  989s
  3001  1200     cutoff   20      4856.33624 4851.16924  0.11%  1966 1019s
  3115  1234 4852.08966   12  792 4856.33624 4851.17485  0.11%  1973 1050s
  3227  1278     cutoff   28      4856.33624 4851.55616  0.10%  1988 1081s
  3373  1361 4855.17063   13  615 4856.33624 4851.69424  0.10%  1986 1118s
H 3615  1343                    4856.3355974 4851.71869  0.10%  1945 1162s
H 3615  1329                    4856.3334850 4851.71869  0.10%  1945 1165s
H 3615  1323                    4856.3301551 4851.71869  0.09%  1945 1165s
H 3615  1321                    4856.3218429 4851.71869  0.09%  1945 1165s
  3616  1322 4855.47001   17 1079 4856.32184 4851.71869  0.09%  1945 1287s
  3618  1323 4855.99254   24 1881 4856.32184 4851.71869  0.09%  1943 1406s
  3619  1324 4856.01023   25 2135 4856.32184 4851.71869  0.09%  1943 1412s
  3623  1327 4853.78232   17 1475 4856.32184 4851.71869  0.09%  1941 1526s
  3624  1327 4855.37128   13 1475 4856.32184 4851.71869  0.09%  1940 1542s
  3625  1331 4851.71869   10 1469 4856.32184 4851.71869  0.09%  2006 1550s
  3627  1334 4851.71869   11 1449 4856.32184 4851.71869  0.09%  2008 1557s
  3631  1337 4851.71869   12 1525 4856.32184 4851.71869  0.09%  2012 1563s
  3639  1336 4851.71869   13 1786 4856.32184 4851.71869  0.09%  2018 1569s
  3651  1340 4851.71869   14 1624 4856.32184 4851.71869  0.09%  2018 1582s
  3667  1344 4853.86728   15 1144 4856.32184 4851.71869  0.09%  2036 1592s
  3686  1346 4851.71869   15 1653 4856.32184 4851.71869  0.09%  2038 1601s
  3705  1333 4851.71869   16 1721 4856.32184 4851.71869  0.09%  2038 1611s
  3734  1317 4853.68898   17 1560 4856.32184 4851.71869  0.09%  2039 1621s
  3759  1308 4855.34361   16 1231 4856.32184 4851.71869  0.09%  2035 1632s
  3774  1301     cutoff   17      4856.32184 4851.71869  0.09%  2034 1643s
  3791  1297     cutoff   21      4856.32184 4851.71869  0.09%  2031 1652s
  3808  1292     cutoff   22      4856.32184 4851.71869  0.09%  2029 1658s
  3835  1286     cutoff   24      4856.32184 4852.15195  0.09%  2021 1662s
  3859  1267     cutoff   25      4856.32184 4852.15195  0.09%  2016 1667s
  3892  1272     cutoff   25      4856.32184 4852.15195  0.09%  2007 1677s
  3912  1285 4854.47345   31  859 4856.32184 4852.69927  0.07%  2010 1682s
  3938  1283 4855.30480   33 1068 4856.32184 4852.69927  0.07%  2005 1704s
  3952  1289 4855.48423   34  936 4856.32184 4852.74339  0.07%  2005 1729s
  3971  1290 4855.56858   35 1042 4856.32184 4852.74339  0.07%  2004 1752s
  4000  1299 4855.61649   36  866 4856.32184 4852.91127  0.07%  1998 1778s
  4033  1310 4855.71436   37  812 4856.32184 4852.91127  0.07%  1989 1800s

Cutting planes:
  Gomory: 17
  Cover: 2
  Implied bound: 14
  MIR: 86
  Flow cover: 376
  GUB cover: 1
  RLT: 7
  Relax-and-lift: 99

Explored 4071 nodes (8291149 simplex iterations) in 1800.32 seconds (2529.20 work units)
Thread count was 24 (of 24 available processors)

Solution count 10: 4856.32 4856.32 4856.33 ... 4856.72

Time limit reached
Best objective 4.856321842946e+03, best bound 4.852911267629e+03, gap 0.0702%
