
Gurobi 13.0.1 (win64) logging started Fri Oct  9 08:36:52 2026

Set parameter LogFile to value "ieee_owen\weak_eps_experiment\stochastic\main17_xi\logs\n30_S20_day24_ef_gurobi.log"
Set parameter NodefileStart to value 3
Set parameter MIPGap to value 0.0001
Gurobi Optimizer version 13.0.1 build v13.0.1rc0 (win64 - Windows 10.0 (19045.2))

CPU model: AMD Ryzen 9 5900X 12-Core Processor, instruction set [SSE2|AVX|AVX2]
Thread count: 12 physical cores, 24 logical processors, using up to 24 threads

Non-default parameters:
TimeLimit  1800
NodefileStart  3
LogToConsole  0

Optimize a model with 171932 rows, 172166 columns and 734890 nonzeros (Min)
Model fingerprint: 0x6106235d
Model has 22 linear objective coefficients
Variable types: 145046 continuous, 27120 integer (27120 binary)
Coefficient statistics:
  Matrix range     [3e-04, 2e+02]
  Objective range  [5e-02, 1e+00]
  Bounds range     [8e-03, 6e+01]
  RHS range        [7e-02, 2e+01]

Presolve removed 76130 rows and 62183 columns
Presolve time: 1.69s
Presolved: 95802 rows, 109983 columns, 378062 nonzeros
Variable types: 85499 continuous, 24484 integer (24483 binary)
Found heuristic solution: objective 6590.2449792
Deterministic concurrent LP optimizer: primal and dual simplex
Showing primal log only...


Root simplex log...

Iteration    Objective       Primal Inf.    Dual Inf.      Time
   19067    8.7298441e+03   0.000000e+00   2.553854e+05      5s
   35724    8.4774297e+03   0.000000e+00   2.197631e+06     10s
   47197    8.3400323e+03   0.000000e+00   1.666732e+05     15s
   59213    8.2063958e+03   0.000000e+00   6.353700e+05     20s
   69602    8.0926335e+03   0.000000e+00   1.443883e+06     25s
Concurrent spin time: 0.00s

Solved with dual simplex

Root simplex log...

Iteration    Objective       Primal Inf.    Dual Inf.      Time
  129462    5.2847774e+03   0.000000e+00   0.000000e+00     29s

Root relaxation: objective 5.284777e+03, 129462 iterations, 26.59 seconds (32.26 work units)

    Nodes    |    Current Node    |     Objective Bounds      |     Work
 Expl Unexpl |  Obj  Depth IntInf | Incumbent    BestBd   Gap | It/Node Time

     0     0 5284.77744    0  721 6590.24498 5284.77744  19.8%     -   30s
H    0     0                    5301.5844912 5284.77744  0.32%     -   33s
H    0     0                    5300.0095366 5284.77744  0.29%     -   34s
     0     0 5284.81371    0  736 5300.00954 5284.81371  0.29%     -   37s
     0     0 5284.81432    0  733 5300.00954 5284.81432  0.29%     -   39s
     0     0 5284.85604    0  677 5300.00954 5284.85604  0.29%     -   40s
     0     0 5284.85604    0  677 5300.00954 5284.85604  0.29%     -   42s
     0     0 5284.87851    0  731 5300.00954 5284.87851  0.29%     -   43s
H    0     0                    5299.0685440 5284.87851  0.27%     -   45s
H    0     0                    5298.0949573 5284.87851  0.25%     -   46s
     0     0 5284.88776    0  806 5298.09496 5284.88776  0.25%     -   46s
     0     0 5284.88830    0  808 5298.09496 5284.88830  0.25%     -   46s
     0     0 5284.89054    0  704 5298.09496 5284.89054  0.25%     -   47s
     0     0 5284.89205    0  700 5298.09496 5284.89205  0.25%     -   50s
     0     0 5284.89205    0  701 5298.09496 5284.89205  0.25%     -   50s
     0     0 5285.01259    0  705 5298.09496 5285.01259  0.25%     -   51s
     0     0 5285.01872    0  705 5298.09496 5285.01872  0.25%     -   52s
     0     0 5285.04848    0  761 5298.09496 5285.04848  0.25%     -   53s
     0     0 5285.04848    0  762 5298.09496 5285.04848  0.25%     -   55s
     0     0 5285.04848    0  766 5298.09496 5285.04848  0.25%     -   55s
     0     0 5285.04848    0  625 5298.09496 5285.04848  0.25%     -   57s
     0     0 5285.05209    0  629 5298.09496 5285.05209  0.25%     -   59s
     0     0 5285.05209    0  631 5298.09496 5285.05209  0.25%     -   59s
     0     0 5285.05209    0  631 5298.09496 5285.05209  0.25%     -   60s
     0     0 5285.06862    0  631 5298.09496 5285.06862  0.25%     -   61s
     0     0 5285.06862    0  623 5298.09496 5285.06862  0.25%     -   61s
H    0     0                    5297.8698597 5285.06862  0.24%     -   64s
     0     2 5285.06862    0  623 5297.86986 5285.06862  0.24%     -   65s
H   15    28                    5297.3643501 5285.07280  0.23%   756   72s
H   17    28                    5296.8968652 5285.07280  0.22%   700   72s
    27    54 5285.71740    5  668 5296.89687 5285.08242  0.22%  1066   75s
    76    93 5287.14250    8  546 5296.89687 5285.08422  0.22%  1026   81s
   108   122 5286.12155    9  631 5296.89687 5285.08422  0.22%  1190   86s
   136   150 5287.21479   10  494 5296.89687 5285.08422  0.22%  1402   91s
   151   167 5288.28776   11  438 5296.89687 5285.08422  0.22%  1457   95s
   185   196 5291.12007   12  350 5296.89687 5285.08422  0.22%  1624  103s
   197   221 5290.57320   13  633 5296.89687 5285.08422  0.22%  1696  111s
H  212   221                    5296.2987141 5285.08422  0.21%  1655  111s
   252   274 5292.52780   15  431 5296.29871 5285.08422  0.21%  1714  117s
   324   332 5292.52785   16  403 5296.29871 5285.14036  0.21%  1510  122s
   361   353 5292.52785   22  264 5296.29871 5285.14036  0.21%  1441  125s
   434   421 5295.48137   24  488 5296.29871 5285.14036  0.21%  1424  132s
   478   444 5293.08649   25  378 5296.29871 5285.14036  0.21%  1389  135s
H  510   484                    5295.5386180 5285.14036  0.20%  1376  139s
   555   492 5293.38639   29  189 5295.53862 5285.14036  0.20%  1360  152s
H  557   492                    5294.9763016 5285.14036  0.19%  1355  152s
   571   526 5294.25186   29  181 5294.97630 5285.28090  0.18%  1360  155s
H  580   526                    5294.8443758 5285.28090  0.18%  1341  155s
H  623   585                    5294.6618011 5285.28090  0.18%  1315  159s
   694   597 5293.67865   33  116 5294.66180 5285.28090  0.18%  1234  164s
H  697   597                    5294.6291741 5285.28090  0.18%  1228  164s
   706   622 5293.67865   34  109 5294.62917 5285.28090  0.18%  1232  169s
H  708   622                    5294.6216308 5285.28090  0.18%  1230  169s
   737   711 5294.04708   36   81 5294.62163 5285.28090  0.18%  1218  172s
   837   757 5294.04708   48   71 5294.62163 5285.28090  0.18%  1115  176s
  1063   885 5294.04708   75   43 5294.62163 5285.28090  0.18%   941  184s
H 1089   761                    5294.2145905 5285.28090  0.17%   919  184s
  1192   745 5294.04708   90   23 5294.21459 5285.55180  0.16%   877  187s
* 1252   721             104    5294.1471374 5285.55180  0.16%   853  187s
  1290   696 5294.04708  109    4 5294.14714 5285.55180  0.16%   847  192s
* 1294   696             113    5294.0470803 5285.55180  0.16%   844  192s
  1362   704 5290.19116    6  507 5294.04708 5285.55529  0.16%   846  197s
H 1416   704                    5293.8216655 5285.55529  0.16%   844  197s
  1449   654     cutoff    8      5293.82167 5285.55529  0.16%   833  202s
  1530   654 5293.82042    9  256 5293.82167 5285.59454  0.16%   834  206s
  1576   713 5288.95530    6  462 5293.82167 5285.59454  0.16%   852  211s
  1674   775 5292.68509   10  304 5293.82167 5285.59454  0.16%   835  217s
  1811   849 5293.39787   22  150 5293.82167 5285.88566  0.15%   801  222s
* 1919   849             122    5293.8120217 5285.88566  0.15%   782  222s
  1953   874 5289.77605   11  476 5293.81202 5285.88566  0.15%   776  227s
* 1988   687             125    5293.4937703 5285.88566  0.14%   772  227s
  2044   690 5291.13519   12  518 5293.49377 5285.90707  0.14%   777  232s
  2122   731 5292.51351   14  290 5293.49377 5285.90707  0.14%   787  238s
  2199   785 5292.58651   20  249 5293.49377 5285.90707  0.14%   795  244s
  2305   838     cutoff   25      5293.49377 5285.90707  0.14%   796  251s
  2424   905     cutoff   13      5293.49377 5285.99362  0.14%   793  259s
  2554   980     cutoff   14      5293.49377 5285.99362  0.14%   786  266s
  2696   981 5292.36425   17  623 5293.49377 5285.99362  0.14%   777  329s
  2698   982 5292.52785   23 1026 5293.49377 5285.99362  0.14%   777  379s
  2699   983 5293.35461   20 1167 5293.49377 5285.99362  0.14%   776  381s
  2703   986 5293.39033   16  849 5293.49377 5285.99362  0.14%   775  426s
  2704   986 5293.41420    8  849 5293.49377 5285.99362  0.14%   775  432s
  2705   990 5285.99362   11 1134 5293.49377 5285.99362  0.14%   844  435s
  2719  1009 5286.38349   14 1092 5293.49377 5285.99362  0.14%   855  443s
  2731  1026 5286.91841   15 1252 5293.49377 5285.99362  0.14%   862  447s
  2754  1048 5289.34518   16 1115 5293.49377 5285.99362  0.14%   872  451s
  2809  1049 5289.70563   17 1019 5293.49377 5285.99362  0.14%   872  455s
  2859  1066 5289.95123   18 1006 5293.49377 5286.38349  0.13%   872  465s
  2915  1085 5290.42788   20 1050 5293.49377 5286.38349  0.13%   875  472s
  2983  1104 5292.53222   23  965 5293.49377 5286.41178  0.13%   878  476s
  3060  1099 5292.83642   25  931 5293.49377 5286.92062  0.12%   873  480s
  3136  1121     cutoff   27      5293.49377 5286.92062  0.12%   869  485s
  3272  1122     cutoff   32      5293.49377 5287.53078  0.11%   851  493s
  3325  1140     cutoff   17      5293.49377 5288.08262  0.10%   846  496s
  3436  1171 5292.45225   24  651 5293.49377 5288.78681  0.09%   837  503s
  3511  1181 5293.00673   30  608 5293.49377 5288.78681  0.09%   828  506s
  3595  1180 5293.18656   33  597 5293.49377 5289.12384  0.08%   819  510s
  3698  1147     cutoff   36      5293.49377 5289.12384  0.08%   807  520s
  3719  1172 5293.22175   35  615 5293.49377 5289.12384  0.08%   804  529s
  3781  1158     cutoff   36      5293.49377 5289.12384  0.08%   802  536s
  3845  1177 5293.06137   19  778 5293.49377 5289.12384  0.08%   800  544s
  3909  1197 5291.32241   23  554 5293.49377 5289.12384  0.08%   798  551s
  3984  1180 5291.87689   30  543 5293.49377 5289.12384  0.08%   791  559s
  4067  1191 5293.02059   36  431 5293.49377 5291.24373  0.04%   787  568s
  4134  1176 5293.48041   41  407 5293.49377 5291.24373  0.04%   784  578s
  4151  1174 5293.48041   42  371 5293.49377 5291.25939  0.04%   783  592s
  4171  1209     cutoff   43      5293.49377 5291.25939  0.04%   780  602s
  4259  1219 5293.20579   31  519 5293.49377 5291.25939  0.04%   771  610s
  4396  1243 5293.03525   29  519 5293.49377 5291.32241  0.04%   758  618s
  4537  1330 5293.40742   27  488 5293.49377 5291.61811  0.04%   749  626s
  4746  1337 5293.17543   35  647 5293.49377 5291.62407  0.04%   729  634s
  4896  1373 5293.23090   33  580 5293.49377 5291.62407  0.04%   725  646s
  5034  1369 5293.14917   29  627 5293.49377 5291.73496  0.03%   722  655s
  5186  1369 5293.11471   34  532 5293.49377 5291.78966  0.03%   720  665s
  5360  1338 5292.15049   23  555 5293.49377 5291.79110  0.03%   716  673s
  5506  1327 5292.84110   19  580 5293.49377 5291.79110  0.03%   718  682s
  5626  1340 5292.86209   23  547 5293.49377 5291.87111  0.03%   727  695s
  5873  1486     cutoff   22      5293.49377 5291.91286  0.03%   726  708s
  6186  1794 5292.60662   20  903 5293.49377 5291.96317  0.03%   710  725s
  6635  2304     cutoff   28      5293.49377 5291.96317  0.03%   688  744s
  7243  2891 5293.47478   25  735 5293.49377 5292.03200  0.03%   643  765s
  8000  3360     cutoff   26      5293.49377 5292.06814  0.03%   596  785s
* 8227  2199             250    5293.3112118 5292.07801  0.02%   591  785s
* 8616  1271             273    5293.0349250 5292.11564  0.02%   567  785s
  8731   726     cutoff   19      5293.03493 5292.13395  0.02%   562  800s
  9120   762 5292.79723   33  480 5293.03493 5292.23110  0.02%   564  821s
  9750  1008     cutoff   26      5293.03493 5292.37848  0.01%   555  845s
*10526   926             248    5293.0306551 5292.42020  0.01%   537  846s
 10707   475     cutoff   24      5293.03066 5292.42020  0.01%   529  865s

Cutting planes:
  Gomory: 6
  Cover: 1
  Implied bound: 3
  MIR: 14
  Flow cover: 298
  Relax-and-lift: 2

Explored 11438 nodes (6061912 simplex iterations) in 866.43 seconds (906.26 work units)
Thread count was 24 (of 24 available processors)

Solution count 10: 5293.03 5293.03 5293.31 ... 5294.05

Optimal solution found (tolerance 1.00e-04)
Best objective 5.293030655133e+03, best bound 5.292661449265e+03, gap 0.0070%
