
Gurobi 13.0.1 (win64) logging started Fri Oct  9 00:18:43 2026

Set parameter LogFile to value "ieee_owen\weak_eps_experiment\stochastic\main17_xi\logs\n30_S20_day19_ef_gurobi.log"
Set parameter NodefileStart to value 3
Set parameter MIPGap to value 0.0001
Gurobi Optimizer version 13.0.1 build v13.0.1rc0 (win64 - Windows 10.0 (19045.2))

CPU model: AMD Ryzen 9 5900X 12-Core Processor, instruction set [SSE2|AVX|AVX2]
Thread count: 12 physical cores, 24 logical processors, using up to 24 threads

Non-default parameters:
TimeLimit  1800
NodefileStart  3
LogToConsole  0

Optimize a model with 171932 rows, 172166 columns and 734890 nonzeros (Min)
Model fingerprint: 0x75af46c0
Model has 22 linear objective coefficients
Variable types: 145046 continuous, 27120 integer (27120 binary)
Coefficient statistics:
  Matrix range     [3e-04, 2e+02]
  Objective range  [5e-02, 1e+00]
  Bounds range     [7e-03, 6e+01]
  RHS range        [7e-02, 2e+01]

Presolve removed 76134 rows and 62206 columns
Presolve time: 1.56s
Presolved: 95798 rows, 109960 columns, 377867 nonzeros
Variable types: 85485 continuous, 24475 integer (24474 binary)
Found heuristic solution: objective 5672.8088057
Deterministic concurrent LP optimizer: primal and dual simplex
Showing primal log only...


Root simplex log...

Iteration    Objective       Primal Inf.    Dual Inf.      Time
   18179    8.1030370e+03   0.000000e+00   2.822659e+05      5s
   34067    7.7531598e+03   0.000000e+00   1.786903e+06     10s
   45838    7.5855976e+03   0.000000e+00   1.463378e+05     15s
   56336    7.4799100e+03   0.000000e+00   1.575896e+05     20s
   67211    7.3830011e+03   0.000000e+00   4.554895e+05     25s
   77344    7.2960432e+03   0.000000e+00   9.290371e+04     30s
   85783    7.2382285e+03   0.000000e+00   2.013216e+06     35s
   93984    7.1810747e+03   0.000000e+00   1.047902e+05     40s
  101844    7.1369167e+03   0.000000e+00   2.247332e+05     45s
  109535    7.0987162e+03   0.000000e+00   9.120822e+04     50s
Concurrent spin time: 0.00s

Solved with dual simplex

Root simplex log...

Iteration    Objective       Primal Inf.    Dual Inf.      Time
  175599    4.3804410e+03   0.000000e+00   0.000000e+00     54s

Root relaxation: objective 4.380441e+03, 175599 iterations, 51.25 seconds (66.07 work units)

    Nodes    |    Current Node    |     Objective Bounds      |     Work
 Expl Unexpl |  Obj  Depth IntInf | Incumbent    BestBd   Gap | It/Node Time

     0     0 4380.44100    0  855 5672.80881 4380.44100  22.8%     -   55s
H    0     0                    4420.6039660 4380.44100  0.91%     -   60s
H    0     0                    4419.0929388 4380.44100  0.87%     -   64s
     0     0 4380.44639    0 1050 4419.09294 4380.44639  0.87%     -   68s
H    0     0                    4418.1124594 4380.44639  0.85%     -   72s
     0     0 4380.44639    0 1050 4418.11246 4380.44639  0.85%     -   73s
     0     0 4380.52088    0 1194 4418.11246 4380.52088  0.85%     -   76s
H    0     0                    4417.9786870 4380.52120  0.85%     -   79s
     0     0 4380.52120    0 1196 4417.97869 4380.52120  0.85%     -   79s
     0     0 4380.53417    0 1363 4417.97869 4380.53417  0.85%     -   81s
     0     0 4380.53483    0 1344 4417.97869 4380.53483  0.85%     -   83s
     0     0 4380.53483    0 1344 4417.97869 4380.53483  0.85%     -   83s
     0     0 4380.53731    0 1442 4417.97869 4380.53731  0.85%     -   84s
     0     0 4380.53748    0 1439 4417.97869 4380.53748  0.85%     -   85s
     0     0 4380.53801    0 1360 4417.97869 4380.53801  0.85%     -   86s
     0     0 4380.53960    0 1231 4417.97869 4380.53960  0.85%     -   89s
     0     0 4380.53960    0 1231 4417.97869 4380.53960  0.85%     -   89s
     0     0 4380.54047    0 1334 4417.97869 4380.54047  0.85%     -   90s
H    0     0                    4415.4067943 4380.54047  0.79%     -   94s
     0     0 4380.54047    0 1312 4415.40679 4380.54047  0.79%     -   94s
     0     0 4380.54047    0 1312 4415.40679 4380.54047  0.79%     -   95s
     0     0 4380.55708    0 1312 4415.40679 4380.55708  0.79%     -   96s
     0     0 4380.55708    0 1312 4415.40679 4380.55708  0.79%     -   96s
     0     0 4380.55708    0 1130 4415.40679 4380.55708  0.79%     -   97s
     0     2 4380.55708    0 1123 4415.40679 4380.55708  0.79%     -  101s
     3     8 4384.83833    2  959 4415.40679 4380.55708  0.79%  2582  105s
     7    16 4385.24815    3 1057 4415.40679 4380.55708  0.79%  1717  110s
H    8    16                    4415.3792389 4380.55708  0.79%  1502  110s
    15    28 4392.30097    4  846 4415.37924 4381.31517  0.77%  4205  118s
    27    45 4392.41029    5  806 4415.37924 4381.70549  0.76%  4983  125s
H   31    45                    4415.3061407 4381.70549  0.76%  4446  125s
    44    79 4400.09849    8  668 4415.30614 4381.72045  0.76%  3981  132s
H   78    94                    4414.6703220 4381.72045  0.75%  2906  137s
    93   110 4394.15962   13  570 4414.67032 4381.72045  0.75%  2619  144s
   109   135 4396.30503   15  494 4414.67032 4381.72045  0.75%  2810  150s
H  134   150                    4412.1117844 4381.72045  0.69%  2816  156s
   149   170 4397.56135   19  572 4412.11178 4381.72045  0.69%  2883  160s
   169   193 4396.07709   20  862 4412.11178 4381.72045  0.69%  2793  165s
   210   229 4402.06765   22  341 4412.11178 4381.72045  0.69%  2685  175s
H  235   250                    4401.5599488 4381.72045  0.45%  2679  179s
   249   278 4399.42741   25  690 4401.55995 4381.72045  0.45%  2625  185s
   277   309     cutoff   29      4401.55995 4381.72045  0.45%  2522  190s
H  329   343                    4400.3230915 4381.72045  0.42%  2310  194s
   344   378     cutoff   36      4400.32309 4381.75038  0.42%  2286  200s
   424   443 4390.57958    8  888 4400.32309 4381.75038  0.42%  2057  209s
H  430   443                    4394.0164336 4381.75038  0.28%  2070  209s
   460   465 4391.48308    9  880 4394.01643 4381.75038  0.28%  2022  214s
   518   495 4393.69135   13  771 4394.01643 4382.40484  0.26%  1890  221s
H  527   495                    4393.4259249 4382.40484  0.25%  1862  221s
   576   528 4390.51461   36  250 4393.42592 4382.41507  0.25%  1798  229s
H  588   528                    4392.7345050 4382.41507  0.23%  1780  229s
   635   562 4391.00459   46  123 4392.73450 4382.41507  0.23%  1728  236s
H  655   562                    4391.8610610 4382.41507  0.22%  1684  236s
   698   601 4391.05497   54   97 4391.86106 4382.41507  0.22%  1682  243s
H  722   601                    4391.8162079 4382.41507  0.21%  1626  243s
   755   647 4391.05497   66   90 4391.81621 4382.41507  0.21%  1588  249s
   830   701 4391.05497   79   74 4391.81621 4382.41507  0.21%  1496  255s
   920   739 4391.05713   93   63 4391.81621 4382.41507  0.21%  1386  261s
  1025   758 4391.05736  109   48 4391.81621 4382.41507  0.21%  1283  267s
  1138   778 4391.05736  127   32 4391.81621 4384.15188  0.17%  1188  272s
* 1189   778             131    4391.6266882 4384.15188  0.17%  1137  272s
  1272   748 4391.20128  146   14 4391.62669 4384.15188  0.17%  1092  278s
* 1286   748             160    4391.2031925 4384.15188  0.16%  1080  278s
* 1287   748             160    4391.2031804 4384.15188  0.16%  1079  278s
  1410   643     cutoff  159      4391.20318 4384.15188  0.16%  1013  285s
H 1413   635                    4391.1019031 4384.15188  0.16%  1011  285s
H 1418   635                    4391.0835123 4384.15188  0.16%  1012  285s
H 1428   635                    4391.0804651 4384.69601  0.15%  1013  285s
H 1436   635                    4391.0436267 4384.69601  0.14%  1019  285s
  1443   617 4388.39804    8  903 4391.04363 4384.69601  0.14%  1016  292s
  1494   623     cutoff   11      4391.04363 4384.69601  0.14%  1029  319s
  1512   622     cutoff   10      4391.04363 4385.36935  0.13%  1034  336s
  1541   623 4385.82779    5 1268 4391.04363 4385.37587  0.13%  1036  342s
H 1565   623                    4391.0435850 4385.37587  0.13%  1039  342s
  1568   642 4386.56157    6 1150 4391.04358 4385.37587  0.13%  1043  350s
  1617   640 4387.39025    9 1055 4391.04358 4385.37587  0.13%  1055  357s
  1670   646 4389.71524   13  875 4391.04358 4385.76390  0.12%  1068  364s
  1723   630 4389.20930   22  846 4391.04358 4385.76390  0.12%  1081  372s
  1813   631     cutoff   25      4391.04358 4386.37938  0.11%  1076  381s
  1872   633     cutoff   11      4391.04358 4386.76954  0.10%  1097  389s
  1953   642 4389.28752   12  787 4391.04358 4387.12222  0.09%  1096  397s
  2036   630     cutoff   13      4391.04358 4387.12947  0.09%  1102  406s
  2146   621 4389.98845   15  548 4391.04358 4387.12947  0.09%  1099  417s
  2260   623     cutoff   18      4391.04358 4387.62486  0.08%  1092  428s
  2381   618 4390.56669   22  655 4391.04358 4388.40839  0.06%  1088  437s
  2507   741 4390.75466   20  420 4391.04358 4388.49004  0.06%  1076  450s
H 2558   741                    4391.0402122 4388.49004  0.06%  1063  450s
H 2621   741                    4391.0363409 4388.49004  0.06%  1046  450s
  2688   639     cutoff   22      4391.03634 4388.49004  0.06%  1023  460s
* 2801   639             100    4391.0316043 4388.49004  0.06%  1005  460s
* 2855   639             104    4391.0313502 4388.49004  0.06%   986  460s
  2905   612     cutoff   33      4391.03135 4388.49004  0.06%   979  472s
  3323   752 4390.97992   43  105 4391.03135 4389.25120  0.04%   887  485s
  3907   733     cutoff   52      4391.03135 4389.81360  0.03%   773  498s
* 3976   733             129    4391.0311677 4389.81360  0.03%   760  498s
  4068   385 4391.03076   82 1130 4391.03117 4389.81360  0.03%   744  588s
  4070   386 4391.03076   91 1339 4391.03117 4389.81360  0.03%   744  652s
  4071   387 4390.74770   17 1793 4391.03117 4389.81360  0.03%   744  655s
  4076   390 4391.03076   59 1395 4391.03117 4389.81360  0.03%   743  716s
  4077   391 4391.03076   76 1395 4391.03117 4389.81360  0.03%   742  726s
  4078   395 4389.81360   13 1454 4391.03117 4389.81360  0.03%   796  732s
  4080   398 4389.81360   14 1565 4391.03117 4389.81360  0.03%   799  735s
  4084   401 4389.81360   15 1811 4391.03117 4389.81360  0.03%   802  741s
  4092   402 4389.81360   16 1855 4391.03117 4389.81360  0.03%   809  747s
  4104   405 4389.81360   17 1799 4391.03117 4389.81360  0.03%   817  754s
  4119   408 4389.81360   18 1704 4391.03117 4389.81360  0.03%   828  760s
  4149   400 4390.38015   19 1270 4391.03117 4389.81360  0.03%   837  765s
  4171   401 4389.81360   20 1496 4391.03117 4389.81360  0.03%   841  770s
  4189   394 4389.81360   20 1590 4391.03117 4389.81360  0.03%   845  777s
  4222   383 4389.81360   21 1493 4391.03117 4389.81360  0.03%   849  785s
  4242   384     cutoff   22      4391.03117 4389.81360  0.03%   855  792s
  4272   381 4389.81360   21 1459 4391.03117 4389.81360  0.03%   860  796s
  4314   364 4390.14102   23 1131 4391.03117 4389.81360  0.03%   860  800s
  4349   341 4389.81360   24 1402 4391.03117 4389.81360  0.03%   861  805s
  4384   335     cutoff   25      4391.03117 4389.81360  0.03%   863  810s
  4437   327 4390.73603   27  613 4391.03117 4389.81360  0.03%   870  818s
  4473   323     cutoff   33      4391.03117 4389.81360  0.03%   874  821s
  4518   312     cutoff   33      4391.03117 4389.81360  0.03%   872  825s
  4648   292     cutoff   42      4391.03117 4389.81360  0.03%   867  833s
  4729   269     cutoff   41      4391.03117 4389.81360  0.03%   861  837s
  4793   270 4389.99107   42  445 4391.03117 4389.81360  0.03%   860  841s
  4879   264 4390.20872   47  443 4391.03117 4389.81360  0.03%   852  845s
  5096   258 4389.93947   31 1002 4391.03117 4389.81360  0.03%   830  866s
  5108   263 4390.12565   32  786 4391.03117 4389.81360  0.03%   830  883s
  5121   266 4390.12565   33  786 4391.03117 4389.81360  0.03%   830  903s
  5136   270 4390.44508   34  713 4391.03117 4389.81360  0.03%   830  921s
  5152   276 4390.55604   36  527 4391.03117 4389.81360  0.03%   829  941s
  5182   276 4390.06150   45  445 4391.03117 4389.81360  0.03%   825  960s
  5196   269     cutoff   45      4391.03117 4389.81360  0.03%   824  978s
  5234   252     cutoff   47      4391.03117 4389.81360  0.03%   820  998s
  5259   262 4390.99801   45  397 4391.03117 4389.81360  0.03%   818 1017s
  5286   266 4390.28299   40  664 4391.03117 4389.81360  0.03%   815 1031s
  5313   291 4391.03078   97  229 4391.03117 4389.81360  0.03%   813 1042s
  5343   362 4391.03078  104  223 4391.03117 4389.81360  0.03%   808 1056s
  5443   437 4391.03078  126  185 4391.03117 4389.81360  0.03%   796 1068s
  5545   448 4391.03078  149  133 4391.03117 4389.81360  0.03%   784 1085s
  5558   597 4391.03078  150  131 4391.03117 4389.81360  0.03%   782 1096s
H 5608   597                    4391.0307590 4389.81360  0.03%   775 1096s
  5738   619     cutoff  174      4391.03076 4389.81360  0.03%   758 1104s
  6053   825 4390.55927   40  576 4391.03076 4389.81360  0.03%   728 1112s
  6382   910 4391.03076  212   34 4391.03076 4389.81360  0.03%   695 1122s
* 6402   910             231    4391.0307568 4389.81360  0.03%   693 1122s
  6832   520     cutoff  231      4391.03076 4389.81360  0.03%   651 1130s
  7277   326 4391.02279   49  355 4391.03076 4389.99874  0.02%   617 1139s

Cutting planes:
  Gomory: 6
  Cover: 26
  Implied bound: 5
  MIR: 26
  Flow cover: 221
  Relax-and-lift: 56

Explored 7752 nodes (4705170 simplex iterations) in 1140.10 seconds (1366.03 work units)
Thread count was 24 (of 24 available processors)

Solution count 10: 4391.03 4391.03 4391.03 ... 4391.04

Optimal solution found (tolerance 1.00e-04)
Warning: max bound violation (1.1539e-06) exceeds tolerance
Best objective 4.391030756846e+03, best bound 4.390990063614e+03, gap 0.0009%
