
Gurobi 13.0.1 (win64) logging started Wed Oct  7 22:09:06 2026

Set parameter LogFile to value "ieee_owen\weak_eps_experiment\stochastic\main17_xi\logs\n30_S20_day3_ef_gurobi.log"
Set parameter NodefileStart to value 3
Set parameter MIPGap to value 0.0001
Gurobi Optimizer version 13.0.1 build v13.0.1rc0 (win64 - Windows 10.0 (19045.2))

CPU model: AMD Ryzen 9 5900X 12-Core Processor, instruction set [SSE2|AVX|AVX2]
Thread count: 12 physical cores, 24 logical processors, using up to 24 threads

Non-default parameters:
TimeLimit  1800
NodefileStart  3
LogToConsole  0

Optimize a model with 171932 rows, 172166 columns and 734890 nonzeros (Min)
Model fingerprint: 0x17c19328
Model has 22 linear objective coefficients
Variable types: 145046 continuous, 27120 integer (27120 binary)
Coefficient statistics:
  Matrix range     [3e-04, 2e+02]
  Objective range  [5e-02, 1e+00]
  Bounds range     [1e-02, 6e+01]
  RHS range        [7e-02, 2e+01]

Presolve removed 76121 rows and 62166 columns
Presolve time: 1.81s
Presolved: 95811 rows, 110000 columns, 378013 nonzeros
Variable types: 85511 continuous, 24489 integer (24488 binary)
Found heuristic solution: objective 5973.9693548
Deterministic concurrent LP optimizer: primal and dual simplex
Showing primal log only...


Root simplex log...

Iteration    Objective       Primal Inf.    Dual Inf.      Time
   16040    8.2955646e+03   0.000000e+00   1.232516e+05      5s
   32922    7.9211190e+03   0.000000e+00   4.336321e+05     10s
   45838    7.7651611e+03   0.000000e+00   1.192543e+06     15s
   58476    7.6353152e+03   0.000000e+00   6.522485e+05     20s
   69378    7.5563233e+03   0.000000e+00   6.946542e+04     25s
   78351    7.4974009e+03   0.000000e+00   8.850400e+04     30s
   86960    7.4443527e+03   0.000000e+00   8.885832e+05     35s
   95030    7.3956711e+03   0.000000e+00   2.621016e+05     40s
  103458    7.3459711e+03   0.000000e+00   1.629223e+05     45s
  111578    7.3089826e+03   0.000000e+00   2.993101e+05     50s
  120058    7.2531550e+03   0.000000e+00   4.125237e+05     55s
  127747    7.2109476e+03   0.000000e+00   1.793256e+05     60s
  135077    7.1772037e+03   0.000000e+00   2.963545e+05     65s
  142217    7.1435262e+03   0.000000e+00   3.129256e+05     70s
  150188    7.1076240e+03   0.000000e+00   2.759110e+05     75s
Concurrent spin time: 0.00s

Solved with dual simplex

Root simplex log...

Iteration    Objective       Primal Inf.    Dual Inf.      Time
  211892    4.7388118e+03   0.000000e+00   0.000000e+00     76s

Root relaxation: objective 4.738812e+03, 211892 iterations, 73.78 seconds (97.48 work units)

    Nodes    |    Current Node    |     Objective Bounds      |     Work
 Expl Unexpl |  Obj  Depth IntInf | Incumbent    BestBd   Gap | It/Node Time

     0     0 4738.81183    0  921 5973.96935 4738.81183  20.7%     -   78s
H    0     0                    4819.5625314 4738.81183  1.68%     -   83s
H    0     0                    4770.6194698 4738.81183  0.67%     -   87s
     0     0 4739.08464    0 1024 4770.61947 4739.08464  0.66%     -   91s
     0     0 4739.08464    0 1025 4770.61947 4739.08464  0.66%     -  102s
H    0     0                    4761.8461893 4739.14882  0.48%     -  104s
     0     0 4739.14882    0 1058 4761.84619 4739.14882  0.48%     -  104s
     0     0 4739.14882    0 1057 4761.84619 4739.14882  0.48%     -  104s
H    0     0                    4761.3657576 4739.14882  0.47%     -  108s
     0     0 4739.14882    0 1056 4761.36576 4739.14882  0.47%     -  109s
     0     0 4739.14936    0 1083 4761.36576 4739.14936  0.47%     -  110s
     0     0 4739.14936    0 1082 4761.36576 4739.14936  0.47%     -  111s
     0     0 4739.14936    0 1093 4761.36576 4739.14936  0.47%     -  112s
     0     0 4739.14936    0 1093 4761.36576 4739.14936  0.47%     -  112s
     0     0 4739.14936    0 1087 4761.36576 4739.14936  0.47%     -  113s
     0     0 4739.14936    0  810 4761.36576 4739.14936  0.47%     -  115s
H    0     0                    4761.1270853 4739.15324  0.46%     -  119s
     0     0 4739.15324    0  812 4761.12709 4739.15324  0.46%     -  119s
     0     0 4739.53776    0  856 4761.12709 4739.53776  0.45%     -  120s
     0     0 4739.53776    0  856 4761.12709 4739.53776  0.45%     -  120s
     0     0 4739.53776    0  780 4761.12709 4739.53776  0.45%     -  122s
     0     0 4739.53776    0  784 4761.12709 4739.53776  0.45%     -  127s
     0     0 4739.54202    0  917 4761.12709 4739.54202  0.45%     -  128s
     0     0 4739.54202    0  813 4761.12709 4739.54202  0.45%     -  129s
     0     0 4739.55302    0  813 4761.12709 4739.55302  0.45%     -  130s
     0     0 4739.55302    0  813 4761.12709 4739.55302  0.45%     -  130s
     0     0 4739.55302    0  813 4761.12709 4739.55302  0.45%     -  130s
     0     2 4739.55302    0  813 4761.12709 4739.55302  0.45%     -  133s
     1     4 4739.88686    1  929 4761.12709 4739.55302  0.45%  4525  135s
     7    16 4740.06116    3  815 4761.12709 4739.55302  0.45%  1727  142s
H    8    16                    4761.0582414 4739.55302  0.45%  1511  142s
    15    28 4740.80803    4  856 4761.05824 4739.89220  0.44%  2073  150s
    27    41 4747.29989    5  763 4761.05824 4740.03267  0.44%  2862  156s
    40    60 4747.45287    6  856 4761.05824 4740.03267  0.44%  3549  163s
H   50    60                    4761.0225321 4740.03267  0.44%  3059  163s
    59    72 4748.83293    7  695 4761.02253 4740.03267  0.44%  2852  170s
    71    90 4750.76258    8  723 4761.02253 4740.03267  0.44%  2816  177s
    89   112 4749.47329    8  791 4761.02253 4740.03267  0.44%  2646  185s
   111   135 4749.47740    9  753 4761.02253 4740.03267  0.44%  2508  191s
   134   147 4751.31314   12  791 4761.02253 4740.03267  0.44%  2354  201s
   146   172 4751.84072   13  963 4761.02253 4740.03267  0.44%  2393  208s
   171   195 4751.98787   14  651 4761.02253 4740.03267  0.44%  2226  214s
   194   217 4752.30899   15  827 4761.02253 4740.03267  0.44%  2206  219s
   216   248 4752.34889   16  674 4761.02253 4740.03267  0.44%  2149  224s
   247   279 4752.95343   17  691 4761.02253 4740.03267  0.44%  2032  230s
H  278   291                    4759.9795369 4740.03267  0.42%  1957  240s
H  280   291                    4759.9766831 4740.03267  0.42%  1949  240s
H  281   291                    4759.9629755 4740.03267  0.42%  1942  240s
H  285   291                    4759.9594862 4740.03267  0.42%  1951  240s
H  286   291                    4759.9397203 4740.03267  0.42%  1948  240s
H  287   291                    4759.9351046 4740.03267  0.42%  1942  240s
   290   319 4753.17911   19  472 4759.93510 4740.03267  0.42%  1928  246s
H  315   319                    4751.8163543 4740.03267  0.25%  1876  246s
   318   312     cutoff   20      4751.81635 4740.08056  0.25%  1861  255s
   371   341 4741.68550    7 1041 4751.81635 4740.09579  0.25%  1776  262s
H  403   341                    4748.3483683 4740.09579  0.17%  1724  262s
   404   363 4742.35924    9  956 4748.34837 4740.09579  0.17%  1724  271s
   448   390 4743.40770   11 1102 4748.34837 4740.09579  0.17%  1689  279s
   486   415 4744.10023   14 1138 4748.34837 4740.09579  0.17%  1664  289s
   528   431 4745.01471   16  832 4748.34837 4740.72527  0.16%  1632  296s
   576   468 4745.47613   17  631 4748.34837 4740.72527  0.16%  1595  304s
   629   498 4745.53407   19  418 4748.34837 4740.85857  0.16%  1533  316s
   685   542 4746.26680   21  257 4748.34837 4740.85857  0.16%  1501  326s
H  713   542                    4747.8497856 4741.34727  0.14%  1521  326s
   747   583 4746.61667   27  249 4747.84979 4741.34727  0.14%  1468  336s
   828   652     cutoff   33      4747.84979 4741.56557  0.13%  1407  344s
H  853   652                    4747.5997309 4741.89250  0.12%  1401  344s
H  911   651                    4747.5068449 4741.89250  0.12%  1335  375s
H  916   651                    4747.4289957 4741.89250  0.12%  1333  375s
   933   677 4747.14167   38   87 4747.42900 4741.89250  0.12%  1333  385s
  1025   738 4747.37401   49   60 4747.42900 4742.33530  0.11%  1284  391s
  1162   777 4747.37401   59   46 4747.42900 4742.33530  0.11%  1166  401s
* 1260   777              93    4747.3801500 4742.33530  0.11%  1082  401s
  1322   748 4747.37401   70   21 4747.38015 4742.44304  0.10%  1056  411s
* 1344   748              89    4747.3740093 4742.44304  0.10%  1039  411s
  1504   669     cutoff   88      4747.37401 4742.44304  0.10%   957  421s
* 1540   669             127    4747.2270958 4742.44304  0.10%   946  421s
  1616   668 4745.90736    9  889 4747.22710 4742.44304  0.10%   929  434s
  1712   652     cutoff   14      4747.22710 4742.44304  0.10%   920  445s
  1817   728 4746.55683   17  324 4747.22710 4742.44304  0.10%   911  456s
H 1942   728                    4747.1480334 4744.23706  0.06%   883  456s
H 1973   728                    4747.1320596 4744.23706  0.06%   869  456s
  1981   722     cutoff   44      4747.13206 4744.23706  0.06%   868  467s
H 2060   722                    4747.1275656 4744.36816  0.06%   854  467s
H 2154   722                    4747.1244061 4744.36816  0.06%   826  467s
H 2157   722                    4747.1243827 4744.36816  0.06%   824  467s
H 2160   722                    4747.1242963 4744.36816  0.06%   823  467s
  2183   680     cutoff   14      4747.12430 4744.36816  0.06%   818  476s
  2349   775 4746.64327   18  444 4747.12430 4745.31108  0.04%   794  485s
* 2452   775             114    4747.1210422 4745.31108  0.04%   779  485s
  2584   835 4746.73774   19  780 4747.12104 4745.31108  0.04%   746  494s
H 2658   835                    4747.0427648 4745.31108  0.04%   730  494s
H 2661   835                    4747.0020189 4745.31108  0.04%   729  494s
H 2884   835                    4746.9333311 4745.55043  0.03%   686  495s
  2900   362 4746.71614   30  813 4746.93333 4745.55043  0.03%   684  600s
  2902   363 4746.69276   33 1316 4746.93333 4745.55043  0.03%   684  704s
  2903   364 4746.90852   61 1515 4746.93333 4745.55043  0.03%   684  707s
  2907   367 4746.61901   21 1093 4746.93333 4745.55043  0.03%   683  809s
  2908   367 4746.93260   99 1093 4746.93333 4745.55043  0.03%   683  820s
  2909   370 4745.55043   11 1373 4746.93333 4745.55043  0.03%   776  832s
  2911   370 4745.55043   12 1611 4746.93333 4745.55043  0.03%   781  838s
  2914   371 4745.55043   13 1615 4746.93333 4745.55043  0.03%   784  845s
  2918   374 4745.55043   14 1371 4746.93333 4745.55043  0.03%   789  850s
  2924   371 4745.55043   15 1389 4746.93333 4745.55043  0.03%   799  859s
  2934   367 4745.55043   16 1389 4746.93333 4745.55043  0.03%   802  864s
  2947   362 4745.55043   17 1534 4746.93333 4745.55043  0.03%   801  869s
  2957   358     cutoff   18      4746.93333 4745.55043  0.03%   806  872s
  2966   359 4745.55043   20 1325 4746.93333 4745.55043  0.03%   808  876s
  3002   353 4745.55043   23 1222 4746.93333 4745.55043  0.03%   811  882s
  3054   345     cutoff   27      4746.93333 4745.55043  0.03%   810  891s
  3072   349     cutoff   29      4746.93333 4745.55043  0.03%   809  898s
  3102   374 4745.84073   30  994 4746.93333 4745.55043  0.03%   807  901s
  3177   358     cutoff   30      4746.93333 4745.55043  0.03%   804  906s
  3258   349     cutoff   33      4746.93333 4745.64932  0.03%   799  912s
  3294   353 4746.38518   34  823 4746.93333 4745.65295  0.03%   800  915s
  3381   344     cutoff   36      4746.93333 4745.65295  0.03%   794  921s
  3474   341     cutoff   37      4746.93333 4745.65295  0.03%   789  927s
  3527   344     cutoff   37      4746.93333 4745.65295  0.03%   786  932s
  3583   349 4746.27904   31  582 4746.93333 4745.65295  0.03%   783  935s
  3715   354 4746.69709   34  449 4746.93333 4745.70611  0.03%   771  942s
  3810   331 4746.91843   38  405 4746.93333 4745.72304  0.03%   760  962s
H 3811   311                    4746.8989839 4745.72304  0.02%   759  962s
  3826   330     cutoff   39      4746.89898 4745.72304  0.02%   758  966s
  3943   377 4746.73035   38  443 4746.89898 4745.78159  0.02%   744  971s
  4065   379 4746.73656   40  432 4746.89898 4745.78208  0.02%   728  982s
  4082   509 4746.80558   41  412 4746.89898 4745.78208  0.02%   726  987s
  4256   635     cutoff   44      4746.89898 4745.78208  0.02%   700  992s
  4421   854 4746.87829   33  593 4746.89898 4745.95502  0.02%   678  999s
  4676  1176 4746.87737  105  223 4746.89898 4746.02111  0.02%   646 1008s
  5089  1182 4746.87737  139  165 4746.89898 4746.02111  0.02%   597 1024s
  5105  1450 4746.87737  139  163 4746.89898 4746.02111  0.02%   596 1032s
* 5249  1194             219    4746.8988073 4746.13766  0.02%   580 1032s
* 5307   929             212    4746.8141639 4746.13766  0.01%   574 1032s
  5480   735     cutoff  167      4746.81416 4746.13766  0.01%   559 1040s
  5694   773 4746.74315   44  372 4746.81416 4746.13766  0.01%   547 1049s
  5979   858     cutoff   44      4746.81416 4746.13766  0.01%   530 1061s
H 6012   766                    4746.7829304 4746.13766  0.01%   529 1061s
H 6015   766                    4746.7817796 4746.13766  0.01%   529 1061s
* 6022   766             251    4746.7817673 4746.13766  0.01%   528 1061s
H 6045   766                    4746.7814373 4746.13766  0.01%   526 1061s
* 6064   766             242    4746.7813128 4746.13766  0.01%   525 1061s
  6369   684     cutoff   43      4746.78131 4746.13766  0.01%   505 1070s
  6612   746     cutoff   41      4746.78131 4746.14790  0.01%   496 1080s
  6922   637 4746.73815   34  378 4746.78131 4746.20111  0.01%   484 1091s
* 7189   637             216    4746.7811281 4746.32518  0.01%   475 1091s

Cutting planes:
  Gomory: 12
  Cover: 4
  Implied bound: 1
  MIR: 27
  Flow cover: 201
  RLT: 4
  Relax-and-lift: 75

Explored 7230 nodes (3655356 simplex iterations) in 1091.92 seconds (1453.21 work units)
Thread count was 24 (of 24 available processors)

Solution count 10: 4746.78 4746.78 4746.78 ... 4746.93

Optimal solution found (tolerance 1.00e-04)
Best objective 4.746781128053e+03, best bound 4.746325179406e+03, gap 0.0096%
