
Gurobi 13.0.1 (win64) logging started Sat Oct 10 01:25:04 2026

Set parameter LogFile to value "ieee_owen\weak_eps_experiment\stochastic\main17_xi\logs\n30_S20_day30_ef_gurobi.log"
Set parameter NodefileStart to value 3
Set parameter MIPGap to value 0.0001
Gurobi Optimizer version 13.0.1 build v13.0.1rc0 (win64 - Windows 10.0 (19045.2))

CPU model: AMD Ryzen 9 5900X 12-Core Processor, instruction set [SSE2|AVX|AVX2]
Thread count: 12 physical cores, 24 logical processors, using up to 24 threads

Non-default parameters:
TimeLimit  1800
NodefileStart  3
LogToConsole  0

Optimize a model with 171932 rows, 172166 columns and 734890 nonzeros (Min)
Model fingerprint: 0x14de89b8
Model has 22 linear objective coefficients
Variable types: 145046 continuous, 27120 integer (27120 binary)
Coefficient statistics:
  Matrix range     [3e-04, 2e+02]
  Objective range  [5e-02, 1e+00]
  Bounds range     [8e-03, 6e+01]
  RHS range        [7e-02, 2e+01]

Presolve removed 76115 rows and 62170 columns
Presolve time: 1.57s
Presolved: 95817 rows, 109996 columns, 377900 nonzeros
Variable types: 85509 continuous, 24487 integer (24486 binary)
Found heuristic solution: objective 4748.8745202
Deterministic concurrent LP optimizer: primal and dual simplex
Showing primal log only...


Root simplex log...

Iteration    Objective       Primal Inf.    Dual Inf.      Time
   19539    7.4853227e+03   0.000000e+00   1.960613e+06      5s
   34524    7.0888017e+03   0.000000e+00   4.356044e+05     10s
   46611    6.9296806e+03   0.000000e+00   7.986925e+06     15s
   57174    6.8035860e+03   0.000000e+00   2.492941e+05     20s
   67594    6.7083128e+03   0.000000e+00   1.508728e+05     25s
   77139    6.6292497e+03   0.000000e+00   1.366607e+05     30s
   85319    6.5768689e+03   0.000000e+00   1.929244e+05     35s
   92729    6.5285722e+03   0.000000e+00   4.529783e+05     40s
  100149    6.4805023e+03   0.000000e+00   6.506580e+04     45s
  108150    6.4263400e+03   0.000000e+00   2.596749e+05     50s
Concurrent spin time: 0.00s

Solved with dual simplex

Root simplex log...

Iteration    Objective       Primal Inf.    Dual Inf.      Time
  181116    3.4685578e+03   0.000000e+00   0.000000e+00     53s

Root relaxation: objective 3.468558e+03, 181116 iterations, 50.40 seconds (65.84 work units)

    Nodes    |    Current Node    |     Objective Bounds      |     Work
 Expl Unexpl |  Obj  Depth IntInf | Incumbent    BestBd   Gap | It/Node Time

     0     0 3468.55784    0  792 4748.87452 3468.55784  27.0%     -   54s
H    0     0                    3493.5117828 3468.55784  0.71%     -   58s
H    0     0                    3487.9929208 3468.55784  0.56%     -   60s
     0     0 3468.63117    0  852 3487.99292 3468.63117  0.56%     -   63s
     0     0 3468.63117    0  853 3487.99292 3468.63117  0.56%     -   68s
H    0     0                    3481.7519979 3468.63117  0.38%     -   69s
     0     0 3468.65799    0  867 3481.75200 3468.65799  0.38%     -   70s
     0     0 3468.66155    0  868 3481.75200 3468.66155  0.38%     -   75s
     0     0 3468.66155    0  986 3481.75200 3468.66155  0.38%     -   76s
     0     0 3468.66155    0  986 3481.75200 3468.66155  0.38%     -   77s
     0     0 3468.89981    0 1001 3481.75200 3468.89981  0.37%     -   77s
     0     0 3468.89981    0 1002 3481.75200 3468.89981  0.37%     -   79s
     0     0 3468.89981    0  980 3481.75200 3468.89981  0.37%     -   80s
     0     0 3468.89981    0  980 3481.75200 3468.89981  0.37%     -   80s
     0     0 3468.89981    0  831 3481.75200 3468.89981  0.37%     -   81s
     0     0 3468.89981    0  896 3481.75200 3468.89981  0.37%     -   83s
     0     0 3468.89981    0  908 3481.75200 3468.89981  0.37%     -   84s
     0     0 3468.89981    0  908 3481.75200 3468.89981  0.37%     -   85s
     0     0 3468.89981    0  908 3481.75200 3468.89981  0.37%     -   85s
     0     0 3468.89981    0  768 3481.75200 3468.89981  0.37%     -   85s
     0     2 3468.89981    0  767 3481.75200 3468.89981  0.37%     -   90s
     7    16 3469.12799    3  748 3481.75200 3468.89981  0.37%  1108   95s
    27    45 3469.31878    5  781 3481.75200 3469.01769  0.37%  1308  103s
    44    59 3469.53756    7  681 3481.75200 3469.09405  0.36%  1409  105s
    83    96 3470.62045    8  623 3481.75200 3469.09405  0.36%  1302  114s
H   85    96                    3481.7448216 3469.09405  0.36%  1271  114s
    95   112 3470.56501    9  686 3481.74482 3469.09405  0.36%  1367  120s
   128   141 3471.15187   11  494 3481.74482 3469.09405  0.36%  1513  130s
H  134   141                    3481.4044338 3469.09405  0.35%  1522  130s
   168   185 3474.17744   12  508 3481.40443 3469.09405  0.35%  1480  139s
   184   197 3471.99765   13  605 3481.40443 3469.09405  0.35%  1550  145s
   196   227 3471.99765   14  605 3481.40443 3469.09405  0.35%  1641  150s
H  207   227                    3481.1884160 3469.09405  0.35%  1656  150s
   226   239 3472.04572   15  581 3481.18842 3469.09405  0.35%  1610  161s
H  230   239                    3480.8334753 3469.09405  0.34%  1650  161s
   238   253 3472.84765   15  462 3480.83348 3469.09405  0.34%  1692  165s
   252   277 3472.37541   16  728 3480.83348 3469.09405  0.34%  1714  170s
   276   302 3479.08194   16  643 3480.83348 3469.09405  0.34%  1723  176s
H  277   302                    3480.2252131 3469.09405  0.32%  1717  176s
H  296   302                    3480.2030343 3469.09405  0.32%  1681  176s
   301   319 3472.60814   17  748 3480.20303 3469.09405  0.32%  1681  180s
   337   344 3474.72684   19  464 3480.20303 3469.09405  0.32%  1735  188s
   349   361 3477.35446   19  388 3480.20303 3469.09405  0.32%  1731  192s
H  364   361                    3479.3881605 3469.09405  0.30%  1710  192s
   368   407 3475.36656   21  289 3479.38816 3469.09405  0.30%  1711  197s
   420   432 3475.85888   24  333 3479.38816 3469.10554  0.30%  1606  201s
   445   474 3476.65617   27  288 3479.38816 3469.10554  0.30%  1624  205s
H  452   474                    3479.0171864 3469.10554  0.28%  1608  205s
H  460   474                    3478.4869617 3469.10554  0.27%  1588  205s
H  467   474                    3478.1423148 3469.10554  0.26%  1579  206s
   564   612 3476.74977   35  153 3478.14231 3469.10554  0.26%  1411  213s
   654   675 3476.87601   39  116 3478.14231 3469.10554  0.26%  1273  218s
H  675   675                    3477.8643803 3469.10554  0.25%  1247  218s
H  681   675                    3477.8445883 3469.10554  0.25%  1236  218s
H  685   675                    3477.5542920 3469.10554  0.24%  1233  218s
H  690   675                    3477.4305899 3469.10554  0.24%  1226  218s
H  732   675                    3477.3814723 3469.10583  0.24%  1171  218s
   745   712 3476.97695   41   63 3477.38147 3469.10583  0.24%  1160  223s
   846   746 3476.97695   52   58 3477.38147 3469.10751  0.24%  1059  227s
   946   797 3476.97695   65   42 3477.38147 3469.10751  0.24%   969  231s
  1051   909 3476.97695   77   38 3477.38147 3469.10751  0.24%   889  236s
  1167  1013 3476.97695   92   20 3477.38147 3469.10751  0.24%   819  240s
H 1171   762                    3476.9769529 3469.10751  0.23%   816  240s
H 1268   762                    3476.9223428 3469.12718  0.22%   767  240s
  1289   665     cutoff  110      3476.92234 3469.12718  0.22%   757  247s
  1327   675 3471.12874    7  651 3476.92234 3469.28051  0.22%   773  253s
  1356   688 3472.15431    9  628 3476.92234 3469.28051  0.22%   789  258s
  1385   708 3473.71337   12  735 3476.92234 3469.28051  0.22%   805  263s
  1426   704 3474.64003   14  636 3476.92234 3469.61977  0.21%   814  269s
  1465   698 3475.70529   18  589 3476.92234 3469.61977  0.21%   826  275s
  1513   701 3476.54449   22  544 3476.92234 3469.61977  0.21%   834  281s
  1558   690 3471.80672    7  864 3476.92234 3469.61977  0.21%   843  287s
  1620   686 3473.39685   10  728 3476.92234 3469.61977  0.21%   844  294s
  1682   736 3473.74492   12  677 3476.92234 3469.61977  0.21%   848  302s
  1752   785 3475.52449   15  573 3476.92234 3469.62223  0.21%   846  310s
  1831   843 3475.99274   18  373 3476.92234 3469.62223  0.21%   844  321s
H 1844   805                    3476.7889334 3469.62223  0.21%   843  321s
  1921   816 3473.23684    7  785 3476.78893 3469.62410  0.21%   842  337s
  1933   820 3474.30775    8  626 3476.78893 3469.62410  0.21%   847  356s
  1953   825 3474.55600    9  550 3476.78893 3469.73902  0.20%   846  375s
* 1955   745             123    3476.7674134 3469.73902  0.20%   845  375s
  1988   750     cutoff   10      3476.76741 3469.74084  0.20%   852  391s
  2004   754 3474.52131   10  572 3476.76741 3469.74084  0.20%   853  400s
  2070   775 3475.53394   11  589 3476.76741 3469.74084  0.20%   851  410s
  2131   814     cutoff   11      3476.76741 3469.74330  0.20%   860  419s
  2194   853 3472.88795    9  673 3476.76741 3469.74330  0.20%   870  430s
  2288   899 3475.92595   12  560 3476.76741 3469.89100  0.20%   870  441s
  2382   944 3476.67446   16  607 3476.76741 3469.92111  0.20%   873  450s
  2466   985 3476.37675   15  446 3476.76741 3469.92111  0.20%   879  461s
  2557  1059 3475.63914   10  549 3476.76741 3470.00629  0.19%   882  475s
  2708  1060 3476.74735   27  768 3476.76741 3470.02891  0.19%   871  553s
  2710  1061 3473.75215   13 1591 3476.76741 3470.02891  0.19%   871  614s
  2711  1062 3474.33187   14 1687 3476.76741 3470.02891  0.19%   870  616s
  2715  1065 3474.29808   17 1199 3476.76741 3470.02891  0.19%   869  673s
  2716  1065 3471.41741   16 1199 3476.76741 3470.02891  0.19%   869  683s
  2717  1069 3470.02891   15 1223 3476.76741 3470.02891  0.19%   943  687s
  2719  1072 3470.02891   16 1265 3476.76741 3470.02891  0.19%   944  690s
  2723  1077 3470.02891   17 1192 3476.76741 3470.02891  0.19%   951  696s
  2731  1080 3470.78132   18 1401 3476.76741 3470.02891  0.19%   959  701s
  2743  1087 3471.08475   19 1230 3476.76741 3470.03992  0.19%   966  709s
  2764  1089 3474.39860   20 1083 3476.76741 3471.01669  0.17%   978  716s
  2791  1093 3476.65853   22  929 3476.76741 3471.07984  0.16%   985  721s
  2815  1092     cutoff   23      3476.76741 3471.07984  0.16%   993  728s
  2842  1090 3473.91658   23  907 3476.76741 3471.07984  0.16%   996  737s
  2863  1096 3474.84105   25  806 3476.76741 3471.07984  0.16%   999  747s
  2886  1104 3474.84105   26  806 3476.76741 3471.07984  0.16%  1002  752s
  2911  1107 3474.92594   28  813 3476.76741 3471.07984  0.16%  1004  757s
  2937  1107 3474.99948   33  623 3476.76741 3471.07984  0.16%  1008  761s
  2979  1097 3475.89678   38  630 3476.76741 3471.07984  0.16%  1009  765s
  3005  1096 3476.14172   40  592 3476.76741 3472.29149  0.13%  1012  770s
  3045  1096 3476.14172   45  588 3476.76741 3472.82426  0.11%  1010  775s
  3078  1103     cutoff   49      3476.76741 3473.15040  0.10%  1013  780s
  3147  1110 3476.70600   59  409 3476.76741 3473.25219  0.10%  1018  789s
  3207  1099 3476.71673   67  399 3476.76741 3473.26193  0.10%  1011  794s
  3254  1083 3476.75548   76  391 3476.76741 3473.26193  0.10%  1009  805s
  3275  1095 3476.75548   77  387 3476.76741 3473.26193  0.10%  1008  813s
  3317  1109 3476.75548   87  375 3476.76741 3473.26193  0.10%  1007  818s
  3378  1130 3476.75548   98  361 3476.76741 3473.26193  0.10%  1003  822s
  3443  1142 3476.75548  110  353 3476.76741 3473.26193  0.10%   997  829s
  3537  1162 3476.75548  123  331 3476.76741 3473.69457  0.09%   982  834s
  3617  1183 3476.75548  137  303 3476.76741 3473.82147  0.08%   972  840s
  3719  1151 3476.75548  153  271 3476.76741 3473.82147  0.08%   958  858s
  3741  1149 3476.75548  154  269 3476.76741 3473.82147  0.08%   955  879s
  3756  1151 3476.75548  155  267 3476.76741 3473.82147  0.08%   956  900s
  3772  1147 3476.75548  156  265 3476.76741 3473.82147  0.08%   954  925s
  3793  1150 3476.75548  157  263 3476.76741 3473.82147  0.08%   952  948s
  3820  1147 3476.75548  158  261 3476.76741 3473.82147  0.08%   947  973s
  3850  1182 3476.75548  159  259 3476.76741 3473.82147  0.08%   944  994s
  3905  1207 3476.75548  160  257 3476.76741 3473.82147  0.08%   934 1012s
  3971  1249 3476.75548  161  257 3476.76741 3473.82476  0.08%   924 1026s
  4052  1292 3476.75548  182  215 3476.76741 3474.39891  0.07%   914 1040s
  4145  1361 3476.75548  205  169 3476.76741 3474.41356  0.07%   903 1052s
  4283  1450 3476.76539  228  133 3476.76741 3474.68911  0.06%   880 1066s
  4480  1599 3476.76735  254   87 3476.76741 3474.68911  0.06%   849 1078s
  4722  1740 3476.76735  284   67 3476.76741 3474.68911  0.06%   813 1090s
* 4984  1548             340    3476.7664456 3474.80980  0.06%   775 1090s
  5009  1635     cutoff  317      3476.76645 3474.80980  0.06%   773 1102s
  5231  1814 3476.71020   39  657 3476.76645 3474.92965  0.05%   749 1112s
H 5505  1175                    3476.7501507 3474.92965  0.05%   718 1112s
  5550  1379 3476.70697   48  526 3476.75015 3474.92965  0.05%   716 1123s
  5911  1670     cutoff   47      3476.75015 3474.92965  0.05%   678 1134s
H 6122  1630                    3476.7007522 3474.95065  0.05%   660 1134s
H 6141  1629                    3476.6999612 3474.95065  0.05%   658 1134s
H 6176  1371                    3476.6724413 3474.95065  0.05%   654 1134s
H 6179  1371                    3476.6721488 3474.95065  0.05%   654 1134s
  6292  1648 3476.65654  133  301 3476.67215 3475.08281  0.05%   644 1145s
* 6605  1645             346    3476.6715549 3475.08281  0.05%   619 1145s
  6693  2011 3476.65985  193  179 3476.67155 3475.08281  0.05%   612 1157s
H 6908  1816                    3476.6654218 3475.08281  0.05%   595 1157s
H 6911  1807                    3476.6648063 3475.08281  0.05%   594 1157s
* 6920  1749             347    3476.6647227 3475.08281  0.05%   594 1157s
  7156  2086 3476.66048  260   57 3476.66472 3475.08281  0.05%   579 1168s
H 7182  1849                    3476.6610845 3475.08281  0.05%   577 1168s
H 7185  1847                    3476.6609992 3475.08281  0.05%   577 1168s
* 7202  1844             306    3476.6604782 3475.08281  0.05%   576 1168s
H 7331  1025                    3476.4437238 3475.11545  0.04%   567 1169s
H 7334  1025                    3476.4393975 3475.11545  0.04%   567 1169s
  7607   805     cutoff   33      3476.43940 3475.11545  0.04%   552 1179s
H 7694   733                    3476.3333466 3475.11545  0.04%   549 1179s
H 7697   733                    3476.3328392 3475.11545  0.04%   549 1179s
  7846   716 3476.33197  306   11 3476.33284 3475.11545  0.04%   547 1191s
H 7861   700                    3476.3320025 3475.11545  0.03%   546 1191s
* 7872   694             314    3476.3319684 3475.11545  0.03%   545 1191s
  8028   643     cutoff  313      3476.33197 3475.11545  0.03%   546 1202s
  8226   630 3475.91377   33  801 3476.33197 3475.41144  0.03%   545 1211s
  8401   593     cutoff   34      3476.33197 3475.49775  0.02%   546 1221s
  8580   663 3475.90200   33  756 3476.33197 3475.59104  0.02%   547 1233s
  8934   806 3476.06953   35  714 3476.33197 3475.59104  0.02%   537 1249s
  9482  1390     cutoff   35      3476.33197 3475.85414  0.01%   516 1268s
 10428  2687 3476.30317   73  403 3476.33197 3475.85414  0.01%   475 1292s
H10609  2107                    3476.3189849 3475.85414  0.01%   467 1292s
*10640  2106             339    3476.3181149 3475.85414  0.01%   466 1292s
 11935  1586 3476.31485  173  225 3476.31811 3475.85414  0.01%   416 1311s
 12839  2905 3476.31485  252  109 3476.31811 3475.85414  0.01%   392 1335s
*12960  2219             316    3476.3148491 3475.85414  0.01%   388 1335s
H13630  2048                    3476.3045909 3476.01200  0.01%   370 1336s
H13633  2034                    3476.3044682 3476.01200  0.01%   370 1336s

Cutting planes:
  Gomory: 27
  Cover: 11
  Implied bound: 3
  MIR: 9
  Flow cover: 144
  Relax-and-lift: 5

Explored 14331 nodes (5257108 simplex iterations) in 1336.80 seconds (1620.91 work units)
Thread count was 24 (of 24 available processors)

Solution count 10: 3476.3 3476.3 3476.31 ... 3476.44

Optimal solution found (tolerance 1.00e-04)
Best objective 3.476304468240e+03, best bound 3.476011999352e+03, gap 0.0084%
