
Gurobi 13.0.1 (win64) logging started Thu Oct  8 06:09:17 2026

Set parameter LogFile to value "ieee_owen\weak_eps_experiment\stochastic\main17_xi\logs\n30_S20_day8_ef_gurobi.log"
Set parameter NodefileStart to value 3
Set parameter MIPGap to value 0.0001
Gurobi Optimizer version 13.0.1 build v13.0.1rc0 (win64 - Windows 10.0 (19045.2))

CPU model: AMD Ryzen 9 5900X 12-Core Processor, instruction set [SSE2|AVX|AVX2]
Thread count: 12 physical cores, 24 logical processors, using up to 24 threads

Non-default parameters:
TimeLimit  1800
NodefileStart  3
LogToConsole  0

Optimize a model with 171932 rows, 172166 columns and 734890 nonzeros (Min)
Model fingerprint: 0x82628b36
Model has 22 linear objective coefficients
Variable types: 145046 continuous, 27120 integer (27120 binary)
Coefficient statistics:
  Matrix range     [3e-04, 2e+02]
  Objective range  [5e-02, 1e+00]
  Bounds range     [7e-03, 6e+01]
  RHS range        [7e-02, 2e+01]

Presolve removed 76134 rows and 62191 columns
Presolve time: 1.62s
Presolved: 95798 rows, 109975 columns, 377829 nonzeros
Variable types: 85493 continuous, 24482 integer (24481 binary)
Found heuristic solution: objective 4932.1899590
Deterministic concurrent LP optimizer: primal and dual simplex
Showing primal log only...


Root simplex log...

Iteration    Objective       Primal Inf.    Dual Inf.      Time
   17188    7.6031099e+03   0.000000e+00   2.589084e+05      5s
   32199    7.2341422e+03   0.000000e+00   1.398428e+05     10s
   44482    7.0923063e+03   0.000000e+00   1.489297e+05     15s
   55372    6.9598381e+03   0.000000e+00   4.730223e+05     20s
   66038    6.8722612e+03   0.000000e+00   6.849006e+04     25s
   75027    6.8137661e+03   0.000000e+00   9.153628e+05     30s
   83372    6.7560585e+03   0.000000e+00   1.602462e+05     35s
   92550    6.6805933e+03   0.000000e+00   7.135846e+05     40s
  100510    6.6284896e+03   0.000000e+00   1.139134e+05     45s
  108978    6.5784741e+03   0.000000e+00   1.040285e+05     50s
  117139    6.5272884e+03   0.000000e+00   1.505737e+05     55s
Concurrent spin time: 0.00s

Solved with dual simplex

Root simplex log...

Iteration    Objective       Primal Inf.    Dual Inf.      Time
  173659    3.7068938e+03   0.000000e+00   0.000000e+00     56s

Root relaxation: objective 3.706894e+03, 173659 iterations, 53.92 seconds (69.68 work units)

    Nodes    |    Current Node    |     Objective Bounds      |     Work
 Expl Unexpl |  Obj  Depth IntInf | Incumbent    BestBd   Gap | It/Node Time

     0     0 3706.89382    0  874 4932.18996 3706.89382  24.8%     -   57s
H    0     0                    3765.8886550 3706.89382  1.57%     -   63s
H    0     0                    3759.0417510 3706.89382  1.39%     -   66s
     0     0 3707.12742    0  954 3759.04175 3707.12742  1.38%     -   70s
     0     0 3707.13156    0  954 3759.04175 3707.13156  1.38%     -   81s
     0     0 3707.13836    0  980 3759.04175 3707.13836  1.38%     -   82s
     0     0 3707.13836    0  980 3759.04175 3707.13836  1.38%     -   85s
     0     0 3707.13836    0  975 3759.04175 3707.13836  1.38%     -   86s
H    0     0                    3758.7578031 3707.13836  1.37%     -   89s
     0     0 3707.13836    0  972 3758.75780 3707.13836  1.37%     -   90s
     0     0 3707.17409    0  969 3758.75780 3707.17409  1.37%     -   91s
     0     0 3707.17409    0  969 3758.75780 3707.17409  1.37%     -   91s
     0     0 3707.17409    0  744 3758.75780 3707.17409  1.37%     -   93s
     0     0 3707.17409    0  740 3758.75780 3707.17409  1.37%     -   94s
     0     0 3707.17409    0  730 3758.75780 3707.17409  1.37%     -   94s
     0     0 3707.17409    0  682 3758.75780 3707.17409  1.37%     -   95s
     0     0 3707.17409    0  682 3758.75780 3707.17409  1.37%     -   97s
     0     0 3707.17409    0  675 3758.75780 3707.17409  1.37%     -   98s
     0     0 3707.17409    0  675 3758.75780 3707.17409  1.37%     -   98s
     0     0 3707.17409    0  675 3758.75780 3707.17409  1.37%     -   99s
H    0     0                    3756.6842100 3707.17409  1.32%     -  103s
     0     0 3707.19363    0  675 3756.68421 3707.19363  1.32%     -  104s
     0     0 3707.19363    0  674 3756.68421 3707.19363  1.32%     -  104s
     0     0 3707.19363    0  674 3756.68421 3707.19363  1.32%     -  105s
H    0     0                    3756.6808864 3707.19363  1.32%     -  108s
     0     0 3707.31567    0  674 3756.68089 3707.31567  1.31%     -  108s
     0     0 3707.31567    0  673 3756.68089 3707.31567  1.31%     -  108s
     0     0 3707.31567    0  673 3756.68089 3707.31567  1.31%     -  108s
     0     0 3707.31567    0  673 3756.68089 3707.31567  1.31%     -  109s
     0     0 3707.31567    0  673 3756.68089 3707.31567  1.31%     -  109s
     0     0 3707.31567    0  673 3756.68089 3707.31567  1.31%     -  110s
     0     2 3707.31567    0  673 3756.68089 3707.31567  1.31%     -  112s
    15    28 3707.53291    4  823 3756.68089 3707.31567  1.31%   476  117s
    42    55 3707.54891    6  809 3756.68089 3707.31567  1.31%   794  123s
    54    67 3709.02684    7  780 3756.68089 3707.31567  1.31%   879  130s
    66    80 3707.84983    7  740 3756.68089 3707.31567  1.31%  1303  137s
H   74    80                    3755.9350050 3707.31567  1.29%  1465  137s
    79   103 3708.08443    8  709 3755.93500 3707.31567  1.29%  1481  142s
   102   120 3714.10760    8  744 3755.93500 3707.31567  1.29%  1588  148s
   119   133 3708.41866    9  812 3755.93500 3707.31567  1.29%  1654  155s
   132   152 3708.41866   10  682 3755.93500 3707.31567  1.29%  1790  161s
   151   181 3709.25749   15  674 3755.93500 3707.31567  1.29%  1820  165s
   180   200 3709.25749   16  702 3755.93500 3707.31567  1.29%  1632  170s
   199   212 3710.32522   21  644 3755.93500 3707.31567  1.29%  1610  178s
H  200   212                    3754.6028136 3707.31567  1.26%  1602  178s
H  205   212                    3754.5696924 3707.31567  1.26%  1608  178s
   211   237 3712.13396   21  672 3754.56969 3707.31567  1.26%  1602  182s
   236   255 3710.34090   22  642 3754.56969 3707.31567  1.26%  1490  189s
   254   269 3712.19938   24  686 3754.56969 3707.31567  1.26%  1491  195s
   268   282 3713.16774   25  671 3754.56969 3707.31567  1.26%  1581  200s
   281   294 3714.47835   25  527 3754.56969 3707.31567  1.26%  1644  205s
   293   310 3713.17954   26  785 3754.56969 3707.31567  1.26%  1757  210s
   309   322 3714.34111   27  807 3754.56969 3707.31567  1.26%  1796  217s
H  321   334                    3718.2308612 3707.31567  0.29%  1790  233s
H  322   334                    3717.8472996 3707.31567  0.28%  1791  233s
   333   367 3713.97542   28  488 3717.84730 3707.31567  0.28%  1805  239s
   366   398 3715.67774   30  338 3717.84730 3707.31567  0.28%  1774  243s
   409   428 3716.06924   34  328 3717.84730 3707.31567  0.28%  1698  248s
   459   480     cutoff   39      3717.84730 3707.31567  0.28%  1603  256s
   527   529 3716.70825   43  203 3717.84730 3707.31567  0.28%  1504  262s
   590   592 3716.84433   49   91 3717.84730 3707.31567  0.28%  1445  268s
   665   682 3717.84723   52   72 3717.84730 3707.31567  0.28%  1360  273s
   760   790 3717.19531   63   49 3717.84730 3707.31567  0.28%  1235  277s
   874   921 3717.19598   74   37 3717.84730 3707.31567  0.28%  1097  281s
  1007  1068 3717.19675   86   27 3717.84730 3707.31567  0.28%   966  285s
* 1069  1026              93    3717.7810260 3707.31567  0.28%   910  285s
  1162  1108 3717.19598   98   13 3717.78103 3707.31567  0.28%   853  291s
* 1176   910             112    3717.1959793 3707.31567  0.27%   843  291s
* 1210   749             116    3716.4688193 3707.31567  0.25%   823  291s
  1302   657 3708.13963    6  959 3716.46882 3707.31567  0.25%   784  299s
  1342   657 3711.71801    8  719 3716.46882 3707.31567  0.25%   812  309s
  1364   663 3712.67560   10  620 3716.46882 3707.31567  0.25%   838  316s
  1391   666 3715.27302   12  479 3716.46882 3707.31567  0.25%   859  322s
  1426   673 3715.82130   16  479 3716.46882 3707.31567  0.25%   869  329s
  1484   661 3716.18158   27  264 3716.46882 3707.34472  0.25%   872  339s
  1516   661 3716.32640   26  105 3716.46882 3707.34472  0.25%   860  340s
  1569   650 3711.52293    8  944 3716.46882 3707.43058  0.24%   883  346s
  1593   652 3713.81694    9  815 3716.46882 3707.43058  0.24%   913  353s
  1623   651 3714.62960   10  742 3716.46882 3707.43058  0.24%   933  364s
  1669   651     cutoff   11      3716.46882 3707.49404  0.24%   967  373s
  1713   650     cutoff   11      3716.46882 3707.53075  0.24%   989  381s
  1751   654     cutoff   24      3716.46882 3707.53088  0.24%  1013  392s
  1798   660 3711.29443    6  776 3716.46882 3707.53088  0.24%  1034  407s
  1816   671 3713.05744    7  631 3716.46882 3707.53088  0.24%  1050  417s
  1867   697 3715.55078    8  575 3716.46882 3707.53088  0.24%  1072  426s
  1917   690     cutoff    9      3716.46882 3707.53088  0.24%  1097  436s
  1977   701 3712.73421    9  613 3716.46882 3707.87402  0.23%  1118  446s
  2017   708     cutoff   12      3716.46882 3707.87402  0.23%  1139  458s
  2087   717 3712.09627   10  777 3716.46882 3707.87577  0.23%  1158  468s
  2133   731     cutoff   13      3716.46882 3707.90067  0.23%  1175  480s
  2198   765     cutoff   12      3716.46882 3708.15015  0.22%  1194  493s
  2274   762 3715.08252   10  644 3716.46882 3708.15015  0.22%  1206  509s
  2301   786 3715.58769   11  589 3716.46882 3708.16078  0.22%  1218  521s
  2376   828 3715.58769   11  461 3716.46882 3708.16078  0.22%  1224  536s
  2478   827 3712.70089   12  578 3716.46882 3708.16078  0.22%  1229  548s
  2551   839 3716.34968   15  357 3716.46882 3708.32389  0.22%  1243  560s
  2626   882 3715.51811   14  464 3716.46882 3708.33503  0.22%  1255  574s
  2738   947 3715.71773   17  315 3716.46882 3708.40571  0.22%  1251  589s
  2900   966 3713.00203    8  802 3716.46882 3708.42946  0.22%  1231  604s
* 2961   951             102    3716.4669639 3708.46015  0.22%  1240  604s
  3017   959     cutoff    9      3716.46696 3708.58287  0.21%  1229  620s
  3101   957 3714.47479   10  620 3716.46696 3708.62358  0.21%  1247  633s
  3179   951 3713.60564   14  745 3716.46696 3708.64325  0.21%  1260  651s
  3261   952 3716.19164   18  378 3716.46696 3708.68060  0.21%  1278  682s
  3282   947 3716.21189   19  352 3716.46696 3708.68060  0.21%  1282  716s
  3310   955 3716.29183   20  352 3716.46696 3708.68060  0.21%  1285  752s
  3326   959     cutoff   21      3716.46696 3708.71968  0.21%  1294  787s
  3346   960 3712.98677   10  868 3716.46696 3708.71968  0.21%  1302  820s
  3369   953 3714.29568   11  435 3716.46696 3708.71968  0.21%  1306  854s
  3400   946     cutoff   12      3716.46696 3708.71968  0.21%  1309  891s
  3431   947     cutoff   12      3716.46696 3708.79201  0.21%  1323  925s
  3456   946 3715.84208   11  572 3716.46696 3708.79201  0.21%  1330  953s
H 3459   904                    3716.4491424 3708.79201  0.21%  1329  953s
  3501   893     cutoff   12      3716.44914 3708.79201  0.21%  1341  973s
  3607   883 3714.18522   14  575 3716.44914 3709.08603  0.20%  1362  991s
  3700   878     cutoff   11      3716.44914 3709.27342  0.19%  1386 1031s
  3729   881 3713.71863    9  736 3716.44914 3709.36346  0.19%  1395 1073s
  3756   882 3714.18522   14  564 3716.44914 3709.39117  0.19%  1400 1115s
  3785   869     cutoff   23      3716.44914 3709.39117  0.19%  1406 1162s
  3828   865 3715.52951   17  629 3716.44914 3709.44310  0.19%  1412 1206s
  3864   869 3712.44822   21  856 3716.44914 3709.45611  0.19%  1421 1248s
  3896   854     cutoff   18      3716.44914 3709.45611  0.19%  1426 1276s
  3995   831 3716.20141   11  431 3716.44914 3709.45611  0.19%  1429 1299s
  4136   811     cutoff   10      3716.44914 3709.76632  0.18%  1442 1324s
  4283   892     cutoff   11      3716.44914 3710.39800  0.16%  1459 1350s
* 4541   860              88    3716.3804599 3710.63361  0.15%  1423 1350s
  4593   849 3716.08959    8  705 3716.38046 3710.79745  0.15%  1419 1379s
  4821   829 3713.20535   10  514 3716.38046 3711.29624  0.14%  1415 1409s
  5050   801 3715.91461   19  434 3716.38046 3711.69618  0.13%  1415 1440s
  5336   709 3716.25515   19  628 3716.38046 3712.05955  0.12%  1396 1472s
  5618   698     cutoff   22      3716.38046 3713.06500  0.09%  1389 1507s
* 5715   660              74    3716.3695029 3713.06500  0.09%  1370 1507s
  6034   306     cutoff   13      3716.36950 3713.72817  0.07%  1327 1545s
  7125    65     cutoff   21      3716.36950 3715.77580  0.02%  1169 1584s

Cutting planes:
  Gomory: 42
  Cover: 575
  Implied bound: 1162
  Clique: 1
  MIR: 156
  Flow cover: 743
  Network: 37
  RLT: 3
  Relax-and-lift: 79

Explored 8178 nodes (8663969 simplex iterations) in 1585.05 seconds (1844.14 work units)
Thread count was 24 (of 24 available processors)

Solution count 10: 3716.37 3716.38 3716.45 ... 3754.57

Optimal solution found (tolerance 1.00e-04)
Best objective 3.716369502939e+03, best bound 3.716227121452e+03, gap 0.0038%
