
Gurobi 13.0.1 (win64) logging started Wed Oct  7 23:45:44 2026

Set parameter LogFile to value "ieee_owen\weak_eps_experiment\stochastic\main17_xi\logs\n30_S20_day4_ef_gurobi.log"
Set parameter NodefileStart to value 3
Set parameter MIPGap to value 0.0001
Gurobi Optimizer version 13.0.1 build v13.0.1rc0 (win64 - Windows 10.0 (19045.2))

CPU model: AMD Ryzen 9 5900X 12-Core Processor, instruction set [SSE2|AVX|AVX2]
Thread count: 12 physical cores, 24 logical processors, using up to 24 threads

Non-default parameters:
TimeLimit  1800
NodefileStart  3
LogToConsole  0

Optimize a model with 171932 rows, 172166 columns and 734890 nonzeros (Min)
Model fingerprint: 0xb3466cd9
Model has 22 linear objective coefficients
Variable types: 145046 continuous, 27120 integer (27120 binary)
Coefficient statistics:
  Matrix range     [3e-04, 2e+02]
  Objective range  [5e-02, 1e+00]
  Bounds range     [1e-02, 6e+01]
  RHS range        [7e-02, 2e+01]

Presolve removed 76126 rows and 62190 columns
Presolve time: 1.60s
Presolved: 95806 rows, 109976 columns, 377841 nonzeros
Variable types: 85496 continuous, 24480 integer (24479 binary)
Found heuristic solution: objective 5193.9465794
Deterministic concurrent LP optimizer: primal and dual simplex
Showing primal log only...


Root simplex log...

Iteration    Objective       Primal Inf.    Dual Inf.      Time
   19385    7.7548002e+03   0.000000e+00   1.600424e+05      5s
   34515    7.4558899e+03   0.000000e+00   1.361263e+05     10s
   45436    7.2968719e+03   0.000000e+00   8.534933e+04     15s
   56530    7.1711125e+03   0.000000e+00   1.713861e+05     20s
   66976    7.0764893e+03   0.000000e+00   7.583154e+04     25s
   76903    7.0067856e+03   0.000000e+00   1.316104e+06     30s
   85244    6.9501417e+03   0.000000e+00   2.780476e+05     35s
   92514    6.9044873e+03   0.000000e+00   2.274335e+05     40s
   98915    6.8681418e+03   0.000000e+00   9.385606e+04     45s
  106005    6.8226087e+03   0.000000e+00   3.583779e+05     50s
  112895    6.7845839e+03   0.000000e+00   5.438871e+04     55s
  120315    6.7443483e+03   0.000000e+00   3.403197e+05     60s
  127115    6.7125788e+03   0.000000e+00   3.482992e+05     65s
  133946    6.6817608e+03   0.000000e+00   2.510181e+05     70s
Concurrent spin time: 0.00s

Solved with dual simplex

Root simplex log...

Iteration    Objective       Primal Inf.    Dual Inf.      Time
  196664    3.9974856e+03   0.000000e+00   0.000000e+00     71s

Root relaxation: objective 3.997486e+03, 196664 iterations, 69.15 seconds (91.44 work units)

    Nodes    |    Current Node    |     Objective Bounds      |     Work
 Expl Unexpl |  Obj  Depth IntInf | Incumbent    BestBd   Gap | It/Node Time

     0     0 3997.48557    0  619 5193.94658 3997.48557  23.0%     -   73s
H    0     0                    4035.2269399 3997.48557  0.94%     -   77s
H    0     0                    4011.9035499 3997.48557  0.36%     -   80s
     0     0 3997.74971    0  812 4011.90355 3997.74971  0.35%     -   84s
     0     0 3997.74971    0  812 4011.90355 3997.74971  0.35%     -   91s
     0     0 3997.74971    0  914 4011.90355 3997.74971  0.35%     -   92s
H    0     0                    4010.2843982 3997.74971  0.31%     -   98s
     0     0 3997.74971    0  918 4010.28440 3997.74971  0.31%     -   99s
     0     0 3997.74971    0  884 4010.28440 3997.74971  0.31%     -  100s
     0     0 3997.74971    0  539 4010.28440 3997.74971  0.31%     -  102s
H    0     0                    4010.2434222 3997.74971  0.31%     -  108s
     0     0 3997.74971    0  690 4010.24342 3997.74971  0.31%     -  109s
     0     0 3997.74980    0  733 4010.24342 3997.74980  0.31%     -  111s
     0     0 3997.74980    0  733 4010.24342 3997.74980  0.31%     -  111s
     0     0 3997.74980    0  719 4010.24342 3997.74980  0.31%     -  112s
     0     0 3997.74980    0  719 4010.24342 3997.74980  0.31%     -  112s
     0     0 3997.74980    0  678 4010.24342 3997.74980  0.31%     -  114s
     0     0 3997.74980    0  678 4010.24342 3997.74980  0.31%     -  114s
     0     0 3997.74982    0  768 4010.24342 3997.74982  0.31%     -  115s
     0     0 3997.74982    0  768 4010.24342 3997.74982  0.31%     -  115s
     0     0 3997.74982    0  744 4010.24342 3997.74982  0.31%     -  115s
     0     0 3997.74982    0  759 4010.24342 3997.74982  0.31%     -  116s
     0     0 3997.74982    0  743 4010.24342 3997.74982  0.31%     -  117s
     0     0 3997.74982    0  743 4010.24342 3997.74982  0.31%     -  118s
     0     0 3997.74982    0  722 4010.24342 3997.74982  0.31%     -  118s
     0     2 3997.74982    0  722 4010.24342 3997.74982  0.31%     -  120s
    15    28 4001.67732    4  770 4010.24342 3997.76354  0.31%  1139  128s
H   17    28                    4010.2079424 3997.76354  0.31%  1329  128s
    27    42 4001.67925    5  726 4010.20794 3997.90532  0.31%  1998  133s
    41    68 4001.91783    6  726 4010.20794 3997.90532  0.31%  2100  137s
H   52    68                    4010.1055737 3997.90532  0.30%  1788  137s
    67    97 4001.98528    8  671 4010.10557 3997.90532  0.30%  1449  140s
   124   146 4002.14227   12  679 4010.10557 3997.90532  0.30%  1063  151s
   145   158 4002.16849   13  793 4010.10557 3997.90532  0.30%  1271  158s
   157   174 4002.30755   14  572 4010.10557 3997.90532  0.30%  1287  164s
   173   189 4002.93364   14  827 4010.10557 3997.90532  0.30%  1357  169s
   188   203 4003.50422   15  600 4010.10557 3997.90532  0.30%  1461  173s
   202   217 4002.68283   15  799 4010.10557 3997.90532  0.30%  1526  178s
   216   229 4003.13972   16  715 4010.10557 3997.90532  0.30%  1614  181s
H  223   229                    4009.4650453 3997.90532  0.29%  1631  181s
H  228   241                    4008.8906725 3997.90532  0.27%  1648  187s
H  233   241                    4008.7702558 3997.90532  0.27%  1644  187s
   240   258 4003.65686   18  521 4008.77026 3997.90532  0.27%  1678  191s
   278   286 4003.84435   19  464 4008.77026 3997.90532  0.27%  1689  199s
H  295   286                    4006.9644710 3997.90532  0.23%  1651  199s
   303   292 4006.13269   20  404 4006.96447 3997.90532  0.23%  1653  207s
   331   303 4005.05582   20  410 4006.96447 3997.93645  0.23%  1637  226s
H  344   318                    4006.0025389 3997.93645  0.20%  1663  247s
   359   343 4005.05582   22  524 4006.00254 3997.93645  0.20%  1664  253s
   396   355     cutoff   25      4006.00254 3997.93645  0.20%  1658  257s
   410   392 4005.28399   27  355 4006.00254 3997.93645  0.20%  1649  263s
   449   421 4005.91211   28  392 4006.00254 3997.93645  0.20%  1616  269s
   480   440     cutoff   29      4006.00254 3997.93813  0.20%  1650  274s
H  505   440                    4005.9282574 3997.93813  0.20%  1630  274s
   511   458 3999.22694    7  737 4005.92826 3997.93813  0.20%  1643  281s
   537   497 4001.05021    9  442 4005.92826 3998.23917  0.19%  1681  288s
H  591   513                    4005.9282555 3998.23917  0.19%  1612  297s
   617   564 4001.47073   11  466 4005.92826 3998.42171  0.19%  1579  302s
   680   626 4002.10023   18  319 4005.92826 3998.42171  0.19%  1507  309s
   760   676 4003.43861   25  310 4005.92826 3998.46657  0.19%  1432  315s
   863   709 4002.98668   28  182 4005.92826 3998.52430  0.18%  1330  322s
   965   776 4003.28798   32  227 4005.92826 3998.54240  0.18%  1257  328s
  1062   876 4003.39545   35  154 4005.92826 3998.54240  0.18%  1185  335s
  1176   997 4003.44493   42   87 4005.92826 3998.54240  0.18%  1116  344s
  1316  1133 4003.44493   60   61 4005.92826 3998.54240  0.18%  1039  351s
* 1407   891             111    4005.2593565 3998.54240  0.17%   992  351s
  1474  1002 4003.44493   77   33 4005.25936 3998.54240  0.17%   954  357s
* 1617   819             113    4004.6808158 3998.54240  0.15%   893  358s
  1626   906 4003.44670   99    4 4004.68082 3998.54240  0.15%   888  364s
* 1630   771             103    4003.4467034 3998.54240  0.12%   886  364s
  1788   658     cutoff  105      4003.44670 3998.62372  0.12%   834  373s
  1859   681 4000.01149    8  763 4003.44670 3998.62372  0.12%   840  381s
  1919   679 4001.76111   10  589 4003.44670 3998.62372  0.12%   849  391s
  1998   665 4002.02827   10  730 4003.44670 3998.62372  0.12%   856  402s
  2074   644     cutoff   12      4003.44670 3998.62372  0.12%   864  428s
  2090   651 4002.19131   10  774 4003.44670 3998.96026  0.11%   872  455s
  2112   655 4000.97682    8  712 4003.44670 3998.96999  0.11%   881  486s
  2147   668 4002.89395   11  458 4003.44670 3998.96999  0.11%   891  512s
  2180   683     cutoff   16      4003.44670 3998.96999  0.11%   889  541s
  2254   694 4002.35418    9  692 4003.44670 3998.96999  0.11%   881  570s
  2313   705 4002.83318   15  708 4003.44670 3998.96999  0.11%   873  597s
  2378   741     cutoff   16      4003.44670 3999.24161  0.11%   860  620s
* 2430   688             150    4003.3769565 3999.24161  0.10%   851  620s
  2465   684 4001.55939    8  594 4003.37696 3999.24161  0.10%   848  633s
  2574   703     cutoff   10      4003.37696 3999.24161  0.10%   857  645s
  2638   781 4002.40770   11  612 4003.37696 3999.43697  0.10%   879  659s
H 2836   747                    4003.3754588 3999.66152  0.09%   863  691s
  2837   748 4003.34363   47  722 4003.37546 3999.66152  0.09%   863  768s
  2839   749 4000.64826   11 1414 4003.37546 3999.66152  0.09%   862  863s
  2840   750 4000.02810    9 1583 4003.37546 3999.66152  0.09%   862  865s
  2844   753 4003.23229    6 1131 4003.37546 3999.66152  0.09%   861  953s
  2845   753 4003.27586   19 1131 4003.37546 3999.66152  0.09%   860  964s
  2846   757 3999.66152   12 1308 4003.37546 3999.66152  0.09%   949  967s
  2848   760 3999.66152   13 1435 4003.37546 3999.66152  0.09%   949  970s
  2852   767 3999.66152   14 1389 4003.37546 3999.66152  0.09%   950  975s
  2872   777 4001.81303   16 1305 4003.37546 3999.66152  0.09%   960  985s
  2891   781 4002.68896   17 1278 4003.37546 3999.66152  0.09%   969  990s
  2905   783 4002.68896   18 1262 4003.37546 3999.66152  0.09%   978  997s
  2924   793 4000.30803   17  928 4003.37546 3999.66152  0.09%   990 1002s
  2952   790 4000.50975   17 1106 4003.37546 3999.66152  0.09%   995 1007s
  2978   802 4001.18918   18  761 4003.37546 3999.66152  0.09%  1000 1011s
  3011   804 4001.45312   18  947 4003.37546 3999.66152  0.09%  1005 1020s
  3058   816     cutoff   19      4003.37546 3999.66152  0.09%  1008 1027s
  3090   830 4001.90006   21  814 4003.37546 3999.66152  0.09%  1009 1033s
  3128   831 4001.97137   22  626 4003.37546 3999.66152  0.09%  1010 1036s
  3167   837 4001.98050   23  650 4003.37546 3999.66152  0.09%  1010 1040s
  3244   839 4002.30756   26  628 4003.37546 3999.66152  0.09%  1010 1048s
  3283   835 4002.37673   28  649 4003.37546 3999.66152  0.09%  1011 1052s
  3318   839 4002.55068   29  663 4003.37546 3999.66152  0.09%  1011 1059s
  3367   832 4002.58176   33  625 4003.37546 3999.66152  0.09%  1008 1064s
  3397   815 4002.70185   35  562 4003.37546 3999.66152  0.09%  1011 1077s
  3422   821 4002.91463   35  580 4003.37546 4000.34267  0.08%  1013 1087s
H 3428   781                    4003.3611206 4000.34267  0.08%  1012 1087s
H 3430   744                    4003.3595382 4000.34267  0.08%  1012 1087s
  3452   780 4002.93702   36  661 4003.35954 4000.34267  0.08%  1009 1092s
  3546   765     cutoff   20      4003.35954 4000.34267  0.08%   994 1096s
  3595   761 4002.41810   22  848 4003.35954 4000.34267  0.08%   993 1101s
  3656   745 4002.80381   23  991 4003.35954 4000.34267  0.08%   986 1109s
  3705   749 4003.08593   24  837 4003.35954 4000.99548  0.06%   990 1114s
  3759   756 4003.35613   28  610 4003.35954 4000.99548  0.06%   988 1120s
  3835   740 4002.19399   20  737 4003.35954 4001.40049  0.05%   982 1126s
  3889   728 4003.12629   24  694 4003.35954 4001.40049  0.05%   983 1133s
  3946   713 4003.20633   28  643 4003.35954 4001.42214  0.05%   985 1146s
  3966   746 4003.20633   29  634 4003.35954 4001.56761  0.04%   984 1153s
  4035   775 4002.53247   22 1019 4003.35954 4001.56761  0.04%   981 1160s
  4129   804 4002.86959   26  910 4003.35954 4001.56761  0.04%   970 1167s
  4230   847     cutoff   29      4003.35954 4001.63625  0.04%   959 1175s
  4370   912     cutoff   23      4003.35954 4001.74123  0.04%   942 1184s
  4560   859 4003.15677   20  734 4003.35954 4001.84667  0.04%   917 1208s
  4572   984 4002.71445   20  909 4003.35954 4001.84667  0.04%   918 1216s
  4730  1049 4003.15677   21  761 4003.35954 4001.88875  0.04%   899 1224s
  4931  1133 4003.24588   21  680 4003.35954 4001.88941  0.04%   879 1232s
H 5123  1131                    4003.3558095 4001.90391  0.04%   859 1232s
H 5126  1130                    4003.3509552 4001.90391  0.04%   858 1232s
  5138  1256 4003.14187   22  705 4003.35096 4001.90391  0.04%   857 1242s
H 5315  1249                    4003.3254156 4001.90391  0.04%   840 1242s
  5347  1454 4002.74401   23 1073 4003.32542 4001.90391  0.04%   835 1251s
  5592  1701     cutoff   26      4003.32542 4001.90391  0.04%   807 1262s
H 5771  1653                    4003.3157052 4001.90391  0.04%   788 1262s
  5888  1735 4002.97110   76  456 4003.31571 4001.90391  0.04%   775 1277s
H 5907  1735                    4003.3157036 4001.90391  0.04%   773 1277s
* 6012  1735             321    4003.3156959 4001.90391  0.04%   763 1277s
  6096  2120 4002.98424   96  405 4003.31570 4001.90391  0.04%   757 1290s
  6523  2559 4003.19802  151  329 4003.31570 4001.90391  0.04%   714 1303s
  7013  3091 4003.19804  213  231 4003.31570 4001.90391  0.04%   670 1318s
* 7148  2500             334    4003.1975860 4001.90391  0.03%   659 1318s
  7581  2860     cutoff  278      4003.19759 4002.08593  0.03%   625 1333s
* 7807  1212             356    4002.8778697 4002.08593  0.02%   610 1333s
  8083   862     cutoff   35      4002.87787 4002.14677  0.02%   592 1342s
  8311  1388 4002.51424   21  818 4002.87787 4002.14677  0.02%   588 1356s
  8923  2134     cutoff   25      4002.87787 4002.14677  0.02%   553 1373s
* 8997  2134             358    4002.8778461 4002.14677  0.02%   550 1373s
  9816  2813 4002.71564   24  813 4002.87785 4002.14677  0.02%   507 1391s
* 9883  1892             371    4002.8425355 4002.14677  0.02%   505 1391s
*10735  1889             360    4002.8425287 4002.14677  0.02%   467 1391s
 10766  1628 4002.81526   26  805 4002.84253 4002.14677  0.02%   466 1403s
*10916  1626             361    4002.8425282 4002.14677  0.02%   465 1403s
*11087   870             318    4002.8424974 4002.14677  0.02%   459 1403s
 11314   530     cutoff   28      4002.84250 4002.14677  0.02%   451 1413s
 11564   529     cutoff   30      4002.84250 4002.41420  0.01%   449 1425s

Cutting planes:
  Gomory: 1
  Cover: 14
  Implied bound: 9
  MIR: 16
  Flow cover: 163
  Relax-and-lift: 4

Explored 11931 nodes (5526321 simplex iterations) in 1425.82 seconds (1794.74 work units)
Thread count was 24 (of 24 available processors)

Solution count 10: 4002.84 4002.84 4002.84 ... 4003.32

Optimal solution found (tolerance 1.00e-04)
Best objective 4.002842497420e+03, best bound 4.002566705806e+03, gap 0.0069%
