
Gurobi 13.0.1 (win64) logging started Fri Oct  9 13:21:16 2026

Set parameter LogFile to value "ieee_owen\weak_eps_experiment\stochastic\main17_xi\logs\n30_S20_day27_ef_gurobi.log"
Set parameter NodefileStart to value 3
Set parameter MIPGap to value 0.0001
Gurobi Optimizer version 13.0.1 build v13.0.1rc0 (win64 - Windows 10.0 (19045.2))

CPU model: AMD Ryzen 9 5900X 12-Core Processor, instruction set [SSE2|AVX|AVX2]
Thread count: 12 physical cores, 24 logical processors, using up to 24 threads

Non-default parameters:
TimeLimit  1800
NodefileStart  3
LogToConsole  0

Optimize a model with 171932 rows, 172166 columns and 734890 nonzeros (Min)
Model fingerprint: 0x44d6bf76
Model has 22 linear objective coefficients
Variable types: 145046 continuous, 27120 integer (27120 binary)
Coefficient statistics:
  Matrix range     [3e-04, 2e+02]
  Objective range  [5e-02, 1e+00]
  Bounds range     [1e-02, 6e+01]
  RHS range        [7e-02, 2e+01]

Presolve removed 76120 rows and 62167 columns
Presolve time: 1.69s
Presolved: 95812 rows, 109999 columns, 377906 nonzeros
Variable types: 85509 continuous, 24490 integer (24489 binary)
Found heuristic solution: objective 5352.0118375
Deterministic concurrent LP optimizer: primal and dual simplex
Showing primal log only...


Root simplex log...

Iteration    Objective       Primal Inf.    Dual Inf.      Time
   17298    7.5903875e+03   0.000000e+00   3.981091e+05      5s
   33158    7.2696734e+03   0.000000e+00   2.025736e+06     10s
   44777    7.1243482e+03   0.000000e+00   1.319423e+05     15s
   56817    7.0105264e+03   0.000000e+00   3.497702e+05     20s
   68967    6.9056022e+03   0.000000e+00   1.193288e+05     25s
   79191    6.8264284e+03   0.000000e+00   1.682521e+06     30s
   87972    6.7699002e+03   0.000000e+00   5.502984e+04     35s
   96524    6.7151482e+03   0.000000e+00   2.288337e+05     40s
  104902    6.6579373e+03   0.000000e+00   1.371614e+05     45s
Concurrent spin time: 0.00s

Solved with dual simplex

Root simplex log...

Iteration    Objective       Primal Inf.    Dual Inf.      Time
  173234    4.0379311e+03   0.000000e+00   0.000000e+00     48s

Root relaxation: objective 4.037931e+03, 173234 iterations, 45.37 seconds (56.73 work units)

    Nodes    |    Current Node    |     Objective Bounds      |     Work
 Expl Unexpl |  Obj  Depth IntInf | Incumbent    BestBd   Gap | It/Node Time

     0     0 4037.93112    0  883 5352.01184 4037.93112  24.6%     -   49s
H    0     0                    4091.1096178 4037.93112  1.30%     -   53s
H    0     0                    4089.8351516 4037.93112  1.27%     -   56s
     0     0 4037.95247    0 1030 4089.83515 4037.95247  1.27%     -   60s
     0     0 4037.95247    0 1030 4089.83515 4037.95247  1.27%     -   67s
     0     0 4037.95247    0 1030 4089.83515 4037.95247  1.27%     -   67s
     0     0 4037.98905    0  960 4089.83515 4037.98905  1.27%     -   68s
     0     0 4037.98905    0  959 4089.83515 4037.98905  1.27%     -   72s
     0     0 4037.98905    0  843 4089.83515 4037.98905  1.27%     -   73s
     0     0 4037.98905    0  724 4089.83515 4037.98905  1.27%     -   75s
H    0     0                    4070.5137074 4037.98905  0.80%     -   77s
     0     0 4037.99064    0  702 4070.51371 4037.99064  0.80%     -   78s
     0     0 4037.99064    0  863 4070.51371 4037.99064  0.80%     -   79s
     0     0 4037.99064    0  769 4070.51371 4037.99064  0.80%     -   80s
     0     0 4037.99324    0  961 4070.51371 4037.99324  0.80%     -   81s
     0     0 4038.00093    0  885 4070.51371 4038.00093  0.80%     -   82s
     0     0 4038.00093    0  859 4070.51371 4038.00093  0.80%     -   83s
     0     0 4038.00400    0  870 4070.51371 4038.00400  0.80%     -   86s
     0     0 4038.00400    0  851 4070.51371 4038.00400  0.80%     -   87s
     0     0 4038.00400    0  785 4070.51371 4038.00400  0.80%     -   88s
     0     0 4038.00400    0  882 4070.51371 4038.00400  0.80%     -   89s
     0     0 4038.00400    0  924 4070.51371 4038.00400  0.80%     -   90s
     0     0 4038.00400    0  878 4070.51371 4038.00400  0.80%     -   91s
     0     0 4038.01115    0  878 4070.51371 4038.01115  0.80%     -   91s
     0     0 4038.01115    0  878 4070.51371 4038.01115  0.80%     -   92s
H    0     0                    4054.1770826 4038.01115  0.40%     -   94s
     0     2 4038.01115    0  866 4054.17708 4038.01115  0.40%     -   95s
     7    16 4040.68312    3  701 4054.17708 4038.01115  0.40%  1218  100s
    27    56 4040.76805    5  798 4054.17708 4038.01115  0.40%  1477  106s
    55    76 4040.78570    7  757 4054.17708 4038.01115  0.40%   947  110s
H   84    88                    4054.1600220 4038.01115  0.40%   925  113s
    87   109 4044.61107    8  708 4054.16002 4038.01115  0.40%  1066  117s
   108   131 4040.90547    9 1000 4054.16002 4038.01115  0.40%  1107  120s
H  132   143                    4053.9681103 4038.01115  0.39%  1119  124s
H  133   143                    4053.8927037 4038.01115  0.39%  1112  124s
H  134   143                    4053.8296308 4038.01115  0.39%  1104  124s
   142   164 4041.63951   10  559 4053.82963 4038.01115  0.39%  1104  129s
   163   176 4041.73241   11  695 4053.82963 4038.01115  0.39%  1173  136s
   175   190 4041.54518   11  865 4053.82963 4038.01115  0.39%  1298  143s
   189   207 4042.29847   12  627 4053.82963 4038.01115  0.39%  1362  150s
   227   249 4043.01440   14  578 4053.82963 4038.01115  0.39%  1479  159s
   248   261 4043.03467   15  640 4053.82963 4038.01115  0.39%  1548  164s
   260   276 4048.00278   15  578 4053.82963 4038.01115  0.39%  1629  172s
   275   288 4044.19313   16  621 4053.82963 4038.01115  0.39%  1721  196s
H  279   288                    4052.2111937 4038.01115  0.35%  1714  196s
   287   308 4046.01482   17  530 4052.21119 4038.01115  0.35%  1745  201s
   307   331 4045.92351   17  388 4052.21119 4038.01115  0.35%  1796  206s
   330   351 4047.56360   19  669 4052.21119 4038.01115  0.35%  1826  210s
H  352   363                    4052.1512657 4038.01115  0.35%  1838  214s
   362   394 4047.56838   21  551 4052.15127 4038.01115  0.35%  1852  218s
   393   432 4048.05407   25  358 4052.15127 4038.01115  0.35%  1833  226s
H  397   432                    4052.1511698 4038.01115  0.35%  1816  226s
   433   507 4048.27575   29  311 4052.15117 4038.01115  0.35%  1766  231s
   508   573 4048.29247   36  262 4052.15117 4038.01115  0.35%  1593  235s
   578   629 4048.77576   41  167 4052.15117 4038.01115  0.35%  1500  241s
   644   641 4049.01009   45  119 4052.15117 4038.01115  0.35%  1456  246s
H  648   641                    4052.1117779 4038.01115  0.35%  1454  246s
H  656   691                    4049.2576326 4038.01115  0.28%  1447  252s
H  658   691                    4049.1762989 4038.01115  0.28%  1443  252s
H  664   691                    4049.1710733 4038.01115  0.28%  1430  252s
H  683   691                    4048.6604097 4038.01115  0.26%  1422  252s
H  690   691                    4048.2919988 4038.01115  0.25%  1419  252s
H  693   691                    4048.2660091 4038.01115  0.25%  1415  252s
H  705   691                    4047.6039507 4038.01115  0.24%  1403  252s
H  707   691                    4047.2132026 4038.01115  0.23%  1401  252s
H  710   691                    4047.1730202 4038.01115  0.23%  1396  252s
   714   667     cutoff   55      4047.17302 4038.01115  0.23%  1389  262s
   778   698 4040.58482   14  732 4047.17302 4038.04657  0.23%  1386  268s
   845   723 4041.95059   15  450 4047.17302 4038.04657  0.23%  1349  274s
   917   745 4042.06709   16  426 4047.17302 4038.04657  0.23%  1281  279s
  1009   742 4044.89936   18  356 4047.17302 4038.04657  0.23%  1208  286s
  1101   831 4044.89936   19  370 4047.17302 4038.04657  0.23%  1156  291s
  1206   883     cutoff   20      4047.17302 4038.04657  0.23%  1091  297s
* 1254   717             105    4046.5217252 4038.04657  0.21%  1088  297s
* 1255   717             105    4046.5199101 4038.04657  0.21%  1088  297s
* 1291   717             106    4045.9692301 4038.04657  0.20%  1060  297s
  1312   654     cutoff   22      4045.96923 4038.04657  0.20%  1050  304s
  1352   655 4040.53249   15  575 4045.96923 4038.04657  0.20%  1072  311s
  1389   676 4041.74236   16  784 4045.96923 4038.04657  0.20%  1097  319s
  1431   684 4042.58320   17  578 4045.96923 4038.04657  0.20%  1118  328s
  1510   685 4045.34796   21  328 4045.96923 4038.04657  0.20%  1123  336s
  1584   695 4040.85112    7  728 4045.96923 4038.20924  0.19%  1125  344s
  1647   671 4043.81665    9  685 4045.96923 4038.20924  0.19%  1135  354s
H 1700   671                    4045.9463728 4038.33377  0.19%  1135  354s
  1742   646     cutoff   12      4045.94637 4038.33377  0.19%  1124  365s
  1790   663 4041.03678   11  527 4045.94637 4038.55398  0.18%  1150  376s
  1835   693 4043.81379   11  810 4045.94637 4038.55398  0.18%  1172  389s
  1909   714     cutoff   14      4045.94637 4038.55398  0.18%  1180  400s
  1999   748 4041.51023   11  753 4045.94637 4038.81529  0.18%  1174  410s
  2081   772 4044.53808   14  749 4045.94637 4038.89550  0.17%  1171  421s
* 2134   721             120    4045.9355264 4038.89550  0.17%  1174  421s
  2191   722 4044.27452   10  805 4045.93553 4038.93309  0.17%  1164  435s
  2279   741 4041.15310   10  582 4045.93553 4038.93309  0.17%  1175  447s
  2330   757 4044.08606   12  614 4045.93553 4038.93309  0.17%  1205  458s
  2399   755 4045.84172   21  276 4045.93553 4038.93309  0.17%  1214  469s
  2410   755 4045.60694   12  639 4045.93553 4038.93309  0.17%  1213  470s
  2489   762     cutoff   18      4045.93553 4038.94809  0.17%  1218  483s
  2574   764 4042.62993   14  816 4045.93553 4039.02672  0.17%  1230  497s
  2664   781 4045.83147   19  495 4045.93553 4039.02672  0.17%  1244  512s
  2735   780 4045.78330   13  772 4045.93553 4039.23746  0.17%  1266  526s
  2826   794 4044.47073   12  911 4045.93553 4039.27877  0.16%  1280  542s
  2903   814 infeasible   11      4045.93553 4039.42909  0.16%  1301  556s
  2984   819 4045.84850   11  647 4045.93553 4039.46373  0.16%  1324  572s
  3072   822     cutoff   11      4045.93553 4039.46942  0.16%  1339  588s
  3167   833 4044.45117   13  662 4045.93553 4039.46942  0.16%  1353  608s
  3200   833     cutoff   15      4045.93553 4039.46942  0.16%  1360  626s
  3307   838     cutoff   16      4045.93553 4039.51949  0.16%  1366  644s
  3416   843 4045.02756   15  576 4045.93553 4039.71097  0.15%  1374  679s
  3435   847     cutoff   16      4045.93553 4039.71097  0.15%  1377  720s
  3454   848     cutoff   16      4045.93553 4039.71097  0.15%  1379  760s
  3477   842 4045.18652   15  527 4045.93553 4039.71097  0.15%  1380  799s
  3507   843 4045.79626   16  466 4045.93553 4039.71097  0.15%  1384  841s
  3530   849     cutoff   17      4045.93553 4039.71097  0.15%  1389  879s
  3548   850 4045.12203   16  719 4045.93553 4039.71097  0.15%  1391  916s
  3571   858     cutoff   17      4045.93553 4039.71097  0.15%  1392  953s
  3587   859     cutoff   17      4045.93553 4040.12401  0.14%  1395  987s
  3636   920 4042.17972   12  685 4045.93553 4040.12401  0.14%  1389 1027s
  3716   935 4043.85281   13  678 4045.93553 4040.15780  0.14%  1371 1065s
* 3782   931             104    4045.9267508 4040.15780  0.14%  1365 1065s
  3799   923 4045.63173   14  695 4045.92675 4040.15780  0.14%  1366 1089s
  3975   942 4044.07888    9  892 4045.92675 4040.66510  0.13%  1370 1116s
  4150   939 4045.31308   11  652 4045.92675 4040.71463  0.13%  1376 1141s
  4341   952 4045.34982   16  817 4045.92675 4040.74564  0.13%  1380 1173s
  4500   944     cutoff   11      4045.92675 4040.86543  0.13%  1392 1204s
  4704   947     cutoff   13      4045.92675 4041.04133  0.12%  1395 1232s
  4879   942     cutoff   14      4045.92675 4041.08560  0.12%  1406 1264s
  5006   929 4045.45289   15  684 4045.92675 4041.24948  0.12%  1416 1295s
  5173   914 4044.75202    9  641 4045.92675 4041.35497  0.11%  1432 1328s
  5364   895     cutoff   11      4045.92675 4041.49045  0.11%  1445 1362s
  5572   881 4043.52229    6  637 4045.92675 4041.58943  0.11%  1462 1396s
  5762   865 4044.23912    6  641 4045.92675 4041.73523  0.10%  1479 1431s
  5956   847     cutoff   13      4045.92675 4041.86513  0.10%  1497 1468s
  6210   820     cutoff   30      4045.92675 4042.16805  0.09%  1503 1509s
  6474   781 4044.34179   15  861 4045.92675 4042.33840  0.09%  1513 1550s
  6804   784     cutoff   13      4045.92675 4042.72908  0.08%  1506 1592s
* 7035   641             111    4045.8426029 4042.84868  0.07%  1485 1592s
  7251   587     cutoff   17      4045.84260 4043.27288  0.06%  1477 1638s
* 7342   587              94    4045.8408074 4043.31335  0.06%  1464 1638s
* 7349   587              94    4045.8406720 4043.31335  0.06%  1463 1638s
  7783   512     cutoff   14      4045.84067 4043.69164  0.05%  1439 1688s
H 8436   512                    4045.8402898 4043.98320  0.05%  1388 1689s
H 8448   512                    4045.8402481 4043.98320  0.05%  1386 1689s
  8449   829     cutoff   10      4045.84025 4043.98320  0.05%  1386 1731s
H 8681   829                    4045.8133231 4043.98320  0.05%  1354 1731s
H 8684   829                    4045.8026041 4043.98320  0.04%  1353 1731s
* 8714   829              99    4045.7959938 4043.98320  0.04%  1348 1731s
* 9706   829             102    4045.7889050 4044.28097  0.04%  1229 1732s

Cutting planes:
  Gomory: 20
  Cover: 874
  Implied bound: 1470
  Clique: 19
  MIR: 217
  StrongCG: 1
  Flow cover: 793
  GUB cover: 1
  Inf proof: 1
  Relax-and-lift: 174
  BQP: 1

Explored 10141 nodes (12217527 simplex iterations) in 1732.72 seconds (2153.72 work units)
Thread count was 24 (of 24 available processors)

Solution count 10: 4045.79 4045.8 4045.8 ... 4045.93

Optimal solution found (tolerance 1.00e-04)
Best objective 4.045788904996e+03, best bound 4.045785450336e+03, gap 0.0001%
