
Gurobi 13.0.1 (win64) logging started Fri Oct  9 05:11:35 2026

Set parameter LogFile to value "ieee_owen\weak_eps_experiment\stochastic\main17_xi\logs\n30_S20_day22_ef_gurobi.log"
Set parameter NodefileStart to value 3
Set parameter MIPGap to value 0.0001
Gurobi Optimizer version 13.0.1 build v13.0.1rc0 (win64 - Windows 10.0 (19045.2))

CPU model: AMD Ryzen 9 5900X 12-Core Processor, instruction set [SSE2|AVX|AVX2]
Thread count: 12 physical cores, 24 logical processors, using up to 24 threads

Non-default parameters:
TimeLimit  1800
NodefileStart  3
LogToConsole  0

Optimize a model with 171932 rows, 172166 columns and 734890 nonzeros (Min)
Model fingerprint: 0x3d379302
Model has 22 linear objective coefficients
Variable types: 145046 continuous, 27120 integer (27120 binary)
Coefficient statistics:
  Matrix range     [3e-04, 2e+02]
  Objective range  [5e-02, 1e+00]
  Bounds range     [8e-03, 6e+01]
  RHS range        [7e-02, 2e+01]

Presolve removed 76144 rows and 62202 columns
Presolve time: 1.67s
Presolved: 95788 rows, 109964 columns, 377774 nonzeros
Variable types: 85487 continuous, 24477 integer (24476 binary)
Found heuristic solution: objective 5294.6309072
Deterministic concurrent LP optimizer: primal and dual simplex
Showing primal log only...


Root simplex log...

Iteration    Objective       Primal Inf.    Dual Inf.      Time
   17938    7.7251057e+03   0.000000e+00   3.151615e+05      5s
   34164    7.3208516e+03   0.000000e+00   2.822776e+05     10s
   46241    7.1374803e+03   0.000000e+00   1.565847e+05     15s
   57029    7.0313735e+03   0.000000e+00   3.180677e+05     20s
   66106    6.9370549e+03   0.000000e+00   2.609139e+06     25s
   74686    6.8589100e+03   0.000000e+00   1.128313e+05     30s
   82305    6.7987778e+03   0.000000e+00   7.123305e+05     35s
   90025    6.7447766e+03   0.000000e+00   8.744297e+05     40s
   97265    6.6950820e+03   0.000000e+00   4.658018e+05     45s
  103995    6.6553320e+03   0.000000e+00   9.643463e+04     50s
Concurrent spin time: 0.00s

Solved with dual simplex

Root simplex log...

Iteration    Objective       Primal Inf.    Dual Inf.      Time
  178395    4.0495188e+03   0.000000e+00   0.000000e+00     51s

Root relaxation: objective 4.049519e+03, 178395 iterations, 48.93 seconds (63.08 work units)

    Nodes    |    Current Node    |     Objective Bounds      |     Work
 Expl Unexpl |  Obj  Depth IntInf | Incumbent    BestBd   Gap | It/Node Time

     0     0 4049.51876    0  955 5294.63091 4049.51876  23.5%     -   53s
H    0     0                    4081.6840677 4049.51876  0.79%     -   56s
H    0     0                    4080.3701073 4049.51876  0.76%     -   58s
     0     0 4049.80636    0  923 4080.37011 4049.80636  0.75%     -   62s
H    0     0                    4079.4028546 4049.80636  0.73%     -   67s
     0     0 4049.80636    0  923 4079.40285 4049.80636  0.73%     -   68s
     0     0 4050.00178    0  856 4079.40285 4050.00178  0.72%     -   69s
     0     0 4050.12940    0  978 4079.40285 4050.12940  0.72%     -   73s
     0     0 4050.12940    0  975 4079.40285 4050.12940  0.72%     -   74s
     0     0 4050.21811    0  995 4079.40285 4050.21811  0.72%     -   76s
     0     0 4050.21811    0  993 4079.40285 4050.21811  0.72%     -   80s
     0     0 4050.26614    0  870 4079.40285 4050.26614  0.71%     -   81s
H    0     0                    4079.1682803 4050.26614  0.71%     -   84s
     0     0 4050.27120    0  895 4079.16828 4050.27120  0.71%     -   84s
     0     0 4050.27120    0  895 4079.16828 4050.27120  0.71%     -   85s
     0     0 4050.28042    0  895 4079.16828 4050.28042  0.71%     -   86s
H    0     0                    4079.1509401 4050.28308  0.71%     -   88s
H    0     0                    4059.6166661 4050.28308  0.23%     -   89s
     0     0 4050.28308    0  897 4059.61667 4050.28308  0.23%     -   89s
     0     0 4050.34048    0  990 4059.61667 4050.34048  0.23%     -   91s
     0     0 4050.34213    0  990 4059.61667 4050.34213  0.23%     -   91s
     0     0 4050.34213    0  990 4059.61667 4050.34213  0.23%     -   91s
     0     0 4050.36565    0  923 4059.61667 4050.36565  0.23%     -   92s
     0     0 4050.36899    0  924 4059.61667 4050.36899  0.23%     -   93s
     0     0 4050.38704    0 1002 4059.61667 4050.38704  0.23%     -   94s
     0     0 4050.38950    0 1001 4059.61667 4050.38950  0.23%     -   94s
     0     0 4050.40455    0  955 4059.61667 4050.40455  0.23%     -   95s
     0     0 4050.40659    0  954 4059.61667 4050.40659  0.23%     -   95s
     0     0 4050.41478    0  960 4059.61667 4050.41478  0.23%     -   96s
     0     0 4050.42010    0  961 4059.61667 4050.42010  0.23%     -   97s
     0     0 4050.42010    0 1006 4059.61667 4050.42010  0.23%     -   98s
     0     0 4050.42010    0 1005 4059.61667 4050.42010  0.23%     -   99s
     0     0 4050.42010    0 1005 4059.61667 4050.42010  0.23%     -  100s
     0     0 4050.42122    0 1005 4059.61667 4050.42122  0.23%     -  100s
     0     0 4050.42122    0  917 4059.61667 4050.42122  0.23%     -  101s
     0     2 4050.42122    0  916 4059.61667 4050.42122  0.23%     -  105s
     7    16 4050.90058    3  912 4059.61667 4050.80827  0.22%  2607  111s
H   10    16                    4059.6035545 4050.86103  0.22%  1932  111s
    27    44 4054.15240    5  751 4059.60355 4051.19508  0.21%  3015  118s
    57    63 4054.23520    6  596 4059.60355 4051.49030  0.20%  2090  121s
H   82    75                    4059.3003117 4051.49030  0.19%  1911  125s
H   87    75                    4059.2841570 4051.49030  0.19%  1940  125s
   117   120 4054.56386    8  551 4059.28416 4051.49030  0.19%  1853  133s
   141   132 4056.24942   11  361 4059.28416 4051.49030  0.19%  1768  143s
H  147   132                    4059.2488598 4051.49030  0.19%  1760  143s
   153   153 4057.20445   12  379 4059.24886 4051.49030  0.19%  1763  146s
   211   213 4057.83222   15  276 4059.24886 4051.49030  0.19%  1596  152s
   247   235 4058.32151   16  342 4059.24886 4051.49030  0.19%  1474  156s
   311   309     cutoff   20      4059.24886 4051.53710  0.19%  1350  161s
   410   379 4054.41728    8  827 4059.24886 4051.53710  0.19%  1143  166s
   503   431 4055.89849   10  635 4059.24886 4051.53710  0.19%  1026  173s
   557   453 4057.49578   12  545 4059.24886 4052.44358  0.17%   979  175s
   638   511     cutoff   14      4059.24886 4052.45151  0.17%   967  181s
   733   584 4059.23674   13  483 4059.24886 4052.47384  0.17%   935  187s
   793   620     cutoff   14      4059.24886 4052.47384  0.17%   900  190s
   942   755 4056.68302   12  422 4059.24886 4052.47384  0.17%   833  197s
  1017   851 4059.06281   14  354 4059.24886 4052.47384  0.17%   803  201s
* 1125   760             139    4058.7904019 4052.47384  0.16%   742  201s
* 1126   760             139    4058.7875616 4052.47384  0.16%   742  201s
  1232   792     cutoff   12      4058.78756 4052.47384  0.16%   704  209s
  1321   854 4057.30049   13  350 4058.78756 4053.56617  0.13%   687  214s
* 1373   713             110    4057.8813521 4053.56617  0.11%   679  214s
  1408   636     cutoff   15      4057.88135 4053.56617  0.11%   671  218s
  1497   644 4057.51788   10  380 4057.88135 4053.97434  0.10%   663  228s
  1510   635     cutoff   11      4057.88135 4054.33738  0.09%   671  234s
  1570   639 4056.77778   11  318 4057.88135 4054.33738  0.09%   674  239s
  1635   632     cutoff   16      4057.88135 4054.33738  0.09%   677  244s
  1691   631     cutoff   13      4057.88135 4054.33738  0.09%   688  249s
  1765   648 4056.23209    7  542 4057.88135 4054.33738  0.09%   690  253s
  1826   665     cutoff    9      4057.88135 4054.95323  0.07%   692  258s
  1903   644     cutoff    9      4057.88135 4054.95323  0.07%   691  280s
  1925   645 4056.34533   14  283 4057.88135 4054.95323  0.07%   692  306s
  1949   648 4057.35926   15  209 4057.88135 4054.95323  0.07%   690  330s
  1978   651 4057.46491   16  161 4057.88135 4054.95323  0.07%   692  356s
  2014   650 4057.46491   17  213 4057.88135 4054.95323  0.07%   690  381s
  2042   651 4057.48951   18  218 4057.88135 4054.95323  0.07%   689  406s
  2068   661     cutoff   19      4057.88135 4054.95323  0.07%   687  432s
  2114   655 4057.86005   19  170 4057.88135 4055.48616  0.06%   684  454s
H 2117   655                    4057.8047064 4055.48616  0.06%   683  454s
  2148   686     cutoff   20      4057.80471 4055.48616  0.06%   686  462s
  2326   716     cutoff    7      4057.80471 4055.94837  0.05%   672  471s
  2519   767 4056.94269   25  345 4057.80471 4056.15546  0.04%   655  481s
  2788   862 4057.08099   21  437 4057.80471 4056.32344  0.04%   624  491s
H 3115   862                    4057.8040817 4056.33878  0.04%   587  518s
H 3115   861                    4057.7998074 4056.33878  0.04%   587  527s
H 3115   851                    4057.7929090 4056.33878  0.04%   587  527s
H 3115   850                    4057.7883552 4056.33878  0.04%   587  527s
H 3115   846                    4057.7814568 4056.33878  0.04%   587  527s
H 3115   839                    4057.7749143 4056.33878  0.04%   587  527s
  3116   839 4057.54370   28  917 4057.77491 4056.33878  0.04%   587  598s
  3118   840 4057.13387   23 1648 4057.77491 4056.33878  0.04%   587  677s
  3119   841 4057.18571   17 1843 4057.77491 4056.33878  0.04%   587  680s
  3124   844 4057.30502   26 1092 4057.77491 4056.33878  0.04%   586  755s
  3125   845 4057.47233   31 1092 4057.77491 4056.33878  0.04%   586  764s
  3126   849 4056.33878   15 1002 4057.77491 4056.33878  0.04%   666  767s
  3132   859 4056.33878   17 1216 4057.77491 4056.33878  0.04%   670  771s
  3152   873 4056.33878   19 1181 4057.77491 4056.33878  0.04%   678  779s
  3170   874 4056.33878   20  966 4057.77491 4056.33878  0.04%   684  783s
  3199   870 4056.33878   20  948 4057.77491 4056.33878  0.04%   692  788s
  3228   872 4056.33878   21  858 4057.77491 4056.33878  0.04%   700  794s
  3243   883 4056.33878   21 1020 4057.77491 4056.33878  0.04%   706  800s
  3293   914 4056.33878   22  947 4057.77491 4056.33878  0.04%   716  807s
  3388   901 4056.33878   24  656 4057.77491 4056.33878  0.04%   715  813s
  3424   896 4056.33878   24  705 4057.77491 4056.33878  0.04%   715  815s
  3484   892 4056.70598   26  664 4057.77491 4056.33878  0.04%   721  821s
  3538   909 4056.72927   28  705 4057.77491 4056.33878  0.04%   734  827s
  3584   904 4057.11260   29  724 4057.77491 4056.33878  0.04%   733  830s
  3704   908     cutoff   34      4057.77491 4056.33878  0.04%   728  836s
  3852   916 4057.44120   27  482 4057.77491 4056.33878  0.04%   717  843s
  3910   933     cutoff   31      4057.77491 4056.33878  0.04%   714  846s
  4058   922 4056.77902   30  571 4057.77491 4056.33878  0.04%   702  859s
  4073   952 4056.91379   31  581 4057.77491 4056.33878  0.04%   701  865s
  4138   937 4056.97356   33  544 4057.77491 4056.33878  0.04%   698  875s
H 4141   893                    4057.7690835 4056.33878  0.04%   697  875s
  4151   898 4056.99345   34  501 4057.76908 4056.33878  0.04%   697  888s
H 4163   854                    4057.7311623 4056.33878  0.03%   696  888s
  4166   917 4056.99345   35  482 4057.73116 4056.33878  0.03%   696  893s
  4278   961 4057.70456   43  365 4057.73116 4056.33878  0.03%   685  897s
  4421  1030 4057.71992   62  332 4057.73116 4056.33878  0.03%   669  901s
  4557  1073 4057.72250   84  290 4057.73116 4056.33878  0.03%   655  907s
  4720  1099 4057.72831  108  262 4057.73116 4056.33878  0.03%   639  912s
* 4882   989             229    4057.7289828 4056.33878  0.03%   625  912s
  4912   911     cutoff  133      4057.72898 4056.33878  0.03%   622  918s
  4996   932 4057.35330   31  572 4057.72898 4056.34533  0.03%   625  923s
  5115  1023 4057.72115   77  365 4057.72898 4056.34533  0.03%   621  929s
  5292  1130 4057.72685  110  322 4057.72898 4056.34533  0.03%   608  935s
  5523  1349 4057.72685  142  282 4057.72898 4056.34533  0.03%   587  943s
H 5792  1052                    4057.7254558 4056.34533  0.03%   565  943s
  5793   965     cutoff  179      4057.72546 4056.34533  0.03%   565  948s
  5983  1174 4057.71953   72  301 4057.72546 4056.34533  0.03%   557  955s
  6267  1511 4057.71953  110  219 4057.72546 4056.34533  0.03%   538  963s
  6621  1846 4057.71953  157  113 4057.72546 4056.34533  0.03%   512  972s
* 6682  1802             240    4057.7244585 4056.34533  0.03%   508  972s
* 6685  1627             240    4057.7237928 4056.34533  0.03%   508  972s
* 6821  1038             236    4057.7195291 4056.34533  0.03%   498  972s
  7079   800     cutoff  215      4057.71953 4056.34533  0.03%   484  978s
* 7195   708             281    4057.5955015 4056.34533  0.03%   480  978s
  7271   722 4057.29182   34  566 4057.59550 4056.34533  0.03%   480  983s
  7435   843 4057.57062   35  525 4057.59550 4056.70598  0.02%   479  991s
  7719  1151 4057.24384   34  475 4057.59550 4056.70598  0.02%   470 1000s
  8144  1490 4057.01309   37  636 4057.59550 4056.70598  0.02%   452 1009s
* 8357  1490             281    4057.5935862 4056.70598  0.02%   442 1009s
* 8404  1484             270    4057.5879674 4056.70598  0.02%   440 1009s
  8608  1642 4057.56808  178  169 4057.58797 4056.70598  0.02%   433 1018s
* 8695  1630             277    4057.5879434 4056.70598  0.02%   429 1018s
* 8738  1036             269    4057.5829181 4056.70598  0.02%   428 1018s
  9034  1087     cutoff  264      4057.58292 4056.70598  0.02%   420 1027s
  9413  1376 4057.25777   34  466 4057.58292 4056.70598  0.02%   410 1037s
* 9607   950             268    4057.5680768 4056.70598  0.02%   405 1037s
  9901   788 4057.31143   40  407 4057.56808 4056.70598  0.02%   397 1044s
 10193   873     cutoff   53      4057.56808 4056.95714  0.02%   394 1052s
*10323   814             288    4057.5193485 4056.97655  0.01%   393 1052s
 10547  1322     cutoff   50      4057.51935 4057.00964  0.01%   389 1066s
 11295  1890 4057.49742   30  452 4057.51935 4057.00964  0.01%   367 1079s
*11415  1353             278    4057.5175689 4057.00964  0.01%   364 1079s
*12027  1237             319    4057.5151518 4057.00964  0.01%   347 1079s
 12103   560 4057.13007   37  376 4057.51515 4057.03788  0.01%   346 1088s
 12401   443     cutoff   36      4057.51515 4057.08008  0.01%   346 1097s

Cutting planes:
  Gomory: 29
  Cover: 4
  Implied bound: 7
  MIR: 22
  Flow cover: 170
  Relax-and-lift: 13

Explored 12726 nodes (4582265 simplex iterations) in 1097.90 seconds (1250.57 work units)
Thread count was 24 (of 24 available processors)

Solution count 10: 4057.52 4057.52 4057.52 ... 4057.72

Optimal solution found (tolerance 1.00e-04)
Best objective 4.057515151767e+03, best bound 4.057241738982e+03, gap 0.0067%
