
Cluster assignments:
Cluster 0 (represented by Day 25): [ 1 12 17 21 25 26 27 28]... (total 8 days)
Cluster 1 (represented by Day 4): [ 2  3  4  5  6  7  8  9 10 11]... (total 23 days)
[reserve] pi_res = 56 EUR/MW.h (daily mean of fcrn_dk2_56 hourly prices), 1h blocks
[reserve] c_min_G = 0.15 (electrolyzer min load / els_cap); literature 0.1-0.16 -> OK
[reserve] c_sb_G = 0.01 (electrolyzer standby draw / els_cap); literature 0.025-0.05 -> OUT OF RANGE
✓ spring  :  92 days | Mean: 1 MWh | RMSE range: 0.0-0.2 MWh
✓ summer  :  92 days | Mean: 1 MWh | RMSE range: 0.0-0.3 MWh
✓ fall    :  91 days | Mean: 1 MWh | RMSE range: 0.0-0.2 MWh
✓ winter  :  90 days | Mean: 1 MWh | RMSE range: 0.0-0.1 MWh

=== 30p_reserve_peak_day31_S20_seed0_grb_direct-gurobi_kl0.0960365_dual_ndw_rsc0.303571_main: n=30, |T|=24, |Omega|=20 ===

[1] extensive form (DP_N^Omega)
Set parameter Username
Set parameter LicenseID to value 2742039
Academic license - for non-commercial use only - expires 2026-11-20
Set parameter OutputFlag to value 1
Set parameter LogToConsole to value 0
  obj 4145.273537  status optimal  gap 1.63e-04  577.2s  vars 172124
  KL r=0.0960365: worst case 4145.273537 vs expected 3971.508360; 1 MILP solve(s); rho* 0.036 0.049 0.045 0.036 0.065 0.083 0.026 0.055 0.034 0.047 0.024 0.105 0.048 0.038 0.056 0.035 0.033 0.026 0.056 0.105 (KL 0.0960)
    round 1: MIPGap 1e-04  577.0s  5149 nodes  psi-bound 1.63e-04  psi-incumbent 9.32e-05

[2] column generation (DWR_N^Omega)
  seed columns: largest carrier-row residual 3.15e-14 (repaired)
  CG   17 | RMP     3428.9206 | LB     3449.6311 | UB           inf | a 1.00 std      | min rc  0.0000e+00 | +0  [round] | lp 0.20s solver 0.18s 1409 it 13564 cols 253586 nz
  -- penalty round 1: eps 0.2 delta 0.2 RMP 3428.9206 LB 3449.6311 UB 4145.2735 gap 1.68e-01 [round] 18s
  CG   25 | RMP     4134.5096 | LB     3828.3141 | UB     4145.2735 | a 0.10 smooth   | min rc -8.7550e+00 | +99 | lp 0.34s solver 0.33s 1746 it 15007 cols 348679 nz
  CG   50 | RMP     4128.0339 | LB     4111.2921 | UB     4145.2735 | a 0.10 smooth   | min rc -3.2746e+00 | +61 | lp 0.67s solver 0.66s 2390 it 16871 cols 462528 nz
  CG   61 | RMP     4126.7644 | LB     4127.3037 | UB     4145.2735 | a 1.00 std      | min rc  0.0000e+00 | +0  [round] | lp 0.67s solver 0.64s 2334 it 16606 cols 429470 nz
  -- penalty round 2: eps 0.05 delta 0.05 RMP 4126.7644 LB 4127.3037 UB 4145.2735 gap 4.33e-03 [round] 166s
  CG   75 | RMP     4143.0431 | LB     4137.4274 | UB     4145.2735 | a 0.10 smooth   | min rc -2.1229e+00 | +46 | lp 0.80s solver 0.79s 2370 it 17487 cols 471198 nz
  CG   98 | RMP     4142.1271 | LB     4141.9976 | UB     4145.2735 | a 1.00 std      | min rc  0.0000e+00 | +0  [round] | lp 1.42s solver 1.41s 3304 it 19421 cols 571223 nz
  -- penalty round 3: eps 0.0125 delta 0.0125 RMP 4142.1271 LB 4141.9976 UB 4145.2735 gap 7.90e-04 [round] 361s
  CG  100 | RMP     4144.1040 | LB     4141.9976 | UB     4145.2735 | a 0.10 smooth   | min rc -1.4654e+00 | +26 | lp 2.52s solver 2.48s 5843 it 19580 cols 581183 nz
  CG  125 | RMP     4143.6200 | LB     4143.5504 | UB     4145.2735 | a 0.10 smooth   | min rc -3.2545e-02 | +9 | lp 0.66s solver 0.62s 1543 it 20284 cols 621382 nz
  CG  126 | RMP     4143.6187 | LB     4143.5504 | UB     4145.2735 | a 1.00 std      | min rc  0.0000e+00 | +0  [round] | lp 0.46s solver 0.44s 1133 it 20333 cols 624626 nz
  -- penalty round 4: eps 0.00313 delta 0.00313 RMP 4143.6187 LB 4143.5504 UB 4145.2735 gap 4.16e-04 [round] 524s
  CG  146 | RMP     4143.8381 | LB     4143.7752 | UB     4145.2735 | a 1.00 std      | min rc  0.0000e+00 | +0  [round] | lp 0.92s solver 0.88s 2021 it 20908 cols 658394 nz
  -- penalty round 5: eps 0.000781 delta 0.000781 RMP 4143.8381 LB 4143.7752 UB 4145.2735 gap 3.61e-04 [round] 637s
  CG  150 | RMP     4143.8622 | LB     4143.7967 | UB     4145.2735 | a 0.10 smooth   | min rc -1.2829e-02 | +5 | lp 1.41s solver 1.37s 3226 it 21095 cols 669750 nz
  CG  151 | RMP     4143.8618 | LB     4143.7967 | UB     4145.2735 | a 1.00 std      | min rc  0.0000e+00 | +0  [round] | lp 0.81s solver 0.78s 1866 it 20754 cols 650273 nz
  -- penalty round 6: eps 0.000195 delta 0.000195 RMP 4143.8618 LB 4143.7967 UB 4145.2735 gap 3.56e-04 [round] 673s
  CG  152 | RMP     4143.8666 | LB     4143.7967 | UB     4143.8672 | a 1.00 std      | min rc  0.0000e+00 | +0  [done] | lp 3.04s solver 3.02s 1814 it 20754 cols 650273 nz
  -- penalty round 7: eps 0 delta 0 RMP 4143.8666 LB 4143.7967 UB 4143.8672 gap 1.70e-05 [done] 676s
  obj 4143.867219  LB 4143.796664  gap 1.70e-05  iters 152  676.2s  rounds 7  status optimal
  KL r=0.0960365: 1020 tangent planes; rho* 0.036 0.049 0.045 0.036 0.065 0.083 0.026 0.055 0.034 0.047 0.023 0.105 0.048 0.038 0.056 0.035 0.032 0.026 0.055 0.105 (KL 0.0960)
  time: master LP 158.6s  pricing 509.5s (70470 MILPs, 8 worker(s))

[3] robust Owen allocation
  omega_LR,rob 1.475446  eps_LR 0.049182  certified [0.729276, 1.476873]
  EF slack 0.6770 = 46% of the reported omega  (> 10%: use --table for a table run)
  checks: budget 9.09e-13  duality -1.43e-03  pricing 0.00e+00

[4] stand-alone values val(DP_{j}^Omega)
   player         Owen        E[x*]        alone       chi^LR
       u1    1565.7423    1565.6931     968.3225     597.3707
       u2      12.5013      12.4522      -0.0000      12.4522
       u3     522.5889     522.5397     262.5410     259.9988
       u4    -798.6160    -798.6651    -828.0487      29.3836
       u5    -415.5312    -415.5804    -524.6094     109.0290
       u6   -1039.1264   -1039.1756   -1157.9902     118.8146
       u7     474.0518     474.0026     300.3337     173.6689
       u8      24.1605      24.1113      -0.0000      24.1113
       u9     529.3747     529.3255     262.5410     266.7845
      u10     811.0614     811.0122     625.2856     185.7266
      u11     108.8086     108.7594      90.8197      17.9397
      u12    -692.3018    -692.3510    -737.2107      44.8597
      u13    -416.8743    -416.9235    -523.8469     106.9234
      u14    -900.9556    -901.0048    -995.0113      94.0065
      u15   -1864.5751   -1864.6243   -1991.8954     127.2710
      u16    1162.1422    1162.0930     689.8603     472.2327
      u17     482.0369     481.9878     252.4260     229.5618
      u18      36.6568      36.6076      -0.0000      36.6076
      u19      -0.0000      -0.0492      -0.0000      -0.0492
      u20     529.3747     529.3255     262.5410     266.7845
      u21     184.5760     184.5268     141.7795      42.7473
      u22     163.2130     163.1638     136.2296      26.9342
      u23    -703.7161    -703.7653    -779.3024      75.5371
      u24    -903.3438    -903.3929    -950.5382      47.1452
      u25    -800.0363    -800.0854    -849.8351      49.7497
      u26     -92.8676     -92.9167    -226.3791     133.4624
      u27    -206.5452    -206.5944    -260.1192      53.5248
      u28    -930.8351    -930.8843   -1006.3916      75.5074
      u29    -667.5208    -667.5699    -725.4134      57.8435
      u30    -317.2420    -317.2912    -350.6648      33.3736

wrote ieee_owen\weak_eps_experiment\stochastic\main17_xi\30p_reserve_peak_day31_S20_seed0_grb_direct-gurobi_kl0.0960365_dual_ndw_rsc0.303571_main.json
