
Cluster assignments:
Cluster 0 (represented by Day 25): [ 1 12 17 21 25 26 27 28]... (total 8 days)
Cluster 1 (represented by Day 4): [ 2  3  4  5  6  7  8  9 10 11]... (total 23 days)
[reserve] pi_res = 56 EUR/MW.h (daily mean of fcrn_dk2_56 hourly prices), 1h blocks
[reserve] c_min_G = 0.15 (electrolyzer min load / els_cap); literature 0.1-0.16 -> OK
[reserve] c_sb_G = 0.01 (electrolyzer standby draw / els_cap); literature 0.025-0.05 -> OUT OF RANGE
✓ spring  :  92 days | Mean: 1 MWh | RMSE range: 0.0-0.2 MWh
✓ summer  :  92 days | Mean: 1 MWh | RMSE range: 0.0-0.3 MWh
✓ fall    :  91 days | Mean: 1 MWh | RMSE range: 0.0-0.2 MWh
✓ winter  :  90 days | Mean: 1 MWh | RMSE range: 0.0-0.1 MWh

=== 30p_reserve_peak_day28_S20_seed0_grb_direct-gurobi_kl0.0960365_dual_ndw_rsc0.303571_main: n=30, |T|=24, |Omega|=20 ===

[1] extensive form (DP_N^Omega)
Set parameter Username
Set parameter LicenseID to value 2742039
Academic license - for non-commercial use only - expires 2026-11-20
Set parameter OutputFlag to value 1
Set parameter LogToConsole to value 0
  obj 6190.179614  status optimal  gap 1.57e-04  1742.3s  vars 172124
  KL r=0.0960365: worst case 6190.179614 vs expected 5991.226441; 1 MILP solve(s); rho* 0.021 0.028 0.090 0.023 0.081 0.071 0.031 0.038 0.052 0.052 0.043 0.059 0.033 0.028 0.077 0.093 0.055 0.024 0.053 0.049 (KL 0.0960)
    round 1: MIPGap 1e-04  1742.1s  8938 nodes  psi-bound 1.57e-04  psi-incumbent 7.18e-05

[2] column generation (DWR_N^Omega)
  seed columns: largest carrier-row residual 1.24e-14 (repaired)
  CG   19 | RMP     5468.5513 | LB     5502.1383 | UB           inf | a 1.00 std      | min rc  0.0000e+00 | +0  [round] | lp 0.20s solver 0.18s 1041 it 13652 cols 256528 nz
  -- penalty round 1: eps 0.2 delta 0.2 RMP 5468.5513 LB 5502.1383 UB 6190.1796 gap 1.11e-01 [round] 20s
  CG   25 | RMP     6182.1059 | LB     5807.3720 | UB     6190.1796 | a 0.10 smooth   | min rc -1.2905e+01 | +82 | lp 0.30s solver 0.30s 2190 it 14730 cols 321281 nz
  CG   50 | RMP     6174.8866 | LB     6144.2291 | UB     6190.1796 | a 0.10 smooth   | min rc -4.9875e+00 | +73 | lp 0.78s solver 0.74s 3120 it 16877 cols 431760 nz
  CG   69 | RMP     6171.1616 | LB     6170.4512 | UB     6190.1796 | a 1.00 std      | min rc  0.0000e+00 | +0  [round] | lp 1.35s solver 1.32s 4126 it 18634 cols 530872 nz
  -- penalty round 2: eps 0.05 delta 0.05 RMP 6171.1616 LB 6170.4512 UB 6190.1796 gap 3.19e-03 [round] 185s
  CG   75 | RMP     6186.2604 | LB     6173.8724 | UB     6190.1796 | a 0.10 smooth   | min rc -4.1857e+00 | +85 | lp 1.77s solver 1.74s 5317 it 18657 cols 528918 nz
  CG  100 | RMP     6183.2950 | LB     6183.0099 | UB     6190.1796 | a 0.10 smooth   | min rc -6.8207e-01 | +8 | lp 0.85s solver 0.81s 2399 it 20475 cols 622823 nz
  CG  101 | RMP     6183.2486 | LB     6183.0099 | UB     6190.1796 | a 1.00 std      | min rc  0.0000e+00 | +0  [round] | lp 1.36s solver 1.32s 3785 it 19739 cols 578146 nz
  -- penalty round 3: eps 0.0125 delta 0.0125 RMP 6183.2486 LB 6183.0099 UB 6190.1796 gap 1.16e-03 [round] 374s
  CG  124 | RMP     6184.6670 | LB     6184.4483 | UB     6190.1796 | a 1.00 std      | min rc  0.0000e+00 | +0  [round] | lp 0.87s solver 0.83s 2339 it 20672 cols 618592 nz
  -- penalty round 4: eps 0.00313 delta 0.00313 RMP 6184.6670 LB 6184.4483 UB 6190.1796 gap 9.26e-04 [round] 515s
  CG  125 | RMP     6184.9008 | LB     6184.4483 | UB     6190.1796 | a 0.10 smooth   | min rc -6.9341e-01 | +30 | lp 5.80s solver 5.78s 15179 it 20672 cols 618592 nz
  CG  134 | RMP     6184.8476 | LB     6184.6170 | UB     6190.1796 | a 1.00 std      | min rc  0.0000e+00 | +0  [round] | lp 0.79s solver 0.76s 1992 it 20792 cols 625898 nz
  -- penalty round 5: eps 0.000781 delta 0.000781 RMP 6184.8476 LB 6184.6170 UB 6190.1796 gap 8.98e-04 [round] 568s
  CG  136 | RMP     6184.8768 | LB     6184.6395 | UB     6190.1796 | a 1.00 std      | min rc  0.0000e+00 | +0  [round] | lp 0.66s solver 0.63s 1794 it 20894 cols 630713 nz
  -- penalty round 6: eps 0.000195 delta 0.000195 RMP 6184.8768 LB 6184.6395 UB 6190.1796 gap 8.95e-04 [round] 577s
  CG  137 | RMP     6184.8878 | LB     6184.6395 | UB     6184.8941 | a 1.00 std      | min rc  0.0000e+00 | +0  [done] | lp 1.44s solver 1.40s 3890 it 20894 cols 630713 nz
  -- penalty round 7: eps 0 delta 0 RMP 6184.8878 LB 6184.6395 UB 6184.8941 gap 4.12e-05 [done] 579s
  obj 6184.894124  LB 6184.639478  gap 4.12e-05  iters 137  579.0s  rounds 7  status optimal
  KL r=0.0960365: 1000 tangent planes; rho* 0.021 0.028 0.090 0.024 0.081 0.072 0.031 0.038 0.052 0.052 0.043 0.058 0.033 0.028 0.077 0.093 0.056 0.024 0.053 0.049 (KL 0.0960)
  time: master LP 158.4s  pricing 413.3s (63180 MILPs, 8 worker(s))

[3] robust Owen allocation
  omega_LR,rob 5.533957  eps_LR 0.184465  certified [4.312489, 5.540136]
  EF slack 0.9730 = 18% of the reported omega  (> 10%: use --table for a table run)
  checks: budget 0.00e+00  duality -6.18e-03  pricing 0.00e+00

[4] stand-alone values val(DP_{j}^Omega)
   player         Owen        E[x*]        alone       chi^LR
       u1     631.8083     631.6238     421.6659     209.9579
       u2      16.4695      16.2850      -0.0000      16.2850
       u3     514.6295     514.4450     262.0036     252.4414
       u4    -800.0243    -800.2087    -821.8751      21.6663
       u5    -422.7461    -422.9306    -521.1729      98.2423
       u6   -1040.3738   -1040.5583   -1168.8301     128.2718
       u7     516.3030     516.1185     309.8201     206.2984
       u8      24.7071      24.5227      -0.0000      24.5227
       u9     521.6951     521.5106     262.0036     259.5070
      u10     339.2804     339.0959     210.6050     128.4909
      u11     103.0414     102.8569      90.8231      12.0338
      u12    -674.1478    -674.3322    -719.9161      45.5839
      u13    -409.8578    -410.0423    -503.6377      93.5954
      u14    -899.0100    -899.1945    -986.1129      86.9184
      u15   -1853.9314   -1854.1159   -1985.8110     131.6952
      u16     424.4179     424.2334     263.1818     161.0516
      u17     527.4205     527.2361     258.7186     268.5175
      u18      37.9934      37.8090      -0.0000      37.8090
      u19      -0.0000      -0.1845      -0.0000      -0.1845
      u20     521.6951     521.5106     262.0036     259.5070
      u21     210.5647     210.3802     156.3984      53.9818
      u22     154.5622     154.3777     136.2346      18.1431
      u23    -703.1740    -703.3585    -784.2786      80.9202
      u24    -901.1268    -901.3112    -943.5520      42.2408
      u25    -807.3603    -807.5448    -854.0365      46.4917
      u26     -90.8695     -91.0540    -230.1190     139.0651
      u27    -206.9965    -207.1810    -256.8397      49.6587
      u28    -918.3364    -918.5208    -987.5504      69.0296
      u29    -686.7921    -686.9766    -733.8060      46.8294
      u30    -314.4870    -314.6715    -353.3394      38.6679

wrote ieee_owen\weak_eps_experiment\stochastic\main17_xi\30p_reserve_peak_day28_S20_seed0_grb_direct-gurobi_kl0.0960365_dual_ndw_rsc0.303571_main.json
