
Gurobi 13.0.1 (win64) logging started Fri Oct  9 17:50:03 2026

Set parameter LogFile to value "ieee_owen\weak_eps_experiment\stochastic\main17_xi\logs\n30_S20_day29_ef_gurobi.log"
Set parameter NodefileStart to value 3
Set parameter MIPGap to value 0.0001
Gurobi Optimizer version 13.0.1 build v13.0.1rc0 (win64 - Windows 10.0 (19045.2))

CPU model: AMD Ryzen 9 5900X 12-Core Processor, instruction set [SSE2|AVX|AVX2]
Thread count: 12 physical cores, 24 logical processors, using up to 24 threads

Non-default parameters:
TimeLimit  1800
NodefileStart  3
LogToConsole  0

Optimize a model with 171932 rows, 172166 columns and 734890 nonzeros (Min)
Model fingerprint: 0x210861d6
Model has 22 linear objective coefficients
Variable types: 145046 continuous, 27120 integer (27120 binary)
Coefficient statistics:
  Matrix range     [3e-04, 2e+02]
  Objective range  [5e-02, 1e+00]
  Bounds range     [9e-03, 6e+01]
  RHS range        [7e-02, 2e+01]

Presolve removed 76123 rows and 62173 columns
Presolve time: 1.61s
Presolved: 95809 rows, 109993 columns, 377866 nonzeros
Variable types: 85506 continuous, 24487 integer (24486 binary)
Found heuristic solution: objective 5133.9973187
Deterministic concurrent LP optimizer: primal and dual simplex
Showing primal log only...


Root simplex log...

Iteration    Objective       Primal Inf.    Dual Inf.      Time
   18957    7.7204028e+03   0.000000e+00   3.816390e+06      5s
   34563    7.3153371e+03   0.000000e+00   1.887403e+05     10s
   46069    7.1351120e+03   0.000000e+00   1.317902e+05     15s
   55973    6.9817833e+03   0.000000e+00   7.177519e+05     20s
   65607    6.8864368e+03   0.000000e+00   5.643745e+04     25s
   75119    6.7899953e+03   0.000000e+00   1.556787e+05     30s
   82469    6.7352085e+03   0.000000e+00   4.962429e+05     35s
   89590    6.6877331e+03   0.000000e+00   6.880086e+04     40s
   97061    6.6410168e+03   0.000000e+00   6.465489e+04     45s
Concurrent spin time: 0.00s

Solved with dual simplex

Root simplex log...

Iteration    Objective       Primal Inf.    Dual Inf.      Time
  164789    3.9000670e+03   0.000000e+00   0.000000e+00     47s

Root relaxation: objective 3.900067e+03, 164789 iterations, 45.04 seconds (58.98 work units)

    Nodes    |    Current Node    |     Objective Bounds      |     Work
 Expl Unexpl |  Obj  Depth IntInf | Incumbent    BestBd   Gap | It/Node Time

     0     0 3900.06704    0  825 5133.99732 3900.06704  24.0%     -   48s
H    0     0                    3954.7855736 3900.06704  1.38%     -   52s
H    0     0                    3950.7045532 3900.06704  1.28%     -   55s
     0     0 3900.26196    0  869 3950.70455 3900.26196  1.28%     -   58s
H    0     0                    3949.6003046 3900.26196  1.25%     -   64s
     0     0 3900.26196    0  869 3949.60030 3900.26196  1.25%     -   64s
     0     0 3900.27289    0  868 3949.60030 3900.27289  1.25%     -   66s
H    0     0                    3948.1680086 3900.27289  1.21%     -   68s
     0     0 3900.27981    0  867 3948.16801 3900.27981  1.21%     -   68s
     0     0 3900.29074    0  800 3948.16801 3900.29074  1.21%     -   69s
     0     0 3900.29075    0  798 3948.16801 3900.29075  1.21%     -   71s
     0     0 3900.29122    0  815 3948.16801 3900.29122  1.21%     -   71s
     0     0 3900.29140    0  813 3948.16801 3900.29140  1.21%     -   72s
     0     0 3900.29140    0  776 3948.16801 3900.29140  1.21%     -   73s
     0     0 3900.29532    0  779 3948.16801 3900.29532  1.21%     -   76s
     0     0 3900.29532    0  815 3948.16801 3900.29532  1.21%     -   77s
     0     0 3900.29532    0  701 3948.16801 3900.29532  1.21%     -   79s
     0     0 3900.29532    0  795 3948.16801 3900.29532  1.21%     -   80s
     0     0 3900.29532    0  826 3948.16801 3900.29532  1.21%     -   80s
     0     0 3900.29532    0  826 3948.16801 3900.29532  1.21%     -   80s
     0     0 3900.29532    0  681 3948.16801 3900.29532  1.21%     -   82s
     0     0 3900.48349    0  753 3948.16801 3900.48349  1.21%     -   84s
     0     0 3900.49101    0  752 3948.16801 3900.49101  1.21%     -   85s
     0     0 3900.49101    0  754 3948.16801 3900.49101  1.21%     -   87s
     0     0 3900.52701    0  757 3948.16801 3900.52701  1.21%     -   88s
     0     0 3900.52701    0  757 3948.16801 3900.52701  1.21%     -   88s
     0     0 3900.52701    0  672 3948.16801 3900.52701  1.21%     -   89s
     0     2 3900.52701    0  672 3948.16801 3900.52701  1.21%     -   90s
H    6     8                    3948.1667662 3900.53838  1.21%  2290   93s
     7    16 3906.11806    3  610 3948.16677 3900.53838  1.21%  1997   96s
    15    28 3906.38080    4  575 3948.16677 3900.54170  1.21%  1826  102s
    27    40 3906.80004    5  757 3948.16677 3900.87488  1.20%  3191  107s
    39    60 3906.80004    6  746 3948.16677 3900.87488  1.20%  3185  113s
H   43    60                    3928.6160119 3900.87488  0.71%  2950  113s
    59    81 3906.85194    7  769 3928.61601 3900.87488  0.71%  2568  118s
H   62    81                    3926.6669717 3900.87488  0.66%  2485  118s
    80   110 3912.02064    9  694 3926.66697 3900.87488  0.66%  2410  124s
H   81   110                    3919.1666655 3900.87488  0.47%  2381  124s
   109   136 3907.95601    9  879 3919.16667 3900.87488  0.47%  2046  135s
   135   150 3913.10157   11  806 3919.16667 3900.87488  0.47%  2408  143s
   149   164 3909.21885   11  589 3919.16667 3900.87488  0.47%  2561  147s
   163   189 3910.66567   12  494 3919.16667 3900.87488  0.47%  2581  153s
   188   212 3911.01989   13  466 3919.16667 3900.87488  0.47%  2561  159s
   211   224 3914.23575   15  478 3919.16667 3900.87488  0.47%  2539  165s
   223   237 3912.31874   16  612 3919.16667 3900.87488  0.47%  2514  173s
H  232   237                    3915.7221566 3900.87488  0.38%  2508  173s
   236   256     cutoff   16      3915.72216 3900.87488  0.38%  2491  181s
   273   263 3913.10739   19  543 3915.72216 3900.87488  0.38%  2316  188s
   312   277 3915.30902   22  317 3915.72216 3900.87492  0.38%  2180  195s
H  326   277                    3915.6736653 3900.88048  0.38%  2120  195s
   339   289 3902.60296    6  818 3915.67367 3900.88048  0.38%  2153  201s
   363   311 3903.16126    7  856 3915.67367 3900.88048  0.38%  2147  208s
   385   332 3904.95757    8  688 3915.67367 3900.88048  0.38%  2155  216s
H  389   332                    3915.4726659 3900.88048  0.37%  2147  216s
   414   344 3905.53843    9  603 3915.47267 3900.88048  0.37%  2122  230s
H  417   344                    3915.3937057 3900.88048  0.37%  2120  230s
H  418   344                    3914.1973321 3900.88048  0.34%  2115  230s
   426   372 3907.41716   10  488 3914.19733 3900.88048  0.34%  2122  236s
   460   409 3909.74714   12  318 3914.19733 3900.88048  0.34%  2084  241s
H  496   409                    3912.8163561 3900.88048  0.31%  2012  241s
   503   408     cutoff   16      3912.81636 3900.88048  0.31%  2023  250s
   550   436 3911.21162   16  276 3912.81636 3900.95164  0.30%  1978  258s
   582   460 3912.30535   24  182 3912.81636 3900.95164  0.30%  1989  267s
H  591   460                    3912.8163486 3900.95164  0.30%  1962  267s
   624   517     cutoff   31      3912.81635 3900.95164  0.30%  1946  274s
   687   523     cutoff   40      3912.81635 3900.97513  0.30%  1856  283s
   721   541 3905.56368    6  655 3912.81635 3901.78701  0.28%  1837  294s
   739   556 3906.39019    7  577 3912.81635 3901.78701  0.28%  1835  305s
H  741   556                    3912.6200053 3901.78701  0.28%  1832  305s
   761   640 3908.12306    9  504 3912.62001 3901.78701  0.28%  1834  312s
   870   709 3911.22452   12  346 3912.62001 3902.11452  0.27%  1668  319s
   971   752 3912.32286   16  304 3912.62001 3902.11452  0.27%  1546  326s
  1086   768 3912.60886   21  199 3912.62001 3902.37192  0.26%  1437  335s
* 1139   745              84    3912.0232597 3902.37192  0.25%  1398  335s
* 1202   745              83    3911.3956640 3902.37192  0.23%  1336  335s
  1238   630 3909.03052    9  593 3911.39566 3902.37192  0.23%  1330  343s
  1292   652 3909.96278   11  362 3911.39566 3903.19019  0.21%  1340  353s
  1358   689     cutoff    9      3911.39566 3903.52184  0.20%  1335  360s
  1454   694 3908.98150   12  561 3911.39566 3903.52184  0.20%  1300  369s
  1581   681 3910.04544   13  439 3911.39566 3903.52184  0.20%  1245  378s
* 1605   681              66    3911.3833546 3903.95661  0.19%  1235  378s
* 1606   681              66    3911.3656833 3903.95661  0.19%  1235  378s
  1701   681 3910.15151   16  430 3911.36568 3904.24119  0.18%  1208  387s
* 1762   681              97    3911.2545982 3904.24119  0.18%  1191  387s
  1797   664 3910.68124   22  319 3911.25460 3904.44829  0.17%  1190  398s
* 1857   664              97    3911.2145471 3904.44829  0.17%  1180  398s
  1907   635 3910.92292   12  589 3911.21455 3904.44829  0.17%  1177  408s
  1986   629     cutoff   14      3911.21455 3904.44829  0.17%  1183  429s
H 1991   629                    3911.2093808 3904.44829  0.17%  1182  429s
  2014   630 3907.63545   10  565 3911.20938 3904.52528  0.17%  1188  445s
  2037   631 3907.89113   11  552 3911.20938 3904.52528  0.17%  1193  462s
  2092   635 3909.55997   12  425 3911.20938 3904.88681  0.16%  1195  480s
  2143   636     cutoff   13      3911.20938 3904.94928  0.16%  1198  499s
  2210   632     cutoff   10      3911.20938 3905.36958  0.15%  1207  519s
  2289   625 3909.15879   12  403 3911.20938 3905.68548  0.14%  1215  538s
  2344   627 3910.46440   13  345 3911.20938 3905.87243  0.14%  1225  555s
  2406   618 3911.01191   14  345 3911.20938 3905.87243  0.14%  1230  573s
  2485   617     cutoff   14      3911.20938 3905.87243  0.14%  1228  593s
  2550   606     cutoff    8      3911.20938 3906.60834  0.12%  1245  613s
  2624   593     cutoff    9      3911.20938 3906.67439  0.12%  1252  630s
  2729   571 3908.74313   11  618 3911.20938 3906.82746  0.11%  1251  647s
  2839   540     cutoff   12      3911.20938 3907.44368  0.10%  1259  666s
  3005   533     cutoff    8      3911.20938 3907.97640  0.08%  1253  686s
  3091   578     cutoff   12      3911.20938 3908.13340  0.08%  1256  703s
  3330   600 3910.43514   15  265 3911.20938 3908.61638  0.07%  1220  722s
* 3413   600              99    3911.2078971 3908.96488  0.06%  1201  722s
* 3464   600              94    3911.2073813 3908.96512  0.06%  1185  722s
  3688   705     cutoff   18      3911.20738 3909.33839  0.05%  1156  742s
  4127   820 3911.20009   62   32 3911.20738 3909.68159  0.04%  1080  763s
* 4153   820              88    3911.2000916 3909.68159  0.04%  1074  763s
* 4602   820              92    3911.1993047 3909.97023  0.03%   995  763s
H 4816   530                    3911.1993016 3909.98190  0.03%   963  792s
H 4816   529                    3911.1991976 3909.98190  0.03%   963  792s
  4817   519 3911.03433   25  672 3911.19920 3909.98190  0.03%   963  849s
  4819   520 3910.83364   19 1140 3911.19920 3909.98190  0.03%   963  911s
  4822   522 3910.61568   26 1219 3911.19920 3909.98190  0.03%   962  916s
  4825   524 3910.90497   25  935 3911.19920 3909.98190  0.03%   962  974s
  4826   525 3910.50750   23  935 3911.19920 3909.98190  0.03%   961  982s
  4827   529 3909.98190   15 1034 3911.19920 3909.98190  0.03%  1003  987s
  4833   539 3909.98190   17 1390 3911.19920 3909.98190  0.03%  1006  994s
  4841   540 3909.98190   18 1077 3911.19920 3909.98190  0.03%  1012  998s
  4853   555 3909.98190   19 1052 3911.19920 3909.98190  0.03%  1015 1003s
  4878   561 3909.98190   20  965 3911.19920 3909.98190  0.03%  1022 1009s
  4894   571 3909.98190   21 1083 3911.19920 3909.98190  0.03%  1024 1013s
  4926   569 3909.98190   22 1129 3911.19920 3909.98190  0.03%  1028 1022s
  4948   569 3909.98190   22  979 3911.19920 3909.98190  0.03%  1028 1031s
  4973   567 3909.98190   23 1139 3911.19920 3909.98190  0.03%  1032 1036s
  5003   559 3909.98190   24  983 3911.19920 3909.98190  0.03%  1037 1040s
  5034   560     cutoff   25      3911.19920 3909.98190  0.03%  1039 1045s
  5099   554 3910.68809   30  791 3911.19920 3909.98190  0.03%  1041 1054s
  5129   554 3910.73321   31  830 3911.19920 3909.98190  0.03%  1044 1059s
  5157   553 3910.75980   34  827 3911.19920 3909.98190  0.03%  1045 1065s
  5243   537 3911.15147   40  690 3911.19920 3909.98190  0.03%  1042 1072s
  5300   515     cutoff   44      3911.19920 3909.98190  0.03%  1038 1076s
  5353   512     cutoff   25      3911.19920 3909.98190  0.03%  1036 1081s
  5382   505 3911.11013   23  768 3911.19920 3909.98190  0.03%  1037 1085s
  5423   492     cutoff   22      3911.19920 3909.98190  0.03%  1039 1091s
  5492   491 3911.07706   37  611 3911.19920 3909.98190  0.03%  1034 1097s
  5560   493 3911.05626   37  568 3911.19920 3909.98190  0.03%  1030 1102s
  5671   510 3910.79369   38  551 3911.19920 3909.98190  0.03%  1018 1107s
  5767   526 3911.04050   48  501 3911.19920 3909.98190  0.03%  1006 1111s
  5873   500 3910.59208   31  666 3911.19920 3909.98190  0.03%   995 1126s
  5888   542 3910.68599   32  638 3911.19920 3909.98190  0.03%   993 1135s
H 5898   512                    3911.1974828 3909.98190  0.03%   991 1135s
  5948   571 3910.87257   36  610 3911.19748 3909.98190  0.03%   984 1140s
  6089   625 3910.40493   33  582 3911.19748 3909.98190  0.03%   967 1145s
  6244   684 3910.64113   39  455 3911.19748 3909.98190  0.03%   947 1151s
  6412   780 3911.19311   41  412 3911.19748 3909.98190  0.03%   927 1157s
  6600   933 3910.37203   32  676 3911.19748 3910.09589  0.03%   906 1173s
  6776  1080 3910.73697   38  607 3911.19748 3910.09589  0.03%   884 1190s
  6979  1231     cutoff   29      3911.19748 3910.09589  0.03%   862 1209s
  7174  1372 3910.47900   37  617 3911.19748 3910.13216  0.03%   842 1229s
* 7190  1051             303    3911.1595149 3910.13216  0.03%   841 1229s
* 7191  1029             303    3911.1588582 3910.13216  0.03%   841 1229s
* 7207   898             303    3911.1585416 3910.13216  0.03%   839 1229s
* 7208   892             303    3911.1578849 3910.13216  0.03%   839 1229s
  7410   783 3910.46639   30  627 3911.15788 3910.13216  0.03%   819 1239s
  7448   890 3910.46639   31  634 3911.15788 3910.20896  0.02%   816 1249s
  7711  1091 3911.15158   68  419 3911.15788 3910.20896  0.02%   795 1259s
  8045  1348 3911.15158  128  361 3911.15788 3910.20896  0.02%   771 1271s
  8432  1838 3911.15158  188  241 3911.15788 3910.21007  0.02%   742 1286s
  9012  2247 3911.15158  253  117 3911.15788 3910.21007  0.02%   697 1299s
* 9286  1083             331    3911.1515817 3910.21007  0.02%   676 1299s
  9532   794     cutoff  322      3911.15158 3910.30913  0.02%   661 1309s
  9851   956 3910.77508   37  605 3911.15158 3910.30913  0.02%   646 1318s
*10081   881             292    3911.1250718 3910.30913  0.02%   635 1318s
 10248  1002 3910.64016   46  450 3911.12507 3910.30913  0.02%   627 1328s
*10365   909             282    3911.1230577 3910.30913  0.02%   621 1328s
 10704   647 3910.64113   40  455 3911.12306 3910.30913  0.02%   605 1336s
 10890   648     cutoff   43      3911.12306 3910.41102  0.02%   603 1346s
 11096   651 3911.11088   41  478 3911.12306 3910.42896  0.02%   600 1355s
 11298   605 3911.01549   42  471 3911.12306 3910.44185  0.02%   597 1364s
 11529   605 3911.10077   39  417 3911.12306 3910.46639  0.02%   595 1374s
 11777   609     cutoff   49      3911.12306 3910.46757  0.02%   590 1384s
 12002   611 3910.85377   43  608 3911.12306 3910.50336  0.02%   588 1399s
 12032   600 3910.92763   44  569 3911.12306 3910.50336  0.02%   588 1412s
 12229   574 3910.90092   45  572 3911.12306 3910.50336  0.02%   585 1424s
 12550   558     cutoff   44      3911.12306 3910.55860  0.01%   579 1436s
 12866   533     cutoff   48      3911.12306 3910.62126  0.01%   575 1449s
 13251   555     cutoff   47      3911.12306 3910.65012  0.01%   568 1463s
 13666   509     cutoff   36      3911.12306 3910.73686  0.01%   560 1480s

Cutting planes:
  Gomory: 3
  Implied bound: 10
  MIR: 7
  Flow cover: 127
  Relax-and-lift: 20

Explored 14175 nodes (7968909 simplex iterations) in 1481.35 seconds (1706.67 work units)
Thread count was 24 (of 24 available processors)

Solution count 10: 3911.12 3911.13 3911.15 ... 3911.2

Optimal solution found (tolerance 1.00e-04)
Best objective 3.911123057746e+03, best bound 3.910793692308e+03, gap 0.0084%
