
Cluster assignments:
Cluster 0 (represented by Day 25): [ 1 12 17 21 25 26 27 28]... (total 8 days)
Cluster 1 (represented by Day 4): [ 2  3  4  5  6  7  8  9 10 11]... (total 23 days)
[reserve] pi_res = 56 EUR/MW.h (daily mean of fcrn_dk2_56 hourly prices), 1h blocks
[reserve] c_min_G = 0.15 (electrolyzer min load / els_cap); literature 0.1-0.16 -> OK
[reserve] c_sb_G = 0.01 (electrolyzer standby draw / els_cap); literature 0.025-0.05 -> OUT OF RANGE
✓ spring  :  92 days | Mean: 1 MWh | RMSE range: 0.0-0.2 MWh
✓ summer  :  92 days | Mean: 1 MWh | RMSE range: 0.0-0.3 MWh
✓ fall    :  91 days | Mean: 1 MWh | RMSE range: 0.0-0.2 MWh
✓ winter  :  90 days | Mean: 1 MWh | RMSE range: 0.0-0.1 MWh

=== 30p_reserve_peak_day9_S20_seed0_grb_direct-gurobi_kl0.0960365_dual_ndw_rsc0.303571_main: n=30, |T|=24, |Omega|=20 ===

[1] extensive form (DP_N^Omega)
Set parameter Username
Set parameter LicenseID to value 2742039
Academic license - for non-commercial use only - expires 2026-11-20
Set parameter OutputFlag to value 1
Set parameter LogToConsole to value 0
  obj 3607.172874  status timelimit  gap 4.51e-04  1800.6s  vars 172124
  KL r=0.0960365: worst case 3607.172874 vs expected 3430.112792; 1 MILP solve(s); rho* 0.069 0.073 0.040 0.074 0.060 0.037 0.022 0.045 0.051 0.089 0.040 0.104 0.045 0.023 0.018 0.040 0.037 0.027 0.053 0.051 (KL 0.0960)
    round 1: MIPGap 1e-04  1800.4s  11709 nodes  psi-bound 4.51e-04  psi-incumbent 1.11e-04

[2] column generation (DWR_N^Omega)
  seed columns: largest carrier-row residual 1.24e-14 (repaired)
  CG   16 | RMP     2885.8214 | LB     2897.2993 | UB           inf | a 1.00 std      | min rc  0.0000e+00 | +0  [round] | lp 0.15s solver 0.14s 1061 it 13233 cols 230140 nz
  -- penalty round 1: eps 0.2 delta 0.2 RMP 2885.8214 LB 2897.2993 UB 3607.1729 gap 1.97e-01 [round] 17s
  CG   25 | RMP     3594.5086 | LB     3310.3519 | UB     3607.1729 | a 0.10 smooth   | min rc -1.3839e+01 | +89 | lp 0.38s solver 0.36s 2248 it 14930 cols 332497 nz
  CG   50 | RMP     3585.9763 | LB     3567.5774 | UB     3607.1729 | a 0.10 smooth   | min rc -5.5899e+00 | +101 | lp 0.97s solver 0.95s 3298 it 18063 cols 497914 nz
  CG   59 | RMP     3583.2193 | LB     3582.2839 | UB     3607.1729 | a 1.00 std      | min rc  0.0000e+00 | +0  [round] | lp 1.13s solver 1.10s 3694 it 19124 cols 557358 nz
  -- penalty round 2: eps 0.05 delta 0.05 RMP 3583.2193 LB 3582.2839 UB 3607.1729 gap 6.90e-03 [round] 187s
  CG   75 | RMP     3601.0791 | LB     3594.9001 | UB     3607.1729 | a 0.10 smooth   | min rc -1.7949e+00 | +57 | lp 1.51s solver 1.48s 4118 it 20175 cols 601555 nz
  CG   93 | RMP     3599.9992 | LB     3599.8356 | UB     3607.1729 | a 1.00 std      | min rc  0.0000e+00 | +0  [round] | lp 1.25s solver 1.22s 3014 it 21417 cols 657485 nz
  -- penalty round 3: eps 0.0125 delta 0.0125 RMP 3599.9992 LB 3599.8356 UB 3607.1729 gap 2.03e-03 [round] 351s
  CG  100 | RMP     3602.0067 | LB     3600.5285 | UB     3607.1729 | a 0.10 smooth   | min rc -4.0168e-01 | +33 | lp 2.51s solver 2.47s 5943 it 22301 cols 706575 nz
  CG  119 | RMP     3601.7828 | LB     3601.5589 | UB     3607.1729 | a 1.00 std      | min rc  0.0000e+00 | +0  [round] | lp 0.56s solver 0.53s 1258 it 23337 cols 748612 nz
  -- penalty round 4: eps 0.00313 delta 0.00313 RMP 3601.7828 LB 3601.5589 UB 3607.1729 gap 1.56e-03 [round] 483s
  CG  124 | RMP     3601.9131 | LB     3601.6668 | UB     3607.1729 | a 1.00 std      | min rc  0.0000e+00 | +0  [round] | lp 1.39s solver 1.35s 3301 it 23278 cols 743261 nz
  -- penalty round 5: eps 0.000781 delta 0.000781 RMP 3601.9131 LB 3601.6668 UB 3607.1729 gap 1.53e-03 [round] 512s
  CG  125 | RMP     3601.9304 | LB     3601.6888 | UB     3607.1729 | a 0.10 smooth   | min rc -4.6712e-02 | +7 | lp 6.22s solver 6.19s 16814 it 23278 cols 743261 nz
  CG  126 | RMP     3601.9234 | LB     3601.6888 | UB     3607.1729 | a 1.00 std      | min rc  0.0000e+00 | +0  [round] | lp 2.92s solver 2.89s 6548 it 23381 cols 748322 nz
  -- penalty round 6: eps 0.000195 delta 0.000195 RMP 3601.9234 LB 3601.6888 UB 3607.1729 gap 1.52e-03 [round] 526s
  CG  127 | RMP     3601.9282 | LB     3601.6888 | UB     3601.9382 | a 1.00 std      | min rc  0.0000e+00 | +0  [done] | lp 0.92s solver 0.88s 2284 it 23381 cols 748322 nz
  -- penalty round 7: eps 0 delta 0 RMP 3601.9282 LB 3601.6888 UB 3601.9382 gap 6.92e-05 [done] 527s
  obj 3601.938228  LB 3601.688773  gap 6.92e-05  iters 127  527.2s  rounds 7  status optimal
  KL r=0.0960365: 980 tangent planes; rho* 0.070 0.073 0.040 0.075 0.060 0.037 0.021 0.044 0.053 0.087 0.040 0.105 0.045 0.023 0.018 0.040 0.038 0.026 0.053 0.052 (KL 0.0960)
  time: master LP 158.3s  pricing 361.6s (58320 MILPs, 8 worker(s))

[3] robust Owen allocation
  omega_LR,rob 5.478995  eps_LR 0.182633  certified [3.606439, 5.484101]
  EF slack 1.6282 = 30% of the reported omega  (> 10%: use --table for a table run)
  checks: budget 0.00e+00  duality -5.11e-03  pricing 0.00e+00

[4] stand-alone values val(DP_{j}^Omega)
   player         Owen        E[x*]        alone       chi^LR
       u1    1794.4628    1794.2802    1144.0806     650.1996
       u2      33.3473      33.1646      -0.0000      33.1646
       u3     523.2766     523.0940     260.7559     262.3381
       u4    -823.4175    -823.6001    -856.0723      32.4722
       u5    -411.5346    -411.7173    -524.7101     112.9929
       u6   -1067.8896   -1068.0722   -1186.4177     118.3455
       u7     458.7062     458.5235     293.5817     164.9418
       u8      44.0848      43.9022      -0.0000      43.9022
       u9     529.0768     528.8941     260.7559     268.1382
      u10     948.5695     948.3868     719.9411     228.4457
      u11     106.4991     106.3165      91.4966      14.8199
      u12    -693.4233    -693.6059    -735.5071      41.9012
      u13    -397.9151    -398.0977    -507.8059     109.7082
      u14    -898.9713    -899.1539    -980.5761      81.4222
      u15   -1849.3727   -1849.5553   -1984.7189     135.1636
      u16    1353.8128    1353.6302     834.2823     519.3479
      u17     462.3260     462.1433     250.7101     211.4332
      u18      60.7414      60.5588      -0.0000      60.5588
      u19       0.0084      -0.1743      -0.0000      -0.1743
      u20     529.0768     528.8941     260.7559     268.1382
      u21     194.4047     194.2221     150.4569      43.7653
      u22     159.7488     159.5661     137.2449      22.3212
      u23    -714.9427    -715.1253    -786.7962      71.6709
      u24    -922.4998    -922.6824    -977.6153      54.9329
      u25    -799.2739    -799.4566    -849.8931      50.4366
      u26    -104.6933    -104.8759    -235.5819     130.7060
      u27    -202.0286    -202.2113    -256.3062      54.0949
      u28    -915.5756    -915.7582   -1001.8629      86.1047
      u29    -681.9166    -682.0992    -739.4788      57.3796
      u30    -316.3812    -316.5639    -352.4264      35.8626

wrote ieee_owen\weak_eps_experiment\stochastic\main17_xi\30p_reserve_peak_day9_S20_seed0_grb_direct-gurobi_kl0.0960365_dual_ndw_rsc0.303571_main.json
