
Gurobi 13.0.1 (win64) logging started Wed Oct  7 21:21:29 2026

Set parameter LogFile to value "ieee_owen\weak_eps_experiment\stochastic\main17_xi\logs\n30_S20_day2_ef_gurobi.log"
Set parameter NodefileStart to value 3
Set parameter MIPGap to value 0.0001
Gurobi Optimizer version 13.0.1 build v13.0.1rc0 (win64 - Windows 10.0 (19045.2))

CPU model: AMD Ryzen 9 5900X 12-Core Processor, instruction set [SSE2|AVX|AVX2]
Thread count: 12 physical cores, 24 logical processors, using up to 24 threads

Non-default parameters:
TimeLimit  1800
NodefileStart  3
LogToConsole  0

Optimize a model with 171932 rows, 172166 columns and 734890 nonzeros (Min)
Model fingerprint: 0xd7e26404
Model has 22 linear objective coefficients
Variable types: 145046 continuous, 27120 integer (27120 binary)
Coefficient statistics:
  Matrix range     [3e-04, 2e+02]
  Objective range  [5e-02, 1e+00]
  Bounds range     [1e-02, 6e+01]
  RHS range        [7e-02, 2e+01]

Presolve removed 76124 rows and 62188 columns
Presolve time: 1.62s
Presolved: 95808 rows, 109978 columns, 377909 nonzeros
Variable types: 85496 continuous, 24482 integer (24481 binary)
Found heuristic solution: objective 5635.2276934
Deterministic concurrent LP optimizer: primal and dual simplex
Showing primal log only...


Root simplex log...

Iteration    Objective       Primal Inf.    Dual Inf.      Time
   19086    8.0163138e+03   0.000000e+00   7.593484e+05      5s
   36306    7.7458131e+03   0.000000e+00   6.645399e+05     10s
   49697    7.6472087e+03   0.000000e+00   6.320160e+06     15s
   62441    7.5322782e+03   0.000000e+00   5.496982e+05     20s
   73359    7.4517234e+03   0.000000e+00   2.924431e+05     25s
   82865    7.3650907e+03   0.000000e+00   3.124821e+05     30s
Concurrent spin time: 0.02s

Solved with dual simplex

Root simplex log...

Iteration    Objective       Primal Inf.    Dual Inf.      Time
  134004    4.2599716e+03   0.000000e+00   0.000000e+00     34s

Root relaxation: objective 4.259972e+03, 134004 iterations, 32.10 seconds (40.41 work units)

    Nodes    |    Current Node    |     Objective Bounds      |     Work
 Expl Unexpl |  Obj  Depth IntInf | Incumbent    BestBd   Gap | It/Node Time

     0     0 4259.97159    0  697 5635.22769 4259.97159  24.4%     -   35s
H    0     0                    4307.8508904 4259.97159  1.11%     -   39s
H    0     0                    4279.9057150 4259.97159  0.47%     -   41s
     0     0 4260.09197    0  713 4279.90571 4260.09197  0.46%     -   43s
     0     0 4260.17904    0  711 4279.90571 4260.17904  0.46%     -   46s
     0     0 4260.28096    0  685 4279.90571 4260.28096  0.46%     -   48s
H    0     0                    4277.6829701 4260.28096  0.41%     -   50s
     0     0 4260.28096    0  685 4277.68297 4260.28096  0.41%     -   50s
     0     0 4260.30674    0  783 4277.68297 4260.30674  0.41%     -   53s
     0     0 4260.30674    0  811 4277.68297 4260.30674  0.41%     -   57s
     0     0 4260.30679    0  737 4277.68297 4260.30679  0.41%     -   60s
     0     0 4260.41028    0  736 4277.68297 4260.41028  0.40%     -   63s
     0     0 4260.41028    0  731 4277.68297 4260.41028  0.40%     -   64s
     0     0 4260.41028    0  730 4277.68297 4260.41028  0.40%     -   66s
     0     0 4260.41028    0  725 4277.68297 4260.41028  0.40%     -   67s
     0     0 4260.41028    0  554 4277.68297 4260.41028  0.40%     -   68s
     0     0 4260.41028    0  555 4277.68297 4260.41028  0.40%     -   69s
     0     0 4260.41028    0  562 4277.68297 4260.41028  0.40%     -   70s
     0     0 4260.41028    0  551 4277.68297 4260.41028  0.40%     -   71s
H    0     0                    4277.3647282 4260.41028  0.40%     -   73s
     0     0 4260.41917    0  552 4277.36473 4260.41917  0.40%     -   73s
     0     0 4260.41917    0  555 4277.36473 4260.41917  0.40%     -   74s
     0     0 4260.41917    0  542 4277.36473 4260.41917  0.40%     -   75s
     0     0 4260.42905    0  541 4277.36473 4260.42905  0.40%     -   75s
     0     0 4260.42905    0  541 4277.36473 4260.42905  0.40%     -   76s
     0     0 4260.42905    0  541 4277.36473 4260.42905  0.40%     -   76s
     0     2 4260.42905    0  541 4277.36473 4260.42905  0.40%     -   78s
     7    16 4262.14269    3  550 4277.36473 4260.42905  0.40%   579   81s
    27    61 4262.14610    5  524 4277.36473 4260.57886  0.39%   778   86s
H   30    61                    4277.0981093 4260.57886  0.39%   746   86s
    84   107 4263.25361    9  811 4277.09811 4260.58485  0.39%   735   91s
H  115   125                    4266.5646307 4260.58485  0.14%   872   94s
   124   147 4265.51862   10  474 4266.56463 4260.58485  0.14%   896   97s
   154   181     cutoff   11      4266.56463 4260.58485  0.14%   951  101s
   204   218 4266.39275   14  487 4266.56463 4260.61623  0.14%   922  105s
   299   276 4262.02238   10  809 4266.56463 4260.61623  0.14%   847  110s
   398   364 4264.86721   12  615 4266.56463 4260.61623  0.14%   794  115s
   509   470 4265.37423   18  300 4266.56463 4260.64444  0.14%   734  121s
   654   606 4265.73347   28  165 4266.56463 4260.64444  0.14%   635  126s
   821   779 4265.74378   41   93 4266.56463 4260.64444  0.14%   543  130s
  1045  1040 4265.74378   62   67 4266.56463 4260.64444  0.14%   455  137s
  1340  1357 4265.74378   91   37 4266.56463 4260.66394  0.14%   373  142s
* 1412  1267             137    4266.5104615 4260.66394  0.14%   357  142s
* 1440  1071             141    4265.8630105 4260.66394  0.12%   351  142s
  1539  1179 4265.74378  105   12 4265.86301 4260.66394  0.12%   331  145s
* 1551   977             117    4265.7437814 4260.66394  0.12%   328  145s
* 1718   797             136    4265.3854878 4260.66394  0.11%   305  145s
* 1746   670             117    4265.2455003 4260.66394  0.11%   304  148s
  1789   645 4264.17910    9  554 4265.24550 4260.66394  0.11%   313  151s
  1846   689 4264.17910   10  465 4265.24550 4260.66394  0.11%   328  156s
  2012   724     cutoff   15      4265.24550 4260.66394  0.11%   328  163s
  2125   711 4264.96804   16  253 4265.24550 4260.66394  0.11%   322  166s
H 2175   711                    4265.2204387 4260.66394  0.11%   325  166s
H 2188   711                    4265.1324059 4260.66394  0.10%   323  166s
H 2208   514                    4265.1211732 4260.66394  0.10%   325  179s
H 2208   514                    4265.1211709 4260.66394  0.10%   325  179s
H 2208   514                    4265.1211534 4260.66394  0.10%   325  179s
  2209   503 4264.76254   13  541 4265.12115 4260.66394  0.10%   325  213s
  2211   504 4264.60421   14 1281 4265.12115 4260.66394  0.10%   325  259s
  2212   505 4264.73986   20  878 4265.12115 4260.66394  0.10%   325  268s
  2214   506 4264.99952   36  855 4265.12115 4260.66394  0.10%   324  272s
  2215   507 4265.10557   21  878 4265.12115 4260.66394  0.10%   324  278s
  2217   508 4264.84003   19  910 4265.12115 4260.66394  0.10%   324  282s
  2218   509 4264.76170   12  734 4265.12115 4260.66394  0.10%   324  288s
  2219   510 4264.90162   21  771 4265.12115 4260.66394  0.10%   323  290s
  2220   510 4265.05267   13  783 4265.12115 4260.66394  0.10%   323  295s
  2222   512 4264.69691   15  670 4265.12115 4260.66394  0.10%   323  304s
  2223   512 4265.00027   47  806 4265.12115 4260.66394  0.10%   323  306s
  2224   513 4261.46269   10  773 4265.12115 4260.66394  0.10%   323  311s
  2226   514 4264.84899   25  687 4265.12115 4260.66394  0.10%   322  319s
  2227   515 4264.48640   14  730 4265.12115 4260.66394  0.10%   322  321s
  2228   516 4264.92842   16  763 4265.12115 4260.66394  0.10%   322  326s
  2230   517 4264.15920    9  898 4265.12115 4260.66394  0.10%   322  333s
  2231   518 4265.08814   18  927 4265.12115 4260.66394  0.10%   322  336s
  2232   518 4264.83812   25  852 4265.12115 4260.66394  0.10%   322  341s
  2233   519 4264.90995   12  834 4265.12115 4260.66394  0.10%   321  377s
  2234   520 4264.57479   11  834 4265.12115 4260.66394  0.10%   321  383s
  2235   523 4260.98157   10 1023 4265.12115 4260.66394  0.10%   418  385s
  2241   526 4263.71479   12  715 4265.12115 4261.07942  0.09%   421  390s
  2256   532 4263.72502   14  776 4265.12115 4263.72502  0.03%   423  397s
  2266   556 4263.79786   15  806 4265.12115 4263.72858  0.03%   424  402s
  2301   561 4264.44136   17  569 4265.12115 4263.77659  0.03%   425  406s
  2359   559 4264.11487   19  589 4265.12115 4263.78854  0.03%   424  415s
  2383   563 4264.02183   19  587 4265.12115 4263.78854  0.03%   424  421s
  2404   558 4264.15014   20  565 4265.12115 4263.78854  0.03%   424  426s
  2463   549     cutoff   23      4265.12115 4263.79786  0.03%   424  431s
  2519   550 4264.69951   25  595 4265.12115 4263.79786  0.03%   423  436s
  2581   535 4264.86098   29  613 4265.12115 4263.80373  0.03%   419  441s
  2655   517     cutoff   33      4265.12115 4263.87258  0.03%   415  448s
  2698   514     cutoff   34      4265.12115 4263.96922  0.03%   414  452s
  2742   511 4264.19441   23  578 4265.12115 4263.96922  0.03%   415  460s
  2796   505 4264.47926   25  683 4265.12115 4263.96922  0.03%   413  465s
  2871   514 4264.86098   31  575 4265.12115 4264.15372  0.02%   412  474s
  2987   492 4264.57309   17  475 4265.12115 4264.15372  0.02%   408  482s
  3076   496 4264.70587   21  399 4265.12115 4264.15982  0.02%   411  491s
  3189   474 4264.78458   27  246 4265.12115 4264.16090  0.02%   407  499s
H 3312   414                    4265.1142852 4264.16090  0.02%   401  514s
H 3317   388                    4265.0992858 4264.18125  0.02%   401  514s
  3328   389 4264.82199   34  205 4265.09929 4264.18125  0.02%   400  532s
  3341   391 4264.82461   35  205 4265.09929 4264.18125  0.02%   400  547s
  3353   390 4264.82706   36  223 4265.09929 4264.18125  0.02%   399  561s
H 3423   358                    4265.0948031 4264.18551  0.02%   396  574s
  3502   381 4264.82757   38  211 4265.09480 4264.18551  0.02%   392  586s
  3624   425 4264.85887   66  194 4265.09480 4264.28936  0.02%   385  599s
  3864   579 4264.94244  101  184 4265.09480 4264.31138  0.02%   373  609s
  4158   782 4264.97992  135  154 4265.09480 4264.31138  0.02%   356  617s
  4472  1052 4264.97993  163  114 4265.09480 4264.31138  0.02%   336  625s
  4809  1385 4264.97993  189   80 4265.09480 4264.31138  0.02%   315  633s
  5198  1727 4264.97993  219   42 4265.09480 4264.31339  0.02%   296  643s
* 5242  1019             247    4264.9799345 4264.31339  0.02%   293  643s
  5630   843     cutoff  248      4264.97993 4264.54538  0.01%   276  661s
  6330  1273     cutoff   30      4264.97993 4264.54538  0.01%   262  688s
H 6679  1273                    4264.9587583 4264.59646  0.01%   255  688s
* 6701  1273             254    4264.9585732 4264.59646  0.01%   254  688s

Cutting planes:
  Gomory: 99
  Cover: 9
  Implied bound: 14
  MIR: 173
  Mixing: 11
  Flow cover: 752
  RLT: 1
  Relax-and-lift: 50

Explored 7580 nodes (1917067 simplex iterations) in 689.60 seconds (678.72 work units)
Thread count was 24 (of 24 available processors)

Solution count 10: 4264.96 4264.96 4264.98 ... 4265.12

Optimal solution found (tolerance 1.00e-04)
Best objective 4.264958573233e+03, best bound 4.264601844009e+03, gap 0.0084%
