
Gurobi 13.0.1 (win64) logging started Thu Oct  8 18:05:42 2026

Set parameter LogFile to value "ieee_owen\weak_eps_experiment\stochastic\main17_xi\logs\n30_S20_day15_ef_gurobi.log"
Set parameter NodefileStart to value 3
Set parameter MIPGap to value 0.0001
Gurobi Optimizer version 13.0.1 build v13.0.1rc0 (win64 - Windows 10.0 (19045.2))

CPU model: AMD Ryzen 9 5900X 12-Core Processor, instruction set [SSE2|AVX|AVX2]
Thread count: 12 physical cores, 24 logical processors, using up to 24 threads

Non-default parameters:
TimeLimit  1800
NodefileStart  3
LogToConsole  0

Optimize a model with 171932 rows, 172166 columns and 734890 nonzeros (Min)
Model fingerprint: 0x31e1ed8b
Model has 22 linear objective coefficients
Variable types: 145046 continuous, 27120 integer (27120 binary)
Coefficient statistics:
  Matrix range     [3e-04, 2e+02]
  Objective range  [5e-02, 1e+00]
  Bounds range     [1e-02, 6e+01]
  RHS range        [6e-02, 2e+01]

Presolve removed 76114 rows and 62174 columns
Presolve time: 2.23s
Presolved: 95818 rows, 109992 columns, 377884 nonzeros
Variable types: 85507 continuous, 24485 integer (24484 binary)
Found heuristic solution: objective 4917.5747818
Deterministic concurrent LP optimizer: primal and dual simplex
Showing primal log only...


Root simplex log...

Iteration    Objective       Primal Inf.    Dual Inf.      Time
   16619    7.4964509e+03   0.000000e+00   2.161019e+05      5s
   34029    7.1028097e+03   0.000000e+00   5.991969e+05     10s
   46208    6.8880821e+03   0.000000e+00   6.767535e+05     15s
   56933    6.7407605e+03   0.000000e+00   1.645325e+05     20s
   66049    6.6664535e+03   0.000000e+00   3.389576e+05     25s
   75269    6.5863281e+03   0.000000e+00   7.296834e+04     30s
   84491    6.5187666e+03   0.000000e+00   2.701299e+05     35s
   93610    6.4452772e+03   0.000000e+00   2.807904e+05     40s
  101890    6.3958128e+03   0.000000e+00   1.073838e+05     45s
  109900    6.3468446e+03   0.000000e+00   3.115190e+05     50s
  117451    6.3023894e+03   0.000000e+00   5.288998e+04     55s
  123321    6.2688737e+03   0.000000e+00   1.500230e+05     60s
  128551    6.2381233e+03   0.000000e+00   8.934085e+04     65s
  134732    6.2063366e+03   0.000000e+00   1.310781e+05     70s
Concurrent spin time: 0.00s

Solved with dual simplex

Root simplex log...

Iteration    Objective       Primal Inf.    Dual Inf.      Time
  183578    3.5682220e+03   0.000000e+00   0.000000e+00     73s

Root relaxation: objective 3.568222e+03, 183578 iterations, 70.05 seconds (84.70 work units)

    Nodes    |    Current Node    |     Objective Bounds      |     Work
 Expl Unexpl |  Obj  Depth IntInf | Incumbent    BestBd   Gap | It/Node Time

     0     0 3568.22197    0  851 4917.57478 3568.22197  27.4%     -   74s
H    0     0                    3624.3801054 3568.22197  1.55%     -   79s
H    0     0                    3619.9059251 3568.22197  1.43%     -   82s
     0     0 3568.35022    0  918 3619.90593 3568.35022  1.42%     -   87s
H    0     0                    3607.1301987 3568.35022  1.08%     -   89s
     0     0 3568.35022    0  917 3607.13020 3568.35022  1.08%     -   91s
H    0     0                    3600.1723956 3568.35022  0.88%     -   92s
     0     0 3568.40367    0  902 3600.17240 3568.40367  0.88%     -   93s
     0     0 3568.51286    0  901 3600.17240 3568.51286  0.88%     -   95s
     0     0 3568.53273    0  895 3600.17240 3568.53273  0.88%     -   97s
     0     0 3568.53374    0  920 3600.17240 3568.53374  0.88%     -  103s
     0     0 3568.53374    0  920 3600.17240 3568.53374  0.88%     -  103s
     0     0 3568.54145    0  915 3600.17240 3568.54145  0.88%     -  104s
     0     0 3568.54145    0  912 3600.17240 3568.54145  0.88%     -  106s
     0     0 3568.54474    0  912 3600.17240 3568.54474  0.88%     -  107s
     0     0 3568.54474    0  912 3600.17240 3568.54474  0.88%     -  108s
     0     0 3568.54474    0  941 3600.17240 3568.54474  0.88%     -  109s
     0     0 3568.54474    0  939 3600.17240 3568.54474  0.88%     -  110s
     0     0 3568.54474    0  941 3600.17240 3568.54474  0.88%     -  111s
     0     0 3568.54474    0  831 3600.17240 3568.54474  0.88%     -  112s
     0     0 3568.54474    0  831 3600.17240 3568.54474  0.88%     -  114s
     0     0 3568.54474    0  856 3600.17240 3568.54474  0.88%     -  115s
     0     0 3568.54474    0  836 3600.17240 3568.54474  0.88%     -  116s
     0     0 3568.55357    0  836 3600.17240 3568.55357  0.88%     -  117s
     0     0 3568.55357    0  836 3600.17240 3568.55357  0.88%     -  117s
H    0     0                    3578.8785031 3568.55357  0.29%     -  119s
     0     2 3568.55357    0  836 3578.87850 3568.55357  0.29%     -  120s
     7    16 3568.84185    3  733 3578.87850 3568.59802  0.29%  1772  132s
    15    28 3569.11804    4  678 3578.87850 3568.61059  0.29%  3463  140s
    27    44 3569.66839    5  667 3578.87850 3568.96053  0.28%  4258  149s
    43    62 3571.88315    6  579 3578.87850 3568.96053  0.28%  3795  157s
    61    82 3571.26905    6  547 3578.87850 3568.96053  0.28%  3087  165s
    95    76 3571.94601    7  608 3578.87850 3568.96053  0.28%  2585  173s
   129    88 3571.69137    7  688 3578.87850 3569.70570  0.26%  2306  188s
H  130    88                    3578.1240656 3569.70570  0.24%  2289  188s
   141   101 3575.48507    8  495 3578.12407 3569.71110  0.24%  2401  196s
   164   120 3575.67353    9  472 3578.12407 3569.73489  0.23%  2380  204s
   193   141 3575.82988   11  455 3578.12407 3570.03697  0.23%  2296  210s
   220   170 3576.65343   13  508 3578.12407 3570.03697  0.23%  2244  215s
   259   189 3577.82494   16  324 3578.12407 3570.03697  0.23%  2078  220s
   300   207 3577.73368   21  277 3578.12407 3570.68115  0.21%  1942  226s
   328   231 3577.89780   23  269 3578.12407 3570.68115  0.21%  1935  232s
   366   269 3577.94964   27  308 3578.12407 3571.33079  0.19%  1856  235s
   422   273     cutoff   31      3578.12407 3571.33079  0.19%  1668  243s
   481   291 3573.83835    9  577 3578.12407 3571.33079  0.19%  1587  248s
   511   308     cutoff   10      3578.12407 3571.33079  0.19%  1555  253s
   550   326 3576.15958   11  568 3578.12407 3571.69191  0.18%  1534  261s
   606   376 3576.63871   12  492 3578.12407 3571.69191  0.18%  1476  267s
   672   423 3574.89888   11  313 3578.12407 3571.69191  0.18%  1406  272s
   744   432 3576.71874   12  501 3578.12407 3571.72319  0.18%  1318  287s
   759   478 3577.79588   14  657 3578.12407 3571.72319  0.18%  1317  298s
H  775   478                    3577.6141961 3571.72319  0.16%  1294  298s
H  778   478                    3577.6133679 3571.72319  0.16%  1289  298s
   852   485     cutoff   20      3577.61337 3572.31708  0.15%  1234  306s
H  857   485                    3577.5898111 3572.31708  0.15%  1232  306s
H  867   485                    3577.5896290 3572.31708  0.15%  1218  306s
   912   483     cutoff   10      3577.58963 3572.31708  0.15%  1212  313s
   956   487 3576.08771   13  506 3577.58963 3572.32837  0.15%  1210  320s
  1010   494 3576.96456   17  945 3577.58963 3572.32837  0.15%  1203  327s
  1055   495     cutoff   19      3577.58963 3572.32837  0.15%  1211  334s
  1093   502     cutoff   15      3577.58963 3573.47177  0.12%  1226  344s
  1148   535 3575.18194   13  487 3577.58963 3573.57873  0.11%  1233  353s
  1246   566 3576.69465   15  632 3577.58963 3573.78051  0.11%  1194  362s
  1345   559     cutoff   19      3577.58963 3574.64848  0.08%  1155  375s
  1426   611     cutoff   15      3577.58963 3574.72106  0.08%  1141  386s
  1547   608     cutoff   27      3577.58963 3574.72106  0.08%  1094  408s
  1573   618 infeasible   12      3577.58963 3575.16045  0.07%  1090  428s
  1610   618     cutoff   29      3577.58963 3575.16045  0.07%  1078  449s
H 1619   618                    3577.5447734 3575.16045  0.07%  1075  449s
  1639   649 3576.81820   12  532 3577.54477 3575.16045  0.07%  1073  461s
  1806   651 3575.79401    6  757 3577.54477 3575.41882  0.06%  1024  476s
  1957   691     cutoff   16      3577.54477 3575.75206  0.05%   998  501s
  2135   739 3577.07167   29  110 3577.54477 3576.06448  0.04%   954  515s
  2322   758     cutoff   30      3577.54477 3576.27953  0.04%   900  529s
* 2461   758              67    3577.4826385 3576.27953  0.03%   867  529s
  2536   701     cutoff   29      3577.48264 3576.27953  0.03%   849  541s
  2781   785     cutoff   24      3577.48264 3576.43698  0.03%   811  568s
* 2911   776              73    3577.4430452 3576.43698  0.03%   790  568s
  3257   885 3577.02936   27  186 3577.44305 3576.43698  0.03%   768  592s
* 3493   816              71    3577.3451600 3576.43698  0.03%   747  592s
  3773   918     cutoff   26      3577.34516 3576.50639  0.02%   725  627s
* 4031   910              82    3577.3437728 3576.50829  0.02%   704  627s
  4541   735 3576.91827   29  136 3577.34377 3576.54790  0.02%   658  650s
  4875   734     cutoff   30      3577.34377 3576.56757  0.02%   661  676s
  5365   688 3576.70809   21  256 3577.34377 3576.59419  0.02%   644  700s
  5595   664 3577.21387   29  174 3577.34377 3576.65061  0.02%   642  725s
  6135   622 3577.27084   29  266 3577.34377 3576.68002  0.02%   615  748s
  6579   548     cutoff   28      3577.34377 3576.71300  0.02%   609  775s
  7206   432 3576.98652   34  106 3577.34377 3576.83198  0.01%   586  804s
  8059   289 3576.98618   23  287 3577.34377 3576.91931  0.01%   552  834s

Cutting planes:
  Gomory: 36
  Cover: 420
  Implied bound: 891
  Clique: 1
  MIR: 163
  Flow cover: 728
  Network: 25
  RLT: 20
  Relax-and-lift: 78

Explored 9051 nodes (4839883 simplex iterations) in 835.57 seconds (774.69 work units)
Thread count was 24 (of 24 available processors)

Solution count 10: 3577.34 3577.35 3577.44 ... 3578.12

Optimal solution found (tolerance 1.00e-04)
Warning: max bound violation (2.3114e-06) exceeds tolerance
Best objective 3.577343772775e+03, best bound 3.577093474757e+03, gap 0.0070%
