
Cluster assignments:
Cluster 0 (represented by Day 25): [ 1 12 17 21 25 26 27 28]... (total 8 days)
Cluster 1 (represented by Day 4): [ 2  3  4  5  6  7  8  9 10 11]... (total 23 days)
[reserve] pi_res = 56 EUR/MW.h (daily mean of fcrn_dk2_56 hourly prices), 1h blocks
[reserve] c_min_G = 0.15 (electrolyzer min load / els_cap); literature 0.1-0.16 -> OK
[reserve] c_sb_G = 0.01 (electrolyzer standby draw / els_cap); literature 0.025-0.05 -> OUT OF RANGE
✓ spring  :  92 days | Mean: 1 MWh | RMSE range: 0.0-0.2 MWh
✓ summer  :  92 days | Mean: 1 MWh | RMSE range: 0.0-0.3 MWh
✓ fall    :  91 days | Mean: 1 MWh | RMSE range: 0.0-0.2 MWh
✓ winter  :  90 days | Mean: 1 MWh | RMSE range: 0.0-0.1 MWh

=== 30p_reserve_peak_day25_S20_seed0_grb_direct-gurobi_kl0.0960365_dual_ndw_rsc0.303571_main: n=30, |T|=24, |Omega|=20 ===

[1] extensive form (DP_N^Omega)
Set parameter Username
Set parameter LicenseID to value 2742039
Academic license - for non-commercial use only - expires 2026-11-20
Set parameter OutputFlag to value 1
Set parameter LogToConsole to value 0
  obj 4856.752686  status timelimit  gap 7.91e-04  1800.6s  vars 172124
  KL r=0.0960365: worst case 4856.752686 vs expected 4640.512606; 1 MILP solve(s); rho* 0.086 0.020 0.032 0.062 0.037 0.016 0.056 0.040 0.057 0.038 0.052 0.031 0.051 0.049 0.076 0.036 0.046 0.070 0.034 0.113 (KL 0.0960)
    round 1: MIPGap 1e-04  1800.3s  4071 nodes  psi-bound 7.91e-04  psi-incumbent 8.87e-05

[2] column generation (DWR_N^Omega)
  seed columns: largest carrier-row residual 1.31e-14 (repaired)
  CG   17 | RMP     4144.0577 | LB     4157.5573 | UB           inf | a 1.00 std      | min rc  0.0000e+00 | +0  [round] | lp 0.19s solver 0.17s 1358 it 13348 cols 239799 nz
  -- penalty round 1: eps 0.2 delta 0.2 RMP 4144.0577 LB 4157.5573 UB 4856.7527 gap 1.44e-01 [round] 18s
  CG   25 | RMP     4846.8125 | LB     4543.1294 | UB     4856.7527 | a 0.10 smooth   | min rc -8.8204e+00 | +102 | lp 0.22s solver 0.22s 1528 it 14744 cols 334295 nz
  CG   50 | RMP     4839.0971 | LB     4816.3025 | UB     4856.7527 | a 0.10 smooth   | min rc -4.5813e+00 | +73 | lp 0.70s solver 0.68s 2438 it 16809 cols 456641 nz
  CG   66 | RMP     4836.0420 | LB     4835.2726 | UB     4856.7527 | a 1.00 std      | min rc  0.0000e+00 | +0  [round] | lp 1.02s solver 0.99s 3224 it 17702 cols 505557 nz
  -- penalty round 2: eps 0.05 delta 0.05 RMP 4836.0420 LB 4835.2726 UB 4856.7527 gap 4.42e-03 [round] 196s
  CG   75 | RMP     4850.3901 | LB     4840.3574 | UB     4856.7527 | a 0.10 smooth   | min rc -1.1422e+00 | +48 | lp 1.22s solver 1.20s 3667 it 18221 cols 535090 nz
  CG  100 | RMP     4849.1811 | LB     4848.8686 | UB     4856.7527 | a 0.10 smooth   | min rc -5.1025e-01 | +39 | lp 1.23s solver 1.19s 3197 it 20025 cols 621912 nz
  CG  101 | RMP     4849.1510 | LB     4848.8686 | UB     4856.7527 | a 1.00 std      | min rc  0.0000e+00 | +0  [round] | lp 1.25s solver 1.21s 3023 it 19313 cols 574983 nz
  -- penalty round 3: eps 0.0125 delta 0.0125 RMP 4849.1510 LB 4848.8686 UB 4856.7527 gap 1.62e-03 [round] 420s
  CG  123 | RMP     4850.7529 | LB     4850.4850 | UB     4856.7527 | a 1.00 std      | min rc  0.0000e+00 | +0  [round] | lp 0.57s solver 0.56s 1315 it 20655 cols 644183 nz
  -- penalty round 4: eps 0.00313 delta 0.00313 RMP 4850.7529 LB 4850.4850 UB 4856.7527 gap 1.29e-03 [round] 561s
  CG  125 | RMP     4851.0010 | LB     4850.5435 | UB     4856.7527 | a 0.10 smooth   | min rc -5.9154e-03 | +15 | lp 1.08s solver 1.05s 2686 it 20752 cols 650711 nz
  CG  131 | RMP     4850.9750 | LB     4850.7057 | UB     4856.7527 | a 1.00 std      | min rc  0.0000e+00 | +0  [round] | lp 0.67s solver 0.63s 1608 it 20699 cols 650025 nz
  -- penalty round 5: eps 0.000781 delta 0.000781 RMP 4850.9750 LB 4850.7057 UB 4856.7527 gap 1.24e-03 [round] 607s
  CG  134 | RMP     4850.9999 | LB     4850.7300 | UB     4856.7527 | a 1.00 std      | min rc  0.0000e+00 | +0  [round] | lp 0.47s solver 0.45s 1237 it 20932 cols 663154 nz
  -- penalty round 6: eps 0.000195 delta 0.000195 RMP 4850.9999 LB 4850.7300 UB 4856.7527 gap 1.24e-03 [round] 622s
  CG  135 | RMP     4851.0059 | LB     4850.7300 | UB     4851.0115 | a 1.00 std      | min rc  0.0000e+00 | +0  [done] | lp 0.80s solver 0.77s 2076 it 20932 cols 663154 nz
  -- penalty round 7: eps 0 delta 0 RMP 4851.0059 LB 4850.7300 UB 4851.0115 gap 5.80e-05 [done] 623s
  obj 4851.011504  LB 4850.730044  gap 5.80e-05  iters 135  623.4s  rounds 7  status optimal
  KL r=0.0960365: 1000 tangent planes; rho* 0.085 0.020 0.031 0.061 0.037 0.016 0.055 0.039 0.058 0.038 0.052 0.031 0.051 0.049 0.075 0.037 0.046 0.071 0.034 0.114 (KL 0.0960)
  time: master LP 137.6s  pricing 478.5s (62208 MILPs, 8 worker(s))

[3] robust Owen allocation
  omega_LR,rob 6.012831  eps_LR 0.200428  certified [1.899764, 6.022642]
  EF slack 3.8414 = 64% of the reported omega  (> 10%: use --table for a table run)
  checks: budget 0.00e+00  duality -9.81e-03  pricing 0.00e+00

[4] stand-alone values val(DP_{j}^Omega)
   player         Owen        E[x*]        alone       chi^LR
       u1    1148.4240    1148.2235     750.6303     397.5933
       u2      12.5073      12.3069      -0.0000      12.3069
       u3     525.9670     525.7666     268.5307     257.2359
       u4    -768.6949    -768.8954    -794.4216      25.5262
       u5    -390.2138    -390.4142    -520.8996     130.4854
       u6   -1047.6619   -1047.8623   -1160.2740     112.4117
       u7     483.1758     482.9754     306.9249     176.0505
       u8      19.7238      19.5233      -0.0000      19.5233
       u9     532.6190     532.4185     268.5307     263.8878
      u10     600.5131     600.3126     441.3359     158.9767
      u11     103.7218     103.5214      90.5938      12.9276
      u12    -674.7914    -674.9918    -722.4308      47.4390
      u13    -404.3688    -404.5692    -532.3721     127.8029
      u14    -875.1379    -875.3384    -973.0983      97.7600
      u15   -1842.3491   -1842.5495   -1968.4832     125.9337
      u16     846.6995     846.4991     523.2553     323.2438
      u17     499.0168     498.8164     260.1252     238.6912
      u18      32.0990      31.8986      -0.0000      31.8986
      u19      -0.0000      -0.2004      -0.0000      -0.2004
      u20     532.6190     532.4185     268.5307     263.8878
      u21     187.6868     187.4863     149.5399      37.9465
      u22     155.5832     155.3828     135.8907      19.4921
      u23    -687.3801    -687.5805    -761.0303      73.4498
      u24    -902.3258    -902.5262    -946.3563      43.8302
      u25    -782.3774    -782.5778    -830.3746      47.7968
      u26     -89.1367     -89.3371    -228.1241     138.7870
      u27    -198.0252    -198.2256    -261.9057      63.6801
      u28    -900.4810    -900.6815    -977.0087      76.3272
      u29    -654.9998    -655.2003    -715.6121      60.4119
      u30    -313.1522    -313.3526    -346.2840      32.9314

wrote ieee_owen\weak_eps_experiment\stochastic\main17_xi\30p_reserve_peak_day25_S20_seed0_grb_direct-gurobi_kl0.0960365_dual_ndw_rsc0.303571_main.json
