
Gurobi 13.0.1 (win64) logging started Thu Oct  8 19:42:48 2026

Set parameter LogFile to value "ieee_owen\weak_eps_experiment\stochastic\main17_xi\logs\n30_S20_day16_ef_gurobi.log"
Set parameter NodefileStart to value 3
Set parameter MIPGap to value 0.0001
Gurobi Optimizer version 13.0.1 build v13.0.1rc0 (win64 - Windows 10.0 (19045.2))

CPU model: AMD Ryzen 9 5900X 12-Core Processor, instruction set [SSE2|AVX|AVX2]
Thread count: 12 physical cores, 24 logical processors, using up to 24 threads

Non-default parameters:
TimeLimit  1800
NodefileStart  3
LogToConsole  0

Optimize a model with 171932 rows, 172166 columns and 734890 nonzeros (Min)
Model fingerprint: 0xb5a68de7
Model has 22 linear objective coefficients
Variable types: 145046 continuous, 27120 integer (27120 binary)
Coefficient statistics:
  Matrix range     [3e-04, 2e+02]
  Objective range  [5e-02, 1e+00]
  Bounds range     [9e-03, 6e+01]
  RHS range        [7e-02, 2e+01]

Presolve removed 76124 rows and 62175 columns
Presolve time: 1.61s
Presolved: 95808 rows, 109991 columns, 377897 nonzeros
Variable types: 85504 continuous, 24487 integer (24486 binary)
Found heuristic solution: objective 5601.2657034
Deterministic concurrent LP optimizer: primal and dual simplex
Showing primal log only...


Root simplex log...

Iteration    Objective       Primal Inf.    Dual Inf.      Time
   19491    7.8077190e+03   0.000000e+00   6.500565e+05      5s
   34235    7.5966766e+03   0.000000e+00   5.788018e+05     10s
   46607    7.4742885e+03   0.000000e+00   2.031674e+05     15s
   58976    7.2833382e+03   0.000000e+00   7.970505e+05     20s
   70528    7.1320178e+03   0.000000e+00   1.941150e+05     25s
   82397    7.0117012e+03   0.000000e+00   1.139091e+05     30s
   93378    6.9314802e+03   0.000000e+00   1.977828e+05     35s
Concurrent spin time: 0.00s

Solved with dual simplex

Root simplex log...

Iteration    Objective       Primal Inf.    Dual Inf.      Time
  143622    4.2377322e+03   0.000000e+00   0.000000e+00     40s

Root relaxation: objective 4.237732e+03, 143622 iterations, 37.48 seconds (48.44 work units)

    Nodes    |    Current Node    |     Objective Bounds      |     Work
 Expl Unexpl |  Obj  Depth IntInf | Incumbent    BestBd   Gap | It/Node Time

     0     0 4237.73220    0  604 5601.26570 4237.73220  24.3%     -   41s
H    0     0                    4247.7040510 4237.73220  0.23%     -   44s
H    0     0                    4246.9446141 4237.73220  0.22%     -   45s
     0     0 4237.73220    0  844 4246.94461 4237.73220  0.22%     -   49s
     0     0 4237.73571    0  844 4246.94461 4237.73571  0.22%     -   52s
     0     0 4237.73571    0  712 4246.94461 4237.73571  0.22%     -   53s
     0     0 4237.73571    0  712 4246.94461 4237.73571  0.22%     -   54s
     0     0 4237.73571    0  519 4246.94461 4237.73571  0.22%     -   55s
     0     0 4237.73571    0  519 4246.94461 4237.73571  0.22%     -   58s
     0     0 4237.81065    0  532 4246.94461 4237.81065  0.22%     -   60s
     0     0 4237.81849    0  503 4246.94461 4237.81849  0.21%     -   63s
     0     0 4237.82246    0  503 4246.94461 4237.82246  0.21%     -   63s
     0     0 4237.82280    0  537 4246.94461 4237.82280  0.21%     -   64s
     0     0 4237.82280    0  560 4246.94461 4237.82280  0.21%     -   67s
     0     0 4237.82328    0  554 4246.94461 4237.82328  0.21%     -   67s
     0     0 4237.82328    0  553 4246.94461 4237.82328  0.21%     -   69s
     0     0 4237.82328    0  601 4246.94461 4237.82328  0.21%     -   69s
     0     0 4237.82328    0  601 4246.94461 4237.82328  0.21%     -   70s
     0     0 4237.82328    0  601 4246.94461 4237.82328  0.21%     -   71s
     0     0 4237.82328    0  476 4246.94461 4237.82328  0.21%     -   72s
     0     0 4237.82328    0  563 4246.94461 4237.82328  0.21%     -   73s
H    0     0                    4246.6275833 4237.82328  0.21%     -   74s
     0     0 4237.82328    0  573 4246.62758 4237.82328  0.21%     -   74s
     0     0 4237.82328    0  573 4246.62758 4237.82328  0.21%     -   74s
     0     0 4237.82328    0  467 4246.62758 4237.82328  0.21%     -   76s
     0     0 4237.82328    0  467 4246.62758 4237.82328  0.21%     -   77s
     0     0 4237.82328    0  516 4246.62758 4237.82328  0.21%     -   78s
     0     0 4237.82328    0  460 4246.62758 4237.82328  0.21%     -   79s
     0     0 4237.82328    0  460 4246.62758 4237.82328  0.21%     -   80s
     0     0 4237.82328    0  534 4246.62758 4237.82328  0.21%     -   81s
     0     0 4237.82328    0  440 4246.62758 4237.82328  0.21%     -   82s
     0     0 4237.82328    0  440 4246.62758 4237.82328  0.21%     -   82s
     0     0 4237.82328    0  440 4246.62758 4237.82328  0.21%     -   82s
     0     0 4237.82328    0  440 4246.62758 4237.82328  0.21%     -   83s
     0     2 4237.82338    0  440 4246.62758 4237.82338  0.21%     -   86s
     7    16 4241.16789    3  587 4246.62758 4237.82551  0.21%   583   90s
    27    40 4241.82877    5  526 4246.62758 4237.82648  0.21%  1472   98s
    39    65 4241.82877    6  636 4246.62758 4237.82648  0.21%  1520  101s
    64    97 4242.52711    9  697 4246.62758 4237.82648  0.21%  1111  105s
   111   124 4242.75441   13  578 4246.62758 4237.82648  0.21%   999  113s
H  114   124                    4246.6016086 4237.82648  0.21%  1001  113s
   123   148 4242.60147   13  522 4246.60161 4237.82648  0.21%  1000  116s
   147   161 4243.90130   14  354 4246.60161 4237.82648  0.21%   967  120s
   160   173 4243.26272   14  532 4246.60161 4237.82648  0.21%  1028  129s
H  164   173                    4245.3933710 4237.82648  0.18%  1030  129s
   172   193 4245.31595   15  357 4245.39337 4237.82648  0.18%  1020  133s
   200   212 4238.77870   10  611 4245.39337 4237.82648  0.18%  1008  136s
   227   228 4240.10149   10  562 4245.39337 4237.82648  0.18%   999  140s
H  245   239                    4245.3929807 4237.82648  0.18%  1024  144s
H  250   239                    4245.3868499 4237.82648  0.18%  1022  144s
   258   250 4241.04236   12  422 4245.38685 4237.82648  0.18%  1013  158s
   271   264 4241.04236   13  422 4245.38685 4237.82648  0.18%   981  176s
   287   275 4241.04236   14  600 4245.38685 4237.82648  0.18%   975  193s
H  298   275                    4245.3046520 4237.82648  0.18%   956  193s
   306   283 4242.31406   14  403 4245.30465 4237.82648  0.18%   974  201s
   322   312 4242.03629   13  483 4245.30465 4237.82648  0.18%   958  207s
   354   355 4241.04236   15  603 4245.30465 4237.82648  0.18%   950  211s
   407   389 4241.46788   17  572 4245.30465 4237.82648  0.18%   894  215s
   506   436 4241.61543   21  415 4245.30465 4237.83246  0.18%   851  225s
   549   485 4241.61543   23  504 4245.30465 4237.84267  0.18%   868  230s
   641   542 4242.31262   27  371 4245.30465 4237.84957  0.18%   865  241s
   701   585 4244.08727   31  275 4245.30465 4237.84957  0.18%   852  247s
   754   620 4242.53859   31  378 4245.30465 4237.84957  0.18%   852  254s
H  781   620                    4245.0897033 4237.84957  0.17%   848  254s
H  794   620                    4244.9859795 4237.84957  0.17%   847  254s
   799   644 4242.88045   32  348 4244.98598 4237.84957  0.17%   846  260s
   848   706 4242.55655   32  366 4244.98598 4237.84957  0.17%   853  266s
H  897   706                    4244.9562273 4237.84957  0.17%   832  266s
H  934   706                    4244.9427999 4237.84957  0.17%   809  266s
   935   733 4243.55614   34  312 4244.94280 4237.84957  0.17%   810  273s
H 1017   731                    4244.9352307 4237.84957  0.17%   776  273s
H 1024   726                    4244.9255399 4237.84957  0.17%   771  273s
H 1028   725                    4244.9203210 4237.84957  0.17%   768  273s
  1029   782 4243.77328   33  299 4244.92032 4237.84957  0.17%   769  280s
  1134   860 4243.64799   35  219 4244.92032 4237.84957  0.17%   736  285s
  1219   938 4243.93332   37  151 4244.92032 4237.84957  0.17%   717  291s
* 1301   806             127    4244.8026023 4237.84957  0.16%   689  291s
  1328   852 4244.52530   50   55 4244.80260 4237.84957  0.16%   690  298s
  1436   972 4244.52534   66   42 4244.80260 4237.87965  0.16%   678  306s
H 1459   910                    4244.5335169 4237.87965  0.16%   668  306s
  1575  1015 4244.52534   76   26 4244.53352 4237.87965  0.16%   652  314s
* 1601   990              96    4244.5253414 4237.87965  0.16%   641  314s
  1727   994     cutoff   95      4244.52534 4237.87965  0.16%   621  320s
  1767  1118 4240.90618   11  419 4244.52534 4237.87965  0.16%   617  328s
* 1798  1085             107    4244.4647845 4237.87965  0.16%   612  328s
* 1936  1021              98    4244.4282139 4237.87965  0.15%   589  328s
  1944  1028 4242.13881   22  367 4244.42821 4237.87965  0.15%   590  336s
  2053  1091 4243.51643   25  250 4244.42821 4238.11518  0.15%   589  345s
  2146  1147 4241.13433    8  645 4244.42821 4238.11518  0.15%   587  356s
H 2235  1117                    4244.4126910 4238.11518  0.15%   595  372s
H 2235   923                    4243.8441762 4238.11518  0.13%   595  378s
H 2235   922                    4243.8435892 4238.11518  0.13%   595  378s
H 2235   920                    4243.8366071 4238.11518  0.13%   595  378s
H 2235   920                    4243.8360200 4238.11518  0.13%   595  378s
H 2235   897                    4243.7386089 4238.11518  0.13%   595  396s
H 2235   897                    4243.7380310 4238.11518  0.13%   595  396s
H 2235   897                    4243.7379856 4238.11518  0.13%   595  396s
  2236   879 4240.67452    8  440 4243.73799 4238.11518  0.13%   594  440s
  2238   880 4241.42383   17 1361 4243.73799 4238.11518  0.13%   594  492s
  2239   881 4241.54859   17 1423 4243.73799 4238.11518  0.13%   594  495s
  2242   883 4242.02794   16  866 4243.73799 4238.11518  0.13%   593  541s
  2243   884 4240.94011   18  866 4243.73799 4238.11518  0.13%   593  548s
  2244   887 4238.29805   14 1195 4243.73799 4238.11518  0.13%   670  550s
  2250   895 4238.76927   16  975 4243.73799 4238.11518  0.13%   670  555s
  2270   916     cutoff   18      4243.73799 4238.11518  0.13%   676  561s
  2293   925 4240.73723   19  807 4243.73799 4238.11518  0.13%   683  565s
  2312   929 4240.73723   20  914 4243.73799 4238.11518  0.13%   692  570s
  2348   944     cutoff   22      4243.73799 4238.11518  0.13%   717  577s
  2365   954 4243.10428   23  718 4243.73799 4238.11518  0.13%   730  583s
  2393   960 4241.04073   24  884 4243.73799 4238.11518  0.13%   738  588s
  2410   968 4241.04073   25  876 4243.73799 4238.30464  0.13%   746  593s
  2426   983 4241.78241   26  789 4243.73799 4238.30464  0.13%   766  596s
  2446   995 4241.78241   27  790 4243.73799 4238.30464  0.13%   772  601s
  2473  1003 4242.34120   29  713 4243.73799 4238.30464  0.13%   777  608s
  2495  1015 4242.24844   28  799 4243.73799 4238.30464  0.13%   778  614s
  2525  1018 4243.08148   31  676 4243.73799 4238.84994  0.12%   780  617s
H 2533   970                    4243.7379851 4238.84994  0.12%   781  617s
  2538   996 4242.95973   30  632 4243.73799 4238.84994  0.12%   782  624s
  2574  1019 4242.77563   32  730 4243.73799 4238.84994  0.12%   787  629s
  2622  1034 4242.77563   36  691 4243.73799 4238.84994  0.12%   786  636s
  2677  1036 4243.45066   39  640 4243.73799 4238.84994  0.12%   785  641s
  2713  1059 4242.82196   39  710 4243.73799 4238.87925  0.11%   792  645s
  2804  1095     cutoff   44      4243.73799 4238.87925  0.11%   795  654s
  2861  1087     cutoff   43      4243.73799 4238.90496  0.11%   798  669s
  2874  1084 4243.32188   44  640 4243.73799 4238.90496  0.11%   799  686s
H 2884  1039                    4243.7320794 4238.90496  0.11%   800  686s
H 2896  1003                    4243.6919512 4238.90496  0.11%   801  699s
H 2897   965                    4243.6640934 4238.90496  0.11%   801  699s
  2910   997     cutoff   44      4243.66409 4238.90496  0.11%   800  705s
  2997   976 4243.02988   21  645 4243.66409 4238.90496  0.11%   796  711s
  3061   985 4243.55219   25  689 4243.66409 4239.12806  0.11%   796  717s
  3159  1019     cutoff   53      4243.66409 4239.57427  0.10%   791  724s
  3272  1034 4242.90069   20  679 4243.66409 4239.57474  0.10%   777  730s
  3364  1023 4243.26270   23  529 4243.66409 4239.57474  0.10%   769  737s
  3450  1017 4243.37937   22  696 4243.66409 4240.80142  0.07%   765  745s
  3540  1003     cutoff   49      4243.66409 4240.81736  0.07%   762  753s
  3610   997     cutoff   22      4243.66409 4240.81736  0.07%   767  760s
  3689  1020 4242.78518   24  837 4243.66409 4241.04289  0.06%   768  768s
  3778  1029 4243.13221   26  824 4243.66409 4241.04289  0.06%   765  775s
  3867  1034 4243.21973   27  787 4243.66409 4241.05267  0.06%   763  783s
  3964  1000     cutoff   28      4243.66409 4241.17591  0.06%   763  798s
  3990  1019 4241.44589   27  882 4243.66409 4241.17591  0.06%   765  810s
  4059  1024 4241.44589   28  854 4243.66409 4241.17591  0.06%   764  822s
H 4103   974                    4243.6636185 4241.18729  0.06%   763  822s
  4146   982 4242.29579   31  768 4243.66362 4241.32263  0.06%   764  830s
  4257   974 4242.31175   40  667 4243.66362 4241.43414  0.05%   765  838s
  4338   986 4243.20787   44  603 4243.66362 4241.47120  0.05%   770  848s
  4478  1079 4242.98701   44  709 4243.66362 4241.53402  0.05%   768  861s
  4722  1217 4243.54618   72  445 4243.66362 4241.53402  0.05%   746  872s
  4943  1369 4243.54618  106  393 4243.66362 4241.67436  0.05%   728  884s
  5179  1380 4243.54618  131  367 4243.66362 4241.67535  0.05%   711  899s
  5213  1446 4243.54618  129  371 4243.66362 4241.67535  0.05%   709  913s
  5356  1532 4243.54618  174  293 4243.66362 4241.71925  0.05%   702  927s
  5496  1619 4243.54618  212  247 4243.66362 4241.71925  0.05%   697  941s
  5701  1709 4243.54618  239  187 4243.66362 4241.82408  0.04%   686  955s
  5858  1789 4243.54618  273  139 4243.66362 4241.90603  0.04%   682  971s
  6075  1878 4243.54618  299   95 4243.66362 4241.93185  0.04%   670  986s
H 6170  1770                    4243.6563999 4241.93302  0.04%   664  986s
  6237  1943 4243.54618  300   95 4243.65640 4241.93302  0.04%   665 1001s
  6557  2129 4243.54618  335   31 4243.65640 4241.98868  0.04%   650 1017s
H 6600  1512                    4243.5461830 4241.98868  0.04%   646 1017s
  6931  1539     cutoff  353      4243.54618 4242.03937  0.04%   632 1035s
  7232  1656 4243.27173   27  832 4243.54618 4242.11390  0.03%   627 1055s
  7602  1889 4243.03064   28  707 4243.54618 4242.22214  0.03%   619 1081s
  8159  2251     cutoff   32      4243.54618 4242.29396  0.03%   605 1112s
  8888  2756 4243.10459   38  627 4243.54618 4242.30286  0.03%   585 1147s
H 9150  2652                    4243.5407416 4242.30286  0.03%   579 1147s
H 9153  2186                    4243.5405190 4242.30286  0.03%   579 1147s
  9877  2353 4243.21559   43  590 4243.54052 4242.30605  0.03%   548 1181s
H10678  2251                    4243.4915001 4242.32444  0.03%   530 1181s
H10681  2251                    4243.4913876 4242.32444  0.03%   530 1181s
 10706  2372 4242.90751   39  616 4243.49139 4242.34163  0.03%   529 1211s
*11394  2282             311    4243.4827472 4242.40346  0.03%   521 1212s
 11474  2467 4242.93903   40  572 4243.48275 4242.40346  0.03%   520 1249s
 12359  2627 4242.81940   42  606 4243.48275 4242.43328  0.02%   512 1286s
 13269  2767     cutoff   45      4243.48275 4242.44886  0.02%   506 1322s
 14226  2903 4243.40540   45  499 4243.48275 4242.48944  0.02%   498 1356s
 15029  3034 4243.34686   30  579 4243.48275 4242.53183  0.02%   495 1389s
 15794  3080 4243.22668   27  560 4243.48275 4242.55124  0.02%   492 1422s
 16492  3093 4242.90072   28  813 4243.48275 4242.57960  0.02%   491 1459s
H16498  2904                    4243.4822000 4242.58126  0.02%   491 1459s
 16519  2942 4242.92646   29  777 4243.48220 4242.58126  0.02%   491 1490s
 17253  3023     cutoff   45      4243.48220 4242.60814  0.02%   489 1520s
 17961  3024 4243.03741   39  686 4243.48220 4242.64887  0.02%   489 1572s
H17962  3010                    4243.4820153 4242.64887  0.02%   489 1572s
