
Gurobi 13.0.1 (win64) logging started Thu Oct  8 09:42:01 2026

Set parameter LogFile to value "ieee_owen\weak_eps_experiment\stochastic\main17_xi\logs\n30_S20_day10_ef_gurobi.log"
Set parameter NodefileStart to value 3
Set parameter MIPGap to value 0.0001
Gurobi Optimizer version 13.0.1 build v13.0.1rc0 (win64 - Windows 10.0 (19045.2))

CPU model: AMD Ryzen 9 5900X 12-Core Processor, instruction set [SSE2|AVX|AVX2]
Thread count: 12 physical cores, 24 logical processors, using up to 24 threads

Non-default parameters:
TimeLimit  1800
NodefileStart  3
LogToConsole  0

Optimize a model with 171932 rows, 172166 columns and 734890 nonzeros (Min)
Model fingerprint: 0x750ec734
Model has 22 linear objective coefficients
Variable types: 145046 continuous, 27120 integer (27120 binary)
Coefficient statistics:
  Matrix range     [3e-04, 2e+02]
  Objective range  [5e-02, 1e+00]
  Bounds range     [1e-02, 6e+01]
  RHS range        [7e-02, 2e+01]

Presolve removed 76120 rows and 62175 columns
Presolve time: 1.62s
Presolved: 95812 rows, 109991 columns, 378059 nonzeros
Variable types: 85507 continuous, 24484 integer (24483 binary)
Found heuristic solution: objective 5831.9516494
Deterministic concurrent LP optimizer: primal and dual simplex
Showing primal log only...


Root simplex log...

Iteration    Objective       Primal Inf.    Dual Inf.      Time
   18249    8.3563723e+03   0.000000e+00   3.380449e+06      5s
   31766    8.1422654e+03   0.000000e+00   1.226475e+05     10s
   43086    8.0114588e+03   0.000000e+00   2.096901e+05     15s
   53705    7.9258894e+03   0.000000e+00   3.127981e+05     20s
   62633    7.8818089e+03   0.000000e+00   3.250707e+05     25s
   71768    7.8158825e+03   0.000000e+00   1.237972e+05     30s
   78779    7.7776390e+03   0.000000e+00   3.197388e+06     35s
   85959    7.7416178e+03   0.000000e+00   5.305328e+04     40s
   93430    7.6986415e+03   0.000000e+00   1.252063e+05     45s
  101021    7.6494063e+03   0.000000e+00   1.372544e+06     50s
  108091    7.6064637e+03   0.000000e+00   8.757670e+05     55s
  115060    7.5668384e+03   0.000000e+00   9.470982e+05     60s
Concurrent spin time: 0.00s

Solved with dual simplex

Root simplex log...

Iteration    Objective       Primal Inf.    Dual Inf.      Time
  184101    4.8233527e+03   0.000000e+00   0.000000e+00     64s

Root relaxation: objective 4.823353e+03, 184101 iterations, 61.88 seconds (80.77 work units)

    Nodes    |    Current Node    |     Objective Bounds      |     Work
 Expl Unexpl |  Obj  Depth IntInf | Incumbent    BestBd   Gap | It/Node Time

     0     0 4823.35266    0  819 5831.95165 4823.35266  17.3%     -   66s
H    0     0                    4885.4535568 4823.35266  1.27%     -   72s
H    0     0                    4870.2472735 4823.35266  0.96%     -   77s
     0     0 4823.66152    0  863 4870.24727 4823.66152  0.96%     -   80s
H    0     0                    4868.4434841 4823.66152  0.92%     -   85s
     0     0 4823.66152    0  863 4868.44348 4823.66152  0.92%     -   87s
H    0     0                    4863.6432220 4823.66152  0.82%     -   87s
     0     0 4823.67197    0  955 4863.64322 4823.67197  0.82%     -   88s
     0     0 4823.67197    0  955 4863.64322 4823.67197  0.82%     -   89s
     0     0 4823.67197    0  974 4863.64322 4823.67197  0.82%     -   90s
     0     0 4823.67197    0  975 4863.64322 4823.67197  0.82%     -   93s
H    0     0                    4860.7535413 4823.67197  0.76%     -   93s
     0     0 4823.67229    0  940 4860.75354 4823.67229  0.76%     -   94s
     0     0 4823.67229    0  940 4860.75354 4823.67229  0.76%     -   94s
     0     0 4823.67229    0  834 4860.75354 4823.67229  0.76%     -   96s
     0     0 4823.67229    0  840 4860.75354 4823.67229  0.76%     -   97s
     0     0 4823.67322    0  924 4860.75354 4823.67322  0.76%     -   98s
H    0     0                    4860.4877532 4823.67322  0.76%     -  103s
     0     0 4823.67485    0  794 4860.48775 4823.67485  0.76%     -  104s
     0     0 4823.67485    0  795 4860.48775 4823.67485  0.76%     -  104s
     0     0 4823.67485    0  790 4860.48775 4823.67485  0.76%     -  105s
     0     0 4823.67485    0  790 4860.48775 4823.67485  0.76%     -  105s
     0     0 4823.67485    0  790 4860.48775 4823.67485  0.76%     -  105s
     0     0 4823.67485    0  663 4860.48775 4823.67485  0.76%     -  106s
H    0     0                    4842.1445141 4823.67485  0.38%     -  110s
     0     2 4823.67485    0  652 4842.14451 4823.67485  0.38%     -  111s
     1     4 4824.41027    1 1006 4842.14451 4823.67485  0.38%  6747  115s
     7    16 4824.44794    3  877 4842.14451 4823.84779  0.38%  2681  122s
    15    28 4824.84970    4  984 4842.14451 4824.41647  0.37%  2766  125s
    27    60 4824.84970    5  958 4842.14451 4824.41687  0.37%  2053  130s
H   43    60                    4842.1425054 4824.41687  0.37%  1582  130s
    89   108 4826.14433    9  875 4842.14251 4824.41687  0.37%  1232  140s
H  102   108                    4839.5197041 4824.41687  0.31%  1434  140s
   107   131 4826.41416   10  784 4839.51970 4824.41687  0.31%  1427  145s
   130   161 4826.61197   13  748 4839.51970 4824.41687  0.31%  1433  151s
   160   173 4827.40149   16  954 4839.51970 4824.41687  0.31%  1437  156s
H  169   173                    4839.3436091 4824.41687  0.31%  1549  156s
H  169   173                    4838.8993161 4824.41687  0.30%  1549  156s
   172   192 4827.52484   17  939 4838.89932 4824.41687  0.30%  1532  163s
   191   208 4828.23987   18  928 4838.89932 4824.41687  0.30%  1663  168s
   207   229 4828.38887   18  851 4838.89932 4824.41687  0.30%  1690  171s
   228   244 4829.81516   19  809 4838.89932 4824.41687  0.30%  1650  179s
   243   256 4830.62463   19  648 4838.89932 4824.41687  0.30%  1658  188s
H  247   256                    4838.0362384 4824.41687  0.28%  1639  188s
H  254   256                    4837.9458748 4824.41687  0.28%  1630  188s
   255   293 4830.09376   20  710 4837.94587 4824.41687  0.28%  1626  192s
   292   320 4832.01415   23  657 4837.94587 4824.41687  0.28%  1558  196s
   319   354 4830.49213   23  426 4837.94587 4824.41687  0.28%  1567  200s
   392   428 4831.42908   30  381 4837.94587 4824.41687  0.28%  1505  209s
   427   465 4831.06950   33  224 4837.94587 4824.41687  0.28%  1494  213s
   464   505 4832.27219   35  247 4837.94587 4824.41687  0.28%  1495  217s
H  466   505                    4834.5105934 4824.41687  0.21%  1488  217s
H  473   505                    4833.4665572 4824.41687  0.19%  1473  217s
H  483   505                    4832.9468507 4824.41687  0.18%  1476  217s
H  504   505                    4832.5724975 4824.41687  0.17%  1446  217s
   512   539 4832.38801   38  191 4832.57250 4824.41687  0.17%  1445  222s
   583   582 4832.53660   45   82 4832.57250 4824.41687  0.17%  1336  232s
H  647   600                    4831.7896835 4824.41687  0.15%  1266  241s
   673   612     cutoff   51      4831.78968 4824.41687  0.15%  1271  247s
   715   636 4826.47211   10  827 4831.78968 4824.41687  0.15%  1270  252s
   748   671 4827.04000   12  895 4831.78968 4824.41687  0.15%  1292  260s
   794   682 4828.06683   15  701 4831.78968 4824.41687  0.15%  1295  267s
   851   667 4829.69422   17  727 4831.78968 4824.85049  0.14%  1282  274s
   918   692 4831.58909   23  510 4831.78968 4824.85049  0.14%  1266  281s
   982   703 4829.35744    7  668 4831.78968 4824.85049  0.14%  1251  288s
  1064   705 4829.78938    8  679 4831.78968 4824.85049  0.14%  1213  295s
H 1073   705                    4831.6262309 4824.85049  0.14%  1212  295s
  1146   678 4830.72660   12  827 4831.62623 4824.85049  0.14%  1179  302s
  1225   690 4828.50862   10  860 4831.62623 4824.85049  0.14%  1155  309s
H 1228   676                    4831.5237601 4824.85049  0.14%  1158  309s
  1290   671 4828.30535   10  916 4831.52376 4824.85049  0.14%  1154  332s
  1305   685 4829.64086   11  990 4831.52376 4824.85049  0.14%  1156  357s
* 1318   673              95    4831.5092050 4824.85049  0.14%  1147  357s
  1343   659     cutoff   12      4831.50920 4824.85049  0.14%  1140  366s
  1427   651     cutoff   12      4831.50920 4824.85049  0.14%  1141  377s
  1501   667 4826.96594   14  880 4831.50920 4825.55034  0.12%  1148  387s
  1571   669 4831.44623   17  614 4831.50920 4825.57787  0.12%  1157  396s
  1644   679     cutoff   18      4831.50920 4825.57787  0.12%  1163  406s
  1712   707 4829.58198   10  646 4831.50920 4825.57787  0.12%  1180  416s
  1796   746     cutoff   11      4831.50920 4825.69345  0.12%  1186  427s
  1873   764     cutoff   14      4831.50920 4825.70871  0.12%  1199  438s
  1977   788 4827.74738   10  653 4831.50920 4825.70871  0.12%  1199  450s
  2056   822 4828.66137   13  648 4831.50920 4825.86775  0.12%  1197  462s
  2154   851 4829.00941   10  589 4831.50920 4825.90694  0.12%  1200  475s
  2280   902 4828.70135    8 1101 4831.50920 4825.91654  0.12%  1193  486s
  2406   934 4830.48676   14  834 4831.50920 4825.91654  0.12%  1182  502s
* 2446   929             103    4831.5091023 4825.91654  0.12%  1170  502s
  2471   958     cutoff   16      4831.50910 4825.91654  0.12%  1168  516s
  2593   983 4831.02795    8  409 4831.50910 4826.14988  0.11%  1170  531s
  2734   991 4831.13316   24  587 4831.50910 4826.14988  0.11%  1170  547s
  2893  1035 4831.02148   12  741 4831.50910 4826.14988  0.11%  1162  562s
  3010  1023     cutoff   15      4831.50910 4826.45588  0.10%  1167  580s
  3049  1047     cutoff   16      4831.50910 4826.47679  0.10%  1168  596s
  3135  1063 4831.19374   15  637 4831.50910 4826.47679  0.10%  1170  615s
  3228  1084 4831.49702   16  608 4831.50910 4826.60550  0.10%  1175  633s
  3350  1118     cutoff   17      4831.50910 4826.60550  0.10%  1172  652s
  3489  1181 4830.11389   13  387 4831.50910 4826.77519  0.10%  1178  671s
  3615  1249 4829.01089   12  896 4831.50910 4826.77519  0.10%  1158  691s
* 3751  1120             128    4831.2397677 4826.78971  0.09%  1145  691s
  3814  1114 4829.98972   12  663 4831.23977 4826.78971  0.09%  1146  778s
  3816  1115 4827.76132    9 1223 4831.23977 4826.78971  0.09%  1145  863s
  3817  1116 4830.69511   18 1321 4831.23977 4826.78971  0.09%  1145  866s
  3820  1118 4828.52808    9 1017 4831.23977 4826.78971  0.09%  1144  945s
H 3820  1062                    4831.2356945 4826.78971  0.09%  1144  947s
  3821  1063 4827.90261   16 1017 4831.23569 4826.78971  0.09%  1144  951s
  3822  1066 4826.78971   10 1473 4831.23569 4826.78971  0.09%  1206  957s
  3824  1070 4826.78971   11 1373 4831.23569 4826.78971  0.09%  1209  961s
  3828  1076 4826.78971   12 1478 4831.23569 4826.78971  0.09%  1213  965s
  3848  1110 4826.78971   14 1558 4831.23569 4826.78971  0.09%  1219  976s
  3882  1113 4826.78971   15 1414 4831.23569 4826.78971  0.09%  1221  981s
  3917  1106 4828.20789   16 1166 4831.23569 4826.78971  0.09%  1227  987s
  3935  1107 4829.31398   16 1360 4831.23569 4826.78971  0.09%  1230  996s
  3954  1124 4828.62248   17 1228 4831.23569 4826.78971  0.09%  1235 1002s
  3986  1120     cutoff   18      4831.23569 4826.78971  0.09%  1240 1006s
  4014  1130 4828.94573   15  956 4831.23569 4826.78971  0.09%  1240 1011s
  4069  1137     cutoff   16      4831.23569 4826.78971  0.09%  1241 1018s
  4106  1149 4830.84764   19  696 4831.23569 4826.78971  0.09%  1240 1021s
  4179  1133 4828.21240   19  950 4831.23569 4826.78971  0.09%  1236 1028s
  4214  1133 4829.10562   20  936 4831.23569 4826.78971  0.09%  1234 1031s
  4242  1149 4830.78873   22  963 4831.23569 4826.78971  0.09%  1234 1035s
  4280  1157 4831.08992   23  761 4831.23569 4826.78971  0.09%  1231 1040s
  4335  1147     cutoff   27      4831.23569 4826.78971  0.09%  1229 1045s
  4416  1164 4830.80089   18  889 4831.23569 4826.78971  0.09%  1224 1052s
  4466  1159     cutoff   19      4831.23569 4826.95330  0.09%  1219 1057s
  4532  1152     cutoff   22      4831.23569 4827.09057  0.09%  1211 1062s
  4603  1134 4831.08717   87  296 4831.23569 4827.34130  0.08%  1203 1086s
H 4621  1071                    4831.1791895 4827.34130  0.08%  1201 1112s
  4647  1088 4831.08717   89  294 4831.17919 4827.34130  0.08%  1198 1118s
  4735  1063 4831.08717  103  272 4831.17919 4827.41937  0.08%  1187 1129s
  4754  1126 4831.08717  104  270 4831.17919 4827.41937  0.08%  1184 1136s
  4864  1178 4831.09061  120  246 4831.17919 4827.41937  0.08%  1164 1144s
  4995  1243 4831.09061  138  208 4831.17919 4827.41937  0.08%  1140 1152s
  5129  1331 4831.09061  154  178 4831.17919 4827.41937  0.08%  1116 1158s
  5297  1438 4831.09061  176  134 4831.17919 4827.41937  0.08%  1087 1164s
  5505  1600 4831.09061  201   84 4831.17919 4827.69528  0.07%  1051 1171s
H 5533  1541                    4831.1754832 4827.69528  0.07%  1046 1171s
H 5607  1461                    4831.1460335 4827.69528  0.07%  1034 1171s
  5759  1697 4831.10976  230   38 4831.14603 4827.69528  0.07%  1008 1178s
* 5784  1604             255    4831.1160650 4827.69528  0.07%  1004 1178s
* 5903  1504             243    4831.1093714 4827.69528  0.07%   983 1178s
* 5904  1442             243    4831.1090752 4827.69528  0.07%   983 1178s
  6098  1418     cutoff  259      4831.10908 4827.69528  0.07%   954 1185s
H 6221  1396                    4831.1087730 4827.69528  0.07%   938 1185s
* 6227  1381             243    4831.1062738 4827.69528  0.07%   937 1185s
* 6228  1375             243    4831.1059776 4827.69528  0.07%   937 1185s
  6333  1524 4829.97858   21 1087 4831.10598 4827.69528  0.07%   924 1191s
  6552  1618     cutoff   23      4831.10598 4827.69528  0.07%   899 1197s
* 6602  1604             243    4831.1058084 4827.69528  0.07%   893 1197s
* 6613   750             250    4831.0871732 4827.69528  0.07%   891 1197s
  6762   621 4830.84568   16 1172 4831.08717 4828.51038  0.05%   878 1203s
  6824   638 4830.54835   16  669 4831.08717 4828.58286  0.05%   879 1208s
  6895   622     cutoff   18      4831.08717 4828.58286  0.05%   878 1214s
  6980   617 4830.50631   22  865 4831.08717 4828.98138  0.04%   877 1221s
  7050   602 4830.98483   22  727 4831.08717 4829.09520  0.04%   876 1226s
  7133   584     cutoff   24      4831.08717 4829.31595  0.04%   876 1233s
  7220   573 4829.86586   24  853 4831.08717 4829.41912  0.03%   874 1239s
  7327   525 4831.06473   25  916 4831.08717 4829.56305  0.03%   871 1246s
  7457   482 4830.67151   22  813 4831.08717 4829.77776  0.03%   867 1253s
  7624   464     cutoff   23      4831.08717 4829.99203  0.02%   858 1268s
  7664   367 4830.69740   26  707 4831.08717 4829.99203  0.02%   856 1276s
  7988   621     cutoff   36      4831.08717 4830.12979  0.02%   829 1290s
  8475  1492 4831.08354   61  285 4831.08717 4830.59925  0.01%   785 1310s
  9440  2662 4831.08687  158  147 4831.08717 4830.59925  0.01%   708 1339s
H 9510  2656                    4831.0868878 4830.59925  0.01%   703 1339s
H 9802  2082                    4831.0751970 4830.59925  0.01%   682 1339s
H 9805  2082                    4831.0594485 4830.59925  0.01%   682 1339s
* 9819  2082             272    4831.0580951 4830.59925  0.01%   681 1339s
H10970  2082                    4830.9768552 4830.75473  0.00%   612 1339s
H10973  2082                    4830.9725501 4830.75473  0.00%   612 1339s
*10983  2082             257    4830.9689791 4830.75473  0.00%   611 1339s
 11046  2082     cutoff  186      4830.96898 4830.75473  0.00%   608 1340s

Cutting planes:
  Gomory: 4
  Cover: 5
  Implied bound: 6
  MIR: 17
  Flow cover: 172
  RLT: 2
  Relax-and-lift: 24

Explored 11192 nodes (6924669 simplex iterations) in 1340.51 seconds (1573.26 work units)
Thread count was 24 (of 24 available processors)

Solution count 10: 4830.97 4830.97 4830.98 ... 4831.11

Optimal solution found (tolerance 1.00e-04)
Best objective 4.830968979131e+03, best bound 4.830754725753e+03, gap 0.0044%
