
Cluster assignments:
Cluster 0 (represented by Day 25): [ 1 12 17 21 25 26 27 28]... (total 8 days)
Cluster 1 (represented by Day 4): [ 2  3  4  5  6  7  8  9 10 11]... (total 23 days)
[reserve] pi_res = 56 EUR/MW.h (daily mean of fcrn_dk2_56 hourly prices), 1h blocks
[reserve] c_min_G = 0.15 (electrolyzer min load / els_cap); literature 0.1-0.16 -> OK
[reserve] c_sb_G = 0.01 (electrolyzer standby draw / els_cap); literature 0.025-0.05 -> OUT OF RANGE
✓ spring  :  92 days | Mean: 1 MWh | RMSE range: 0.0-0.2 MWh
✓ summer  :  92 days | Mean: 1 MWh | RMSE range: 0.0-0.3 MWh
✓ fall    :  91 days | Mean: 1 MWh | RMSE range: 0.0-0.2 MWh
✓ winter  :  90 days | Mean: 1 MWh | RMSE range: 0.0-0.1 MWh

=== 30p_reserve_peak_day2_S20_seed0_grb_direct-gurobi_kl0.0960365_dual_ndw_rsc0.303571_main: n=30, |T|=24, |Omega|=20 ===

[1] extensive form (DP_N^Omega)
Set parameter Username
Set parameter LicenseID to value 2742039
Academic license - for non-commercial use only - expires 2026-11-20
Set parameter OutputFlag to value 1
Set parameter LogToConsole to value 0
  obj 4265.321322  status optimal  gap 1.69e-04  690.0s  vars 172124
  KL r=0.0960365: worst case 4265.321322 vs expected 4064.932043; 1 MILP solve(s); rho* 0.054 0.028 0.044 0.025 0.084 0.059 0.057 0.052 0.042 0.131 0.076 0.054 0.035 0.045 0.028 0.043 0.037 0.027 0.042 0.037 (KL 0.0960)
    round 1: MIPGap 1e-04  689.8s  7580 nodes  psi-bound 1.69e-04  psi-incumbent 8.50e-05

[2] column generation (DWR_N^Omega)
  seed columns: largest carrier-row residual 1.97e-08 (repaired)
  CG   17 | RMP     3554.2718 | LB     3582.9226 | UB           inf | a 1.00 std      | min rc  0.0000e+00 | +0  [round] | lp 0.29s solver 0.28s 1459 it 13637 cols 249046 nz
  -- penalty round 1: eps 0.2 delta 0.2 RMP 3554.2718 LB 3582.9226 UB 4265.3213 gap 1.60e-01 [round] 19s
  CG   25 | RMP     4254.0855 | LB     3952.8483 | UB     4265.3213 | a 0.10 smooth   | min rc -1.0818e+01 | +88 | lp 0.34s solver 0.32s 1874 it 15090 cols 344148 nz
  CG   50 | RMP     4248.4380 | LB     4232.1074 | UB     4265.3213 | a 0.10 smooth   | min rc -3.4577e+00 | +87 | lp 0.66s solver 0.64s 2405 it 16870 cols 457981 nz
  CG   60 | RMP     4247.3995 | LB     4247.5926 | UB     4265.3213 | a 1.00 std      | min rc  0.0000e+00 | +0  [round] | lp 0.76s solver 0.73s 2476 it 17508 cols 487998 nz
  -- penalty round 2: eps 0.05 delta 0.05 RMP 4247.3995 LB 4247.5926 UB 4265.3213 gap 4.16e-03 [round] 145s
  CG   75 | RMP     4263.1369 | LB     4258.6398 | UB     4265.3213 | a 0.10 smooth   | min rc -8.9611e-01 | +56 | lp 0.92s solver 0.89s 2913 it 17987 cols 499373 nz
  CG   95 | RMP     4262.3627 | LB     4262.2956 | UB     4265.3213 | a 1.00 std      | min rc  0.0000e+00 | +0  [round] | lp 0.84s solver 0.81s 2200 it 18926 cols 539908 nz
  -- penalty round 3: eps 0.0125 delta 0.0125 RMP 4262.3627 LB 4262.2956 UB 4265.3213 gap 7.09e-04 [round] 329s
  CG  100 | RMP     4263.7492 | LB     4262.4958 | UB     4265.3213 | a 0.10 smooth   | min rc -3.9794e-01 | +13 | lp 1.52s solver 1.51s 3675 it 19433 cols 568392 nz
  CG  123 | RMP     4263.4751 | LB     4263.4011 | UB     4265.3213 | a 1.00 std      | min rc  0.0000e+00 | +0  [round] | lp 0.81s solver 0.77s 1938 it 20565 cols 629803 nz
  -- penalty round 4: eps 0.00313 delta 0.00313 RMP 4263.4751 LB 4263.4011 UB 4265.3213 gap 4.50e-04 [round] 488s
  CG  125 | RMP     4263.6525 | LB     4263.4153 | UB     4265.3213 | a 0.10 smooth   | min rc -1.4067e-01 | +11 | lp 1.92s solver 1.90s 4392 it 20676 cols 636411 nz
  CG  139 | RMP     4263.6297 | LB     4263.5585 | UB     4265.3213 | a 1.00 std      | min rc  0.0000e+00 | +0  [round] | lp 0.12s solver 0.07s 168 it 21375 cols 678646 nz
  -- penalty round 5: eps 0.000781 delta 0.000781 RMP 4263.6297 LB 4263.5585 UB 4265.3213 gap 4.13e-04 [round] 580s
  CG  144 | RMP     4263.6586 | LB     4263.5867 | UB     4265.3213 | a 1.00 std      | min rc  0.0000e+00 | +0  [round] | lp 0.22s solver 0.20s 561 it 21167 cols 668431 nz
  -- penalty round 6: eps 0.000195 delta 0.000195 RMP 4263.6586 LB 4263.5867 UB 4265.3213 gap 4.07e-04 [round] 604s
  CG  145 | RMP     4263.6682 | LB     4263.5867 | UB     4263.6713 | a 1.00 std      | min rc  0.0000e+00 | +0  [done] | lp 1.67s solver 1.65s 4416 it 21167 cols 668431 nz
  -- penalty round 7: eps 0 delta 0 RMP 4263.6682 LB 4263.5867 UB 4263.6713 gap 1.98e-05 [done] 606s
  obj 4263.671295  LB 4263.586711  gap 1.98e-05  iters 145  606.3s  rounds 7  status optimal
  KL r=0.0960365: 1000 tangent planes; rho* 0.054 0.028 0.044 0.025 0.084 0.058 0.057 0.052 0.042 0.131 0.076 0.055 0.035 0.046 0.028 0.043 0.037 0.027 0.042 0.036 (KL 0.0960)
  time: master LP 136.6s  pricing 461.8s (67554 MILPs, 8 worker(s))

[3] robust Owen allocation
  omega_LR,rob 1.733440  eps_LR 0.057781  certified [0.930550, 1.734610]
  EF slack 0.7195 = 41% of the reported omega  (> 10%: use --table for a table run)
  checks: budget 0.00e+00  duality -1.17e-03  pricing 0.00e+00

[4] stand-alone values val(DP_{j}^Omega)
   player         Owen        E[x*]        alone       chi^LR
       u1    1435.2229    1435.1651     905.9213     529.2438
       u2      18.3392      18.2814      -0.0000      18.2814
       u3     532.7529     532.6951     266.4303     266.2648
       u4    -791.5554    -791.6132    -824.8716      33.2585
       u5    -408.5237    -408.5814    -523.2154     114.6340
       u6   -1045.3225   -1045.3803   -1154.0447     108.6644
       u7     477.8491     477.7913     298.6746     179.1167
       u8      31.2876      31.2298      -0.0000      31.2298
       u9     539.4571     539.3993     266.4303     272.9690
      u10     751.1672     751.1094     598.7138     152.3956
      u11     109.3880     109.3303      90.8916      18.4386
      u12    -676.3439    -676.4016    -717.0384      40.6368
      u13    -400.1301    -400.1879    -512.4111     112.2232
      u14    -898.8489    -898.9067    -985.1526      86.2459
      u15   -1845.6095   -1845.6672   -1970.5187     124.8515
      u16    1059.0942    1059.0364     639.2234     419.8130
      u17     488.1016     488.0438     255.2200     232.8238
      u18      44.4116      44.3539      -0.0000      44.3539
      u19      -0.0000      -0.0578      -0.0000      -0.0578
      u20     539.4571     539.3993     266.4303     272.9690
      u21     188.9123     188.8546     148.0087      40.8458
      u22     164.0822     164.0244     136.3375      27.6869
      u23    -694.4638    -694.5215    -767.0217      72.5001
      u24    -894.8695    -894.9273    -942.0334      47.1061
      u25    -786.9374    -786.9951    -836.3802      49.3851
      u26    -102.5741    -102.6319    -235.0398     132.4079
      u27    -197.9824    -198.0402    -257.0943      59.0541
      u28    -920.5449    -920.6027    -996.1124      75.5097
      u29    -665.6670    -665.7248    -728.2265      62.5017
      u30    -313.7378    -313.7955    -345.0904      31.2949

wrote ieee_owen\weak_eps_experiment\stochastic\main17_xi\30p_reserve_peak_day2_S20_seed0_grb_direct-gurobi_kl0.0960365_dual_ndw_rsc0.303571_main.json
