
Gurobi 13.0.1 (win64) logging started Thu Oct  8 07:49:53 2026

Set parameter LogFile to value "ieee_owen\weak_eps_experiment\stochastic\main17_xi\logs\n30_S20_day9_ef_gurobi.log"
Set parameter NodefileStart to value 3
Set parameter MIPGap to value 0.0001
Gurobi Optimizer version 13.0.1 build v13.0.1rc0 (win64 - Windows 10.0 (19045.2))

CPU model: AMD Ryzen 9 5900X 12-Core Processor, instruction set [SSE2|AVX|AVX2]
Thread count: 12 physical cores, 24 logical processors, using up to 24 threads

Non-default parameters:
TimeLimit  1800
NodefileStart  3
LogToConsole  0

Optimize a model with 171932 rows, 172166 columns and 734890 nonzeros (Min)
Model fingerprint: 0xa204ef1f
Model has 22 linear objective coefficients
Variable types: 145046 continuous, 27120 integer (27120 binary)
Coefficient statistics:
  Matrix range     [3e-04, 2e+02]
  Objective range  [5e-02, 1e+00]
  Bounds range     [7e-03, 6e+01]
  RHS range        [7e-02, 2e+01]

Presolve removed 76135 rows and 62202 columns
Presolve time: 1.49s
Presolved: 95797 rows, 109964 columns, 377819 nonzeros
Variable types: 85487 continuous, 24477 integer (24476 binary)
Found heuristic solution: objective 4867.9345866
Deterministic concurrent LP optimizer: primal and dual simplex
Showing primal log only...


Root simplex log...

Iteration    Objective       Primal Inf.    Dual Inf.      Time
   18967    7.4689460e+03   0.000000e+00   2.796555e+05      5s
   33692    7.0943664e+03   0.000000e+00   5.720585e+04     10s
   44202    6.9491262e+03   0.000000e+00   1.250059e+06     15s
   54259    6.8192579e+03   0.000000e+00   1.471814e+05     20s
   64257    6.7048548e+03   0.000000e+00   1.755129e+05     25s
   73474    6.6062679e+03   0.000000e+00   1.269859e+05     30s
   81384    6.5417429e+03   0.000000e+00   1.050337e+05     35s
   89236    6.4940524e+03   0.000000e+00   5.844569e+04     40s
   97345    6.4417132e+03   0.000000e+00   9.037907e+04     45s
  104955    6.3978649e+03   0.000000e+00   3.076552e+05     50s
  113045    6.3482126e+03   0.000000e+00   8.571240e+04     55s
Concurrent spin time: 0.00s

Solved with dual simplex

Root simplex log...

Iteration    Objective       Primal Inf.    Dual Inf.      Time
  186713    3.5967499e+03   0.000000e+00   0.000000e+00     59s

Root relaxation: objective 3.596750e+03, 186713 iterations, 56.32 seconds (75.44 work units)

    Nodes    |    Current Node    |     Objective Bounds      |     Work
 Expl Unexpl |  Obj  Depth IntInf | Incumbent    BestBd   Gap | It/Node Time

     0     0 3596.74989    0  894 4867.93459 3596.74989  26.1%     -   60s
H    0     0                    3622.2881691 3596.74989  0.71%     -   64s
H    0     0                    3618.6148580 3596.74989  0.60%     -   67s
     0     0 3596.96290    0 1152 3618.61486 3596.96290  0.60%     -   70s
     0     0 3596.96290    0 1152 3618.61486 3596.96290  0.60%     -   74s
     0     0 3597.02041    0 1262 3618.61486 3597.02041  0.60%     -   76s
     0     0 3597.02041    0 1284 3618.61486 3597.02041  0.60%     -   79s
     0     0 3597.09175    0 1184 3618.61486 3597.09175  0.59%     -   81s
     0     0 3597.09217    0 1184 3618.61486 3597.09217  0.59%     -   90s
     0     0 3597.10543    0 1167 3618.61486 3597.10543  0.59%     -   91s
H    0     0                    3618.3451031 3597.11002  0.59%     -   95s
     0     0 3597.11002    0 1167 3618.34510 3597.11002  0.59%     -   95s
     0     0 3597.11488    0 1209 3618.34510 3597.11488  0.59%     -   97s
     0     0 3597.13761    0 1075 3618.34510 3597.13761  0.59%     -  100s
     0     0 3597.13850    0 1075 3618.34510 3597.13850  0.59%     -  100s
     0     0 3597.13850    0 1074 3618.34510 3597.13850  0.59%     -  100s
H    0     0                    3612.4660945 3597.13850  0.42%     -  101s
     0     0 3597.13850    0 1139 3612.46609 3597.13850  0.42%     -  101s
     0     0 3597.14006    0 1139 3612.46609 3597.14006  0.42%     -  102s
     0     0 3597.14006    0 1139 3612.46609 3597.14006  0.42%     -  103s
H    0     0                    3611.0594774 3597.14006  0.39%     -  105s
     0     0 3597.14006    0 1140 3611.05948 3597.14006  0.39%     -  105s
     0     0 3597.26132    0 1140 3611.05948 3597.26132  0.38%     -  106s
     0     0 3597.26132    0 1140 3611.05948 3597.26132  0.38%     -  106s
     0     0 3597.26132    0  916 3611.05948 3597.26132  0.38%     -  107s
     0     2 3597.26132    0  896 3611.05948 3597.26132  0.38%     -  109s
     1     4 3598.54308    1  855 3611.05948 3597.26132  0.38%  3884  112s
H    7    14                    3610.4050124 3597.26132  0.36%  2569  120s
H   15    26                    3610.3356529 3597.44815  0.36%  3860  126s
    27    79 3599.23979    5  626 3610.33565 3598.43353  0.33%  3607  134s
    80   101 3600.08047    8  524 3610.33565 3598.46043  0.33%  1981  138s
   104   111 3600.81636    9  580 3610.33565 3598.46043  0.33%  1890  144s
   118   135 3602.46302    9  593 3610.33565 3598.51511  0.33%  2099  147s
   142   149 3601.62214   10  526 3610.33565 3598.51511  0.33%  1960  151s
   158   166 3602.40792   10  461 3610.33565 3598.51511  0.33%  1988  156s
   175   181 3602.45051   11  412 3610.33565 3598.51511  0.33%  1993  161s
   192   200 3603.73359   11  390 3610.33565 3598.51511  0.33%  2062  167s
   211   218 3602.64791   12  395 3610.33565 3598.51511  0.33%  2097  170s
H  229   227                    3609.6442271 3598.51511  0.31%  2079  176s
   244   241 3605.53441   13  354 3609.64423 3598.51511  0.31%  2160  181s
   270   253 3603.60166   14  358 3609.64423 3598.51511  0.31%  2110  198s
H  282   264                    3609.3258959 3598.51511  0.30%  2152  218s
   294   273 3604.35961   15  297 3609.32590 3598.51511  0.30%  2205  223s
   315   288 3605.81783   16  403 3609.32590 3598.51511  0.30%  2216  228s
   339   295 3604.81313   16  274 3609.32590 3598.51972  0.30%  2214  232s
H  343   295                    3609.3057781 3598.51972  0.30%  2192  232s
H  344   295                    3609.2141813 3598.51972  0.30%  2189  232s
   356   326 3605.06270   17  251 3609.21418 3598.51972  0.30%  2170  239s
   399   363 3606.01951   23  177 3609.21418 3598.76336  0.29%  2079  244s
   436   382     cutoff   27      3609.21418 3598.76336  0.29%  2024  251s
   463   424 3606.12394   28  257 3609.21418 3598.76336  0.29%  2037  256s
   509   472 3607.03845   34  217 3609.21418 3598.76336  0.29%  1950  262s
H  521   472                    3609.1882357 3598.76336  0.29%  1917  262s
   567   514 3607.57483   40  162 3609.18824 3599.04969  0.28%  1835  267s
   627   578 3607.78182   47  106 3609.18824 3599.04969  0.28%  1751  272s
   709   639 3607.79528   55   64 3609.18824 3599.05200  0.28%  1620  276s
   782   681 3607.79528   66   48 3609.18824 3599.05200  0.28%  1528  290s
   824   685 3607.79528   69   46 3609.18824 3599.05200  0.28%  1502  303s
   856   712 3607.79528   70   46 3609.18824 3599.05200  0.28%  1484  315s
H  892   700                    3608.1747742 3599.05200  0.25%  1456  327s
   929   727 3607.79528   72   44 3608.17477 3599.05200  0.25%  1411  335s
  1029   772 3607.79528   86   29 3608.17477 3599.05200  0.25%  1345  342s
  1131   864 3607.79528  100   13 3608.17477 3599.06758  0.25%  1289  350s
* 1145   755             113    3607.7952829 3599.06758  0.24%  1273  350s
  1239   677 3604.11464   12  345 3607.79528 3599.06758  0.24%  1237  358s
  1304   698 3606.17194   14  310 3607.79528 3599.06758  0.24%  1252  366s
  1367   781 3606.75491   15  490 3607.79528 3599.06758  0.24%  1258  375s
  1482   785 3607.77280   16  447 3607.79528 3599.06758  0.24%  1218  404s
  1500   795 3607.74111   16  300 3607.79528 3599.06758  0.24%  1215  435s
  1514   804     cutoff   17      3607.79528 3599.14819  0.24%  1212  465s
  1529   808     cutoff   17      3607.79528 3599.14819  0.24%  1207  495s
H 1545   744                    3607.4140903 3599.14819  0.23%  1199  495s
  1549   878 3600.22340   12  555 3607.41409 3599.14819  0.23%  1200  504s
  1719  1037 3604.00500   15  341 3607.41409 3599.14819  0.23%  1132  513s
  1914  1171 3606.87747   24  304 3607.41409 3599.56494  0.22%  1061  522s
* 2030  1033             114    3607.1477884 3599.56494  0.21%  1017  522s
* 2031  1029             114    3607.1459076 3599.56494  0.21%  1017  522s
  2125  1062 3604.08226   10  360 3607.14591 3599.56494  0.21%   988  533s
* 2159  1028             117    3607.1194663 3599.56494  0.21%   985  533s
* 2208   795              97    3606.9088670 3599.57427  0.20%   985  533s
  2253   846     cutoff   24      3606.90887 3599.64531  0.20%   975  544s
  2380   878 3604.73770   12  672 3606.90887 3599.64531  0.20%   974  555s
  2486   914     cutoff   15      3606.90887 3599.72537  0.20%   973  566s
  2584   976 3605.09202   12  359 3606.90887 3599.72537  0.20%   982  577s
  2699   977 3606.24131   28  916 3606.90887 3599.87764  0.19%   983  674s
  2701   978 3605.86387   27 1501 3606.90887 3599.87764  0.19%   982  749s
  2702   979 3606.82746   40 1894 3606.90887 3599.87764  0.19%   982  752s
  2705   981 3606.04440   24 1810 3606.90887 3599.87764  0.19%   981  755s
  2706   982 3603.82607   15 1278 3606.90887 3599.87764  0.19%   981  821s
  2707   982 3603.75300   14 1278 3606.90887 3599.87764  0.19%   980  832s
  2708   986 3599.87764   16 1223 3606.90887 3599.87764  0.19%  1062  837s
  2710   989 3599.87764   17 1087 3606.90887 3599.87764  0.19%  1064  840s
  2714   994 3599.87764   18 1123 3606.90887 3599.87764  0.19%  1066  845s
  2722  1003 3599.87764   19 1148 3606.90887 3599.87764  0.19%  1077  851s
  2734  1014 3599.87764   20 1344 3606.90887 3599.87764  0.19%  1086  861s
  2752  1022 3600.28285   21 1329 3606.90887 3599.87764  0.19%  1100  869s
  2776  1028 3602.10952   22  986 3606.90887 3599.87764  0.19%  1112  876s
  2800  1038 3602.58560   23  990 3606.90887 3599.87764  0.19%  1124  883s
  2828  1047 3604.65363   24  877 3606.90887 3599.87764  0.19%  1131  892s
  2848  1050 3604.65248   24  888 3606.90887 3599.87764  0.19%  1134  901s
  2861  1066 3604.74558   25  649 3606.90887 3599.87764  0.19%  1138  908s
  2898  1075 3604.84115   26  639 3606.90887 3599.87764  0.19%  1143  915s
  2939  1080 3604.94144   27  600 3606.90887 3599.87764  0.19%  1145  922s
  2980  1087 3604.94144   28  599 3606.90887 3600.31649  0.18%  1147  927s
  3011  1102 3604.98464   29  575 3606.90887 3600.31649  0.18%  1151  931s
  3040  1116 3605.03106   31  578 3606.90887 3600.45944  0.18%  1155  936s
  3078  1132 3606.77313   32  526 3606.90887 3600.45944  0.18%  1158  942s
  3116  1148 3605.50980   33  647 3606.90887 3600.45944  0.18%  1161  948s
  3161  1144 3605.60150   35  625 3606.90887 3600.45944  0.18%  1162  953s
  3218  1135     cutoff   39      3606.90887 3601.39313  0.15%  1157  958s
  3274  1122     cutoff   43      3606.90887 3601.66028  0.15%  1150  975s
  3290  1127     cutoff   44      3606.90887 3601.66028  0.15%  1151  993s
  3321  1129 3604.60168   23  797 3606.90887 3601.66028  0.15%  1149 1012s
  3361  1131 3605.64639   25  705 3606.90887 3601.66028  0.15%  1148 1032s
  3389  1141 3605.54141   25  695 3606.90887 3601.66028  0.15%  1151 1051s
  3416  1146 3606.75517   29  423 3606.90887 3601.66028  0.15%  1154 1068s
  3459  1157 3606.28698   23  788 3606.90887 3601.66028  0.15%  1155 1086s
  3506  1139     cutoff   25      3606.90887 3602.17816  0.13%  1152 1109s
  3530  1150     cutoff   25      3606.90887 3602.17816  0.13%  1155 1126s
  3585  1145 3606.04959   25  734 3606.90887 3602.41804  0.12%  1154 1141s
  3642  1149     cutoff   27      3606.90887 3602.41804  0.12%  1155 1152s
  3732  1125 3606.85693   32  443 3606.90887 3602.75488  0.12%  1152 1173s
  3749  1137 3606.85693   33  443 3606.90887 3602.75488  0.12%  1154 1191s
  3838  1163     cutoff   32      3606.90887 3602.75488  0.12%  1146 1206s
  3955  1138 infeasible   35      3606.90887 3602.75677  0.12%  1133 1220s
  4041  1124 3606.46816   26  789 3606.90887 3602.77879  0.11%  1137 1235s
  4118  1140 3606.46816   27  772 3606.90887 3602.77879  0.11%  1142 1253s
  4233  1142 3606.50952   28  796 3606.90887 3603.92065  0.08%  1134 1268s
  4355  1122     cutoff   29      3606.90887 3604.04784  0.08%  1127 1287s
  4475  1112 3605.57832   27  477 3606.90887 3604.17953  0.08%  1127 1302s
  4586  1111 3605.58545   28  482 3606.90887 3604.17953  0.08%  1128 1320s
  4715  1111 3605.58545   29  498 3606.90887 3604.35141  0.07%  1124 1337s
  4882  1067 3605.70984   30  472 3606.90887 3604.35141  0.07%  1116 1355s
  4912  1099 3605.70984   31  463 3606.90887 3604.35141  0.07%  1113 1374s
  5102  1103 3606.58360   42  546 3606.90887 3604.35141  0.07%  1098 1389s
  5284  1128 3606.51910   40  433 3606.90887 3604.35141  0.07%  1086 1406s
  5478  1090 infeasible   24      3606.90887 3604.68117  0.06%  1071 1423s
  5670  1120     cutoff   38      3606.90887 3604.70633  0.06%  1061 1443s
  5863  1141 3606.75143   45  358 3606.90887 3604.76782  0.06%  1051 1462s
  6052  1182 3606.21386   26  467 3606.90887 3604.81508  0.06%  1043 1481s
H 6170  1179                    3606.8910293 3604.82964  0.06%  1039 1481s
  6232  1194 3606.81815   29  652 3606.89103 3604.88350  0.06%  1038 1502s
  6526  1269 3606.74928   40  752 3606.89103 3604.96425  0.05%  1025 1525s
  6869  1374 3606.29051   32  567 3606.89103 3605.05869  0.05%  1006 1549s
  7260  1462 3606.45927   31  519 3606.89103 3605.08913  0.05%   984 1572s
  7613  1519 3605.94654   29  384 3606.89103 3605.18337  0.05%   968 1596s
  8006  1615 3606.38693   41  428 3606.89103 3605.24425  0.05%   955 1620s
  8387  1807 3606.04365   35  488 3606.89103 3605.31477  0.04%   946 1650s
  8849  1921     cutoff   22      3606.89103 3605.34126  0.04%   932 1685s
  9396  2057     cutoff   25      3606.89103 3605.35102  0.04%   924 1716s
  9946  2426 3606.64942   37  638 3606.89103 3605.38409  0.04%   906 1745s
 10572  2694 3606.72723   41  403 3606.89103 3605.40593  0.04%   879 1778s
*10785  2595             241    3606.8334111 3605.42561  0.04%   870 1778s
*10914  2091             236    3606.7708288 3605.42561  0.04%   868 1778s
 11337  1844     cutoff   45      3606.77083 3605.46014  0.04%   849 1800s

Cutting planes:
  Gomory: 9
  Cover: 37
  Implied bound: 38
  MIR: 26
  Flow cover: 135
  Relax-and-lift: 20

Explored 11709 nodes (10074864 simplex iterations) in 1800.39 seconds (2353.73 work units)
Thread count was 24 (of 24 available processors)

Solution count 10: 3606.77 3606.83 3606.89 ... 3607.15

Time limit reached
Best objective 3.606770828758e+03, best bound 3.605544667057e+03, gap 0.0340%
