
Gurobi 13.0.1 (win64) logging started Sat Oct 10 03:01:12 2026

Set parameter LogFile to value "ieee_owen\weak_eps_experiment\stochastic\main17_xi\logs\n30_S20_day31_ef_gurobi.log"
Set parameter NodefileStart to value 3
Set parameter MIPGap to value 0.0001
Gurobi Optimizer version 13.0.1 build v13.0.1rc0 (win64 - Windows 10.0 (19045.2))

CPU model: AMD Ryzen 9 5900X 12-Core Processor, instruction set [SSE2|AVX|AVX2]
Thread count: 12 physical cores, 24 logical processors, using up to 24 threads

Non-default parameters:
TimeLimit  1800
NodefileStart  3
LogToConsole  0

Optimize a model with 171932 rows, 172166 columns and 734890 nonzeros (Min)
Model fingerprint: 0xbe59ad1e
Model has 22 linear objective coefficients
Variable types: 145046 continuous, 27120 integer (27120 binary)
Coefficient statistics:
  Matrix range     [3e-04, 2e+02]
  Objective range  [5e-02, 1e+00]
  Bounds range     [9e-03, 6e+01]
  RHS range        [7e-02, 2e+01]

Presolve removed 76126 rows and 62177 columns
Presolve time: 1.58s
Presolved: 95806 rows, 109989 columns, 377877 nonzeros
Variable types: 85503 continuous, 24486 integer (24485 binary)
Found heuristic solution: objective 5378.0969073
Deterministic concurrent LP optimizer: primal and dual simplex
Showing primal log only...


Root simplex log...

Iteration    Objective       Primal Inf.    Dual Inf.      Time
   18950    7.9642189e+03   0.000000e+00   1.959355e+05      5s
   34783    7.6028558e+03   0.000000e+00   1.394481e+05     10s
   46574    7.4506516e+03   0.000000e+00   1.637267e+05     15s
   58308    7.3361230e+03   0.000000e+00   8.832660e+04     20s
   68491    7.2365385e+03   0.000000e+00   7.420500e+05     25s
   77840    7.1622088e+03   0.000000e+00   5.085363e+04     30s
   86059    7.1103348e+03   0.000000e+00   1.442733e+05     35s
   94627    7.0495388e+03   0.000000e+00   2.548248e+05     40s
Concurrent spin time: 0.00s

Solved with dual simplex

Root simplex log...

Iteration    Objective       Primal Inf.    Dual Inf.      Time
  150728    4.1377350e+03   0.000000e+00   0.000000e+00     44s

Root relaxation: objective 4.137735e+03, 150728 iterations, 41.29 seconds (55.88 work units)

    Nodes    |    Current Node    |     Objective Bounds      |     Work
 Expl Unexpl |  Obj  Depth IntInf | Incumbent    BestBd   Gap | It/Node Time

     0     0 4137.73499    0 1031 5378.09691 4137.73499  23.1%     -   45s
H    0     0                    4183.4836216 4137.73499  1.09%     -   48s
H    0     0                    4167.2776570 4137.73499  0.71%     -   51s
     0     0 4138.20874    0 1175 4167.27766 4138.20874  0.70%     -   55s
H    0     0                    4167.2307483 4138.20883  0.70%     -   63s
     0     0 4138.20883    0 1173 4167.23075 4138.20883  0.70%     -   64s
     0     0 4138.22433    0 1100 4167.23075 4138.22433  0.70%     -   68s
     0     0 4138.23089    0 1101 4167.23075 4138.23089  0.70%     -   73s
H    0     0                    4167.1775147 4138.23089  0.69%     -   75s
     0     0 4138.23089    0 1094 4167.17751 4138.23089  0.69%     -   75s
     0     0 4138.23089    0 1095 4167.17751 4138.23089  0.69%     -   78s
     0     0 4138.23089    0 1036 4167.17751 4138.23089  0.69%     -   80s
     0     0 4138.23089    0 1036 4167.17751 4138.23089  0.69%     -   81s
     0     0 4138.23089    0  940 4167.17751 4138.23089  0.69%     -   83s
     0     0 4138.23089    0 1037 4167.17751 4138.23089  0.69%     -   84s
     0     0 4138.23089    0 1053 4167.17751 4138.23089  0.69%     -   86s
     0     0 4138.23089    0 1053 4167.17751 4138.23089  0.69%     -   86s
     0     0 4138.23089    0  939 4167.17751 4138.23089  0.69%     -   87s
     0     0 4138.23089    0 1000 4167.17751 4138.23089  0.69%     -   89s
     0     0 4138.23089    0 1022 4167.17751 4138.23089  0.69%     -   90s
     0     0 4138.23089    0  951 4167.17751 4138.23089  0.69%     -   92s
     0     0 4138.23408    0 1038 4167.17751 4138.23408  0.69%     -   94s
     0     0 4138.23408    0 1032 4167.17751 4138.23408  0.69%     -   95s
     0     0 4138.23408    0 1032 4167.17751 4138.23408  0.69%     -   95s
     0     0 4138.23408    0  938 4167.17751 4138.23408  0.69%     -   96s
     0     0 4138.23408    0  937 4167.17751 4138.23408  0.69%     -   97s
     0     0 4138.23408    0  937 4167.17751 4138.23408  0.69%     -   98s
H    0     0                    4155.9645510 4138.23408  0.43%     -  100s
     0     2 4138.23408    0  937 4155.96455 4138.23408  0.43%     -  102s
     7    16 4151.15460    3  904 4155.96455 4138.33662  0.42%  2320  109s
    15    28 4151.40763    4 1063 4155.96455 4138.59393  0.42%  2715  117s
    27    50 4151.61006    5  910 4155.96455 4138.60625  0.42%  4036  124s
H   43    50                    4148.2891434 4138.60625  0.23%  3294  124s
    49    57     cutoff    6      4148.28914 4138.60820  0.23%  3208  132s
    86    86 4138.77838    6  683 4148.28914 4138.77039  0.23%  2252  137s
   115   104 4139.11747    7  686 4148.28914 4138.77039  0.23%  2106  141s
   133   120 4139.50373    7  722 4148.28914 4138.77039  0.23%  2267  146s
   149   144 4141.92704    8  688 4148.28914 4138.77039  0.23%  2378  150s
   201   182 4140.05968    7  875 4148.28914 4138.77039  0.23%  2276  158s
   216   207 4139.50396    8  682 4148.28914 4138.77039  0.23%  2265  162s
H  238   207                    4147.0079397 4138.77039  0.20%  2248  162s
   243   233 4142.84200    8  585 4147.00794 4138.77039  0.20%  2214  166s
   299   275 4142.13061    9  652 4147.00794 4138.77039  0.20%  2033  174s
   317   284 4144.78966    9  628 4147.00794 4138.77039  0.20%  2023  179s
H  333   284                    4146.3910312 4138.77039  0.18%  1971  179s
   340   291 4142.04627    9  579 4146.39103 4138.77039  0.18%  1959  186s
   357   317 4145.85249    9  598 4146.39103 4138.77039  0.18%  1929  193s
   399   354 4145.70858    9  545 4146.39103 4138.77039  0.18%  1804  199s
H  417   354                    4146.3900564 4138.77039  0.18%  1760  199s
   443   392 4144.03465   10  473 4146.39006 4138.77039  0.18%  1688  203s
   501   457 4144.04240   11  454 4146.39006 4138.77039  0.18%  1567  208s
   578   523 4144.28649   20  284 4146.39006 4138.77039  0.18%  1433  213s
   662   594 4144.34044   24  215 4146.39006 4138.77039  0.18%  1311  217s
   768   671 4144.34044   26  218 4146.39006 4138.77039  0.18%  1172  220s
   998   854 4145.26003   33  150 4146.39006 4138.77039  0.18%   967  229s
  1145   993 4144.88545   39  118 4146.39006 4139.29214  0.17%   864  234s
  1288  1129 4144.90294   45   86 4146.39006 4139.29214  0.17%   784  239s
* 1353   801             136    4145.6183413 4139.29214  0.15%   750  239s
  1441   713 4144.90294   65   58 4145.61834 4139.29214  0.15%   716  244s
  1549   651 4144.91230   78   40 4145.61834 4139.29214  0.15%   693  254s
H 1550   651                    4145.4815255 4139.29214  0.15%   693  254s
  1564   738 4144.90831   77   40 4145.48153 4139.29214  0.15%   707  259s
* 1621   738             120    4145.3035187 4139.29214  0.15%   683  259s
  1702   666 4144.90831   96    8 4145.30352 4139.29214  0.15%   669  264s
* 1710   666             104    4144.9083135 4139.29214  0.14%   666  264s
  1823   634 4140.91440    9  697 4144.90831 4139.40697  0.13%   660  270s
  1860   632     cutoff   11      4144.90831 4139.40697  0.13%   684  275s
  1896   634     cutoff   11      4144.90831 4139.82957  0.12%   703  281s
  1952   630 4142.80087   11  786 4144.90831 4139.82957  0.12%   717  287s
  1998   624     cutoff   11      4144.90831 4140.15978  0.11%   733  293s
  2050   620     cutoff   13      4144.90831 4140.15978  0.11%   743  301s
  2096   608     cutoff   11      4144.90831 4140.45574  0.11%   759  306s
  2142   608     cutoff   12      4144.90831 4140.79267  0.10%   771  330s
  2166   582     cutoff   12      4144.90831 4140.79267  0.10%   781  353s
  2216   539     cutoff    7      4144.90831 4140.79267  0.10%   790  377s
  2282   539 4144.06263   13  481 4144.90831 4140.79267  0.10%   798  402s
  2369   560 4144.09037   14  369 4144.90831 4142.47185  0.06%   786  429s
  2455   586 4144.24443   15  287 4144.90831 4142.47185  0.06%   771  457s
  2565   632 4144.24443   16  265 4144.90831 4142.69167  0.05%   750  479s
  2689   743 4144.24443   17  285 4144.90831 4142.78464  0.05%   726  502s
* 2749   743             118    4144.8995324 4142.78464  0.05%   714  502s
  2885   798 4144.24443   18  271 4144.89953 4142.78464  0.05%   684  514s
H 3202   798                    4144.8923596 4143.26490  0.04%   636  514s
H 3205   798                    4144.8920690 4143.26490  0.04%   636  514s
  3318   740 4144.58966   21  229 4144.89207 4143.26490  0.04%   622  524s
* 3398   740             106    4144.8872778 4143.26490  0.04%   610  524s
  3774   589 4144.28223   18  308 4144.88728 4144.17946  0.02%   571  535s
  4140   551     cutoff   30      4144.88728 4144.28223  0.01%   545  547s
  4537   544     cutoff   26      4144.88728 4144.34532  0.01%   522  561s
  4566   418     cutoff   30      4144.88728 4144.34532  0.01%   520  576s

Cutting planes:
  Gomory: 8
  Cover: 507
  Implied bound: 1511
  Clique: 23
  MIR: 427
  Flow cover: 1454
  Flow path: 42
  Network: 5
  RLT: 3
  Relax-and-lift: 186
  BQP: 8

Explored 5149 nodes (2654261 simplex iterations) in 576.91 seconds (702.99 work units)
Thread count was 24 (of 24 available processors)

Solution count 10: 4144.89 4144.89 4144.89 ... 4146.39

Optimal solution found (tolerance 1.00e-04)
Best objective 4.144887277827e+03, best bound 4.144596494939e+03, gap 0.0070%
