
Gurobi 13.0.1 (win64) logging started Thu Oct  8 01:31:52 2026

Set parameter LogFile to value "ieee_owen\weak_eps_experiment\stochastic\main17_xi\logs\n30_S20_day5_ef_gurobi.log"
Set parameter NodefileStart to value 3
Set parameter MIPGap to value 0.0001
Gurobi Optimizer version 13.0.1 build v13.0.1rc0 (win64 - Windows 10.0 (19045.2))

CPU model: AMD Ryzen 9 5900X 12-Core Processor, instruction set [SSE2|AVX|AVX2]
Thread count: 12 physical cores, 24 logical processors, using up to 24 threads

Non-default parameters:
TimeLimit  1800
NodefileStart  3
LogToConsole  0

Optimize a model with 171932 rows, 172166 columns and 734890 nonzeros (Min)
Model fingerprint: 0x4b733ea2
Model has 22 linear objective coefficients
Variable types: 145046 continuous, 27120 integer (27120 binary)
Coefficient statistics:
  Matrix range     [3e-04, 2e+02]
  Objective range  [5e-02, 1e+00]
  Bounds range     [7e-03, 6e+01]
  RHS range        [7e-02, 2e+01]

Presolve removed 76124 rows and 62181 columns
Presolve time: 1.63s
Presolved: 95808 rows, 109985 columns, 377878 nonzeros
Variable types: 85501 continuous, 24484 integer (24483 binary)
Found heuristic solution: objective 5243.2075321
Deterministic concurrent LP optimizer: primal and dual simplex
Showing primal log only...


Root simplex log...

Iteration    Objective       Primal Inf.    Dual Inf.      Time
   17000    7.8865549e+03   0.000000e+00   7.366645e+05      5s
   32372    7.5186527e+03   0.000000e+00   2.343637e+05     10s
   43910    7.3528906e+03   0.000000e+00   1.325315e+06     15s
   55023    7.2387907e+03   0.000000e+00   3.089876e+05     20s
   64426    7.1602828e+03   0.000000e+00   8.526098e+04     25s
   72916    7.1001111e+03   0.000000e+00   3.189708e+05     30s
   80498    7.0567636e+03   0.000000e+00   9.853788e+04     35s
   87439    7.0146436e+03   0.000000e+00   1.982524e+05     40s
   94311    6.9638174e+03   0.000000e+00   9.510921e+04     45s
  100611    6.9257562e+03   0.000000e+00   1.782185e+05     50s
  107781    6.8751587e+03   0.000000e+00   6.308368e+05     55s
  114552    6.8341832e+03   0.000000e+00   1.103154e+05     60s
Concurrent spin time: 0.00s

Solved with dual simplex

Root simplex log...

Iteration    Objective       Primal Inf.    Dual Inf.      Time
  187360    4.0469691e+03   0.000000e+00   0.000000e+00     63s

Root relaxation: objective 4.046969e+03, 187360 iterations, 60.48 seconds (80.22 work units)

    Nodes    |    Current Node    |     Objective Bounds      |     Work
 Expl Unexpl |  Obj  Depth IntInf | Incumbent    BestBd   Gap | It/Node Time

     0     0 4046.96913    0  747 5243.20753 4046.96913  22.8%     -   64s
H    0     0                    4093.6776944 4046.96913  1.14%     -   70s
H    0     0                    4089.3275858 4046.96913  1.04%     -   74s
     0     0 4047.21286    0  802 4089.32759 4047.21286  1.03%     -   77s
H    0     0                    4089.1388666 4047.21286  1.03%     -   88s
H    0     0                    4088.5209310 4047.21286  1.01%     -   88s
     0     0 4047.21286    0  802 4088.52093 4047.21286  1.01%     -   89s
     0     0 4047.44384    0  958 4088.52093 4047.44384  1.00%     -   91s
     0     0 4047.45016    0  888 4088.52093 4047.45016  1.00%     -   93s
     0     0 4047.45050    0  888 4088.52093 4047.45050  1.00%     -   94s
     0     0 4047.45050    0  930 4088.52093 4047.45050  1.00%     -   95s
     0     0 4047.45050    0  929 4088.52093 4047.45050  1.00%     -   97s
     0     0 4047.46256    0  908 4088.52093 4047.46256  1.00%     -   98s
     0     0 4047.46256    0  908 4088.52093 4047.46256  1.00%     -   99s
     0     0 4047.46260    0  993 4088.52093 4047.46260  1.00%     -  100s
     0     0 4047.46538    0  888 4088.52093 4047.46538  1.00%     -  102s
     0     0 4047.46538    0  888 4088.52093 4047.46538  1.00%     -  102s
     0     0 4047.46538    0  893 4088.52093 4047.46538  1.00%     -  103s
     0     0 4047.46538    0  893 4088.52093 4047.46538  1.00%     -  103s
     0     0 4047.46538    0  653 4088.52093 4047.46538  1.00%     -  105s
     0     0 4047.47380    0  768 4088.52093 4047.47380  1.00%     -  109s
     0     0 4047.47380    0  809 4088.52093 4047.47380  1.00%     -  110s
     0     0 4047.47476    0  811 4088.52093 4047.47476  1.00%     -  110s
     0     0 4047.47476    0  806 4088.52093 4047.47476  1.00%     -  111s
     0     0 4047.47476    0  806 4088.52093 4047.47476  1.00%     -  111s
     0     0 4047.47476    0  806 4088.52093 4047.47476  1.00%     -  112s
     0     0 4047.47476    0  679 4088.52093 4047.47476  1.00%     -  114s
     0     0 4047.47476    0  686 4088.52093 4047.47476  1.00%     -  118s
     0     0 4047.47476    0  692 4088.52093 4047.47476  1.00%     -  119s
     0     0 4047.47476    0  669 4088.52093 4047.47476  1.00%     -  120s
     0     0 4047.47476    0  669 4088.52093 4047.47476  1.00%     -  121s
     0     0 4047.47476    0  657 4088.52093 4047.47476  1.00%     -  121s
     0     2 4047.47476    0  657 4088.52093 4047.47476  1.00%     -  125s
     3     8 4050.65360    2  776 4088.52093 4047.47476  1.00%  1717  131s
     7    16 4050.69683    3  785 4088.52093 4047.49822  1.00%  1753  137s
H   11    16                    4088.4976466 4047.49822  1.00%  2214  137s
H   15    28                    4087.4854243 4047.73236  0.97%  1826  142s
H   18    28                    4087.4673483 4047.73236  0.97%  1659  142s
H   26    28                    4087.1386736 4047.75306  0.96%  1658  142s
    27    54 4050.97751    5  766 4087.13867 4047.75306  0.96%  1638  149s
H   29    54                    4085.8200849 4047.75306  0.93%  1534  149s
    53    72 4051.74098    7  710 4085.82008 4047.75306  0.93%  1518  153s
    71    93 4051.67996    7  713 4085.82008 4047.75306  0.93%  1298  158s
    92   117 4051.74671    8  677 4085.82008 4047.75306  0.93%  1270  167s
   116   130 4052.46950    9  683 4085.82008 4047.75306  0.93%  1665  174s
   129   142 4053.48021   10  758 4085.82008 4047.75306  0.93%  1790  180s
   141   154 4054.61076   11  743 4085.82008 4047.75306  0.93%  1897  186s
   153   167 4055.16150   12  863 4085.82008 4047.75306  0.93%  2078  193s
   166   179 4055.16898   13  841 4085.82008 4047.75306  0.93%  2101  197s
   178   191 4056.11078   14  807 4085.82008 4047.75306  0.93%  2090  203s
   190   203 4060.55942   14  609 4085.82008 4047.75306  0.93%  2171  212s
H  193   203                    4084.7057082 4047.75306  0.90%  2186  212s
   202   215 4057.22669   15  684 4084.70571 4047.75306  0.90%  2288  222s
H  205   215                    4084.2518252 4047.75306  0.89%  2271  222s
   214   228 4057.38724   16  536 4084.25183 4047.75306  0.89%  2334  230s
   227   245 4062.53215   16  450 4084.25183 4047.75306  0.89%  2471  238s
H  244   257                    4068.6932143 4047.75306  0.51%  2435  244s
H  252   257                    4067.2333177 4047.75306  0.48%  2428  244s
   256   285 4057.68120   18  494 4067.23332 4047.75306  0.48%  2449  251s
H  276   285                    4066.3341213 4047.75306  0.46%  2413  251s
   284   323 4058.39755   20  431 4066.33412 4047.75306  0.46%  2421  258s
   322   357 4058.77186   23  262 4066.33412 4047.75306  0.46%  2328  265s
   356   403 4058.77186   27  202 4066.33412 4047.75306  0.46%  2293  270s
   402   437 4062.83269   29  242 4066.33412 4047.75306  0.46%  2177  276s
   436   494 4058.89443   30  199 4066.33412 4047.75306  0.46%  2167  280s
   493   559 4059.15453   33  186 4066.33412 4047.75306  0.46%  2033  287s
   558   608 4060.81456   36  189 4066.33412 4047.75306  0.46%  1936  292s
   607   665 4059.47378   37  146 4066.33412 4047.75306  0.46%  1893  299s
   664   711 4062.76795   41  142 4066.33412 4047.75306  0.46%  1875  305s
H  710   731                    4060.6350287 4047.75306  0.32%  1882  313s
H  711   731                    4060.6280782 4047.75306  0.32%  1881  313s
H  719   731                    4060.6274578 4047.75306  0.32%  1862  313s
   780   660 4060.55246   52   37 4060.62746 4047.75306  0.32%  1799  320s
H  861   679                    4060.5754369 4047.75306  0.32%  1687  331s
H  862   679                    4060.5648394 4047.75306  0.32%  1685  331s
H  865   679                    4060.5578889 4047.75306  0.32%  1679  331s
   895   692 4060.55246   75   14 4060.55789 4047.75306  0.32%  1714  340s
H  898   692                    4060.5524590 4047.75306  0.32%  1708  340s
   932   710     cutoff   86      4060.55246 4048.20717  0.30%  1701  349s
   989   726 4050.80188    7  677 4060.55246 4048.22076  0.30%  1654  357s
  1051   733 4052.83473    9  767 4060.55246 4048.22076  0.30%  1646  367s
  1113   743 4053.07134   10  723 4060.55246 4048.22076  0.30%  1644  377s
  1169   783 4054.14078   14  737 4060.55246 4048.22076  0.30%  1661  386s
  1215   831 4056.36481   17  610 4060.55246 4048.22076  0.30%  1694  394s
  1272   886 4057.08918   27  396 4060.55246 4048.22076  0.30%  1719  404s
  1340   976 4058.76257   30  468 4060.55246 4048.22076  0.30%  1738  412s
  1450  1136 4059.67588   37  618 4060.55246 4048.22076  0.30%  1700  425s
H 1479  1081                    4060.3390939 4048.93821  0.28%  1688  425s
H 1602  1043                    4060.1464821 4048.93821  0.28%  1596  425s
H 1605  1041                    4060.1424440 4048.93821  0.28%  1593  425s
  1649   942     cutoff   46      4060.14244 4048.93821  0.28%  1559  447s
  1682   962 4055.46591   11  751 4060.14244 4048.93821  0.28%  1553  469s
* 1713   902              86    4060.1064355 4048.93821  0.28%  1540  469s
  1727   933 4057.11444   14  500 4060.10644 4048.93821  0.28%  1532  483s
  1814  1011 4058.80772   19  351 4060.10644 4048.93821  0.28%  1525  498s
  1913  1082 4060.00662   25  173 4060.10644 4048.93821  0.28%  1494  513s
* 2034  1006              77    4060.0705100 4048.93821  0.27%  1462  513s
  2040   964 4055.53148   11  625 4060.07051 4048.93821  0.27%  1463  529s
  2116  1010 4059.38625   15  543 4060.07051 4050.86043  0.23%  1478  546s
  2217  1102     cutoff   16      4060.07051 4050.94599  0.22%  1474  565s
H 2361  1022                    4059.9250495 4050.96751  0.22%  1449  584s
H 2361   791                    4059.1479484 4050.96751  0.20%  1449  586s
H 2361   790                    4059.1422063 4050.96751  0.20%  1449  588s
H 2361   790                    4059.1387577 4050.96751  0.20%  1449  592s
H 2361   730                    4058.9308751 4050.96751  0.20%  1449  600s
H 2361   725                    4058.9028583 4050.96751  0.20%  1449  600s
H 2361   714                    4058.8156239 4050.96751  0.19%  1449  611s
H 2361   710                    4058.7836994 4050.96751  0.19%  1449  629s
H 2361   689                    4058.6845591 4050.96751  0.19%  1449  645s
H 2361   689                    4058.6844089 4050.96751  0.19%  1449  645s
  2362   674 4056.56051   11  657 4058.68441 4050.96751  0.19%  1448  733s
  2364   675 4057.18484   13 1307 4058.68441 4050.96751  0.19%  1447  825s
  2366   677 4058.25060   15 1429 4058.68441 4050.96751  0.19%  1446  830s
  2370   679 4057.59403   26  886 4058.68441 4050.96751  0.19%  1443  922s
  2371   680 4058.33142   20  886 4058.68441 4050.96751  0.19%  1443  934s
  2372   684 4050.96751   12 1016 4058.68441 4050.96751  0.19%  1551  941s
  2374   687 4050.96751   13 1043 4058.68441 4050.96751  0.19%  1554  947s
  2378   694 4050.96751   14 1343 4058.68441 4050.96751  0.19%  1560  954s
H 2381   658                    4058.5901094 4050.96751  0.19%  1562  954s
  2386   662 4054.51052   15 1179 4058.59011 4050.96751  0.19%  1571  960s
  2398   678     cutoff   16      4058.59011 4051.00785  0.19%  1572  968s
  2430   682 4056.12334   17  664 4058.59011 4052.06653  0.16%  1578  974s
  2457   689 4058.29251   18  687 4058.59011 4052.06653  0.16%  1589  981s
  2491   691 4057.67897   18  816 4058.59011 4052.06653  0.16%  1584  988s
H 2503   655                    4058.5697650 4053.22274  0.13%  1586  988s
  2514   655 4056.35818   17  758 4058.56977 4053.22274  0.13%  1587  996s
  2539   657 4056.65591   18  781 4058.56977 4053.22274  0.13%  1580 1006s
H 2544   624                    4058.3779413 4053.22274  0.13%  1578 1006s
H 2556   591                    4058.3098226 4053.22274  0.13%  1579 1006s
  2558   610     cutoff   19      4058.30982 4053.22274  0.13%  1581 1012s
  2591   612 4056.82419   18  522 4058.30982 4053.57027  0.12%  1578 1019s
  2626   611 4057.25058   20  721 4058.30982 4053.57027  0.12%  1571 1024s
  2659   617 4057.25607   25  802 4058.30982 4054.07403  0.10%  1569 1028s
  2684   611 4057.84340   27  618 4058.30982 4054.07403  0.10%  1569 1032s
  2726   614     cutoff   25      4058.30982 4054.09695  0.10%  1560 1037s
  2761   630 4057.84340   28  643 4058.30982 4054.10507  0.10%  1557 1042s
  2809   625     cutoff   31      4058.30982 4054.10507  0.10%  1548 1048s
  2864   617     cutoff   32      4058.30982 4054.19098  0.10%  1538 1053s
  2890   651 4056.04881   31  477 4058.30982 4054.19098  0.10%  1537 1058s
  2958   648 4056.78740   34  657 4058.30982 4054.19098  0.10%  1519 1064s
  3015   668 4056.78759   35  562 4058.30982 4054.19098  0.10%  1506 1069s
  3080   693 4057.67661   38  552 4058.30982 4054.19098  0.10%  1488 1075s
  3144   719 4057.70903   42  762 4058.30982 4054.70111  0.09%  1472 1082s
  3218   702     cutoff   47      4058.30982 4054.83701  0.09%  1455 1103s
  3233   701 4057.56841   32  503 4058.30982 4054.83701  0.09%  1453 1125s
  3259   702 4058.18893   36  439 4058.30982 4054.83701  0.09%  1450 1152s
  3273   706 4058.18893   37  460 4058.30982 4054.88959  0.08%  1446 1175s
  3296   713 4055.68884   34  854 4058.30982 4054.88959  0.08%  1443 1198s
H 3310   680                    4058.2043785 4054.88959  0.08%  1443 1198s
H 3314   663                    4057.9682624 4054.88959  0.08%  1443 1214s
H 3317   636                    4057.9282816 4054.88959  0.07%  1442 1214s
H 3320   612                    4057.7857864 4054.88959  0.07%  1441 1214s
  3328   621 4056.27025   40  658 4057.78579 4054.88959  0.07%  1441 1223s
  3423   636 4057.14216   43  588 4057.78579 4054.89198  0.07%  1419 1230s
  3500   687 4057.57275   52  440 4057.78579 4054.89198  0.07%  1409 1238s
  3619   727 4057.68059   70  385 4057.78579 4054.89198  0.07%  1378 1245s
  3780   820 4057.68059   91  349 4057.78579 4054.89198  0.07%  1334 1255s
  3988   872 4057.68059  115  306 4057.78579 4054.89198  0.07%  1272 1267s
  4215  1091 4057.68059  142  254 4057.78579 4055.00390  0.07%  1212 1275s
  4497  1098 4057.68059  173  186 4057.78579 4055.00390  0.07%  1143 1290s
  4512  1469 4057.68059  174  184 4057.78579 4055.00390  0.07%  1142 1298s
* 4583  1231             245    4057.7833995 4055.00390  0.07%  1125 1298s
  4944  1194 4057.68059  210  115 4057.78340 4055.00390  0.07%  1043 1306s
H 4985   890                    4057.7225245 4055.00390  0.07%  1034 1306s
  5218   972 4057.68951  253   61 4057.72252 4055.17122  0.06%   995 1316s
H 5294   966                    4057.7202879 4055.17122  0.06%   981 1316s
  5512  1162 4057.71663  301   19 4057.72029 4055.17122  0.06%   949 1325s
* 5532  1157             321    4057.7196156 4055.17122  0.06%   946 1325s
  5805  1352 4057.71413  286   27 4057.71962 4055.17122  0.06%   909 1335s
* 5840   875             321    4057.7185475 4055.17122  0.06%   904 1335s
* 5877   858             301    4057.7141271 4055.17122  0.06%   898 1335s
  6214   699     cutoff  322      4057.71413 4055.17122  0.06%   858 1343s
* 6240   695             298    4057.7105634 4055.19056  0.06%   855 1343s
  6441   695 4056.55029   29  704 4057.71056 4055.19313  0.06%   838 1350s
  6545   840     cutoff   30      4057.71056 4055.20999  0.06%   835 1358s
* 6590   796             301    4057.7069749 4055.38721  0.06%   833 1358s
  6786   829 4057.69695   69  385 4057.70697 4055.38721  0.06%   817 1367s
  7071  1233 4057.69695  142  257 4057.70697 4055.38721  0.06%   793 1383s
H 7164  1179                    4057.7033054 4055.51421  0.05%   783 1383s
H 7167  1171                    4057.6998405 4055.51421  0.05%   782 1383s
* 7183  1044             288    4057.6895099 4055.51421  0.05%   781 1383s
  7678   642     cutoff  219      4057.68951 4055.68962  0.05%   738 1393s
  7765   876 4057.68685  231   91 4057.68951 4055.74419  0.05%   745 1406s
* 7811   869             277    4057.6868478 4055.74419  0.05%   740 1406s
  8147   727 4056.50488   40  458 4057.68685 4055.74419  0.05%   719 1415s
  8295   910 4056.89130   42  500 4057.68685 4055.74419  0.05%   718 1424s
  8556  1336 4057.10912   44  501 4057.68685 4055.74419  0.05%   707 1438s
* 8882  1226             275    4057.6822192 4055.74419  0.05%   685 1438s
* 9042  1060             280    4057.4868358 4055.74419  0.04%   673 1438s
  9095   721     cutoff   47      4057.48684 4055.74419  0.04%   672 1449s
  9301  1118 4056.92090   33  576 4057.48684 4055.89554  0.04%   670 1464s
* 9429  1118             235    4057.4139610 4055.96788  0.04%   665 1464s
  9898   922     cutoff   44      4057.41396 4055.96788  0.04%   637 1479s
H10286   922                    4057.4139233 4056.26212  0.03%   620 1479s
H10292   918                    4057.4131691 4056.26212  0.03%   619 1480s
*10297   898             265    4057.4121638 4056.26212  0.03%   619 1480s
 10336   587 4057.35816   32  498 4057.41216 4056.26212  0.03%   618 1492s
 10453   591 4057.10912   42  486 4057.41216 4056.29875  0.03%   623 1501s
 10537   561     cutoff   34      4057.41216 4056.40857  0.02%   630 1511s
 10613   545 4057.32542   41  533 4057.41216 4056.42786  0.02%   638 1522s
 10770   529     cutoff   34      4057.41216 4056.54979  0.02%   641 1532s
 10919   459 4057.32542   41  553 4057.41216 4056.60038  0.02%   645 1544s
 11086   401 4057.12529   44  515 4057.41216 4056.60280  0.02%   648 1557s
 11313   385 4057.34482   49  400 4057.41216 4056.90703  0.01%   648 1576s
H11340   385                    4057.4121633 4056.90703  0.01%   648 1576s
 11405   131     cutoff   50      4057.41216 4056.92898  0.01%   646 1589s

Cutting planes:
  Gomory: 21
  Cover: 1
  Implied bound: 2
  MIR: 9
  Flow cover: 147
  Relax-and-lift: 8

Explored 11764 nodes (7628666 simplex iterations) in 1589.62 seconds (2046.55 work units)
Thread count was 24 (of 24 available processors)

Solution count 10: 4057.41 4057.41 4057.41 ... 4057.7

Optimal solution found (tolerance 1.00e-04)
Best objective 4.057412163285e+03, best bound 4.057110330440e+03, gap 0.0074%
