
Gurobi 13.0.1 (win64) logging started Thu Oct  8 11:18:39 2026

Set parameter LogFile to value "ieee_owen\weak_eps_experiment\stochastic\main17_xi\logs\n30_S20_day11_ef_gurobi.log"
Set parameter NodefileStart to value 3
Set parameter MIPGap to value 0.0001
Gurobi Optimizer version 13.0.1 build v13.0.1rc0 (win64 - Windows 10.0 (19045.2))

CPU model: AMD Ryzen 9 5900X 12-Core Processor, instruction set [SSE2|AVX|AVX2]
Thread count: 12 physical cores, 24 logical processors, using up to 24 threads

Non-default parameters:
TimeLimit  1800
NodefileStart  3
LogToConsole  0

Optimize a model with 171932 rows, 172166 columns and 734890 nonzeros (Min)
Model fingerprint: 0xc5b6ceaf
Model has 22 linear objective coefficients
Variable types: 145046 continuous, 27120 integer (27120 binary)
Coefficient statistics:
  Matrix range     [3e-04, 2e+02]
  Objective range  [5e-02, 1e+00]
  Bounds range     [7e-03, 6e+01]
  RHS range        [7e-02, 2e+01]

Presolve removed 76143 rows and 62199 columns
Presolve time: 1.63s
Presolved: 95789 rows, 109967 columns, 377904 nonzeros
Variable types: 85488 continuous, 24479 integer (24478 binary)
Found heuristic solution: objective 6200.0550395
Deterministic concurrent LP optimizer: primal and dual simplex
Showing primal log only...


Root simplex log...

Iteration    Objective       Primal Inf.    Dual Inf.      Time
   19298    8.3453037e+03   0.000000e+00   1.671029e+05      5s
   32374    8.1984032e+03   0.000000e+00   4.419266e+05     10s
   44518    8.0909903e+03   0.000000e+00   8.457427e+05     15s
   56921    7.9721411e+03   0.000000e+00   2.229538e+05     20s
   67973    7.8740965e+03   0.000000e+00   1.531954e+05     25s
   77561    7.8051545e+03   0.000000e+00   1.061350e+06     30s
Concurrent spin time: 0.00s

Solved with dual simplex

Root simplex log...

Iteration    Objective       Primal Inf.    Dual Inf.      Time
  130521    4.9857809e+03   0.000000e+00   0.000000e+00     33s

Root relaxation: objective 4.985781e+03, 130521 iterations, 30.34 seconds (39.25 work units)

    Nodes    |    Current Node    |     Objective Bounds      |     Work
 Expl Unexpl |  Obj  Depth IntInf | Incumbent    BestBd   Gap | It/Node Time

     0     0 4985.78092    0  876 6200.05504 4985.78092  19.6%     -   34s
H    0     0                    5012.1747800 4985.78092  0.53%     -   37s
H    0     0                    4994.5673292 4985.78092  0.18%     -   39s
     0     0 4985.91530    0 1024 4994.56733 4985.91530  0.17%     -   43s
     0     0 4986.05791    0 1108 4994.56733 4986.05791  0.17%     -   47s
     0     0 4986.08184    0 1154 4994.56733 4986.08184  0.17%     -   49s
     0     0 4986.08184    0 1160 4994.56733 4986.08184  0.17%     -   49s
     0     0 4986.13453    0 1375 4994.56733 4986.13453  0.17%     -   53s
     0     0 4986.14205    0 1420 4994.56733 4986.14205  0.17%     -   54s
     0     0 4986.15034    0 1330 4994.56733 4986.15034  0.17%     -   55s
     0     0 4986.15034    0 1332 4994.56733 4986.15034  0.17%     -   55s
     0     0 4986.15272    0 1144 4994.56733 4986.15272  0.17%     -   58s
     0     0 4986.16964    0 1141 4994.56733 4986.16964  0.17%     -   60s
     0     0 4986.16964    0 1113 4994.56733 4986.16964  0.17%     -   61s
     0     0 4986.16964    0 1113 4994.56733 4986.16964  0.17%     -   62s
     0     0 4986.16964    0 1112 4994.56733 4986.16964  0.17%     -   63s
     0     0 4986.16964    0  771 4994.56733 4986.16964  0.17%     -   65s
H    0     0                    4992.9382097 4986.16964  0.14%     -   67s
     0     0 4986.21544    0  776 4992.93821 4986.21544  0.13%     -   68s
     0     0 4986.21544    0  956 4992.93821 4986.21544  0.13%     -   69s
     0     0 4986.21544    0  912 4992.93821 4986.21544  0.13%     -   71s
H    0     0                    4992.5506849 4986.21544  0.13%     -   73s
     0     0 4986.21544    0  914 4992.55068 4986.21544  0.13%     -   73s
     0     0 4986.21544    0  911 4992.55068 4986.21544  0.13%     -   74s
     0     0 4986.21544    0  895 4992.55068 4986.21544  0.13%     -   75s
     0     0 4986.25065    0  896 4992.55068 4986.25065  0.13%     -   76s
     0     0 4986.25065    0  942 4992.55068 4986.25065  0.13%     -   77s
     0     0 4986.25065    0  899 4992.55068 4986.25065  0.13%     -   78s
     0     0 4986.32311    0  895 4992.55068 4986.32311  0.12%     -   79s
     0     0 4986.32311    0  895 4992.55068 4986.32311  0.12%     -   79s
     0     0 4986.32311    0  895 4992.55068 4986.32311  0.12%     -   79s
H    0     0                    4992.0004376 4986.32311  0.11%     -   81s
     0     2 4986.32311    0  895 4992.00044 4986.32311  0.11%     -   83s
     3     4 4986.52384    2  573 4992.00044 4986.45394  0.11%  2072   85s
    17    28 4987.00228    5  497 4992.00044 4986.57362  0.11%  1332   90s
    29    94 4987.33849    6  609 4992.00044 4986.57536  0.11%  1325   97s
    95   121 4987.49805   12  485 4992.00044 4986.59074  0.11%   954  103s
   122   168 4987.49805   13  573 4992.00044 4986.59074  0.11%  1022  108s
   169   231 4988.66630   17  533 4992.00044 4986.59074  0.11%  1102  114s
   232   243 4989.11742   20  448 4992.00044 4986.59074  0.11%  1067  133s
H  236   243                    4991.8662444 4986.59074  0.11%  1054  133s
H  238   243                    4990.3086467 4986.59074  0.07%  1047  133s
   244   324 4989.11742   21  448 4990.30865 4986.59074  0.07%  1058  139s
   345   392 4989.46704   34  362 4990.30865 4986.59489  0.07%   960  145s
   445   425 4986.93763    7  654 4990.30865 4986.59489  0.07%   904  150s
   508   477 4988.76167   11  525 4990.30865 4986.59489  0.07%   926  155s
   599   568 4988.21746   12  474 4990.30865 4986.59489  0.07%   923  163s
   711   606 4989.73762   16  356 4990.30865 4986.60030  0.07%   844  167s
   779   661     cutoff   19      4990.30865 4986.68772  0.07%   833  170s
   921   846 4988.31142   10  457 4990.30865 4986.68772  0.07%   782  178s
  1062   941 4989.93452   12  556 4990.30865 4986.68772  0.07%   708  182s
  1180  1041 4990.08113   17  323 4990.30865 4986.68772  0.07%   660  185s
  1306  1048     cutoff   21      4990.30865 4986.73567  0.07%   619  196s
  1323  1191 4989.99738    7  459 4990.30865 4986.73567  0.07%   617  200s
* 1537   906             169    4990.1626431 4986.73567  0.07%   552  204s
  1668   846     cutoff    9      4990.16264 4986.79028  0.07%   518  209s
  1773   906 4988.02207   13  716 4990.16264 4986.88074  0.07%   508  213s
  1857   960 4989.52657   16  361 4990.16264 4986.88110  0.07%   505  218s
  1931  1002     cutoff   15      4990.16264 4986.88110  0.07%   507  222s
H 2003   788                    4989.9592545 4986.93313  0.06%   508  222s
  2023   767 4989.52657   23  425 4989.95925 4986.93313  0.06%   503  227s
  2101   810 4988.40167   12  382 4989.95925 4986.93313  0.06%   509  232s
  2185   877     cutoff   14      4989.95925 4986.93313  0.06%   510  237s
  2286   924 4988.61631   18  364 4989.95925 4986.93313  0.06%   508  241s
  2384  1015 4989.87849   22  379 4989.95925 4986.93747  0.06%   508  247s
H 2541  1003                    4989.9470833 4986.93747  0.06%   498  259s
H 2541   993                    4989.9184577 4986.93747  0.06%   498  264s
H 2541   993                    4989.9182494 4986.93747  0.06%   498  264s
H 2541   989                    4989.9150038 4986.93747  0.06%   498  267s
H 2541   989                    4989.9140740 4986.93747  0.06%   498  267s
H 2541   989                    4989.9135491 4986.93747  0.06%   498  269s
H 2541   987                    4989.9099418 4986.93747  0.06%   498  271s
H 2541   987                    4989.9097335 4986.93747  0.06%   498  271s
H 2541   987                    4989.9096569 4986.93747  0.06%   498  272s
H 2541   985                    4989.9087307 4986.93747  0.06%   498  273s
H 2541   985                    4989.9077292 4986.93747  0.06%   498  273s
H 2541   985                    4989.9075192 4986.93747  0.06%   498  273s
  2542   981 4987.09057   10  895 4989.90752 4986.93747  0.06%   498  309s
  2544   982 4988.87512   26 1369 4989.90752 4986.93747  0.06%   498  360s
  2547   984 4989.82646   41 1550 4989.90752 4986.93747  0.06%   497  365s
  2548   985 4988.83658   20 1184 4989.90752 4986.93747  0.06%   497  406s
  2549   986 4989.70046   11 1184 4989.90752 4986.93747  0.06%   497  413s
  2550   987     cutoff   13      4989.90752 4986.93747  0.06%   562  415s
  2558   997     cutoff   16      4989.90752 4986.93747  0.06%   566  420s
  2566  1000     cutoff   17      4989.90752 4986.93747  0.06%   571  425s
  2604  1013 4988.10484   19  845 4989.90752 4986.93747  0.06%   583  433s
  2638  1019 4988.11559   20  858 4989.90752 4987.35705  0.05%   586  436s
  2723  1029 4988.18847   27  829 4989.90752 4987.82503  0.04%   585  441s
  2798  1037 4988.49249   34  819 4989.90752 4988.11272  0.04%   582  446s
  2821  1041     cutoff   34      4989.90752 4988.11272  0.04%   585  451s
  2944  1047 4988.49249   35  755 4989.90752 4988.11660  0.04%   577  458s
  2996  1069 4988.49249   36  730 4989.90752 4988.12595  0.04%   575  462s
  3060  1072     cutoff   37      4989.90752 4988.19573  0.03%   569  465s
  3197  1101 4989.34704   41  737 4989.90752 4988.22860  0.03%   563  470s
  3368  1171 4989.49159   44  699 4989.90752 4988.27024  0.03%   545  476s
  3582  1157 4989.88819  137  502 4989.90752 4988.27024  0.03%   522  488s
  3596  1164 4989.88819  138  502 4989.90752 4988.27024  0.03%   523  497s
  3608  1169 4989.88819  139  500 4989.90752 4988.27024  0.03%   522  505s
H 3615  1116                    4989.8890850 4988.27024  0.03%   521  505s
  3727  1180 4989.88819  158  475 4989.88909 4988.27024  0.03%   514  512s
  3830  1228 4989.88819  176  455 4989.88909 4988.27024  0.03%   508  517s
  3952  1245 4989.88819  195  439 4989.88909 4988.49453  0.03%   501  521s
  4097  1212 4989.88819  216  409 4989.88909 4988.49453  0.03%   489  525s
  4250  1261 4989.88819  237  367 4989.88909 4988.57287  0.03%   476  530s
  4600  1498 4989.88819  279  285 4989.88909 4988.59817  0.03%   449  539s
  4812  1651 4989.88819  314  213 4989.88909 4988.59817  0.03%   434  545s
  5050  1835 4989.88819  346  155 4989.88909 4988.64670  0.02%   418  551s
  5330  1935 4989.88821  381  123 4989.88909 4988.64670  0.02%   399  557s
H 5415  1899                    4989.8885465 4988.64670  0.02%   393  557s
H 5418  1499                    4989.8885115 4988.64670  0.02%   392  557s
  5601  1615 4989.88823  416   79 4989.88851 4988.64670  0.02%   382  562s
H 5736  1612                    4989.8884958 4988.64670  0.02%   374  563s
  5805  1803 4989.88832  455   31 4989.88850 4988.64670  0.02%   372  569s
H 5824  1613                    4989.8884307 4988.64670  0.02%   371  569s
H 5925  1610                    4989.8883872 4988.64670  0.02%   367  569s
H 5928  1604                    4989.8883450 4988.64670  0.02%   367  569s
* 5942  1598             456    4989.8883053 4988.64670  0.02%   366  569s
  6058  1816     cutoff   38      4989.88831 4988.64670  0.02%   360  576s
  6338  1978 4989.67853   34  766 4989.88831 4988.69759  0.02%   347  582s
* 6481  1975             459    4989.8883036 4988.69759  0.02%   342  582s
* 6552  1967             460    4989.8883019 4988.69759  0.02%   340  582s
  6616  2183 4989.81719   33  635 4989.88830 4988.69759  0.02%   337  589s
  6872  2344 4989.81719   35  627 4989.88830 4988.71628  0.02%   327  599s
  7068  2343 4989.32975   34  587 4989.88830 4988.71628  0.02%   321  606s
  7109  2398     cutoff   41      4989.88830 4988.74662  0.02%   323  613s
  7176  2486 4989.57411   49  574 4989.88830 4988.74662  0.02%   322  620s
  7288  2608 4989.74887   84  496 4989.88830 4988.77770  0.02%   318  627s
H 7327  2605                    4989.8883006 4988.77770  0.02%   317  627s
  7435  3168 4989.74887  123  428 4989.88830 4988.77770  0.02%   314  638s
  8006  3909 4989.76430  162  370 4989.88830 4988.77770  0.02%   292  650s
* 8407  2602             402    4989.7527352 4988.77770  0.02%   278  650s
  8790  2833     cutoff  249      4989.75274 4988.80476  0.02%   267  658s
  9389  3305     cutoff   45      4989.75274 4988.80476  0.02%   254  668s
* 9722  1956             430    4989.7213072 4988.80476  0.02%   246  668s
 10015  1884 4989.19421   41  705 4989.72131 4988.80476  0.02%   240  675s
 10332  2134     cutoff   41      4989.72131 4988.85416  0.02%   238  683s
 10679  2454     cutoff   43      4989.72131 4988.92615  0.02%   235  691s
 11109  2460 4989.65904   38  676 4989.72131 4988.94035  0.02%   230  707s
 11127  2617     cutoff   39      4989.72131 4988.94035  0.02%   230  718s
 11338  2931 4989.63886   33  830 4989.72131 4988.94035  0.02%   228  730s
*11461  1757             472    4989.7031171 4988.94035  0.02%   226  730s
 11736  1920     cutoff   30      4989.70312 4988.94035  0.02%   222  740s
 12242  2481 4989.44852   34  770 4989.70312 4989.00416  0.01%   217  752s
*12800  1222             389    4989.5333300 4989.00416  0.01%   210  752s
 12999   591     cutoff   42      4989.53333 4989.00416  0.01%   207  766s
 13053   582     cutoff   36      4989.53333 4989.01185  0.01%   208  779s
 13086   583 4989.27365   43  641 4989.53333 4989.01185  0.01%   209  791s
 13133   540     cutoff   44      4989.53333 4989.01185  0.01%   209  803s
 13233   452     cutoff   45      4989.53333 4989.01185  0.01%   208  816s
 13369   444 4989.27365   44  638 4989.53333 4989.01185  0.01%   207  829s
 13442   444 4989.22741   37  797 4989.53333 4989.01185  0.01%   207  830s
 13446   365     cutoff   45      4989.53333 4989.01185  0.01%   207  841s
 13568   278 4989.40014   45  664 4989.53333 4989.01185  0.01%   206  852s
 13708   208     cutoff   46      4989.53333 4989.01248  0.01%   205  863s

Cutting planes:
  Gomory: 5
  Cover: 80
  Implied bound: 82
  MIR: 57
  Flow cover: 373
  RLT: 3
  Relax-and-lift: 69

Explored 13820 nodes (2983349 simplex iterations) in 863.84 seconds (908.91 work units)
Thread count was 24 (of 24 available processors)

Solution count 10: 4989.53 4989.7 4989.72 ... 4989.89

Optimal solution found (tolerance 1.00e-04)
Best objective 4.989533329952e+03, best bound 4.989036001169e+03, gap 0.0100%
