
Gurobi 13.0.1 (win64) logging started Sat Oct 10 01:58:13 2026

Set parameter LogFile to value "ieee_owen\weak_eps_experiment\stochastic\main17_xi\logs\n60_S20_day30_ef_gurobi.log"
Set parameter NodefileStart to value 3
Set parameter MIPGap to value 0.0001
Gurobi Optimizer version 13.0.1 build v13.0.1rc0 (win64 - Windows 10.0 (19045.2))

CPU model: AMD Ryzen 9 5900X 12-Core Processor, instruction set [SSE2|AVX|AVX2]
Thread count: 12 physical cores, 24 logical processors, using up to 24 threads

Non-default parameters:
TimeLimit  1800
NodefileStart  3
LogToConsole  0

Optimize a model with 340064 rows, 343286 columns and 1462340 nonzeros (Min)
Model fingerprint: 0x1f8bee97
Model has 22 linear objective coefficients
Variable types: 289046 continuous, 54240 integer (54240 binary)
Coefficient statistics:
  Matrix range     [3e-04, 2e+02]
  Objective range  [5e-02, 1e+00]
  Bounds range     [8e-03, 6e+01]
  RHS range        [5e-02, 2e+01]

Presolve removed 152089 rows and 125297 columns
Presolve time: 3.20s
Presolved: 187975 rows, 217989 columns, 746071 nonzeros
Variable types: 169103 continuous, 48886 integer (48885 binary)
Found heuristic solution: objective 13342.812447
Deterministic concurrent LP optimizer: primal simplex, dual simplex, and barrier
Showing barrier log only...

Root barrier log...

Ordering time: 1.46s
Ordering time: 1.69s

Barrier statistics:
 Dense cols : 567
 Free vars  : 41
 AA' NZ     : 6.346e+05
 Factor NZ  : 3.441e+06 (roughly 180 MB of memory)
 Factor Ops : 5.847e+08 (less than 1 second per iteration)
 Threads    : 10

                  Objective                Residual
Iter       Primal          Dual         Primal    Dual     Compl     Time
   0   1.63382175e+00 -2.27489267e+04  4.67e+03 6.40e+01  1.58e+00     8s
   1  -2.51481361e+04 -2.31486691e+04  4.65e+03 5.69e+01  1.59e+00     8s
   2   8.65472190e+04 -2.31430913e+04  4.36e+03 5.11e+01  1.58e+00     8s
   3   3.79802782e+04 -2.43049713e+04  3.17e+03 4.47e+01  1.25e+00     8s
   4  -7.42364120e+04 -2.49916744e+04  2.71e+03 3.84e+01  1.08e+00     9s
   5  -1.36778482e+05 -2.44217236e+04  1.87e+03 2.75e+01  7.36e-01     9s
   6  -7.22131667e+04 -2.10508896e+04  8.48e+02 9.39e+00  3.63e-01     9s
   7  -4.78864305e+04 -1.39705276e+04  5.22e+02 3.37e+00  2.19e-01     9s
   8  -4.35906349e+04 -1.13592435e+04  4.76e+02 2.53e+00  1.95e-01     9s
   9  -3.68997288e+04 -8.51142391e+03  4.09e+02 1.79e+00  1.65e-01     9s
  10  -2.86208279e+04 -6.43054437e+03  3.31e+02 1.40e+00  1.34e-01     9s
  11  -2.05510024e+04 -3.91957169e+03  2.53e+02 1.01e+00  1.02e-01     9s
  12  -1.39672131e+04 -8.81124679e+02  1.91e+02 6.20e-01  7.50e-02     9s
  13  -3.10371307e+03  2.41136193e+03  9.44e+01 3.12e-01  3.85e-02    10s
  14   1.28439744e+03  4.45433033e+03  5.81e+01 1.89e-01  2.39e-02    10s
  15   2.94175921e+03  5.31555516e+03  4.58e+01 1.48e-01  1.90e-02    10s
  16   4.06084296e+03  5.98968580e+03  3.82e+01 1.21e-01  1.59e-02    10s
  17   4.47024590e+03  6.13477257e+03  3.52e+01 1.15e-01  1.48e-02    10s
  18   5.09554445e+03  6.54585557e+03  3.06e+01 1.01e-01  1.30e-02    10s
  19   5.58290396e+03  6.97460728e+03  2.69e+01 8.49e-02  1.12e-02    10s
  20   6.52530063e+03  7.39318223e+03  1.99e+01 7.02e-02  8.65e-03    10s
  21   7.27843730e+03  7.82271520e+03  1.47e+01 5.49e-02  6.59e-03    10s
  22   7.44938122e+03  7.99517657e+03  1.35e+01 4.94e-02  5.99e-03    11s
  23   7.53471231e+03  8.23776081e+03  1.29e+01 4.60e-02  5.68e-03    11s
  24   7.57516556e+03  8.31613458e+03  1.26e+01 4.56e-02  5.59e-03    11s
  25   7.58089916e+03  8.40172371e+03  1.26e+01 4.55e-02  5.57e-03    11s
  26   7.59545373e+03  8.62669509e+03  1.25e+01 4.53e-02  5.54e-03    11s
  27   7.63429569e+03  8.53493989e+03  1.23e+01 4.43e-02  5.45e-03    11s
  28   7.93652309e+03  8.76256754e+03  1.07e+01 3.79e-02  4.78e-03    11s
  29   8.76498985e+03  8.93068928e+03  6.59e+00 2.95e-02  3.52e-03    12s
  30   9.09901626e+03  9.27412478e+03  4.94e+00 2.13e-02  2.59e-03    12s
  31   9.53999819e+03  9.53635650e+03  2.80e+00 1.47e-02  1.69e-03    12s
  32   9.70982789e+03  9.65530359e+03  1.97e+00 1.16e-02  1.29e-03    12s
  33   9.81353831e+03  9.83588231e+03  1.47e+00 6.88e-03  8.41e-04    13s
  34   9.96741277e+03  9.94171390e+03  7.27e-01 4.12e-03  4.89e-04    13s
  35   1.00329738e+04  1.00094174e+04  4.03e-01 2.44e-03  2.90e-04    13s
  36   1.00572228e+04  1.00339490e+04  2.82e-01 1.84e-03  2.16e-04    13s
  37   1.00809362e+04  1.00532556e+04  1.62e-01 1.37e-03  1.53e-04    13s
  38   1.00931375e+04  1.00747079e+04  1.01e-01 8.56e-04  9.73e-05    13s
  39   1.00996556e+04  1.00806169e+04  6.69e-02 7.16e-04  7.82e-05    13s
  40   1.01024510e+04  1.00924106e+04  5.19e-02 4.42e-04  5.13e-05    13s
  41   1.01047497e+04  1.00962901e+04  3.98e-02 3.51e-04  4.09e-05    13s
  42   1.01072300e+04  1.01015729e+04  2.65e-02 2.31e-04  2.73e-05    13s
  43   1.01085086e+04  1.01059105e+04  1.96e-02 1.32e-04  1.70e-05    13s
  44   1.01108736e+04  1.01069467e+04  6.90e-03 1.10e-04  1.20e-05    13s
  45   1.01117687e+04  1.01104236e+04  1.64e-03 2.96e-05  3.66e-06    14s
  46   1.01119133e+04  1.01116642e+04  5.58e-04 4.78e-06  8.31e-07    14s
  47   1.01119482e+04  1.01118070e+04  3.02e-04 2.64e-06  4.63e-07    14s
  48   1.01119741e+04  1.01119710e+04  9.93e-05 1.38e-07  6.68e-08    14s
  49   1.01119843e+04  1.01119835e+04  3.67e-06 1.12e-08  3.92e-09    14s
  50   1.01119847e+04  1.01119847e+04  5.00e-09 1.74e-11  6.72e-13    14s

Barrier solved model in 50 iterations and 13.96 seconds (14.45 work units)
Optimal objective 1.01119847e+04


Root crossover log...

   60208 DPushes remaining with DInf 0.0000000e+00                14s
       0 DPushes remaining with DInf 0.0000000e+00                15s

   36201 PPushes remaining with PInf 0.0000000e+00                15s
   18813 PPushes remaining with PInf 0.0000000e+00                15s
       0 PPushes remaining with PInf 0.0000000e+00                16s

  Push phase complete: Pinf 0.0000000e+00, Dinf 2.7785127e-11     16s


Root simplex log...

Iteration    Objective       Primal Inf.    Dual Inf.      Time
   85203    1.0111985e+04   0.000000e+00   0.000000e+00     16s
Crossover time: 2.09 seconds (2.22 work units)
Concurrent spin time: 0.66s

Solved with barrier
   85203    1.0111985e+04   0.000000e+00   0.000000e+00     17s

Root relaxation: objective 1.011198e+04, 85203 iterations, 11.34 seconds (9.57 work units)

    Nodes    |    Current Node    |     Objective Bounds      |     Work
 Expl Unexpl |  Obj  Depth IntInf | Incumbent    BestBd   Gap | It/Node Time

     0     0 10111.9847    0 1430 13342.8124 10111.9847  24.2%     -   21s
H    0     0                    10154.762967 10111.9847  0.42%     -   24s
     0     0 10112.6300    0 1426 10154.7630 10112.6300  0.41%     -   28s
     0     0 10112.6982    0 1078 10154.7630 10112.6982  0.41%     -   33s
H    0     0                    10147.206613 10112.6982  0.34%     -   37s
     0     0 10112.6989    0 1185 10147.2066 10112.6989  0.34%     -   37s
     0     0 10112.6994    0 1111 10147.2066 10112.6994  0.34%     -   40s
     0     0 10112.7096    0 1158 10147.2066 10112.7096  0.34%     -   44s
     0     0 10112.7096    0 1113 10147.2066 10112.7096  0.34%     -   46s
     0     0 10112.7096    0 1113 10147.2066 10112.7096  0.34%     -   47s
     0     0 10112.7096    0 1109 10147.2066 10112.7096  0.34%     -   49s
     0     0 10112.7157    0 1109 10147.2066 10112.7157  0.34%     -   49s
     0     0 10112.7157    0 1109 10147.2066 10112.7157  0.34%     -   51s
     0     0 10112.7157    0 1109 10147.2066 10112.7157  0.34%     -   52s
     0     0 10112.7157    0 1109 10147.2066 10112.7157  0.34%     -   54s
     0     0 10112.7157    0 1065 10147.2066 10112.7157  0.34%     -   55s
     0     0 10112.7157    0 1064 10147.2066 10112.7157  0.34%     -   56s
     0     0 10112.7157    0 1064 10147.2066 10112.7157  0.34%     -   57s
     0     2 10112.7157    0 1034 10147.2066 10112.7157  0.34%     -   63s
     3     8 10112.7605    2  971 10147.2066 10112.7253  0.34%   196   66s
    15    28 10112.8115    4 1003 10147.2066 10112.7747  0.34%   656   74s
    27    62 10112.8115    5 1004 10147.2066 10112.8023  0.34%  1208   83s
H   61   131                    10146.947702 10112.8023  0.34%  1337   93s
H   73   131                    10146.782258 10112.8023  0.33%  1259   93s
   130   238 10112.8805   10  938 10146.7823 10112.8023  0.33%   969  110s
H  237   296                    10128.638323 10112.8023  0.16%  1084  132s
H  290   296                    10125.469648 10112.8023  0.13%  1233  132s
   295   367 10115.4818   19  823 10125.4696 10112.8023  0.13%  1261  157s
H  300   367                    10122.861414 10112.8023  0.10%  1257  157s
H  306   367                    10122.549535 10112.8023  0.10%  1251  157s
   366   570 10117.0166   23  699 10122.5495 10112.8023  0.10%  1498  194s
   615   796 10122.5226   56  267 10122.5495 10112.8023  0.10%  1446  232s
   923   969 10118.3565   13  626 10122.5495 10112.8224  0.10%  1250  263s
  1138   977 10118.9506   16  671 10122.5495 10112.8224  0.10%  1206  326s
  1154   989 10118.9506   17  653 10122.5495 10112.8224  0.10%  1197  388s
H 1162   871                    10122.405314 10112.8224  0.09%  1205  388s
H 1165   713                    10121.899123 10112.8224  0.09%  1204  388s
  1166   838 10119.4842   18  531 10121.8991 10112.8224  0.09%  1205  425s
  1378   997 10114.6900   17  712 10121.8991 10112.8224  0.09%  1170  461s
H 1406   996                    10121.892092 10112.8224  0.09%  1159  461s
H 1483   995                    10121.871679 10112.8224  0.09%  1129  461s
  1632  1181 infeasible   29      10121.8717 10112.8333  0.09%  1073  502s
  1951  1342 10113.8430    6  913 10121.8717 10112.8383  0.09%  1016  543s
  2180  1448 10118.9960    8  691 10121.8717 10112.8575  0.09%  1000  576s
H 2330  1437                    10121.845196 10112.8575  0.09%  1001  604s
H 2330  1255                    10121.721371 10112.8575  0.09%  1001  611s
H 2330  1250                    10121.653159 10112.8575  0.09%  1001  615s
H 2330  1220                    10121.511355 10112.8575  0.09%  1001  615s
H 2330  1219                    10121.471260 10112.8575  0.09%  1001  617s
H 2330  1217                    10121.467533 10112.8575  0.09%  1001  618s
  2331  1206 10116.7314   19 1064 10121.4675 10112.8575  0.09%  1001  748s
  2333  1207 10118.6186   18 2077 10121.4675 10112.8575  0.09%  1000  786s
  2334  1208 10113.8518    7 1220 10121.4675 10112.8575  0.09%   999  817s
  2335  1209 10115.8332    9 1203 10121.4675 10112.8575  0.09%   999  833s
  2336  1209 10113.0413   12 1057 10121.4675 10112.8575  0.09%   998  853s
  2337  1210 10119.3183   26 1058 10121.4675 10112.8575  0.09%   998  855s
  2338  1211 10113.3410   17 1076 10121.4675 10112.8575  0.09%   998  866s
  2339  1211 10117.2451   22  960 10121.4675 10112.8575  0.09%   997  886s
  2340  1212 10121.3716   57 1027 10121.4675 10112.8575  0.09%   997  905s
  2341  1213 10117.9065   17 1017 10121.4675 10112.8873  0.08%   996  924s
  2342  1213 10121.0980   27 1049 10121.4675 10113.4210  0.08%   996  941s
  2343  1214 10116.2111   22  957 10121.4675 10113.4210  0.08%   995  963s
  2344  1215 10113.8568    8  976 10121.4675 10113.4363  0.08%   995  966s
  2345  1215 10116.2697   22 1062 10121.4675 10113.4363  0.08%   995  977s
  2346  1216 10120.7877   31 1033 10121.4675 10113.4363  0.08%   994  991s
  2348  1217 10121.3149   22 1094 10121.4675 10113.4363  0.08%   993 1002s
  2349  1218 10121.0687   30  949 10121.4675 10113.4363  0.08%   993 1017s
  2350  1219 10117.2599   22  957 10121.4675 10113.5023  0.08%   992 1025s
  2351  1219 10119.0176   13  946 10121.4675 10113.5023  0.08%   992 1039s
  2352  1220 10113.5023    8  954 10121.4675 10113.5023  0.08%   992 1046s
  2353  1221 10113.6187   10  949 10121.4675 10113.5023  0.08%   991 1062s
  2354  1221 10120.8753   25  982 10121.4675 10113.5023  0.08%   991 1071s
  2355  1222 10116.6821   12  955 10121.4675 10113.5023  0.08%   990 1084s
  2356  1223 10119.6634   19  955 10121.4675 10113.5023  0.08%   990 1099s
  2357  1223 10113.5023    9  955 10121.4675 10113.5023  0.08%   990 1104s
  2358  1227 10113.5023   11  956 10121.4675 10113.5023  0.08%  1081 1109s
  2360  1230 10113.5023   12  944 10121.4675 10113.5023  0.08%  1084 1115s
  2364  1237 10113.5023   13  975 10121.4675 10113.5023  0.08%  1087 1122s
  2372  1246 10113.5023   14 1043 10121.4675 10113.5023  0.08%  1089 1131s
  2384  1261 10114.2520   15 1073 10121.4675 10113.5174  0.08%  1107 1146s
  2408  1269 10117.2233   16  986 10121.4675 10113.5174  0.08%  1134 1159s
  2435  1268 10115.8317   17 1047 10121.4675 10113.5174  0.08%  1142 1179s
  2448  1271 10121.2693   17  875 10121.4675 10113.5174  0.08%  1163 1199s
  2479  1274 10116.4474   18 1029 10121.4675 10113.5174  0.08%  1167 1210s
  2514  1268 10119.8326   19  738 10121.4675 10113.5174  0.08%  1174 1218s
  2553  1261 10120.6851   20  862 10121.4675 10113.5174  0.08%  1172 1227s
  2585  1255     cutoff   20      10121.4675 10114.9227  0.06%  1171 1240s
  2598  1262 10120.6851   22  927 10121.4675 10114.9227  0.06%  1168 1248s
  2620  1269 10120.6851   22  824 10121.4675 10114.9227  0.06%  1168 1256s
  2656  1265 10120.6986   24  880 10121.4675 10114.9227  0.06%  1159 1266s
  2690  1273 10121.3644   27  712 10121.4675 10115.0280  0.06%  1150 1274s
  2719  1286 10121.3702   29  713 10121.4675 10115.0449  0.06%  1147 1282s
  2756  1295 10121.3785   31  657 10121.4675 10115.0449  0.06%  1139 1291s
  2788  1303     cutoff   34      10121.4675 10115.0449  0.06%  1135 1301s
  2827  1319 10117.6807   16  970 10121.4675 10115.0449  0.06%  1128 1310s
  2866  1333 10118.6487   18  927 10121.4675 10116.4248  0.05%  1122 1319s
  2914  1351 10118.6674   20  927 10121.4675 10116.4248  0.05%  1111 1331s
  2963  1365 10118.9115   22  847 10121.4675 10116.4248  0.05%  1097 1341s
  3013  1379 10119.0243   24  823 10121.4675 10116.4248  0.05%  1085 1353s
  3053  1398 10119.1352   26  823 10121.4675 10116.4248  0.05%  1075 1363s
  3096  1417 10120.2310   28  643 10121.4675 10116.4248  0.05%  1071 1374s
  3152  1422     cutoff   32      10121.4675 10116.4589  0.05%  1058 1388s
  3203  1438 10118.1579   19  996 10121.4675 10116.4589  0.05%  1049 1401s
  3259  1458 10118.6087   20  957 10121.4675 10116.4589  0.05%  1035 1415s
  3328  1480 10118.7010   22  983 10121.4675 10116.4589  0.05%  1020 1429s
  3406  1459 10118.8174   25  947 10121.4675 10116.4589  0.05%  1003 1493s
  3418  1461 10119.1726   26  812 10121.4675 10116.4589  0.05%  1001 1562s
H 3419  1398                    10121.390165 10116.4589  0.05%  1001 1562s
  3430  1414 10119.6084   27  790 10121.3902 10116.4589  0.05%   999 1578s
  3497  1428 10119.8598   32  728 10121.3902 10116.4589  0.05%   988 1600s
  3579  1439 10120.9314   39  651 10121.3902 10116.4589  0.05%   975 1620s
  3677  1420     cutoff   49      10121.3902 10116.4589  0.05%   956 1642s
  3780  1386 10121.1533   20  878 10121.3902 10116.4589  0.05%   938 1663s
  3903  1442     cutoff   22      10121.3902 10116.4589  0.05%   919 1686s
  4041  1518 10120.4983   19  834 10121.3902 10116.4589  0.05%   894 1706s
  4203  1650 10120.4999   21  764 10121.3902 10116.4589  0.05%   866 1724s
  4406  1591 10120.9077   29  549 10121.3902 10116.4589  0.05%   831 1755s
  4419  1597 10120.9077   30  569 10121.3902 10116.4589  0.05%   829 1800s

Cutting planes:
  Gomory: 135
  Cover: 2
  Implied bound: 27
  MIR: 380
  Mixing: 6
  Flow cover: 1255
  RLT: 4
  Relax-and-lift: 26

Explored 4432 nodes (3796342 simplex iterations) in 1800.62 seconds (1551.21 work units)
Thread count was 24 (of 24 available processors)

Solution count 10: 10121.4 10121.5 10121.5 ... 10121.8

Time limit reached
Best objective 1.012139016461e+04, best bound 1.011645890337e+04, gap 0.0487%
