
Gurobi 13.0.1 (win64) logging started Fri Oct  9 14:01:00 2026

Set parameter LogFile to value "ieee_owen\weak_eps_experiment\stochastic\main17_xi\logs\n60_S20_day27_ef_gurobi.log"
Set parameter NodefileStart to value 3
Set parameter MIPGap to value 0.0001
Gurobi Optimizer version 13.0.1 build v13.0.1rc0 (win64 - Windows 10.0 (19045.2))

CPU model: AMD Ryzen 9 5900X 12-Core Processor, instruction set [SSE2|AVX|AVX2]
Thread count: 12 physical cores, 24 logical processors, using up to 24 threads

Non-default parameters:
TimeLimit  1800
NodefileStart  3
LogToConsole  0

Optimize a model with 340064 rows, 343286 columns and 1462340 nonzeros (Min)
Model fingerprint: 0x8cc626cc
Model has 22 linear objective coefficients
Variable types: 289046 continuous, 54240 integer (54240 binary)
Coefficient statistics:
  Matrix range     [3e-04, 2e+02]
  Objective range  [5e-02, 1e+00]
  Bounds range     [1e-02, 6e+01]
  RHS range        [5e-02, 2e+01]

Presolve removed 152025 rows and 125204 columns
Presolve time: 3.37s
Presolved: 188039 rows, 218082 columns, 746427 nonzeros
Variable types: 169164 continuous, 48918 integer (48917 binary)
Found heuristic solution: objective 14744.945958
Deterministic concurrent LP optimizer: primal simplex, dual simplex, and barrier
Showing barrier log only...

Root barrier log...

Ordering time: 1.43s
Ordering time: 1.60s

Barrier statistics:
 Dense cols : 567
 Free vars  : 41
 AA' NZ     : 6.348e+05
 Factor NZ  : 3.436e+06 (roughly 180 MB of memory)
 Factor Ops : 5.751e+08 (less than 1 second per iteration)
 Threads    : 10

                  Objective                Residual
Iter       Primal          Dual         Primal    Dual     Compl     Time
   0   1.65319898e+00 -2.25853589e+04  4.73e+03 6.40e+01  1.60e+00     8s
   1  -2.53929526e+04 -2.28716862e+04  4.70e+03 5.86e+01  1.60e+00     8s
   2   1.44576466e+05 -2.27964744e+04  4.38e+03 5.23e+01  1.60e+00     8s
   3  -1.34771681e+05 -2.39638609e+04  3.20e+03 4.61e+01  1.16e+00     9s
   4  -2.02055093e+05 -2.40214331e+04  2.58e+03 4.03e+01  9.25e-01     9s
   5  -2.02519721e+05 -2.31034418e+04  1.99e+03 3.07e+01  7.11e-01     9s
   6  -1.21268884e+05 -1.92118615e+04  1.06e+03 1.17e+01  3.94e-01     9s
   7  -7.28296409e+04 -1.18673721e+04  6.05e+02 4.07e+00  2.18e-01     9s
   8  -5.36597383e+04 -6.76480111e+03  4.54e+02 2.26e+00  1.60e-01     9s
   9  -4.30673310e+04 -4.05344433e+03  3.74e+02 1.61e+00  1.30e-01     9s
  10  -3.33292245e+04 -2.18141044e+03  3.01e+02 1.23e+00  1.05e-01     9s
  11  -2.43952565e+04 -5.88920646e+02  2.36e+02 9.40e-01  8.23e-02     9s
  12  -1.28215066e+04  1.43398069e+03  1.52e+02 6.73e-01  5.47e-02     9s
  13  -2.29000513e+03  4.13029790e+03  8.12e+01 3.97e-01  3.12e-02    10s
  14   1.44377410e+03  6.46213791e+03  5.65e+01 2.10e-01  2.04e-02    10s
  15   3.45113405e+03  6.92382816e+03  4.43e+01 1.84e-01  1.68e-02    10s
  16   4.71393871e+03  7.35657090e+03  3.68e+01 1.60e-01  1.44e-02    10s
  17   5.25850125e+03  7.61624234e+03  3.34e+01 1.47e-01  1.32e-02    10s
  18   6.04677448e+03  7.89011060e+03  2.83e+01 1.33e-01  1.15e-02    10s
  19   6.55484294e+03  8.26437104e+03  2.52e+01 1.15e-01  1.01e-02    10s
  20   7.12083717e+03  8.50442365e+03  2.16e+01 1.03e-01  8.83e-03    10s
  21   7.85431148e+03  8.84409416e+03  1.72e+01 8.73e-02  7.29e-03    10s
  22   8.01467493e+03  9.05951473e+03  1.62e+01 7.76e-02  6.66e-03    11s
  23   8.36415738e+03  9.17435343e+03  1.42e+01 7.24e-02  6.05e-03    11s
  24   8.53158933e+03  9.35877216e+03  1.32e+01 6.50e-02  5.51e-03    11s
  25   8.62813834e+03  9.65391836e+03  1.26e+01 5.81e-02  5.09e-03    11s
  26   8.63888416e+03  9.87924786e+03  1.26e+01 5.77e-02  5.06e-03    11s
  27   8.63961645e+03  9.88816648e+03  1.26e+01 5.77e-02  5.06e-03    11s
  28   8.64919487e+03  9.92762526e+03  1.26e+01 5.76e-02  5.06e-03    11s
  29   8.98811678e+03  9.93490998e+03  1.11e+01 5.31e-02  4.67e-03    12s
  30   9.66954537e+03  1.02252402e+04  8.10e+00 4.33e-02  3.77e-03    12s
  31   9.95190229e+03  1.05774941e+04  6.85e+00 3.09e-02  2.93e-03    12s
  32   1.05556358e+04  1.07059433e+04  4.07e+00 2.59e-02  2.20e-03    12s
  33   1.08455576e+04  1.09896842e+04  2.78e+00 1.61e-02  1.43e-03    13s
  34   1.11458648e+04  1.11168211e+04  1.45e+00 1.16e-02  9.55e-04    13s
  35   1.12933221e+04  1.12749899e+04  7.82e-01 6.18e-03  5.23e-04    13s
  36   1.13548127e+04  1.13332240e+04  4.97e-01 4.20e-03  3.53e-04    13s
  37   1.13862046e+04  1.13813392e+04  3.55e-01 2.56e-03  2.31e-04    13s
  38   1.14093893e+04  1.13991523e+04  2.45e-01 1.94e-03  1.73e-04    13s
  39   1.14227788e+04  1.14184495e+04  1.81e-01 1.28e-03  1.21e-04    13s
  40   1.14411139e+04  1.14276007e+04  9.26e-02 9.96e-04  8.48e-05    13s
  41   1.14433057e+04  1.14308909e+04  8.19e-02 8.92e-04  7.60e-05    13s
  42   1.14447681e+04  1.14337575e+04  7.49e-02 8.00e-04  6.88e-05    13s
  43   1.14496303e+04  1.14359161e+04  5.18e-02 7.33e-04  5.99e-05    13s
  44   1.14540288e+04  1.14445925e+04  3.07e-02 4.62e-04  3.81e-05    14s
  45   1.14566172e+04  1.14477256e+04  1.80e-02 3.68e-04  2.91e-05    14s
  46   1.14580091e+04  1.14520344e+04  1.09e-02 2.35e-04  1.88e-05    14s
  47   1.14590308e+04  1.14559340e+04  5.69e-03 1.19e-04  9.76e-06    14s
  48   1.14597161e+04  1.14584043e+04  2.04e-03 4.62e-05  3.90e-06    14s
  49   1.14600259e+04  1.14598094e+04  4.50e-04 5.98e-06  7.12e-07    14s
  50   1.14600729e+04  1.14600281e+04  1.07e-04 1.12e-06  1.56e-07    14s
  51   1.14600841e+04  1.14600832e+04  1.55e-05 4.07e-08  1.14e-08    14s
  52   1.14600858e+04  1.14600857e+04  9.69e-08 1.20e-09  2.72e-10    14s

Barrier solved model in 52 iterations and 14.17 seconds (14.74 work units)
Optimal objective 1.14600858e+04


Root crossover log...

   57442 DPushes remaining with DInf 4.5823199e-05                14s
       0 DPushes remaining with DInf 0.0000000e+00                15s

   36598 PPushes remaining with PInf 4.1022698e-05                15s
   25511 PPushes remaining with PInf 7.1605255e-06                15s
       0 PPushes remaining with PInf 0.0000000e+00                16s

  Push phase complete: Pinf 0.0000000e+00, Dinf 2.2845530e-01     16s


Root simplex log...

Iteration    Objective       Primal Inf.    Dual Inf.      Time
   81936    1.1460086e+04   0.000000e+00   2.284553e-01     16s
   81937    1.1460086e+04   0.000000e+00   0.000000e+00     16s
Crossover time: 2.06 seconds (2.27 work units)
Concurrent spin time: 0.92s

Solved with barrier
   81937    1.1460086e+04   0.000000e+00   0.000000e+00     17s

Root relaxation: objective 1.146009e+04, 81937 iterations, 11.61 seconds (9.84 work units)

    Nodes    |    Current Node    |     Objective Bounds      |     Work
 Expl Unexpl |  Obj  Depth IntInf | Incumbent    BestBd   Gap | It/Node Time

     0     0 11460.0858    0 1441 14744.9460 11460.0858  22.3%     -   21s
H    0     0                    11514.697992 11460.0858  0.47%     -   24s
     0     0 11460.0942    0 1597 11514.6980 11460.0942  0.47%     -   28s
     0     0 11460.1031    0 1595 11514.6980 11460.1031  0.47%     -   31s
     0     0 11460.1395    0 1363 11514.6980 11460.1395  0.47%     -   35s
     0     0 11460.1399    0 1384 11514.6980 11460.1399  0.47%     -   36s
     0     0 11460.1399    0 1427 11514.6980 11460.1399  0.47%     -   41s
     0     0 11460.1401    0 1381 11514.6980 11460.1401  0.47%     -   45s
     0     0 11460.1401    0 1250 11514.6980 11460.1401  0.47%     -   48s
     0     0 11460.1401    0 1250 11514.6980 11460.1401  0.47%     -   50s
     0     0 11460.1401    0 1452 11514.6980 11460.1401  0.47%     -   53s
     0     0 11460.1401    0 1157 11514.6980 11460.1401  0.47%     -   55s
H    0     0                    11490.621167 11460.1401  0.27%     -   58s
     0     0 11460.1401    0 1103 11490.6212 11460.1401  0.27%     -   59s
     0     0 11460.1401    0 1108 11490.6212 11460.1401  0.27%     -   62s
     0     0 11460.1401    0 1108 11490.6212 11460.1401  0.27%     -   62s
     0     0 11460.1401    0 1108 11490.6212 11460.1401  0.27%     -   63s
     0     0 11460.1408    0 1108 11490.6212 11460.1408  0.27%     -   64s
     0     0 11460.1408    0 1235 11490.6212 11460.1408  0.27%     -   67s
     0     0 11460.1408    0 1115 11490.6212 11460.1408  0.27%     -   68s
     0     0 11460.1408    0 1210 11490.6212 11460.1408  0.27%     -   70s
     0     0 11460.1408    0 1493 11490.6212 11460.1408  0.27%     -   74s
     0     0 11460.1408    0 1237 11490.6212 11460.1408  0.27%     -   76s
     0     0 11460.1408    0 1237 11490.6212 11460.1408  0.27%     -   77s
     0     0 11460.1408    0 1237 11490.6212 11460.1408  0.27%     -   78s
     0     2 11460.1408    0 1237 11490.6212 11460.1408  0.27%     -   81s
     3     8 11460.1747    2 1275 11490.6212 11460.1437  0.27%   830   86s
     7    16 11460.1851    3 1234 11490.6212 11460.1534  0.27%  1290   91s
    15    28 11460.1926    4 1233 11490.6212 11460.1590  0.27%  1367   98s
H   20    28                    11490.613190 11460.1590  0.27%  1359   98s
    27    59 11460.1954    5 1232 11490.6132 11460.1626  0.27%  1860  107s
H   36    59                    11490.604994 11460.1626  0.26%  1407  107s
H   45    59                    11490.597561 11460.1626  0.26%  1293  107s
    58   171 11460.2261   14 1240 11490.5976 11460.1778  0.26%  1241  122s
H  129   171                    11480.564068 11460.1778  0.18%  1023  122s
   170   339 11460.2356   18 1236 11480.5641 11460.1778  0.18%   910  154s
   338   351 11460.7064   26  874 11480.5641 11460.1778  0.18%  1144  228s
   350   363 11461.5553   26  784 11480.5641 11460.1778  0.18%  1235  306s
H  354   363                    11479.786466 11460.1778  0.17%  1261  306s
   362   447 11460.7064   27  871 11479.7865 11460.1778  0.17%  1346  367s
   446   635 11461.6061   29  885 11479.7865 11460.1778  0.17%  2158  445s
H  458   635                    11478.606751 11460.1778  0.16%  2209  445s
H  492   635                    11477.106791 11460.1778  0.15%  2164  445s
H  565   635                    11476.820365 11460.1778  0.15%  2361  445s
H  634   966                    11474.617668 11460.1778  0.13%  2698  555s
H  645   966                    11474.182176 11460.1778  0.12%  2691  555s
H  667   966                    11473.668315 11460.1778  0.12%  2626  555s
H  790   966                    11473.440075 11460.1778  0.12%  2447  555s
H  805   966                    11473.352274 11460.1778  0.11%  2459  555s
H  813   966                    11473.148041 11460.1778  0.11%  2438  555s
H  816   966                    11472.556153 11460.1778  0.11%  2431  555s
H  818   966                    11472.412921 11460.1778  0.11%  2425  555s
   965  1438     cutoff   72      11472.4129 11460.1778  0.11%  2397  649s
H  996  1438                    11472.412794 11460.1838  0.11%  2389  649s
H 1103  1438                    11472.407436 11460.1838  0.11%  2272  649s
H 1556  1981                    11472.089193 11460.1838  0.10%  1854  731s
H 1567  1980                    11472.078259 11460.1838  0.10%  1865  731s
H 1589  1761                    11471.754861 11460.1838  0.10%  1884  731s
  2144  1515 11471.4560   14 1056 11471.7549 11460.1838  0.10%  1453  797s
  2360  1982 11470.0120   22  455 11471.7549 11460.1838  0.10%  1490  869s
H 2429  1570                    11471.464639 11460.1838  0.10%  1464  869s
H 2432  1568                    11471.456626 11460.1838  0.10%  1462  869s
  2869  1889 11471.3052   70   96 11471.4566 11460.1838  0.10%  1363  932s
H 2914  1877                    11471.415835 11460.1838  0.10%  1342  932s
H 3054  1829                    11471.242019 11460.1838  0.10%  1298  932s
H 3206  1772                    11471.005235 11460.2014  0.09%  1272  932s
H 3437  1278                    11470.785087 11460.2014  0.09%  1232  968s
  3438  1242 11470.6079   25 1237 11470.7851 11460.2014  0.09%  1232 1075s
  3440  1243 11465.6996   12 2080 11470.7851 11460.2014  0.09%  1231 1116s
  3441  1244 11470.7592   43 1360 11470.7851 11460.2014  0.09%  1231 1154s
  3442  1245 11469.6829   30 1388 11470.7851 11460.2014  0.09%  1230 1178s
  3443  1245 11460.2908   19 1241 11470.7851 11460.2029  0.09%  1230 1208s
  3444  1246 11460.6052   28 1375 11470.7851 11460.2057  0.09%  1229 1211s
  3445  1247 11469.4601   25 1351 11470.7851 11460.2329  0.09%  1229 1229s
  3446  1247 11460.2774   11 1117 11470.7851 11460.2774  0.09%  1229 1256s
  3447  1248 11460.3054   17 1124 11470.7851 11460.2774  0.09%  1228 1272s
  3448  1249 11470.6180   59 1478 11470.7851 11460.3034  0.09%  1228 1299s
  3449  1249 11460.3412   14 1446 11470.7851 11460.3260  0.09%  1228 1314s
  3450  1250 11460.3948   15 1449 11470.7851 11460.3948  0.09%  1227 1339s
  3451  1251 11460.5525   17 1424 11470.7851 11460.3948  0.09%  1227 1361s
  3452  1251 11464.3453   35 1269 11470.7851 11460.4473  0.09%  1227 1381s
  3453  1252 11460.4473   27 1259 11470.7851 11460.4473  0.09%  1226 1397s
  3454  1253 11470.1929   46 1232 11470.7851 11460.4536  0.09%  1226 1422s
  3455  1253 11470.7549   59 1261 11470.7851 11460.4536  0.09%  1226 1435s
  3456  1254 11470.5447   46 1214 11470.7851 11460.4573  0.09%  1225 1452s
  3457  1255 11460.7790   19 1220 11470.7851 11460.4573  0.09%  1225 1465s
  3458  1255 11470.5898   39 1220 11470.7851 11460.4573  0.09%  1224 1482s
  3459  1256 11462.8958   22 1221 11470.7851 11460.4573  0.09%  1224 1496s
  3460  1257 11460.4573   15 1223 11470.7851 11460.4573  0.09%  1224 1513s
  3461  1257 11464.0433    9 1223 11470.7851 11460.4573  0.09%  1223 1525s
  3462  1258 11463.9396   34 1224 11470.7851 11460.4573  0.09%  1223 1541s
  3463  1259 11463.9660   36 1222 11470.7851 11460.4573  0.09%  1223 1558s
  3464  1259 11466.0084   37 1222 11470.7851 11460.4573  0.09%  1222 1570s
  3465  1263 11460.7537   10 1261 11470.7851 11460.4769  0.09%  1286 1577s
  3467  1266 11461.1566   11 1343 11470.7851 11460.6689  0.09%  1286 1583s
  3471  1273 11461.4994   12 1424 11470.7851 11460.7711  0.09%  1290 1591s
  3479  1282 11461.5786   13 1429 11470.7851 11460.8089  0.09%  1295 1605s
H 3483  1217                    11470.754806 11460.8089  0.09%  1299 1605s
H 3484  1157                    11470.742929 11460.8089  0.09%  1299 1605s
  3491  1177 11462.8541   14 1347 11470.7429 11461.2497  0.08%  1312 1621s
  3516  1188 11464.3840   15 1429 11470.7429 11461.2531  0.08%  1340 1637s
H 3531  1126                    11470.575746 11461.2531  0.08%  1352 1637s
  3537  1138 11463.5456   16 1485 11470.5757 11461.2531  0.08%  1355 1662s
  3553  1157 11464.1586   16 1471 11470.5757 11461.2531  0.08%  1365 1674s
  3579  1167 11464.4342   17 1417 11470.5757 11461.2531  0.08%  1390 1687s
  3604  1180 11467.6471   18 1385 11470.5757 11461.2531  0.08%  1404 1701s
  3629  1184 11468.4384   19 1202 11470.5757 11461.2531  0.08%  1422 1712s
  3648  1190 11468.8227   20  820 11470.5757 11461.2531  0.08%  1443 1724s
  3668  1203 11467.0611   22  971 11470.5757 11461.2531  0.08%  1462 1736s
  3694  1213 11468.5819   23  823 11470.5757 11461.2531  0.08%  1482 1746s
  3728  1211 11469.3503   24  772 11470.5757 11461.2531  0.08%  1487 1759s
  3748  1205 11469.1122   19 1096 11470.5757 11461.4445  0.08%  1498 1760s
  3754  1223 11469.5196   25  741 11470.5757 11461.4445  0.08%  1501 1773s
  3780  1238 11469.5204   26  796 11470.5757 11461.4445  0.08%  1514 1784s
  3812  1236 11469.7389   29  561 11470.5757 11461.4926  0.08%  1523 1800s

Cutting planes:
  Gomory: 148
  Cover: 33
  Implied bound: 17
  MIR: 153
  Mixing: 6
  Flow cover: 996
  Relax-and-lift: 44
  BQP: 1

Explored 3827 nodes (5986464 simplex iterations) in 1800.46 seconds (1718.52 work units)
Thread count was 24 (of 24 available processors)

Solution count 10: 11470.6 11470.8 11470.8 ... 11471.5

Time limit reached
Warning: max constraint violation (1.7436e-06) exceeds tolerance
Warning: max bound violation (2.8735e-06) exceeds tolerance
Best objective 1.147057574587e+04, best bound 1.146149264914e+04, gap 0.0792%
