
Gurobi 13.0.1 (win64) logging started Thu Oct  8 13:44:26 2026

Set parameter LogFile to value "ieee_owen\weak_eps_experiment\stochastic\main17_xi\logs\n60_S20_day12_ef_gurobi.log"
Set parameter NodefileStart to value 3
Set parameter MIPGap to value 0.0001
Gurobi Optimizer version 13.0.1 build v13.0.1rc0 (win64 - Windows 10.0 (19045.2))

CPU model: AMD Ryzen 9 5900X 12-Core Processor, instruction set [SSE2|AVX|AVX2]
Thread count: 12 physical cores, 24 logical processors, using up to 24 threads

Non-default parameters:
TimeLimit  1800
NodefileStart  3
LogToConsole  0

Optimize a model with 340064 rows, 343286 columns and 1462340 nonzeros (Min)
Model fingerprint: 0x63b72157
Model has 22 linear objective coefficients
Variable types: 289046 continuous, 54240 integer (54240 binary)
Coefficient statistics:
  Matrix range     [3e-04, 2e+02]
  Objective range  [5e-02, 1e+00]
  Bounds range     [8e-03, 6e+01]
  RHS range        [5e-02, 2e+01]

Presolve removed 152065 rows and 125262 columns
Presolve time: 3.31s
Presolved: 187999 rows, 218024 columns, 746316 nonzeros
Variable types: 169127 continuous, 48897 integer (48896 binary)
Found heuristic solution: objective 16228.594562
Deterministic concurrent LP optimizer: primal simplex, dual simplex, and barrier
Showing barrier log only...

Root barrier log...

Ordering time: 1.47s
Ordering time: 1.63s

Barrier statistics:
 Dense cols : 567
 Free vars  : 41
 AA' NZ     : 6.352e+05
 Factor NZ  : 3.448e+06 (roughly 180 MB of memory)
 Factor Ops : 5.838e+08 (less than 1 second per iteration)
 Threads    : 10

                  Objective                Residual
Iter       Primal          Dual         Primal    Dual     Compl     Time
   0   1.61317652e+00 -2.20247116e+04  4.61e+03 6.40e+01  1.56e+00     8s
   1  -2.54386879e+04 -2.22725751e+04  4.59e+03 5.72e+01  1.57e+00     8s
   2   7.95960567e+04 -2.22122843e+04  4.33e+03 5.21e+01  1.56e+00     8s
   3   5.48421956e+04 -2.33030259e+04  2.89e+03 4.59e+01  1.15e+00     9s
   4  -4.07845031e+04 -2.36546589e+04  2.54e+03 3.67e+01  1.07e+00     9s
   5  -1.08805263e+05 -2.24531419e+04  1.95e+03 2.88e+01  8.24e-01     9s
   6  -1.69554118e+04 -1.73999464e+04  5.17e+02 5.54e+00  2.91e-01     9s
   7  -5.25051356e+03 -6.15887371e+03  2.70e+02 1.48e+00  1.53e-01     9s
   8  -2.56556573e+03 -3.65786572e+03  2.12e+02 1.10e+00  1.20e-01     9s
   9   9.76864609e+02 -1.99327600e+03  1.49e+02 9.22e-01  8.78e-02     9s
  10   2.51672350e+03  4.19881170e+02  1.23e+02 7.03e-01  7.17e-02     9s
  11   4.32402181e+03  3.07791160e+03  9.54e+01 4.90e-01  5.45e-02     9s
  12   6.00829365e+03  6.00491080e+03  7.18e+01 2.72e-01  3.87e-02     9s
  13   8.26678217e+03  8.26524366e+03  4.25e+01 1.53e-01  2.28e-02    10s
  14   9.87268856e+03  9.27149540e+03  2.52e+01 1.12e-01  1.47e-02    10s
  15   1.03889509e+04  9.79037762e+03  2.10e+01 9.45e-02  1.24e-02    10s
  16   1.05646449e+04  1.00084986e+04  1.94e+01 8.77e-02  1.15e-02    10s
  17   1.11017082e+04  1.04347288e+04  1.51e+01 7.48e-02  9.40e-03    10s
  18   1.12425633e+04  1.06390183e+04  1.35e+01 6.76e-02  8.46e-03    10s
  19   1.12951478e+04  1.09112833e+04  1.29e+01 6.26e-02  8.01e-03    10s
  20   1.13258944e+04  1.12068510e+04  1.26e+01 6.01e-02  7.76e-03    10s
  21   1.13388507e+04  1.13012730e+04  1.25e+01 5.99e-02  7.71e-03    10s
  22   1.13707373e+04  1.13644241e+04  1.23e+01 5.92e-02  7.59e-03    10s
  23   1.15660249e+04  1.16554004e+04  1.08e+01 4.93e-02  6.52e-03    11s
  24   1.21028655e+04  1.18173002e+04  7.13e+00 3.67e-02  4.76e-03    11s
  25   1.23281776e+04  1.21286484e+04  5.59e+00 2.86e-02  3.74e-03    11s
  26   1.26209907e+04  1.23910553e+04  3.76e+00 2.16e-02  2.74e-03    11s
  27   1.28479409e+04  1.25968614e+04  2.30e+00 1.62e-02  1.91e-03    11s
  28   1.29993606e+04  1.27664887e+04  1.37e+00 1.18e-02  1.31e-03    11s
  29   1.30945205e+04  1.28944460e+04  8.20e-01 8.50e-03  9.10e-04    11s
  30   1.31438387e+04  1.30030650e+04  5.39e-01 5.69e-03  6.18e-04    12s
  31   1.31850456e+04  1.31072589e+04  2.83e-01 2.98e-03  3.33e-04    12s
  32   1.31970189e+04  1.31428304e+04  2.07e-01 2.10e-03  2.38e-04    12s
  33   1.32103085e+04  1.31715931e+04  1.20e-01 1.35e-03  1.53e-04    12s
  34   1.32123428e+04  1.31781364e+04  1.06e-01 1.19e-03  1.35e-04    12s
  35   1.32186255e+04  1.31971893e+04  6.62e-02 7.21e-04  8.46e-05    12s
  36   1.32232702e+04  1.32041588e+04  3.43e-02 5.51e-04  5.98e-05    12s
  37   1.32236248e+04  1.32056928e+04  3.17e-02 5.14e-04  5.58e-05    12s
  38   1.32254888e+04  1.32204386e+04  1.90e-02 1.72e-04  2.21e-05    12s
  39   1.32274551e+04  1.32243673e+04  4.35e-03 8.08e-05  8.90e-06    12s
  40   1.32276855e+04  1.32260494e+04  2.18e-03 4.08e-05  4.64e-06    12s
  41   1.32278024e+04  1.32271741e+04  8.31e-04 1.49e-05  1.78e-06    13s
  42   1.32278585e+04  1.32275810e+04  2.06e-04 6.06e-06  6.83e-07    13s
  43   1.32278708e+04  1.32278462e+04  4.33e-05 5.50e-07  7.67e-08    13s
  44   1.32278738e+04  1.32278549e+04  3.15e-06 3.75e-07  3.95e-08    13s
  45   1.32278737e+04  1.32278727e+04  2.56e-07 4.26e-09  2.12e-09    13s
  46   1.32278737e+04  1.32278737e+04  3.09e-08 1.61e-11  1.23e-11    13s

Barrier solved model in 46 iterations and 12.88 seconds (13.07 work units)
Optimal objective 1.32278737e+04


Root crossover log...

   58891 DPushes remaining with DInf 0.0000000e+00                13s
       0 DPushes remaining with DInf 0.0000000e+00                14s

   37271 PPushes remaining with PInf 1.4932033e-04                14s
    8351 PPushes remaining with PInf 0.0000000e+00                15s
       0 PPushes remaining with PInf 0.0000000e+00                15s

  Push phase complete: Pinf 0.0000000e+00, Dinf 2.6348592e-11     15s


Root simplex log...

Iteration    Objective       Primal Inf.    Dual Inf.      Time
   86513    1.3227874e+04   0.000000e+00   0.000000e+00     16s
Crossover time: 2.61 seconds (3.68 work units)
Concurrent spin time: 1.11s (can be avoided by choosing Method=3)

Solved with barrier
   86513    1.3227874e+04   0.000000e+00   0.000000e+00     17s

Root relaxation: objective 1.322787e+04, 86513 iterations, 11.05 seconds (9.59 work units)

    Nodes    |    Current Node    |     Objective Bounds      |     Work
 Expl Unexpl |  Obj  Depth IntInf | Incumbent    BestBd   Gap | It/Node Time

     0     0 13227.8737    0 1856 16228.5946 13227.8737  18.5%     -   24s
H    0     0                    13314.865686 13227.8737  0.65%     -   33s
     0     0 13228.2152    0 2118 13314.8657 13228.2152  0.65%     -   39s
     0     0 13228.2463    0 2118 13314.8657 13228.2463  0.65%     -   40s
     0     0 13228.3354    0 2225 13314.8657 13228.3354  0.65%     -   46s
     0     0 13228.3381    0 2225 13314.8657 13228.3381  0.65%     -   47s
     0     0 13228.3381    0 1967 13314.8657 13228.3381  0.65%     -   52s
H    0     0                    13302.091538 13228.3382  0.55%     -   59s
     0     0 13228.3382    0 1967 13302.0915 13228.3382  0.55%     -   60s
     0     0 13228.3382    0 1964 13302.0915 13228.3382  0.55%     -   64s
     0     0 13228.3385    0 1966 13302.0915 13228.3385  0.55%     -   65s
     0     0 13228.3385    0 1995 13302.0915 13228.3385  0.55%     -   69s
     0     0 13228.3385    0 1489 13302.0915 13228.3385  0.55%     -   72s
     0     0 13228.3385    0 1621 13302.0915 13228.3385  0.55%     -   73s
     0     0 13228.3385    0 1655 13302.0915 13228.3385  0.55%     -   77s
     0     0 13228.3385    0 1458 13302.0915 13228.3385  0.55%     -   79s
     0     0 13228.3385    0 1460 13302.0915 13228.3385  0.55%     -   80s
     0     0 13228.3385    0 1556 13302.0915 13228.3385  0.55%     -   83s
     0     0 13228.3385    0 1440 13302.0915 13228.3385  0.55%     -   85s
     0     0 13228.3385    0 1507 13302.0915 13228.3385  0.55%     -   86s
     0     0 13228.3385    0 1440 13302.0915 13228.3385  0.55%     -   89s
     0     0 13228.3385    0 1224 13302.0915 13228.3385  0.55%     -   91s
H    0     0                    13265.852905 13228.3385  0.28%     -   97s
     0     0 13228.3385    0 1359 13265.8529 13228.3385  0.28%     -   98s
     0     0 13228.3385    0 1297 13265.8529 13228.3385  0.28%     -  101s
     0     0 13228.3385    0 1297 13265.8529 13228.3385  0.28%     -  101s
     0     0 13228.3385    0 1187 13265.8529 13228.3385  0.28%     -  103s
H    0     0                    13263.807313 13228.3385  0.27%     -  108s
     0     0 13228.3385    0 1321 13263.8073 13228.3385  0.27%     -  108s
     0     0 13228.3385    0 1279 13263.8073 13228.3385  0.27%     -  111s
     0     0 13228.3385    0 1279 13263.8073 13228.3385  0.27%     -  111s
     0     0 13228.3385    0 1224 13263.8073 13228.3385  0.27%     -  113s
     0     0 13228.3385    0 1220 13263.8073 13228.3385  0.27%     -  114s
     0     0 13228.3385    0 1173 13263.8073 13228.3385  0.27%     -  115s
     0     2 13228.3385    0 1169 13263.8073 13228.3385  0.27%     -  119s
     1     4 13228.3392    1 1286 13263.8073 13228.3392  0.27%   299  121s
     7    16 13228.5590    3 1487 13263.8073 13228.3476  0.27%  1181  132s
    15    28 13228.7654    4 1262 13263.8073 13228.3566  0.27%  1708  143s
H   27    43                    13263.458883 13228.3822  0.26%  2078  159s
    42    67 13228.8389    6 1427 13263.4589 13228.3822  0.26%  2039  175s
    66   130 13228.9060    6 1367 13263.4589 13228.3822  0.26%  1741  195s
   129   186 13229.3532    7 1520 13263.4589 13228.3822  0.26%  1631  223s
   185   200 13230.0160    8 1574 13263.4589 13228.3822  0.26%  1762  286s
H  186   200                    13261.934588 13228.3822  0.25%  1752  286s
H  191   200                    13253.767447 13228.3822  0.19%  1870  286s
   199   266 13229.8628    8 1409 13253.7674 13228.3822  0.19%  1982  354s
   265   337 13230.7998   10 1184 13253.7674 13228.3822  0.19%  2460  427s
   336   455 13233.2249   12 1146 13253.7674 13228.3822  0.19%  2921  516s
H  398   455                    13253.250852 13228.3822  0.19%  2879  516s
H  437   455                    13250.108486 13228.3822  0.16%  2892  516s
   454   549 13238.4111   19  743 13250.1085 13228.3822  0.16%  2969  608s
H  474   549                    13248.159445 13228.3822  0.15%  2975  608s
H  539   549                    13247.865758 13228.3822  0.15%  2918  608s
   548   720 13238.4318   24  779 13247.8658 13228.3822  0.15%  2942  699s
H  564   720                    13247.387016 13228.3822  0.14%  2921  699s
H  571   720                    13246.432855 13228.3822  0.14%  2907  699s
H  588   720                    13246.180317 13228.3822  0.13%  2911  699s
H  719   724                    13243.327666 13228.3822  0.11%  2981  791s
H  720   717                    13240.936708 13228.3822  0.09%  2979  791s
H  729   699                    13239.869407 13228.3822  0.09%  2959  791s
   733   686     cutoff   37      13239.8694 13228.3822  0.09%  2958  931s
H  758   684                    13239.819534 13228.4184  0.09%  2898  931s
H  766   683                    13239.771463 13228.4184  0.09%  2893  931s
   768   813 13229.5821    6 1612 13239.7715 13228.4184  0.09%  2892 1042s
H  859   786                    13238.898270 13228.4184  0.08%  2844 1042s
   955   901 13237.4806   21  821 13238.8983 13228.4184  0.08%  2767 1159s
  1164  1011 13238.8685   33  763 13238.8983 13228.4541  0.08%  2701 1254s
  1326  1172 13233.4866   23  914 13238.8983 13228.4541  0.08%  2724 1362s
  1568  1287 13230.5385    8 1266 13238.8983 13228.4541  0.08%  2610 1469s
  1775  1448 13237.6452   23  749 13238.8983 13228.4541  0.08%  2547 1585s
  2020  1583 13235.9906   24 1017 13238.8983 13228.4541  0.08%  2448 1700s
  2210  1739 13231.7152   11 1263 13238.8983 13228.4741  0.08%  2360 1800s

Cutting planes:
  Gomory: 68
  Cover: 261
  Implied bound: 476
  MIR: 307
  Flow cover: 1094
  RLT: 1
  Relax-and-lift: 51

Explored 2420 nodes (5732454 simplex iterations) in 1800.47 seconds (1774.73 work units)
Thread count was 24 (of 24 available processors)

Solution count 10: 13238.9 13239.8 13239.8 ... 13247.9

Time limit reached
Best objective 1.323889826962e+04, best bound 1.322847413376e+04, gap 0.0787%
