
Cluster assignments:
Cluster 0 (represented by Day 25): [ 1 12 17 21 25 26 27 28]... (total 8 days)
Cluster 1 (represented by Day 4): [ 2  3  4  5  6  7  8  9 10 11]... (total 23 days)
[reserve] pi_res = 56 EUR/MW.h (daily mean of fcrn_dk2_56 hourly prices), 1h blocks
[reserve] c_min_G = 0.15 (electrolyzer min load / els_cap); literature 0.1-0.16 -> OK
[reserve] c_sb_G = 0.01 (electrolyzer standby draw / els_cap); literature 0.025-0.05 -> OUT OF RANGE
✓ spring  :  92 days | Mean: 1 MWh | RMSE range: 0.0-0.2 MWh
✓ summer  :  92 days | Mean: 1 MWh | RMSE range: 0.0-0.3 MWh
✓ fall    :  91 days | Mean: 1 MWh | RMSE range: 0.0-0.2 MWh
✓ winter  :  90 days | Mean: 1 MWh | RMSE range: 0.0-0.1 MWh

=== 60p_reserve_peak_day2_S20_seed0_grb_direct-gurobi_kl0.0960365_dual_ndw_rsc0.303571_main: n=60, |T|=24, |Omega|=20 ===

[1] extensive form (DP_N^Omega)
Set parameter Username
Set parameter LicenseID to value 2742039
Academic license - for non-commercial use only - expires 2026-11-20
Set parameter OutputFlag to value 1
Set parameter LogToConsole to value 0
  obj 11975.231732  status optimal  gap 1.40e-04  705.1s  vars 343244
  KL r=0.0960365: worst case 11975.231732 vs expected 11493.879867; 1 MILP solve(s); rho* 0.050 0.027 0.049 0.026 0.080 0.054 0.050 0.047 0.046 0.136 0.076 0.055 0.040 0.049 0.026 0.043 0.036 0.029 0.043 0.039 (KL 0.0960)
    round 1: MIPGap 1e-04  704.6s  3671 nodes  psi-bound 1.40e-04  psi-incumbent 8.49e-05

[2] column generation (DWR_N^Omega)
  seed columns: largest carrier-row residual 4.62e-14 (repaired)
  CG   24 | RMP    11234.5643 | LB    11208.2619 | UB           inf | a 1.00 std      | min rc  0.0000e+00 | +0  [round] | lp 0.80s solver 0.78s 2691 it 20414 cols 654782 nz
  -- penalty round 1: eps 0.2 delta 0.2 RMP 11234.5643 LB 11208.2619 UB 11975.2317 gap 6.40e-02 [round] 48s
  CG   25 | RMP    11971.5039 | LB    11283.3187 | UB    11975.2317 | a 0.10 smooth   | min rc -8.5600e+00 | +154 | lp 2.22s solver 2.17s 9066 it 20414 cols 654782 nz
  CG   50 | RMP    11965.6842 | LB    11919.0592 | UB    11975.2317 | a 0.10 smooth   | min rc -2.7216e+00 | +146 | lp 1.37s solver 1.34s 4372 it 22136 cols 773260 nz
  CG   70 | RMP    11963.8652 | LB    11963.6969 | UB    11975.2317 | a 1.00 std      | min rc  0.0000e+00 | +0  [round] | lp 1.85s solver 1.79s 4573 it 24593 cols 874561 nz
  -- penalty round 2: eps 0.05 delta 0.05 RMP 11963.8652 LB 11963.6969 UB 11975.2317 gap 9.63e-04 [round] 343s
  CG   75 | RMP    11973.7922 | LB    11966.6502 | UB    11975.2317 | a 0.10 smooth   | min rc -5.5782e-01 | +23 | lp 3.03s solver 2.98s 6677 it 25782 cols 934813 nz
  CG  100 | RMP    11972.7743 | LB    11972.7025 | UB    11975.2317 | a 1.00 std      | min rc  0.0000e+00 | +0  [round] | lp 1.15s solver 1.09s 2228 it 28402 cols 1024879 nz
  -- penalty round 3: eps 0.0125 delta 0.0125 RMP 11972.7743 LB 11972.7025 UB 11975.2317 gap 2.11e-04 [round] 620s
  CG  121 | RMP    11973.4972 | LB    11973.4158 | UB    11975.2317 | a 1.00 std      | min rc  0.0000e+00 | +0  [round] | lp 0.59s solver 0.53s 1198 it 28301 cols 1024458 nz
  -- penalty round 4: eps 0.00313 delta 0.00313 RMP 11973.4972 LB 11973.4158 UB 11975.2317 gap 1.52e-04 [round] 802s
  CG  125 | RMP    11973.5753 | LB    11973.4315 | UB    11975.2317 | a 0.10 smooth   | min rc -1.0072e-01 | +14 | lp 2.93s solver 2.89s 5761 it 28819 cols 1056024 nz
  CG  130 | RMP    11973.5741 | LB    11973.5022 | UB    11975.2317 | a 0.10 misprice | min rc -3.3620e-08 | +0  [round] | lp 0.12s solver 0.08s 65 it 29053 cols 1073002 nz
  -- penalty round 5: eps 0.000781 delta 0.000781 RMP 11973.5741 LB 11973.5022 UB 11975.2317 gap 1.44e-04 [round] 898s
  CG  135 | RMP    11973.5992 | LB    11973.5227 | UB    11975.2317 | a 1.00 std      | min rc  0.0000e+00 | +0  [round] | lp 1.49s solver 1.46s 3047 it 29339 cols 1093011 nz
  -- penalty round 6: eps 0.000195 delta 0.000195 RMP 11973.5992 LB 11973.5227 UB 11975.2317 gap 1.43e-04 [round] 932s
  CG  136 | RMP    11973.6058 | LB    11973.5227 | UB    11973.6081 | a 1.00 std      | min rc  0.0000e+00 | +0  [done] | lp 1.56s solver 1.53s 2905 it 29339 cols 1093011 nz
  -- penalty round 7: eps 0 delta 0 RMP 11973.6058 LB 11973.5227 UB 11973.6081 gap 7.13e-06 [done] 934s
  obj 11973.608106  LB 11973.522727  gap 7.13e-06  iters 136  934.4s  rounds 7  status optimal
  KL r=0.0960365: 980 tangent planes; rho* 0.050 0.027 0.049 0.026 0.079 0.054 0.050 0.047 0.046 0.137 0.075 0.055 0.040 0.049 0.026 0.043 0.036 0.029 0.043 0.039 (KL 0.0960)
  time: master LP 230.7s  pricing 690.2s (126360 MILPs, 8 worker(s))

[3] robust Owen allocation
  omega_LR,rob 1.708354  eps_LR 0.028473  certified [-0.046928, 1.709005]
  EF slack 1.6706 = 98% of the reported omega  (> 10%: use --table for a table run)
  checks: budget 1.82e-12  duality -6.52e-04  pricing 0.00e+00

[4] stand-alone values val(DP_{j}^Omega)
   player         Owen        E[x*]        alone       chi^LR
       u1    1412.0451    1412.0166     905.9213     506.0953
       u2      50.0012      49.9727      -0.0000      49.9727
       u3     599.9307     599.9022     266.4303     333.4719
       u4    -784.2717    -784.3002    -824.8716      40.5715
       u5    -413.5826    -413.6110    -523.2154     109.6044
       u6   -1091.2076   -1091.2361   -1154.0447      62.8087
       u7     449.0736     449.0451     298.6746     150.3706
       u8      63.5892      63.5607      -0.0000      63.5607
       u9     603.6912     603.6627     266.4303     337.2324
      u10     771.1025     771.0740     598.7138     172.3602
      u11     112.2320     112.2035      90.8916      21.3119
      u12    -678.2794    -678.3078    -717.0384      38.7306
      u13    -404.8453    -404.8737    -512.4111     107.5373
      u14    -924.7028    -924.7313    -985.1526      60.4213
      u15   -1887.7103   -1887.7388   -1970.5187      82.7800
      u16    1038.5780    1038.5495     639.2234     399.3261
      u17     446.8849     446.8564     255.2200     191.6364
      u18      83.0428      83.0143      -0.0000      83.0143
      u19      10.0007       9.9722      -0.0000       9.9722
      u20     603.6912     603.6627     266.4303     337.2324
      u21     198.4170     198.3885     148.0087      50.3798
      u22     168.3481     168.3196     136.3375      31.9821
      u23    -719.8024    -719.8309    -767.0217      47.1908
      u24    -902.1873    -902.2158    -942.0334      39.8176
      u25    -797.0290    -797.0575    -836.3802      39.3227
      u26    -117.4652    -117.4937    -235.0398     117.5461
      u27    -200.3168    -200.3453    -257.0943      56.7490
      u28    -916.6271    -916.6555    -996.1124      79.4569
      u29    -661.7454    -661.7738    -728.2265      66.4526
      u30    -327.7465    -327.7750    -345.0904      17.3154
      u31    1673.0862    1673.0577    1055.0976     617.9601
      u32      90.0017      89.9732      -0.0000      89.9732
      u33     419.9515     419.9230     186.5012     233.4218
      u34    -788.3034    -788.3319    -818.6854      30.3535
      u35    -418.2852    -418.3137    -529.8812     111.5675
      u36   -1077.8126   -1077.8411   -1148.7251      70.8840
      u37     384.5758     384.5473     276.0787     108.4686
      u38      53.9254      53.8969      -0.0000      53.8969
      u39     783.6704     783.6419     346.3594     437.2825
      u40    1116.0557    1116.0273     886.8270     229.2003
      u41    -252.2880    -252.3165    -369.4008     117.0842
      u42    -617.5735    -617.6020    -661.5675      43.9655
      u43    -416.9029    -416.9313    -526.5118     109.5804
      u44    -368.5710    -368.5995    -519.6782     151.0787
      u45   -1882.2148   -1882.2433   -1975.8119      93.5686
      u46    1833.6707    1833.6423    1115.8510     717.7913
      u47     199.6569     199.6285     115.1842      84.4442
      u48      34.5596      34.5311      -0.0000      34.5311
      u49      80.0016      79.9731      -0.0000      79.9731
      u50     543.6981     543.6696     239.7873     303.8823
      u51     368.2272     368.1987     273.0881      95.1106
      u52    -329.8953    -329.9238    -396.4872      66.5635
      u53   -1487.2779   -1487.3064   -1653.0155     165.7091
      u54   -1846.2095   -1846.2380   -1933.3183      87.0803
      u55   -1888.4222   -1888.4506   -1979.4790      91.0283
      u56    -134.7961    -134.8246    -358.9161     224.0915
      u57    -405.0664    -405.0949    -516.3282     111.2333
      u58   -1183.4611   -1183.4896   -1323.9170     140.4274
      u59   -1145.6218   -1145.6503   -1278.2858     132.6355
      u60   -1095.0108   -1095.0393   -1162.2187      67.1794

wrote ieee_owen\weak_eps_experiment\stochastic\main17_xi\60p_reserve_peak_day2_S20_seed0_grb_direct-gurobi_kl0.0960365_dual_ndw_rsc0.303571_main.json
