
Gurobi 13.0.1 (win64) logging started Thu Oct  8 08:29:32 2026

Set parameter LogFile to value "ieee_owen\weak_eps_experiment\stochastic\main17_xi\logs\n60_S20_day9_ef_gurobi.log"
Set parameter NodefileStart to value 3
Set parameter MIPGap to value 0.0001
Gurobi Optimizer version 13.0.1 build v13.0.1rc0 (win64 - Windows 10.0 (19045.2))

CPU model: AMD Ryzen 9 5900X 12-Core Processor, instruction set [SSE2|AVX|AVX2]
Thread count: 12 physical cores, 24 logical processors, using up to 24 threads

Non-default parameters:
TimeLimit  1800
NodefileStart  3
LogToConsole  0

Optimize a model with 340064 rows, 343286 columns and 1462340 nonzeros (Min)
Model fingerprint: 0x56e91628
Model has 22 linear objective coefficients
Variable types: 289046 continuous, 54240 integer (54240 binary)
Coefficient statistics:
  Matrix range     [3e-04, 2e+02]
  Objective range  [5e-02, 1e+00]
  Bounds range     [7e-03, 6e+01]
  RHS range        [5e-02, 2e+01]

Presolve removed 152117 rows and 125336 columns
Presolve time: 3.34s
Presolved: 187947 rows, 217950 columns, 745925 nonzeros
Variable types: 169076 continuous, 48874 integer (48873 binary)
Found heuristic solution: objective 13486.093887
Deterministic concurrent LP optimizer: primal simplex, dual simplex, and barrier
Showing barrier log only...

Root barrier log...

Ordering time: 1.41s
Ordering time: 1.67s

Barrier statistics:
 Dense cols : 567
 Free vars  : 41
 AA' NZ     : 6.346e+05
 Factor NZ  : 3.432e+06 (roughly 180 MB of memory)
 Factor Ops : 5.712e+08 (less than 1 second per iteration)
 Threads    : 10

                  Objective                Residual
Iter       Primal          Dual         Primal    Dual     Compl     Time
   0   1.77612660e+00 -2.28659976e+04  5.08e+03 6.40e+01  1.71e+00     9s
   1  -2.59075728e+04 -2.30470278e+04  5.05e+03 6.10e+01  1.71e+00     9s
   2   2.45285388e+05 -2.30238318e+04  4.72e+03 5.33e+01  1.73e+00     9s
   3  -1.20730664e+05 -2.39571676e+04  3.48e+03 4.81e+01  1.25e+00     9s
   4  -9.05256272e+04 -2.45277197e+04  3.14e+03 4.13e+01  1.22e+00     9s
   5  -1.77925008e+05 -2.45308688e+04  2.32e+03 3.30e+01  8.73e-01    10s
   6  -1.45686419e+05 -2.30304238e+04  1.42e+03 2.09e+01  5.35e-01    10s
   7  -7.10436908e+04 -1.45854905e+04  6.97e+02 3.01e+00  2.83e-01    10s
   8  -4.60656568e+04 -8.83868167e+03  4.50e+02 1.21e+00  1.77e-01    10s
   9  -3.26563846e+04 -5.62284690e+03  3.30e+02 7.97e-01  1.30e-01    10s
  10  -2.74240185e+04 -3.15313182e+03  2.86e+02 5.75e-01  1.10e-01    10s
  11  -1.74472500e+04 -1.25688171e+03  2.02e+02 4.26e-01  7.88e-02    10s
  12  -8.28592837e+03  1.02867396e+03  1.27e+02 2.67e-01  5.06e-02    10s
  13  -4.33270117e+03  3.18713522e+03  9.65e+01 1.57e-01  3.68e-02    10s
  14   8.21364236e+02  5.09115260e+03  5.77e+01 9.36e-02  2.24e-02    11s
  15   3.00621690e+03  5.69819836e+03  4.29e+01 7.79e-02  1.75e-02    11s
  16   4.05705529e+03  6.30568403e+03  3.61e+01 6.40e-02  1.47e-02    11s
  17   4.91005267e+03  6.60665558e+03  3.05e+01 5.76e-02  1.29e-02    11s
  18   5.71015106e+03  7.01974626e+03  2.51e+01 4.87e-02  1.08e-02    11s
  19   6.20667103e+03  7.68542584e+03  2.18e+01 3.59e-02  8.76e-03    11s
  20   6.88060295e+03  8.03776378e+03  1.74e+01 2.90e-02  7.05e-03    11s
  21   7.46324386e+03  8.25846160e+03  1.37e+01 2.50e-02  5.78e-03    11s
  22   7.58327347e+03  8.49286566e+03  1.29e+01 2.24e-02  5.35e-03    11s
  23   7.62501549e+03  9.00029230e+03  1.26e+01 2.14e-02  5.18e-03    11s
  24   7.63949277e+03  8.76182732e+03  1.26e+01 2.13e-02  5.16e-03    12s
  25   7.71696076e+03  8.84619898e+03  1.22e+01 2.08e-02  5.03e-03    12s
  26   8.00273422e+03  8.99808796e+03  1.08e+01 1.88e-02  4.54e-03    12s
  27   8.50281251e+03  9.30091913e+03  8.48e+00 1.51e-02  3.64e-03    12s
  28   9.01595173e+03  9.56796006e+03  6.04e+00 1.13e-02  2.65e-03    12s
  29   9.46493431e+03  9.66557185e+03  3.92e+00 9.69e-03  2.03e-03    12s
  30   9.66448869e+03  9.85137753e+03  2.98e+00 6.83e-03  1.48e-03    12s
  31   9.80271750e+03  9.96310059e+03  2.34e+00 5.11e-03  1.13e-03    12s
  32   9.96188800e+03  1.00603256e+04  1.62e+00 3.66e-03  8.06e-04    13s
  33   1.01282120e+04  1.01591786e+04  8.65e-01 2.18e-03  4.74e-04    13s
  34   1.02130283e+04  1.01898350e+04  4.76e-01 1.74e-03  3.40e-04    13s
  35   1.02398582e+04  1.02256126e+04  3.51e-01 1.21e-03  2.46e-04    13s
  36   1.02646408e+04  1.02425037e+04  2.37e-01 9.70e-04  1.90e-04    13s
  37   1.02800026e+04  1.02545128e+04  1.65e-01 8.07e-04  1.52e-04    13s
  38   1.02842599e+04  1.02664338e+04  1.45e-01 6.46e-04  1.24e-04    13s
  39   1.02977555e+04  1.02763363e+04  8.10e-02 5.08e-04  9.22e-05    13s
  40   1.03074374e+04  1.02932508e+04  3.62e-02 2.66e-04  5.03e-05    13s
  41   1.03101828e+04  1.03046026e+04  2.19e-02 1.22e-04  2.45e-05    13s
  42   1.03111919e+04  1.03075740e+04  1.67e-02 8.44e-05  1.75e-05    14s
  43   1.03118035e+04  1.03084042e+04  1.34e-02 7.32e-05  1.50e-05    14s
  44   1.03133081e+04  1.03102805e+04  5.35e-03 4.89e-05  9.26e-06    14s
  45   1.03139427e+04  1.03133618e+04  1.85e-03 9.66e-06  2.29e-06    14s
  46   1.03141978e+04  1.03140219e+04  3.46e-04 2.14e-06  5.60e-07    14s
  47   1.03142330e+04  1.03142144e+04  8.00e-05 2.31e-07  8.66e-08    14s
  48   1.03142433e+04  1.03142406e+04  2.35e-07 2.14e-08  5.40e-09    14s
  49   1.03142433e+04  1.03142433e+04  3.27e-09 1.78e-09  1.18e-11    14s

Barrier solved model in 49 iterations and 14.12 seconds (13.38 work units)
Optimal objective 1.03142433e+04


Root crossover log...

   60586 DPushes remaining with DInf 0.0000000e+00                14s
       0 DPushes remaining with DInf 0.0000000e+00                15s

   36077 PPushes remaining with PInf 5.0640263e-05                15s
   25387 PPushes remaining with PInf 7.3526361e-06                15s
       0 PPushes remaining with PInf 0.0000000e+00                16s

  Push phase complete: Pinf 0.0000000e+00, Dinf 2.3701607e-11     16s


Root simplex log...

Iteration    Objective       Primal Inf.    Dual Inf.      Time
   81853    1.0314243e+04   0.000000e+00   0.000000e+00     16s
Crossover time: 2.03 seconds (2.31 work units)
Concurrent spin time: 0.27s

Solved with barrier
   81853    1.0314243e+04   0.000000e+00   0.000000e+00     17s

Root relaxation: objective 1.031424e+04, 81853 iterations, 10.64 seconds (8.52 work units)

    Nodes    |    Current Node    |     Objective Bounds      |     Work
 Expl Unexpl |  Obj  Depth IntInf | Incumbent    BestBd   Gap | It/Node Time

     0     0 10314.2433    0 1497 13486.0939 10314.2433  23.5%     -   20s
H    0     0                    10362.345396 10314.2433  0.46%     -   23s
     0     0 10314.5898    0 1435 10362.3454 10314.5898  0.46%     -   27s
H    0     0                    10355.791757 10314.5898  0.40%     -   30s
     0     0 10314.5898    0 1435 10355.7918 10314.5898  0.40%     -   31s
     0     0 10314.6431    0 1277 10355.7918 10314.6431  0.40%     -   36s
H    0     0                    10346.902016 10314.6431  0.31%     -   38s
     0     0 10314.6431    0 1276 10346.9020 10314.6431  0.31%     -   39s
     0     0 10314.6431    0 1242 10346.9020 10314.6431  0.31%     -   43s
H    0     0                    10345.382798 10314.6431  0.30%     -   45s
     0     0 10314.6431    0 1242 10345.3828 10314.6431  0.30%     -   46s
     0     0 10314.6431    0 1264 10345.3828 10314.6431  0.30%     -   49s
     0     0 10314.6431    0 1264 10345.3828 10314.6431  0.30%     -   49s
     0     0 10314.6431    0 1084 10345.3828 10314.6431  0.30%     -   51s
     0     0 10314.6431    0 1107 10345.3828 10314.6431  0.30%     -   52s
     0     0 10314.6431    0 1178 10345.3828 10314.6431  0.30%     -   55s
     0     0 10314.6431    0 1178 10345.3828 10314.6431  0.30%     -   55s
     0     0 10314.6431    0 1119 10345.3828 10314.6431  0.30%     -   57s
     0     0 10314.6436    0 1136 10345.3828 10314.6436  0.30%     -   58s
     0     0 10314.6715    0 1137 10345.3828 10314.6715  0.30%     -   60s
     0     0 10314.7286    0 1116 10345.3828 10314.7286  0.30%     -   63s
     0     0 10314.7356    0 1181 10345.3828 10314.7356  0.30%     -   63s
     0     0 10314.7358    0 1181 10345.3828 10314.7358  0.30%     -   63s
     0     0 10314.7369    0 1182 10345.3828 10314.7369  0.30%     -   66s
     0     0 10314.7369    0 1182 10345.3828 10314.7369  0.30%     -   66s
     0     0 10314.7548    0 1120 10345.3828 10314.7548  0.30%     -   69s
H    0     0                    10345.136234 10314.7553  0.29%     -   73s
     0     0 10314.7553    0 1120 10345.1362 10314.7553  0.29%     -   74s
     0     0 10314.7663    0 1191 10345.1362 10314.7663  0.29%     -   76s
     0     0 10314.7670    0 1190 10345.1362 10314.7670  0.29%     -   82s
     0     0 10314.7674    0 1190 10345.1362 10314.7674  0.29%     -   83s
     0     0 10314.7674    0 1114 10345.1362 10314.7674  0.29%     -   85s
     0     2 10314.7674    0 1114 10345.1362 10314.7674  0.29%     -   88s
     1     4 10315.0109    1 1151 10345.1362 10314.7674  0.29%  2160   90s
     7    16 10315.0205    3 1108 10345.1362 10314.8172  0.29%  1436   99s
    15    28 10315.0286    4 1105 10345.1362 10314.8222  0.29%  1022  110s
H   16    28                    10345.086192 10314.8222  0.29%   958  110s
    27    75 10315.3463    5 1163 10345.0862 10314.8634  0.29%  1201  117s
    74    87 10315.5641    8 1182 10345.0862 10314.8634  0.29%   837  120s
    86   125 10315.3463    8 1131 10345.0862 10314.8634  0.29%   800  127s
   124   137 10315.4278   10  965 10345.0862 10314.8634  0.29%   834  143s
H  126   137                    10344.839149 10314.8634  0.29%   822  143s
   136   218 10315.4278   11  966 10344.8391 10314.8634  0.29%   819  158s
   217   333 10317.9073   20  831 10344.8391 10314.8634  0.29%   980  188s
H  218   333                    10344.685533 10314.8634  0.29%   976  188s
H  234   333                    10340.876421 10314.8634  0.25%   990  188s
H  266   333                    10338.784361 10314.8634  0.23%   991  188s
H  287   333                    10336.438664 10314.8634  0.21%  1040  188s
   332   447 10318.3544   21  782 10336.4387 10314.8634  0.21%  1079  234s
   356   447 10316.6715   17  771 10336.4387 10314.8634  0.21%  1218  235s
   446   490 10315.9140   22  879 10336.4387 10314.8634  0.21%  1565  297s
H  448   490                    10335.621290 10314.8634  0.20%  1559  297s
H  462   490                    10335.617711 10314.8634  0.20%  1731  297s
H  463   490                    10334.508280 10314.8634  0.19%  1732  297s
   489   573 10316.5358   24  812 10334.5083 10314.8634  0.19%  1873  362s
H  496   573                    10334.050194 10314.8634  0.19%  1932  362s
H  499   573                    10331.463016 10314.8634  0.16%  1963  362s
H  505   573                    10330.242105 10314.8634  0.15%  1985  362s
H  511   573                    10330.208308 10314.8634  0.15%  1999  362s
H  528   573                    10330.174664 10314.8634  0.15%  2091  362s
   572   714 10318.4311   27  736 10330.1747 10314.8634  0.15%  2179  426s
H  605   714                    10328.949174 10314.8634  0.14%  2331  426s
H  713   726                    10326.345157 10314.8634  0.11%  2720  523s
   725   944 10322.3012   35  599 10326.3452 10314.8634  0.11%  2720  611s
  1010  1334 10324.1608   42  453 10326.3452 10314.8634  0.11%  2541  700s
  1456  1981 10323.5154   20  647 10326.3452 10314.8840  0.11%  2150  768s
H 1845  1963                    10326.111718 10314.8840  0.11%  1871  768s
  2147  2405 10316.9494   12  767 10326.1117 10314.8840  0.11%  1634  811s
H 2653  2352                    10325.964505 10314.8840  0.11%  1416  841s
H 2653  2218                    10325.957211 10314.8840  0.11%  1416  859s
H 2653  1799                    10325.726029 10314.8840  0.11%  1416  860s
H 2653  1613                    10325.307855 10314.8840  0.10%  1416  862s
H 2653  1579                    10325.040694 10314.8840  0.10%  1416  867s
H 2653  1579                    10325.034212 10314.8840  0.10%  1416  867s
H 2653  1576                    10325.019515 10314.8840  0.10%  1416  868s
H 2653  1576                    10325.019485 10314.8840  0.10%  1416  868s
H 2653  1464                    10324.725865 10314.8840  0.10%  1416  909s
H 2653  1464                    10324.725834 10314.8840  0.10%  1416  909s
H 2653  1259                    10324.541245 10314.8840  0.09%  1416  927s
H 2653  1258                    10324.537193 10314.8840  0.09%  1416  930s
  2654  1215 10322.8925   45 1114 10324.5372 10314.8840  0.09%  1416 1037s
  2656  1216 10316.8020   25 1931 10324.5372 10314.8840  0.09%  1415 1072s
  2657  1217 10322.3959   34 1229 10324.5372 10314.8840  0.09%  1414 1112s
  2658  1218 10323.8362   29 1306 10324.5372 10314.8840  0.09%  1414 1119s
  2659  1218 10323.5154   21 1310 10324.5372 10314.8840  0.09%  1413 1138s
  2660  1219 10324.3239   70 1235 10324.5372 10314.8840  0.09%  1413 1164s
  2661  1220 10324.4207   60 1215 10324.5372 10314.8840  0.09%  1412 1182s
  2662  1220 10315.5198   18 1135 10324.5372 10315.0502  0.09%  1412 1214s
  2663  1221 10316.5412   27 1267 10324.5372 10315.0887  0.09%  1411 1216s
  2664  1222 10315.4353    8 1270 10324.5372 10315.0887  0.09%  1411 1231s
  2665  1222 10322.3171   36 1356 10324.5372 10315.3387  0.09%  1410 1254s
  2666  1223 10318.7720   28 1290 10324.5372 10315.3484  0.09%  1409 1255s
  2669  1225 10324.4993   84 1447 10324.5372 10315.3613  0.09%  1408 1271s
  2670  1226 10321.0044   13 1290 10324.5372 10315.5124  0.09%  1407 1291s
  2674  1228 10316.9581   25 1316 10324.5372 10315.5248  0.09%  1405 1306s
  2675  1229 10324.4993   86 1310 10324.5372 10315.5692  0.09%  1405 1325s
  2677  1230 10317.1222   11 1330 10324.5372 10315.5717  0.09%  1404 1340s
  2678  1231 10318.1245    7 1224 10324.5372 10315.5806  0.09%  1403 1360s
  2680  1232 10324.5306   28 1334 10324.5372 10315.5806  0.09%  1402 1374s
  2681  1233 10318.3112   18 1406 10324.5372 10315.6152  0.09%  1402 1395s
  2683  1234 10315.7981   21 1391 10324.5372 10315.6165  0.09%  1401 1414s
  2684  1235 10322.5553   18 1220 10324.5372 10315.6370  0.09%  1400 1433s
  2685  1236 10318.2104   12 1312 10324.5372 10315.6398  0.09%  1399 1435s
  2686  1236 10316.9494   26 1442 10324.5372 10315.6403  0.09%  1399 1452s
  2687  1237 10315.8543   12 1345 10324.5372 10315.6520  0.09%  1398 1476s
  2690  1239 10319.2141   24 1397 10324.5372 10315.6520  0.09%  1397 1491s
  2691  1240 10317.0518   29 1277 10324.5372 10315.6537  0.09%  1396 1511s
  2692  1240 10322.8143   38 1343 10324.5372 10315.6549  0.09%  1396 1524s
  2693  1241 10315.6585    8 1299 10324.5372 10315.6585  0.09%  1395 1545s
  2695  1242 10318.0802   17 1282 10324.5372 10315.6601  0.09%  1394 1559s
  2696  1243 10316.1223    8 1424 10324.5372 10315.6715  0.09%  1394 1583s
  2697  1244 10315.7651    9 1541 10324.5372 10315.6715  0.09%  1393 1601s
  2698  1244 10324.0339   28 1344 10324.5372 10315.6715  0.09%  1393 1621s
  2703  1249 10315.9800   26 1844 10324.5372 10315.6715  0.09%  1477 1658s
  2704  1250 10324.4103   42 1130 10324.5372 10315.6715  0.09%  1476 1704s
  2705  1251 10324.2926   48 1224 10324.5372 10315.6976  0.09%  1476 1709s
  2706  1251 10316.6336   11 1205 10324.5372 10315.7104  0.09%  1475 1714s
  2707  1252 10322.3166   22 1353 10324.5372 10315.7221  0.09%  1475 1719s
  2708  1253 10318.7946   12 1389 10324.5372 10315.7272  0.09%  1474 1734s
  2709  1253 10315.8172   11 1375 10324.5372 10315.8172  0.08%  1474 1759s
  2710  1254 10324.0323   25 1376 10324.5372 10315.8172  0.08%  1473 1781s

Cutting planes:
  Gomory: 231
  Cover: 2
  Implied bound: 11
  MIR: 125
  Mixing: 4
  Flow cover: 580
  RLT: 7
  Relax-and-lift: 14

Explored 2710 nodes (4280826 simplex iterations) in 1800.36 seconds (1542.61 work units)
Thread count was 24 (of 24 available processors)

Solution count 10: 10324.5 10324.5 10324.5 ... 10325

Time limit reached
Best objective 1.032453719276e+04, best bound 1.031590935922e+04, gap 0.0836%
