
Gurobi 13.0.1 (win64) logging started Fri Oct  9 00:49:52 2026

Set parameter LogFile to value "ieee_owen\weak_eps_experiment\stochastic\main17_xi\logs\n60_S20_day19_ef_gurobi.log"
Set parameter NodefileStart to value 3
Set parameter MIPGap to value 0.0001
Gurobi Optimizer version 13.0.1 build v13.0.1rc0 (win64 - Windows 10.0 (19045.2))

CPU model: AMD Ryzen 9 5900X 12-Core Processor, instruction set [SSE2|AVX|AVX2]
Thread count: 12 physical cores, 24 logical processors, using up to 24 threads

Non-default parameters:
TimeLimit  1800
NodefileStart  3
LogToConsole  0

Optimize a model with 340064 rows, 343286 columns and 1462340 nonzeros (Min)
Model fingerprint: 0xb82364bb
Model has 22 linear objective coefficients
Variable types: 289046 continuous, 54240 integer (54240 binary)
Coefficient statistics:
  Matrix range     [3e-04, 2e+02]
  Objective range  [5e-02, 1e+00]
  Bounds range     [7e-03, 6e+01]
  RHS range        [5e-02, 2e+01]

Presolve removed 152147 rows and 125382 columns
Presolve time: 3.38s
Presolved: 187917 rows, 217904 columns, 745821 nonzeros
Variable types: 169046 continuous, 48858 integer (48857 binary)
Found heuristic solution: objective 15429.252647
Deterministic concurrent LP optimizer: primal simplex, dual simplex, and barrier
Showing barrier log only...

Root barrier log...

Ordering time: 1.56s
Ordering time: 1.74s

Barrier statistics:
 Dense cols : 567
 Free vars  : 41
 AA' NZ     : 6.348e+05
 Factor NZ  : 3.420e+06 (roughly 180 MB of memory)
 Factor Ops : 5.649e+08 (less than 1 second per iteration)
 Threads    : 10

                  Objective                Residual
Iter       Primal          Dual         Primal    Dual     Compl     Time
   0   1.67825855e+00 -2.25033053e+04  4.80e+03 6.40e+01  1.62e+00     9s
   1  -2.59421613e+04 -2.27355576e+04  4.77e+03 5.85e+01  1.63e+00     9s
   2   1.48860986e+05 -2.26222910e+04  4.44e+03 5.24e+01  1.62e+00     9s
   3  -2.38061591e+04 -2.37231895e+04  3.24e+03 4.64e+01  1.23e+00     9s
   4  -1.02545619e+05 -2.41544955e+04  2.83e+03 3.95e+01  1.11e+00     9s
   5  -1.67077284e+05 -2.34976231e+04  1.96e+03 3.02e+01  7.41e-01     9s
   6  -1.17663869e+05 -2.08585697e+04  1.18e+03 1.58e+01  4.59e-01     9s
   7  -6.82548591e+04 -1.29876237e+04  6.54e+02 6.08e+00  2.58e-01    10s
   8  -4.50183849e+04 -6.25866882e+03  4.42e+02 2.03e+00  1.69e-01    10s
   9  -3.14864354e+04 -4.02436671e+03  3.26e+02 1.54e+00  1.26e-01    10s
  10  -2.59260281e+04 -1.41753037e+03  2.80e+02 1.11e+00  1.06e-01    10s
  11  -1.80632278e+04  5.63275951e+02  2.16e+02 8.45e-01  8.19e-02    10s
  12  -7.84028957e+03  2.32068930e+03  1.36e+02 6.39e-01  5.40e-02    10s
  13  -2.33750728e+03  5.46241311e+03  9.57e+01 3.03e-01  3.61e-02    10s
  14   1.90489221e+03  7.05162905e+03  6.43e+01 1.95e-01  2.42e-02    10s
  15   4.88883615e+03  7.73408244e+03  4.42e+01 1.57e-01  1.78e-02    10s
  16   6.19138521e+03  8.07035205e+03  3.58e+01 1.41e-01  1.52e-02    11s
  17   6.56577712e+03  8.35358051e+03  3.32e+01 1.28e-01  1.40e-02    11s
  18   6.99724805e+03  8.77854014e+03  3.02e+01 1.08e-01  1.24e-02    11s
  19   7.68120912e+03  9.07016529e+03  2.52e+01 9.63e-02  1.06e-02    11s
  20   8.02889105e+03  9.11620759e+03  2.28e+01 9.44e-02  9.95e-03    11s
  21   8.45092259e+03  9.45982650e+03  2.00e+01 8.01e-02  8.62e-03    11s
  22   9.07008996e+03  9.75832122e+03  1.59e+01 6.79e-02  7.09e-03    11s
  23   9.40807955e+03  1.01252124e+04  1.36e+01 5.40e-02  5.83e-03    12s
  24   9.48486791e+03  1.03196280e+04  1.31e+01 4.94e-02  5.48e-03    12s
  25   9.54495141e+03  1.04793087e+04  1.27e+01 4.75e-02  5.29e-03    12s
  26   9.56470039e+03  1.08636689e+04  1.26e+01 4.68e-02  5.23e-03    12s
  27   9.56509380e+03  1.06802658e+04  1.26e+01 4.67e-02  5.22e-03    12s
  28   9.56789287e+03  1.06943078e+04  1.26e+01 4.67e-02  5.22e-03    12s
  29   9.60381818e+01 -2.25033053e+08  2.75e+05 6.40e+01  8.98e+05    12s
  30   7.33847029e+07 -3.91062902e+08  5.00e+04 2.69e+02  2.78e+05    13s
  31   6.59992020e+07 -3.90266831e+08  4.39e+03 5.58e+01  2.51e+04    13s
  32   5.27589461e+07 -3.44871768e+08  5.05e+02 4.65e-01  3.48e+03    13s
  33   1.35442605e+07 -2.09857586e+08  1.26e+02 6.95e-03  1.00e+03    13s
  34   3.99401725e+06 -7.05220963e+07  3.65e+01 3.94e-04  2.51e+02    13s
  35   2.91469335e+05 -1.68173693e+07  2.38e+00 3.57e-04  3.68e+01    14s
  36   4.26777993e+04 -1.70282474e+06  2.41e-01 6.14e-04  3.43e+00    14s
  37   2.68843890e+04 -4.17336659e+05  9.20e-02 1.45e-04  8.64e-01    14s
  38   2.33820192e+04 -1.87002009e+05  4.63e-02 6.63e-05  4.08e-01    14s
  39   2.15723318e+04 -1.15469347e+05  2.98e-02 4.25e-05  2.65e-01    14s
  40   2.00338983e+04 -6.85359222e+04  1.95e-02 2.69e-05  1.71e-01    14s
  41   1.87382180e+04 -3.77531849e+04  1.31e-02 1.67e-05  1.09e-01    14s
  42   1.79819288e+04 -2.47832709e+04  1.03e-02 2.31e-05  8.27e-02    14s
  43   1.71957971e+04 -1.31975650e+04  7.78e-03 3.85e-05  5.88e-02    14s
  44   1.65205582e+04 -5.18829436e+03  6.17e-03 3.23e-05  4.20e-02    14s
  45   1.59044570e+04  1.28486451e+03  4.81e-03 2.23e-05  2.83e-02    15s
  46   1.52889270e+04  3.78855680e+03  3.82e-03 3.11e-05  2.22e-02    15s
  47   1.47090950e+04  6.26526812e+03  2.92e-03 1.02e-04  1.63e-02    15s
  48   1.43632302e+04  7.44836786e+03  2.47e-03 8.39e-05  1.34e-02    15s
  49   1.42446704e+04  8.40381953e+03  2.32e-03 6.87e-05  1.13e-02    15s
  50   1.41665700e+04  8.73484967e+03  2.23e-03 6.32e-05  1.05e-02    15s
  51   1.39194236e+04  9.37092480e+03  1.93e-03 5.24e-05  8.79e-03    15s
  52   1.37386796e+04  9.66622468e+03  1.72e-03 4.72e-05  7.87e-03    15s
  53   1.36354442e+04  1.00385632e+04  1.60e-03 4.05e-05  6.95e-03    15s
  54   1.34276664e+04  1.03231180e+04  1.36e-03 3.50e-05  6.00e-03    15s
  55   1.33174464e+04  1.05160097e+04  1.22e-03 3.15e-05  5.42e-03    15s
  56   1.31954504e+04  1.07395063e+04  1.08e-03 2.72e-05  4.75e-03    15s
  57   1.31290987e+04  1.08234395e+04  1.00e-03 2.56e-05  4.46e-03    15s
  58   1.30004280e+04  1.10346623e+04  8.52e-04 2.16e-05  3.80e-03    16s
  59   1.28348969e+04  1.11819984e+04  6.68e-04 1.88e-05  3.20e-03    16s
  60   1.27957409e+04  1.12177402e+04  6.25e-04 1.81e-05  3.05e-03    16s
  61   1.27252666e+04  1.13291991e+04  5.47e-04 1.60e-05  2.70e-03    16s
  62   1.26522071e+04  1.14082282e+04  4.67e-04 1.45e-05  2.40e-03    16s
  63   1.26125442e+04  1.14988579e+04  4.24e-04 1.28e-05  2.15e-03    16s
  64   1.25751334e+04  1.15456290e+04  3.83e-04 1.19e-05  1.99e-03    16s
  65   1.25453956e+04  1.15838130e+04  3.50e-04 1.12e-05  1.86e-03    16s
  66   1.24965210e+04  1.16983070e+04  2.96e-04 9.11e-06  1.54e-03    16s
  67   1.24275952e+04  1.17537666e+04  2.23e-04 8.07e-06  1.30e-03    16s
  68   1.23771728e+04  1.18905245e+04  1.69e-04 5.69e-06  9.41e-04    16s
  69   1.23187521e+04  1.19861185e+04  1.12e-04 4.00e-06  6.43e-04    16s
  70   1.22980943e+04  1.20457280e+04  9.11e-05 2.89e-06  4.88e-04    17s
  71   1.22725539e+04  1.20771933e+04  6.67e-05 2.25e-06  3.78e-04    17s
  72   1.22352538e+04  1.21249939e+04  3.20e-05 2.14e-06  2.13e-04    17s
  73   1.22205437e+04  1.21485667e+04  1.91e-05 3.24e-06  1.39e-04    17s
  74   1.22073852e+04  1.21637851e+04  8.28e-06 3.46e-06  8.43e-05    17s
  75   1.22038474e+04  1.21754062e+04  5.54e-06 3.13e-06  5.50e-05    17s
  76   1.22020554e+04  1.21777684e+04  4.08e-06 2.96e-06  4.69e-05    17s
  77   1.21997605e+04  1.21797600e+04  2.27e-06 2.64e-06  3.87e-05    17s
  78   1.21983610e+04  1.21870027e+04  1.34e-06 1.47e-06  2.20e-05    17s
  79   1.21975024e+04  1.21929757e+04  7.43e-07 7.06e-07  8.75e-06    17s
  80   1.21969949e+04  1.21935710e+04  4.32e-07 5.77e-07  6.62e-06    18s
  81   1.21966332e+04  1.21949472e+04  2.16e-07 2.70e-07  3.26e-06    18s
  82   1.21963763e+04  1.21956314e+04  7.12e-08 1.23e-07  1.44e-06    18s
  83   1.21963206e+04  1.21960596e+04  4.27e-08 3.47e-08  5.05e-07    18s
  84   1.21962971e+04  1.21961674e+04  3.09e-08 1.20e-08  2.51e-07    18s
  85   1.21962860e+04  1.21961987e+04  2.53e-08 6.26e-09  1.69e-07    18s
  86   1.21962588e+04  1.21962138e+04  1.13e-08 3.68e-09  8.68e-08    18s
  87   1.21962403e+04  1.21962300e+04  2.08e-09 7.63e-10  1.98e-08    18s
  88   1.21962355e+04  1.21962355e+04  1.27e-09 3.70e-12  5.68e-11    18s

Barrier solved model in 88 iterations and 18.30 seconds (17.55 work units)
Optimal objective 1.21962355e+04


Root crossover log...

   53821 DPushes remaining with DInf 7.5215167e-06                18s
       0 DPushes remaining with DInf 0.0000000e+00                19s

   37491 PPushes remaining with PInf 8.6800172e-05                19s
    7807 PPushes remaining with PInf 0.0000000e+00                20s
       0 PPushes remaining with PInf 0.0000000e+00                20s

  Push phase complete: Pinf 0.0000000e+00, Dinf 8.1434005e-02     20s


Root simplex log...

Iteration    Objective       Primal Inf.    Dual Inf.      Time
   89634    1.2196236e+04   0.000000e+00   8.143401e-02     20s
   89635    1.2196236e+04   0.000000e+00   0.000000e+00     21s
Crossover time: 2.19 seconds (2.62 work units)
Concurrent spin time: 2.09s (can be avoided by choosing Method=3)

Solved with barrier
   89635    1.2196236e+04   0.000000e+00   0.000000e+00     23s

Root relaxation: objective 1.219624e+04, 89635 iterations, 16.80 seconds (13.01 work units)

    Nodes    |    Current Node    |     Objective Bounds      |     Work
 Expl Unexpl |  Obj  Depth IntInf | Incumbent    BestBd   Gap | It/Node Time

     0     0 12196.2355    0 1932 15429.2526 12196.2355  21.0%     -   28s
H    0     0                    12287.713830 12196.2355  0.74%     -   33s
     0     0 12196.2361    0 2227 12287.7138 12196.2361  0.74%     -   37s
     0     0 12196.2421    0 2225 12287.7138 12196.2421  0.74%     -   39s
     0     0 12196.2421    0 2111 12287.7138 12196.2421  0.74%     -   44s
     0     0 12196.2425    0 2109 12287.7138 12196.2425  0.74%     -   45s
     0     0 12196.2425    0 2118 12287.7138 12196.2425  0.74%     -   49s
H    0     0                    12234.312676 12196.2425  0.31%     -   51s
     0     0 12196.2425    0 2118 12234.3127 12196.2425  0.31%     -   52s
     0     0 12196.2425    0 2106 12234.3127 12196.2425  0.31%     -   57s
H    0     0                    12233.986666 12196.2425  0.31%     -   58s
     0     0 12196.2425    0 2106 12233.9867 12196.2425  0.31%     -   59s
     0     0 12196.2425    0 2106 12233.9867 12196.2425  0.31%     -   60s
     0     0 12196.2425    0 2103 12233.9867 12196.2425  0.31%     -   64s
     0     0 12196.2425    0 2103 12233.9867 12196.2425  0.31%     -   64s
     0     0 12196.2425    0 1782 12233.9867 12196.2425  0.31%     -   66s
H    0     0                    12233.081954 12196.2425  0.30%     -   68s
     0     0 12196.2425    0 1865 12233.0820 12196.2425  0.30%     -   69s
     0     0 12196.2425    0 1718 12233.0820 12196.2425  0.30%     -   73s
     0     0 12196.2425    0 1718 12233.0820 12196.2425  0.30%     -   73s
     0     0 12196.2425    0 1718 12233.0820 12196.2425  0.30%     -   74s
     0     0 12196.2425    0 1718 12233.0820 12196.2425  0.30%     -   78s
     0     0 12196.2425    0 1717 12233.0820 12196.2425  0.30%     -   81s
     0     0 12196.2425    0 1717 12233.0820 12196.2425  0.30%     -   82s
     0     0 12196.2425    0 1717 12233.0820 12196.2425  0.30%     -   83s
     0     0 12196.2425    0 1648 12233.0820 12196.2425  0.30%     -   84s
     0     2 12196.2425    0 1648 12233.0820 12196.2425  0.30%     -   88s
     1     4 12196.4934    1 1662 12233.0820 12196.2425  0.30%  3575   90s
     7    16 12197.6483    3 1603 12233.0820 12196.2425  0.30%  1862  100s
    15    28 12197.9270    4 1654 12233.0820 12196.2425  0.30%  1693  107s
    27    40 12199.9841    5 1376 12233.0820 12196.2546  0.30%  2599  114s
    39    52 12199.9841    6 1368 12233.0820 12196.2655  0.30%  2711  119s
H   44    52                    12225.317455 12196.2655  0.24%  2573  119s
    51    73 12199.9882    7 1364 12225.3175 12196.2655  0.24%  2270  126s
    72    94 12199.9882   11 1366 12225.3175 12196.2655  0.24%  1731  133s
H   82    94                    12225.313358 12196.2655  0.24%  1631  133s
    93   135 12200.0795   12 1502 12225.3134 12196.2655  0.24%  1557  143s
H   99   135                    12223.922197 12196.2655  0.23%  1556  143s
   134   218 12199.9884   15 1523 12223.9222 12196.2655  0.23%  1338  163s
   217   252 12201.6112   23 1305 12223.9222 12196.2655  0.23%  1448  188s
H  218   252                    12222.396295 12196.2655  0.21%  1441  188s
H  231   252                    12212.729200 12196.2655  0.13%  1523  188s
   251   354 12200.5628   24 1376 12212.7292 12196.2655  0.13%  1612  221s
   353   492 12201.6091   32 1089 12212.7292 12196.2655  0.13%  1761  255s
H  491   504                    12212.664492 12196.2655  0.13%  1805  300s
H  494   504                    12211.884656 12196.2655  0.13%  1800  300s
H  496   504                    12211.875312 12196.2655  0.13%  1802  300s
   503   546 12202.8620   40  927 12211.8753 12196.2655  0.13%  1807  338s
   545   744 12203.0970   43  823 12211.8753 12196.2655  0.13%  1842  374s
   751   863 12208.5374   60  725 12211.8753 12196.2655  0.13%  1760  401s
H  755   863                    12211.870937 12196.2655  0.13%  1751  401s
H  786   863                    12211.857283 12196.2655  0.13%  1724  401s
   872  1166 12209.6131   74  589 12211.8573 12196.2655  0.13%  1794  436s
  1180  1506 12210.8010  103  236 12211.8573 12196.2655  0.13%  1575  464s
  1526  1906 12210.9838  141  117 12211.8573 12196.2655  0.13%  1346  485s
H 1930  1569                    12210.064456 12196.2655  0.11%  1132  518s
H 1933  1564                    12210.017461 12196.2655  0.11%  1131  518s
H 1934  1556                    12209.947296 12196.2655  0.11%  1131  518s
H 1938  1230                    12208.741461 12196.2655  0.10%  1128  518s
  1942  1321     cutoff  184      12208.7415 12196.4936  0.10%  1126  540s
  2104  1455 12196.8847    6 1620 12208.7415 12196.4936  0.10%  1087  560s
  2249  1598 12197.8305    9 1741 12208.7415 12196.4936  0.10%  1074  578s
  2392  1774 12202.6111   10 1601 12208.7415 12196.4936  0.10%  1081  598s
  2568  1899 12198.5040   12 1638 12208.7415 12196.4936  0.10%  1064  619s
* 2696  1591             317    12208.489477 12196.5215  0.10%  1063  619s
  2703  1726 12200.8148   18 1358 12208.4895 12196.5215  0.10%  1065  641s
H 2781  1578                    12207.790202 12196.5215  0.09%  1084  641s
H 2784  1558                    12207.723434 12196.5215  0.09%  1083  641s
  2842  1674 12202.0971   20 1270 12207.7234 12196.5215  0.09%  1075  661s
* 2952  1346             387    12207.629835 12196.5215  0.09%  1090  661s
  2980  1357 12203.3066   25 1199 12207.6298 12196.5215  0.09%  1096  680s
H 3054  1342                    12207.597239 12196.5369  0.09%  1125  755s
  3055  1343 12196.8768   10 1648 12207.5972 12196.5369  0.09%  1125  898s
  3057  1344 12202.1986   25 2239 12207.5972 12196.5369  0.09%  1124  919s
  3058  1345 12200.1800   30 3288 12207.5972 12196.5369  0.09%  1124  936s
  3059  1346 12201.1413   21 3097 12207.5972 12196.5369  0.09%  1124  945s
  3062  1348 12196.5439   14 3101 12207.5972 12196.5369  0.09%  1123  951s
  3063  1348 12197.3580    9 2107 12207.5972 12196.5369  0.09%  1122  963s
  3064  1349 12205.3527   39 2107 12207.5972 12196.5369  0.09%  1122  967s
  3065  1353 12196.5369   12 2203 12207.5972 12196.5369  0.09%  1164  973s
  3067  1356 12197.1570   13 2432 12207.5972 12196.5369  0.09%  1166  979s
  3071  1363 12197.3252   14 2405 12207.5972 12196.6349  0.09%  1169  989s
  3079  1372 12197.6366   15 2140 12207.5972 12196.7501  0.09%  1180 1002s
  3091  1390 12197.6743   16 2086 12207.5972 12197.1256  0.09%  1192 1016s
  3115  1408 12198.0889   18 2021 12207.5972 12197.1609  0.09%  1211 1029s
  3147  1418 12199.1507   19 1884 12207.5972 12197.1609  0.09%  1222 1042s
  3168  1421 12198.2139   20 1981 12207.5972 12197.1609  0.09%  1231 1061s
  3180  1429 12198.2447   21 1957 12207.5972 12197.1609  0.09%  1243 1079s
  3196  1444 12198.4836   22 1928 12207.5972 12197.1609  0.09%  1261 1093s
  3222  1455 12201.0031   23 2012 12207.5972 12197.1609  0.09%  1296 1104s
  3250  1465 12198.7493   24 1773 12207.5972 12197.1609  0.09%  1307 1120s
  3271  1473 12199.2882   25 1845 12207.5972 12197.1609  0.09%  1321 1133s
  3290  1485 12199.0124   25 1518 12207.5972 12197.1609  0.09%  1325 1143s
  3312  1499 12199.2338   27 1515 12207.5972 12197.1609  0.09%  1339 1152s
  3340  1503 12199.4995   28 1500 12207.5972 12197.1609  0.09%  1357 1161s
  3371  1508 12199.5135   29 1493 12207.5972 12197.1609  0.09%  1373 1173s
  3402  1515 12199.8485   30 1480 12207.5972 12197.1609  0.09%  1389 1184s
  3435  1521 12200.2820   31 1480 12207.5972 12197.1609  0.09%  1400 1193s
  3470  1524 12200.3502   32 1485 12207.5972 12197.2445  0.08%  1413 1205s
  3503  1549 12200.4841   33 1550 12207.5972 12197.2445  0.08%  1424 1219s
  3539  1557 12202.9974   34 1278 12207.5972 12197.2445  0.08%  1437 1232s
  3577  1570 12201.7753   36 1298 12207.5972 12197.2445  0.08%  1446 1247s
  3612  1580 12206.7229   37 1158 12207.5972 12197.3581  0.08%  1466 1262s
  3646  1600 12204.6912   38 1222 12207.5972 12197.3581  0.08%  1479 1273s
  3691  1627 12203.7860   39 1240 12207.5972 12197.3581  0.08%  1484 1285s
  3745  1615 12204.1914   40 1234 12207.5972 12197.3581  0.08%  1489 1322s
  3761  1639 12204.3551   41 1002 12207.5972 12197.3581  0.08%  1493 1347s
  3798  1662 12205.1303   43 1004 12207.5972 12197.3581  0.08%  1505 1372s
  3874  1680 12205.1718   45  965 12207.5972 12197.3581  0.08%  1504 1389s
  3951  1700     cutoff   48      12207.5972 12197.5065  0.08%  1508 1409s
  4027  1740 12207.5860   51  654 12207.5972 12197.5065  0.08%  1506 1427s
  4125  1715 12206.8332   56  500 12207.5972 12197.5065  0.08%  1499 1472s
  4141  1792 12206.8332   57  541 12207.5972 12197.5065  0.08%  1498 1504s
  4235  1837 12206.8586   57  557 12207.5972 12197.5065  0.08%  1485 1530s
  4353  1808 12206.9711   62  566 12207.5972 12198.4054  0.08%  1474 1556s
  4366  1910 12206.9379   62  590 12207.5972 12198.4054  0.08%  1477 1578s
  4498  1983 12207.0528   73  471 12207.5972 12198.4268  0.08%  1456 1598s
  4656  2044     cutoff   85      12207.5972 12198.4268  0.08%  1428 1617s
  4824  2136 12207.0354   99  374 12207.5972 12198.4268  0.08%  1398 1638s
  4998  2138 12207.0354  114  354 12207.5972 12198.4324  0.08%  1367 1669s
  5104  2268 12207.0393  120  348 12207.5972 12198.8061  0.07%  1357 1694s
  5291  2379 12207.0354  137  338 12207.5972 12198.8650  0.07%  1329 1715s
  5486  2491 12207.0354  156  321 12207.5972 12198.8650  0.07%  1299 1738s
  5705  2629 12207.0399  177  308 12207.5972 12198.8874  0.07%  1269 1762s
  5947  2756 12207.0354  199  285 12207.5972 12198.8874  0.07%  1236 1791s
H 5982  2668                    12207.564255 12198.8874  0.07%  1229 1791s
H 5985  2601                    12207.560406 12198.8874  0.07%  1228 1791s
H 6142  2481                    12207.532348 12199.1507  0.07%  1215 1791s
H 6145  2386                    12207.444177 12199.1507  0.07%  1214 1791s
  6205  2449 12207.0354  224  259 12207.4442 12199.1507  0.07%  1203 1800s

Cutting planes:
  Gomory: 2
  Implied bound: 18
  MIR: 93
  Flow cover: 300
  Relax-and-lift: 32

Explored 6292 nodes (7621853 simplex iterations) in 1800.56 seconds (1953.22 work units)
Thread count was 24 (of 24 available processors)

Solution count 10: 12207.4 12207.5 12207.6 ... 12207.7

Time limit reached
Best objective 1.220744417718e+04, best bound 1.219915074947e+04, gap 0.0679%
