
Gurobi 13.0.1 (win64) logging started Thu Oct  8 06:45:53 2026

Set parameter LogFile to value "ieee_owen\weak_eps_experiment\stochastic\main17_xi\logs\n60_S20_day8_ef_gurobi.log"
Set parameter NodefileStart to value 3
Set parameter MIPGap to value 0.0001
Gurobi Optimizer version 13.0.1 build v13.0.1rc0 (win64 - Windows 10.0 (19045.2))

CPU model: AMD Ryzen 9 5900X 12-Core Processor, instruction set [SSE2|AVX|AVX2]
Thread count: 12 physical cores, 24 logical processors, using up to 24 threads

Non-default parameters:
TimeLimit  1800
NodefileStart  3
LogToConsole  0

Optimize a model with 340064 rows, 343286 columns and 1462340 nonzeros (Min)
Model fingerprint: 0x770a698e
Model has 22 linear objective coefficients
Variable types: 289046 continuous, 54240 integer (54240 binary)
Coefficient statistics:
  Matrix range     [3e-04, 2e+02]
  Objective range  [5e-02, 1e+00]
  Bounds range     [7e-03, 6e+01]
  RHS range        [5e-02, 2e+01]

Presolve removed 152117 rows and 125326 columns
Presolve time: 3.29s
Presolved: 187947 rows, 217960 columns, 745974 nonzeros
Variable types: 169080 continuous, 48880 integer (48879 binary)
Found heuristic solution: objective 13693.427581
Deterministic concurrent LP optimizer: primal simplex, dual simplex, and barrier
Showing barrier log only...

Root barrier log...

Ordering time: 1.47s
Ordering time: 1.65s

Barrier statistics:
 Dense cols : 567
 Free vars  : 41
 AA' NZ     : 6.346e+05
 Factor NZ  : 3.430e+06 (roughly 180 MB of memory)
 Factor Ops : 5.729e+08 (less than 1 second per iteration)
 Threads    : 10

                  Objective                Residual
Iter       Primal          Dual         Primal    Dual     Compl     Time
   0   1.48694204e+00 -2.28774181e+04  4.25e+03 6.40e+01  1.44e+00     8s
   1  -2.38413623e+04 -2.31479064e+04  4.23e+03 5.73e+01  1.45e+00     8s
   2   8.99501269e+04 -2.30925944e+04  3.96e+03 5.15e+01  1.44e+00     8s
   3   3.83330423e+04 -2.41335607e+04  2.69e+03 4.55e+01  1.07e+00     8s
   4  -2.96165789e+04 -2.46919087e+04  2.44e+03 3.73e+01  1.03e+00     8s
   5  -1.07536212e+05 -2.42651631e+04  1.82e+03 3.16e+01  7.36e-01     8s
   6  -7.39089120e+04 -2.18118115e+04  9.57e+02 1.48e+01  4.13e-01     9s
   7  -4.44797622e+04 -1.49531312e+04  5.14e+02 5.56e+00  2.25e-01     9s
   8  -3.39152738e+04 -9.44723595e+03  3.96e+02 2.95e+00  1.69e-01     9s
   9  -2.70311750e+04 -7.49527189e+03  3.27e+02 2.44e+00  1.40e-01     9s
  10  -1.99984475e+04 -5.35670561e+03  2.57e+02 1.94e+00  1.11e-01     9s
  11  -1.71622334e+04 -4.30796609e+03  2.30e+02 1.73e+00  9.94e-02     9s
  12  -1.18900245e+04 -2.45314125e+03  1.77e+02 1.41e+00  7.69e-02     9s
  13  -4.73431116e+03 -2.21829207e+02  1.09e+02 1.04e+00  4.95e-02     9s
  14   9.90758424e+02  3.03789676e+03  6.10e+01 6.19e-01  2.88e-02     9s
  15   3.55091608e+03  4.89077232e+03  4.18e+01 4.20e-01  1.98e-02     9s
  16   5.32754997e+03  6.44505216e+03  2.96e+01 2.74e-01  1.37e-02    10s
  17   6.21060597e+03  7.11253932e+03  2.39e+01 2.19e-01  1.11e-02    10s
  18   7.07349978e+03  7.54384639e+03  1.86e+01 1.84e-01  9.09e-03    10s
  19   7.62095140e+03  8.04376470e+03  1.51e+01 1.47e-01  7.27e-03    10s
  20   7.86214518e+03  8.34871464e+03  1.35e+01 1.25e-01  6.34e-03    10s
  21   7.98961557e+03  8.62999304e+03  1.27e+01 1.13e-01  5.82e-03    10s
  22   8.01225566e+03  8.99995853e+03  1.26e+01 1.10e-01  5.73e-03    10s
  23   8.01582421e+03  8.93248491e+03  1.26e+01 1.10e-01  5.73e-03    10s
  24   8.04474819e+03  8.98472895e+03  1.24e+01 1.09e-01  5.67e-03    10s
  25   8.10375776e+03  9.00278268e+03  1.21e+01 1.01e-01  5.42e-03    10s
  26   8.33992885e+03  9.08201298e+03  1.09e+01 9.03e-02  4.95e-03    11s
  27   8.58465740e+03  9.15439327e+03  9.79e+00 8.15e-02  4.57e-03    11s
  28   8.72422449e+03  9.22446297e+03  9.13e+00 7.85e-02  4.37e-03    11s
  29   9.09936929e+03  9.49199141e+03  7.25e+00 6.47e-02  3.59e-03    11s
  30   9.62049209e+03  9.73835372e+03  4.64e+00 5.04e-02  2.61e-03    11s
  31   9.78673432e+03  9.84498416e+03  3.86e+00 4.41e-02  2.27e-03    11s
  32   1.00519014e+04  1.00255662e+04  2.57e+00 3.35e-02  1.66e-03    11s
  33   1.00973845e+04  1.00387378e+04  2.35e+00 3.27e-02  1.59e-03    11s
  34   1.02489828e+04  1.02528891e+04  1.63e+00 2.00e-02  1.02e-03    12s
  35   1.03975088e+04  1.03434653e+04  9.43e-01 1.47e-02  7.06e-04    12s
  36   1.04190800e+04  1.03486293e+04  8.41e-01 1.44e-02  6.74e-04    12s
  37   1.04779466e+04  1.04343494e+04  5.66e-01 9.33e-03  4.47e-04    12s
  38   1.04914039e+04  1.04398232e+04  5.02e-01 9.01e-03  4.23e-04    12s
  39   1.05234812e+04  1.04918388e+04  3.52e-01 6.04e-03  2.88e-04    12s
  40   1.05655192e+04  1.05163725e+04  1.60e-01 4.61e-03  2.00e-04    12s
  41   1.05748330e+04  1.05582364e+04  1.13e-01 2.21e-03  1.05e-04    12s
  42   1.05844141e+04  1.05726500e+04  6.56e-02 1.37e-03  6.54e-05    13s
  43   1.05905331e+04  1.05794385e+04  3.37e-02 9.75e-04  4.38e-05    13s
  44   1.05917626e+04  1.05828508e+04  2.76e-02 7.79e-04  3.55e-05    13s
  45   1.05942757e+04  1.05864981e+04  1.48e-02 5.71e-04  2.51e-05    13s
  46   1.05951224e+04  1.05896869e+04  1.03e-02 3.92e-04  1.75e-05    13s
  47   1.05960435e+04  1.05931971e+04  5.28e-03 2.03e-04  9.09e-06    13s
  48   1.05961020e+04  1.05941913e+04  4.94e-03 1.47e-04  7.00e-06    13s
  49   1.05962484e+04  1.05943431e+04  4.09e-03 1.38e-04  6.44e-06    13s
  50   1.05963419e+04  1.05943727e+04  3.54e-03 1.37e-04  6.22e-06    13s
  51   1.05966032e+04  1.05954334e+04  2.13e-03 7.77e-05  3.71e-06    13s
  52   1.05968494e+04  1.05964009e+04  6.16e-04 2.60e-05  1.29e-06    13s
  53   1.05969247e+04  1.05967899e+04  1.50e-04 7.25e-06  3.66e-07    14s
  54   1.05969404e+04  1.05969414e+04  4.26e-05 2.45e-08  2.53e-08    14s
  55   1.05969426e+04  1.05969424e+04  2.33e-05 1.80e-08  1.54e-08    14s
  56   1.05969451e+04  1.05969451e+04  4.74e-07 1.10e-09  3.71e-10    14s

Barrier solved model in 56 iterations and 13.89 seconds (13.85 work units)
Optimal objective 1.05969451e+04


Root crossover log...

   64201 DPushes remaining with DInf 1.1503006e-04                14s
     721 DPushes remaining with DInf 0.0000000e+00                15s
       0 DPushes remaining with DInf 0.0000000e+00                15s

   33950 PPushes remaining with PInf 4.9411356e-04                15s
       0 PPushes remaining with PInf 0.0000000e+00                16s

  Push phase complete: Pinf 0.0000000e+00, Dinf 2.9259157e-11     16s


Root simplex log...

Iteration    Objective       Primal Inf.    Dual Inf.      Time
   84126    1.0596945e+04   0.000000e+00   0.000000e+00     16s
Crossover time: 2.49 seconds (2.29 work units)
Concurrent spin time: 0.51s

Solved with barrier
   84126    1.0596945e+04   0.000000e+00   0.000000e+00     17s

Root relaxation: objective 1.059695e+04, 84126 iterations, 11.79 seconds (9.43 work units)

    Nodes    |    Current Node    |     Objective Bounds      |     Work
 Expl Unexpl |  Obj  Depth IntInf | Incumbent    BestBd   Gap | It/Node Time

     0     0 10596.9452    0 1668 13693.4276 10596.9452  22.6%     -   21s
H    0     0                    10650.840250 10596.9452  0.51%     -   25s
     0     0 10597.7394    0 1683 10650.8402 10597.7394  0.50%     -   30s
     0     0 10597.7406    0 1683 10650.8402 10597.7406  0.50%     -   32s
     0     0 10598.0072    0 1833 10650.8402 10598.0072  0.50%     -   36s
     0     0 10598.0123    0 1833 10650.8402 10598.0123  0.50%     -   37s
     0     0 10598.0160    0 1831 10650.8402 10598.0160  0.50%     -   40s
     0     0 10598.0180    0 1832 10650.8402 10598.0180  0.50%     -   42s
     0     0 10598.0182    0 1831 10650.8402 10598.0182  0.50%     -   46s
H    0     0                    10650.483461 10598.0182  0.49%     -   46s
     0     0 10598.0182    0 1831 10650.4835 10598.0182  0.49%     -   47s
     0     0 10598.0198    0 1830 10650.4835 10598.0198  0.49%     -   50s
     0     0 10598.0325    0 1829 10650.4835 10598.0325  0.49%     -   53s
     0     0 10598.0325    0 1828 10650.4835 10598.0325  0.49%     -   56s
     0     0 10598.0325    0 1828 10650.4835 10598.0325  0.49%     -   57s
     0     0 10598.0325    0 1828 10650.4835 10598.0325  0.49%     -   60s
     0     0 10598.0362    0 1828 10650.4835 10598.0362  0.49%     -   61s
     0     0 10598.0362    0 1485 10650.4835 10598.0362  0.49%     -   63s
     0     2 10598.0362    0 1485 10650.4835 10598.0362  0.49%     -   65s
     3     8 10598.4465    2 1345 10650.4835 10598.0828  0.49%  1854   71s
     7    16 10598.7801    3 1224 10650.4835 10598.1653  0.49%  2149   78s
H   13    16                    10649.362000 10598.3424  0.48%  2676   78s
    15    28 10600.8362    4 1268 10649.3620 10598.3424  0.48%  3053   87s
    27    52 10601.3194    5 1185 10649.3620 10598.5287  0.48%  3169  101s
H   29    52                    10644.884846 10598.5287  0.44%  3204  101s
    51    94 10601.3418    6 1212 10644.8848 10598.5287  0.44%  2818  111s
    93   106 10601.4754    7 1192 10644.8848 10598.5287  0.44%  1999  117s
   105   130 10601.9291    7 1049 10644.8848 10598.5287  0.44%  1940  125s
   129   149 10601.4754    8 1181 10644.8848 10598.5287  0.44%  1734  133s
   148   175 10602.3086   10 1018 10644.8848 10598.5287  0.44%  1736  147s
   174   194 10602.7073   11  892 10644.8848 10598.5287  0.44%  1741  160s
H  179   194                    10644.531092 10598.5287  0.43%  1772  160s
   193   223 10605.9066   11  886 10644.5311 10598.5287  0.43%  1965  177s
   222   234 10605.2794   15 1187 10644.5311 10598.5287  0.43%  2050  191s
   233   253 10603.2964   12  972 10644.5311 10598.5287  0.43%  2195  207s
H  234   253                    10644.529501 10598.5287  0.43%  2186  207s
H  236   253                    10643.929403 10598.5287  0.43%  2179  207s
H  241   253                    10640.067434 10598.5287  0.39%  2171  207s
   252   271 10605.4228   13  963 10640.0674 10598.5287  0.39%  2241  227s
H  259   271                    10639.633480 10598.5287  0.39%  2195  227s
   270   293 10607.5625   14 1015 10639.6335 10598.5287  0.39%  2362  243s
   292   317 10608.3054   15  849 10639.6335 10598.5287  0.39%  2648  264s
H  310   317                    10634.021359 10598.5287  0.33%  2665  264s
H  314   317                    10631.921808 10598.5287  0.31%  2731  264s
   316   362 10609.1050   16  876 10631.9218 10598.5287  0.31%  2755  280s
H  328   362                    10620.652061 10598.5287  0.21%  2748  280s
   361   400 10612.1247   17  704 10620.6521 10598.5287  0.21%  2748  298s
   399   412 10615.0199   20  510 10620.6521 10598.5287  0.21%  2706  324s
H  400   412                    10619.692945 10598.5287  0.20%  2700  324s
H  400   412                    10618.023888 10598.5287  0.18%  2700  324s
   411   441 10615.0926   21  408 10618.0239 10598.5287  0.18%  2778  346s
H  433   441                    10615.106059 10598.5287  0.16%  2719  346s
   448   467     cutoff   23      10615.1061 10598.5287  0.16%  2745  369s
   492   485 10602.4645    6  997 10615.1061 10598.5287  0.16%  2724  389s
H  494   485                    10615.105928 10598.5287  0.16%  2716  389s
H  506   485                    10615.040388 10598.5287  0.16%  2717  389s
   528   496 10603.0866    7 1012 10615.0404 10598.6444  0.15%  2729  447s
H  533   496                    10614.604579 10598.6444  0.15%  2706  447s
   541   531 10605.2184    7  899 10614.6046 10598.6444  0.15%  2732  474s
   616   625 10605.1334    8  826 10614.6046 10598.7927  0.15%  2605  504s
   720   725 10609.0589   11  756 10614.6046 10598.7927  0.15%  2448  529s
H  750   725                    10614.518438 10598.7927  0.15%  2412  529s
H  758   725                    10614.288173 10598.7927  0.15%  2392  529s
   834   770 10611.4301   12  482 10614.2882 10598.7927  0.15%  2277  560s
H  884   770                    10614.132421 10598.7927  0.14%  2208  561s
H  890   770                    10614.080770 10598.7927  0.14%  2194  561s
H  893   770                    10614.053637 10598.7927  0.14%  2186  561s
   967   774 10611.5147   22  372 10614.0536 10598.7927  0.14%  2109  598s
H  979   774                    10614.053341 10598.7927  0.14%  2086  598s
H 1000   774                    10614.044990 10598.7927  0.14%  2081  598s
  1044   856 10611.5813   30  280 10614.0450 10598.7927  0.14%  2065  622s
  1164   943 10611.6296   47  282 10614.0450 10598.7927  0.14%  1954  643s
  1269  1026 10611.6300   53  219 10614.0450 10598.7927  0.14%  1876  662s
  1393  1136 10612.0408   57  261 10614.0450 10598.8254  0.14%  1783  682s
  1527  1255 10611.8768   61  124 10614.0450 10598.8254  0.14%  1697  705s
  1688  1422 10611.8768   80  118 10614.0450 10598.8254  0.14%  1581  727s
  1885  1606 10611.8768  102  116 10614.0450 10599.1099  0.14%  1455  748s
H 2095   887                    10613.021791 10599.2157  0.13%  1342  799s
H 2095   875                    10612.958651 10599.2157  0.13%  1342  801s
H 2095   861                    10612.906650 10599.2157  0.13%  1342  803s
H 2095   834                    10612.783462 10599.2157  0.13%  1342  810s
H 2095   778                    10612.241806 10599.2157  0.12%  1342  822s
H 2095   777                    10612.240376 10599.2157  0.12%  1342  822s
H 2095   777                    10612.238798 10599.2157  0.12%  1342  822s
H 2095   777                    10612.236775 10599.2157  0.12%  1342  822s
H 2095   777                    10612.235345 10599.2157  0.12%  1342  823s
H 2095   777                    10612.233767 10599.2157  0.12%  1342  823s
H 2095   777                    10612.226911 10599.2157  0.12%  1342  827s
H 2095   777                    10612.226451 10599.2157  0.12%  1342  827s
H 2095   777                    10612.225563 10599.2157  0.12%  1342  827s
H 2095   777                    10612.225103 10599.2157  0.12%  1342  827s
H 2095   774                    10612.178095 10599.2157  0.12%  1342  832s
  2096   744 10605.0392   16 1485 10612.1781 10599.2157  0.12%  1342 1033s
  2098   745 10608.5586   10 1868 10612.1781 10599.2157  0.12%  1340 1072s
  2099   746 10607.5560   25 1476 10612.1781 10599.2157  0.12%  1340 1111s
  2100   747 10600.5537    6 1449 10612.1781 10599.2157  0.12%  1339 1116s
  2101   747 10611.5114   12 1453 10612.1781 10599.2157  0.12%  1339 1141s
  2102   748 10605.2943   15 1258 10612.1781 10599.2157  0.12%  1338 1167s
  2103   749 10606.0488   17 1264 10612.1781 10599.2157  0.12%  1337 1184s
  2104   749 10611.5644   19 1625 10612.1781 10599.2157  0.12%  1337 1214s
  2105   750 10605.0469   13 1550 10612.1781 10599.2157  0.12%  1336 1233s
  2106   751 10600.1010    8 1429 10612.1781 10599.2157  0.12%  1335 1264s
  2107   751 10611.8768  120 1428 10612.1781 10599.2157  0.12%  1335 1265s
  2108   752 10602.4873    9 1440 10612.1781 10599.2157  0.12%  1334 1280s
  2109   753 10611.5772   22 1467 10612.1781 10599.2157  0.12%  1333 1302s
  2110   753 10605.0818    9 1535 10612.1781 10599.2157  0.12%  1333 1320s
  2111   754 10611.6296   47 1447 10612.1781 10599.2157  0.12%  1332 1338s
  2112   755 10606.2270    9 1540 10612.1781 10599.2835  0.12%  1332 1356s
  2113   755 10602.5190    8 1363 10612.1781 10599.2835  0.12%  1331 1380s
  2114   756 10611.6573   24 1493 10612.1781 10599.5467  0.12%  1330 1398s
  2115   757 10608.3253   11 1453 10612.1781 10599.5467  0.12%  1330 1420s
  2116   757 10606.3614   14 1461 10612.1781 10599.5758  0.12%  1329 1437s
  2117   758 10606.3049   20 1476 10612.1781 10599.5758  0.12%  1328 1459s
  2118   759 10601.4754    9 1750 10612.1781 10600.2257  0.11%  1328 1481s
  2119   759 10605.4267    7 1448 10612.1781 10600.2257  0.11%  1327 1504s
  2120   760 10611.2479   14 1565 10612.1781 10600.2487  0.11%  1327 1520s
  2121   761 10600.2487   11 1354 10612.1781 10600.2487  0.11%  1326 1547s
  2122   761 10600.4388    5 1518 10612.1781 10600.4388  0.11%  1325 1564s
  2123   762 10611.8768  126 1503 10612.1781 10600.4388  0.11%  1325 1587s
  2124   763 10610.3726   19 1645 10612.1781 10600.5674  0.11%  1324 1608s
  2125   763 10605.5673    8 1343 10612.1781 10600.5674  0.11%  1323 1629s
  2126   764 10612.1456   56 1350 10612.1781 10600.9248  0.11%  1323 1644s
  2127   765 10602.4873    9 1466 10612.1781 10600.9968  0.11%  1322 1667s
  2128   765 10602.0469   10 1452 10612.1781 10600.9968  0.11%  1322 1690s
  2129   766 10605.2463    9 1452 10612.1781 10600.9968  0.11%  1321 1700s
  2130   770 10600.9968   14 1761 10612.1781 10600.9968  0.11%  1442 1712s
  2132   773 10601.1916   15 1715 10612.1781 10600.9968  0.11%  1443 1722s
  2136   780 10602.2302   16 1646 10612.1781 10600.9968  0.11%  1452 1734s
  2144   789 10606.5795   17 1452 10612.1781 10600.9968  0.11%  1466 1748s
  2156   813 10608.6045   18 1774 10612.1781 10600.9968  0.11%  1486 1769s
  2184   815 10608.6630   19 1263 10612.1781 10600.9968  0.11%  1505 1796s
  2195   814 10610.5743   20 1227 10612.1781 10600.9968  0.11%  1519 1800s

Cutting planes:
  Gomory: 74
  Cover: 15
  Implied bound: 28
  MIR: 228
  Mixing: 9
  Flow cover: 986
  Inf proof: 1
  RLT: 2
  Relax-and-lift: 19

Explored 2198 nodes (3461180 simplex iterations) in 1800.48 seconds (1787.08 work units)
Thread count was 24 (of 24 available processors)

Solution count 10: 10612.2 10612.2 10612.2 ... 10612.2

Time limit reached
Best objective 1.061217809513e+04, best bound 1.060099683896e+04, gap 0.1054%
