
Cluster assignments:
Cluster 0 (represented by Day 25): [ 1 12 17 21 25 26 27 28]... (total 8 days)
Cluster 1 (represented by Day 4): [ 2  3  4  5  6  7  8  9 10 11]... (total 23 days)
[reserve] pi_res = 56 EUR/MW.h (daily mean of fcrn_dk2_56 hourly prices), 1h blocks
[reserve] c_min_G = 0.15 (electrolyzer min load / els_cap); literature 0.1-0.16 -> OK
[reserve] c_sb_G = 0.01 (electrolyzer standby draw / els_cap); literature 0.025-0.05 -> OUT OF RANGE
✓ spring  :  92 days | Mean: 1 MWh | RMSE range: 0.0-0.2 MWh
✓ summer  :  92 days | Mean: 1 MWh | RMSE range: 0.0-0.3 MWh
✓ fall    :  91 days | Mean: 1 MWh | RMSE range: 0.0-0.2 MWh
✓ winter  :  90 days | Mean: 1 MWh | RMSE range: 0.0-0.1 MWh

=== 60p_reserve_peak_day3_S20_seed0_grb_direct-gurobi_kl0.0960365_dual_ndw_rsc0.303571_main: n=60, |T|=24, |Omega|=20 ===

[1] extensive form (DP_N^Omega)
Set parameter Username
Set parameter LicenseID to value 2742039
Academic license - for non-commercial use only - expires 2026-11-20
Set parameter OutputFlag to value 1
Set parameter LogToConsole to value 0
  obj 12947.267639  status timelimit  gap 7.40e-04  1801.1s  vars 343244
  KL r=0.0960365: worst case 12947.267639 vs expected 12434.597357; 1 MILP solve(s); rho* 0.065 0.058 0.062 0.032 0.038 0.129 0.032 0.031 0.024 0.059 0.030 0.044 0.080 0.040 0.032 0.049 0.041 0.039 0.039 0.076 (KL 0.0960)
    round 1: MIPGap 1e-04  1800.7s  2044 nodes  psi-bound 7.40e-04  psi-incumbent 7.39e-05

[2] column generation (DWR_N^Omega)
  seed columns: largest carrier-row residual 9.73e-08 (repaired)
  CG   25 | RMP    12205.9585 | LB    12211.0615 | UB           inf | a 1.00 std      | min rc  0.0000e+00 | +0  [round] | lp 0.60s solver 0.58s 2125 it 19785 cols 633879 nz
  -- penalty round 1: eps 0.2 delta 0.2 RMP 12205.9585 LB 12211.0615 UB 12947.2676 gap 5.69e-02 [round] 48s
  CG   50 | RMP    12938.2878 | LB    12869.6896 | UB    12947.2676 | a 0.10 smooth   | min rc -3.9826e+00 | +173 | lp 1.77s solver 1.73s 4634 it 22751 cols 829300 nz
  CG   75 | RMP    12932.7065 | LB    12931.3697 | UB    12947.2676 | a 0.10 smooth   | min rc -9.9206e-01 | +80 | lp 2.68s solver 2.65s 5796 it 24520 cols 890218 nz
  CG   77 | RMP    12932.5246 | LB    12931.9108 | UB    12947.2676 | a 1.00 std      | min rc  0.0000e+00 | +0  [round] | lp 2.45s solver 2.41s 5216 it 25095 cols 919474 nz
  -- penalty round 2: eps 0.05 delta 0.05 RMP 12932.5246 LB 12931.9108 UB 12947.2676 gap 1.19e-03 [round] 394s
  CG  100 | RMP    12941.7990 | LB    12941.1300 | UB    12947.2676 | a 0.10 smooth   | min rc -6.7968e-02 | +42 | lp 2.36s solver 2.32s 4632 it 27082 cols 989606 nz
  CG  104 | RMP    12941.7836 | LB    12941.5288 | UB    12947.2676 | a 1.00 std      | min rc  0.0000e+00 | +0  [round] | lp 1.54s solver 1.50s 3224 it 26569 cols 949428 nz
  -- penalty round 3: eps 0.0125 delta 0.0125 RMP 12941.7836 LB 12941.5288 UB 12947.2676 gap 4.43e-04 [round] 638s
  CG  121 | RMP    12942.8267 | LB    12942.6310 | UB    12947.2676 | a 1.00 std      | min rc  0.0000e+00 | +0  [round] | lp 1.35s solver 1.30s 2793 it 27456 cols 981404 nz
  -- penalty round 4: eps 0.00313 delta 0.00313 RMP 12942.8267 LB 12942.6310 UB 12947.2676 gap 3.58e-04 [round] 793s
  CG  125 | RMP    12943.0184 | LB    12942.7051 | UB    12947.2676 | a 0.10 smooth   | min rc -5.2179e-02 | +14 | lp 1.61s solver 1.57s 3366 it 27847 cols 1008083 nz
  CG  130 | RMP    12943.0131 | LB    12942.8241 | UB    12947.2676 | a 1.00 std      | min rc  0.0000e+00 | +0  [round] | lp 1.58s solver 1.54s 3329 it 28430 cols 1042166 nz
  -- penalty round 5: eps 0.000781 delta 0.000781 RMP 12943.0131 LB 12942.8241 UB 12947.2676 gap 3.43e-04 [round] 872s
  CG  133 | RMP    12943.0381 | LB    12942.8455 | UB    12947.2676 | a 1.00 std      | min rc  0.0000e+00 | +0  [round] | lp 1.39s solver 1.34s 3106 it 28594 cols 1052961 nz
  -- penalty round 6: eps 0.000195 delta 0.000195 RMP 12943.0381 LB 12942.8455 UB 12947.2676 gap 3.42e-04 [round] 896s
  CG  134 | RMP    12943.0424 | LB    12942.8455 | UB    12943.0444 | a 1.00 std      | min rc  0.0000e+00 | +0  [done] | lp 2.16s solver 2.11s 4436 it 28594 cols 1052961 nz
  -- penalty round 7: eps 0 delta 0 RMP 12943.0424 LB 12942.8455 UB 12943.0444 gap 1.54e-05 [done] 898s
  obj 12943.044430  LB 12942.845486  gap 1.54e-05  iters 134  898.1s  rounds 7  status optimal
  KL r=0.0960365: 960 tangent planes; rho* 0.065 0.058 0.062 0.032 0.038 0.129 0.032 0.031 0.024 0.059 0.030 0.044 0.080 0.040 0.032 0.049 0.041 0.039 0.039 0.076 (KL 0.0960)
  time: master LP 291.6s  pricing 593.5s (123444 MILPs, 8 worker(s))

[3] robust Owen allocation
  omega_LR,rob 4.417121  eps_LR 0.073619  certified [-5.351417, 4.422152]
  EF slack 9.5746 = 217% of the reported omega  (> 10%: use --table for a table run)
  checks: budget 1.82e-12  duality -5.03e-03  pricing 0.00e+00

[4] stand-alone values val(DP_{j}^Omega)
   player         Owen        E[x*]        alone       chi^LR
       u1    1216.3854    1216.3118     783.9352     432.3766
       u2      35.4242      35.3506      -0.0000      35.3506
       u3     595.3481     595.2745     268.5177     326.7568
       u4    -788.5735    -788.6471    -822.9631      34.3160
       u5    -396.6668    -396.7404    -516.6377     119.8973
       u6   -1113.2040   -1113.2776   -1175.2930      62.0154
       u7     474.3379     474.2643     308.1655     166.0989
       u8      45.1916      45.1180      -0.0000      45.1180
       u9     599.1086     599.0349     268.5177     330.5172
      u10     643.4764     643.4027     463.3255     180.0773
      u11     105.9611     105.8875      89.6942      16.1933
      u12    -678.9203    -678.9940    -716.4176      37.4237
      u13    -394.7601    -394.8338    -515.2946     120.4609
      u14    -930.8506    -930.9242    -983.0101      52.0858
      u15   -1884.4611   -1884.5347   -1988.1972     103.6625
      u16     870.9742     870.9006     531.6522     339.2484
      u17     478.6750     478.6013     263.9275     214.6738
      u18      62.1815      62.1079      -0.0000      62.1079
      u19       1.2546       1.1809      -0.0000       1.1809
      u20     599.1086     599.0349     268.5177     330.5172
      u21     204.1961     204.1225     158.8951      45.2274
      u22     158.9416     158.8680     134.5413      24.3267
      u23    -730.5594    -730.6330    -782.8882      52.2552
      u24    -905.1939    -905.2676    -940.6304      35.3628
      u25    -802.2401    -802.3137    -837.2353      34.9216
      u26     -90.5978     -90.6714    -231.7520     141.0806
      u27    -195.9485    -196.0221    -253.7153      57.6933
      u28    -895.6404    -895.7140    -979.2943      83.5804
      u29    -659.4405    -659.5141    -727.2432      67.7291
      u30    -332.5014    -332.5750    -352.3093      19.7343
      u31    1419.2117    1419.1381     894.7254     524.4127
      u32      69.5939      69.5203      -0.0000      69.5203
      u33     416.7437     416.6701     187.9624     228.7077
      u34    -766.5180    -766.5917    -800.0494      33.4578
      u35    -395.9821    -396.0557    -520.7361     124.6804
      u36   -1103.1919   -1103.2655   -1178.3323      75.0668
      u37     397.9293     397.8556     281.2908     116.5648
      u38      36.7467      36.6731      -0.0000      36.6731
      u39     777.7130     777.6394     349.0730     428.5663
      u40     947.3851     947.3115     717.5316     229.7799
      u41    -200.9918    -201.0654    -347.6883     146.6229
      u42    -589.7683    -589.8419    -643.8850      54.0431
      u43    -399.8789    -399.9526    -518.6134     118.6609
      u44    -384.1198    -384.1934    -526.4219     142.2284
      u45   -1900.1473   -1900.2210   -1982.7786      82.5576
      u46    1573.2336    1573.1599     953.6192     619.5408
      u47     223.4018     223.3282     123.7542      99.5740
      u48      20.2447      20.1711      -0.0000      20.1711
      u49      61.0515      60.9779      -0.0000      60.9779
      u50     539.5738     539.5001     241.6660     297.8342
      u51     403.8759     403.8022     282.6684     121.1338
      u52    -310.1849    -310.2585    -378.5693      68.3108
      u53   -1431.1313   -1431.2050   -1632.4487     201.2438
      u54   -1856.5344   -1856.6080   -1935.3878      78.7798
      u55   -1894.6170   -1894.6906   -1981.6121      86.9215
      u56    -101.3233    -101.3969    -345.0232     243.6263
      u57    -402.7387    -402.8123    -528.3261     125.5138
      u58   -1178.7928   -1178.8664   -1330.9247     152.0583
      u59   -1122.0944   -1122.1680   -1255.4304     133.2624
      u60   -1082.5466   -1082.6203   -1153.3741      70.7538

wrote ieee_owen\weak_eps_experiment\stochastic\main17_xi\60p_reserve_peak_day3_S20_seed0_grb_direct-gurobi_kl0.0960365_dual_ndw_rsc0.303571_main.json
