
Gurobi 13.0.1 (win64) logging started Thu Oct  8 11:43:18 2026

Set parameter LogFile to value "ieee_owen\weak_eps_experiment\stochastic\main17_xi\logs\n60_S20_day11_ef_gurobi.log"
Set parameter NodefileStart to value 3
Set parameter MIPGap to value 0.0001
Gurobi Optimizer version 13.0.1 build v13.0.1rc0 (win64 - Windows 10.0 (19045.2))

CPU model: AMD Ryzen 9 5900X 12-Core Processor, instruction set [SSE2|AVX|AVX2]
Thread count: 12 physical cores, 24 logical processors, using up to 24 threads

Non-default parameters:
TimeLimit  1800
NodefileStart  3
LogToConsole  0

Optimize a model with 340064 rows, 343286 columns and 1462340 nonzeros (Min)
Model fingerprint: 0xd98a2bc9
Model has 22 linear objective coefficients
Variable types: 289046 continuous, 54240 integer (54240 binary)
Coefficient statistics:
  Matrix range     [3e-04, 2e+02]
  Objective range  [5e-02, 1e+00]
  Bounds range     [7e-03, 6e+01]
  RHS range        [5e-02, 2e+01]

Presolve removed 152104 rows and 125321 columns
Presolve time: 3.33s
Presolved: 187960 rows, 217965 columns, 746088 nonzeros
Variable types: 169086 continuous, 48879 integer (48878 binary)
Found heuristic solution: objective 16871.938171
Deterministic concurrent LP optimizer: primal simplex, dual simplex, and barrier
Showing barrier log only...

Root barrier log...

Ordering time: 1.50s
Ordering time: 1.67s

Barrier statistics:
 Dense cols : 567
 Free vars  : 41
 AA' NZ     : 6.351e+05
 Factor NZ  : 3.441e+06 (roughly 180 MB of memory)
 Factor Ops : 5.790e+08 (less than 1 second per iteration)
 Threads    : 10

                  Objective                Residual
Iter       Primal          Dual         Primal    Dual     Compl     Time
   0   1.67568324e+00 -2.21328342e+04  4.79e+03 6.40e+01  1.62e+00     8s
   1  -2.61423608e+04 -2.23971020e+04  4.77e+03 5.69e+01  1.63e+00     8s
   2   9.21745955e+04 -2.23445862e+04  4.46e+03 5.10e+01  1.62e+00     9s
   3   4.98718393e+04 -2.31970832e+04  3.43e+03 4.54e+01  1.34e+00     9s
   4  -6.52286419e+04 -2.38706557e+04  2.97e+03 3.81e+01  1.19e+00     9s
   5  -1.33319831e+05 -2.35362277e+04  2.33e+03 2.98e+01  9.28e-01     9s
   6  -1.04731834e+05 -2.06814040e+04  1.36e+03 1.19e+01  5.76e-01     9s
   7  -3.32812962e+04 -1.07326428e+04  4.55e+02 6.20e-01  2.10e-01     9s
   8  -2.51295227e+04 -3.15403580e+03  3.61e+02 1.72e-01  1.53e-01     9s
   9  -1.60983153e+04 -8.86104306e+02  2.64e+02 1.30e-01  1.13e-01     9s
  10  -8.92309469e+03  1.28695412e+03  1.90e+02 9.56e-02  8.26e-02     9s
  11  -4.70937727e+03  2.83463496e+03  1.49e+02 7.61e-02  6.52e-02    10s
  12   6.98351949e+02  6.15168405e+03  9.67e+01 4.04e-02  4.10e-02    10s
  13   4.79277303e+03  8.26051883e+03  6.14e+01 2.38e-02  2.58e-02    10s
  14   7.58264755e+03  9.20515692e+03  3.88e+01 1.78e-02  1.73e-02    10s
  15   8.64913041e+03  1.01933350e+04  3.10e+01 1.24e-02  1.33e-02    10s
  16   9.58168815e+03  1.04575574e+04  2.48e+01 1.12e-02  1.13e-02    10s
  17   9.94243662e+03  1.07305835e+04  2.23e+01 9.99e-03  1.01e-02    10s
  18   1.02662686e+04  1.12022915e+04  2.00e+01 7.85e-03  8.62e-03    11s
  19   1.10335760e+04  1.14785715e+04  1.45e+01 6.73e-03  6.70e-03    11s
  20   1.12517537e+04  1.18746457e+04  1.30e+01 5.29e-03  5.66e-03    11s
  21   1.12800785e+04  1.20323843e+04  1.28e+01 5.16e-03  5.56e-03    11s
  22   1.13010089e+04  1.21526625e+04  1.27e+01 5.10e-03  5.50e-03    11s
  23   1.13248417e+04  1.23350858e+04  1.26e+01 5.07e-03  5.44e-03    11s
  24   1.13393326e+04  1.23123442e+04  1.25e+01 5.04e-03  5.41e-03    11s
  25   1.14052618e+04  1.24693935e+04  1.21e+01 4.92e-03  5.27e-03    11s
  26   1.16154893e+04  1.27284396e+04  1.10e+01 3.92e-03  4.53e-03    11s
  27   1.22944812e+04  1.28096552e+04  7.58e+00 3.25e-03  3.47e-03    12s
  28   1.25929958e+04  1.30535493e+04  6.05e+00 2.42e-03  2.69e-03    12s
  29   1.27693581e+04  1.31282588e+04  5.16e+00 2.18e-03  2.36e-03    12s
  30   1.32274624e+04  1.33564154e+04  2.87e+00 1.38e-03  1.45e-03    12s
  31   1.33952421e+04  1.35345228e+04  2.01e+00 8.15e-04  9.23e-04    12s
  32   1.35487819e+04  1.35858310e+04  1.24e+00 6.50e-04  6.64e-04    12s
  33   1.36228220e+04  1.36631334e+04  8.73e-01 4.03e-04  4.41e-04    12s
  34   1.36577581e+04  1.36808763e+04  7.01e-01 3.48e-04  3.72e-04    12s
  35   1.36899588e+04  1.37042625e+04  5.41e-01 2.78e-04  2.94e-04    12s
  36   1.36971600e+04  1.37063929e+04  5.06e-01 2.71e-04  2.83e-04    13s
  37   1.37210048e+04  1.37180048e+04  3.89e-01 2.37e-04  2.37e-04    13s
  38   1.37402803e+04  1.37312564e+04  2.94e-01 1.97e-04  1.92e-04    13s
  39   1.37649854e+04  1.37654901e+04  1.70e-01 9.58e-05  1.00e-04    13s
  40   1.37685528e+04  1.37805598e+04  1.51e-01 5.00e-05  6.65e-05    13s
  41   1.37741006e+04  1.37819717e+04  1.22e-01 4.56e-05  5.74e-05    13s
  42   1.37763944e+04  1.37877915e+04  1.11e-01 2.89e-05  4.37e-05    13s
  43   1.37807425e+04  1.37890655e+04  8.78e-02 2.49e-05  3.62e-05    13s
  44   1.37942137e+04  1.37918873e+04  1.91e-02 1.70e-05  1.59e-05    13s
  45   1.37963594e+04  1.37956414e+04  7.85e-03 5.63e-06  6.08e-06    13s
  46   1.37968540e+04  1.37966600e+04  5.24e-03 2.91e-06  3.51e-06    14s
  47   1.37968905e+04  1.37967587e+04  5.04e-03 2.65e-06  3.27e-06    14s
  48   1.37971812e+04  1.37970770e+04  3.49e-03 1.83e-06  2.29e-06    14s
  49   1.37974555e+04  1.37973505e+04  2.00e-03 1.14e-06  1.40e-06    14s
  50   1.37975848e+04  1.37974763e+04  1.29e-03 8.18e-07  9.85e-07    14s
  51   1.37977425e+04  1.37975933e+04  4.44e-04 5.29e-07  5.55e-07    14s
  52   1.37977698e+04  1.37977695e+04  3.01e-04 3.83e-07  1.82e-07    14s
  53   1.37977890e+04  1.37977985e+04  1.93e-04 1.46e-07  9.77e-08    15s
  54   1.37978165e+04  1.37978162e+04  3.39e-05 4.72e-08  2.10e-08    15s
  55   1.37978220e+04  1.37978218e+04  1.41e-06 7.16e-09  1.14e-09    15s
  56   1.37978221e+04  1.37978220e+04  2.82e-07 2.39e-08  5.26e-10    15s
  57   1.37978222e+04  1.37978222e+04  1.90e-08 1.31e-09  3.50e-12    15s

Barrier solved model in 57 iterations and 14.95 seconds (14.21 work units)
Optimal objective 1.37978222e+04


Root crossover log...

   61783 DPushes remaining with DInf 0.0000000e+00                15s
       0 DPushes remaining with DInf 0.0000000e+00                16s

   34905 PPushes remaining with PInf 0.0000000e+00                16s
       0 PPushes remaining with PInf 0.0000000e+00                17s

  Push phase complete: Pinf 0.0000000e+00, Dinf 5.6894605e-04     17s


Root simplex log...

Iteration    Objective       Primal Inf.    Dual Inf.      Time
   82096    1.3797822e+04   0.000000e+00   5.689460e-04     17s
   82100    1.3797822e+04   0.000000e+00   0.000000e+00     17s
Crossover time: 2.21 seconds (2.62 work units)
Concurrent spin time: 0.91s

Solved with barrier
   82100    1.3797822e+04   0.000000e+00   0.000000e+00     18s

Root relaxation: objective 1.379782e+04, 82100 iterations, 12.45 seconds (9.66 work units)

    Nodes    |    Current Node    |     Objective Bounds      |     Work
 Expl Unexpl |  Obj  Depth IntInf | Incumbent    BestBd   Gap | It/Node Time

     0     0 13797.8222    0 1640 16871.9382 13797.8222  18.2%     -   21s
H    0     0                    13846.120714 13797.8222  0.35%     -   26s
     0     0 13797.9265    0 1203 13846.1207 13797.9265  0.35%     -   31s
H    0     0                    13842.090755 13797.9411  0.32%     -   34s
     0     0 13797.9411    0 1202 13842.0908 13797.9411  0.32%     -   34s
     0     0 13798.0324    0 1434 13842.0908 13798.0324  0.32%     -   39s
     0     0 13798.0345    0 1394 13842.0908 13798.0345  0.32%     -   40s
     0     0 13798.0650    0 1547 13842.0908 13798.0650  0.32%     -   48s
     0     0 13798.0668    0 1549 13842.0908 13798.0668  0.32%     -   51s
     0     0 13798.0760    0 1711 13842.0908 13798.0760  0.32%     -   59s
H    0     0                    13814.129273 13798.0767  0.12%     -   61s
     0     0 13798.0767    0 1714 13814.1293 13798.0767  0.12%     -   61s
     0     0 13798.0811    0 1692 13814.1293 13798.0811  0.12%     -   66s
     0     0 13798.0846    0 1692 13814.1293 13798.0846  0.12%     -   67s
     0     0 13798.0846    0 1540 13814.1293 13798.0846  0.12%     -   71s
     0     0 13798.0846    0 1540 13814.1293 13798.0846  0.12%     -   72s
     0     0 13798.0846    0 1539 13814.1293 13798.0846  0.12%     -   76s
     0     0 13798.0872    0 1539 13814.1293 13798.0872  0.12%     -   77s
     0     0 13798.0872    0 1539 13814.1293 13798.0872  0.12%     -   77s
     0     0 13798.0872    0 1177 13814.1293 13798.0872  0.12%     -   79s
H    0     0                    13813.748434 13798.0872  0.11%     -   81s
     0     2 13798.0872    0 1175 13813.7484 13798.0872  0.11%     -   82s
     3     8 13798.1051    2 1207 13813.7484 13798.0915  0.11%   814   86s
     7    16 13798.1153    3  939 13813.7484 13798.1153  0.11%   973   90s
    15    28 13798.2162    4  907 13813.7484 13798.1378  0.11%  1163   95s
H   27    41                    13813.740195 13798.1805  0.11%  1299  101s
H   28    41                    13808.887221 13798.1805  0.08%  1446  101s
    40   132 13798.5210    6  577 13808.8872 13798.2039  0.08%  1345  117s
H  131   230                    13806.184144 13798.2039  0.06%  1202  135s
H  165   230                    13804.870035 13798.2039  0.05%  1159  135s
   229   417 13798.6031   20  501 13804.8700 13798.2039  0.05%  1182  170s
   420   921 13800.8388   31  361 13804.8700 13798.2039  0.05%  1206  239s
H  455   921                    13803.089541 13798.2039  0.04%  1157  239s
H  458   921                    13803.039847 13798.2039  0.04%  1149  239s
H  601   921                    13801.574338 13798.2039  0.02%  1009  239s
H  606   921                    13801.514664 13798.2039  0.02%  1002  239s
H  814   921                    13801.472875 13798.2039  0.02%   877  239s
H  815   921                    13801.015428 13798.2039  0.02%   876  239s
   928  1017     cutoff   73      13801.0154 13798.2039  0.02%   852  284s
H 1030   957                    13800.627198 13798.2198  0.02%   803  284s
H 1045   953                    13800.601845 13798.2198  0.02%   808  284s
  1308   995 13798.9522    9  588 13800.6018 13798.2198  0.02%   804  334s
  1563  1514 13800.2575   14  346 13800.6018 13798.2280  0.02%   753  387s
  2354  1515 13800.4378   45 1177 13800.6018 13798.2786  0.02%   592  469s
  2356  1516 13800.3297   19 1599 13800.6018 13798.2786  0.02%   591  513s
  2357  1517 13800.1086   41 1559 13800.6018 13798.2786  0.02%   591  562s
  2358  1518 13799.0139   14 1622 13800.6018 13798.2786  0.02%   591  570s
  2359  1518 13798.4739   11 1463 13800.6018 13798.2786  0.02%   591  576s
  2360  1519 13798.7007    9 1476 13800.6018 13798.2786  0.02%   590  596s
H 2360  1442                    13800.596943 13798.2786  0.02%   590  621s
  2362  1443 13800.1490   68 1168 13800.5969 13798.2786  0.02%   590  637s
  2363  1444 13800.4994  117 1121 13800.5969 13798.2786  0.02%   590  661s
  2364  1445 13799.7885   21 1273 13800.5969 13798.2786  0.02%   589  680s
  2365  1445 13799.6885   28 1144 13800.5969 13798.2786  0.02%   589  700s
  2367  1447 13800.2276  221 1293 13800.5969 13798.2786  0.02%   589  718s
  2368  1447 13800.4429   67 1231 13800.5969 13798.2786  0.02%   588  738s
  2370  1449 13800.1658   63 1260 13800.5969 13798.2786  0.02%   588  755s
  2371  1449 13800.4231  124 1098 13800.5969 13798.2786  0.02%   588  773s
  2372  1450 13800.2276  223 1110 13800.5969 13798.2786  0.02%   587  788s
  2373  1451 13800.2174   33 1108 13800.5969 13798.2786  0.02%   587  808s
  2374  1451 13800.4747   23 1089 13800.5969 13798.2786  0.02%   587  823s
  2375  1452 13800.4378   34 1073 13800.5969 13798.2786  0.02%   587  848s
  2376  1453 13799.7841   20 1125 13800.5969 13798.2786  0.02%   586  864s
  2377  1453 13800.3802   22 1191 13800.5969 13798.2786  0.02%   586  888s
  2378  1454 13800.4231  177 1212 13800.5969 13798.2786  0.02%   586  906s
  2379  1455 13799.9359   14 1171 13800.5969 13798.2786  0.02%   586  931s
  2380  1455 13800.4231   85 1169 13800.5969 13798.2786  0.02%   585  951s
  2381  1456 13799.1674   12 1169 13800.5969 13798.2786  0.02%   585  958s
  2382  1459 13798.7402   14 1229 13800.5969 13798.2786  0.02%   677  964s
  2384  1459     cutoff   15      13800.5969 13798.2786  0.02%   677  970s
  2391  1469 13798.8265   17 1298 13800.5969 13798.2786  0.02%   680  979s
  2399  1466     cutoff   18      13800.5969 13798.2786  0.02%   683  984s
  2411  1474 13798.2786   19 1119 13800.5969 13798.2786  0.02%   685  992s
  2435  1461 13799.0160   21 1296 13800.5969 13798.2786  0.02%   692  998s
  2462  1456 13798.7079   22  928 13800.5969 13798.2956  0.02%   693 1003s
  2476  1457 13799.1476   23  520 13800.5969 13798.4349  0.02%   699 1014s
  2492  1458 13799.1484   24  688 13800.5969 13798.5222  0.02%   703 1030s
  2510  1481 13799.7982   25  687 13800.5969 13798.5222  0.02%   708 1044s
  2547  1530     cutoff   26      13800.5969 13798.5222  0.02%   708 1053s
  2644  1595 13799.9535   29  620 13800.5969 13798.5222  0.02%   698 1069s
  2827  1577 13799.3360   25  557 13800.5969 13798.5710  0.01%   676 1078s
  2870  1697 13799.3360   27  555 13800.5969 13798.5710  0.01%   669 1096s
  3059  1818 13800.5540   42  800 13800.5969 13798.5710  0.01%   653 1116s
  3346  1945 13799.2955   35  635 13800.5969 13798.5923  0.01%   626 1139s
  3637  1870 13799.7623   49  484 13800.5969 13798.5923  0.01%   598 1174s
  3689  2128 13799.7623   50  484 13800.5969 13798.5923  0.01%   595 1201s
  4096  2586     cutoff   28      13800.5969 13799.1506  0.01%   560 1257s
  4931  2929 infeasible  100      13800.5969 13799.1841  0.01%   506 1315s
H 5156  1814                    13800.201295 13799.1841  0.01%   490 1316s
H 5190  1725                    13800.193257 13799.1841  0.01%   487 1316s
H 5193  1656                    13800.192572 13799.1841  0.01%   487 1316s

Cutting planes:
  Gomory: 104
  Cover: 5
  Implied bound: 32
  MIR: 450
  Mixing: 7
  Flow cover: 1534
  Network: 1
  RLT: 6
  Relax-and-lift: 94

Explored 5750 nodes (2745796 simplex iterations) in 1317.00 seconds (937.58 work units)
Thread count was 24 (of 24 available processors)

Solution count 10: 13800.2 13800.2 13800.2 ... 13801

Optimal solution found (tolerance 1.00e-04)
Best objective 1.380019257170e+04, best bound 1.379929171663e+04, gap 0.0065%
