
Gurobi 13.0.1 (win64) logging started Thu Oct  8 03:37:09 2026

Set parameter LogFile to value "ieee_owen\weak_eps_experiment\stochastic\main17_xi\logs\n60_S20_day6_ef_gurobi.log"
Set parameter NodefileStart to value 3
Set parameter MIPGap to value 0.0001
Gurobi Optimizer version 13.0.1 build v13.0.1rc0 (win64 - Windows 10.0 (19045.2))

CPU model: AMD Ryzen 9 5900X 12-Core Processor, instruction set [SSE2|AVX|AVX2]
Thread count: 12 physical cores, 24 logical processors, using up to 24 threads

Non-default parameters:
TimeLimit  1800
NodefileStart  3
LogToConsole  0

Optimize a model with 340064 rows, 343286 columns and 1462340 nonzeros (Min)
Model fingerprint: 0xebc486f4
Model has 22 linear objective coefficients
Variable types: 289046 continuous, 54240 integer (54240 binary)
Coefficient statistics:
  Matrix range     [3e-04, 2e+02]
  Objective range  [5e-02, 1e+00]
  Bounds range     [9e-03, 6e+01]
  RHS range        [5e-02, 2e+01]

Presolve removed 152074 rows and 125272 columns
Presolve time: 3.29s
Presolved: 187990 rows, 218014 columns, 746171 nonzeros
Variable types: 169119 continuous, 48895 integer (48894 binary)
Found heuristic solution: objective 13178.606700
Deterministic concurrent LP optimizer: primal simplex, dual simplex, and barrier
Showing barrier log only...

Root barrier log...

Ordering time: 1.51s
Ordering time: 1.69s

Barrier statistics:
 Dense cols : 567
 Free vars  : 41
 AA' NZ     : 6.347e+05
 Factor NZ  : 3.439e+06 (roughly 180 MB of memory)
 Factor Ops : 5.795e+08 (less than 1 second per iteration)
 Threads    : 10

                  Objective                Residual
Iter       Primal          Dual         Primal    Dual     Compl     Time
   0   1.70302608e+00 -2.29096702e+04  4.87e+03 6.40e+01  1.65e+00     8s
   1  -2.58182379e+04 -2.31454148e+04  4.85e+03 6.00e+01  1.65e+00     8s
   2   2.43677728e+05 -2.30602360e+04  4.49e+03 5.26e+01  1.67e+00     8s
   3  -1.30748169e+05 -2.39291752e+04  3.64e+03 4.76e+01  1.31e+00     9s
   4  -2.11805719e+05 -2.41845442e+04  2.93e+03 4.24e+01  1.04e+00     9s
   5  -2.21031639e+05 -2.40081777e+04  2.32e+03 3.61e+01  8.19e-01     9s
   6  -1.80390059e+05 -2.24676289e+04  1.73e+03 1.89e+01  6.33e-01     9s
   7  -6.51037609e+04 -1.51534007e+04  6.17e+02 8.10e+00  2.48e-01     9s
   8  -3.70091400e+04 -9.14478639e+03  3.59e+02 4.40e+00  1.47e-01     9s
   9  -2.80940453e+04 -5.35920599e+03  2.83e+02 2.85e+00  1.13e-01     9s
  10  -1.78301840e+04 -3.67684606e+03  1.99e+02 2.30e+00  8.24e-02     9s
  11  -9.29312559e+03 -1.17154302e+03  1.30e+02 1.55e+00  5.55e-02     9s
  12  -2.34807084e+03  1.48791128e+03  7.93e+01 9.53e-01  3.53e-02    10s
  13   3.45558989e+02  4.46873062e+03  5.97e+01 4.54e-01  2.36e-02    10s
  14   1.87204112e+03  5.43778102e+03  4.92e+01 3.40e-01  1.91e-02    10s
  15   3.32392484e+03  6.01886483e+03  3.97e+01 2.80e-01  1.57e-02    10s
  16   4.44456221e+03  6.42107913e+03  3.27e+01 2.44e-01  1.34e-02    10s
  17   5.19700759e+03  6.73823537e+03  2.77e+01 2.17e-01  1.16e-02    10s
  18   5.64862655e+03  7.36273445e+03  2.46e+01 1.63e-01  9.65e-03    10s
  19   6.06060716e+03  7.57541062e+03  2.17e+01 1.45e-01  8.58e-03    10s
  20   6.67215121e+03  7.78116747e+03  1.75e+01 1.28e-01  7.16e-03    10s
  21   7.18372578e+03  8.12532000e+03  1.40e+01 9.99e-02  5.64e-03    10s
  22   7.36256932e+03  8.45473846e+03  1.29e+01 8.49e-02  5.03e-03    11s
  23   7.39993012e+03  8.86790075e+03  1.26e+01 8.09e-02  4.87e-03    11s
  24   7.42148640e+03  8.88388067e+03  1.25e+01 8.08e-02  4.85e-03    11s
  25   7.67613252e+03  8.77221173e+03  1.13e+01 7.71e-02  4.54e-03    11s
  26   7.84520035e+03  9.06808225e+03  1.05e+01 5.92e-02  3.90e-03    11s
  27   8.67123752e+03  9.22734759e+03  6.59e+00 4.53e-02  2.85e-03    11s
  28   9.08047287e+03  9.48643125e+03  4.61e+00 3.22e-02  2.01e-03    11s
  29   9.32016751e+03  9.58704837e+03  3.45e+00 2.65e-02  1.59e-03    11s
  30   9.62596309e+03  9.76570418e+03  2.05e+00 1.67e-02  9.94e-04    11s
  31   9.79512116e+03  9.86003875e+03  1.27e+00 1.14e-02  6.63e-04    12s
  32   9.87588100e+03  9.93233046e+03  8.98e-01 7.46e-03  4.50e-04    12s
  33   9.92693942e+03  9.94819809e+03  6.63e-01 6.57e-03  3.74e-04    12s
  34   9.96180824e+03  9.96751111e+03  5.05e-01 5.50e-03  3.07e-04    12s
  35   9.97714341e+03  1.00001653e+04  4.35e-01 3.69e-03  2.28e-04    12s
  36   9.99110813e+03  1.00025053e+04  3.70e-01 3.56e-03  2.11e-04    12s
  37   1.00157072e+04  1.00189042e+04  2.56e-01 2.67e-03  1.55e-04    12s
  38   1.00270699e+04  1.00359969e+04  2.04e-01 1.75e-03  1.11e-04    12s
  39   1.00320303e+04  1.00392178e+04  1.80e-01 1.58e-03  9.93e-05    12s
  40   1.00452642e+04  1.00479461e+04  1.19e-01 1.12e-03  6.98e-05    12s
  41   1.00565573e+04  1.00566799e+04  6.62e-02 6.69e-04  4.17e-05    12s
  42   1.00649718e+04  1.00595773e+04  2.78e-02 5.29e-04  2.86e-05    13s
  43   1.00668490e+04  1.00616788e+04  1.90e-02 4.30e-04  2.25e-05    13s
  44   1.00678339e+04  1.00623070e+04  1.41e-02 4.00e-04  2.02e-05    13s
  45   1.00688211e+04  1.00648209e+04  9.41e-03 2.80e-04  1.41e-05    13s
  46   1.00690904e+04  1.00671424e+04  8.10e-03 1.70e-04  9.08e-06    13s
  47   1.00698448e+04  1.00684250e+04  4.39e-03 1.08e-04  5.66e-06    13s
  48   1.00703876e+04  1.00693644e+04  1.71e-03 6.17e-05  3.16e-06    13s
  49   1.00704655e+04  1.00697399e+04  1.28e-03 4.44e-05  2.28e-06    13s
  50   1.00705671e+04  1.00700986e+04  7.53e-04 2.78e-05  1.43e-06    13s
  51   1.00706088e+04  1.00703393e+04  5.32e-04 1.64e-05  8.83e-07    13s
  52   1.00706113e+04  1.00704254e+04  5.21e-04 1.25e-05  7.06e-07    14s
  53   1.00706792e+04  1.00706089e+04  1.56e-04 4.14e-06  2.41e-07    14s
  54   1.00706936e+04  1.00706659e+04  7.04e-05 1.62e-06  1.01e-07    14s
  55   1.00706981e+04  1.00706822e+04  4.50e-05 9.32e-07  6.06e-08    14s
  56   1.00707012e+04  1.00706965e+04  2.58e-05 3.37e-07  2.58e-08    14s
  57   1.00707046e+04  1.00707051e+04  5.66e-06 8.18e-08  2.43e-09    14s
  58   1.00707055e+04  1.00707055e+04  4.86e-09 2.15e-09  1.91e-12    14s

Barrier solved model in 58 iterations and 13.98 seconds (14.33 work units)
Optimal objective 1.00707055e+04


Root crossover log...

   53613 DPushes remaining with DInf 0.0000000e+00                14s
      67 DPushes remaining with DInf 0.0000000e+00                15s
       0 DPushes remaining with DInf 0.0000000e+00                15s

   36685 PPushes remaining with PInf 0.0000000e+00                15s
       0 PPushes remaining with PInf 0.0000000e+00                17s

  Push phase complete: Pinf 0.0000000e+00, Dinf 3.0940999e-11     17s


Root simplex log...

Iteration    Objective       Primal Inf.    Dual Inf.      Time
   77338    1.0070705e+04   0.000000e+00   0.000000e+00     17s
Crossover time: 2.79 seconds (4.16 work units)
Concurrent spin time: 1.28s (can be avoided by choosing Method=3)

Solved with barrier
   77338    1.0070705e+04   0.000000e+00   0.000000e+00     18s

Root relaxation: objective 1.007071e+04, 77338 iterations, 12.53 seconds (11.26 work units)

    Nodes    |    Current Node    |     Objective Bounds      |     Work
 Expl Unexpl |  Obj  Depth IntInf | Incumbent    BestBd   Gap | It/Node Time

     0     0 10070.7055    0 1711 13178.6067 10070.7055  23.6%     -   24s
H    0     0                    10139.274950 10070.7055  0.68%     -   30s
     0     0 10070.9385    0 1808 10139.2750 10070.9385  0.67%     -   37s
     0     0 10070.9398    0 1808 10139.2750 10070.9398  0.67%     -   44s
     0     0 10070.9796    0 2018 10139.2750 10070.9796  0.67%     -   52s
     0     0 10070.9796    0 1951 10139.2750 10070.9796  0.67%     -   53s
     0     0 10070.9989    0 1663 10139.2750 10070.9989  0.67%     -   59s
H    0     0                    10134.598701 10070.9990  0.63%     -   67s
     0     0 10070.9990    0 1663 10134.5987 10070.9990  0.63%     -   68s
     0     0 10070.9991    0 1676 10134.5987 10070.9991  0.63%     -   72s
     0     0 10070.9993    0 1674 10134.5987 10070.9993  0.63%     -   73s
     0     0 10070.9993    0 1722 10134.5987 10070.9993  0.63%     -   76s
H    0     0                    10134.565298 10071.0005  0.63%     -   82s
     0     0 10071.0005    0 1721 10134.5653 10071.0005  0.63%     -   82s
     0     0 10071.0005    0 1736 10134.5653 10071.0005  0.63%     -   85s
     0     0 10071.0007    0 1737 10134.5653 10071.0007  0.63%     -   86s
     0     0 10071.0007    0 1736 10134.5653 10071.0007  0.63%     -   89s
     0     0 10071.0007    0 1405 10134.5653 10071.0007  0.63%     -   94s
     0     0 10071.0007    0 1405 10134.5653 10071.0007  0.63%     -   95s
     0     0 10071.0007    0 1563 10134.5653 10071.0007  0.63%     -   98s
     0     0 10071.0007    0 1445 10134.5653 10071.0007  0.63%     -  101s
     0     0 10071.0007    0 1445 10134.5653 10071.0007  0.63%     -  102s
     0     0 10071.0007    0 1445 10134.5653 10071.0007  0.63%     -  105s
     0     0 10071.0007    0 1400 10134.5653 10071.0007  0.63%     -  107s
     0     0 10071.0024    0 1400 10134.5653 10071.0024  0.63%     -  108s
     0     0 10071.0024    0 1400 10134.5653 10071.0024  0.63%     -  108s
     0     0 10071.0024    0 1381 10134.5653 10071.0024  0.63%     -  110s
     0     2 10071.0024    0 1381 10134.5653 10071.0024  0.63%     -  112s
     1     4 10071.0866    1 1696 10134.5653 10071.0024  0.63%  2732  116s
     3     7 10071.0271    2 1355 10134.5653 10071.0046  0.63%  1720  124s
     6    14 10071.0048    3 1446 10134.5653 10071.0048  0.63%  1100  134s
H   10    14                    10134.497252 10071.0076  0.63%  1441  134s
    13    26 10071.0495    4 1339 10134.4973 10071.0076  0.63%  1292  147s
    25    50 10071.1174    5 1409 10134.4973 10071.0316  0.63%  1901  170s
H   31    50                    10128.720271 10071.0316  0.57%  1701  170s
    49    92 10071.2590    6 1430 10128.7203 10071.0344  0.57%  1763  190s
H   61    92                    10128.645843 10071.0344  0.57%  1896  190s
    91   144 10071.2590    7 1479 10128.6458 10071.0344  0.57%  1753  224s
H   98   144                    10103.969076 10071.0344  0.33%  1759  224s
   143   268 10071.3369    9 1212 10103.9691 10071.0344  0.33%  1683  290s
H  233   268                    10102.237135 10071.0344  0.31%  1848  290s
H  236   268                    10099.238153 10071.0344  0.28%  1827  290s
   267   446 10074.6934   27  915 10099.2382 10071.0344  0.28%  1930  394s
H  348   446                    10092.737969 10071.0344  0.22%  2269  394s
   445   695 10073.1439   34  953 10092.7380 10071.0344  0.22%  2437  504s
H  477   695                    10092.295041 10071.0344  0.21%  2577  504s
H  480   695                    10088.298123 10071.0344  0.17%  2564  504s
H  501   695                    10086.543644 10071.0344  0.15%  2622  504s
H  526   695                    10086.133601 10071.0344  0.15%  2718  504s
H  578   695                    10084.955078 10071.0344  0.14%  2656  504s
H  694  1145                    10084.952263 10071.0344  0.14%  2859  610s
H  730  1145                    10084.949163 10071.0344  0.14%  2890  610s
H  884  1113                    10082.999534 10071.0344  0.12%  2512  610s
  1165  1074     cutoff   54      10082.9995 10071.0344  0.12%  2254  727s
H 1176   974                    10082.659415 10071.0344  0.12%  2240  727s
H 1258   949                    10082.429321 10071.0344  0.11%  2097  727s
H 1343  1031                    10082.425077 10071.0344  0.11%  1978  804s
H 1371   890                    10082.118950 10071.0344  0.11%  2026  804s
  1561   913 10074.7486   13 1012 10082.1189 10071.0344  0.11%  1976  887s
H 1600   913                    10082.118434 10071.0530  0.11%  2053  887s
  1686  1159 10078.6020   16  876 10082.1184 10071.0530  0.11%  2175  989s
H 1871  1102                    10081.553867 10071.0566  0.10%  2190  989s
H 1874  1084                    10081.203491 10071.0566  0.10%  2187  989s
H 2003  1025                    10081.109167 10071.0566  0.10%  2157 1041s
H 2003  1014                    10081.061747 10071.0566  0.10%  2157 1042s
H 2003   999                    10081.030025 10071.0566  0.10%  2157 1043s
H 2003   981                    10080.940699 10071.0566  0.10%  2157 1049s
H 2003   927                    10080.814212 10071.0566  0.10%  2157 1050s
H 2003   898                    10080.753427 10071.0566  0.10%  2157 1057s
H 2003   898                    10080.749955 10071.0566  0.10%  2157 1057s
H 2003   898                    10080.749806 10071.0566  0.10%  2157 1057s
H 2003   895                    10080.739008 10071.0566  0.10%  2157 1057s
H 2003   891                    10080.735536 10071.0566  0.10%  2157 1057s
H 2003   891                    10080.735388 10071.0566  0.10%  2157 1057s
  2004   874 10080.1474   23 1381 10080.7354 10071.0566  0.10%  2156 1264s
  2006   875 10071.3001    9 2231 10080.7354 10071.0566  0.10%  2154 1310s
  2007   876 10076.0138   30 1532 10080.7354 10071.0566  0.10%  2153 1366s
  2008   877 10071.9377   13 1995 10080.7354 10071.0566  0.10%  2152 1388s
  2009   877 10075.9714   16 1966 10080.7354 10071.0566  0.10%  2151 1424s
  2010   878 10074.6313   19 1493 10080.7354 10071.0566  0.10%  2150 1462s
  2011   879 10075.2927   18 1470 10080.7354 10071.0566  0.10%  2149 1486s
  2012   879 10071.4293    9 1402 10080.7354 10071.0566  0.10%  2148 1520s
  2013   880 10072.5616   30 1563 10080.7354 10071.0885  0.10%  2147 1551s
  2014   881 10075.4079   11 1393 10080.7354 10071.1108  0.10%  2145 1581s
  2016   882 10073.8073   18 1435 10080.7354 10071.1142  0.10%  2143 1602s
  2017   883 10072.6788   27 1439 10080.7354 10071.2191  0.09%  2142 1627s
H 2017   838                    10080.729497 10071.2191  0.09%  2142 1627s
  2018   838 10074.1537   23 1433 10080.7295 10071.2191  0.09%  2141 1644s
  2019   839 10072.1597   30 1412 10080.7295 10071.2429  0.09%  2140 1668s
H 2019   797                    10080.723292 10071.2429  0.09%  2140 1669s
H 2019   757                    10080.721741 10071.2429  0.09%  2140 1686s
H 2019   719                    10080.715775 10071.2429  0.09%  2140 1686s
  2021   720 10071.8848    7 1402 10080.7158 10071.2433  0.09%  2138 1709s
  2022   721 10074.1958   32 1398 10080.7158 10071.2433  0.09%  2137 1726s
H 2022   684                    10080.476844 10071.2541  0.09%  2137 1757s
  2024   685 10074.6100   22 1517 10080.4768 10071.2541  0.09%  2135 1776s

Cutting planes:
  Gomory: 62
  Cover: 63
  Implied bound: 23
  MIR: 195
  Mixing: 6
  Flow cover: 799
  RLT: 5
  Relax-and-lift: 42

Explored 2024 nodes (4644931 simplex iterations) in 1800.46 seconds (1834.82 work units)
Thread count was 24 (of 24 available processors)

Solution count 10: 10080.5 10080.7 10080.7 ... 10080.7

Time limit reached
Best objective 1.008047684399e+04, best bound 1.007125407457e+04, gap 0.0915%
