
Gurobi 13.0.1 (win64) logging started Wed Oct  7 18:36:30 2026

Set parameter LogFile to value "ieee_owen\weak_eps_experiment\stochastic\main17_xi\logs\n60_S20_day1_ef_gurobi.log"
Set parameter NodefileStart to value 3
Set parameter MIPGap to value 0.0001
Gurobi Optimizer version 13.0.1 build v13.0.1rc0 (win64 - Windows 10.0 (19045.2))

CPU model: AMD Ryzen 9 5900X 12-Core Processor, instruction set [SSE2|AVX|AVX2]
Thread count: 12 physical cores, 24 logical processors, using up to 24 threads

Non-default parameters:
TimeLimit  10800
NodefileStart  3
LogToConsole  0

Optimize a model with 340064 rows, 343286 columns and 1462340 nonzeros (Min)
Model fingerprint: 0xfd984fe9
Model has 22 linear objective coefficients
Variable types: 289046 continuous, 54240 integer (54240 binary)
Coefficient statistics:
  Matrix range     [3e-04, 2e+02]
  Objective range  [5e-02, 1e+00]
  Bounds range     [9e-03, 6e+01]
  RHS range        [5e-02, 2e+01]

Presolve removed 152075 rows and 125275 columns
Presolve time: 3.75s
Presolved: 187989 rows, 218011 columns, 746147 nonzeros
Variable types: 169117 continuous, 48894 integer (48893 binary)
Found heuristic solution: objective 14255.162399
Deterministic concurrent LP optimizer: primal simplex, dual simplex, and barrier
Showing barrier log only...

Root barrier log...

Ordering time: 1.70s
Ordering time: 1.89s

Barrier statistics:
 Dense cols : 567
 Free vars  : 41
 AA' NZ     : 6.347e+05
 Factor NZ  : 3.427e+06 (roughly 180 MB of memory)
 Factor Ops : 5.690e+08 (less than 1 second per iteration)
 Threads    : 10

                  Objective                Residual
Iter       Primal          Dual         Primal    Dual     Compl     Time
   0   1.63211985e+00 -2.24735377e+04  4.67e+03 6.40e+01  1.58e+00     9s
   1  -2.51988654e+04 -2.28471773e+04  4.64e+03 5.69e+01  1.59e+00     9s
   2   8.25237579e+04 -2.28317284e+04  4.36e+03 5.11e+01  1.58e+00     9s
   3   4.18840828e+04 -2.39456250e+04  3.26e+03 4.45e+01  1.29e+00     9s
   4  -8.54109309e+04 -2.45951257e+04  2.72e+03 3.57e+01  1.10e+00    10s
   5  -1.45474481e+05 -2.41502375e+04  1.73e+03 2.67e+01  6.68e-01    10s
   6  -8.01043249e+04 -1.83806157e+04  8.64e+02 7.69e+00  3.56e-01    10s
   7  -5.14589903e+04 -1.03174759e+04  5.46e+02 2.61e+00  2.20e-01    10s
   8  -4.13956350e+04 -7.57360982e+03  4.44e+02 1.78e+00  1.76e-01    10s
   9  -2.58688667e+04 -6.09949601e+03  2.98e+02 1.45e+00  1.23e-01    10s
  10  -2.23389660e+04 -3.62930925e+03  2.66e+02 1.03e+00  1.06e-01    10s
  11  -1.57711759e+04 -2.06008220e+03  2.08e+02 8.49e-01  8.43e-02    10s
  12  -7.81043183e+03  1.03953232e+03  1.38e+02 5.28e-01  5.59e-02    10s
  13  -1.17682279e+03  4.27586139e+03  8.40e+01 2.41e-01  3.30e-02    11s
  14   2.37381106e+03  6.18498942e+03  5.60e+01 1.41e-01  2.14e-02    11s
  15   4.97494467e+03  7.12020739e+03  3.75e+01 1.01e-01  1.50e-02    11s
  16   5.66106349e+03  7.43116265e+03  3.30e+01 9.09e-02  1.34e-02    11s
  17   5.97329822e+03  7.60777788e+03  3.09e+01 8.51e-02  1.26e-02    11s
  18   6.60525972e+03  8.16700039e+03  2.65e+01 6.69e-02  1.05e-02    11s
  19   6.98317598e+03  8.50095619e+03  2.38e+01 5.63e-02  9.15e-03    11s
  20   7.66463079e+03  8.99098645e+03  1.90e+01 4.11e-02  7.13e-03    11s
  21   8.11097658e+03  9.24100397e+03  1.59e+01 3.39e-02  5.91e-03    11s
  22   8.41384565e+03  9.42452967e+03  1.38e+01 2.90e-02  5.09e-03    11s
  23   8.52578088e+03  9.60257194e+03  1.30e+01 2.67e-02  4.76e-03    12s
  24   8.58031551e+03  9.99581594e+03  1.27e+01 2.54e-02  4.59e-03    12s
  25   8.59512976e+03  1.00055018e+04  1.26e+01 2.53e-02  4.57e-03    12s
  26   8.62395395e+03  1.00651762e+04  1.24e+01 2.49e-02  4.51e-03    12s
  27   8.73383074e+03  1.01511742e+04  1.18e+01 2.33e-02  4.28e-03    12s
  28   9.41606556e+03  1.02713782e+04  8.37e+00 1.93e-02  3.27e-03    12s
  29   9.81462584e+03  1.04345674e+04  6.38e+00 1.59e-02  2.58e-03    12s
  30   9.97567145e+03  1.05358551e+04  5.60e+00 1.36e-02  2.24e-03    13s
  31   1.03109918e+04  1.06144536e+04  3.99e+00 1.18e-02  1.78e-03    13s
  32   1.05822559e+04  1.08615009e+04  2.71e+00 6.13e-03  1.07e-03    13s
  33   1.08156738e+04  1.09348086e+04  1.62e+00 4.58e-03  7.33e-04    13s
  34   1.08725872e+04  1.09792218e+04  1.35e+00 3.67e-03  5.97e-04    13s
  35   1.09901934e+04  1.10338773e+04  8.03e-01 2.56e-03  3.96e-04    13s
  36   1.10562312e+04  1.10744193e+04  5.03e-01 1.74e-03  2.67e-04    13s
  37   1.11117074e+04  1.11101939e+04  2.46e-01 1.04e-03  1.51e-04    14s
  38   1.11350565e+04  1.11326738e+04  1.37e-01 5.76e-04  8.74e-05    14s
  39   1.11537774e+04  1.11475816e+04  4.85e-02 2.82e-04  4.14e-05    14s
  40   1.11577543e+04  1.11542189e+04  2.90e-02 1.61e-04  2.45e-05    14s
  41   1.11599170e+04  1.11573079e+04  1.83e-02 1.05e-04  1.62e-05    14s
  42   1.11619043e+04  1.11600179e+04  8.24e-03 5.69e-05  8.69e-06    14s
  43   1.11626161e+04  1.11612742e+04  4.56e-03 3.56e-05  5.40e-06    14s
  44   1.11631635e+04  1.11616370e+04  1.69e-03 2.97e-05  4.02e-06    14s
  45   1.11633133e+04  1.11626716e+04  8.96e-04 1.23e-05  1.80e-06    14s
  46   1.11634003e+04  1.11633082e+04  3.83e-04 2.26e-06  4.14e-07    14s
  47   1.11634372e+04  1.11633630e+04  1.55e-04 1.44e-06  2.40e-07    14s
  48   1.11634593e+04  1.11634568e+04  6.47e-06 1.20e-08  8.86e-09    14s
  49   1.11634595e+04  1.11634595e+04  6.11e-07 1.29e-09  3.53e-10    15s

Barrier solved model in 49 iterations and 14.51 seconds (13.62 work units)
Optimal objective 1.11634595e+04


Root crossover log...

   56426 DPushes remaining with DInf 4.0362310e-06                15s
   15714 DPushes remaining with DInf 0.0000000e+00                15s
       0 DPushes remaining with DInf 0.0000000e+00                16s

   36066 PPushes remaining with PInf 1.8823137e-03                16s
       0 PPushes remaining with PInf 0.0000000e+00                17s

  Push phase complete: Pinf 0.0000000e+00, Dinf 2.8660415e-11     17s


Root simplex log...

Iteration    Objective       Primal Inf.    Dual Inf.      Time
   79634    1.1163459e+04   0.000000e+00   0.000000e+00     17s
Crossover time: 2.29 seconds (2.64 work units)
Concurrent spin time: 0.77s

Solved with barrier
   79634    1.1163459e+04   0.000000e+00   0.000000e+00     18s

Root relaxation: objective 1.116346e+04, 79634 iterations, 11.50 seconds (9.07 work units)

    Nodes    |    Current Node    |     Objective Bounds      |     Work
 Expl Unexpl |  Obj  Depth IntInf | Incumbent    BestBd   Gap | It/Node Time

     0     0 11163.4595    0 1929 14255.1624 11163.4595  21.7%     -   22s
H    0     0                    11243.962912 11163.4595  0.72%     -   27s
     0     0 11164.2575    0 2218 11243.9629 11164.2575  0.71%     -   33s
     0     0 11164.2627    0 2218 11243.9629 11164.2627  0.71%     -   41s
     0     0 11164.2966    0 2156 11243.9629 11164.2966  0.71%     -   47s
     0     0 11164.3003    0 2157 11243.9629 11164.3003  0.71%     -   48s
     0     0 11164.3176    0 1948 11243.9629 11164.3176  0.71%     -   53s
     0     0 11164.3204    0 1950 11243.9629 11164.3204  0.71%     -   54s
     0     0 11164.3204    0 1952 11243.9629 11164.3204  0.71%     -   59s
     0     0 11164.3204    0 1907 11243.9629 11164.3204  0.71%     -   64s
     0     0 11164.3204    0 1969 11243.9629 11164.3204  0.71%     -   69s
     0     0 11164.3204    0 1872 11243.9629 11164.3204  0.71%     -   71s
     0     0 11164.3204    0 1867 11243.9629 11164.3204  0.71%     -   72s
     0     0 11164.3204    0 1846 11243.9629 11164.3204  0.71%     -   76s
     0     0 11164.3204    0 1846 11243.9629 11164.3204  0.71%     -   76s
     0     0 11164.3204    0 1108 11243.9629 11164.3204  0.71%     -   79s
     0     0 11164.3204    0 1520 11243.9629 11164.3204  0.71%     -   82s
     0     0 11164.3204    0 1514 11243.9629 11164.3204  0.71%     -   86s
     0     0 11164.3204    0 1317 11243.9629 11164.3204  0.71%     -   88s
     0     0 11164.3204    0 1364 11243.9629 11164.3204  0.71%     -   93s
     0     0 11164.3204    0 1335 11243.9629 11164.3204  0.71%     -   97s
     0     0 11164.3204    0 1335 11243.9629 11164.3204  0.71%     -   98s
     0     0 11164.3204    0 1445 11243.9629 11164.3204  0.71%     -   99s
     0     0 11164.3204    0 1495 11243.9629 11164.3204  0.71%     -  103s
     0     0 11164.3204    0 1414 11243.9629 11164.3204  0.71%     -  105s
     0     0 11164.3204    0 1414 11243.9629 11164.3204  0.71%     -  105s
     0     0 11164.3204    0 1388 11243.9629 11164.3204  0.71%     -  107s
H    0     0                    11205.145423 11164.3204  0.36%     -  110s
     0     2 11164.3204    0 1388 11205.1454 11164.3204  0.36%     -  112s
     1     4 11164.4085    1 1345 11205.1454 11164.3204  0.36%   753  115s
     7    16 11164.5117    3 1461 11205.1454 11164.3236  0.36%  1271  124s
    15    28 11164.6523    4 1399 11205.1454 11164.3354  0.36%  1293  132s
H   24    28                    11205.113478 11164.3661  0.36%  1617  132s
    27    40 11164.6523    5 1718 11205.1135 11164.3803  0.36%  1678  141s
    39   102 11164.6523    6 1723 11205.1135 11164.3804  0.36%  1633  158s
H   42   102                    11198.865159 11164.3804  0.31%  1638  158s
   101   175 11164.6523    8 1748 11198.8652 11164.3804  0.31%  1162  191s
H  110   175                    11197.882814 11164.3804  0.30%  1127  191s
H  150   175                    11196.610446 11164.3804  0.29%  1226  191s
H  167   175                    11189.542185 11164.3804  0.22%  1178  191s
   174   343 11164.6553   15 1119 11189.5422 11164.3804  0.22%  1217  244s
   342   541 11166.7380   22 1235 11189.5422 11164.3804  0.22%  1528  337s
   540   716 11169.7493   32  904 11189.5422 11164.3804  0.22%  1851  434s
H  563   716                    11179.175160 11164.3804  0.13%  1903  434s
H  566   716                    11174.418428 11164.3804  0.09%  1911  434s
   715  1046 11174.0054   38 1015 11174.4184 11164.3804  0.09%  2324  556s
H  844  1046                    11174.408986 11164.3804  0.09%  2112  556s
H 1155  1103                    11174.267488 11164.3804  0.09%  1997  701s
H 1155  1103                    11174.262065 11164.3804  0.09%  1997  701s
H 1156  1103                    11174.243545 11164.3804  0.09%  1999  701s
H 1238   940                    11173.034819 11164.3804  0.08%  1879  701s
  1244  1173 11167.0572   17  873 11173.0348 11164.3804  0.08%  1878  841s
H 1281  1168                    11172.958924 11164.3915  0.08%  1881  841s
H 1284  1166                    11172.878790 11164.3915  0.08%  1878  841s
  1610  1747 11169.5814   26  692 11172.8788 11164.3953  0.08%  1832  942s
H 1896  1657                    11172.079261 11164.3953  0.07%  1747  942s
  2307  1325 11171.5658   65 1388 11172.0793 11164.3953  0.07%  1545 1138s
  2309  1326 11171.2782   34 2297 11172.0793 11164.3953  0.07%  1544 1180s
  2310  1327 11164.6308   11 1799 11172.0793 11164.3953  0.07%  1543 1226s
  2311  1328 11168.8149   35 2128 11172.0793 11164.3953  0.07%  1543 1234s
  2312  1328 11172.0036   51 2062 11172.0793 11164.3953  0.07%  1542 1268s
  2313  1329 11165.0008   10 1792 11172.0793 11164.3953  0.07%  1541 1306s
  2314  1330 11165.2277    8 1952 11172.0793 11164.3953  0.07%  1541 1332s
  2315  1330 11164.6965    6 1535 11172.0793 11164.3953  0.07%  1540 1372s
  2316  1331 11170.4552   38 1742 11172.0793 11164.3953  0.07%  1539 1399s
  2317  1332 11171.3296   39 1859 11172.0793 11164.3953  0.07%  1539 1428s
  2318  1332 11166.5061   29 1790 11172.0793 11164.3953  0.07%  1538 1448s
  2319  1333 11164.6517   12 1691 11172.0793 11164.3953  0.07%  1537 1473s
  2320  1334 11165.0174   19 1746 11172.0793 11164.3953  0.07%  1537 1494s
  2321  1334 11170.7348   45 1483 11172.0793 11164.3953  0.07%  1536 1519s
  2322  1335 11171.5158   58 1950 11172.0793 11164.4922  0.07%  1535 1544s
  2323  1336 11164.6523    5 1309 11172.0793 11164.4922  0.07%  1535 1573s
  2324  1336 11166.8396   13 1920 11172.0793 11164.5295  0.07%  1534 1598s
  2325  1337 11164.8014   16 1733 11172.0793 11164.5295  0.07%  1533 1632s
  2326  1338 11169.4285   26 1984 11172.0793 11164.6094  0.07%  1533 1654s
  2327  1338 11171.9821   78 1299 11172.0793 11164.6094  0.07%  1532 1686s
  2328  1339 11164.9199   16 1761 11172.0793 11164.6118  0.07%  1532 1707s
  2329  1340 11171.3922   50 1333 11172.0793 11164.6125  0.07%  1531 1731s
  2330  1340 11171.4663   49 1331 11172.0793 11164.6125  0.07%  1530 1748s
  2331  1341 11169.1957   21 1331 11172.0793 11164.6125  0.07%  1530 1771s
  2332  1345 11164.7097   13 1618 11172.0793 11164.6125  0.07%  1632 1782s
H 2334  1280                    11172.048912 11164.6125  0.07%  1631 1789s
H 2338  1223                    11171.962838 11164.7212  0.06%  1637 1808s
H 2340  1161                    11171.907707 11164.7212  0.06%  1637 1808s
H 2343  1102                    11171.904607 11164.7506  0.06%  1639 1808s
  2346  1113 11165.4230   16 1979 11171.9046 11164.7506  0.06%  1643 1822s
  2358  1140 11165.4390   17 1930 11171.9046 11164.8243  0.06%  1651 1839s
  2389  1144 11165.4449   18 1903 11171.9046 11164.8276  0.06%  1664 1858s
  2403  1156 11166.3850   19 2203 11171.9046 11164.8276  0.06%  1673 1879s
  2420  1167 11166.7395   20 1823 11171.9046 11164.8276  0.06%  1700 1893s
  2439  1184 11167.7429   21 1829 11171.9046 11164.8276  0.06%  1733 1909s
  2464  1191 11169.0821   22 1086 11171.9046 11164.8276  0.06%  1745 1925s
  2483  1206 11167.6677   23 1470 11171.9046 11164.8276  0.06%  1767 1939s
  2505  1225 11168.1844   24 1492 11171.9046 11164.8276  0.06%  1792 1961s
  2540  1241 11168.6310   25 1290 11171.9046 11164.8276  0.06%  1826 1983s
  2575  1236 11169.2286   26 1505 11171.9046 11164.8276  0.06%  1843 2031s
  2593  1258 11169.1845   26 1215 11171.9046 11164.8276  0.06%  1849 2054s
  2643  1279 11169.9813   28 1291 11171.9046 11164.8637  0.06%  1863 2077s
  2706  1292 11171.4678   30 1321 11171.9046 11164.9673  0.06%  1873 2100s
  2760  1300 11170.8592   31  981 11171.9046 11164.9673  0.06%  1887 2119s
  2814  1307 11171.4087   32 1327 11171.9046 11165.0141  0.06%  1900 2137s
  2875  1326 11171.7421   34  910 11171.9046 11165.0141  0.06%  1895 2155s
  2930  1344 11167.9727   19 1556 11171.9046 11165.0141  0.06%  1904 2173s
  2977  1362 11168.9672   22 1351 11171.9046 11165.0141  0.06%  1912 2187s
  3032  1370 11170.9454   24 1195 11171.9046 11165.0141  0.06%  1912 2209s
  3083  1365 11171.6744   26 1023 11171.9046 11165.3376  0.06%  1913 2250s
  3095  1402     cutoff   27      11171.9046 11165.3406  0.06%  1914 2269s
  3164  1411 11165.8857   17 1732 11171.9046 11165.4234  0.06%  1915 2288s
  3256  1428 11167.2067   20 1203 11171.9046 11165.4234  0.06%  1902 2307s
  3323  1458 11168.4385   22 1261 11171.9046 11165.4558  0.06%  1897 2329s
  3406  1444 11169.0639   24 1293 11171.9046 11165.4558  0.06%  1886 2397s
  3419  1499 11169.3782   25 1284 11171.9046 11165.4558  0.06%  1888 2427s
  3503  1537 11170.6479   28  956 11171.9046 11165.4558  0.06%  1870 2456s
  3601  1556 11171.7353   34 1001 11171.9046 11165.4558  0.06%  1843 2484s
  3711  1621 11171.4668   87  271 11171.9046 11165.5103  0.06%  1818 2510s
  3849  1696 11171.4668  110  259 11171.9046 11165.5103  0.06%  1779 2536s
  3998  1711 11171.4668  136  253 11171.9046 11165.5436  0.06%  1730 2569s
  4082  1847 11171.4668  147  243 11171.9046 11165.5436  0.06%  1720 2593s
  4264  1973 11171.4685  177  220 11171.9046 11165.5436  0.06%  1665 2620s
H 4402  1869                    11171.848452 11165.7301  0.05%  1631 2620s
H 4405  1814                    11171.843872 11165.7301  0.05%  1630 2620s
  4460  1999 11171.4685  210  184 11171.8439 11165.7301  0.05%  1610 2644s
H 4608  1900                    11171.837512 11165.7990  0.05%  1575 2644s
H 4611  1851                    11171.836384 11165.7990  0.05%  1574 2644s
  4674  2033 11171.4685  246  120 11171.8364 11165.7990  0.05%  1553 2665s
H 4926  1780                    11171.472067 11165.7990  0.05%  1498 2691s
H 4951  1538                    11171.468508 11165.7990  0.05%  1491 2691s
  5223  1464     cutoff  325      11171.4685 11165.7990  0.05%  1428 2719s
  5376  1682 11171.3687   63  368 11171.4685 11165.9604  0.05%  1417 2750s
  5649  1921 11171.4580  108  260 11171.4685 11165.9604  0.05%  1367 2777s
  5913  1930 11171.4580  164  227 11171.4685 11165.9724  0.05%  1323 2917s
  5928  2113 11171.4580  165  227 11171.4685 11166.0953  0.05%  1324 3065s
* 6136  1145             439    11171.466817 11166.0953  0.05%  1284 3065s
  6185  1215 11171.4594  225  171 11171.4668 11166.0953  0.05%  1274 3101s
  6411  1359 11171.4594  290   82 11171.4668 11166.1429  0.05%  1253 3133s
* 6572  1226             336    11171.458297 11166.1429  0.05%  1238 3133s
  6610  1176     cutoff  358      11171.4583 11166.2249  0.05%  1237 3163s
* 6690   848             337    11171.457991 11166.2311  0.05%  1241 3163s
  6763   874 11169.5209   22 1655 11171.4580 11166.2311  0.05%  1232 3196s
  6853   905 11170.3818   25 1498 11171.4580 11166.2370  0.05%  1247 3228s
  6956   936     cutoff   27      11171.4580 11166.2849  0.05%  1261 3264s
  7072   972 11166.8281   21 1583 11171.4580 11166.4250  0.05%  1271 3301s
  7188   999 11168.1934   23 1425 11171.4580 11166.5140  0.04%  1284 3336s
  7283  1040 11169.8940   25 1282 11171.4580 11166.6410  0.04%  1302 3368s
  7366  1045     cutoff   36      11171.4580 11166.6792  0.04%  1320 3410s
  7473  1082 11169.2119   28  910 11171.4580 11166.7141  0.04%  1338 3456s
  7598  1146 11169.3101   20 1292 11171.4580 11166.7969  0.04%  1347 3504s
  7650  1146 11169.5812   27 1413 11171.4580 11166.7969  0.04%  1348 3505s
  7727  1153 11168.1376   20 1376 11171.4580 11166.9440  0.04%  1355 3594s
  7764  1166 11168.5179   21 1270 11171.4580 11166.9789  0.04%  1361 3653s
  7843  1190 11170.1395   24 1065 11171.4580 11167.1260  0.04%  1372 3705s
  7956  1234     cutoff   29      11171.4580 11167.1260  0.04%  1380 3762s
  8081  1291 11170.1843   28  708 11171.4580 11167.2810  0.04%  1392 3818s
  8226  1339     cutoff   24      11171.4580 11167.2868  0.04%  1392 3868s
H 8338  1203                    11171.259999 11167.2868  0.04%  1402 3868s
H 8341  1164                    11171.186892 11167.2868  0.03%  1402 3868s
  8390  1294 11169.9393   27 1085 11171.1869 11167.2868  0.03%  1402 3924s
  8624  1461     cutoff   31      11171.1869 11167.4986  0.03%  1397 3979s
H 8751  1453                    11171.162190 11167.4986  0.03%  1402 3979s
  8913  1627 11170.7750   24 1159 11171.1622 11167.5816  0.03%  1383 4033s
H 9021  1526                    11171.080466 11167.5871  0.03%  1393 4033s
H 9024  1524                    11171.078373 11167.5871  0.03%  1393 4033s
H 9066  1455                    11170.923556 11167.5871  0.03%  1387 4033s
H 9069  1453                    11170.920722 11167.5871  0.03%  1386 4033s
  9186  1442     cutoff   31      11170.9207 11167.5871  0.03%  1374 4090s
H 9339  1436                    11170.916972 11167.7871  0.03%  1377 4090s
H 9342  1385                    11170.916632 11167.7871  0.03%  1376 4090s
  9425  1343 11169.0353   26 1022 11170.9166 11167.7949  0.03%  1375 4185s
  9449  1351 11170.4634   27  811 11170.9166 11167.7949  0.03%  1377 4294s
  9465  1355 11170.8154   28  841 11170.9166 11167.8137  0.03%  1377 4403s
  9487  1373     cutoff   29      11170.9166 11167.8137  0.03%  1379 4506s
  9560  1385 11169.9720   28  708 11170.9166 11167.8137  0.03%  1380 4617s
  9618  1398 11170.1014   29  531 11170.9166 11167.8225  0.03%  1383 4720s
  9673  1448 11170.2671   30  644 11170.9166 11167.8410  0.03%  1386 4823s
  9823  1504 11170.4773   37  422 11170.9166 11167.8471  0.03%  1388 4928s
H10027  1369                    11170.916549 11167.8843  0.03%  1389 5004s
 10250  1403 11170.8670   52  283 11170.9165 11167.8882  0.03%  1401 5088s
 10561  1459     cutoff   23      11170.9165 11168.1112  0.03%  1412 5194s
 10931  1515 11170.2544   29  929 11170.9165 11168.2405  0.02%  1425 5317s
 11314  1540 11170.4470   30 1165 11170.9165 11168.3783  0.02%  1444 5467s
 11652  1565 11170.5011   22 1292 11170.9165 11168.4086  0.02%  1459 5608s
 12147  1584 11169.3672   28 1101 11170.9165 11168.5520  0.02%  1477 5754s
 12607  1611 11169.7498   26  992 11170.9165 11168.6438  0.02%  1500 5900s
 13090  1631 11170.3019   29 1027 11170.9165 11168.7199  0.02%  1518 6039s
 13597  1604     cutoff   31      11170.9165 11168.8284  0.02%  1540 6185s
 14120  1587     cutoff   25      11170.9165 11168.9126  0.02%  1561 6331s
 14668  1601     cutoff   27      11170.9165 11168.9930  0.02%  1575 6477s
 15233  1659 11170.8188   31  646 11170.9165 11169.1052  0.02%  1584 6611s
 15825  1728     cutoff   28      11170.9165 11169.1256  0.02%  1587 6746s
 16448  1782 11170.7733   33  624 11170.9165 11169.2151  0.02%  1587 6877s
H16707  1760                    11170.908582 11169.2584  0.01%  1586 6877s
H16710  1759                    11170.907132 11169.2584  0.01%  1586 6877s
 17082  1787 11170.1340   26 1186 11170.9071 11169.3258  0.01%  1588 7014s
*17359  1781             369    11170.904893 11169.3610  0.01%  1582 7014s
 17735  1612     cutoff   31      11170.9049 11169.4226  0.01%  1585 7193s
 18480  1438     cutoff   28      11170.9049 11169.6235  0.01%  1598 7366s
 18933  1106     cutoff   26      11170.9049 11169.7597  0.01%  1610 7541s

Cutting planes:
  Gomory: 165
  Cover: 14
  Implied bound: 59
  MIR: 464
  Mixing: 1
  Flow cover: 1980
  RLT: 7
  Relax-and-lift: 55

Explored 19776 nodes (32065394 simplex iterations) in 7542.58 seconds (6978.14 work units)
Thread count was 24 (of 24 available processors)

Solution count 10: 11170.9 11170.9 11170.9 ... 11171.1

Optimal solution found (tolerance 1.00e-04)
Best objective 1.117090489256e+04, best bound 1.116998147164e+04, gap 0.0083%
