
Cluster assignments:
Cluster 0 (represented by Day 25): [ 1 12 17 21 25 26 27 28]... (total 8 days)
Cluster 1 (represented by Day 4): [ 2  3  4  5  6  7  8  9 10 11]... (total 23 days)
[reserve] pi_res = 56 EUR/MW.h (daily mean of fcrn_dk2_56 hourly prices), 1h blocks
[reserve] c_min_G = 0.15 (electrolyzer min load / els_cap); literature 0.1-0.16 -> OK
[reserve] c_sb_G = 0.01 (electrolyzer standby draw / els_cap); literature 0.025-0.05 -> OUT OF RANGE
✓ spring  :  92 days | Mean: 1 MWh | RMSE range: 0.0-0.2 MWh
✓ summer  :  92 days | Mean: 1 MWh | RMSE range: 0.0-0.3 MWh
✓ fall    :  91 days | Mean: 1 MWh | RMSE range: 0.0-0.2 MWh
✓ winter  :  90 days | Mean: 1 MWh | RMSE range: 0.0-0.1 MWh

=== 60p_reserve_peak_day14_S20_seed0_grb_direct-gurobi_kl0.0960365_dual_ndw_rsc0.303571_main: n=60, |T|=24, |Omega|=20 ===

[1] extensive form (DP_N^Omega)
Set parameter Username
Set parameter LicenseID to value 2742039
Academic license - for non-commercial use only - expires 2026-11-20
Set parameter OutputFlag to value 1
Set parameter LogToConsole to value 0
  obj 12715.683376  status timelimit  gap 5.09e-04  1801.5s  vars 343244
  KL r=0.0960365: worst case 12715.683376 vs expected 12242.287565; 1 MILP solve(s); rho* 0.030 0.052 0.031 0.060 0.051 0.049 0.089 0.103 0.064 0.029 0.027 0.054 0.031 0.025 0.067 0.026 0.034 0.035 0.087 0.054 (KL 0.0960)
    round 1: MIPGap 1e-04  1801.0s  2695 nodes  psi-bound 5.09e-04  psi-incumbent 7.79e-05

[2] column generation (DWR_N^Omega)
  seed columns: largest carrier-row residual 3.27e-13 (repaired)
  CG   25 | RMP    11963.3204 | LB    11974.7799 | UB           inf | a 1.00 std      | min rc  0.0000e+00 | +0  [round] | lp 0.75s solver 0.71s 2966 it 20150 cols 603068 nz
  -- penalty round 1: eps 0.2 delta 0.2 RMP 11963.3204 LB 11974.7799 UB 12715.6834 gap 5.83e-02 [round] 48s
  CG   50 | RMP    12707.0144 | LB    12643.3185 | UB    12715.6834 | a 0.10 smooth   | min rc -3.2446e+00 | +100 | lp 1.10s solver 1.07s 4323 it 23175 cols 784988 nz
  CG   75 | RMP    12702.6724 | LB    12701.3826 | UB    12715.6834 | a 0.10 smooth   | min rc -8.4365e-01 | +65 | lp 1.30s solver 1.27s 3213 it 23894 cols 824356 nz
  CG   77 | RMP    12702.5352 | LB    12702.0786 | UB    12715.6834 | a 1.00 std      | min rc  0.0000e+00 | +0  [round] | lp 1.56s solver 1.52s 3449 it 24363 cols 851919 nz
  -- penalty round 2: eps 0.05 delta 0.05 RMP 12702.5352 LB 12702.0786 UB 12715.6834 gap 1.07e-03 [round] 438s
  CG  100 | RMP    12711.1578 | LB    12709.5199 | UB    12715.6834 | a 0.10 smooth   | min rc -5.3113e-01 | +39 | lp 2.92s solver 2.87s 6022 it 27034 cols 979872 nz
  CG  110 | RMP    12710.8905 | LB    12710.7174 | UB    12715.6834 | a 1.00 std      | min rc  0.0000e+00 | +0  [round] | lp 3.15s solver 3.11s 6017 it 28154 cols 1038331 nz
  -- penalty round 3: eps 0.0125 delta 0.0125 RMP 12710.8905 LB 12710.7174 UB 12715.6834 gap 3.91e-04 [round] 757s
  CG  125 | RMP    12711.8103 | LB    12711.5601 | UB    12715.6834 | a 0.10 smooth   | min rc -2.1572e-03 | +7 | lp 2.35s solver 2.32s 4379 it 29371 cols 1090256 nz
  CG  128 | RMP    12711.8091 | LB    12711.6319 | UB    12715.6834 | a 1.00 std      | min rc  0.0000e+00 | +0  [round] | lp 1.61s solver 1.54s 3023 it 29840 cols 1119392 nz
  -- penalty round 4: eps 0.00313 delta 0.00313 RMP 12711.8091 LB 12711.6319 UB 12715.6834 gap 3.19e-04 [round] 955s
  CG  136 | RMP    12711.9589 | LB    12711.8011 | UB    12715.6834 | a 1.00 std      | min rc  0.0000e+00 | +0  [round] | lp 1.63s solver 1.57s 3337 it 29743 cols 1115992 nz
  -- penalty round 5: eps 0.000781 delta 0.000781 RMP 12711.9589 LB 12711.8011 UB 12715.6834 gap 3.05e-04 [round] 1030s
  CG  140 | RMP    12711.9801 | LB    12711.8196 | UB    12715.6834 | a 1.00 std      | min rc  0.0000e+00 | +0  [round] | lp 1.51s solver 1.47s 3130 it 30157 cols 1143258 nz
  -- penalty round 6: eps 0.000195 delta 0.000195 RMP 12711.9801 LB 12711.8196 UB 12715.6834 gap 3.04e-04 [round] 1060s
  CG  141 | RMP    12711.9848 | LB    12711.8196 | UB    12711.9877 | a 1.00 std      | min rc  0.0000e+00 | +0  [done] | lp 1.57s solver 1.50s 2910 it 30157 cols 1143258 nz
  -- penalty round 7: eps 0 delta 0 RMP 12711.9848 LB 12711.8196 UB 12711.9877 gap 1.32e-05 [done] 1062s
  obj 12711.987728  LB 12711.819562  gap 1.32e-05  iters 141  1062.0s  rounds 7  status optimal
  KL r=0.0960365: 960 tangent planes; rho* 0.030 0.052 0.031 0.060 0.051 0.049 0.090 0.103 0.064 0.029 0.027 0.055 0.031 0.025 0.067 0.026 0.034 0.035 0.088 0.054 (KL 0.0960)
  time: master LP 247.1s  pricing 801.3s (130248 MILPs, 8 worker(s))

[3] robust Owen allocation
  omega_LR,rob 3.861279  eps_LR 0.064355  certified [-2.774400, 3.863814]
  EF slack 6.4700 = 167% of the reported omega  (> 10%: use --table for a table run)
  checks: budget 0.00e+00  duality -2.54e-03  pricing 0.00e+00

[4] stand-alone values val(DP_{j}^Omega)
   player         Owen        E[x*]        alone       chi^LR
       u1    1298.0361    1297.9717     847.7234     450.2483
       u2      33.3373      33.2730      -0.0000      33.2730
       u3     597.1090     597.0447     262.8986     334.1461
       u4    -787.0148    -787.0791    -828.3745      41.2953
       u5    -411.5288    -411.5931    -509.2522      97.6591
       u6   -1108.2455   -1108.3098   -1179.6669      71.3570
       u7     479.5732     479.5088     318.5643     160.9445
       u8      44.3029      44.2385      -0.0000      44.2385
       u9     600.8695     600.8051     262.8986     337.9065
      u10     695.9696     695.9052     498.9249     196.9804
      u11     111.7558     111.6914      92.5783      19.1131
      u12    -670.6457    -670.7101    -716.8799      46.1698
      u13    -421.7142    -421.7785    -522.3254     100.5469
      u14    -925.3176    -925.3819    -987.8398      62.4579
      u15   -1904.5479   -1904.6122   -2005.6981     101.0859
      u16     959.8112     959.7468     591.1408     368.6060
      u17     471.7072     471.6429     260.7351     210.9078
      u18      60.4340      60.3696      -0.0000      60.3696
      u19       0.0024      -0.0620      -0.0000      -0.0620
      u20     600.8695     600.8051     262.8986     337.9065
      u21     196.6958     196.6314     138.9087      57.7227
      u22     167.6337     167.5693     138.8674      28.7019
      u23    -733.9158    -733.9802    -790.0162      56.0360
      u24    -912.4425    -912.5068    -956.8138      44.3070
      u25    -802.0826    -802.1470    -835.0502      32.9032
      u26    -104.9777    -105.0421    -226.6996     121.6576
      u27    -206.8408    -206.9051    -257.7721      50.8670
      u28    -917.6162    -917.6805    -988.3112      70.6307
      u29    -666.9096    -666.9740    -720.0452      53.0712
      u30    -335.4457    -335.5100    -356.0218      20.5118
      u31    1525.3987    1525.3344     976.4078     548.9265
      u32      66.6723      66.6079      -0.0000      66.6079
      u33     417.9763     417.9120     184.0290     233.8829
      u34    -780.7576    -780.8219    -819.8013      38.9793
      u35    -415.3491    -415.4135    -517.0747     101.6612
      u36   -1103.8644   -1103.9287   -1170.9677      67.0390
      u37     401.7000     401.6357     292.5804     109.0553
      u38      36.2788      36.2144      -0.0000      36.2144
      u39     780.0022     779.9378     341.7682     438.1696
      u40    1012.2041    1012.1397     753.8680     258.2717
      u41    -207.3607    -207.4251    -355.0849     147.6599
      u42    -582.5349    -582.5992    -647.8907      65.2915
      u43    -411.5236    -411.5879    -510.8933      99.3053
      u44    -401.0864    -401.1508    -540.9613     139.8105
      u45   -1901.4109   -1901.4752   -2000.0523      98.5771
      u46    1683.8308    1683.7665    1041.4599     642.3066
      u47     219.6281     219.5638     121.4466      98.1171
      u48      20.1754      20.1110      -0.0000      20.1110
      u49      58.3385      58.2742      -0.0000      58.2742
      u50     541.1586     541.0942     236.6088     304.4855
      u51     401.0591     400.9948     270.1049     130.8898
      u52    -304.0703    -304.1347    -365.8172      61.6825
      u53   -1474.4951   -1474.5595   -1671.4805     196.9210
      u54   -1840.8036   -1840.8680   -1917.5146      76.6466
      u55   -1879.7084   -1879.7728   -1966.5124      86.7397
      u56    -115.8439    -115.9082    -336.4836     220.5753
      u57    -409.1786    -409.2429    -510.7921     101.5492
      u58   -1208.7557   -1208.8201   -1331.1306     122.3105
      u59   -1131.3038   -1131.3682   -1248.6056     117.2374
      u60   -1117.0599   -1117.1242   -1182.9415      65.8173

wrote ieee_owen\weak_eps_experiment\stochastic\main17_xi\60p_reserve_peak_day14_S20_seed0_grb_direct-gurobi_kl0.0960365_dual_ndw_rsc0.303571_main.json
