
Gurobi 13.0.1 (win64) logging started Fri Oct  9 04:05:07 2026

Set parameter LogFile to value "ieee_owen\weak_eps_experiment\stochastic\main17_xi\logs\n60_S20_day21_ef_gurobi.log"
Set parameter NodefileStart to value 3
Set parameter MIPGap to value 0.0001
Gurobi Optimizer version 13.0.1 build v13.0.1rc0 (win64 - Windows 10.0 (19045.2))

CPU model: AMD Ryzen 9 5900X 12-Core Processor, instruction set [SSE2|AVX|AVX2]
Thread count: 12 physical cores, 24 logical processors, using up to 24 threads

Non-default parameters:
TimeLimit  1800
NodefileStart  3
LogToConsole  0

Optimize a model with 340064 rows, 343286 columns and 1462340 nonzeros (Min)
Model fingerprint: 0xc8f9cde8
Model has 22 linear objective coefficients
Variable types: 289046 continuous, 54240 integer (54240 binary)
Coefficient statistics:
  Matrix range     [3e-04, 2e+02]
  Objective range  [5e-02, 1e+00]
  Bounds range     [7e-03, 6e+01]
  RHS range        [5e-02, 2e+01]

Presolve removed 152144 rows and 125369 columns
Presolve time: 3.37s
Presolved: 187920 rows, 217917 columns, 745828 nonzeros
Variable types: 169052 continuous, 48865 integer (48864 binary)
Found heuristic solution: objective 15184.428739
Deterministic concurrent LP optimizer: primal simplex, dual simplex, and barrier
Showing barrier log only...

Root barrier log...

Ordering time: 1.48s
Ordering time: 1.66s

Barrier statistics:
 Dense cols : 567
 Free vars  : 41
 AA' NZ     : 6.346e+05
 Factor NZ  : 3.439e+06 (roughly 180 MB of memory)
 Factor Ops : 5.802e+08 (less than 1 second per iteration)
 Threads    : 10

                  Objective                Residual
Iter       Primal          Dual         Primal    Dual     Compl     Time
   0   1.63444941e+00 -2.24587798e+04  4.68e+03 6.40e+01  1.58e+00     8s
   1  -2.52782931e+04 -2.27273577e+04  4.65e+03 5.85e+01  1.59e+00     8s
   2   1.33452491e+05 -2.26477964e+04  4.34e+03 5.25e+01  1.58e+00     9s
   3  -1.44164809e+05 -2.37162150e+04  3.13e+03 4.63e+01  1.13e+00     9s
   4  -2.06449994e+05 -2.37817414e+04  2.51e+03 3.99e+01  8.97e-01     9s
   5  -1.98656328e+05 -2.25244869e+04  1.87e+03 2.94e+01  6.67e-01     9s
   6  -9.42334465e+04 -2.04415230e+04  8.49e+02 2.07e+01  3.25e-01     9s
   7  -7.62001290e+04 -1.17344644e+04  6.57e+02 5.93e+00  2.40e-01     9s
   8  -4.30979355e+04 -5.49392173e+03  3.84e+02 2.58e+00  1.39e-01     9s
   9  -3.46725337e+04 -2.71890201e+03  3.19e+02 1.85e+00  1.14e-01     9s
  10  -2.41070251e+04 -1.13035798e+03  2.41e+02 1.52e+00  8.78e-02     9s
  11  -1.69665994e+04  1.07762815e+03  1.89e+02 1.09e+00  6.81e-02    10s
  12  -8.21933354e+03  2.49666443e+03  1.27e+02 8.70e-01  4.80e-02    10s
  13  -2.67533772e+03  5.56344891e+03  8.82e+01 4.24e-01  3.14e-02    10s
  14   1.87869942e+03  7.08985565e+03  5.90e+01 2.84e-01  2.14e-02    10s
  15   4.91001874e+03  7.81612846e+03  4.06e+01 2.35e-01  1.61e-02    10s
  16   5.89956997e+03  8.33951556e+03  3.45e+01 2.02e-01  1.38e-02    10s
  17   6.40968570e+03  8.59271075e+03  3.12e+01 1.85e-01  1.25e-02    10s
  18   6.85447477e+03  8.89006814e+03  2.83e+01 1.64e-01  1.12e-02    10s
  19   7.30146375e+03  9.12344835e+03  2.55e+01 1.48e-01  1.01e-02    10s
  20   7.81338757e+03  9.37965055e+03  2.22e+01 1.32e-01  8.92e-03    10s
  21   8.19895509e+03  9.44684261e+03  1.98e+01 1.28e-01  8.30e-03    11s
  22   8.45165044e+03  9.83807476e+03  1.84e+01 1.03e-01  7.19e-03    11s
  23   9.00761522e+03  1.02037592e+04  1.52e+01 8.17e-02  5.84e-03    11s
  24   9.25471007e+03  1.03291819e+04  1.37e+01 7.50e-02  5.32e-03    11s
  25   9.32450560e+03  1.04074131e+04  1.33e+01 7.16e-02  5.11e-03    11s
  26   9.42082552e+03  1.05444138e+04  1.27e+01 6.96e-02  4.93e-03    11s
  27   9.44181608e+03  1.07803134e+04  1.26e+01 6.85e-02  4.87e-03    11s
  28   9.45218126e+03  1.08906797e+04  1.26e+01 6.84e-02  4.86e-03    11s
  29   9.46574156e+03  1.08420363e+04  1.25e+01 6.82e-02  4.84e-03    11s
  30   9.59593690e+03  1.06782276e+04  1.19e+01 6.35e-02  4.65e-03    12s
  31   9.79918650e+03  1.08446033e+04  1.10e+01 5.89e-02  4.42e-03    12s
  32   1.02558354e+04  1.10969486e+04  9.10e+00 4.80e-02  3.77e-03    12s
  33   1.05585809e+04  1.12749110e+04  7.67e+00 4.15e-02  3.24e-03    13s
  34   1.08485558e+04  1.13682413e+04  6.33e+00 3.78e-02  2.84e-03    13s
  35   1.12950991e+04  1.16008481e+04  4.32e+00 2.83e-02  2.07e-03    13s
  36   1.14337895e+04  1.16767509e+04  3.71e+00 2.49e-02  1.81e-03    13s
  37   1.17175962e+04  1.17688511e+04  2.43e+00 2.08e-02  1.41e-03    13s
  38   1.17985970e+04  1.18692481e+04  2.08e+00 1.65e-02  1.15e-03    13s
  39   1.19406259e+04  1.19331003e+04  1.44e+00 1.38e-02  9.17e-04    13s
  40   1.19776904e+04  1.20170013e+04  1.28e+00 1.02e-02  7.22e-04    14s
  41   1.20864230e+04  1.20624005e+04  7.95e-01 8.18e-03  5.49e-04    14s
  42   1.21626046e+04  1.21182245e+04  4.61e-01 5.75e-03  3.81e-04    14s
  43   1.22072779e+04  1.21609797e+04  2.60e-01 4.07e-03  2.58e-04    14s
  44   1.22229359e+04  1.21962461e+04  1.88e-01 2.60e-03  1.73e-04    14s
  45   1.22361807e+04  1.22170573e+04  1.27e-01 1.76e-03  1.19e-04    14s
  46   1.22392365e+04  1.22191414e+04  1.13e-01 1.67e-03  1.12e-04    14s
  47   1.22412117e+04  1.22243038e+04  1.04e-01 1.47e-03  9.96e-05    14s
  48   1.22458980e+04  1.22329520e+04  8.14e-02 1.14e-03  7.76e-05    14s
  49   1.22522288e+04  1.22434654e+04  5.11e-02 7.36e-04  5.00e-05    14s
  50   1.22581569e+04  1.22471876e+04  2.27e-02 5.93e-04  3.66e-05    15s
  51   1.22599634e+04  1.22512547e+04  1.37e-02 4.36e-04  2.64e-05    15s
  52   1.22605553e+04  1.22544127e+04  1.07e-02 3.09e-04  1.92e-05    15s
  53   1.22612270e+04  1.22566423e+04  7.25e-03 2.18e-04  1.39e-05    15s
  54   1.22619384e+04  1.22595912e+04  3.38e-03 1.06e-04  6.90e-06    15s
  55   1.22622926e+04  1.22603513e+04  1.36e-03 7.81e-05  4.80e-06    15s
  56   1.22623160e+04  1.22605526e+04  1.21e-03 7.04e-05  4.34e-06    15s
  57   1.22623367e+04  1.22615414e+04  1.07e-03 3.47e-05  2.29e-06    15s
  58   1.22624349e+04  1.22621604e+04  4.66e-04 1.16e-05  8.50e-07    15s
  59   1.22624895e+04  1.22624111e+04  9.29e-05 2.77e-06  2.17e-07    15s
  60   1.22624963e+04  1.22624786e+04  3.57e-05 6.08e-07  5.79e-08    15s
  61   1.22625001e+04  1.22624899e+04  2.78e-06 2.78e-07  2.22e-08    15s
  62   1.22625002e+04  1.22624998e+04  7.71e-08 1.12e-08  8.93e-10    15s
  63   1.22625002e+04  1.22625002e+04  1.34e-09 1.24e-11  1.01e-14    15s

Barrier solved model in 63 iterations and 15.46 seconds (15.83 work units)
Optimal objective 1.22625002e+04


Root crossover log...

   58806 DPushes remaining with DInf 0.0000000e+00                16s
       0 DPushes remaining with DInf 0.0000000e+00                16s

   35541 PPushes remaining with PInf 0.0000000e+00                16s
       0 PPushes remaining with PInf 0.0000000e+00                17s

  Push phase complete: Pinf 0.0000000e+00, Dinf 2.5761907e-11     17s


Root simplex log...

Iteration    Objective       Primal Inf.    Dual Inf.      Time
   82811    1.2262500e+04   0.000000e+00   0.000000e+00     17s
Crossover time: 1.75 seconds (1.76 work units)
Concurrent spin time: 1.41s (can be avoided by choosing Method=3)

Solved with barrier
   82811    1.2262500e+04   0.000000e+00   0.000000e+00     19s

Root relaxation: objective 1.226250e+04, 82811 iterations, 13.02 seconds (10.48 work units)

    Nodes    |    Current Node    |     Objective Bounds      |     Work
 Expl Unexpl |  Obj  Depth IntInf | Incumbent    BestBd   Gap | It/Node Time

     0     0 12262.5002    0 1925 15184.4287 12262.5002  19.2%     -   23s
H    0     0                    12382.938398 12262.5002  0.97%     -   31s
     0     0 12262.5889    0 2057 12382.9384 12262.5889  0.97%     -   36s
H    0     0                    12330.895003 12262.5938  0.55%     -   46s
     0     0 12262.8962    0 2570 12330.8950 12262.8962  0.55%     -   51s
     0     0 12262.8995    0 2556 12330.8950 12262.8995  0.55%     -   52s
     0     0 12262.8995    0 2558 12330.8950 12262.8995  0.55%     -   53s
     0     0 12262.9769    0 2526 12330.8950 12262.9769  0.55%     -   59s
     0     0 12262.9769    0 2524 12330.8950 12262.9769  0.55%     -   60s
     0     0 12262.9937    0 2586 12330.8950 12262.9937  0.55%     -   66s
     0     0 12263.0011    0 2432 12330.8950 12263.0011  0.55%     -   68s
     0     0 12263.0011    0 2485 12330.8950 12263.0011  0.55%     -   73s
     0     0 12263.0011    0 2438 12330.8950 12263.0011  0.55%     -   74s
     0     0 12263.0011    0 2427 12330.8950 12263.0011  0.55%     -   78s
     0     0 12263.0011    0 2427 12330.8950 12263.0011  0.55%     -   79s
     0     0 12263.0011    0 2428 12330.8950 12263.0011  0.55%     -   84s
     0     0 12263.0011    0 1965 12330.8950 12263.0011  0.55%     -   87s
H    0     0                    12304.778159 12263.0011  0.34%     -   92s
     0     0 12263.0011    0 2357 12304.7782 12263.0011  0.34%     -   93s
     0     0 12263.0011    0 2095 12304.7782 12263.0011  0.34%     -   98s
     0     0 12263.0011    0 1917 12304.7782 12263.0011  0.34%     -  101s
     0     0 12263.0011    0 1969 12304.7782 12263.0011  0.34%     -  102s
     0     0 12263.0011    0 2043 12304.7782 12263.0011  0.34%     -  106s
     0     0 12263.0011    0 2043 12304.7782 12263.0011  0.34%     -  108s
     0     0 12263.0011    0 2043 12304.7782 12263.0011  0.34%     -  109s
     0     0 12263.0011    0 2043 12304.7782 12263.0011  0.34%     -  109s
     0     0 12263.0011    0 1918 12304.7782 12263.0011  0.34%     -  111s
     0     2 12263.0011    0 1917 12304.7782 12263.0011  0.34%     -  120s
     1     4 12263.6365    1 1904 12304.7782 12263.0011  0.34%  5642  125s
     3     8 12263.7198    2 1712 12304.7782 12263.0011  0.34%  2742  130s
H    5     8                    12304.773063 12263.0011  0.34%  2539  130s
     7    16 12263.9531    3 1906 12304.7731 12263.0011  0.34%  2386  139s
H   13    16                    12304.740366 12263.0137  0.34%  1832  139s
    15    28 12264.2598    4 1954 12304.7404 12263.0137  0.34%  1911  151s
    27    49 12264.9199    5 1813 12304.7404 12263.0506  0.34%  2333  170s
    48    62 12264.9958    7 1711 12304.7404 12263.0678  0.34%  2370  181s
    61    74 12265.2851    7 1902 12304.7404 12263.0678  0.34%  2437  193s
H   62    74                    12303.507016 12263.0678  0.33%  2397  193s
    73   102 12265.0650    8 1599 12303.5070 12263.0678  0.33%  2382  203s
   101   166 12265.1222   10 1663 12303.5070 12263.0678  0.33%  2118  219s
   165   209 12265.9096   15 1099 12303.5070 12263.0678  0.33%  1957  237s
H  208   270                    12301.117608 12263.0678  0.31%  1931  258s
   269   335 12266.0267   17 1133 12301.1176 12263.0678  0.31%  1739  290s
   334   357 12266.4055   20  978 12301.1176 12263.0678  0.31%  1868  326s
H  338   357                    12293.485539 12263.0678  0.25%  1853  326s
H  346   357                    12290.871104 12263.0678  0.23%  1939  326s
H  350   357                    12285.758210 12263.0678  0.18%  1965  326s
   356   434 12267.1274   23 1166 12285.7582 12263.0678  0.18%  1998  364s
H  359   434                    12280.138676 12263.0678  0.14%  1986  364s
   433   530 12268.7362   27  909 12280.1387 12263.0678  0.14%  2250  398s
H  529   542                    12277.966049 12263.0678  0.12%  2457  447s
   541   614 12270.3430   29  934 12277.9660 12263.0678  0.12%  2513  537s
H  604   614                    12275.571242 12263.0678  0.10%  2468  537s
   621   669 12272.9250   31  876 12275.5712 12263.0678  0.10%  2529  588s
H  712   669                    12275.399117 12263.0849  0.10%  2467  588s
   734   779 12264.6949   10 1626 12275.3991 12263.0849  0.10%  2499  635s
H  797   779                    12275.173398 12263.0849  0.10%  2625  635s
   866   887 12268.4366   15 1215 12275.1734 12263.0849  0.10%  2560  682s
H  940   877                    12274.903186 12263.0849  0.10%  2616  682s
   984  1036 12269.0348   17  955 12274.9032 12263.0849  0.10%  2543  729s
H 1081  1034                    12274.870726 12263.0849  0.10%  2583  729s
H 1092  1031                    12274.700512 12263.0849  0.09%  2570  729s
  1153  1326 12271.6848   21  806 12274.7005 12263.0849  0.09%  2478  767s
  1467  1662     cutoff   23      12274.7005 12263.1037  0.09%  2172  804s
  1812  1978 12267.8492   10 1443 12274.7005 12263.1037  0.09%  1875  828s
H 1853  1635                    12274.002054 12263.1037  0.09%  1837  828s
H 1941  1435                    12273.543403 12263.1037  0.09%  1771  828s
  2152  1332 12270.6608   13 1368 12273.5434 12263.1037  0.09%  1625  857s
  2333  1503 12270.1175   19  769 12273.5434 12263.2317  0.08%  1543  884s
H 2371  1279                    12273.053263 12263.2317  0.08%  1533  884s
H 2543  1216                    12273.034756 12263.2317  0.08%  1460  931s
H 2543  1047                    12272.920834 12263.2317  0.08%  1460  937s
  2544  1018 12268.2588   10 1918 12272.9208 12263.2317  0.08%  1460 1118s
  2546  1019 12264.5365   11 2295 12272.9208 12263.2317  0.08%  1459 1161s
  2547  1020 12272.7448   46 1759 12272.9208 12263.2317  0.08%  1458 1215s
  2548  1021 12270.6587   42 2169 12272.9208 12263.2317  0.08%  1457 1223s
  2549  1021 12265.4590   14 2368 12272.9208 12263.2317  0.08%  1457 1236s
  2550  1022 12265.3627   17 2283 12272.9208 12263.2317  0.08%  1456 1269s
  2551  1023 12265.2754   14 1761 12272.9208 12263.2317  0.08%  1456 1315s
  2552  1023 12266.9125   38 1944 12272.9208 12263.2317  0.08%  1455 1322s
  2553  1024 12272.6893   24 1984 12272.9208 12263.2317  0.08%  1455 1349s
  2554  1025 12263.6708    9 2026 12272.9208 12263.2317  0.08%  1454 1392s
  2556  1026 12272.7030   39 2344 12272.9208 12263.2317  0.08%  1453 1396s
  2557  1027 12264.4005   12 2296 12272.9208 12263.2317  0.08%  1452 1423s
  2558  1027 12264.2369   10 1764 12272.9208 12263.2317  0.08%  1452 1457s
  2559  1028 12270.5686   38 1841 12272.9208 12263.2333  0.08%  1451 1460s
  2560  1029 12264.9701    8 1845 12272.9208 12263.2464  0.08%  1451 1481s
  2561  1029 12265.4272   22 1705 12272.9208 12263.3073  0.08%  1450 1510s
  2563  1031 12268.5586   17 1856 12272.9208 12263.3086  0.08%  1449 1532s
  2564  1031 12265.3627   17 1822 12272.9208 12263.3349  0.08%  1448 1560s
  2565  1032 12264.7756   10 1826 12272.9208 12263.3349  0.08%  1448 1583s
  2566  1033 12270.6187   23 1824 12272.9208 12263.3749  0.08%  1447 1614s
  2567  1033 12266.4255   28 1938 12272.9208 12263.3749  0.08%  1447 1638s
  2568  1034 12264.9906   10 1842 12272.9208 12263.4199  0.08%  1446 1667s
  2569  1035 12264.9063   20 1939 12272.9208 12263.4199  0.08%  1446 1689s
  2570  1035 12267.5650   30 1903 12272.9208 12263.4554  0.08%  1445 1717s
  2571  1036 12272.8932   33 1832 12272.9208 12263.4554  0.08%  1444 1739s
  2572  1037 12263.8005    5 1791 12272.9208 12263.4650  0.08%  1444 1765s
  2573  1037 12265.4981   19 1805 12272.9208 12263.4650  0.08%  1443 1789s

Cutting planes:
  Gomory: 58
  Cover: 48
  Implied bound: 59
  MIR: 236
  Mixing: 5
  Flow cover: 884
  GUB cover: 4
  RLT: 5
  Relax-and-lift: 89

Explored 2573 nodes (4121734 simplex iterations) in 1801.51 seconds (1533.36 work units)
Thread count was 24 (of 24 available processors)

Solution count 10: 12272.9 12272.9 12273 ... 12274.9

Time limit reached
Best objective 1.227292083435e+04, best bound 1.226347225446e+04, gap 0.0770%
