
Gurobi 13.0.1 (win64) logging started Thu Oct  8 05:01:17 2026

Set parameter LogFile to value "ieee_owen\weak_eps_experiment\stochastic\main17_xi\logs\n60_S20_day7_ef_gurobi.log"
Set parameter NodefileStart to value 3
Set parameter MIPGap to value 0.0001
Gurobi Optimizer version 13.0.1 build v13.0.1rc0 (win64 - Windows 10.0 (19045.2))

CPU model: AMD Ryzen 9 5900X 12-Core Processor, instruction set [SSE2|AVX|AVX2]
Thread count: 12 physical cores, 24 logical processors, using up to 24 threads

Non-default parameters:
TimeLimit  1800
NodefileStart  3
LogToConsole  0

Optimize a model with 340064 rows, 343286 columns and 1462340 nonzeros (Min)
Model fingerprint: 0x4aba59c4
Model has 22 linear objective coefficients
Variable types: 289046 continuous, 54240 integer (54240 binary)
Coefficient statistics:
  Matrix range     [3e-04, 2e+02]
  Objective range  [5e-02, 1e+00]
  Bounds range     [9e-03, 6e+01]
  RHS range        [5e-02, 2e+01]

Presolve removed 152063 rows and 125252 columns
Presolve time: 3.30s
Presolved: 188001 rows, 218034 columns, 746246 nonzeros
Variable types: 169131 continuous, 48903 integer (48902 binary)
Found heuristic solution: objective 14511.530256
Deterministic concurrent LP optimizer: primal simplex, dual simplex, and barrier
Showing barrier log only...

Root barrier log...

Ordering time: 1.35s
Ordering time: 1.54s

Barrier statistics:
 Dense cols : 567
 Free vars  : 41
 AA' NZ     : 6.347e+05
 Factor NZ  : 3.429e+06 (roughly 180 MB of memory)
 Factor Ops : 5.699e+08 (less than 1 second per iteration)
 Threads    : 10

                  Objective                Residual
Iter       Primal          Dual         Primal    Dual     Compl     Time
   0   1.62460505e+00 -2.27040893e+04  4.65e+03 6.40e+01  1.57e+00     8s
   1  -2.52168449e+04 -2.30339546e+04  4.62e+03 5.74e+01  1.58e+00     8s
   2   1.04589723e+05 -2.29952057e+04  4.31e+03 5.16e+01  1.56e+00     8s
   3  -1.57601186e+05 -2.40892003e+04  3.10e+03 4.55e+01  1.10e+00     8s
   4  -1.96509787e+05 -2.40336174e+04  2.65e+03 4.02e+01  9.48e-01     8s
   5  -1.93521466e+05 -2.26188576e+04  1.88e+03 2.98e+01  6.71e-01     8s
   6  -1.07883332e+05 -1.84463748e+04  9.68e+02 1.30e+01  3.63e-01     8s
   7  -7.72089840e+04 -1.24654282e+04  6.70e+02 6.17e+00  2.46e-01     8s
   8  -5.46898578e+04 -7.03750145e+03  4.83e+02 3.04e+00  1.74e-01     8s
   9  -3.69204510e+04 -3.84470943e+03  3.40e+02 1.92e+00  1.22e-01     9s
  10  -3.03523512e+04 -1.89818408e+03  2.89e+02 1.47e+00  1.03e-01     9s
  11  -2.13553416e+04 -6.40486604e+02  2.20e+02 1.21e+00  7.98e-02     9s
  12  -9.85789073e+03  2.20069766e+03  1.34e+02 6.47e-01  4.88e-02     9s
  13  -1.60204492e+03  4.48784782e+03  7.48e+01 3.72e-01  2.82e-02     9s
  14   1.48518001e+03  5.91238039e+03  5.42e+01 2.58e-01  2.03e-02     9s
  15   3.84328801e+03  6.58785574e+03  4.02e+01 2.10e-01  1.60e-02     9s
  16   5.09108473e+03  7.34309593e+03  3.25e+01 1.60e-01  1.27e-02     9s
  17   5.82919261e+03  7.57914211e+03  2.79e+01 1.46e-01  1.13e-02     9s
  18   6.39371856e+03  8.16647242e+03  2.43e+01 1.11e-01  9.32e-03     9s
  19   7.03264821e+03  8.44191364e+03  2.02e+01 9.66e-02  7.92e-03    10s
  20   7.81100298e+03  8.84980999e+03  1.54e+01 7.55e-02  6.15e-03    10s
  21   8.10054858e+03  9.11033339e+03  1.37e+01 6.30e-02  5.29e-03    10s
  22   8.19301773e+03  9.31578103e+03  1.31e+01 5.53e-02  4.86e-03    10s
  23   8.26456951e+03  9.57167906e+03  1.27e+01 5.24e-02  4.65e-03    10s
  24   8.28733811e+03  9.82008146e+03  1.25e+01 5.20e-02  4.61e-03    10s
  25   8.31719151e+03  9.58409167e+03  1.24e+01 5.19e-02  4.60e-03    10s
  26   8.32489440e+03  9.69114500e+03  1.24e+01 5.13e-02  4.56e-03    10s
  27   9.60381342e+01 -2.27040893e+08  2.75e+05 6.40e+01  8.98e+05    10s
  28   3.95840910e+07 -3.56624381e+08  6.19e+04 4.33e+02  3.12e+05    11s
  29   3.35714056e+07 -3.60093770e+08  5.10e+03 9.50e+01  2.69e+04    11s
  30   3.06786302e+07 -3.22585694e+08  8.15e+02 3.83e+00  4.72e+03    11s
  31   1.16448254e+07 -2.15127737e+08  1.67e+02 1.98e-01  1.16e+03    11s
  32   3.49591934e+06 -9.07221267e+07  4.71e+01 8.45e-03  3.25e+02    12s
  33   6.01635823e+05 -2.28919343e+07  7.68e+00 1.81e-04  5.85e+01    12s
  34   9.74759021e+04 -5.42609764e+06  1.08e+00 4.35e-04  1.14e+01    12s
  35   2.83651481e+04 -1.96878940e+06  2.32e-01 2.27e-04  3.92e+00    12s
  36   2.67696963e+04 -1.16120745e+06  1.67e-01 1.33e-04  2.32e+00    12s
  37   2.49041734e+04 -9.62179712e+05  8.31e-02 1.11e-04  1.92e+00    12s
  38   2.27488379e+04 -4.77255914e+05  2.97e-02 1.30e-04  9.68e-01    12s
  39   2.11681369e+04 -2.45300181e+05  1.86e-02 9.39e-05  5.16e-01    12s
  40   1.98123932e+04 -1.02205774e+05  1.19e-02 1.10e-04  2.36e-01    12s
  41   1.82468812e+04 -4.21720748e+04  7.31e-03 5.37e-05  1.17e-01    12s
  42   1.73013102e+04 -2.46243064e+04  5.58e-03 3.68e-05  8.10e-02    12s
  43   1.67479274e+04 -1.26148945e+04  4.63e-03 2.52e-05  5.68e-02    13s
  44   1.57646617e+04 -9.25520577e+03  3.40e-03 2.20e-05  4.84e-02    13s
  45   1.50207483e+04 -3.58342817e+03  2.59e-03 2.09e-05  3.60e-02    13s
  46   1.44177171e+04 -1.66962637e+02  2.03e-03 2.73e-05  2.82e-02    13s
  47   1.38155696e+04  2.45332984e+03  1.54e-03 2.57e-05  2.20e-02    13s
  48   1.34341898e+04  3.91077536e+03  1.26e-03 2.22e-05  1.84e-02    13s
  49   1.31599541e+04  4.97532145e+03  1.08e-03 2.02e-05  1.58e-02    13s
  50   1.28281502e+04  5.95988807e+03  8.81e-04 2.21e-05  1.33e-02    13s
  51   1.27109911e+04  6.73330431e+03  8.16e-04 2.08e-05  1.16e-02    13s
  52   1.25846761e+04  7.16183689e+03  7.49e-04 2.67e-05  1.05e-02    13s
  53   1.23676877e+04  7.66702088e+03  6.34e-04 2.24e-05  9.08e-03    13s
  54   1.22390830e+04  8.08561233e+03  5.67e-04 2.30e-05  8.03e-03    13s
  55   1.20913939e+04  8.69975969e+03  4.91e-04 4.69e-05  6.55e-03    13s
  56   1.19430804e+04  8.96941084e+03  4.13e-04 4.39e-05  5.75e-03    13s
  57   1.18457266e+04  9.29900404e+03  3.60e-04 3.75e-05  4.92e-03    14s
  58   1.18188874e+04  9.35414251e+03  3.47e-04 3.63e-05  4.76e-03    14s
  59   1.16704632e+04  9.55290797e+03  2.72e-04 3.20e-05  4.09e-03    14s
  60   1.15871887e+04  9.79241994e+03  2.30e-04 2.70e-05  3.47e-03    14s
  61   1.15337561e+04  1.00016112e+04  2.05e-04 2.23e-05  2.96e-03    14s
  62   1.14518494e+04  1.01146558e+04  1.68e-04 1.99e-05  2.58e-03    14s
  63   1.13770430e+04  1.02346191e+04  1.36e-04 1.73e-05  2.21e-03    14s
  64   1.13519948e+04  1.04527242e+04  1.25e-04 1.26e-05  1.74e-03    14s
  65   1.12401831e+04  1.05567728e+04  7.63e-05 1.04e-05  1.32e-03    14s
  66   1.11810947e+04  1.06446521e+04  5.15e-05 8.55e-06  1.04e-03    14s
  67   1.11540840e+04  1.07521510e+04  4.18e-05 6.26e-06  7.77e-04    15s
  68   1.11341328e+04  1.08048598e+04  3.45e-05 5.07e-06  6.36e-04    15s
  69   1.11149801e+04  1.08637756e+04  2.77e-05 3.96e-06  4.85e-04    15s
  70   1.10876030e+04  1.09071790e+04  1.82e-05 2.92e-06  3.49e-04    15s
  71   1.10791669e+04  1.09364441e+04  1.54e-05 2.48e-06  2.76e-04    15s
  72   1.10589553e+04  1.09573431e+04  8.86e-06 1.88e-06  1.96e-04    15s
  73   1.10533154e+04  1.09877326e+04  7.08e-06 9.73e-07  1.27e-04    15s
  74   1.10399047e+04  1.10063618e+04  3.03e-06 5.17e-07  6.48e-05    16s
  75   1.10332483e+04  1.10188031e+04  1.15e-06 3.88e-07  2.79e-05    16s
  76   1.10314880e+04  1.10242347e+04  6.96e-07 3.07e-07  1.40e-05    16s
  77   1.10298275e+04  1.10250722e+04  2.61e-07 2.47e-07  9.19e-06    16s
  78   1.10292669e+04  1.10273816e+04  1.23e-07 9.02e-08  3.64e-06    16s
  79   1.10290258e+04  1.10280370e+04  6.48e-08 5.66e-08  1.91e-06    16s
  80   1.10288514e+04  1.10283870e+04  2.54e-08 3.27e-08  8.97e-07    16s
  81   1.10287713e+04  1.10286340e+04  8.90e-09 1.25e-08  2.65e-07    16s
  82   1.10287554e+04  1.10286451e+04  5.53e-09 1.12e-08  2.13e-07    16s
  83   1.10287345e+04  1.10287139e+04  1.61e-09 3.17e-09  3.99e-08    17s
  84   1.10287271e+04  1.10287255e+04  6.24e-10 2.47e-09  3.07e-09    17s
  85   1.10287270e+04  1.10287270e+04  6.15e-10 2.35e-10  1.84e-11    17s

Barrier solved model in 85 iterations and 16.76 seconds (17.23 work units)
Optimal objective 1.10287270e+04


Root crossover log...

   59064 DPushes remaining with DInf 0.0000000e+00                17s
       0 DPushes remaining with DInf 0.0000000e+00                17s

   36208 PPushes remaining with PInf 1.6247925e-05                17s
       0 PPushes remaining with PInf 0.0000000e+00                19s

  Push phase complete: Pinf 0.0000000e+00, Dinf 2.4451781e-11     19s


Root simplex log...

Iteration    Objective       Primal Inf.    Dual Inf.      Time
   92759    1.1028727e+04   0.000000e+00   0.000000e+00     19s
Crossover time: 2.40 seconds (3.39 work units)
Concurrent spin time: 2.17s (can be avoided by choosing Method=3)

Solved with barrier
   92759    1.1028727e+04   0.000000e+00   0.000000e+00     21s

Root relaxation: objective 1.102873e+04, 92759 iterations, 16.30 seconds (14.04 work units)

    Nodes    |    Current Node    |     Objective Bounds      |     Work
 Expl Unexpl |  Obj  Depth IntInf | Incumbent    BestBd   Gap | It/Node Time

     0     0 11028.7270    0 1777 14511.5303 11028.7270  24.0%     -   25s
H    0     0                    11069.643876 11028.7270  0.37%     -   29s
     0     0 11028.7519    0 1724 11069.6439 11028.7519  0.37%     -   34s
     0     0 11028.8563    0 1497 11069.6439 11028.8563  0.37%     -   40s
     0     0 11028.8563    0 1497 11069.6439 11028.8563  0.37%     -   41s
     0     0 11028.8563    0 1515 11069.6439 11028.8563  0.37%     -   44s
     0     0 11028.8563    0 1468 11069.6439 11028.8563  0.37%     -   46s
     0     0 11028.8563    0 1468 11069.6439 11028.8563  0.37%     -   49s
     0     0 11028.8563    0 1468 11069.6439 11028.8563  0.37%     -   49s
     0     0 11028.8563    0 1468 11069.6439 11028.8563  0.37%     -   50s
     0     0 11028.8563    0 1468 11069.6439 11028.8563  0.37%     -   54s
     0     0 11028.8563    0 1351 11069.6439 11028.8563  0.37%     -   55s
     0     0 11028.8563    0 1396 11069.6439 11028.8563  0.37%     -   57s
     0     0 11028.8563    0 1394 11069.6439 11028.8563  0.37%     -   60s
     0     0 11028.8563    0 1334 11069.6439 11028.8563  0.37%     -   61s
     0     0 11028.8563    0 1333 11069.6439 11028.8563  0.37%     -   63s
     0     0 11028.8563    0 1329 11069.6439 11028.8563  0.37%     -   65s
     0     0 11028.8563    0 1329 11069.6439 11028.8563  0.37%     -   66s
     0     0 11028.8563    0 1329 11069.6439 11028.8563  0.37%     -   67s
     0     0 11028.8563    0 1329 11069.6439 11028.8563  0.37%     -   70s
     0     0 11028.8563    0 1329 11069.6439 11028.8563  0.37%     -   71s
     0     0 11028.8563    0 1329 11069.6439 11028.8563  0.37%     -   71s
     0     0 11028.8563    0 1329 11069.6439 11028.8563  0.37%     -   72s
H    0     0                    11047.517254 11028.8563  0.17%     -   77s
     0     2 11028.8563    0 1329 11047.5173 11028.8563  0.17%     -   79s
     1     4 11028.8670    1 1152 11047.5173 11028.8670  0.17%   330   84s
     3     8 11028.9521    2 1164 11047.5173 11028.8670  0.17%  4004   88s
     7    16 11029.1084    3 1135 11047.5173 11028.8670  0.17%  3592   95s
    15    28 11029.3916    4 1094 11047.5173 11028.8670  0.17%  2406  107s
H   27    40                    11047.492080 11028.8670  0.17%  2515  118s
H   32    40                    11047.446885 11028.8670  0.17%  2634  118s
    39    87 11029.5182    6 1041 11047.4469 11028.8670  0.17%  2963  128s
    86   120 11029.8047    8 1076 11047.4469 11028.8670  0.17%  1898  139s
   119   160 11029.6443    9 1030 11047.4469 11028.8670  0.17%  1790  152s
   159   179 11029.5248   11  948 11047.4469 11028.8670  0.17%  1929  181s
H  164   179                    11047.408181 11028.8670  0.17%  1960  181s
   178   230 11029.5248   12  951 11047.4082 11028.8670  0.17%  2116  213s
   229   242 11030.5551   17 1110 11047.4082 11028.8670  0.17%  2244  300s
   241   254 11031.5923   17  780 11047.4082 11028.8670  0.17%  2263  392s
   253   271 11030.6324   18  957 11047.4082 11028.8670  0.17%  2306  466s
   270   445 11032.8733   19  802 11047.4082 11028.8670  0.17%  2354  538s
H  390   445                    11044.387334 11028.8670  0.14%  2245  538s
   444   579 11032.4065   27  932 11044.3873 11028.8670  0.14%  2240  598s
   588   630 11035.1494   34  919 11044.3873 11028.8670  0.14%  2484  646s
H  591   630                    11039.822875 11028.8670  0.10%  2480  646s
H  595   630                    11039.697122 11028.8670  0.10%  2466  646s
   644   748 11038.6206   37  562 11039.6971 11028.8691  0.10%  2599  718s
   834   824 11034.7705   13  826 11039.6971 11028.8691  0.10%  2628  781s
  1036  1000 11038.8546   22  685 11039.6971 11028.8691  0.10%  2607  837s
H 1294   953                    11039.494945 11028.8691  0.10%  2430  905s
  1317  1127     cutoff   52      11039.4949 11028.8691  0.10%  2404  965s
  1647  1463 11029.9097    9  908 11039.4949 11029.0143  0.09%  2135 1021s
  2076  1736 11038.8127   66  134 11039.4949 11029.1222  0.09%  1847 1069s
H 2458  1551                    11039.225372 11029.1511  0.09%  1678 1116s
H 2458  1076                    11038.695366 11029.1511  0.09%  1678 1117s
  2459  1053 11032.7658   13 1329 11038.6954 11029.1511  0.09%  1678 1215s
  2461  1054 11038.5119   24 2050 11038.6954 11029.1511  0.09%  1676 1235s
  2462  1055 11031.5709   17 2162 11038.6954 11029.1511  0.09%  1676 1251s
  2463  1056 11029.8680   12 2177 11038.6954 11029.1511  0.09%  1675 1256s
  2465  1057 11037.9984   18 1653 11038.6954 11029.1511  0.09%  1674 1269s
  2466  1058 11029.8637   17 1653 11038.6954 11029.1511  0.09%  1673 1275s
  2467  1061 11029.5536   10 1721 11038.6954 11029.1511  0.09%  1730 1281s
  2469  1065 11029.7924   11 1736 11038.6954 11029.1511  0.09%  1731 1285s
  2473  1071 11029.9461   12 1706 11038.6954 11029.2307  0.09%  1734 1290s
  2481  1081 11030.6790   13 1741 11038.6954 11029.6964  0.08%  1743 1299s
  2493  1095 11034.8392   14 1475 11038.6954 11029.9195  0.08%  1747 1313s
  2513  1098 11038.0870   15 1223 11038.6954 11029.9468  0.08%  1764 1327s
  2529  1119 11034.8999   16 1532 11038.6954 11029.9689  0.08%  1778 1338s
  2559  1118     cutoff   18      11038.6954 11029.9689  0.08%  1787 1359s
  2572  1113     cutoff   19      11038.6954 11029.9689  0.08%  1817 1381s
  2610  1103 11033.6101   16 1386 11038.6954 11030.1085  0.08%  1843 1391s
  2648  1110 11036.5338   17 1161 11038.6954 11030.1085  0.08%  1849 1404s
  2684  1113 11032.8798   15 1281 11038.6954 11030.2218  0.08%  1845 1414s
  2731  1113 11035.5055   16 1220 11038.6954 11030.3511  0.08%  1842 1422s
  2757  1125     cutoff   18      11038.6954 11030.3511  0.08%  1840 1434s
  2794  1144     cutoff   18      11038.6954 11030.3511  0.08%  1827 1444s
  2840  1158 11038.5812   17 1034 11038.6954 11030.5044  0.07%  1817 1453s
  2899  1171 11035.5254   16 1091 11038.6954 11030.5044  0.07%  1803 1465s
  2954  1180 11038.6104   18  825 11038.6954 11030.6493  0.07%  1789 1477s
  3005  1169 11038.6104   23  858 11038.6954 11030.6868  0.07%  1778 1485s
  3025  1210 11038.6104   24  838 11038.6954 11030.6868  0.07%  1782 1493s
  3096  1189     cutoff   33      11038.6954 11030.6868  0.07%  1757 1540s
  3118  1191 11037.2721   17 1161 11038.6954 11030.6868  0.07%  1753 1590s
  3132  1216     cutoff   18      11038.6954 11030.6868  0.07%  1756 1622s
  3191  1231     cutoff   17      11038.6954 11032.7502  0.05%  1743 1636s
  3266  1269 11037.1952   15 1360 11038.6954 11032.7502  0.05%  1729 1653s
  3366  1247 11038.6234   16 1311 11038.6954 11032.7502  0.05%  1699 1665s
  3454  1223     cutoff   17      11038.6954 11033.3812  0.05%  1679 1680s
  3552  1193 11037.8891   39  603 11038.6954 11033.3812  0.05%  1668 1718s
H 3556  1138                    11038.482768 11033.3812  0.05%  1668 1718s
  3573  1187 11037.8891   40  554 11038.4828 11033.7156  0.04%  1679 1734s
  3692  1221 11037.9043   59  591 11038.4828 11033.7156  0.04%  1647 1751s
  3854  1304 11038.2791  106  395 11038.4828 11033.7156  0.04%  1607 1767s
  4055  1384 11038.2948  130  319 11038.4828 11033.7156  0.04%  1546 1785s
  4336  1464 11038.2954  157  293 11038.4828 11033.7156  0.04%  1455 1800s

Cutting planes:
  Gomory: 13
  Cover: 2
  Implied bound: 4
  MIR: 30
  Flow cover: 243
  Relax-and-lift: 8

Explored 4588 nodes (6477042 simplex iterations) in 1800.74 seconds (1951.88 work units)
Thread count was 24 (of 24 available processors)

Solution count 10: 11038.5 11038.7 11038.7 ... 11044.4

Time limit reached
Best objective 1.103848276756e+04, best bound 1.103371559496e+04, gap 0.0432%
