
Cluster assignments:
Cluster 0 (represented by Day 25): [ 1 12 17 21 25 26 27 28]... (total 8 days)
Cluster 1 (represented by Day 4): [ 2  3  4  5  6  7  8  9 10 11]... (total 23 days)
[reserve] pi_res = 56 EUR/MW.h (daily mean of fcrn_dk2_56 hourly prices), 1h blocks
[reserve] c_min_G = 0.15 (electrolyzer min load / els_cap); literature 0.1-0.16 -> OK
[reserve] c_sb_G = 0.01 (electrolyzer standby draw / els_cap); literature 0.025-0.05 -> OUT OF RANGE
✓ spring  :  92 days | Mean: 1 MWh | RMSE range: 0.0-0.2 MWh
✓ summer  :  92 days | Mean: 1 MWh | RMSE range: 0.0-0.3 MWh
✓ fall    :  91 days | Mean: 1 MWh | RMSE range: 0.0-0.2 MWh
✓ winter  :  90 days | Mean: 1 MWh | RMSE range: 0.0-0.1 MWh

=== 60p_reserve_peak_day24_S20_seed0_grb_direct-gurobi_kl0.0960365_dual_ndw_rsc0.303571_main: n=60, |T|=24, |Omega|=20 ===

[1] extensive form (DP_N^Omega)
Set parameter Username
Set parameter LicenseID to value 2742039
Academic license - for non-commercial use only - expires 2026-11-20
Set parameter OutputFlag to value 1
Set parameter LogToConsole to value 0
  obj 14435.434028  status timelimit  gap 2.73e-04  1801.1s  vars 343244
  KL r=0.0960365: worst case 14435.434028 vs expected 13956.769917; 1 MILP solve(s); rho* 0.060 0.049 0.108 0.054 0.019 0.057 0.058 0.034 0.070 0.048 0.038 0.073 0.018 0.090 0.029 0.051 0.033 0.026 0.048 0.037 (KL 0.0960)
    round 1: MIPGap 1e-04  1800.7s  4985 nodes  psi-bound 2.73e-04  psi-incumbent 5.19e-05

[2] column generation (DWR_N^Omega)
  seed columns: largest carrier-row residual 3.91e-14 (repaired)
  CG   25 | RMP    13690.5805 | LB    13693.6497 | UB           inf | a 1.00 std      | min rc  0.0000e+00 | +0  [round] | lp 0.79s solver 0.74s 3219 it 19965 cols 629977 nz
  -- penalty round 1: eps 0.2 delta 0.2 RMP 13690.5805 LB 13693.6497 UB 14435.4340 gap 5.14e-02 [round] 51s
  CG   50 | RMP    14427.3397 | LB    14374.5558 | UB    14435.4340 | a 0.10 smooth   | min rc -1.5852e+00 | +83 | lp 0.97s solver 0.94s 3483 it 22252 cols 756210 nz
  CG   73 | RMP    14425.0428 | LB    14424.7138 | UB    14435.4340 | a 1.00 std      | min rc  0.0000e+00 | +0  [round] | lp 1.86s solver 1.83s 4332 it 24622 cols 813473 nz
  -- penalty round 2: eps 0.05 delta 0.05 RMP 14425.0428 LB 14424.7138 UB 14435.4340 gap 7.43e-04 [round] 361s
  CG   75 | RMP    14434.1092 | LB    14425.8640 | UB    14435.4340 | a 0.10 smooth   | min rc -1.2870e+00 | +49 | lp 2.23s solver 2.18s 5964 it 24885 cols 826604 nz
  CG  100 | RMP    14432.5913 | LB    14432.5589 | UB    14435.4340 | a 0.10 smooth   | min rc -8.7867e-02 | +12 +1cut | lp 0.29s solver 0.24s 662 it 28423 cols 990208 nz
  CG  101 | RMP    14432.5842 | LB    14432.5589 | UB    14435.4340 | a 1.00 std      | min rc  0.0000e+00 | +0  [round] | lp 1.68s solver 1.64s 3690 it 27696 cols 948364 nz
  -- penalty round 3: eps 0.0125 delta 0.0125 RMP 14432.5842 LB 14432.5589 UB 14435.4340 gap 1.99e-04 [round] 603s
  CG  118 | RMP    14433.3713 | LB    14433.2857 | UB    14435.4340 | a 0.10 misprice | min rc -6.6720e-08 | +0  [round] | lp 0.94s solver 0.89s 1895 it 29326 cols 1038301 nz
  -- penalty round 4: eps 0.00313 delta 0.00313 RMP 14433.3713 LB 14433.2857 UB 14435.4340 gap 1.49e-04 [round] 781s
  CG  125 | RMP    14433.4949 | LB    14433.3942 | UB    14435.4340 | a 0.10 smooth   | min rc -9.7902e-03 | +3 | lp 0.37s solver 0.31s 669 it 29823 cols 1059309 nz
  CG  127 | RMP    14433.4946 | LB    14433.4083 | UB    14435.4340 | a 1.00 std      | min rc  0.0000e+00 | +0  [round] | lp 0.84s solver 0.79s 1510 it 29944 cols 1066335 nz
  -- penalty round 5: eps 0.000781 delta 0.000781 RMP 14433.4946 LB 14433.4083 UB 14435.4340 gap 1.40e-04 [round] 850s
  CG  130 | RMP    14433.5178 | LB    14433.4311 | UB    14435.4340 | a 1.00 std      | min rc  0.0000e+00 | +0  [round] | lp 0.76s solver 0.72s 1609 it 30150 cols 1077170 nz
  -- penalty round 6: eps 0.000195 delta 0.000195 RMP 14433.5178 LB 14433.4311 UB 14435.4340 gap 1.39e-04 [round] 876s
  CG  131 | RMP    14433.5223 | LB    14433.4311 | UB    14433.5234 | a 1.00 std      | min rc  0.0000e+00 | +0  [done] | lp 2.12s solver 2.06s 4139 it 30150 cols 1077170 nz
  -- penalty round 7: eps 0 delta 0 RMP 14433.5223 LB 14433.4311 UB 14433.5234 gap 6.39e-06 [done] 878s
  obj 14433.523402  LB 14433.431125  gap 6.39e-06  iters 131  878.3s  rounds 7  status optimal
  KL r=0.0960365: 960 tangent planes; rho* 0.060 0.049 0.108 0.054 0.019 0.056 0.058 0.034 0.070 0.048 0.038 0.073 0.018 0.090 0.029 0.051 0.033 0.026 0.048 0.037 (KL 0.0960)
  time: master LP 184.6s  pricing 681.3s (125388 MILPs, 8 worker(s))

[3] robust Owen allocation
  omega_LR,rob 2.002285  eps_LR 0.033371  certified [-2.024189, 2.002903]
  EF slack 3.9348 = 196% of the reported omega  (> 10%: use --table for a table run)
  checks: budget 0.00e+00  duality -6.18e-04  pricing 0.00e+00

[4] stand-alone values val(DP_{j}^Omega)
   player         Owen        E[x*]        alone       chi^LR
       u1    1005.3642    1005.3308     683.8253     321.5056
       u2      50.0016      49.9682      -0.0000      49.9682
       u3     590.5524     590.5191     264.2139     326.3052
       u4    -791.8547    -791.8881    -827.5375      35.6495
       u5    -421.0591    -421.0925    -530.2696     109.1771
       u6   -1129.1800   -1129.2133   -1195.3424      66.1290
       u7     466.8169     466.7835     310.8500     155.9335
       u8      63.2325      63.1991      -0.0000      63.1991
       u9     594.3129     594.2795     264.2139     330.0656
      u10     568.5684     568.5350     428.9030     139.6320
      u11     114.9282     114.8948      90.5729      24.3220
      u12    -691.0995    -691.1328    -726.4736      35.3408
      u13    -403.3381    -403.3715    -506.8669     103.4955
      u14    -920.3623    -920.3956    -981.7091      61.3135
      u15   -1882.9222   -1882.9556   -1969.3211      86.3655
      u16     714.0186     713.9852     461.5577     252.4275
      u17     452.0661     452.0327     262.4349     189.5979
      u18      83.1007      83.0673      -0.0000      83.0673
      u19      10.0010       9.9676      -0.0000       9.9676
      u20     594.3129     594.2795     264.2139     330.0656
      u21     203.5883     203.5550     154.7189      48.8360
      u22     172.3923     172.3590     135.8593      36.4997
      u23    -731.7086    -731.7420    -779.8161      48.0741
      u24    -918.3358    -918.3692    -955.4947      37.1255
      u25    -795.3171    -795.3505    -829.5039      34.1534
      u26    -113.6858    -113.7192    -233.3283     119.6091
      u27    -210.4437    -210.4771    -263.5442      53.0671
      u28    -913.9362    -913.9696    -987.0030      73.0334
      u29    -666.0281    -666.0615    -720.8022      54.7407
      u30    -335.9526    -335.9860    -357.8993      21.9133
      u31    1160.4471    1160.4137     772.4944     387.9193
      u32      90.0023      89.9689      -0.0000      89.9689
      u33     413.3867     413.3533     184.9497     228.4036
      u34    -785.4618    -785.4952    -815.1487      29.6535
      u35    -420.4076    -420.4410    -530.5642     110.1233
      u36   -1093.1130   -1093.1464   -1155.7517      62.6054
      u37     394.4010     394.3677     280.6273     113.7403
      u38      53.5457      53.5123      -0.0000      53.5123
      u39     771.4786     771.4452     343.4780     427.9672
      u40     831.4152     831.3818     655.6352     175.7466
      u41    -232.1751    -232.2085    -362.6444     130.4359
      u42    -611.9399    -611.9733    -660.4983      48.5250
      u43    -411.9288    -411.9622    -520.4030     108.4408
      u44    -397.3081    -397.3415    -534.8102     137.4687
      u45   -1902.8779   -1902.9112   -1988.8382      85.9270
      u46    1264.1208    1264.0874     817.0320     447.0554
      u47     210.6339     210.6005     121.6826      88.9180
      u48      34.2929      34.2595      -0.0000      34.2595
      u49      80.0021      79.9687      -0.0000      79.9687
      u50     535.2576     535.2243     237.7925     297.4318
      u51     385.7646     385.7312     283.5980     102.1332
      u52    -309.7931    -309.8264    -381.8849      72.0584
      u53   -1492.4492   -1492.4826   -1660.7805     168.2979
      u54   -1862.1816   -1862.2150   -1937.5962      75.3812
      u55   -1878.4828   -1878.5162   -1973.4242      94.9080
      u56    -125.6126    -125.6459    -346.0526     220.4066
      u57    -414.9066    -414.9400    -517.9189     102.9789
      u58   -1222.7781   -1222.8114   -1346.0771     123.2656
      u59   -1144.7489   -1144.7823   -1270.4904     125.7081
      u60   -1110.0481   -1110.0815   -1179.7308      69.6494

wrote ieee_owen\weak_eps_experiment\stochastic\main17_xi\60p_reserve_peak_day24_S20_seed0_grb_direct-gurobi_kl0.0960365_dual_ndw_rsc0.303571_main.json
