
Cluster assignments:
Cluster 0 (represented by Day 25): [ 1 12 17 21 25 26 27 28]... (total 8 days)
Cluster 1 (represented by Day 4): [ 2  3  4  5  6  7  8  9 10 11]... (total 23 days)
[reserve] pi_res = 56 EUR/MW.h (daily mean of fcrn_dk2_56 hourly prices), 1h blocks
[reserve] c_min_G = 0.15 (electrolyzer min load / els_cap); literature 0.1-0.16 -> OK
[reserve] c_sb_G = 0.01 (electrolyzer standby draw / els_cap); literature 0.025-0.05 -> OUT OF RANGE
✓ spring  :  92 days | Mean: 1 MWh | RMSE range: 0.0-0.2 MWh
✓ summer  :  92 days | Mean: 1 MWh | RMSE range: 0.0-0.3 MWh
✓ fall    :  91 days | Mean: 1 MWh | RMSE range: 0.0-0.2 MWh
✓ winter  :  90 days | Mean: 1 MWh | RMSE range: 0.0-0.1 MWh

=== 60p_reserve_peak_day9_S20_seed0_grb_direct-gurobi_kl0.0960365_dual_ndw_rsc0.303571_main: n=60, |T|=24, |Omega|=20 ===

[1] extensive form (DP_N^Omega)
Set parameter Username
Set parameter LicenseID to value 2742039
Academic license - for non-commercial use only - expires 2026-11-20
Set parameter OutputFlag to value 1
Set parameter LogToConsole to value 0
  obj 10325.392328  status timelimit  gap 9.18e-04  1800.9s  vars 343244
  KL r=0.0960365: worst case 10325.392328 vs expected 9881.305772; 1 MILP solve(s); rho* 0.063 0.063 0.041 0.080 0.066 0.035 0.019 0.053 0.050 0.093 0.039 0.109 0.046 0.027 0.022 0.039 0.041 0.027 0.046 0.044 (KL 0.0960)
    round 1: MIPGap 1e-04  1800.5s  2710 nodes  psi-bound 9.18e-04  psi-incumbent 8.28e-05

[2] column generation (DWR_N^Omega)
  seed columns: largest carrier-row residual 3.91e-14 (repaired)
  CG   23 | RMP     9577.2582 | LB     9550.4388 | UB           inf | a 1.00 std      | min rc  0.0000e+00 | +0  [round] | lp 0.57s solver 0.54s 2815 it 19513 cols 611826 nz
  -- penalty round 1: eps 0.2 delta 0.2 RMP 9577.2582 LB 9550.4388 UB 10325.3923 gap 7.50e-02 [round] 44s
  CG   25 | RMP    10321.6009 | LB     9692.1160 | UB    10325.3923 | a 0.10 smooth   | min rc -6.6977e+00 | +146 | lp 0.53s solver 0.51s 2942 it 19921 cols 636439 nz
  CG   50 | RMP    10316.1358 | LB    10268.2142 | UB    10325.3923 | a 0.10 smooth   | min rc -2.2142e+00 | +145 | lp 1.48s solver 1.45s 4782 it 23041 cols 780944 nz
  CG   72 | RMP    10313.5278 | LB    10313.6549 | UB    10325.3923 | a 1.00 std      | min rc  0.0000e+00 | +0  [round] | lp 2.60s solver 2.56s 5438 it 25056 cols 867311 nz
  -- penalty round 2: eps 0.05 delta 0.05 RMP 10313.5278 LB 10313.6549 UB 10325.3923 gap 1.14e-03 [round] 342s
  CG   75 | RMP    10323.7840 | LB    10315.4006 | UB    10325.3923 | a 0.10 smooth   | min rc -7.3810e-01 | +58 | lp 2.36s solver 2.33s 5943 it 25751 cols 902775 nz
  CG  100 | RMP    10322.5397 | LB    10322.2872 | UB    10325.3923 | a 0.10 smooth   | min rc -7.1195e-02 | +82 | lp 4.12s solver 4.07s 7511 it 30759 cols 1147719 nz
  CG  102 | RMP    10322.5268 | LB    10322.3938 | UB    10325.3923 | a 1.00 std      | min rc  0.0000e+00 | +0  [round] | lp 1.99s solver 1.94s 3563 it 30105 cols 1110159 nz
  -- penalty round 3: eps 0.0125 delta 0.0125 RMP 10322.5268 LB 10322.3938 UB 10325.3923 gap 2.90e-04 [round] 592s
  CG  124 | RMP    10323.4634 | LB    10323.3845 | UB    10325.3923 | a 1.00 std      | min rc  0.0000e+00 | +0  [round] | lp 4.15s solver 4.10s 6725 it 32981 cols 1271045 nz
  -- penalty round 4: eps 0.00313 delta 0.00313 RMP 10323.4634 LB 10323.3845 UB 10325.3923 gap 1.94e-04 [round] 787s
  CG  125 | RMP    10323.5970 | LB    10323.4021 | UB    10325.3923 | a 0.10 smooth   | min rc -2.5579e-02 | +25 | lp 13.71s solver 13.66s 21445 it 32981 cols 1271045 nz
  CG  135 | RMP    10323.5943 | LB    10323.5121 | UB    10325.3923 | a 1.00 std      | min rc  0.0000e+00 | +0  [round] | lp 0.88s solver 0.82s 1413 it 33654 cols 1308731 nz
  -- penalty round 5: eps 0.000781 delta 0.000781 RMP 10323.5943 LB 10323.5121 UB 10325.3923 gap 1.82e-04 [round] 879s
  CG  139 | RMP    10323.6141 | LB    10323.5315 | UB    10325.3923 | a 1.00 std      | min rc  0.0000e+00 | +0  [round] | lp 3.13s solver 3.07s 4802 it 34373 cols 1343918 nz
  -- penalty round 6: eps 0.000195 delta 0.000195 RMP 10323.6141 LB 10323.5315 UB 10325.3923 gap 1.80e-04 [round] 924s
  CG  140 | RMP    10323.6182 | LB    10323.5315 | UB    10323.6203 | a 1.00 std      | min rc  0.0000e+00 | +0  [done] | lp 1.66s solver 1.60s 2731 it 34373 cols 1343918 nz
  -- penalty round 7: eps 0 delta 0 RMP 10323.6182 LB 10323.5315 UB 10323.6203 gap 8.60e-06 [done] 926s
  obj 10323.620289  LB 10323.531495  gap 8.60e-06  iters 140  926.5s  rounds 7  status optimal
  KL r=0.0960365: 980 tangent planes; rho* 0.063 0.063 0.041 0.080 0.066 0.035 0.019 0.053 0.050 0.092 0.039 0.109 0.046 0.027 0.022 0.039 0.041 0.027 0.046 0.044 (KL 0.0960)
  time: master LP 335.9s  pricing 576.2s (129276 MILPs, 8 worker(s))

[3] robust Owen allocation
  omega_LR,rob 1.859998  eps_LR 0.031000  certified [-7.710929, 1.860833]
  EF slack 9.4830 = 510% of the reported omega  (> 10%: use --table for a table run)
  checks: budget 0.00e+00  duality -8.35e-04  pricing 0.00e+00

[4] stand-alone values val(DP_{j}^Omega)
   player         Owen        E[x*]        alone       chi^LR
       u1    1778.2487    1778.2177    1144.0806     634.1371
       u2      56.2610      56.2300      -0.0000      56.2300
       u3     581.8236     581.7926     260.7559     321.0367
       u4    -816.7995    -816.8305    -856.0723      39.2418
       u5    -419.6236    -419.6546    -524.7101     105.0556
       u6   -1108.8158   -1108.8468   -1186.4177      77.5709
       u7     438.6162     438.5852     293.5817     145.0035
       u8      68.4623      68.4313      -0.0000      68.4313
       u9     585.5841     585.5531     260.7559     324.7971
      u10     965.1383     965.1073     719.9411     245.1662
      u11     107.7321     107.7011      91.4966      16.2045
      u12    -694.1924    -694.2234    -735.5071      41.2837
      u13    -406.4696    -406.5006    -507.8059     101.3053
      u14    -920.4951    -920.5261    -980.5761      60.0500
      u15   -1883.0631   -1883.0941   -1984.7189     101.6248
      u16    1341.8445    1341.8135     834.2823     507.5312
      u17     434.5911     434.5601     250.7101     183.8500
      u18      89.4170      89.3860      -0.0000      89.3860
      u19      13.7566      13.7256      -0.0000      13.7256
      u20     585.5841     585.5531     260.7559     324.7971
      u21     201.7710     201.7400     150.4569      51.2832
      u22     161.5982     161.5672     137.2449      24.3223
      u23    -734.2825    -734.3135    -786.7962      52.4827
      u24    -929.7271    -929.7581    -977.6153      47.8572
      u25    -807.9323    -807.9633    -849.8931      41.9298
      u26    -118.0398    -118.0708    -235.5819     117.5111
      u27    -206.5703    -206.6013    -256.3062      49.7049
      u28    -912.9999    -913.0309   -1001.8629      88.8320
      u29    -679.4640    -679.4950    -739.4788      59.9838
      u30    -329.3080    -329.3390    -352.4264      23.0874
      u31    2109.0087    2108.9777    1342.2266     766.7511
      u32      98.7653      98.7343      -0.0000      98.7343
      u33     407.2765     407.2455     182.5292     224.7164
      u34    -786.7295    -786.7605    -821.2487      34.4882
      u35    -417.2479    -417.2789    -522.0427     104.7638
      u36   -1100.0787   -1100.1097   -1173.9642      73.8545
      u37     371.3759     371.3449     268.3293     103.0156
      u38      58.1691      58.1381      -0.0000      58.1381
      u39     760.1312     760.1002     338.9827     421.1174
      u40    1375.6580    1375.6270    1054.5997     321.0274
      u41    -270.0358    -270.0668    -400.6127     130.5459
      u42    -625.3106    -625.3416    -682.9467      57.6051
      u43    -405.1195    -405.1505    -511.9727     106.8221
      u44    -383.3867    -383.4177    -526.4102     142.9925
      u45   -1913.8811   -1913.9121   -2016.8558     102.9437
      u46    2355.3978    2355.3668    1470.4247     884.9420
      u47     198.3916     198.3606     113.3559      85.0047
      u48      37.5614      37.5304      -0.0000      37.5304
      u49      88.1392      88.1082      -0.0000      88.1082
      u50     527.4017     527.3707     234.6804     292.6904
      u51     367.5584     367.5274     267.5101     100.0173
      u52    -342.9615    -342.9925    -410.2671      67.2746
      u53   -1493.4051   -1493.4361   -1673.2726     179.8366
      u54   -1882.3618   -1882.3928   -1972.5244      90.1316
      u55   -1872.4767   -1872.5077   -1970.6967      98.1890
      u56    -139.2134    -139.2444    -349.3489     210.1045
      u57    -414.9804    -415.0114    -519.2212     104.2098
      u58   -1219.2043   -1219.2353   -1353.8880     134.6527
      u59   -1164.5363   -1164.5673   -1288.1616     123.5943
      u60   -1090.0837   -1090.1147   -1172.3090      82.1943

wrote ieee_owen\weak_eps_experiment\stochastic\main17_xi\60p_reserve_peak_day9_S20_seed0_grb_direct-gurobi_kl0.0960365_dual_ndw_rsc0.303571_main.json
