
Gurobi 13.0.1 (win64) logging started Sat Oct 10 11:25:06 2026

Set parameter LogFile to value "ieee_owen\weak_eps_experiment\stochastic\main17_xi\logs\n60_S20_day3_ef_improve_gurobi.log"
Set parameter NodefileStart to value 3
Set parameter MIPFocus to value 1
Set parameter TimeLimit to value 3600
Set parameter BestObjStop to value 1.2944545486410902e+04
Set parameter MIPGap to value 0
Gurobi Optimizer version 13.0.1 build v13.0.1rc0 (win64 - Windows 10.0 (19045.2))

CPU model: AMD Ryzen 9 5900X 12-Core Processor, instruction set [SSE2|AVX|AVX2]
Thread count: 12 physical cores, 24 logical processors, using up to 24 threads

Non-default parameters:
TimeLimit  3600
BestObjStop  1.2944545486410902e+04
MIPGap  0
MIPFocus  1
NodefileStart  3
LogToConsole  0

Optimize a model with 340084 rows, 343286 columns and 1462420 nonzeros (Min)
Model fingerprint: 0x56624a8d
Model has 22 linear objective coefficients
Variable types: 289046 continuous, 54240 integer (54240 binary)
Coefficient statistics:
  Matrix range     [3e-04, 2e+02]
  Objective range  [5e-02, 1e+00]
  Bounds range     [1e-02, 6e+01]
  RHS range        [5e-02, 2e+01]

User MIP start produced solution with objective 12947.3 (0.18s)
User MIP start produced solution with objective 12947.3 (0.23s)
Loaded user MIP start with objective 12947.3

Presolve removed 152109 rows and 125330 columns
Presolve time: 3.38s
Presolved: 187975 rows, 217956 columns, 746110 nonzeros
Variable types: 169081 continuous, 48875 integer (48874 binary)
Deterministic concurrent LP optimizer: primal simplex, dual simplex, and barrier
Showing barrier log only...

Root barrier log...

Ordering time: 1.44s
Ordering time: 1.63s

Barrier statistics:
 Dense cols : 567
 Free vars  : 41
 AA' NZ     : 6.359e+05
 Factor NZ  : 3.419e+06 (roughly 180 MB of memory)
 Factor Ops : 5.619e+08 (less than 1 second per iteration)
 Threads    : 10

                  Objective                Residual
Iter       Primal          Dual         Primal    Dual     Compl     Time
   0   1.70543935e+00 -2.22097888e+04  4.88e+03 6.40e+01  1.65e+00     7s
   1  -2.63682267e+04 -2.24738740e+04  4.85e+03 5.75e+01  1.66e+00     7s
   2   9.91627570e+04 -2.24083162e+04  4.56e+03 5.23e+01  1.64e+00     7s
   3   7.04514109e+04 -2.35457169e+04  3.26e+03 4.56e+01  1.30e+00     7s
   4  -1.40325621e+04 -2.39215319e+04  2.94e+03 3.76e+01  1.24e+00     7s
   5  -1.35063708e+05 -2.29085045e+04  1.81e+03 2.65e+01  7.22e-01     7s
   6  -8.62694878e+04 -1.80475593e+04  9.98e+02 7.32e+00  4.22e-01     7s
   7  -4.84869467e+04 -9.23864743e+03  5.08e+02 2.24e+00  2.07e-01     7s
   8  -3.67304331e+04 -4.58904656e+03  3.99e+02 1.32e+00  1.58e-01     8s
   9  -2.89039806e+04 -2.48923365e+03  3.26e+02 1.01e+00  1.28e-01     8s
  10  -2.19583996e+04 -7.94338812e+02  2.66e+02 8.10e-01  1.05e-01     8s
  11  -1.56297907e+04  1.48146534e+03  2.13e+02 5.75e-01  8.27e-02     8s
  12  -3.72740322e+03  3.69565177e+03  1.14e+02 3.92e-01  4.76e-02     8s
  13   1.39325641e+03  6.42661453e+03  7.28e+01 2.28e-01  2.96e-02     8s
  14   4.43759657e+03  7.41241162e+03  5.13e+01 1.80e-01  2.18e-02     8s
  15   5.72082659e+03  8.19858226e+03  4.29e+01 1.47e-01  1.83e-02     8s
  16   6.12532661e+03  8.59492251e+03  4.04e+01 1.32e-01  1.69e-02     8s
  17   7.07604789e+03  8.96168058e+03  3.42e+01 1.18e-01  1.47e-02     8s
  18   8.07901513e+03  9.51606382e+03  2.71e+01 9.52e-02  1.18e-02     8s
  19   8.50918021e+03  9.96247610e+03  2.42e+01 7.85e-02  1.02e-02     9s
  20   9.15173421e+03  1.05231610e+04  1.99e+01 5.76e-02  8.02e-03     9s
  21   9.67633662e+03  1.09297802e+04  1.65e+01 4.30e-02  6.38e-03     9s
  22   1.02396160e+04  1.11077827e+04  1.29e+01 3.82e-02  5.28e-03     9s
  23   1.02609380e+04  1.12246870e+04  1.27e+01 3.70e-02  5.17e-03     9s
  24   1.02874740e+04  1.15585440e+04  1.26e+01 3.61e-02  5.08e-03     9s
  25   1.02913775e+04  1.15437454e+04  1.26e+01 3.60e-02  5.07e-03     9s
  26   1.03127459e+04  1.15649206e+04  1.25e+01 3.58e-02  5.03e-03     9s
  27   1.03880599e+04  1.14833620e+04  1.21e+01 3.38e-02  4.86e-03    10s
  28   1.06036735e+04  1.15945144e+04  1.11e+01 2.96e-02  4.50e-03    10s
  29   1.11254181e+04  1.19684331e+04  8.90e+00 2.19e-02  3.67e-03    10s
  30   1.14542254e+04  1.20375099e+04  7.24e+00 2.03e-02  3.20e-03    10s
  31   1.18895241e+04  1.23195413e+04  5.06e+00 1.36e-02  2.22e-03    10s
  32   1.21010455e+04  1.23845423e+04  4.00e+00 1.21e-02  1.88e-03    10s
  33   1.24223558e+04  1.25113403e+04  2.48e+00 9.16e-03  1.34e-03    10s
  34   1.25940004e+04  1.25996762e+04  1.64e+00 7.20e-03  9.93e-04    10s
  35   1.26972008e+04  1.26917612e+04  1.14e+00 5.21e-03  7.12e-04    10s
  36   1.27685408e+04  1.27961071e+04  7.98e-01 2.96e-03  4.37e-04    11s
  37   1.28336387e+04  1.28443036e+04  4.85e-01 1.92e-03  2.79e-04    11s
  38   1.28655853e+04  1.28761088e+04  3.34e-01 1.23e-03  1.86e-04    11s
  39   1.28945997e+04  1.28831110e+04  1.95e-01 1.08e-03  1.43e-04    11s
  40   1.29009168e+04  1.28897010e+04  1.65e-01 9.41e-04  1.24e-04    11s
  41   1.29082880e+04  1.28999635e+04  1.30e-01 7.21e-04  9.70e-05    11s
  42   1.29158140e+04  1.29111158e+04  9.39e-02 4.84e-04  6.76e-05    11s
  43   1.29194740e+04  1.29187595e+04  7.62e-02 3.22e-04  4.87e-05    11s
  44   1.29278448e+04  1.29229362e+04  3.51e-02 2.39e-04  3.16e-05    11s
  45   1.29296426e+04  1.29256359e+04  2.62e-02 1.80e-04  2.43e-05    11s
  46   1.29319021e+04  1.29296718e+04  1.51e-02 9.85e-05  1.38e-05    11s
  47   1.29332678e+04  1.29315441e+04  8.14e-03 6.11e-05  8.48e-06    12s
  48   1.29342905e+04  1.29329655e+04  2.92e-03 3.35e-05  4.44e-06    12s
  49   1.29347041e+04  1.29343904e+04  6.64e-04 6.51e-06  1.03e-06    12s
  50   1.29347676e+04  1.29346818e+04  1.62e-04 1.65e-06  2.70e-07    12s
  51   1.29347795e+04  1.29347557e+04  5.29e-05 4.49e-07  7.99e-08    12s
  52   1.29347844e+04  1.29347827e+04  7.10e-06 1.91e-08  7.72e-09    12s
  53   1.29347851e+04  1.29347850e+04  1.86e-08 3.34e-10  4.95e-11    12s

Barrier solved model in 53 iterations and 11.99 seconds (12.05 work units)
Optimal objective 1.29347851e+04


Root crossover log...

   58713 DPushes remaining with DInf 4.0452520e-05                12s
       0 DPushes remaining with DInf 0.0000000e+00                13s

   37785 PPushes remaining with PInf 2.9510860e-05                13s
       0 PPushes remaining with PInf 0.0000000e+00                14s

  Push phase complete: Pinf 0.0000000e+00, Dinf 2.4092749e-11     14s


Root simplex log...

Iteration    Objective       Primal Inf.    Dual Inf.      Time
   83313    1.2934785e+04   0.000000e+00   0.000000e+00     14s
Crossover time: 2.23 seconds (3.06 work units)
Concurrent spin time: 1.04s

Solved with barrier
   83313    1.2934785e+04   0.000000e+00   0.000000e+00     15s

Root relaxation: objective 1.293479e+04, 83313 iterations, 11.30 seconds (9.78 work units)

    Nodes    |    Current Node    |     Objective Bounds      |     Work
 Expl Unexpl |  Obj  Depth IntInf | Incumbent    BestBd   Gap | It/Node Time

     0     0 12934.7851    0 2116 12947.2676 12934.7851  0.10%     -   21s
     0     0 12934.9428    0 1902 12947.2676 12934.9428  0.10%     -   27s
     0     0 12935.1082    0 1864 12947.2676 12935.1082  0.09%     -   30s
     0     0 12935.1218    0 1765 12947.2676 12935.1218  0.09%     -   32s
     0     0 12935.3041    0 1744 12947.2676 12935.3041  0.09%     -   34s
     0     0 12935.3041    0 1745 12947.2676 12935.3041  0.09%     -   35s
     0     0 12935.4382    0 1774 12947.2676 12935.4382  0.09%     -   40s
     0     0 12935.4386    0 1799 12947.2676 12935.4386  0.09%     -   41s
     0     0 12935.4390    0 1800 12947.2676 12935.4390  0.09%     -   46s
     0     0 12935.4390    0 1798 12947.2676 12935.4390  0.09%     -   47s
     0     0 12935.4393    0 1800 12947.2676 12935.4393  0.09%     -   51s
     0     0 12935.4393    0 1798 12947.2676 12935.4393  0.09%     -   52s
     0     0 12935.4395    0 1794 12947.2676 12935.4395  0.09%     -   57s
     0     0 12935.4395    0 1794 12947.2676 12935.4395  0.09%     -   57s
     0     0 12935.4395    0 1652 12947.2676 12935.4395  0.09%     -   59s
H    0     0                    12947.207947 12935.4395  0.09%     -   72s
H    0     0                    12947.201235 12935.4395  0.09%     -   72s
H    0     0                    12947.199402 12935.4395  0.09%     -   72s
     0     2 12935.4395    0 1650 12947.1994 12935.4395  0.09%     -  137s
     3     8 12936.4310    2 1574 12947.1994 12935.4479  0.09%  3450  143s
     7    16 12936.4311    3 1567 12947.1994 12935.4512  0.09%  1862  149s
    15    28 12936.8549    4 1507 12947.1994 12935.4526  0.09%  2244  155s
    27    45 12936.9130    5 1525 12947.1994 12935.4532  0.09%  2575  166s
    44    63 12937.0887    6 1444 12947.1994 12935.4532  0.09%  2655  175s
    62    75 12937.4783    7 1430 12947.1994 12935.4532  0.09%  2124  182s
    74    87 12938.0599    8 1470 12947.1994 12935.4532  0.09%  2068  208s
    86    99 12938.9009    9 1477 12947.1994 12935.4532  0.09%  1985  292s
    98   111 12939.6815   10 1457 12947.1994 12935.4532  0.09%  1926  386s
H  110   123                    12946.946050 12935.4532  0.09%  1976  480s
   122   135 12940.0290   12 1455 12946.9461 12935.4532  0.09%  1950  566s
   134   161 12945.2928   12 1058 12946.9461 12935.4532  0.09%  1935  655s
   160   173 12945.4849   13 1287 12946.9461 12935.4532  0.09%  1959  750s
   172   185 12945.4849   14 1287 12946.9461 12935.4532  0.09%  1966  855s
   184   197 12945.5033   15 1047 12946.9461 12935.4532  0.09%  2057  997s
H  194   197                    12946.907238 12935.4532  0.09%  2055  997s
   196   208 12945.6640   16 1027 12946.9072 12935.4532  0.09%  2050 1118s
H  209   219                    12946.883603 12935.4532  0.09%  2146 1248s
   222   228     cutoff   17      12946.8836 12935.4532  0.09%  2159 1393s
   237   250     cutoff   19      12946.8836 12935.4532  0.09%  2221 1544s
H  242   250                    12946.569421 12935.4532  0.09%  2219 1544s
H  254   250                    12946.069694 12935.4532  0.08%  2206 1544s
   268   375     cutoff   20      12946.0697 12935.4554  0.08%  2143 1672s
H  488   478                    12946.068855 12935.4554  0.08%  2110 1846s
H  527   478                    12946.064026 12935.4683  0.08%  2077 1846s
   622   488 12940.7349   27 1030 12946.0640 12935.4865  0.08%  2124 2056s
H  624   488                    12945.982837 12935.4865  0.08%  2117 2056s
H  627   488                    12945.900807 12935.4865  0.08%  2135 2056s
   635   645 12941.1136   28 1048 12945.9008 12935.4865  0.08%  2165 2206s
H  684   645                    12945.900654 12935.4865  0.08%  2179 2206s
H  932   653                    12945.888873 12935.4865  0.08%  2159 2354s
H  941   653                    12945.888437 12935.4865  0.08%  2170 2354s
H  948   661                    12945.886737 12935.4865  0.08%  2158 2517s
   964   673 12935.8457   11 1538 12945.8867 12935.4865  0.08%  2137 2701s
   976   715 12936.0633   12 1538 12945.8867 12935.4865  0.08%  2154 2876s
H  984   715                    12945.831639 12935.4865  0.08%  2153 2876s
H  996   715                    12945.741698 12935.4865  0.08%  2159 2876s
  1020   709     cutoff   14      12945.7417 12935.4865  0.08%  2195 3070s
H 1025   709                    12945.705581 12935.4865  0.08%  2219 3070s
  1042   965 12939.7655   14 1321 12945.7056 12935.4865  0.08%  2249 3260s
H 1410   971                    12945.690494 12935.4865  0.08%  2257 3600s

Cutting planes:
  Gomory: 53
  Cover: 72
  Implied bound: 34
  MIR: 224
  Flow cover: 650
  Network: 1
  RLT: 2
  Relax-and-lift: 64

Explored 1426 nodes (3364117 simplex iterations) in 3600.51 seconds (3345.15 work units)
Thread count was 24 (of 24 available processors)

Solution count 10: 12945.7 12945.7 12945.7 ... 12946

Time limit reached
Best objective 1.294569049384e+04, best bound 1.293548648224e+04, gap 0.0788%

User-callback calls 68716, time in user-callback 1.61 sec
Set parameter TimeLimit to value 1e+100
Set parameter BestObjStop to value -1e+100
Gurobi Optimizer version 13.0.1 build v13.0.1rc0 (win64 - Windows 10.0 (19045.2))

CPU model: AMD Ryzen 9 5900X 12-Core Processor, instruction set [SSE2|AVX|AVX2]
Thread count: 12 physical cores, 24 logical processors, using up to 24 threads

Non-default parameters:
MIPGap  0
MIPFocus  1
NodefileStart  3
LogToConsole  0

Optimize a model with 340084 rows, 343286 columns and 1462420 nonzeros (Min)
Model fingerprint: 0xfd38d053
Model has 22 linear objective coefficients
Coefficient statistics:
  Matrix range     [3e-04, 2e+02]
  Objective range  [5e-02, 1e+00]
  Bounds range     [1e-02, 6e+01]
  RHS range        [5e-02, 2e+01]

Presolve removed 274886 rows and 249963 columns
Presolve time: 0.43s
Presolved: 65198 rows, 93323 columns, 320447 nonzeros

Concurrent LP optimizer: primal simplex, dual simplex, and barrier
Showing barrier log only...

Ordering time: 0.08s

Barrier statistics:
 Dense cols : 2
 Free vars  : 41
 AA' NZ     : 5.093e+05
 Factor NZ  : 1.644e+06 (roughly 80 MB of memory)
 Factor Ops : 1.975e+08 (less than 1 second per iteration)
 Threads    : 10

                  Objective                Residual
Iter       Primal          Dual         Primal    Dual     Compl     Time
   0   8.77357202e-01 -3.38219472e+03  3.69e+04 2.50e-01  4.13e+01     1s
   1  -1.23677986e+02 -3.27826758e+03  1.00e+04 1.27e-01  1.19e+01     1s
   2  -3.18756458e+05 -3.22011426e+03  9.87e+03 1.25e-01  1.17e+01     1s
   3  -7.01518951e+05 -3.30515205e+03  9.71e+03 1.22e-01  1.23e+01     1s
   4  -8.73580475e+05 -3.61901516e+03  9.52e+03 1.17e-01  1.29e+01     1s
   5  -1.09140774e+06 -4.02044656e+03  9.01e+03 1.12e-01  1.14e+01     1s
   6  -1.01047494e+06 -4.81566742e+03  8.11e+03 1.05e-01  1.10e+01     1s
   7  -9.85864345e+05 -5.74131746e+03  7.28e+03 9.90e-02  9.70e+00     1s
   8  -8.85979084e+05 -6.63688539e+03  6.82e+03 9.18e-02  1.05e+01     1s
   9  -7.20171381e+05 -9.76526466e+03  5.03e+03 6.80e-02  7.79e+00     1s
  10  -3.66091185e+05 -1.34793166e+04  2.54e+03 3.52e-02  5.06e+00     1s
  11  -2.73177555e+05 -1.45527080e+04  1.85e+03 2.28e-02  3.75e+00     1s
  12  -2.37542172e+05 -1.46818175e+04  1.58e+03 1.37e-02  3.27e+00     1s
  13  -1.73743203e+05 -1.42561070e+04  1.13e+03 8.93e-03  2.38e+00     1s
  14  -1.25158822e+05 -1.33096892e+04  7.88e+02 5.59e-03  1.68e+00     1s
  15  -1.09511112e+05 -1.24582986e+04  6.79e+02 4.31e-03  1.45e+00     1s
  16  -9.00622291e+04 -1.15668761e+04  5.44e+02 3.37e-03  1.17e+00     1s
  17  -7.85471087e+04 -1.07588557e+04  4.64e+02 2.90e-03  9.93e-01     1s
  18  -7.25930512e+04 -1.02612035e+04  4.24e+02 2.75e-03  9.07e-01     1s
  19  -6.83340452e+04 -9.55211866e+03  3.95e+02 2.49e-03  8.42e-01     1s
  20  -6.52578520e+04 -8.80276453e+03  3.75e+02 2.27e-03  7.94e-01     2s
  21  -6.35865452e+04 -8.50378036e+03  3.64e+02 2.22e-03  7.73e-01     2s
  22  -5.88985000e+04 -7.55034734e+03  3.33e+02 2.03e-03  7.03e-01     2s
  23  -5.61031635e+04 -6.48773139e+03  3.15e+02 1.86e-03  6.60e-01     2s
  24  -5.38214157e+04 -5.36957430e+03  3.01e+02 1.73e-03  6.27e-01     2s
  25  -5.20333727e+04 -4.69565708e+03  2.90e+02 1.67e-03  6.03e-01     2s
  26  -5.07551900e+04 -4.14379063e+03  2.82e+02 1.61e-03  5.86e-01     2s
  27  -4.93518819e+04 -3.82466571e+03  2.74e+02 1.55e-03  5.68e-01     2s
  28  -4.91614720e+04 -3.11823389e+03  2.73e+02 1.47e-03  5.61e-01     2s
  29  -4.81354178e+04 -2.90781889e+03  2.67e+02 1.43e-03  5.49e-01     2s
  30  -4.67969134e+04 -2.24880285e+03  2.59e+02 1.34e-03  5.30e-01     2s
  31  -4.33745866e+04 -2.20108761e+03  2.40e+02 1.34e-03  4.96e-01     2s
  32  -4.19336798e+04 -1.82885441e+03  2.32e+02 1.26e-03  4.82e-01     2s
  33  -3.87200005e+04 -6.34344050e+02  2.14e+02 9.96e-04  4.39e-01     2s
  34  -3.62183435e+04 -6.11676824e+01  2.01e+02 8.86e-04  4.06e-01     2s
  35  -3.41418832e+04  3.87539586e+02  1.89e+02 8.07e-04  3.79e-01     2s
  36  -3.24503315e+04  7.33247225e+02  1.80e+02 7.50e-04  3.58e-01     2s
  37  -3.16565381e+04  7.82702117e+02  1.76e+02 7.36e-04  3.52e-01     2s
  38  -2.84725814e+04  1.08300273e+03  1.59e+02 6.82e-04  3.15e-01     2s
  39  -2.70725879e+04  1.35328522e+03  1.51e+02 6.24e-04  2.98e-01     2s
  40  -2.46458691e+04  1.56881365e+03  1.38e+02 5.73e-04  2.70e-01     2s
  41  -2.31372180e+04  1.79739061e+03  1.30e+02 5.24e-04  2.53e-01     2s
  42  -2.18404633e+04  1.93124872e+03  1.23e+02 5.01e-04  2.39e-01     2s
  43  -2.11638314e+04  2.04669376e+03  1.20e+02 4.85e-04  2.35e-01     2s
  44  -2.02434957e+04  2.20383325e+03  1.15e+02 4.61e-04  2.29e-01     2s
  45  -1.90705975e+04  2.43154145e+03  1.09e+02 4.26e-04  2.15e-01     2s
  46  -1.85048560e+04  2.48212388e+03  1.07e+02 4.21e-04  2.10e-01     3s
  47  -1.80831216e+04  2.63781754e+03  1.05e+02 4.03e-04  2.07e-01     3s
  48  -1.71613376e+04  2.69141031e+03  1.00e+02 3.99e-04  1.99e-01     3s
  49  -1.66332566e+04  2.79452612e+03  9.76e+01 3.88e-04  1.96e-01     3s
  50  -1.60836354e+04  2.87532995e+03  9.48e+01 3.80e-04  1.91e-01     3s
  51  -1.53500693e+04  2.98807103e+03  9.12e+01 3.69e-04  1.83e-01     3s
  52  -1.48257843e+04  3.06285455e+03  8.87e+01 3.63e-04  1.79e-01     3s
  53  -1.44990067e+04  3.14327755e+03  8.72e+01 3.57e-04  1.78e-01     3s
  54  -1.39198656e+04  3.47105289e+03  8.44e+01 3.24e-04  1.69e-01     3s
  55  -1.37016632e+04  3.59011105e+03  8.34e+01 3.16e-04  1.66e-01     3s
  56  -1.34140105e+04  3.69798558e+03  8.20e+01 3.10e-04  1.64e-01     3s
  57  -1.30219712e+04  3.83875846e+03  8.02e+01 3.00e-04  1.60e-01     3s
  58  -1.23815155e+04  3.96276620e+03  7.72e+01 2.92e-04  1.54e-01     3s
  59  -1.20722061e+04  4.11801415e+03  7.58e+01 2.80e-04  1.50e-01     3s
  60  -1.18469244e+04  4.24489996e+03  7.47e+01 2.72e-04  1.47e-01     3s
  61  -1.14764980e+04  4.32834630e+03  7.31e+01 2.68e-04  1.44e-01     3s
  62  -1.11445226e+04  4.45595389e+03  7.16e+01 2.62e-04  1.41e-01     3s
  63  -1.08453268e+04  4.59032577e+03  7.02e+01 2.55e-04  1.38e-01     3s
  64  -1.05332724e+04  4.65897395e+03  6.88e+01 2.52e-04  1.36e-01     3s
  65  -1.02152182e+04  4.85412844e+03  6.75e+01 2.43e-04  1.33e-01     3s
  66  -9.98703448e+03  4.98622054e+03  6.65e+01 2.37e-04  1.30e-01     3s
  67  -9.69027640e+03  5.12359749e+03  6.52e+01 2.31e-04  1.28e-01     3s
  68  -9.33702150e+03  5.26486180e+03  6.36e+01 2.24e-04  1.25e-01     3s
  69  -8.91663101e+03  5.40597244e+03  6.19e+01 2.19e-04  1.22e-01     3s
  70  -8.32236558e+03  5.55064534e+03  5.94e+01 2.13e-04  1.17e-01     3s
  71  -8.02525517e+03  5.71862522e+03  5.81e+01 2.07e-04  1.14e-01     3s
  72  -7.92178654e+03  5.81161679e+03  5.77e+01 2.04e-04  1.13e-01     3s
  73  -7.79839511e+03  5.92108472e+03  5.72e+01 2.01e-04  1.12e-01     3s
  74  -7.64767135e+03  5.97456258e+03  5.66e+01 1.99e-04  1.11e-01     4s
  75  -7.26047756e+03  6.06159895e+03  5.50e+01 1.96e-04  1.08e-01     4s
  76  -7.13457174e+03  6.21523544e+03  5.45e+01 1.91e-04  1.07e-01     4s
  77  -6.91095288e+03  6.28679195e+03  5.36e+01 1.89e-04  1.05e-01     4s
  78  -6.56243363e+03  6.45399033e+03  5.23e+01 1.85e-04  1.03e-01     4s
  79  -6.35639211e+03  6.56601331e+03  5.15e+01 1.82e-04  1.01e-01     4s
  80  -6.01094877e+03  6.65344473e+03  5.02e+01 1.79e-04  9.91e-02     4s
  81  -5.98940961e+03  6.65978243e+03  5.01e+01 1.79e-04  9.90e-02     4s
  82  -5.94764732e+03  6.71014650e+03  4.99e+01 1.78e-04  9.85e-02     4s
  83  -5.60984524e+03  7.07330567e+03  4.87e+01 1.66e-04  9.55e-02     4s
  84  -5.12266422e+03  7.28203268e+03  4.69e+01 1.59e-04  9.20e-02     4s
  85  -4.66749887e+03  7.50266479e+03  4.52e+01 1.52e-04  8.87e-02     4s
  86  -4.05025879e+03  7.74540256e+03  4.30e+01 1.43e-04  8.48e-02     4s
  87  -3.61352911e+03  8.03736397e+03  4.15e+01 1.34e-04  8.10e-02     4s
  88  -3.19472166e+03  8.25604681e+03  4.00e+01 1.27e-04  7.80e-02     4s
  89  -2.73828248e+03  8.36951780e+03  3.85e+01 1.24e-04  7.57e-02     4s
  90  -2.48101326e+03  8.44464061e+03  3.76e+01 1.22e-04  7.44e-02     4s
  91  -2.24199947e+03  8.51829689e+03  3.68e+01 1.20e-04  7.34e-02     5s
  92  -2.13125137e+03  8.72976276e+03  3.65e+01 1.15e-04  7.16e-02     5s
  93  -1.92083406e+03  8.79711643e+03  3.58e+01 1.14e-04  7.06e-02     5s
  94  -1.61340819e+03  8.96951879e+03  3.48e+01 1.10e-04  6.86e-02     5s
  95  -1.36397673e+03  9.07729053e+03  3.40e+01 1.07e-04  6.72e-02     5s
  96  -1.09167114e+03  9.18581867e+03  3.32e+01 1.04e-04  6.55e-02     5s
  97  -8.29617906e+02  9.23889182e+03  3.24e+01 1.03e-04  6.45e-02     5s
  98  -6.75055858e+02  9.28350672e+03  3.19e+01 1.02e-04  6.37e-02     5s
  99  -6.15127627e+02  9.34763546e+03  3.17e+01 1.01e-04  6.32e-02     5s
 100  -5.41689890e+02  9.41382432e+03  3.15e+01 9.94e-05  6.27e-02     5s
 101  -3.11235072e+02  9.52906710e+03  3.08e+01 9.70e-05  6.14e-02     5s
 102  -9.31896789e+01  9.65292178e+03  3.01e+01 9.46e-05  6.00e-02     5s
 103   1.14040875e+01  9.69871397e+03  2.98e+01 9.38e-05  5.94e-02     5s
 104   1.47815447e+02  9.74972030e+03  2.94e+01 9.29e-05  5.88e-02     5s
 105   3.53485437e+02  9.84658942e+03  2.88e+01 9.11e-05  5.79e-02     5s
 106   5.29611208e+02  9.91385844e+03  2.83e+01 8.98e-05  5.70e-02     5s
 107   7.31453343e+02  1.00054719e+04  2.77e+01 8.82e-05  5.61e-02     5s
 108   9.34307105e+02  1.00847799e+04  2.72e+01 8.68e-05  5.53e-02     5s
 109   1.12662160e+03  1.01224952e+04  2.66e+01 8.61e-05  5.47e-02     5s
 110   1.18231333e+03  1.02157160e+04  2.65e+01 8.47e-05  5.40e-02     5s
 111   1.32416769e+03  1.03168665e+04  2.61e+01 8.32e-05  5.31e-02     5s
 112   1.36619771e+03  1.04241016e+04  2.59e+01 8.17e-05  5.25e-02     5s
 113   1.56463554e+03  1.05025841e+04  2.54e+01 8.05e-05  5.17e-02     5s
 114   1.77400572e+03  1.05464877e+04  2.48e+01 7.99e-05  5.14e-02     5s
 115   1.92990826e+03  1.06033998e+04  2.44e+01 7.90e-05  5.08e-02     5s
 116   2.08648347e+03  1.06820698e+04  2.40e+01 7.78e-05  5.01e-02     5s
 117   2.21891237e+03  1.07449135e+04  2.37e+01 7.68e-05  4.95e-02     5s
 118   2.31382180e+03  1.08314880e+04  2.34e+01 7.54e-05  4.88e-02     5s
 119   2.47574281e+03  1.09256459e+04  2.30e+01 7.37e-05  4.78e-02     6s
 120   2.66349674e+03  1.09678242e+04  2.25e+01 7.29e-05  4.72e-02     6s
 121   2.75859746e+03  1.09738837e+04  2.23e+01 7.28e-05  4.70e-02     6s
 122   2.91752044e+03  1.10267279e+04  2.18e+01 7.18e-05  4.64e-02     6s
 123   3.08743170e+03  1.10399201e+04  2.14e+01 7.16e-05  4.61e-02     6s
 124   3.15821789e+03  1.10748953e+04  2.12e+01 7.09e-05  4.57e-02     6s
 125   3.22851887e+03  1.11284759e+04  2.11e+01 6.98e-05  4.51e-02     6s
 126   3.37379084e+03  1.11750423e+04  2.07e+01 6.90e-05  4.46e-02     6s
 127   3.51374114e+03  1.12019871e+04  2.03e+01 6.83e-05  4.41e-02     6s
 128   3.67453434e+03  1.12359247e+04  1.99e+01 6.76e-05  4.37e-02     6s
 129   3.78617037e+03  1.12732072e+04  1.97e+01 6.67e-05  4.31e-02     6s
 130   3.91112410e+03  1.12901743e+04  1.94e+01 6.64e-05  4.29e-02     6s
 131   3.94619202e+03  1.13178900e+04  1.93e+01 6.58e-05  4.26e-02     6s
 132   4.03861414e+03  1.13320841e+04  1.90e+01 6.56e-05  4.24e-02     6s
 133   1.50056985e+00 -3.38219472e+07  6.32e+04 2.50e-01  7.04e+05     6s
 134   1.17367787e+04 -3.34910135e+07  1.54e+04 2.66e+02  1.74e+05     6s
 135   2.01487947e+05 -2.93602018e+07  2.80e+03 5.40e+01  3.28e+04     6s
 136   1.60848010e+05 -2.26457161e+07  4.20e+02 2.35e+01  6.30e+03     6s
 137   1.47641082e+05 -7.59771496e+06  9.83e+01 3.08e+00  1.42e+03     6s
 138   9.07681387e+04 -3.30910791e+06  1.78e+01 7.49e-01  3.76e+02     6s
 139   4.36860395e+04 -1.14882996e+06  4.48e+00 1.39e-01  1.05e+02     6s
 140   3.13526486e+04 -2.10012046e+05  2.28e+00 5.14e-03  2.05e+01     6s
 141   2.63609063e+04 -7.58292283e+04  1.43e+00 1.17e-03  8.35e+00     6s
 142   1.99069456e+04 -3.09210847e+04  4.68e-01 1.11e-03  3.91e+00     6s
 143   1.78191402e+04 -3.36592756e+03  2.61e-01 1.15e-03  1.61e+00     6s
 144   1.70782874e+04 -3.20049544e+02  2.03e-01 9.89e-04  1.31e+00     6s
 145   1.64151526e+04  3.18583551e+03  1.54e-01 7.71e-04  9.98e-01     6s
 146   1.58474894e+04  5.18652008e+03  1.13e-01 6.35e-04  8.04e-01     6s
 147   1.51736394e+04  5.87390816e+03  8.21e-02 6.12e-04  7.07e-01     6s
 148   1.46753896e+04  7.54865239e+03  5.77e-02 4.80e-04  5.45e-01     7s
 149   1.41774087e+04  8.03130197e+03  3.73e-02 4.42e-04  4.78e-01     7s
 150   1.39351200e+04  9.70144862e+03  2.90e-02 3.03e-04  3.33e-01     7s
 151   1.37385137e+04  1.00445186e+04  2.31e-02 2.71e-04  2.94e-01     7s
 152   1.35175778e+04  1.04018683e+04  1.63e-02 2.38e-04  2.52e-01     7s
 153   1.33915614e+04  1.10959907e+04  1.22e-02 1.76e-04  1.87e-01     7s
 154   1.32730777e+04  1.16091872e+04  8.40e-03 1.30e-04  1.37e-01     7s
 155   1.31841003e+04  1.20497015e+04  5.93e-03 8.83e-05  9.38e-02     7s
 156   1.31075502e+04  1.22433266e+04  3.86e-03 6.88e-05  7.24e-02     7s
 157   1.30358420e+04  1.25358467e+04  1.89e-03 3.94e-05  4.21e-02     7s
 158   1.29936423e+04  1.27638210e+04  9.63e-04 1.75e-05  1.94e-02     7s
 159   1.29768793e+04  1.28319655e+04  6.19e-04 1.07e-05  1.22e-02     7s
 160   1.29669167e+04  1.28550139e+04  4.07e-04 8.49e-06  9.45e-03     7s
 161   1.29583081e+04  1.28885730e+04  2.41e-04 5.26e-06  5.89e-03     7s
 162   1.29529108e+04  1.29123871e+04  1.37e-04 3.05e-06  3.42e-03     7s
 163   1.29513990e+04  1.29224100e+04  1.09e-04 2.09e-06  2.44e-03     7s
 164   1.29487992e+04  1.29316865e+04  5.84e-05 1.23e-06  1.44e-03     7s
 165   1.29477987e+04  1.29353376e+04  3.82e-05 8.97e-07  1.05e-03     7s
 166   1.29468198e+04  1.29389727e+04  2.02e-05 5.79e-07  6.61e-04     7s
 167   1.29462693e+04  1.29421015e+04  1.00e-05 3.00e-07  3.50e-04     7s
 168   1.29459909e+04  1.29435698e+04  5.26e-06 1.74e-07  2.03e-04     7s
 169   1.29458504e+04  1.29445734e+04  2.73e-06 8.63e-08  1.07e-04     7s
 170   1.29458007e+04  1.29452240e+04  1.93e-06 3.37e-08  4.74e-05     7s
 171   1.29457184e+04  1.29453516e+04  5.53e-07 2.40e-08  3.04e-05     7s
 172   1.29457011e+04  1.29455752e+04  2.76e-07 7.38e-09  1.03e-05     7s
 173   1.29456848e+04  1.29456753e+04  3.64e-08 3.93e-10  7.61e-07     7s
 174   1.29456823e+04  1.29456819e+04  4.52e-09 4.66e-12  3.35e-08     7s
 175   1.29456820e+04  1.29456820e+04  3.26e-09 8.53e-14  4.79e-11     7s

Barrier solved model in 175 iterations and 7.34 seconds (8.07 work units)
Optimal objective 1.29456820e+04

Crossover log...

    9754 DPushes remaining with DInf 0.0000000e+00                 7s
       0 DPushes remaining with DInf 0.0000000e+00                 8s

   21677 PPushes remaining with PInf 0.0000000e+00                 8s
       0 PPushes remaining with PInf 0.0000000e+00                 8s

  Push phase complete: Pinf 0.0000000e+00, Dinf 1.5385344e+02      8s

Iteration    Objective       Primal Inf.    Dual Inf.      Time
   31074    1.2945682e+04   0.000000e+00   1.538534e+02      8s
Crossover time: 0.73 seconds (1.04 work units)

Solved with barrier
   31083    1.2945682e+04   0.000000e+00   0.000000e+00      8s

Solved in 31083 iterations and 8.25 seconds (9.24 work units)
Optimal objective  1.294568196e+04
Gurobi Optimizer version 13.0.1 build v13.0.1rc0 (win64 - Windows 10.0 (19045.2))

CPU model: AMD Ryzen 9 5900X 12-Core Processor, instruction set [SSE2|AVX|AVX2]
Thread count: 12 physical cores, 24 logical processors, using up to 24 threads

Non-default parameters:
MIPGap  0
MIPFocus  1
NodefileStart  3
LogToConsole  0

Optimize a model with 340104 rows, 343286 columns and 1462500 nonzeros (Min)
Model has 22 linear objective coefficients
Coefficient statistics:
  Matrix range     [3e-04, 2e+02]
  Objective range  [5e-02, 1e+00]
  Bounds range     [1e-02, 6e+01]
  RHS range        [5e-02, 2e+01]

LP warm-start: use basis

Iteration    Objective       Primal Inf.    Dual Inf.      Time
       0    1.2945682e+04   1.412065e-01   0.000000e+00      0s
     345    1.2945688e+04   0.000000e+00   0.000000e+00      0s

Solved in 345 iterations and 0.30 seconds (0.35 work units)
Optimal objective  1.294568788e+04
