
Cluster assignments:
Cluster 0 (represented by Day 25): [ 1 12 17 21 25 26 27 28]... (total 8 days)
Cluster 1 (represented by Day 4): [ 2  3  4  5  6  7  8  9 10 11]... (total 23 days)
[reserve] pi_res = 56 EUR/MW.h (daily mean of fcrn_dk2_56 hourly prices), 1h blocks
[reserve] c_min_G = 0.15 (electrolyzer min load / els_cap); literature 0.1-0.16 -> OK
[reserve] c_sb_G = 0.01 (electrolyzer standby draw / els_cap); literature 0.025-0.05 -> OUT OF RANGE
✓ spring  :  92 days | Mean: 1 MWh | RMSE range: 0.0-0.2 MWh
✓ summer  :  92 days | Mean: 1 MWh | RMSE range: 0.0-0.3 MWh
✓ fall    :  91 days | Mean: 1 MWh | RMSE range: 0.0-0.2 MWh
✓ winter  :  90 days | Mean: 1 MWh | RMSE range: 0.0-0.1 MWh

=== 60p_reserve_peak_day31_S20_seed0_grb_direct-gurobi_kl0.0960365_dual_ndw_rsc0.303571_main: n=60, |T|=24, |Omega|=20 ===

[1] extensive form (DP_N^Omega)
Set parameter Username
Set parameter LicenseID to value 2742039
Academic license - for non-commercial use only - expires 2026-11-20
Set parameter OutputFlag to value 1
Set parameter LogToConsole to value 0
  obj 11660.164039  status timelimit  gap 3.62e-04  1801.2s  vars 343244
  KL r=0.0960365: worst case 11660.164039 vs expected 11200.121445; 1 MILP solve(s); rho* 0.037 0.045 0.044 0.037 0.074 0.053 0.027 0.045 0.035 0.042 0.024 0.119 0.045 0.040 0.074 0.036 0.035 0.029 0.060 0.097 (KL 0.0960)
    round 1: MIPGap 1e-04  1800.8s  4343 nodes  psi-bound 3.62e-04  psi-incumbent 7.70e-05

[2] column generation (DWR_N^Omega)
  seed columns: largest carrier-row residual 4.44e-14 (repaired)
  CG   24 | RMP    10914.0090 | LB    10890.7008 | UB           inf | a 1.00 std      | min rc  0.0000e+00 | +0  [round] | lp 0.44s solver 0.43s 2341 it 20099 cols 654721 nz
  -- penalty round 1: eps 0.2 delta 0.2 RMP 10914.0090 LB 10890.7008 UB 11660.1640 gap 6.60e-02 [round] 49s
  CG   25 | RMP    11656.9359 | LB    10965.3980 | UB    11660.1640 | a 0.10 smooth   | min rc -7.3256e+00 | +152 | lp 2.16s solver 2.13s 9803 it 20099 cols 654721 nz
  CG   50 | RMP    11651.4019 | LB    11601.5395 | UB    11660.1640 | a 0.10 smooth   | min rc -1.8572e+00 | +74 | lp 1.00s solver 0.96s 3326 it 22328 cols 789753 nz
  CG   72 | RMP    11649.7988 | LB    11649.6920 | UB    11660.1640 | a 1.00 std      | min rc  0.0000e+00 | +0  [round] | lp 1.55s solver 1.52s 4041 it 22242 cols 716738 nz
  -- penalty round 2: eps 0.05 delta 0.05 RMP 11649.7988 LB 11649.6920 UB 11660.1640 gap 8.98e-04 [round] 360s
  CG   75 | RMP    11658.9663 | LB    11650.9873 | UB    11660.1640 | a 0.10 smooth   | min rc -1.0045e+00 | +74 | lp 2.28s solver 2.25s 5904 it 22948 cols 757999 nz
  CG  100 | RMP    11658.1696 | LB    11657.9412 | UB    11660.1640 | a 0.10 smooth   | min rc -7.5591e-02 | +23 | lp 2.11s solver 2.08s 4095 it 27019 cols 947510 nz
  CG  103 | RMP    11658.1260 | LB    11658.0874 | UB    11660.1640 | a 1.00 std      | min rc  0.0000e+00 | +0  [round] | lp 1.82s solver 1.79s 3552 it 26378 cols 905897 nz
  -- penalty round 3: eps 0.0125 delta 0.0125 RMP 11658.1260 LB 11658.0874 UB 11660.1640 gap 1.78e-04 [round] 624s
  CG  125 | RMP    11658.9362 | LB    11658.8748 | UB    11660.1640 | a 0.10 smooth   | min rc -2.7410e-03 | +11 | lp 1.46s solver 1.43s 2918 it 28436 cols 1027398 nz
  CG  127 | RMP    11658.9358 | LB    11658.8885 | UB    11660.1640 | a 1.00 std      | min rc  0.0000e+00 | +0  [round] | lp 0.86s solver 0.81s 1611 it 28722 cols 1042023 nz
  -- penalty round 4: eps 0.00313 delta 0.00313 RMP 11658.9358 LB 11658.8885 UB 11660.1640 gap 1.09e-04 [round] 827s
  CG  140 | RMP    11659.0276 | LB    11658.9789 | UB    11660.1640 | a 1.00 std      | min rc  0.0000e+00 | +0  [round] | lp 0.57s solver 0.54s 1127 it 29836 cols 1113083 nz
  -- penalty round 5: eps 0.000781 delta 0.000781 RMP 11659.0276 LB 11658.9789 UB 11660.1640 gap 1.02e-04 [round] 942s
  CG  143 | RMP    11659.0417 | LB    11658.9896 | UB    11660.1640 | a 1.00 std      | min rc  0.0000e+00 | +0  [round] | lp 1.06s solver 1.00s 1905 it 30095 cols 1128920 nz
  -- penalty round 6: eps 0.000195 delta 0.000195 RMP 11659.0417 LB 11658.9896 UB 11660.1640 gap 1.01e-04 [round] 966s
  CG  144 | RMP    11659.0442 | LB    11658.9896 | UB    11659.0448 | a 1.00 std      | min rc  0.0000e+00 | +0  [done] | lp 1.81s solver 1.75s 3187 it 30095 cols 1128920 nz
  -- penalty round 7: eps 0 delta 0 RMP 11659.0442 LB 11658.9896 UB 11659.0448 gap 4.73e-06 [done] 968s
  obj 11659.044801  LB 11658.989617  gap 4.73e-06  iters 144  968.4s  rounds 7  status optimal
  KL r=0.0960365: 980 tangent planes; rho* 0.037 0.045 0.044 0.037 0.074 0.053 0.027 0.045 0.035 0.042 0.024 0.119 0.045 0.040 0.074 0.036 0.035 0.029 0.060 0.097 (KL 0.0960)
  time: master LP 243.1s  pricing 711.6s (133164 MILPs, 8 worker(s))

[3] robust Owen allocation
  omega_LR,rob 1.173837  eps_LR 0.019564  certified [-3.099612, 1.174422]
  EF slack 4.2188 = 359% of the reported omega  (> 10%: use --table for a table run)
  checks: budget 1.82e-12  duality -5.85e-04  pricing 0.00e+00

[4] stand-alone values val(DP_{j}^Omega)
   player         Owen        E[x*]        alone       chi^LR
       u1    1546.5365    1546.5169     968.3225     578.1944
       u2      42.3795      42.3599      -0.0000      42.3599
       u3     589.4180     589.3984     262.5410     326.8575
       u4    -791.3691    -791.3886    -828.0487      36.6601
       u5    -419.4332    -419.4527    -524.6094     105.1566
       u6   -1079.6780   -1079.6976   -1157.9902      78.2926
       u7     445.2364     445.2169     300.3337     144.8831
       u8      54.9524      54.9328      -0.0000      54.9328
       u9     593.1784     593.1589     262.5410     330.6179
      u10     833.4637     833.4442     625.2856     208.1586
      u11     110.4641     110.4445      90.8197      19.6248
      u12    -695.5571    -695.5766    -737.2107      41.6340
      u13    -421.6135    -421.6330    -523.8469     102.2138
      u14    -928.2505    -928.2701    -995.0113      66.7412
      u15   -1901.1734   -1901.1930   -1991.8954      90.7024
      u16    1147.4651    1147.4456     689.8603     457.5852
      u17     441.7874     441.7679     252.4260     189.3419
      u18      72.9747      72.9551      -0.0000      72.9551
      u19       5.4277       5.4081      -0.0000       5.4081
      u20     593.1784     593.1589     262.5410     330.6179
      u21     193.1306     193.1111     141.7795      51.3316
      u22     165.6961     165.6765     136.2296      29.4469
      u23    -728.3382    -728.3578    -779.3024      50.9446
      u24    -910.6422    -910.6617    -950.5382      39.8765
      u25    -810.4535    -810.4731    -849.8351      39.3621
      u26    -109.1464    -109.1660    -226.3791     117.2131
      u27    -209.6030    -209.6226    -260.1192      50.4967
      u28    -926.7678    -926.7873   -1006.3916      79.6043
      u29    -663.4987    -663.5183    -725.4134      61.8951
      u30    -331.0861    -331.1056    -350.6648      19.5592
      u31    1800.2699    1800.2503    1115.1610     685.0893
      u32      79.3313      79.3117      -0.0000      79.3117
      u33     412.5926     412.5730     183.7787     228.7944
      u34    -788.8079    -788.8274    -820.6346      31.8071
      u35    -415.4483    -415.4679    -514.7711      99.3033
      u36   -1116.8258   -1116.8454   -1184.7909      67.9455
      u37     378.1467     378.1271     273.3768     104.7504
      u38      46.1173      46.0978      -0.0000      46.0978
      u39     770.0038     769.9843     341.3033     428.6810
      u40    1206.8800    1206.8604     930.8747     275.9857
      u41    -239.0414    -239.0609    -363.4839     124.4230
      u42    -621.6178    -621.6374    -667.0239      45.3865
      u43    -422.1293    -422.1489    -528.2030     106.0541
      u44    -380.5259    -380.5454    -529.3784     148.8330
      u45   -1888.4419   -1888.4615   -1978.6698      90.2083
      u46    1999.1275    1999.1079    1203.3353     795.7727
      u47     207.5687     207.5491     117.2939      90.2552
      u48      28.3778      28.3582      -0.0000      28.3582
      u49      70.0934      70.0738      -0.0000      70.0738
      u50     534.2366     534.2171     236.2869     297.9302
      u51     374.9288     374.9092     267.8822     107.0270
      u52    -332.4123    -332.4318    -393.3167      60.8849
      u53   -1511.6761   -1511.6957   -1685.8925     174.1968
      u54   -1850.4208   -1850.4404   -1932.8703      82.4299
      u55   -1897.4378   -1897.4574   -1979.1156      81.6583
      u56    -137.4875    -137.5071    -354.9169     217.4099
      u57    -422.1502    -422.1698    -525.2904     103.1206
      u58   -1200.2172   -1200.2368   -1324.2825     124.0457
      u59   -1144.9262   -1144.9457   -1267.3620     122.4162
      u60   -1105.7766   -1105.7962   -1171.8497      66.0535

wrote ieee_owen\weak_eps_experiment\stochastic\main17_xi\60p_reserve_peak_day31_S20_seed0_grb_direct-gurobi_kl0.0960365_dual_ndw_rsc0.303571_main.json
