
Gurobi 13.0.1 (win64) logging started Thu Oct  8 18:31:21 2026

Set parameter LogFile to value "ieee_owen\weak_eps_experiment\stochastic\main17_xi\logs\n60_S20_day15_ef_gurobi.log"
Set parameter NodefileStart to value 3
Set parameter MIPGap to value 0.0001
Gurobi Optimizer version 13.0.1 build v13.0.1rc0 (win64 - Windows 10.0 (19045.2))

CPU model: AMD Ryzen 9 5900X 12-Core Processor, instruction set [SSE2|AVX|AVX2]
Thread count: 12 physical cores, 24 logical processors, using up to 24 threads

Non-default parameters:
TimeLimit  1800
NodefileStart  3
LogToConsole  0

Optimize a model with 340064 rows, 343286 columns and 1462340 nonzeros (Min)
Model fingerprint: 0xd34d4c6e
Model has 22 linear objective coefficients
Variable types: 289046 continuous, 54240 integer (54240 binary)
Coefficient statistics:
  Matrix range     [3e-04, 2e+02]
  Objective range  [5e-02, 1e+00]
  Bounds range     [1e-02, 6e+01]
  RHS range        [5e-02, 2e+01]

Presolve removed 152045 rows and 125234 columns
Presolve time: 3.36s
Presolved: 188019 rows, 218052 columns, 746277 nonzeros
Variable types: 169146 continuous, 48906 integer (48905 binary)
Found heuristic solution: objective 13613.331158
Deterministic concurrent LP optimizer: primal simplex, dual simplex, and barrier
Showing barrier log only...

Root barrier log...

Ordering time: 1.49s
Ordering time: 1.67s

Barrier statistics:
 Dense cols : 567
 Free vars  : 41
 AA' NZ     : 6.346e+05
 Factor NZ  : 3.431e+06 (roughly 180 MB of memory)
 Factor Ops : 5.698e+08 (less than 1 second per iteration)
 Threads    : 10

                  Objective                Residual
Iter       Primal          Dual         Primal    Dual     Compl     Time
   0   1.57654128e+00 -2.28422557e+04  4.51e+03 6.40e+01  1.53e+00     8s
   1  -2.45842461e+04 -2.31633810e+04  4.48e+03 5.77e+01  1.53e+00     8s
   2   1.13963380e+05 -2.31213723e+04  4.17e+03 5.17e+01  1.52e+00     9s
   3  -1.49045560e+05 -2.42157904e+04  2.97e+03 4.54e+01  1.07e+00     9s
   4  -1.89013033e+05 -2.42536561e+04  2.52e+03 3.88e+01  9.17e-01     9s
   5  -1.86978439e+05 -2.31969513e+04  1.88e+03 2.88e+01  6.84e-01     9s
   6  -9.43143622e+04 -1.82338863e+04  8.87e+02 1.01e+01  3.50e-01     9s
   7  -4.83030238e+04 -1.12875394e+04  4.66e+02 3.42e+00  1.89e-01     9s
   8  -3.41128794e+04 -6.00319174e+03  3.38e+02 1.41e+00  1.31e-01     9s
   9  -2.59729131e+04 -3.96085923e+03  2.69e+02 1.03e+00  1.04e-01     9s
  10  -2.09239623e+04 -2.30577169e+03  2.27e+02 7.87e-01  8.72e-02     9s
  11  -1.21418063e+04  2.92966233e+02  1.56e+02 5.07e-01  5.99e-02     9s
  12  -2.73417356e+03  3.01104215e+03  8.33e+01 2.89e-01  3.34e-02    10s
  13   8.51183080e+02  4.64410523e+03  5.69e+01 1.96e-01  2.29e-02    10s
  14   2.77183578e+03  5.24765164e+03  4.42e+01 1.67e-01  1.87e-02    10s
  15   3.14086025e+03  5.51127145e+03  4.18e+01 1.56e-01  1.76e-02    10s
  16   3.28110902e+03  5.86274302e+03  4.10e+01 1.41e-01  1.67e-02    10s
  17   4.13830264e+03  6.09143965e+03  3.54e+01 1.31e-01  1.50e-02    10s
  18   4.69942687e+03  6.67100060e+03  3.15e+01 1.07e-01  1.29e-02    10s
  19   5.31672344e+03  6.77576321e+03  2.72e+01 1.03e-01  1.16e-02    10s
  20   5.62727193e+03  7.01987311e+03  2.51e+01 9.39e-02  1.07e-02    10s
  21   6.12406378e+03  7.64710439e+03  2.18e+01 6.88e-02  8.64e-03    11s
  22   7.10141275e+03  7.96679815e+03  1.56e+01 5.70e-02  6.63e-03    11s
  23   7.53289848e+03  8.42190009e+03  1.29e+01 4.54e-02  5.42e-03    11s
  24   7.56382435e+03  8.61152805e+03  1.27e+01 4.44e-02  5.32e-03    11s
  25   7.59160039e+03  8.90729648e+03  1.25e+01 4.40e-02  5.27e-03    11s
  26   8.09190503e+03  8.87397095e+03  1.01e+01 3.63e-02  4.36e-03    11s
  27   8.23875366e+03  9.08167871e+03  9.38e+00 3.06e-02  3.88e-03    11s
  28   8.87360882e+03  9.41812903e+03  6.40e+00 2.03e-02  2.73e-03    11s
  29   9.35394038e+03  9.58427238e+03  4.16e+00 1.63e-02  2.05e-03    11s
  30   9.43358956e+03  9.82643074e+03  3.79e+00 1.07e-02  1.53e-03    12s
  31   9.73728680e+03  9.92713499e+03  2.40e+00 8.19e-03  1.09e-03    12s
  32   9.88534874e+03  9.97256695e+03  1.73e+00 7.06e-03  8.83e-04    12s
  33   9.97332386e+03  1.01203162e+04  1.32e+00 3.51e-03  5.21e-04    12s
  34   1.00946733e+04  1.01631283e+04  7.80e-01 2.46e-03  3.44e-04    12s
  35   1.01746333e+04  1.01865515e+04  4.22e-01 1.90e-03  2.36e-04    12s
  36   1.02277052e+04  1.02197360e+04  1.86e-01 1.10e-03  1.30e-04    12s
  37   1.02458622e+04  1.02390624e+04  1.03e-01 6.47e-04  7.68e-05    12s
  38   1.02513685e+04  1.02448329e+04  7.70e-02 5.12e-04  6.04e-05    12s
  39   1.02589385e+04  1.02493821e+04  4.20e-02 4.07e-04  4.48e-05    13s
  40   1.02629451e+04  1.02575169e+04  2.32e-02 2.22e-04  2.51e-05    13s
  41   1.02659494e+04  1.02632110e+04  9.04e-03 9.34e-05  1.10e-05    13s
  42   1.02672668e+04  1.02658867e+04  2.40e-03 3.70e-05  4.21e-06    13s
  43   1.02673920e+04  1.02668149e+04  1.76e-03 1.76e-05  2.23e-06    13s
  44   1.02674668e+04  1.02670564e+04  1.33e-03 1.26e-05  1.63e-06    13s
  45   1.02676063e+04  1.02674086e+04  5.69e-04 5.51e-06  7.42e-07    13s
  46   1.02676954e+04  1.02676651e+04  3.10e-05 5.80e-07  7.90e-08    13s
  47   1.02676976e+04  1.02676958e+04  1.05e-05 3.64e-08  9.95e-09    13s
  48   1.02676985e+04  1.02676984e+04  4.58e-08 3.74e-10  8.85e-11    13s

Barrier solved model in 48 iterations and 13.22 seconds (13.43 work units)
Optimal objective 1.02676985e+04


Root crossover log...

   59845 DPushes remaining with DInf 3.2830402e-05                13s
       0 DPushes remaining with DInf 0.0000000e+00                14s

   36664 PPushes remaining with PInf 5.0419188e-05                14s
   18800 PPushes remaining with PInf 0.0000000e+00                15s
       0 PPushes remaining with PInf 0.0000000e+00                16s

  Push phase complete: Pinf 0.0000000e+00, Dinf 3.1679071e-11     16s


Root simplex log...

Iteration    Objective       Primal Inf.    Dual Inf.      Time
   81760    1.0267698e+04   0.000000e+00   0.000000e+00     17s
Crossover time: 3.29 seconds (5.19 work units)
Concurrent spin time: 2.09s (can be avoided by choosing Method=3)

Solved with barrier
   81760    1.0267698e+04   0.000000e+00   0.000000e+00     19s

Root relaxation: objective 1.026770e+04, 81760 iterations, 13.02 seconds (11.47 work units)

    Nodes    |    Current Node    |     Objective Bounds      |     Work
 Expl Unexpl |  Obj  Depth IntInf | Incumbent    BestBd   Gap | It/Node Time

     0     0 10267.6985    0 2072 13613.3312 10267.6985  24.6%     -   24s
H    0     0                    10328.873047 10267.6985  0.59%     -   29s
     0     0 10267.8924    0 1884 10328.8730 10267.8924  0.59%     -   35s
     0     0 10267.8954    0 1885 10328.8730 10267.8954  0.59%     -   38s
     0     0 10267.9323    0 1820 10328.8730 10267.9323  0.59%     -   43s
     0     0 10267.9360    0 1819 10328.8730 10267.9360  0.59%     -   44s
     0     0 10267.9412    0 1825 10328.8730 10267.9412  0.59%     -   48s
     0     0 10267.9478    0 1826 10328.8730 10267.9478  0.59%     -   51s
     0     0 10267.9479    0 1777 10328.8730 10267.9479  0.59%     -   55s
     0     0 10267.9480    0 1778 10328.8730 10267.9480  0.59%     -   61s
     0     0 10267.9480    0 1778 10328.8730 10267.9480  0.59%     -   65s
     0     0 10267.9480    0 1780 10328.8730 10267.9480  0.59%     -   68s
     0     0 10267.9480    0 1780 10328.8730 10267.9480  0.59%     -   72s
     0     0 10267.9480    0 1444 10328.8730 10267.9480  0.59%     -   74s
     0     0 10267.9480    0 1444 10328.8730 10267.9480  0.59%     -   75s
     0     0 10267.9480    0 1542 10328.8730 10267.9480  0.59%     -   78s
     0     0 10267.9480    0 1468 10328.8730 10267.9480  0.59%     -   80s
     0     0 10267.9480    0 1467 10328.8730 10267.9480  0.59%     -   80s
     0     0 10267.9480    0 1551 10328.8730 10267.9480  0.59%     -   83s
     0     0 10267.9480    0 1487 10328.8730 10267.9480  0.59%     -   85s
     0     0 10267.9499    0 1486 10328.8730 10267.9499  0.59%     -   86s
     0     0 10267.9499    0 1437 10328.8730 10267.9499  0.59%     -   87s
     0     2 10267.9499    0 1437 10328.8730 10267.9499  0.59%     -   93s
     1     4 10267.9776    1 1532 10328.8730 10267.9499  0.59%   422   95s
     7    16 10268.0048    3 1567 10328.8730 10267.9501  0.59%   317  102s
    15    28 10268.0048    4 1564 10328.8730 10267.9612  0.59%   260  110s
H   18    28                    10328.794365 10267.9612  0.59%   504  110s
    27    47 10268.7966    5 1471 10328.7944 10267.9728  0.59%   631  117s
    46    98 10268.8076    6 1277 10328.7944 10267.9728  0.59%  1047  126s
    97   197 10269.1512   10 1076 10328.7944 10267.9728  0.59%   735  139s
H  157   197                    10327.933683 10267.9728  0.58%   872  139s
H  191   197                    10326.679329 10267.9728  0.57%   811  139s
   196   271 10269.1819   12 1049 10326.6793 10267.9728  0.57%   815  168s
H  207   271                    10320.481577 10267.9728  0.51%   862  168s
H  223   271                    10317.630180 10267.9728  0.48%  1020  168s
   270   403 10268.9765   18 1106 10317.6302 10267.9728  0.48%  1055  206s
   402   452 10269.5623   26 1010 10317.6302 10267.9728  0.48%  1577  274s
H  403   452                    10307.413187 10267.9728  0.38%  1574  274s
H  419   452                    10290.223887 10267.9728  0.22%  1686  274s
H  445   452                    10288.809813 10267.9728  0.20%  1771  274s
H  451   551                    10288.809077 10267.9728  0.20%  1796  342s
H  463   551                    10285.279163 10267.9728  0.17%  1880  342s
   550   750 10277.4811   37  550 10285.2792 10267.9728  0.17%  2623  444s
H  574   750                    10284.668924 10267.9728  0.16%  2594  444s
H  751   734                    10281.728220 10267.9728  0.13%  2673  590s
H  752   700                    10280.895839 10267.9728  0.13%  2670  590s
   765   871     cutoff   56      10280.8958 10267.9728  0.13%  2680  704s
H  993   871                    10280.895838 10267.9767  0.13%  2691  704s
  1035  1169 10276.9309   12  988 10280.8958 10267.9767  0.13%  2684  821s
  1401  1761 10279.2029   22  507 10280.8958 10267.9767  0.13%  2521  933s
H 1462  1729                    10280.426261 10267.9767  0.12%  2428  933s
H 2079  1654                    10280.310837 10267.9767  0.12%  2027  979s
H 2079  1564                    10279.927886 10267.9767  0.12%  2027  983s
H 2079  1564                    10279.927866 10267.9767  0.12%  2027  983s
  2080  1539 10279.6884   86 1437 10279.9279 10267.9767  0.12%  2026 1169s
  2082  1540 10279.6862   70 2307 10279.9279 10267.9767  0.12%  2024 1215s
  2083  1541 10278.9011   27 1798 10279.9279 10267.9767  0.12%  2023 1257s
  2084  1542 10279.4697   44 1754 10279.9279 10267.9767  0.12%  2022 1265s
  2085  1542 10268.0965   24 1738 10279.9279 10267.9767  0.12%  2021 1287s
  2086  1543 10279.2613   65 1484 10279.9279 10267.9767  0.12%  2020 1314s
  2087  1544 10269.0052   20 1559 10279.9279 10267.9767  0.12%  2019 1336s
  2088  1544 10268.8650   10 1288 10279.9279 10268.0248  0.12%  2018 1356s
  2089  1545 10271.7958    9 1289 10279.9279 10268.0248  0.12%  2017 1368s
  2090  1546 10277.0480   16 1263 10279.9279 10268.0786  0.12%  2016 1388s
  2091  1546 10272.1870    9 1259 10279.9279 10268.0786  0.12%  2015 1400s
  2092  1547 10279.4844   40 1287 10279.9279 10268.1286  0.11%  2014 1418s
  2094  1548 10272.2044   40 1295 10279.9279 10268.1286  0.11%  2012 1433s
  2095  1549 10279.5559   41 1410 10279.9279 10268.1356  0.11%  2011 1454s
  2097  1550 10279.2616   66 1601 10279.9279 10268.1374  0.11%  2009 1473s
  2098  1551 10275.5709   35 1265 10279.9279 10268.2127  0.11%  2008 1493s
  2099  1552 10271.6119   29 1276 10279.9279 10268.2127  0.11%  2007 1507s
  2100  1552 10269.0911   16 1329 10279.9279 10268.2127  0.11%  2007 1525s
  2101  1553 10272.6674   11 1362 10279.9279 10268.2127  0.11%  2006 1542s
  2102  1554 10276.1817   12 1275 10279.9279 10268.2228  0.11%  2005 1558s
  2103  1554 10275.1361   31 1295 10279.9279 10268.2228  0.11%  2004 1571s
  2104  1555 10279.8191   17 1228 10279.9279 10268.3102  0.11%  2003 1589s
  2105  1556 10276.1430   12 1310 10279.9279 10268.3102  0.11%  2002 1602s
  2106  1556 10268.3102   24 1297 10279.9279 10268.3102  0.11%  2001 1618s
  2107  1557 10268.3102   11 1304 10279.9279 10268.3102  0.11%  2000 1632s
  2108  1558 10275.5748   30 1280 10279.9279 10268.3500  0.11%  1999 1650s
  2109  1558 10273.8128   10 1284 10279.9279 10268.3500  0.11%  1998 1662s
  2110  1559 10268.3560    7 1255 10279.9279 10268.3560  0.11%  1997 1679s
  2111  1560 10271.9609   10 1266 10279.9279 10268.3560  0.11%  1996 1691s
  2112  1560 10278.1477   38 1255 10279.9279 10268.3560  0.11%  1995 1705s
  2113  1561 10278.2139   37 1259 10279.9279 10268.3560  0.11%  1994 1716s
  2114  1562 10272.6674   11 1261 10279.9279 10268.3704  0.11%  1993 1752s
  2115  1562 10279.3126   41 1245 10279.9279 10268.3704  0.11%  1992 1775s
  2116  1563 10274.1187   43 1257 10279.9279 10268.3704  0.11%  1991 1792s

Cutting planes:
  Gomory: 70
  Cover: 3
  Implied bound: 93
  MIR: 220
  Mixing: 5
  Flow cover: 775
  RLT: 22
  Relax-and-lift: 26

Explored 2116 nodes (4575413 simplex iterations) in 1800.77 seconds (1555.88 work units)
Thread count was 24 (of 24 available processors)

Solution count 10: 10279.9 10279.9 10279.9 ... 10281.7

Time limit reached
Best objective 1.027992786624e+04, best bound 1.026837227309e+04, gap 0.1124%
