
Gurobi 13.0.1 (win64) logging started Fri Oct  9 15:44:33 2026

Set parameter LogFile to value "ieee_owen\weak_eps_experiment\stochastic\main17_xi\logs\n60_S20_day28_ef_gurobi.log"
Set parameter NodefileStart to value 3
Set parameter MIPGap to value 0.0001
Gurobi Optimizer version 13.0.1 build v13.0.1rc0 (win64 - Windows 10.0 (19045.2))

CPU model: AMD Ryzen 9 5900X 12-Core Processor, instruction set [SSE2|AVX|AVX2]
Thread count: 12 physical cores, 24 logical processors, using up to 24 threads

Non-default parameters:
TimeLimit  1800
NodefileStart  3
LogToConsole  0

Optimize a model with 340064 rows, 343286 columns and 1462340 nonzeros (Min)
Model fingerprint: 0x8ef82422
Model has 22 linear objective coefficients
Variable types: 289046 continuous, 54240 integer (54240 binary)
Coefficient statistics:
  Matrix range     [3e-04, 2e+02]
  Objective range  [5e-02, 1e+00]
  Bounds range     [1e-03, 6e+01]
  RHS range        [5e-02, 2e+01]

Presolve removed 152709 rows and 125641 columns
Presolve time: 3.07s
Presolved: 187355 rows, 217645 columns, 745640 nonzeros
Variable types: 168766 continuous, 48879 integer (48878 binary)
Found heuristic solution: objective 19278.881021
Found heuristic solution: objective 19267.908672
Deterministic concurrent LP optimizer: primal simplex, dual simplex, and barrier
Showing barrier log only...

Root barrier log...

Ordering time: 1.43s
Ordering time: 1.62s

Barrier statistics:
 Dense cols : 567
 Free vars  : 41
 AA' NZ     : 6.352e+05
 Factor NZ  : 3.420e+06 (roughly 180 MB of memory)
 Factor Ops : 5.614e+08 (less than 1 second per iteration)
 Threads    : 10

                  Objective                Residual
Iter       Primal          Dual         Primal    Dual     Compl     Time
   0   1.66645392e+00 -2.13361800e+04  4.77e+03 6.40e+01  1.61e+00     8s
   1  -2.65474521e+04 -2.14567920e+04  4.74e+03 5.70e+01  1.62e+00     8s
   2   4.74123287e+04 -2.13794020e+04  4.55e+03 5.34e+01  1.61e+00     8s
   3   7.80687770e+04 -2.25144827e+04  3.17e+03 4.61e+01  1.27e+00     8s
   4  -6.32856099e+03 -2.29330605e+04  2.86e+03 3.86e+01  1.21e+00     9s
   5  -1.19705273e+05 -2.17894621e+04  2.13e+03 2.82e+01  8.78e-01     9s
   6  -7.64432100e+04 -1.80023458e+04  1.02e+03 1.09e+01  4.45e-01     9s
   7  -4.17168238e+04 -1.16106445e+04  5.31e+02 4.87e+00  2.34e-01     9s
   8  -3.17203061e+04 -2.31183722e+03  4.22e+02 1.98e+00  1.75e-01     9s
   9  -2.40492421e+04 -2.96187590e+02  3.46e+02 1.57e+00  1.44e-01     9s
  10  -1.42760231e+04  1.08479352e+03  2.51e+02 1.31e+00  1.08e-01     9s
  11  -8.56646729e+03  3.14806134e+03  1.98e+02 9.91e-01  8.51e-02     9s
  12  -3.24637699e+03  5.78614434e+03  1.50e+02 6.93e-01  6.38e-02     9s
  13   3.32052866e+03  8.96630780e+03  9.21e+01 3.91e-01  3.90e-02     9s
  14   6.57870410e+03  1.09005883e+04  6.58e+01 2.48e-01  2.72e-02    10s
  15   9.98801823e+03  1.25456131e+04  4.15e+01 1.48e-01  1.74e-02    10s
  16   1.16756974e+04  1.33873950e+04  2.99e+01 1.07e-01  1.27e-02    10s
  17   1.25016732e+04  1.37548832e+04  2.45e+01 9.13e-02  1.07e-02    10s
  18   1.30017948e+04  1.39450499e+04  2.07e+01 8.32e-02  9.33e-03    10s
  19   1.36257056e+04  1.41459162e+04  1.60e+01 7.44e-02  7.64e-03    10s
  20   1.39672836e+04  1.44148954e+04  1.37e+01 6.32e-02  6.54e-03    10s
  21   1.41013171e+04  1.47346488e+04  1.28e+01 5.25e-02  5.78e-03    10s
  22   1.41143046e+04  1.48434384e+04  1.27e+01 5.15e-02  5.72e-03    10s
  23   1.41301168e+04  1.50392437e+04  1.26e+01 5.10e-02  5.66e-03    10s
  24   1.41373491e+04  1.50864597e+04  1.25e+01 5.09e-02  5.65e-03    11s
  25   1.41591083e+04  1.50935386e+04  1.24e+01 5.07e-02  5.61e-03    11s
  26   1.42122058e+04  1.52019037e+04  1.21e+01 4.74e-02  5.40e-03    11s
  27   1.43557329e+04  1.54071557e+04  1.13e+01 4.33e-02  5.02e-03    11s
  28   1.44638088e+04  1.53107883e+04  1.08e+01 4.19e-02  4.83e-03    11s
  29   1.48834754e+04  1.55952843e+04  8.59e+00 3.00e-02  3.80e-03    11s
  30   1.54096228e+04  1.59236970e+04  6.06e+00 2.03e-02  2.70e-03    12s
  31   1.58742425e+04  1.60436319e+04  3.78e+00 1.71e-02  2.00e-03    12s
  32   1.60618196e+04  1.62051070e+04  2.88e+00 1.28e-02  1.51e-03    12s
  33   1.62323916e+04  1.63175943e+04  2.06e+00 9.54e-03  1.12e-03    12s
  34   1.63674075e+04  1.63594894e+04  1.42e+00 8.34e-03  9.05e-04    12s
  35   1.64848515e+04  1.64583505e+04  8.69e-01 5.60e-03  5.99e-04    12s
  36   1.65449244e+04  1.65339141e+04  5.88e-01 3.52e-03  3.92e-04    12s
  37   1.65986553e+04  1.65825927e+04  3.25e-01 2.18e-03  2.37e-04    13s
  38   1.66297926e+04  1.66135738e+04  1.72e-01 1.31e-03  1.41e-04    13s
  39   1.66422163e+04  1.66232140e+04  1.12e-01 1.06e-03  1.09e-04    13s
  40   1.66455441e+04  1.66326452e+04  9.53e-02 8.07e-04  8.58e-05    13s
  41   1.66525219e+04  1.66414566e+04  5.98e-02 5.71e-04  5.98e-05    13s
  42   1.66550234e+04  1.66463990e+04  4.72e-02 4.45e-04  4.70e-05    13s
  43   1.66585716e+04  1.66523417e+04  2.87e-02 2.94e-04  3.06e-05    13s
  44   1.66610168e+04  1.66558002e+04  1.59e-02 2.03e-04  2.05e-05    13s
  45   1.66614308e+04  1.66603668e+04  1.37e-02 8.64e-05  1.08e-05    13s
  46   1.66623698e+04  1.66616747e+04  8.60e-03 5.34e-05  6.82e-06    13s
  47   1.66631885e+04  1.66627654e+04  4.08e-03 2.66e-05  3.42e-06    13s
  48   1.66635591e+04  1.66631324e+04  2.02e-03 1.77e-05  2.13e-06    13s
  49   1.66637929e+04  1.66634525e+04  7.06e-04 1.04e-05  1.12e-06    14s
  50   1.66638116e+04  1.66634837e+04  5.88e-04 9.60e-06  1.02e-06    14s
  51   1.66638941e+04  1.66637632e+04  8.77e-05 3.07e-06  3.16e-07    14s
  52   1.66639027e+04  1.66638651e+04  2.80e-05 7.96e-07  9.25e-08    14s
  53   1.66639055e+04  1.66639045e+04  1.79e-06 1.88e-08  3.18e-09    14s
  54   1.66639056e+04  1.66639056e+04  1.80e-09 2.70e-10  1.30e-12    14s

Barrier solved model in 54 iterations and 13.87 seconds (14.29 work units)
Optimal objective 1.66639056e+04


Root crossover log...

   61649 DPushes remaining with DInf 0.0000000e+00                14s
       0 DPushes remaining with DInf 0.0000000e+00                15s

   36305 PPushes remaining with PInf 0.0000000e+00                15s
   24656 PPushes remaining with PInf 0.0000000e+00                15s
       0 PPushes remaining with PInf 0.0000000e+00                16s

  Push phase complete: Pinf 0.0000000e+00, Dinf 3.3707913e-11     16s


Root simplex log...

Iteration    Objective       Primal Inf.    Dual Inf.      Time
   84130    1.6663906e+04   0.000000e+00   0.000000e+00     16s
Crossover time: 2.47 seconds (3.33 work units)
Concurrent spin time: 1.19s (can be avoided by choosing Method=3)

Solved with barrier
   84130    1.6663906e+04   0.000000e+00   0.000000e+00     18s

Root relaxation: objective 1.666391e+04, 84130 iterations, 12.10 seconds (10.70 work units)

    Nodes    |    Current Node    |     Objective Bounds      |     Work
 Expl Unexpl |  Obj  Depth IntInf | Incumbent    BestBd   Gap | It/Node Time

     0     0 16663.9056    0 1592 19267.9087 16663.9056  13.5%     -   24s
H    0     0                    16735.973636 16663.9056  0.43%     -   29s
     0     0 16665.4974    0 1661 16735.9736 16665.4974  0.42%     -   36s
     0     0 16665.5080    0 1659 16735.9736 16665.5080  0.42%     -   38s
     0     0 16665.7408    0 1612 16735.9736 16665.7408  0.42%     -   45s
     0     0 16665.7429    0 1591 16735.9736 16665.7429  0.42%     -   46s
     0     0 16665.8690    0 1516 16735.9736 16665.8690  0.42%     -   51s
H    0     0                    16716.034290 16665.8698  0.30%     -   55s
     0     0 16665.8698    0 1515 16716.0343 16665.8698  0.30%     -   56s
     0     0 16665.8898    0 1527 16716.0343 16665.8898  0.30%     -   64s
     0     0 16665.8898    0 1528 16716.0343 16665.8898  0.30%     -   64s
H    0     0                    16715.891861 16665.8898  0.30%     -   66s
     0     0 16665.8926    0 1482 16715.8919 16665.8926  0.30%     -   67s
     0     0 16665.8926    0 1483 16715.8919 16665.8926  0.30%     -   67s
     0     0 16665.8926    0 1469 16715.8919 16665.8926  0.30%     -   71s
     0     0 16665.8931    0 1471 16715.8919 16665.8931  0.30%     -   72s
     0     0 16665.8931    0 1469 16715.8919 16665.8931  0.30%     -   75s
H    0     0                    16715.881191 16665.8931  0.30%     -   77s
     0     0 16665.8931    0 1470 16715.8812 16665.8931  0.30%     -   77s
     0     0 16665.8931    0 1472 16715.8812 16665.8931  0.30%     -   80s
     0     0 16665.8931    0 1472 16715.8812 16665.8931  0.30%     -   80s
     0     0 16665.8931    0 1414 16715.8812 16665.8931  0.30%     -   84s
     0     0 16665.8931    0 1409 16715.8812 16665.8931  0.30%     -   87s
     0     0 16665.8931    0 1414 16715.8812 16665.8931  0.30%     -   90s
     0     0 16665.8946    0 1413 16715.8812 16665.8946  0.30%     -   90s
     0     0 16665.8946    0 1333 16715.8812 16665.8946  0.30%     -   93s
     0     2 16665.8946    0 1332 16715.8812 16665.8946  0.30%     -  100s
     3     8 16666.7768    2 1369 16715.8812 16665.9292  0.30%  3705  107s
     7    16 16666.8093    3 1370 16715.8812 16665.9308  0.30%  2842  116s
    15    28 16666.8093    4 1374 16715.8812 16666.0087  0.30%  3257  128s
    27    55 16666.9762    5 1374 16715.8812 16666.0759  0.30%  4288  142s
    54    91 16666.9762    9 1375 16715.8812 16666.0771  0.30%  3237  149s
    90   155 16666.9762   13 1365 16715.8812 16666.0771  0.30%  2217  161s
H  126   155                    16687.024966 16666.0771  0.13%  1850  161s
   154   210 16667.0838   16 1334 16687.0250 16666.0771  0.13%  1614  183s
   209   222 16667.9791   22 1023 16687.0250 16666.0771  0.13%  1563  240s
H  211   222                    16684.461913 16666.0771  0.11%  1557  240s
H  212   222                    16683.530792 16666.0771  0.10%  1559  240s
H  216   222                    16682.598880 16666.0771  0.10%  1550  240s
H  218   222                    16679.920447 16666.0771  0.08%  1558  240s
   221   245 16671.4222   22 1059 16679.9204 16666.0771  0.08%  1674  263s
H  231   245                    16679.871799 16666.0771  0.08%  2067  263s
   244   276 16673.3156   23 1033 16679.8718 16666.0771  0.08%  2433  294s
   275   305 16668.5685   23 1284 16679.8718 16666.0771  0.08%  2857  326s
   304   317 16669.8517   26 1095 16679.8718 16666.0771  0.08%  3413  376s
   316   357 16671.8311   26  885 16679.8718 16666.0771  0.08%  3596  420s
   356   409 16672.0341   28  928 16679.8718 16666.0771  0.08%  3759  455s
   408   491 16672.7007   29  989 16679.8718 16666.0771  0.08%  4088  494s
H  494   502                    16679.861974 16666.0771  0.08%  4155  530s
   517   584 16674.8259   36  609 16679.8620 16666.0771  0.08%  4082  573s
   630   621 16678.9681   41  525 16679.8620 16666.0779  0.08%  3950  627s
   719   686 16669.8172   11 1291 16679.8620 16666.1611  0.08%  3861  668s
   786   764 16673.0842   13  959 16679.8620 16666.1611  0.08%  3895  724s
   864   868 16675.6359   14  886 16679.8620 16666.1611  0.08%  3999  773s
   970   999 16676.4820   16  941 16679.8620 16666.1611  0.08%  4017  830s
  1133  1192 16671.4540   10 1054 16679.8620 16666.1611  0.08%  3721  883s
  1342  1463 16676.0403   14  827 16679.8620 16666.1611  0.08%  3379  921s
  1637  1670 16679.4727   16  634 16679.8620 16666.1611  0.08%  2916  964s
H 1765  1440                    16678.760010 16666.1611  0.08%  2744  965s
H 1805  1330                    16678.525070 16666.1611  0.07%  2683  965s
H 1858   876                    16677.751842 16666.1611  0.07%  2621 1003s
  1859   819 16671.9646   22 1333 16677.7518 16666.1611  0.07%  2619 1235s
  1861   820 16673.8642   17 2080 16677.7518 16666.1611  0.07%  2616 1281s
  1862   821 16677.0866   24 1441 16677.7518 16666.1611  0.07%  2615 1329s
  1863   822 16674.4231   29 1554 16677.7518 16666.1611  0.07%  2614 1339s
  1864   822 16671.4255   21 1544 16677.7518 16666.1611  0.07%  2612 1342s
  1865   823 16677.2269   29 1539 16677.7518 16666.1611  0.07%  2611 1368s
  1866   824 16676.9259   26 1405 16677.7518 16666.1611  0.07%  2609 1399s
  1867   824 16677.7391   54 1490 16677.7518 16666.1611  0.07%  2608 1433s
  1868   825 16673.1000   17 1423 16677.7518 16666.1611  0.07%  2607 1468s
  1869   826 16671.2181   10 1602 16677.7518 16666.1611  0.07%  2605 1492s
  1870   826 16667.0223    9 1444 16677.7518 16666.1611  0.07%  2604 1532s
  1871   827 16669.1556   16 1563 16677.7518 16666.1611  0.07%  2602 1537s
  1872   828 16673.2764   15 1678 16677.7518 16666.1611  0.07%  2601 1558s
  1873   828 16677.7391   43 1496 16677.7518 16666.1611  0.07%  2600 1598s
  1874   829 16673.6568   22 1751 16677.7518 16666.1611  0.07%  2598 1602s
  1875   830 16677.3577   18 1785 16677.7518 16666.1611  0.07%  2597 1621s
  1876   830 16669.4255   14 1506 16677.7518 16666.2016  0.07%  2596 1659s
H 1876   788                    16677.750658 16666.2256  0.07%  2596 1662s
  1878   790 16673.7084   18 1662 16677.7507 16666.2282  0.07%  2593 1665s
  1879   790 16667.4291   14 1534 16677.7507 16666.2283  0.07%  2591 1685s
  1880   791 16677.6091   40 1478 16677.7507 16666.2577  0.07%  2590 1718s
  1881   792 16677.3594   17 1676 16677.7507 16666.3970  0.07%  2589 1743s
  1882   792 16671.6372   20 1538 16677.7507 16666.3970  0.07%  2587 1769s
  1883   793 16674.7372   21 1793 16677.7507 16666.4672  0.07%  2586 1771s
  1884   794 16668.3414   14 1792 16677.7507 16666.4672  0.07%  2585 1789s

Cutting planes:
  Gomory: 86
  Cover: 97
  Implied bound: 72
  MIR: 502
  Mixing: 8
  Flow cover: 1751
  Network: 6
  RLT: 16
  Relax-and-lift: 100
  BQP: 2

Explored 1884 nodes (5257638 simplex iterations) in 1800.56 seconds (1760.48 work units)
Thread count was 24 (of 24 available processors)

Solution count 10: 16677.8 16677.8 16677.8 ... 16679.9

Time limit reached
Best objective 1.667775065796e+04, best bound 1.666646723426e+04, gap 0.0677%
