
Cluster assignments:
Cluster 0 (represented by Day 25): [ 1 12 17 21 25 26 27 28]... (total 8 days)
Cluster 1 (represented by Day 4): [ 2  3  4  5  6  7  8  9 10 11]... (total 23 days)
[reserve] pi_res = 56 EUR/MW.h (daily mean of fcrn_dk2_56 hourly prices), 1h blocks
[reserve] c_min_G = 0.15 (electrolyzer min load / els_cap); literature 0.1-0.16 -> OK
[reserve] c_sb_G = 0.01 (electrolyzer standby draw / els_cap); literature 0.025-0.05 -> OUT OF RANGE
✓ spring  :  92 days | Mean: 1 MWh | RMSE range: 0.0-0.2 MWh
✓ summer  :  92 days | Mean: 1 MWh | RMSE range: 0.0-0.3 MWh
✓ fall    :  91 days | Mean: 1 MWh | RMSE range: 0.0-0.2 MWh
✓ winter  :  90 days | Mean: 1 MWh | RMSE range: 0.0-0.1 MWh

=== 60p_reserve_peak_day1_S20_seed0_grb_direct-gurobi_kl0.0960365_dual_ndw_rsc0.303571_main: n=60, |T|=24, |Omega|=20 ===

[1] extensive form (DP_N^Omega)
Set parameter Username
Set parameter LicenseID to value 2742039
Academic license - for non-commercial use only - expires 2026-11-20
Set parameter OutputFlag to value 1
Set parameter LogToConsole to value 0
  obj 11171.462148  status optimal  gap 1.33e-04  7543.6s  vars 343244
  KL r=0.0960365: worst case 11171.462148 vs expected 10787.469449; 1 MILP solve(s); rho* 0.049 0.040 0.027 0.022 0.033 0.037 0.033 0.053 0.048 0.066 0.059 0.070 0.085 0.072 0.037 0.044 0.030 0.034 0.122 0.039 (KL 0.0960)
    round 1: MIPGap 1e-04  7542.7s  19776 nodes  psi-bound 1.33e-04  psi-incumbent 4.99e-05

[2] column generation (DWR_N^Omega)
  seed columns: largest carrier-row residual 4.62e-14 (repaired)
  CG   25 | RMP    10441.5295 | LB    10462.8109 | UB           inf | a 1.00 std      | min rc  0.0000e+00 | +0  [round] | lp 0.57s solver 0.53s 2179 it 19225 cols 609841 nz
  -- penalty round 1: eps 0.2 delta 0.2 RMP 10441.5295 LB 10462.8109 UB 11171.4621 gap 6.34e-02 [round] 51s
  CG   50 | RMP    11164.9083 | LB    11109.7950 | UB    11171.4621 | a 0.10 smooth   | min rc -3.3791e+00 | +101 | lp 0.67s solver 0.66s 2642 it 21438 cols 768634 nz
  CG   75 | RMP    11162.5190 | LB    11158.9557 | UB    11171.4621 | a 0.10 smooth   | min rc -1.7052e+00 | +57 | lp 1.93s solver 1.90s 4807 it 22891 cols 773939 nz
  CG   80 | RMP    11162.0476 | LB    11161.8365 | UB    11171.4621 | a 1.00 std      | min rc  0.0000e+00 | +0  [round] | lp 2.37s solver 2.34s 5631 it 24269 cols 844170 nz
  -- penalty round 2: eps 0.05 delta 0.05 RMP 11162.0476 LB 11161.8365 UB 11171.4621 gap 8.62e-04 [round] 417s
  CG  100 | RMP    11169.4586 | LB    11168.1549 | UB    11171.4621 | a 0.10 smooth   | min rc -3.1688e-01 | +35 | lp 1.63s solver 1.59s 3522 it 26749 cols 968624 nz
  CG  110 | RMP    11169.2225 | LB    11169.1456 | UB    11171.4621 | a 1.00 std      | min rc  0.0000e+00 | +0  [round] | lp 2.66s solver 2.60s 5075 it 27097 cols 984876 nz
  -- penalty round 3: eps 0.0125 delta 0.0125 RMP 11169.2225 LB 11169.1456 UB 11171.4621 gap 2.07e-04 [round] 727s
  CG  125 | RMP    11170.1698 | LB    11169.8302 | UB    11171.4621 | a 0.10 smooth   | min rc -2.5738e-02 | +8 | lp 1.14s solver 1.11s 2087 it 27885 cols 1025652 nz
  CG  135 | RMP    11170.1436 | LB    11170.0884 | UB    11171.4621 | a 1.00 std      | min rc  0.0000e+00 | +0  [round] | lp 0.65s solver 0.60s 1182 it 28370 cols 1057151 nz
  -- penalty round 4: eps 0.00313 delta 0.00313 RMP 11170.1436 LB 11170.0884 UB 11171.4621 gap 1.23e-04 [round] 974s
  CG  150 | RMP    11170.3270 | LB    11170.2785 | UB    11171.4621 | a 0.10 smooth   | min rc -3.0796e-03 | +1 | lp 2.36s solver 2.33s 3720 it 29562 cols 1128410 nz
  CG  151 | RMP    11170.3267 | LB    11170.2785 | UB    11171.4621 | a 1.00 std      | min rc  0.0000e+00 | +0  [round] | lp 1.62s solver 1.55s 2733 it 28956 cols 1091086 nz
  -- penalty round 5: eps 0.000781 delta 0.000781 RMP 11170.3267 LB 11170.2785 UB 11171.4621 gap 1.06e-04 [round] 1152s
  CG  156 | RMP    11170.3458 | LB    11170.2940 | UB    11171.4621 | a 1.00 std      | min rc  0.0000e+00 | +0  [round] | lp 1.59s solver 1.56s 2705 it 29505 cols 1126087 nz
  -- penalty round 6: eps 0.000195 delta 0.000195 RMP 11170.3458 LB 11170.2940 UB 11171.4621 gap 1.05e-04 [round] 1200s
  CG  157 | RMP    11170.3489 | LB    11170.2940 | UB    11170.3509 | a 1.00 std      | min rc  0.0000e+00 | +0  [done] | lp 9.35s solver 9.30s 4988 it 29505 cols 1126087 nz
  -- penalty round 7: eps 0 delta 0 RMP 11170.3489 LB 11170.2940 UB 11170.3509 gap 5.09e-06 [done] 1210s
  obj 11170.350878  LB 11170.294008  gap 5.09e-06  iters 157  1210.2s  rounds 7  status optimal
  KL r=0.0960365: 980 tangent planes; rho* 0.049 0.040 0.027 0.022 0.033 0.037 0.033 0.053 0.048 0.066 0.060 0.070 0.085 0.071 0.037 0.044 0.030 0.034 0.122 0.039 (KL 0.0960)
  time: master LP 290.3s  pricing 904.9s (147744 MILPs, 8 worker(s))

[3] robust Owen allocation
  omega_LR,rob 1.167705  eps_LR 0.019462  certified [-0.369407, 1.168139]
  EF slack 1.4807 = 127% of the reported omega  (> 10%: use --table for a table run)
  checks: budget 0.00e+00  duality -4.35e-04  pricing 0.00e+00

[4] stand-alone values val(DP_{j}^Omega)
   player         Owen        E[x*]        alone       chi^LR
       u1    1468.6271    1468.6076     935.7378     532.8699
       u2      41.2908      41.2714      -0.0000      41.2714
       u3     607.1636     607.1442     274.5998     332.5443
       u4    -754.0025    -754.0219    -801.3049      47.2829
       u5    -389.7767    -389.7961    -499.9408     110.1446
       u6   -1104.9437   -1104.9632   -1181.5199      76.5567
       u7     448.5533     448.5338     297.8220     150.7118
       u8      50.7479      50.7284      -0.0000      50.7284
       u9     610.9241     610.9046     274.5998     336.3048
      u10     792.8308     792.8113     604.9559     187.8554
      u11     104.8727     104.8532      91.6133      13.2399
      u12    -665.3370    -665.3564    -722.2231      56.8666
      u13    -398.0557    -398.0751    -509.3477     111.2725
      u14    -938.3216    -938.3411    -994.2685      55.9274
      u15   -1847.6829   -1847.7024   -1950.2317     102.5293
      u16    1105.0171    1104.9977     670.6013     434.3964
      u17     435.3599     435.3404     244.5634     190.7771
      u18      68.7346      68.7151      -0.0000      68.7151
      u19       4.7745       4.7550      -0.0000       4.7550
      u20     610.9241     610.9046     274.5998     336.3048
      u21     192.1343     192.1148     146.3285      45.7863
      u22     157.3091     157.2896     137.4199      19.8696
      u23    -707.2032    -707.2226    -766.8835      59.6609
      u24    -874.6026    -874.6221    -918.8381      44.2161
      u25    -790.2283    -790.2478    -832.1966      41.9488
      u26    -105.0622    -105.0817    -231.4816     126.3999
      u27    -203.2138    -203.2333    -264.3163      61.0831
      u28    -881.3356    -881.3551    -974.5768      93.2217
      u29    -637.5136    -637.5331    -709.5040      71.9709
      u30    -332.5629    -332.5823    -349.3308      16.7485
      u31    1756.7445    1756.7251    1102.4488     654.2763
      u32      77.8072      77.7877      -0.0000      77.7877
      u33     425.0145     424.9951     192.2199     232.7752
      u34    -757.2310    -757.2504    -801.4708      44.2204
      u35    -406.8109    -406.8304    -520.4423     113.6119
      u36   -1122.1489   -1122.1683   -1188.5129      66.3445
      u37     375.3678     375.3483     271.8215     103.5268
      u38      41.8867      41.8673      -0.0000      41.8673
      u39     793.0732     793.0537     356.9798     436.0739
      u40    1148.3634    1148.3439     908.7606     239.5834
      u41    -218.3293    -218.3488    -364.5507     146.2019
      u42    -585.2366    -585.2561    -648.2108      62.9547
      u43    -400.5251    -400.5445    -515.4229     114.8784
      u44    -359.9147    -359.9342    -504.4972     144.5631
      u45   -1855.4829   -1855.5024   -1955.5120     100.0096
      u46    1937.2030    1937.1835    1175.7318     761.4518
      u47     205.0637     205.0443     115.2922      89.7521
      u48      24.1830      24.1635      -0.0000      24.1635
      u49      68.6781      68.6586      -0.0000      68.6586
      u50     550.2077     550.1882     247.1399     303.0484
      u51     372.6919     372.6724     265.2141     107.4584
      u52    -304.7382    -304.7576    -375.4861      70.7284
      u53   -1471.7074   -1471.7269   -1654.4854     182.7585
      u54   -1821.0230   -1821.0424   -1920.0602      99.0178
      u55   -1846.9942   -1847.0137   -1951.8073     104.7936
      u56    -126.5231    -126.5426    -358.0541     231.5115
      u57    -399.3588    -399.3782    -517.6351     118.2569
      u58   -1145.0924   -1145.1119   -1292.3659     147.2540
      u59   -1104.7649   -1104.7843   -1243.5473     138.7630
      u60   -1090.1193   -1090.1388   -1153.2934      63.1547

wrote ieee_owen\weak_eps_experiment\stochastic\main17_xi\60p_reserve_peak_day1_S20_seed0_grb_direct-gurobi_kl0.0960365_dual_ndw_rsc0.303571_main.json
