
Gurobi 13.0.1 (win64) logging started Fri Oct  9 07:26:22 2026

Set parameter LogFile to value "ieee_owen\weak_eps_experiment\stochastic\main17_xi\logs\n60_S20_day23_ef_gurobi.log"
Set parameter NodefileStart to value 3
Set parameter MIPGap to value 0.0001
Gurobi Optimizer version 13.0.1 build v13.0.1rc0 (win64 - Windows 10.0 (19045.2))

CPU model: AMD Ryzen 9 5900X 12-Core Processor, instruction set [SSE2|AVX|AVX2]
Thread count: 12 physical cores, 24 logical processors, using up to 24 threads

Non-default parameters:
TimeLimit  1800
NodefileStart  3
LogToConsole  0

Optimize a model with 340064 rows, 343286 columns and 1462340 nonzeros (Min)
Model fingerprint: 0xda7733f5
Model has 22 linear objective coefficients
Variable types: 289046 continuous, 54240 integer (54240 binary)
Coefficient statistics:
  Matrix range     [3e-04, 2e+02]
  Objective range  [5e-02, 1e+00]
  Bounds range     [8e-03, 6e+01]
  RHS range        [5e-02, 2e+01]

Presolve removed 152126 rows and 125349 columns
Presolve time: 3.32s
Presolved: 187938 rows, 217937 columns, 745907 nonzeros
Variable types: 169067 continuous, 48870 integer (48869 binary)
Found heuristic solution: objective 14463.478526
Deterministic concurrent LP optimizer: primal simplex, dual simplex, and barrier
Showing barrier log only...

Root barrier log...

Ordering time: 1.37s
Ordering time: 1.55s

Barrier statistics:
 Dense cols : 567
 Free vars  : 41
 AA' NZ     : 6.347e+05
 Factor NZ  : 3.431e+06 (roughly 180 MB of memory)
 Factor Ops : 5.720e+08 (less than 1 second per iteration)
 Threads    : 10

                  Objective                Residual
Iter       Primal          Dual         Primal    Dual     Compl     Time
   0   1.76258465e+00 -2.25581305e+04  5.04e+03 6.40e+01  1.70e+00     8s
   1  -2.56630605e+04 -2.27163412e+04  5.01e+03 6.11e+01  1.70e+00     8s
   2   3.18199582e+05 -2.26532143e+04  4.68e+03 5.34e+01  1.75e+00     8s
   3  -8.22675562e+04 -2.35410040e+04  3.54e+03 4.87e+01  1.29e+00     8s
   4  -1.88675830e+05 -2.38224861e+04  2.93e+03 4.31e+01  1.06e+00     8s
   5  -2.05339982e+05 -2.34316782e+04  2.28e+03 3.59e+01  8.17e-01     8s
   6  -1.71542736e+05 -2.21687704e+04  1.76e+03 2.80e+01  6.53e-01     8s
   7  -6.62468624e+04 -1.54372389e+04  7.22e+02 2.84e+00  3.10e-01     8s
   8  -2.99548018e+04 -7.37895127e+03  3.61e+02 1.01e+00  1.60e-01     9s
   9  -2.19029256e+04 -3.03027523e+03  2.80e+02 4.86e-01  1.18e-01     9s
  10  -1.81084571e+04 -2.13152350e+03  2.44e+02 4.23e-01  1.04e-01     9s
  11  -9.47202702e+03  3.76117594e+02  1.62e+02 2.65e-01  6.96e-02     9s
  12  -1.92340603e+03  1.99849810e+03  9.48e+01 1.94e-01  4.38e-02     9s
  13   1.34894973e+03  4.83187728e+03  6.80e+01 1.05e-01  2.97e-02     9s
  14   3.12349627e+03  5.74228234e+03  5.46e+01 8.61e-02  2.42e-02     9s
  15   4.19843073e+03  6.39658703e+03  4.69e+01 7.29e-02  2.08e-02     9s
  16   5.20823284e+03  7.08939073e+03  3.96e+01 5.99e-02  1.75e-02     9s
  17   5.64729721e+03  7.76421786e+03  3.65e+01 4.83e-02  1.54e-02     9s
  18   6.31749275e+03  8.05111976e+03  3.15e+01 4.35e-02  1.34e-02     9s
  19   6.97782532e+03  8.36705295e+03  2.66e+01 3.84e-02  1.15e-02    10s
  20   7.61156602e+03  8.64380692e+03  2.20e+01 3.41e-02  9.79e-03    10s
  21   7.87479175e+03  9.11500470e+03  2.02e+01 2.69e-02  8.44e-03    10s
  22   8.51032625e+03  9.36141845e+03  1.59e+01 2.31e-02  6.88e-03    10s
  23   8.91766649e+03  9.55146190e+03  1.32e+01 2.04e-02  5.87e-03    10s
  24   8.98929666e+03  9.75221150e+03  1.27e+01 1.94e-02  5.63e-03    10s
  25   9.00388766e+03  9.83095666e+03  1.26e+01 1.93e-02  5.60e-03    10s
  26   9.02156999e+03  1.00391533e+04  1.25e+01 1.92e-02  5.56e-03    10s
  27   9.03606611e+03  1.01190890e+04  1.25e+01 1.91e-02  5.53e-03    10s
  28   9.27881237e+03  1.02130569e+04  1.13e+01 1.76e-02  5.09e-03    11s
  29   9.92068687e+03  1.02288857e+04  8.16e+00 1.42e-02  4.11e-03    11s
  30   1.02202065e+04  1.04230155e+04  6.69e+00 1.28e-02  3.56e-03    11s
  31   1.07980375e+04  1.06937060e+04  3.96e+00 1.03e-02  2.59e-03    12s
  32   1.10483982e+04  1.09121870e+04  2.77e+00 8.01e-03  1.96e-03    12s
  33   1.11018272e+04  1.10305441e+04  2.53e+00 6.76e-03  1.68e-03    12s
  34   1.13233498e+04  1.12903377e+04  1.52e+00 3.94e-03  1.00e-03    12s
  35   1.14648105e+04  1.13927948e+04  8.74e-01 2.84e-03  6.83e-04    12s
  36   1.14919209e+04  1.14656816e+04  7.48e-01 2.04e-03  5.16e-04    12s
  37   1.15265184e+04  1.14924714e+04  5.88e-01 1.75e-03  4.32e-04    12s
  38   1.15660294e+04  1.15020697e+04  4.06e-01 1.64e-03  3.78e-04    13s
  39   1.15914835e+04  1.15469331e+04  2.89e-01 1.15e-03  2.67e-04    13s
  40   1.16093374e+04  1.15652783e+04  2.06e-01 9.47e-04  2.15e-04    13s
  41   1.16239287e+04  1.15870553e+04  1.38e-01 7.02e-04  1.59e-04    13s
  42   1.16342464e+04  1.15985094e+04  8.89e-02 5.74e-04  1.26e-04    13s
  43   1.16378632e+04  1.16138627e+04  7.13e-02 4.06e-04  9.17e-05    13s
  44   1.16415258e+04  1.16151017e+04  5.29e-02 3.92e-04  8.49e-05    13s
  45   1.16438739e+04  1.16267675e+04  4.13e-02 2.65e-04  5.95e-05    13s
  46   1.16444484e+04  1.16293661e+04  3.85e-02 2.38e-04  5.37e-05    13s
  47   1.16470102e+04  1.16351018e+04  2.54e-02 1.75e-04  3.93e-05    13s
  48   1.16493454e+04  1.16381110e+04  1.34e-02 1.42e-04  3.04e-05    13s
  49   1.16504983e+04  1.16469774e+04  7.64e-03 4.63e-05  1.17e-05    13s
  50   1.16512138e+04  1.16495995e+04  3.89e-03 2.08e-05  5.64e-06    13s
  51   1.16517182e+04  1.16513003e+04  1.09e-03 4.77e-06  1.51e-06    14s
  52   1.16518694e+04  1.16516824e+04  1.73e-04 1.66e-06  4.76e-07    14s
  53   1.16518930e+04  1.16518713e+04  1.86e-05 1.56e-07  5.41e-08    14s
  54   1.16518943e+04  1.16518943e+04  6.83e-08 9.69e-10  1.71e-10    14s

Barrier solved model in 54 iterations and 13.76 seconds (14.35 work units)
Optimal objective 1.16518943e+04


Root crossover log...

   60008 DPushes remaining with DInf 8.8852171e-05                14s
       0 DPushes remaining with DInf 0.0000000e+00                15s

   35389 PPushes remaining with PInf 6.9478873e-06                15s
   25723 PPushes remaining with PInf 1.7112869e-06                15s
       0 PPushes remaining with PInf 0.0000000e+00                16s

  Push phase complete: Pinf 0.0000000e+00, Dinf 2.9404863e-01     16s


Root simplex log...

Iteration    Objective       Primal Inf.    Dual Inf.      Time
   82568    1.1651894e+04   0.000000e+00   2.940486e-01     16s
   82569    1.1651894e+04   0.000000e+00   0.000000e+00     16s
Crossover time: 2.55 seconds (2.57 work units)
Concurrent spin time: 0.73s

Solved with barrier
   82569    1.1651894e+04   0.000000e+00   0.000000e+00     17s

Root relaxation: objective 1.165189e+04, 82569 iterations, 12.03 seconds (10.45 work units)

    Nodes    |    Current Node    |     Objective Bounds      |     Work
 Expl Unexpl |  Obj  Depth IntInf | Incumbent    BestBd   Gap | It/Node Time

     0     0 11651.8943    0 1596 14463.4785 11651.8943  19.4%     -   22s
H    0     0                    11709.783206 11651.8943  0.49%     -   27s
     0     0 11652.1051    0 1482 11709.7832 11652.1051  0.49%     -   32s
H    0     0                    11704.155144 11652.1534  0.44%     -   37s
     0     0 11652.1534    0 1483 11704.1551 11652.1534  0.44%     -   37s
     0     0 11652.2316    0 1480 11704.1551 11652.2316  0.44%     -   42s
     0     0 11652.2319    0 1340 11704.1551 11652.2319  0.44%     -   43s
     0     0 11652.2354    0 1273 11704.1551 11652.2354  0.44%     -   47s
     0     0 11652.2494    0 1255 11704.1551 11652.2494  0.44%     -   48s
     0     0 11652.2494    0 1263 11704.1551 11652.2494  0.44%     -   51s
H    0     0                    11695.967007 11652.2494  0.37%     -   55s
     0     0 11652.2494    0 1257 11695.9670 11652.2494  0.37%     -   55s
     0     0 11652.2494    0 1211 11695.9670 11652.2494  0.37%     -   58s
     0     0 11652.2494    0 1021 11695.9670 11652.2494  0.37%     -   61s
H    0     0                    11687.806851 11652.2494  0.30%     -   63s
     0     0 11652.2494    0 1071 11687.8069 11652.2494  0.30%     -   64s
     0     0 11652.2494    0 1065 11687.8069 11652.2494  0.30%     -   66s
     0     0 11652.2494    0 1065 11687.8069 11652.2494  0.30%     -   67s
     0     0 11652.2494    0 1067 11687.8069 11652.2494  0.30%     -   68s
     0     0 11652.2494    0 1067 11687.8069 11652.2494  0.30%     -   70s
     0     0 11652.2494    0 1067 11687.8069 11652.2494  0.30%     -   70s
     0     0 11652.2494    0 1067 11687.8069 11652.2494  0.30%     -   71s
     0     0 11652.2494    0 1067 11687.8069 11652.2494  0.30%     -   71s
     0     0 11652.2494    0 1067 11687.8069 11652.2494  0.30%     -   74s
     0     0 11652.2494    0 1067 11687.8069 11652.2494  0.30%     -   74s
     0     0 11652.2494    0 1067 11687.8069 11652.2494  0.30%     -   76s
     0     0 11652.2494    0 1067 11687.8069 11652.2494  0.30%     -   77s
     0     0 11652.2494    0 1067 11687.8069 11652.2494  0.30%     -   78s
     0     0 11652.2494    0 1067 11687.8069 11652.2494  0.30%     -   78s
     0     0 11652.2494    0 1067 11687.8069 11652.2494  0.30%     -   78s
     0     2 11652.2494    0 1067 11687.8069 11652.2494  0.30%     -   80s
     3     8 11652.4213    2 1085 11687.8069 11652.2551  0.30%  2461   85s
     7    16 11652.4396    3 1075 11687.8069 11652.2554  0.30%  1249   90s
    15    28 11652.4581    4 1075 11687.8069 11652.2668  0.30%  1766  100s
    27    40 11652.4581    5 1097 11687.8069 11652.2795  0.30%  2498  114s
H   39    71                    11683.689419 11652.2795  0.27%  3159  127s
H   63    71                    11677.903867 11652.2795  0.22%  2325  127s
    70    91 11652.5074    6 1045 11677.9039 11652.2795  0.22%  2186  137s
H   71    91                    11677.841656 11652.2795  0.22%  2155  137s
    90   119 11652.5074    7 1021 11677.8417 11652.2795  0.22%  2067  146s
   118   194 11652.5188   11 1094 11677.8417 11652.2795  0.22%  1977  165s
H  144   194                    11677.336969 11652.2795  0.21%  1917  165s
   193   315 11652.5145   13 1035 11677.3370 11652.2795  0.21%  1952  205s
H  197   315                    11674.649876 11652.2795  0.19%  1999  205s
   314   432 11653.0407   15 1115 11674.6499 11652.2795  0.19%  1932  261s
H  374   432                    11669.733797 11652.2795  0.15%  2040  261s
H  415   432                    11669.488102 11652.2795  0.15%  2241  261s
H  431   628                    11668.911006 11652.2795  0.14%  2308  361s
H  476   628                    11666.852310 11652.2795  0.12%  2366  361s
   627   813 11654.9400   37  751 11666.8523 11652.2795  0.12%  2569  466s
H  664   813                    11660.661832 11652.2795  0.07%  2545  466s
   812   830 11657.8495   53  678 11660.6618 11652.2795  0.07%  2674  630s
H  813   830                    11659.764220 11652.2795  0.06%  2671  630s
   831  1218 11656.0603   53  606 11659.7642 11652.2795  0.06%  2673  751s
H  902  1180                    11657.558339 11652.2795  0.05%  2563  751s
  1262  1059     cutoff   68      11657.5583 11652.2795  0.05%  2328  852s
H 1427  1059                    11657.558336 11652.2819  0.05%  2451  852s
H 1464  1110                    11657.421912 11652.2819  0.04%  2459  985s
H 1474  1108                    11657.407037 11652.2819  0.04%  2476  985s
H 1506  1102                    11657.368006 11652.2819  0.04%  2503  985s
H 1528  1102                    11657.357703 11652.2819  0.04%  2548  985s
  1599  1402 11655.4345   15  802 11657.3577 11652.2819  0.04%  2652 1126s
  2041  1414 11655.9166   19  822 11657.3577 11652.2819  0.04%  2461 1285s
H 2049  1401                    11657.292543 11652.2819  0.04%  2465 1285s
  2053  1654     cutoff   17      11657.2925 11652.2819  0.04%  2476 1416s
H 2482  1606                    11657.218376 11652.2819  0.04%  2313 1532s
H 2482  1606                    11657.218291 11652.2819  0.04%  2313 1533s
H 2482  1599                    11657.206503 11652.2819  0.04%  2313 1534s
H 2482  1595                    11657.195831 11652.2819  0.04%  2313 1534s
  2483  1596 11655.0332   18 1067 11657.1958 11652.2819  0.04%  2312 1719s
  2485  1597 11656.7813   63 2406 11657.1958 11652.2819  0.04%  2310 1762s

Cutting planes:
  Gomory: 126
  Cover: 2
  Implied bound: 9
  MIR: 230
  Mixing: 21
  Flow cover: 1510
  RLT: 11
  Relax-and-lift: 41

Explored 2485 nodes (6008652 simplex iterations) in 1800.40 seconds (1912.28 work units)
Thread count was 24 (of 24 available processors)

Solution count 10: 11657.2 11657.2 11657.2 ... 11657.4

Time limit reached
Best objective 1.165719583062e+04, best bound 1.165228192723e+04, gap 0.0422%
