
Cluster assignments:
Cluster 0 (represented by Day 25): [ 1 12 17 21 25 26 27 28]... (total 8 days)
Cluster 1 (represented by Day 4): [ 2  3  4  5  6  7  8  9 10 11]... (total 23 days)
[reserve] pi_res = 56 EUR/MW.h (daily mean of fcrn_dk2_56 hourly prices), 1h blocks
[reserve] c_min_G = 0.15 (electrolyzer min load / els_cap); literature 0.1-0.16 -> OK
[reserve] c_sb_G = 0.01 (electrolyzer standby draw / els_cap); literature 0.025-0.05 -> OUT OF RANGE
✓ spring  :  92 days | Mean: 1 MWh | RMSE range: 0.0-0.2 MWh
✓ summer  :  92 days | Mean: 1 MWh | RMSE range: 0.0-0.3 MWh
✓ fall    :  91 days | Mean: 1 MWh | RMSE range: 0.0-0.2 MWh
✓ winter  :  90 days | Mean: 1 MWh | RMSE range: 0.0-0.1 MWh

=== 60p_reserve_peak_day29_S20_seed0_grb_direct-gurobi_kl0.0960365_dual_ndw_rsc0.303571_main: n=60, |T|=24, |Omega|=20 ===

[1] extensive form (DP_N^Omega)
  (read from ieee_owen\weak_eps_experiment\stochastic\main17_xi\ef_cache\n60_S20_day29.pkl)
  obj 10999.848365  status timelimit  gap 6.75e-04  1801.1s  vars 343244
  KL r=0.0960365: worst case 10999.848365 vs expected 10577.668100; 1 MILP solve(s); rho* 0.065 0.030 0.023 0.110 0.062 0.070 0.080 0.034 0.038 0.027 0.023 0.045 0.067 0.051 0.074 0.043 0.026 0.062 0.037 0.035 (KL 0.0960)
    round 1: MIPGap 1e-04  1800.7s  4058 nodes  psi-bound 6.75e-04  psi-incumbent 8.01e-05

[2] column generation (DWR_N^Omega)
Set parameter Username
Set parameter LicenseID to value 2742039
Academic license - for non-commercial use only - expires 2026-11-20
  seed columns: largest carrier-row residual 6.82e-09 (repaired)
  CG   24 | RMP    10250.5459 | LB    10259.3856 | UB           inf | a 1.00 std      | min rc  0.0000e+00 | +0  [round] | lp 0.43s solver 0.40s 2211 it 19655 cols 614399 nz
  -- penalty round 1: eps 0.2 delta 0.2 RMP 10250.5459 LB 10259.3856 UB 10999.8484 gap 6.73e-02 [round] 44s
  CG   25 | RMP    10996.2194 | LB    10330.5854 | UB    10999.8484 | a 0.10 smooth   | min rc -8.8553e+00 | +133 | lp 1.86s solver 1.81s 10335 it 19655 cols 614399 nz
  CG   50 | RMP    10991.0426 | LB    10943.0341 | UB    10999.8484 | a 0.10 smooth   | min rc -2.8168e+00 | +117 | lp 1.18s solver 1.15s 4218 it 22051 cols 737097 nz
  CG   74 | RMP    10989.2462 | LB    10989.1677 | UB    10999.8484 | a 1.00 std      | min rc  0.0000e+00 | +0  [round] | lp 3.91s solver 3.87s 2346 it 24424 cols 800506 nz
  -- penalty round 2: eps 0.05 delta 0.05 RMP 10989.2462 LB 10989.1677 UB 10999.8484 gap 9.71e-04 [round] 297s
  CG   75 | RMP    10998.2572 | LB    10989.4269 | UB    10999.8484 | a 0.10 smooth   | min rc -1.8683e+00 | +85 | lp 7.18s solver 7.14s 20489 it 24424 cols 800506 nz
  CG  100 | RMP    10997.0589 | LB    10996.8389 | UB    10999.8484 | a 0.10 smooth   | min rc -2.0157e-02 | +29 | lp 2.25s solver 2.21s 4862 it 28702 cols 1016509 nz
  CG  102 | RMP    10997.0542 | LB    10996.9318 | UB    10999.8484 | a 1.00 std      | min rc  0.0000e+00 | +0  [round] | lp 1.29s solver 1.25s 2806 it 27953 cols 974049 nz
  -- penalty round 3: eps 0.0125 delta 0.0125 RMP 10997.0542 LB 10996.9318 UB 10999.8484 gap 2.65e-04 [round] 490s
  CG  119 | RMP    10997.7952 | LB    10997.7469 | UB    10999.8484 | a 1.00 std      | min rc  0.0000e+00 | +0  [round] | lp 1.58s solver 1.50s 2990 it 29995 cols 1082927 nz
  -- penalty round 4: eps 0.00313 delta 0.00313 RMP 10997.7952 LB 10997.7469 UB 10999.8484 gap 1.91e-04 [round] 611s
  CG  125 | RMP    10997.9107 | LB    10997.7606 | UB    10999.8484 | a 0.10 smooth   | min rc -3.6649e-03 | +54 | lp 1.54s solver 1.49s 2535 it 30036 cols 1063530 nz
  CG  150 | RMP    10997.9084 | LB    10997.7881 | UB    10999.8484 | a 0.10 smooth   | min rc -1.5871e-03 | +36 | lp 3.39s solver 3.33s 5597 it 32253 cols 1148855 nz
  CG  170 | RMP    10997.9074 | LB    10997.9010 | UB    10999.8484 | a 1.00 std      | min rc  0.0000e+00 | +0  [round] | lp 2.37s solver 2.30s 4047 it 31717 cols 1120051 nz
  -- penalty round 5: eps 0.000781 delta 0.000781 RMP 10997.9074 LB 10997.9010 UB 10999.8484 gap 1.77e-04 [round] 1045s
  CG  171 | RMP    10997.9197 | LB    10997.9010 | UB    10999.8484 | a 1.00 std      | min rc  0.0000e+00 | +0  [round] | lp 12.36s solver 12.31s 21981 it 31717 cols 1120051 nz
  -- penalty round 6: eps 0.000195 delta 0.000195 RMP 10997.9197 LB 10997.9010 UB 10999.8484 gap 1.77e-04 [round] 1057s
  CG  172 | RMP    10997.9212 | LB    10997.9010 | UB    10997.9226 | a 1.00 std      | min rc  0.0000e+00 | +0  [done] | lp 5.50s solver 5.46s 9530 it 31717 cols 1120051 nz
  -- penalty round 7: eps 0 delta 0 RMP 10997.9212 LB 10997.9010 UB 10997.9226 gap 1.96e-06 [done] 1063s
  obj 10997.922572  LB 10997.901004  gap 1.96e-06  iters 172  1063.4s  rounds 7  status optimal
  KL r=0.0960365: 980 tangent planes; rho* 0.065 0.030 0.023 0.110 0.063 0.070 0.080 0.034 0.038 0.027 0.023 0.045 0.067 0.051 0.074 0.042 0.026 0.062 0.037 0.035 (KL 0.0960)
  time: master LP 286.5s  pricing 761.4s (166212 MILPs, 8 worker(s))

[3] robust Owen allocation
  omega_LR,rob 1.946972  eps_LR 0.032450  certified [-5.503566, 1.947361]
  EF slack 7.4294 = 382% of the reported omega  (> 10%: use --table for a table run)
  checks: budget 0.00e+00  duality -3.89e-04  pricing 0.00e+00

[4] stand-alone values val(DP_{j}^Omega)
   player         Owen        E[x*]        alone       chi^LR
       u1    1623.7313    1623.6989    1059.7429     563.9560
       u2      47.7986      47.7661      -0.0000      47.7661
       u3     584.0350     584.0026     256.5154     327.4871
       u4    -795.3523    -795.3847    -838.3186      42.9339
       u5    -409.7724    -409.8048    -526.1654     116.3606
       u6   -1105.7046   -1105.7371   -1176.5072      70.7701
       u7     469.4236     469.3912     309.8106     159.5806
       u8      60.8019      60.7694      -0.0000      60.7694
       u9     587.7955     587.7630     256.5154     331.2476
      u10     872.8725     872.8401     636.9784     235.8617
      u11     107.2212     107.1887      87.9173      19.2714
      u12    -680.8980    -680.9304    -736.7559      55.8254
      u13    -399.4032    -399.4356    -505.9300     106.4943
      u14    -951.3860    -951.4185   -1016.5893      65.1708
      u15   -1911.2722   -1911.3047   -2014.4181     103.1134
      u16    1217.5102    1217.4777     760.9611     456.5166
      u17     470.4811     470.4487     266.3108     204.1379
      u18      80.3358      80.3034      -0.0000      80.3034
      u19       8.6792       8.6467      -0.0000       8.6467
      u20     587.7955     587.7630     256.5154     331.2476
      u21     210.9995     210.9671     166.8747      44.0924
      u22     160.8317     160.7993     131.8759      28.9233
      u23    -735.3447    -735.3771    -792.9815      57.6043
      u24    -927.5450    -927.5775    -972.2862      44.7087
      u25    -815.2762    -815.3087    -861.9811      46.6724
      u26     -96.4181     -96.4505    -225.3503     128.8998
      u27    -202.4057    -202.4381    -260.1295      57.6914
      u28    -918.1738    -918.2062   -1006.3197      88.1135
      u29    -662.8144    -662.8469    -726.7401      63.8932
      u30    -335.8680    -335.9004    -358.4640      22.5636
      u31    1895.0190    1894.9865    1210.4991     684.4874
      u32      86.9180      86.8856      -0.0000      86.8856
      u33     408.8245     408.7921     179.5608     229.2313
      u34    -800.3741    -800.4066    -847.3115      46.9049
      u35    -396.5418    -396.5742    -505.3937     108.8195
      u36   -1132.6603   -1132.6927   -1200.5857      67.8930
      u37     395.7085     395.6761     282.9164     112.7596
      u38      51.3596      51.3271      -0.0000      51.3271
      u39     763.0060     762.9735     333.4700     429.5035
      u40    1265.2518    1265.2194     953.9279     311.2915
      u41    -219.2844    -219.3168    -376.2230     156.9062
      u42    -608.2982    -608.3307    -670.3542      62.0235
      u43    -403.0080    -403.0404    -514.7290     111.6885
      u44    -422.4444    -422.4769    -564.5724     142.0955
      u45   -1906.6554   -1906.6878   -2001.7754      95.0876
      u46    2166.9903    2166.9579    1358.1207     808.8372
      u47     218.1976     218.1651     122.8373      95.3278
      u48      32.4784      32.4460      -0.0000      32.4460
      u49      77.1382      77.1057      -0.0000      77.1057
      u50     529.3920     529.3595     230.8639     298.4956
      u51     394.5501     394.5177     288.1174     106.4003
      u52    -322.8765    -322.9089    -401.9585      79.0496
      u53   -1441.6539   -1441.6863   -1628.1955     186.5092
      u54   -1881.8933   -1881.9258   -1972.1429      90.2171
      u55   -1913.5054   -1913.5379   -2018.6986     105.1607
      u56    -106.6798    -106.7122    -335.6280     228.9158
      u57    -400.0482    -400.0807    -509.1430     109.0623
      u58   -1196.4714   -1196.5038   -1342.0281     145.5243
      u59   -1154.6697   -1154.7022   -1296.8752     142.1730
      u60   -1118.3487   -1118.3812   -1185.6598      67.2786

wrote ieee_owen\weak_eps_experiment\stochastic\main17_xi\60p_reserve_peak_day29_S20_seed0_grb_direct-gurobi_kl0.0960365_dual_ndw_rsc0.303571_main.json
