
Gurobi 13.0.1 (win64) logging started Wed Oct  7 22:38:45 2026

Set parameter LogFile to value "ieee_owen\weak_eps_experiment\stochastic\main17_xi\logs\n60_S20_day3_ef_gurobi.log"
Set parameter NodefileStart to value 3
Set parameter MIPGap to value 0.0001
Gurobi Optimizer version 13.0.1 build v13.0.1rc0 (win64 - Windows 10.0 (19045.2))

CPU model: AMD Ryzen 9 5900X 12-Core Processor, instruction set [SSE2|AVX|AVX2]
Thread count: 12 physical cores, 24 logical processors, using up to 24 threads

Non-default parameters:
TimeLimit  1800
NodefileStart  3
LogToConsole  0

Optimize a model with 340064 rows, 343286 columns and 1462340 nonzeros (Min)
Model fingerprint: 0xd2927775
Model has 22 linear objective coefficients
Variable types: 289046 continuous, 54240 integer (54240 binary)
Coefficient statistics:
  Matrix range     [3e-04, 2e+02]
  Objective range  [5e-02, 1e+00]
  Bounds range     [1e-02, 6e+01]
  RHS range        [5e-02, 2e+01]

Presolve removed 152109 rows and 125330 columns
Presolve time: 3.29s
Presolved: 187955 rows, 217956 columns, 746050 nonzeros
Variable types: 169081 continuous, 48875 integer (48874 binary)
Found heuristic solution: objective 16102.090771
Deterministic concurrent LP optimizer: primal simplex, dual simplex, and barrier
Showing barrier log only...

Root barrier log...

Ordering time: 1.43s
Ordering time: 1.61s

Barrier statistics:
 Dense cols : 567
 Free vars  : 41
 AA' NZ     : 6.350e+05
 Factor NZ  : 3.418e+06 (roughly 180 MB of memory)
 Factor Ops : 5.618e+08 (less than 1 second per iteration)
 Threads    : 10

                  Objective                Residual
Iter       Primal          Dual         Primal    Dual     Compl     Time
   0   1.68450585e+00 -2.22097888e+04  4.82e+03 6.40e+01  1.63e+00     8s
   1  -2.61283761e+04 -2.24687106e+04  4.79e+03 5.75e+01  1.64e+00     8s
   2   9.82383243e+04 -2.24001823e+04  4.50e+03 5.23e+01  1.62e+00     8s
   3   6.90498233e+04 -2.35327385e+04  3.21e+03 4.56e+01  1.28e+00     8s
   4  -1.36743448e+04 -2.38926203e+04  2.91e+03 3.76e+01  1.22e+00     9s
   5  -1.33435408e+05 -2.28461008e+04  1.78e+03 2.65e+01  7.12e-01     9s
   6  -8.62559116e+04 -1.86146762e+04  1.00e+03 8.04e+00  4.20e-01     9s
   7  -4.96056988e+04 -9.54853376e+03  5.30e+02 3.20e+00  2.16e-01     9s
   8  -4.13303059e+04 -4.69026092e+03  4.52e+02 1.80e+00  1.78e-01     9s
   9  -2.91319296e+04 -2.46456824e+03  3.35e+02 1.33e+00  1.32e-01     9s
  10  -2.30709241e+04 -7.70236643e+02  2.81e+02 1.06e+00  1.10e-01     9s
  11  -1.51174204e+04  8.18313840e+02  2.12e+02 8.41e-01  8.45e-02     9s
  12  -3.94378806e+03  3.14659696e+03  1.18e+02 5.78e-01  4.97e-02     9s
  13   1.86324525e+03  5.95769881e+03  7.12e+01 3.39e-01  3.03e-02     9s
  14   4.32392293e+03  7.55023477e+03  5.31e+01 2.29e-01  2.21e-02    10s
  15   5.31985708e+03  8.20931340e+03  4.64e+01 1.92e-01  1.91e-02    10s
  16   5.91463696e+03  8.63372777e+03  4.26e+01 1.71e-01  1.74e-02    10s
  17   6.33579992e+03  8.83597701e+03  3.98e+01 1.61e-01  1.63e-02    10s
  18   7.28608156e+03  9.06085222e+03  3.37e+01 1.50e-01  1.45e-02    10s
  19   8.26092267e+03  9.61560195e+03  2.69e+01 1.22e-01  1.17e-02    10s
  20   8.73048067e+03  1.00171863e+04  2.36e+01 1.02e-01  1.01e-02    10s
  21   9.60209057e+03  1.04627868e+04  1.73e+01 8.04e-02  7.63e-03    10s
  22   1.01189219e+04  1.08426107e+04  1.39e+01 6.30e-02  6.09e-03    10s
  23   1.02740902e+04  1.12219351e+04  1.29e+01 4.93e-02  5.23e-03    10s
  24   1.03234522e+04  1.15147257e+04  1.26e+01 4.65e-02  5.02e-03    11s
  25   1.03404599e+04  1.16933285e+04  1.25e+01 4.63e-02  4.99e-03    11s
  26   1.03569162e+04  1.16297645e+04  1.24e+01 4.60e-02  4.96e-03    11s
  27   1.04278376e+04  1.16599273e+04  1.21e+01 4.37e-02  4.79e-03    11s
  28   1.05747816e+04  1.16394028e+04  1.14e+01 4.01e-02  4.52e-03    11s
  29   1.09130625e+04  1.19429455e+04  9.71e+00 3.02e-02  3.74e-03    11s
  30   1.16845359e+04  1.22767824e+04  5.98e+00 1.96e-02  2.44e-03    12s
  31   1.19474080e+04  1.24604479e+04  4.70e+00 1.39e-02  1.84e-03    12s
  32   1.24188989e+04  1.26017673e+04  2.46e+00 9.38e-03  1.14e-03    12s
  33   1.25946097e+04  1.26767266e+04  1.61e+00 7.18e-03  8.24e-04    12s
  34   1.26844127e+04  1.27873845e+04  1.18e+00 4.06e-03  5.21e-04    12s
  35   1.27340413e+04  1.28347065e+04  9.44e-01 2.74e-03  3.82e-04    12s
  36   1.27776355e+04  1.28511619e+04  7.38e-01 2.26e-03  3.09e-04    12s
  37   1.27963909e+04  1.28701662e+04  6.50e-01 1.69e-03  2.55e-04    12s
  38   1.28508583e+04  1.28786910e+04  3.92e-01 1.46e-03  1.87e-04    12s
  39   1.28680284e+04  1.28878907e+04  3.12e-01 1.19e-03  1.54e-04    13s
  40   1.28863331e+04  1.28971153e+04  2.26e-01 9.42e-04  1.19e-04    13s
  41   1.29018199e+04  1.29025193e+04  1.54e-01 7.98e-04  9.42e-05    13s
  42   1.29103300e+04  1.29112721e+04  1.14e-01 5.69e-04  6.89e-05    13s
  43   1.29145263e+04  1.29132147e+04  9.36e-02 5.18e-04  6.08e-05    13s
  44   1.29177099e+04  1.29204894e+04  7.83e-02 3.31e-04  4.32e-05    13s
  45   1.29195406e+04  1.29246741e+04  6.96e-02 2.24e-04  3.31e-05    13s
  46   1.29264189e+04  1.29269213e+04  3.64e-02 1.68e-04  2.17e-05    13s
  47   1.29276856e+04  1.29272416e+04  3.03e-02 1.60e-04  1.98e-05    13s
  48   1.29312954e+04  1.29304421e+04  1.31e-02 8.30e-05  9.84e-06    13s
  49   1.29325818e+04  1.29317235e+04  6.74e-03 5.18e-05  5.91e-06    13s
  50   1.29332982e+04  1.29328214e+04  3.21e-03 2.51e-05  2.95e-06    13s
  51   1.29338336e+04  1.29336080e+04  5.16e-04 6.63e-06  7.70e-07    13s
  52   1.29339087e+04  1.29338612e+04  8.68e-05 1.25e-06  1.48e-07    14s
  53   1.29339227e+04  1.29339165e+04  4.18e-06 1.20e-07  1.49e-08    14s
  54   1.29339230e+04  1.29339230e+04  5.85e-10 4.62e-11  5.65e-12    14s

Barrier solved model in 54 iterations and 13.67 seconds (14.27 work units)
Optimal objective 1.29339230e+04


Root crossover log...

   58745 DPushes remaining with DInf 0.0000000e+00                14s
       0 DPushes remaining with DInf 0.0000000e+00                14s

   37763 PPushes remaining with PInf 0.0000000e+00                14s
   15499 PPushes remaining with PInf 0.0000000e+00                15s
       0 PPushes remaining with PInf 0.0000000e+00                16s

  Push phase complete: Pinf 0.0000000e+00, Dinf 2.5604670e-11     16s


Root simplex log...

Iteration    Objective       Primal Inf.    Dual Inf.      Time
   82228    1.2933923e+04   0.000000e+00   0.000000e+00     16s
Crossover time: 2.28 seconds (2.88 work units)
Concurrent spin time: 1.05s

Solved with barrier
   82228    1.2933923e+04   0.000000e+00   0.000000e+00     17s

Root relaxation: objective 1.293392e+04, 82228 iterations, 11.59 seconds (10.08 work units)

    Nodes    |    Current Node    |     Objective Bounds      |     Work
 Expl Unexpl |  Obj  Depth IntInf | Incumbent    BestBd   Gap | It/Node Time

     0     0 12933.9230    0 1988 16102.0908 12933.9230  19.7%     -   23s
H    0     0                    13040.130498 12933.9230  0.81%     -   27s
     0     0 12934.4108    0 1871 13040.1305 12934.4108  0.81%     -   33s
H    0     0                    13009.725560 12934.4198  0.58%     -   40s
     0     0 12934.4203    0 1873 13009.7256 12934.4203  0.58%     -   41s
     0     0 12934.6414    0 1803 13009.7256 12934.6414  0.58%     -   46s
H    0     0                    12999.313292 12934.6414  0.50%     -   57s
     0     0 12934.6414    0 1803 12999.3133 12934.6414  0.50%     -   58s
     0     0 12934.6512    0 1846 12999.3133 12934.6512  0.50%     -   63s
     0     0 12934.6514    0 1846 12999.3133 12934.6514  0.50%     -   64s
     0     0 12934.6514    0 1849 12999.3133 12934.6514  0.50%     -   68s
     0     0 12934.6514    0 1849 12999.3133 12934.6514  0.50%     -   68s
     0     0 12934.6514    0 1851 12999.3133 12934.6514  0.50%     -   72s
     0     0 12934.6673    0 1851 12999.3133 12934.6673  0.50%     -   83s
     0     0 12934.6673    0 1851 12999.3133 12934.6673  0.50%     -   87s
     0     0 12934.6673    0 1638 12999.3133 12934.6673  0.50%     -   91s
     0     0 12934.6673    0 1642 12999.3133 12934.6673  0.50%     -   92s
     0     0 12934.6673    0 1645 12999.3133 12934.6673  0.50%     -   96s
     0     0 12934.6673    0 1645 12999.3133 12934.6673  0.50%     -   97s
     0     0 12934.6673    0 1645 12999.3133 12934.6673  0.50%     -   98s
     0     0 12934.6673    0 1645 12999.3133 12934.6673  0.50%     -  100s
     0     2 12934.6673    0 1645 12999.3133 12934.6673  0.50%     -  102s
     1     4 12934.7493    1 1676 12999.3133 12934.6673  0.50%  2640  105s
     7    16 12935.3313    3 1534 12999.3133 12934.6673  0.50%  1261  119s
    15    28 12935.3580    4 1582 12999.3133 12934.6673  0.50%  1486  130s
    27    40 12935.5801    5 1492 12999.3133 12934.6673  0.50%  2125  147s
H   28    40                    12999.293341 12934.6673  0.50%  2049  147s
    39    70 12936.1449    6 1524 12999.2933 12934.6673  0.50%  2172  174s
H   41    70                    12999.291124 12934.6673  0.50%  2255  174s
H   47    70                    12999.280257 12934.6673  0.50%  2834  174s
    69    85 12936.3001    7 1421 12999.2803 12934.6673  0.50%  2614  194s
    84   108 12936.4558    8 1410 12999.2803 12934.6673  0.50%  2729  226s
H   86   108                    12952.458660 12934.6673  0.14%  2678  226s
   107   132 12936.6602   11 1320 12952.4587 12934.6673  0.14%  2866  252s
H  113   132                    12952.453027 12934.6673  0.14%  2941  252s
   131   179 12937.6596   12 1233 12952.4530 12934.6673  0.14%  3250  294s
   178   209 12938.0560   14 1200 12952.4530 12934.6673  0.14%  3540  334s
   208   258 12938.8277   15 1102 12952.4530 12934.6673  0.14%  3677  368s
   257   321 12939.7691   17 1005 12952.4530 12934.6673  0.14%  4120  403s
   320   363 12941.3172   22  877 12952.4530 12934.6673  0.14%  3854  437s
   362   376 12941.1100   23  884 12952.4530 12934.6673  0.14%  3747  482s
H  366   376                    12951.240201 12934.6673  0.13%  3717  482s
   375   427 12942.2929   23  812 12951.2402 12934.6673  0.13%  3696  527s
   426   481 12941.6959   27  922 12951.2402 12934.6673  0.13%  3721  564s
   480   514 12942.5912   30 1012 12951.2402 12934.6673  0.13%  3693  596s
H  493   514                    12951.228647 12934.6673  0.13%  3672  596s
H  502   514                    12951.202831 12934.6673  0.13%  3629  596s
H  511   514                    12951.201358 12934.6673  0.13%  3617  596s
   513   593 12942.6939   31  877 12951.2014 12934.6673  0.13%  3631  627s
   592   633 12943.8250   41  997 12951.2014 12934.6673  0.13%  3430  657s
   634   695 12944.5207   43  895 12951.2014 12934.6673  0.13%  3451  687s
   696   708 12944.6309   44  743 12951.2014 12934.6673  0.13%  3313  733s
H  699   708                    12950.647554 12934.6673  0.12%  3301  733s
H  699   706                    12950.112111 12934.6673  0.12%  3301  733s
   709   792 12945.8335   45  599 12950.1121 12934.6673  0.12%  3294  766s
   797   804 12945.9140   52  526 12950.1121 12934.6673  0.12%  3182  870s
H  799   804                    12948.831870 12934.6673  0.11%  3175  870s
H  807   797                    12948.145098 12934.6673  0.10%  3176  870s
   809   882 12945.9140   53  526 12948.1451 12934.6673  0.10%  3177  903s
   898   954 12946.5948   58  407 12948.1451 12934.6673  0.10%  3079  930s
H  960   943                    12947.378794 12934.6754  0.10%  3011  930s
   983  1012 12947.1786   60  512 12947.3788 12934.6754  0.10%  3006  963s
  1095  1119     cutoff   75      12947.3788 12934.6780  0.10%  2852  987s
  1241  1234     cutoff   93      12947.3788 12934.6780  0.10%  2634 1018s
  1380  1327 12940.2522    6 1506 12947.3788 12934.6780  0.10%  2516 1048s
  1489  1439 12939.2776    7 1552 12947.3788 12934.6780  0.10%  2441 1076s
  1603  1575 12939.3308    8 1384 12947.3788 12934.6780  0.10%  2339 1104s
  1739  1683 12940.4320   13 1218 12947.3788 12934.6780  0.10%  2219 1130s
H 1786  1562                    12947.353254 12934.6780  0.10%  2180 1130s
H 1802  1242                    12946.435939 12934.6780  0.09%  2168 1130s
H 1805  1237                    12946.409436 12934.6780  0.09%  2164 1130s
  1858  1251 12941.1069   18 1215 12946.4094 12934.6780  0.09%  2110 1165s
  1955  1308 12943.1322   25  850 12946.4094 12934.8280  0.09%  2097 1202s
H 2026  1291                    12946.327649 12934.8280  0.09%  2114 1276s
  2027  1292 12944.8139   33 1645 12946.3276 12934.8280  0.09%  2113 1479s
  2029  1293 12945.0593   50 2346 12946.3276 12934.8280  0.09%  2111 1524s
  2030  1294 12941.2063   20 1764 12946.3276 12934.8280  0.09%  2110 1577s
  2031  1295 12944.8852   51 1745 12946.3276 12934.8280  0.09%  2109 1597s
  2032  1295 12945.3156   17 1743 12946.3276 12935.1679  0.09%  2108 1626s
  2033  1296 12943.5848   34 1612 12946.3276 12935.8370  0.08%  2107 1667s
  2034  1297 12945.9876  151 1595 12946.3276 12935.8624  0.08%  2106 1671s
  2035  1297 12937.6900   12 1592 12946.3276 12935.9188  0.08%  2105 1675s
  2036  1298 12940.2021   13 1593 12946.3276 12936.0392  0.08%  2104 1692s
  2037  1299 12941.7894   23 1407 12946.3276 12936.6877  0.07%  2103 1723s
  2038  1299 12945.9876  129 1482 12946.3276 12936.9139  0.07%  2102 1730s
H 2039  1234                    12946.310705 12936.9213  0.07%  2100 1749s
  2041  1235 12943.0817   33 1494 12946.3107 12937.5985  0.07%  2098 1773s
  2042  1236 12942.0726   29 1496 12946.3107 12937.6099  0.07%  2097 1775s
  2044  1237 12938.0464    7 1494 12946.3107 12937.6237  0.07%  2095 1793s

Cutting planes:
  Gomory: 122
  Cover: 35
  Implied bound: 25
  MIR: 289
  Mixing: 8
  Flow cover: 840
  Network: 5
  RLT: 13
  Relax-and-lift: 39

Explored 2044 nodes (4591921 simplex iterations) in 1800.59 seconds (1928.84 work units)
Thread count was 24 (of 24 available processors)

Solution count 10: 12946.3 12946.3 12946.3 ... 12948.1

Time limit reached
Best objective 1.294631070493e+04, best bound 1.293769301286e+04, gap 0.0666%
