
Cluster assignments:
Cluster 0 (represented by Day 25): [ 1 12 17 21 25 26 27 28]... (total 8 days)
Cluster 1 (represented by Day 4): [ 2  3  4  5  6  7  8  9 10 11]... (total 23 days)
[reserve] pi_res = 56 EUR/MW.h (daily mean of fcrn_dk2_56 hourly prices), 1h blocks
[reserve] c_min_G = 0.15 (electrolyzer min load / els_cap); literature 0.1-0.16 -> OK
[reserve] c_sb_G = 0.01 (electrolyzer standby draw / els_cap); literature 0.025-0.05 -> OUT OF RANGE
✓ spring  :  92 days | Mean: 1 MWh | RMSE range: 0.0-0.2 MWh
✓ summer  :  92 days | Mean: 1 MWh | RMSE range: 0.0-0.3 MWh
✓ fall    :  91 days | Mean: 1 MWh | RMSE range: 0.0-0.2 MWh
✓ winter  :  90 days | Mean: 1 MWh | RMSE range: 0.0-0.1 MWh

=== 60p_reserve_peak_day22_S20_seed0_grb_direct-gurobi_kl0.0960365_dual_ndw_rsc0.303571_main: n=60, |T|=24, |Omega|=20 ===

[1] extensive form (DP_N^Omega)
Set parameter Username
Set parameter LicenseID to value 2742039
Academic license - for non-commercial use only - expires 2026-11-20
Set parameter OutputFlag to value 1
Set parameter LogToConsole to value 0
  obj 11417.014935  status timelimit  gap 8.40e-04  1800.8s  vars 343244
  KL r=0.0960365: worst case 11417.014935 vs expected 10833.599763; 1 MILP solve(s); rho* 0.060 0.087 0.049 0.060 0.023 0.054 0.069 0.030 0.089 0.031 0.100 0.031 0.043 0.068 0.032 0.032 0.031 0.047 0.022 0.046 (KL 0.0960)
    round 1: MIPGap 1e-04  1800.4s  2253 nodes  psi-bound 8.40e-04  psi-incumbent 1.07e-04

[2] column generation (DWR_N^Omega)
  seed columns: largest carrier-row residual 3.64e-13 (repaired)
  CG   24 | RMP    10680.0787 | LB    10685.2103 | UB           inf | a 1.00 std      | min rc  0.0000e+00 | +0  [round] | lp 0.49s solver 0.47s 2121 it 19799 cols 641487 nz
  -- penalty round 1: eps 0.2 delta 0.2 RMP 10680.0787 LB 10685.2103 UB 11417.0149 gap 6.41e-02 [round] 49s
  CG   25 | RMP    11414.4647 | LB    10755.9940 | UB    11417.0149 | a 0.10 smooth   | min rc -7.9905e+00 | +168 | lp 2.09s solver 2.07s 8917 it 19799 cols 641487 nz
  CG   50 | RMP    11410.2287 | LB    11356.7889 | UB    11417.0149 | a 0.10 smooth   | min rc -3.0723e+00 | +100 | lp 1.23s solver 1.20s 3970 it 23246 cols 828030 nz
  CG   75 | RMP    11408.0237 | LB    11407.9689 | UB    11417.0149 | a 0.10 smooth   | min rc -6.6626e-01 | +81 | lp 1.69s solver 1.66s 4319 it 25031 cols 871811 nz
  CG   76 | RMP    11407.9626 | LB    11407.9689 | UB    11417.0149 | a 1.00 std      | min rc  0.0000e+00 | +0  [round] | lp 1.50s solver 1.45s 3523 it 25326 cols 887673 nz
  -- penalty round 2: eps 0.05 delta 0.05 RMP 11407.9626 LB 11407.9689 UB 11417.0149 gap 7.92e-04 [round] 391s
  CG  100 | RMP    11414.4107 | LB    11414.0512 | UB    11417.0149 | a 0.10 smooth   | min rc -6.0299e-02 | +33 | lp 1.54s solver 1.44s 2995 it 28564 cols 1038957 nz
  CG  104 | RMP    11414.3800 | LB    11414.2581 | UB    11417.0149 | a 1.00 std      | min rc  0.0000e+00 | +0  [round] | lp 1.77s solver 1.73s 3456 it 28021 cols 1000472 nz
  -- penalty round 3: eps 0.0125 delta 0.0125 RMP 11414.3800 LB 11414.2581 UB 11417.0149 gap 2.41e-04 [round] 626s
  CG  122 | RMP    11414.9884 | LB    11414.8958 | UB    11417.0149 | a 1.00 std      | min rc  0.0000e+00 | +0  [round] | lp 0.30s solver 0.26s 618 it 29654 cols 1073432 nz
  -- penalty round 4: eps 0.00313 delta 0.00313 RMP 11414.9884 LB 11414.8958 UB 11417.0149 gap 1.86e-04 [round] 784s
  CG  125 | RMP    11415.0752 | LB    11414.9334 | UB    11417.0149 | a 0.10 smooth   | min rc -2.1666e-04 | +4 | lp 0.96s solver 0.92s 1766 it 30007 cols 1092215 nz
  CG  130 | RMP    11415.0729 | LB    11414.9846 | UB    11417.0149 | a 1.00 std      | min rc  0.0000e+00 | +0  [round] | lp 3.15s solver 3.10s 5453 it 30636 cols 1127434 nz
  -- penalty round 5: eps 0.000781 delta 0.000781 RMP 11415.0729 LB 11414.9846 UB 11417.0149 gap 1.78e-04 [round] 870s
  CG  133 | RMP    11415.0898 | LB    11415.0049 | UB    11417.0149 | a 1.00 std      | min rc  0.0000e+00 | +0  [round] | lp 0.76s solver 0.70s 1405 it 30952 cols 1144499 nz
  -- penalty round 6: eps 0.000195 delta 0.000195 RMP 11415.0898 LB 11415.0049 UB 11417.0149 gap 1.76e-04 [round] 907s
  CG  134 | RMP    11415.0940 | LB    11415.0049 | UB    11415.0949 | a 1.00 std      | min rc  0.0000e+00 | +0  [done] | lp 1.26s solver 1.21s 2489 it 30952 cols 1144499 nz
  -- penalty round 7: eps 0 delta 0 RMP 11415.0940 LB 11415.0049 UB 11415.0949 gap 7.88e-06 [done] 908s
  obj 11415.094875  LB 11415.004927  gap 7.88e-06  iters 134  908.6s  rounds 7  status optimal
  KL r=0.0960365: 980 tangent planes; rho* 0.060 0.087 0.048 0.060 0.023 0.053 0.069 0.029 0.088 0.031 0.100 0.031 0.043 0.068 0.032 0.032 0.031 0.047 0.022 0.046 (KL 0.0960)
  time: master LP 259.4s  pricing 635.3s (123444 MILPs, 8 worker(s))

[3] robust Owen allocation
  omega_LR,rob 2.008959  eps_LR 0.033483  certified [-7.668281, 2.010008]
  EF slack 9.5883 = 477% of the reported omega  (> 10%: use --table for a table run)
  checks: budget 0.00e+00  duality -1.05e-03  pricing 0.00e+00

[4] stand-alone values val(DP_{j}^Omega)
   player         Owen        E[x*]        alone       chi^LR
       u1    1491.9451    1491.9116     957.8212     534.0904
       u2      50.0007      49.9673      -0.0000      49.9673
       u3     600.0597     600.0262     269.1587     330.8675
       u4    -770.8707    -770.9042    -807.5909      36.6867
       u5    -404.3369    -404.3704    -520.9939     116.6235
       u6   -1111.2087   -1111.2422   -1176.9958      65.7537
       u7     431.6399     431.6064     295.3640     136.2424
       u8      61.4892      61.4557      -0.0000      61.4557
       u9     603.8201     603.7867     269.1587     334.6279
      u10     810.9349     810.9014     625.2658     185.6356
      u11     106.0225     105.9890      90.2993      15.6897
      u12    -675.8920    -675.9254    -735.4327      59.5073
      u13    -396.5059    -396.5394    -510.7169     114.1774
      u14    -915.6494    -915.6828    -971.5329      55.8500
      u15   -1873.8066   -1873.8401   -1964.4509      90.6108
      u16    1107.6053    1107.5718     684.8374     422.7344
      u17     442.1575     442.1240     255.3348     186.7892
      u18      81.1811      81.1476      -0.0000      81.1476
      u19      10.0004       9.9670      -0.0000       9.9670
      u20     603.8201     603.7867     269.1587     334.6279
      u21     195.9362     195.9027     149.6747      46.2280
      u22     159.0337     159.0002     135.4490      23.5512
      u23    -731.0531    -731.0866    -776.9869      45.9004
      u24    -907.4960    -907.5295    -957.3828      49.8533
      u25    -794.1650    -794.1985    -829.9687      35.7702
      u26    -109.4876    -109.5211    -228.0134     118.4923
      u27    -198.2632    -198.2967    -254.6340      56.3373
      u28    -888.1782    -888.2116    -977.5596      89.3480
      u29    -656.4298    -656.4633    -726.7452      70.2819
      u30    -328.2357    -328.2692    -351.3051      23.0359
      u31    1730.0199    1729.9864    1098.7472     631.2392
      u32      90.0010      89.9675      -0.0000      89.9675
      u33     420.0418     420.0083     188.4111     231.5972
      u34    -779.7940    -779.8275    -825.1843      45.3568
      u35    -410.2526    -410.2861    -521.6738     111.3877
      u36   -1104.7551   -1104.7886   -1184.4342      79.6456
      u37     373.0369     373.0034     272.6987     100.3048
      u38      51.6914      51.6579      -0.0000      51.6579
      u39     783.8380     783.8046     349.9063     433.8982
      u40    1168.1594    1168.1259     919.1646     248.9614
      u41    -233.7694    -233.8029    -363.5522     129.7493
      u42    -604.4224    -604.4558    -656.9017      52.4459
      u43    -409.1384    -409.1718    -525.7507     116.5788
      u44    -380.7301    -380.7636    -520.0024     139.2388
      u45   -1871.2258   -1871.2593   -1969.6037      98.3444
      u46    1954.7005    1954.6671    1203.4034     751.2636
      u47     204.1246     204.0911     117.6853      86.4058
      u48      32.3152      32.2817      -0.0000      32.2817
      u49      80.0010      79.9675      -0.0000      79.9675
      u50     543.8142     543.7807     242.2428     301.5378
      u51     366.6301     366.5967     275.9037      90.6930
      u52    -340.6096    -340.6431    -406.0871      65.4440
      u53   -1452.2726   -1452.3061   -1628.6154     176.3092
      u54   -1829.2218   -1829.2553   -1915.6407      86.3854
      u55   -1872.2860   -1872.3195   -1967.0309      94.7114
      u56    -139.5048    -139.5383    -358.1403     218.6020
      u57    -400.4084    -400.4419    -515.4342     114.9924
      u58   -1148.7683   -1148.8018   -1295.2257     146.4239
      u59   -1122.5470   -1122.5805   -1264.3362     141.7557
      u60   -1107.7412   -1107.7747   -1184.3360      76.5613

wrote ieee_owen\weak_eps_experiment\stochastic\main17_xi\60p_reserve_peak_day22_S20_seed0_grb_direct-gurobi_kl0.0960365_dual_ndw_rsc0.303571_main.json
