
Gurobi 13.0.1 (win64) logging started Fri Oct  9 05:39:14 2026

Set parameter LogFile to value "ieee_owen\weak_eps_experiment\stochastic\main17_xi\logs\n60_S20_day22_ef_gurobi.log"
Set parameter NodefileStart to value 3
Set parameter MIPGap to value 0.0001
Gurobi Optimizer version 13.0.1 build v13.0.1rc0 (win64 - Windows 10.0 (19045.2))

CPU model: AMD Ryzen 9 5900X 12-Core Processor, instruction set [SSE2|AVX|AVX2]
Thread count: 12 physical cores, 24 logical processors, using up to 24 threads

Non-default parameters:
TimeLimit  1800
NodefileStart  3
LogToConsole  0

Optimize a model with 340064 rows, 343286 columns and 1462340 nonzeros (Min)
Model fingerprint: 0xf42f1dad
Model has 22 linear objective coefficients
Variable types: 289046 continuous, 54240 integer (54240 binary)
Coefficient statistics:
  Matrix range     [3e-04, 2e+02]
  Objective range  [5e-02, 1e+00]
  Bounds range     [8e-03, 6e+01]
  RHS range        [5e-02, 2e+01]

Presolve removed 152141 rows and 125374 columns
Presolve time: 3.42s
Presolved: 187923 rows, 217912 columns, 745796 nonzeros
Variable types: 169051 continuous, 48861 integer (48860 binary)
Found heuristic solution: objective 14573.311394
Deterministic concurrent LP optimizer: primal simplex, dual simplex, and barrier
Showing barrier log only...

Root barrier log...

Ordering time: 1.71s
Ordering time: 1.90s

Barrier statistics:
 Dense cols : 567
 Free vars  : 41
 AA' NZ     : 6.345e+05
 Factor NZ  : 3.425e+06 (roughly 180 MB of memory)
 Factor Ops : 5.671e+08 (less than 1 second per iteration)
 Threads    : 10

                  Objective                Residual
Iter       Primal          Dual         Primal    Dual     Compl     Time
   0   1.74026569e+00 -2.26040048e+04  4.98e+03 6.40e+01  1.68e+00     9s
   1  -2.55382369e+04 -2.27874199e+04  4.95e+03 6.07e+01  1.68e+00     9s
   2   2.43901319e+05 -2.27068542e+04  4.63e+03 5.37e+01  1.70e+00     9s
   3  -8.70555303e+04 -2.40607912e+04  3.46e+03 4.65e+01  1.29e+00     9s
   4  -1.71341640e+05 -2.42770845e+04  2.92e+03 4.11e+01  1.08e+00     9s
   5  -1.99416297e+05 -2.37423287e+04  2.16e+03 3.29e+01  7.89e-01     9s
   6  -1.42423548e+05 -2.14795449e+04  1.36e+03 1.67e+01  5.10e-01     9s
   7  -6.84089739e+04 -1.39860643e+04  6.52e+02 8.25e+00  2.59e-01     9s
   8  -3.95588172e+04 -7.26250084e+03  3.85e+02 3.51e+00  1.51e-01    10s
   9  -3.00896440e+04 -3.78058411e+03  3.05e+02 2.08e+00  1.17e-01    10s
  10  -2.20198923e+04 -1.57437114e+03  2.39e+02 1.48e+00  9.11e-02    10s
  11  -1.32488614e+04 -1.63159905e+02  1.70e+02 1.23e+00  6.72e-02    10s
  12  -5.72778113e+03  1.25879452e+03  1.12e+02 9.98e-01  4.73e-02    10s
  13  -5.10387147e+02  4.38464251e+03  7.43e+01 5.24e-01  3.02e-02    10s
  14   2.20163112e+03  5.90961908e+03  5.57e+01 3.63e-01  2.23e-02    10s
  15   4.31400653e+03  6.67078918e+03  4.20e+01 2.98e-01  1.76e-02    10s
  16   5.17832165e+03  7.26060738e+03  3.63e+01 2.53e-01  1.51e-02    10s
  17   5.54151677e+03  7.79353896e+03  3.38e+01 2.10e-01  1.34e-02    10s
  18   5.95399820e+03  7.86444893e+03  3.09e+01 2.05e-01  1.26e-02    11s
  19   6.84096665e+03  8.11515715e+03  2.47e+01 1.86e-01  1.07e-02    11s
  20   7.13006759e+03  8.21973080e+03  2.28e+01 1.79e-01  1.01e-02    11s
  21   7.71996856e+03  8.65298431e+03  1.90e+01 1.47e-01  8.37e-03    11s
  22   8.53030242e+03  8.94771457e+03  1.37e+01 1.26e-01  6.60e-03    11s
  23   8.62646906e+03  9.26898937e+03  1.31e+01 1.06e-01  5.91e-03    11s
  24   8.68845528e+03  9.57101329e+03  1.27e+01 9.98e-02  5.63e-03    11s
  25   8.70747993e+03  9.86151350e+03  1.26e+01 9.89e-02  5.58e-03    12s
  26   8.71817448e+03  9.58770720e+03  1.25e+01 9.87e-02  5.57e-03    12s
  27   8.74882708e+03  9.89449304e+03  1.24e+01 9.72e-02  5.47e-03    12s
  28   9.15167518e+03  9.98185789e+03  1.04e+01 9.37e-02  4.96e-03    12s
  29   9.71467287e+03  1.02047417e+04  7.79e+00 7.76e-02  3.98e-03    12s
  30   9.89982089e+03  1.04908179e+04  6.92e+00 5.81e-02  3.20e-03    12s
  31   1.03286759e+04  1.06396317e+04  4.94e+00 4.81e-02  2.51e-03    13s
  32   1.06846589e+04  1.07516807e+04  3.28e+00 4.06e-02  1.96e-03    13s
  33   1.08698117e+04  1.08738461e+04  2.45e+00 3.27e-02  1.56e-03    13s
  34   1.10410344e+04  1.09772150e+04  1.67e+00 2.62e-02  1.20e-03    13s
  35   1.11307426e+04  1.10432991e+04  1.27e+00 2.21e-02  9.92e-04    13s
  36   1.12183615e+04  1.11427897e+04  8.73e-01 1.59e-02  7.14e-04    14s
  37   1.12781044e+04  1.11775343e+04  6.02e-01 1.38e-02  5.94e-04    14s
  38   1.13056181e+04  1.12221665e+04  4.75e-01 1.11e-02  4.78e-04    14s
  39   1.13493750e+04  1.12883971e+04  2.73e-01 7.00e-03  3.02e-04    14s
  40   1.13711319e+04  1.13295904e+04  1.70e-01 4.49e-03  1.95e-04    14s
  41   1.13814213e+04  1.13441420e+04  1.21e-01 3.62e-03  1.55e-04    14s
  42   1.13880776e+04  1.13524954e+04  8.78e-02 3.12e-03  1.30e-04    14s
  43   1.13923986e+04  1.13623475e+04  6.68e-02 2.52e-03  1.05e-04    15s
  44   1.13962843e+04  1.13748385e+04  4.78e-02 1.79e-03  7.53e-05    15s
  45   1.13975725e+04  1.13835425e+04  4.13e-02 1.26e-03  5.56e-05    15s
  46   1.13992523e+04  1.13853868e+04  3.28e-02 1.15e-03  4.98e-05    15s
  47   1.14010887e+04  1.13907583e+04  2.29e-02 8.30e-04  3.62e-05    15s
  48   1.14024137e+04  1.13951665e+04  1.62e-02 5.72e-04  2.55e-05    15s
  49   1.14039913e+04  1.13976614e+04  8.11e-03 4.24e-04  1.84e-05    15s
  50   1.14044898e+04  1.14002252e+04  5.44e-03 2.80e-04  1.24e-05    15s
  51   1.14048015e+04  1.14009073e+04  3.59e-03 2.42e-04  1.04e-05    15s
  52   1.14049735e+04  1.14025732e+04  2.65e-03 1.47e-04  6.68e-06    15s
  53   1.14051599e+04  1.14032807e+04  1.59e-03 1.09e-04  4.92e-06    15s
  54   1.14053170e+04  1.14040175e+04  6.89e-04 7.03e-05  3.14e-06    15s
  55   1.14053502e+04  1.14041351e+04  4.40e-04 6.41e-05  2.80e-06    15s
  56   1.14053810e+04  1.14047031e+04  2.08e-04 3.46e-05  1.54e-06    16s
  57   1.14053977e+04  1.14052284e+04  1.16e-04 8.13e-06  4.24e-07    16s
  58   1.14054046e+04  1.14053705e+04  3.08e-05 1.49e-06  8.96e-08    16s
  59   1.14054059e+04  1.14053802e+04  9.87e-06 1.08e-06  5.92e-08    16s
  60   1.14054066e+04  1.14054048e+04  3.40e-07 6.39e-08  3.98e-09    16s
  61   1.14054065e+04  1.14054065e+04  2.34e-10 1.84e-10  5.60e-13    16s

Barrier solved model in 61 iterations and 15.92 seconds (14.66 work units)
Optimal objective 1.14054065e+04


Root crossover log...

   57674 DPushes remaining with DInf 0.0000000e+00                16s
       0 DPushes remaining with DInf 0.0000000e+00                17s

   36330 PPushes remaining with PInf 5.1574407e-06                17s
       0 PPushes remaining with PInf 0.0000000e+00                18s

  Push phase complete: Pinf 0.0000000e+00, Dinf 1.7565539e-01     18s


Root simplex log...

Iteration    Objective       Primal Inf.    Dual Inf.      Time
   84909    1.1405407e+04   0.000000e+00   1.756554e-01     18s
   84910    1.1405407e+04   0.000000e+00   0.000000e+00     18s
Crossover time: 2.11 seconds (2.02 work units)
Concurrent spin time: 0.60s

Solved with barrier
   84910    1.1405407e+04   0.000000e+00   0.000000e+00     19s

Root relaxation: objective 1.140541e+04, 84910 iterations, 13.02 seconds (9.53 work units)

    Nodes    |    Current Node    |     Objective Bounds      |     Work
 Expl Unexpl |  Obj  Depth IntInf | Incumbent    BestBd   Gap | It/Node Time

     0     0 11405.4065    0 1727 14573.3114 11405.4065  21.7%     -   23s
H    0     0                    11441.280257 11405.4065  0.31%     -   25s
     0     0 11405.8656    0 1750 11441.2803 11405.8656  0.31%     -   29s
H    0     0                    11437.979977 11405.8668  0.28%     -   31s
     0     0 11406.2672    0 1576 11437.9800 11406.2672  0.28%     -   35s
H    0     0                    11437.259159 11406.2673  0.27%     -   36s
     0     0 11406.2673    0 1575 11437.2592 11406.2673  0.27%     -   37s
     0     0 11406.2692    0 1575 11437.2592 11406.2692  0.27%     -   41s
H    0     0                    11437.246948 11406.3087  0.27%     -   42s
     0     0 11406.3087    0 1576 11437.2469 11406.3087  0.27%     -   43s
     0     0 11406.3087    0 1535 11437.2469 11406.3087  0.27%     -   47s
H    0     0                    11437.244173 11406.3102  0.27%     -   49s
     0     0 11406.3102    0 1534 11437.2442 11406.3102  0.27%     -   50s
     0     0 11406.3102    0 1532 11437.2442 11406.3102  0.27%     -   53s
     0     0 11406.3103    0 1532 11437.2442 11406.3103  0.27%     -   53s
     0     0 11406.3103    0 1532 11437.2442 11406.3103  0.27%     -   57s
     0     0 11406.3103    0 1532 11437.2442 11406.3103  0.27%     -   57s
     0     0 11406.3103    0 1531 11437.2442 11406.3103  0.27%     -   61s
     0     0 11406.3103    0 1531 11437.2442 11406.3103  0.27%     -   61s
     0     0 11406.3103    0 1531 11437.2442 11406.3103  0.27%     -   62s
     0     0 11406.3106    0 1531 11437.2442 11406.3106  0.27%     -   62s
     0     0 11406.3106    0 1531 11437.2442 11406.3106  0.27%     -   62s
     0     0 11406.3106    0 1531 11437.2442 11406.3106  0.27%     -   63s
H    0     0                    11433.050651 11406.3106  0.23%     -   68s
     0     2 11406.3106    0 1502 11433.0507 11406.3106  0.23%     -   71s
     3     8 11406.3106    2 1481 11433.0507 11406.3106  0.23%  2121   75s
     7    16 11406.3106    3 1458 11433.0507 11406.3106  0.23%   970   80s
    15    28 11406.4222    4 1497 11433.0507 11406.3106  0.23%   677   87s
H   18    28                    11433.050646 11406.3106  0.23%   584   87s
H   27    42                    11432.923258 11406.3106  0.23%   968   94s
    41   118 11406.5650    6 1352 11432.9233 11406.3106  0.23%  1793  103s
   117   222 11406.5650    9 1369 11432.9233 11406.3106  0.23%  1055  115s
   221   234 11406.8113   17 1398 11432.9233 11406.3106  0.23%   774  143s
H  224   234                    11432.830543 11406.3106  0.23%   810  143s
H  229   234                    11432.399542 11406.3106  0.23%   923  143s
   233   320 11409.8587   17 1454 11432.3995 11406.3106  0.23%   963  163s
H  242   320                    11423.004367 11406.3106  0.15%   976  163s
H  319   384                    11422.995965 11406.3106  0.15%  1058  191s
H  358   384                    11422.985151 11406.3106  0.15%  1425  191s
H  364   384                    11422.928637 11406.3106  0.15%  1495  191s
   383   452 11407.3398   26 1094 11422.9286 11406.3106  0.15%  1619  230s
   451   569 11409.0878   32 1097 11422.9286 11406.3106  0.15%  1871  276s
H  458   569                    11422.549313 11406.3106  0.14%  1869  276s
H  470   569                    11420.742051 11406.3106  0.13%  1882  276s
H  502   569                    11420.557892 11406.3106  0.12%  1989  276s
   568   581 11411.6289   39 1188 11420.5579 11406.3106  0.12%  2147  376s
H  574   581                    11419.920349 11406.3106  0.12%  2146  376s
H  580   722                    11419.408579 11406.3106  0.11%  2180  437s
H  591   722                    11416.418479 11406.3106  0.09%  2171  437s
H  721   848                    11416.371521 11406.3106  0.09%  2388  502s
   943  1005 11407.5787    8 1459 11416.3715 11406.3106  0.09%  2454  565s
  1127  1223 11409.1561   11 1115 11416.3715 11406.3599  0.09%  2641  639s
  1358  1650 11412.9375   23  568 11416.3715 11406.3599  0.09%  2608  709s
  1842  1987 11415.5356   30  489 11416.3715 11406.3599  0.09%  2255  798s
H 1917  1860                    11415.861293 11406.3599  0.08%  2184  798s
H 2212  1642                    11415.829345 11406.3599  0.08%  1924  826s
H 2212  1627                    11415.793535 11406.3599  0.08%  1924  830s
  2213  1595 11414.8455   30 1531 11415.7935 11406.3599  0.08%  1923  983s
  2215  1596 11409.6482   33 2226 11415.7935 11406.3599  0.08%  1921 1027s
  2216  1597 11415.1362   44 1523 11415.7935 11406.3599  0.08%  1920 1066s
  2217  1598 11409.9235   25 1551 11415.7935 11406.3599  0.08%  1919 1073s
  2218  1598 11414.6708   34 1553 11415.7935 11406.3599  0.08%  1919 1099s
  2219  1599 11411.4090   20 1607 11415.7935 11406.6486  0.08%  1918 1130s
  2220  1600 11413.6758   38 1670 11415.7935 11406.6486  0.08%  1917 1160s
  2221  1600 11407.3422   18 1526 11415.7935 11406.9351  0.08%  1916 1198s
  2222  1601 11406.9841    7 1544 11415.7935 11406.9841  0.08%  1915 1200s
  2223  1602 11415.6283   38 1547 11415.7935 11406.9841  0.08%  1914 1221s
  2224  1602 11415.4873   39 1702 11415.7935 11407.0705  0.08%  1913 1255s
  2226  1604 11413.3458   19 1695 11415.7935 11407.0743  0.08%  1912 1277s
  2227  1604 11408.2261   12 1680 11415.7935 11407.0887  0.08%  1911 1305s
  2229  1606 11407.8670   11 1702 11415.7935 11407.0901  0.08%  1909 1327s
  2230  1606 11415.3278  113 1688 11415.7935 11407.0917  0.08%  1908 1351s
  2231  1607 11408.0700   12 1696 11415.7935 11407.0917  0.08%  1907 1369s
  2232  1608 11415.0689   36 1673 11415.7935 11407.0917  0.08%  1906 1394s
  2233  1608 11407.0917   18 1692 11415.7935 11407.0917  0.08%  1906 1413s
  2234  1609 11413.6967   36 1670 11415.7935 11407.0918  0.08%  1905 1437s
  2235  1610 11415.1731   18 1703 11415.7935 11407.0918  0.08%  1904 1457s
  2236  1610 11407.2490   24 1668 11415.7935 11407.0918  0.08%  1903 1480s
  2237  1611 11407.0918    6 1680 11415.7935 11407.0918  0.08%  1902 1500s
  2238  1612 11407.0918   19 1667 11415.7935 11407.0918  0.08%  1901 1523s
  2241  1615 11413.0729   23 1531 11415.7935 11407.0918  0.08%  1990 1526s
  2243  1616 11407.0918   11 2269 11415.7935 11407.0918  0.08%  1988 1570s
  2244  1617 11408.3594   11 1630 11415.7935 11407.0918  0.08%  1987 1616s
  2245  1618 11409.6841   15 1853 11415.7935 11407.1071  0.08%  1986 1621s
  2246  1618 11413.4043   39 1862 11415.7935 11407.1071  0.08%  1986 1627s
  2248  1620 11408.4710   14 1870 11415.7935 11407.1117  0.08%  1984 1632s
  2249  1620 11407.1290   21 1870 11415.7935 11407.1117  0.08%  1983 1654s
  2250  1621 11411.9654   20 1728 11415.7935 11407.2989  0.07%  1982 1689s
  2251  1622 11415.7581   44 1777 11415.7935 11407.2989  0.07%  1981 1719s
  2252  1622 11415.3278  137 1800 11415.7935 11407.4253  0.07%  1980 1752s
  2253  1623 11410.6012   24 1786 11415.7935 11407.4253  0.07%  1979 1776s

Cutting planes:
  Gomory: 129
  Cover: 21
  Implied bound: 30
  MIR: 172
  Mixing: 5
  Flow cover: 592
  Network: 1
  RLT: 9
  Relax-and-lift: 53

Explored 2253 nodes (4756029 simplex iterations) in 1800.31 seconds (1406.46 work units)
Thread count was 24 (of 24 available processors)

Solution count 10: 11415.8 11415.8 11415.8 ... 11416.4

Time limit reached
Best objective 1.141579353463e+04, best bound 1.140742659391e+04, gap 0.0733%
