
Gurobi 13.0.1 (win64) logging started Thu Oct  8 20:10:27 2026

Set parameter LogFile to value "ieee_owen\weak_eps_experiment\stochastic\main17_xi\logs\n60_S20_day16_ef_gurobi.log"
Set parameter NodefileStart to value 3
Set parameter MIPGap to value 0.0001
Gurobi Optimizer version 13.0.1 build v13.0.1rc0 (win64 - Windows 10.0 (19045.2))

CPU model: AMD Ryzen 9 5900X 12-Core Processor, instruction set [SSE2|AVX|AVX2]
Thread count: 12 physical cores, 24 logical processors, using up to 24 threads

Non-default parameters:
TimeLimit  1800
NodefileStart  3
LogToConsole  0

Optimize a model with 340064 rows, 343286 columns and 1462340 nonzeros (Min)
Model fingerprint: 0xd709b280
Model has 22 linear objective coefficients
Variable types: 289046 continuous, 54240 integer (54240 binary)
Coefficient statistics:
  Matrix range     [3e-04, 2e+02]
  Objective range  [5e-02, 1e+00]
  Bounds range     [9e-03, 6e+01]
  RHS range        [5e-02, 2e+01]

Presolve removed 152060 rows and 125251 columns
Presolve time: 3.54s
Presolved: 188004 rows, 218035 columns, 746262 nonzeros
Variable types: 169132 continuous, 48903 integer (48902 binary)
Found heuristic solution: objective 15331.804219
Deterministic concurrent LP optimizer: primal simplex, dual simplex, and barrier
Showing barrier log only...

Root barrier log...

Ordering time: 1.59s
Ordering time: 1.77s

Barrier statistics:
 Dense cols : 567
 Free vars  : 41
 AA' NZ     : 6.348e+05
 Factor NZ  : 3.430e+06 (roughly 180 MB of memory)
 Factor Ops : 5.714e+08 (less than 1 second per iteration)
 Threads    : 10

                  Objective                Residual
Iter       Primal          Dual         Primal    Dual     Compl     Time
   0   1.62350444e+00 -2.25093954e+04  4.64e+03 6.40e+01  1.57e+00     9s
   1  -2.52019054e+04 -2.28231198e+04  4.62e+03 5.73e+01  1.58e+00     9s
   2   8.40353864e+04 -2.27720041e+04  4.35e+03 5.23e+01  1.56e+00     9s
   3   6.30233654e+04 -2.39873722e+04  2.91e+03 4.53e+01  1.18e+00     9s
   4  -5.15070970e+04 -2.44997152e+04  2.51e+03 3.75e+01  1.04e+00     9s
   5  -1.13918722e+05 -2.35745298e+04  1.89e+03 2.64e+01  7.79e-01     9s
   6  -8.04679420e+04 -1.88101356e+04  1.00e+03 5.99e+00  4.36e-01     9s
   7  -5.14895452e+04 -1.24395456e+04  6.18e+02 2.56e+00  2.66e-01     9s
   8  -3.58940640e+04 -6.86967758e+03  4.42e+02 1.28e+00  1.86e-01    10s
   9  -2.89828740e+04 -4.66300743e+03  3.67e+02 9.65e-01  1.53e-01    10s
  10  -2.23088867e+04 -2.88360065e+03  2.99e+02 7.59e-01  1.24e-01    10s
  11  -1.79529183e+04 -1.57623211e+03  2.56e+02 6.34e-01  1.06e-01    10s
  12  -1.26202642e+04 -9.20059510e+02  2.02e+02 5.79e-01  8.60e-02    10s
  13  -9.37381427e+03  3.02488773e+03  1.68e+02 2.41e-01  6.50e-02    10s
  14  -4.43270366e+02  5.06011784e+03  8.56e+01 1.48e-01  3.43e-02    10s
  15   1.77630663e+03  6.53499179e+03  6.75e+01 1.01e-01  2.61e-02    10s
  16   4.27568756e+03  7.02653856e+03  4.78e+01 8.86e-02  1.97e-02    10s
  17   5.27710959e+03  7.51579202e+03  4.11e+01 7.68e-02  1.71e-02    10s
  18   6.39207275e+03  8.13142414e+03  3.37e+01 6.31e-02  1.42e-02    11s
  19   6.99671764e+03  8.60053864e+03  2.92e+01 5.26e-02  1.21e-02    11s
  20   7.23979136e+03  8.68716975e+03  2.74e+01 5.06e-02  1.15e-02    11s
  21   7.73052741e+03  9.09080144e+03  2.39e+01 4.17e-02  9.77e-03    11s
  22   8.48086970e+03  9.50037116e+03  1.85e+01 3.32e-02  7.67e-03    11s
  23   9.15506251e+03  9.82682655e+03  1.39e+01 2.69e-02  5.95e-03    11s
  24   9.31805605e+03  1.01048537e+04  1.28e+01 2.41e-02  5.43e-03    11s
  25   9.35451347e+03  1.03872618e+04  1.26e+01 2.34e-02  5.30e-03    11s
  26   9.36992669e+03  1.05750549e+04  1.25e+01 2.33e-02  5.28e-03    11s
  27   9.49305970e+03  1.03986052e+04  1.19e+01 2.23e-02  5.06e-03    12s
  28   9.64834381e+03  1.06012852e+04  1.11e+01 1.98e-02  4.63e-03    12s
  29   9.97274894e+03  1.05593454e+04  9.60e+00 1.63e-02  4.09e-03    12s
  30   1.03191844e+04  1.09912898e+04  8.04e+00 1.24e-02  3.32e-03    12s
  31   1.08507624e+04  1.12926532e+04  5.37e+00 8.43e-03  2.29e-03    12s
  32   1.12686003e+04  1.14486913e+04  3.28e+00 6.32e-03  1.59e-03    12s
  33   1.15973176e+04  1.15740844e+04  1.66e+00 4.63e-03  1.03e-03    13s
  34   1.16990599e+04  1.16785983e+04  1.16e+00 3.24e-03  7.26e-04    13s
  35   1.17273892e+04  1.17375288e+04  1.02e+00 2.45e-03  5.84e-04    13s
  36   1.17730037e+04  1.17668758e+04  7.92e-01 2.06e-03  4.82e-04    13s
  37   1.18117568e+04  1.18429866e+04  5.99e-01 1.06e-03  2.95e-04    13s
  38   1.18413015e+04  1.18463221e+04  4.50e-01 1.02e-03  2.58e-04    13s
  39   1.18664550e+04  1.18779387e+04  3.23e-01 6.24e-04  1.69e-04    13s
  40   1.18870686e+04  1.19006910e+04  2.19e-01 3.42e-04  1.03e-04    13s
  41   1.19106349e+04  1.19099627e+04  1.00e-01 2.30e-04  6.10e-05    13s
  42   1.19142726e+04  1.19198677e+04  8.20e-02 1.14e-04  3.77e-05    13s
  43   1.19214778e+04  1.19247491e+04  4.54e-02 5.78e-05  2.06e-05    14s
  44   1.19253743e+04  1.19261167e+04  2.51e-02 4.26e-05  1.34e-05    14s
  45   1.19281208e+04  1.19270423e+04  1.11e-02 3.24e-05  8.69e-06    14s
  46   1.19295410e+04  1.19283037e+04  3.60e-03 1.93e-05  4.56e-06    14s
  47   1.19299572e+04  1.19293838e+04  1.34e-03 7.79e-06  1.92e-06    14s
  48   1.19301094e+04  1.19298832e+04  3.93e-04 2.67e-06  6.77e-07    14s
  49   1.19301492e+04  1.19300701e+04  1.28e-04 8.51e-07  2.31e-07    14s
  50   1.19301625e+04  1.19301529e+04  1.21e-05 6.79e-08  2.60e-08    14s
  51   1.19301637e+04  1.19301632e+04  1.22e-07 1.45e-08  1.09e-09    14s
  52   1.19301637e+04  1.19301637e+04  2.00e-10 1.94e-09  1.81e-14    14s

Barrier solved model in 52 iterations and 14.24 seconds (13.72 work units)
Optimal objective 1.19301637e+04


Root crossover log...

   55885 DPushes remaining with DInf 0.0000000e+00                14s
       0 DPushes remaining with DInf 0.0000000e+00                15s

   38113 PPushes remaining with PInf 0.0000000e+00                15s
       0 PPushes remaining with PInf 0.0000000e+00                16s

  Push phase complete: Pinf 0.0000000e+00, Dinf 2.9188800e-11     16s


Root simplex log...

Iteration    Objective       Primal Inf.    Dual Inf.      Time
   81041    1.1930164e+04   0.000000e+00   0.000000e+00     16s
Crossover time: 2.05 seconds (2.43 work units)
Concurrent spin time: 0.91s

Solved with barrier
   81041    1.1930164e+04   0.000000e+00   0.000000e+00     17s

Root relaxation: objective 1.193016e+04, 81041 iterations, 11.41 seconds (8.87 work units)

    Nodes    |    Current Node    |     Objective Bounds      |     Work
 Expl Unexpl |  Obj  Depth IntInf | Incumbent    BestBd   Gap | It/Node Time

     0     0 11930.1637    0 1315 15331.8042 11930.1637  22.2%     -   21s
H    0     0                    11971.435407 11930.1637  0.34%     -   23s
     0     0 11930.2206    0 1233 11971.4354 11930.2206  0.34%     -   28s
H    0     0                    11960.640929 11930.2290  0.25%     -   30s
     0     0 11930.2290    0 1066 11960.6409 11930.2290  0.25%     -   35s
H    0     0                    11958.073993 11930.2290  0.23%     -   38s
     0     0 11930.2290    0 1063 11958.0740 11930.2290  0.23%     -   39s
     0     0 11930.2290    0 1051 11958.0740 11930.2290  0.23%     -   43s
     0     0 11930.2290    0  941 11958.0740 11930.2290  0.23%     -   46s
     0     0 11930.2290    0 1103 11958.0740 11930.2290  0.23%     -   49s
     0     0 11930.2290    0  970 11958.0740 11930.2290  0.23%     -   53s
     0     0 11930.2290    0  969 11958.0740 11930.2290  0.23%     -   54s
     0     0 11930.2290    0  952 11958.0740 11930.2290  0.23%     -   58s
     0     0 11930.2290    0  873 11958.0740 11930.2290  0.23%     -   60s
H    0     0                    11950.676032 11930.2314  0.17%     -   62s
     0     0 11930.2314    0  803 11950.6760 11930.2314  0.17%     -   63s
     0     0 11930.2314    0  966 11950.6760 11930.2314  0.17%     -   66s
     0     0 11930.2314    0  966 11950.6760 11930.2314  0.17%     -   66s
     0     0 11930.2314    0  803 11950.6760 11930.2314  0.17%     -   69s
     0     0 11930.2314    0 1054 11950.6760 11930.2314  0.17%     -   70s
     0     0 11930.2314    0 1028 11950.6760 11930.2314  0.17%     -   73s
     0     0 11930.2314    0  831 11950.6760 11930.2314  0.17%     -   76s
H    0     0                    11943.284655 11930.2314  0.11%     -   78s
     0     0 11930.2314    0  902 11943.2847 11930.2314  0.11%     -   79s
     0     0 11930.2314    0  923 11943.2847 11930.2314  0.11%     -   82s
     0     0 11930.2314    0  923 11943.2847 11930.2314  0.11%     -   82s
     0     0 11930.2314    0  757 11943.2847 11930.2314  0.11%     -   85s
     0     0 11930.2314    0  694 11943.2847 11930.2314  0.11%     -   85s
     0     0 11930.2314    0  879 11943.2847 11930.2314  0.11%     -   88s
     0     0 11930.2314    0  879 11943.2847 11930.2314  0.11%     -   89s
     0     0 11930.2314    0  877 11943.2847 11930.2314  0.11%     -   90s
     0     0 11930.2314    0  750 11943.2847 11930.2314  0.11%     -   93s
H    0     0                    11942.709810 11930.2314  0.10%     -   97s
     0     2 11930.2314    0  750 11942.7098 11930.2314  0.10%     -  100s
     7    16 11930.2363    3  959 11942.7098 11930.2314  0.10%   893  108s
    15    28 11931.9570    4  914 11942.7098 11930.2341  0.10%  1602  116s
    27    51 11931.9570    5  909 11942.7098 11930.2396  0.10%  1073  128s
    50    78 11931.9570    7  944 11942.7098 11930.2396  0.10%  2040  135s
    77   112 11933.1915    8  667 11942.7098 11930.2396  0.10%  1992  143s
H   90   112                    11942.694779 11930.2396  0.10%  1764  143s
   111   219 11932.5198    9  699 11942.6948 11930.2396  0.10%  1631  160s
H  218   231                    11941.905046 11930.2396  0.10%  1417  221s
H  223   231                    11940.304590 11930.2396  0.08%  1388  221s
H  228   231                    11936.618943 11930.2396  0.05%  1392  221s
   230   439 11932.6950   11  762 11936.6189 11930.2396  0.05%  1437  258s
   440   707 11932.3413   17  783 11936.6189 11930.2396  0.05%  1514  311s
H  557   707                    11933.745215 11930.2396  0.03%  1489  311s
H  579   707                    11933.643912 11930.2396  0.03%  1466  311s
   720   969     cutoff   28      11933.6439 11930.2396  0.03%  1460  387s
H  844   969                    11933.642440 11930.2396  0.03%  1534  387s
H  855   969                    11933.593686 11930.2396  0.03%  1519  387s
H  866   969                    11933.576310 11930.2396  0.03%  1500  387s
H  888   969                    11933.558572 11930.2396  0.03%  1463  387s
H  907   969                    11933.332969 11930.2396  0.03%  1433  387s
  1117  1123 11931.6817   14  642 11933.3330 11930.2400  0.03%  1416  461s
H 1252  1054                    11933.198238 11930.2400  0.02%  1414  461s

Gurobi 13.0.1 (win64) logging started Fri Oct  9 22:34:00 2026

Set parameter LogFile to value "ieee_owen\weak_eps_experiment\stochastic\main17_xi\logs\n60_S20_day16_ef_gurobi.log"
Set parameter NodefileStart to value 3
Set parameter MIPGap to value 0.0001
Gurobi Optimizer version 13.0.1 build v13.0.1rc0 (win64 - Windows 10.0 (19045.2))

CPU model: AMD Ryzen 9 5900X 12-Core Processor, instruction set [SSE2|AVX|AVX2]
Thread count: 12 physical cores, 24 logical processors, using up to 24 threads

Non-default parameters:
TimeLimit  1800
NodefileStart  3
LogToConsole  0

Optimize a model with 340064 rows, 343286 columns and 1462340 nonzeros (Min)
Model fingerprint: 0xd709b280
Model has 22 linear objective coefficients
Variable types: 289046 continuous, 54240 integer (54240 binary)
Coefficient statistics:
  Matrix range     [3e-04, 2e+02]
  Objective range  [5e-02, 1e+00]
  Bounds range     [9e-03, 6e+01]
  RHS range        [5e-02, 2e+01]

Presolve removed 152060 rows and 125251 columns
Presolve time: 3.17s
Presolved: 188004 rows, 218035 columns, 746262 nonzeros
Variable types: 169132 continuous, 48903 integer (48902 binary)
Found heuristic solution: objective 15331.804219
Deterministic concurrent LP optimizer: primal simplex, dual simplex, and barrier
Showing barrier log only...

Root barrier log...

Ordering time: 1.43s
Ordering time: 1.60s

Barrier statistics:
 Dense cols : 567
 Free vars  : 41
 AA' NZ     : 6.348e+05
 Factor NZ  : 3.430e+06 (roughly 180 MB of memory)
 Factor Ops : 5.714e+08 (less than 1 second per iteration)
 Threads    : 10

                  Objective                Residual
Iter       Primal          Dual         Primal    Dual     Compl     Time
   0   1.62350444e+00 -2.25093954e+04  4.64e+03 6.40e+01  1.57e+00     8s
   1  -2.52019054e+04 -2.28231198e+04  4.62e+03 5.73e+01  1.58e+00     8s
   2   8.40353864e+04 -2.27720041e+04  4.35e+03 5.23e+01  1.56e+00     8s
   3   6.30233654e+04 -2.39873722e+04  2.91e+03 4.53e+01  1.18e+00     8s
   4  -5.15070970e+04 -2.44997152e+04  2.51e+03 3.75e+01  1.04e+00     8s
   5  -1.13918722e+05 -2.35745298e+04  1.89e+03 2.64e+01  7.79e-01     9s
   6  -8.04679420e+04 -1.88101356e+04  1.00e+03 5.99e+00  4.36e-01     9s
   7  -5.14895452e+04 -1.24395456e+04  6.18e+02 2.56e+00  2.66e-01     9s
   8  -3.58940640e+04 -6.86967758e+03  4.42e+02 1.28e+00  1.86e-01     9s
   9  -2.89828740e+04 -4.66300743e+03  3.67e+02 9.65e-01  1.53e-01     9s
  10  -2.23088867e+04 -2.88360065e+03  2.99e+02 7.59e-01  1.24e-01     9s
  11  -1.79529183e+04 -1.57623211e+03  2.56e+02 6.34e-01  1.06e-01     9s
  12  -1.26202642e+04 -9.20059510e+02  2.02e+02 5.79e-01  8.60e-02     9s
  13  -9.37381427e+03  3.02488773e+03  1.68e+02 2.41e-01  6.50e-02     9s
  14  -4.43270366e+02  5.06011784e+03  8.56e+01 1.48e-01  3.43e-02     9s
  15   1.77630663e+03  6.53499179e+03  6.75e+01 1.01e-01  2.61e-02    10s
  16   4.27568756e+03  7.02653856e+03  4.78e+01 8.86e-02  1.97e-02    10s
  17   5.27710959e+03  7.51579202e+03  4.11e+01 7.68e-02  1.71e-02    10s
  18   6.39207275e+03  8.13142414e+03  3.37e+01 6.31e-02  1.42e-02    10s
  19   6.99671764e+03  8.60053864e+03  2.92e+01 5.26e-02  1.21e-02    10s
  20   7.23979136e+03  8.68716975e+03  2.74e+01 5.06e-02  1.15e-02    10s
  21   7.73052741e+03  9.09080144e+03  2.39e+01 4.17e-02  9.77e-03    10s
  22   8.48086970e+03  9.50037116e+03  1.85e+01 3.32e-02  7.67e-03    10s
  23   9.15506251e+03  9.82682655e+03  1.39e+01 2.69e-02  5.95e-03    10s
  24   9.31805605e+03  1.01048537e+04  1.28e+01 2.41e-02  5.43e-03    11s
  25   9.35451347e+03  1.03872618e+04  1.26e+01 2.34e-02  5.30e-03    11s
  26   9.36992669e+03  1.05750549e+04  1.25e+01 2.33e-02  5.28e-03    11s
  27   9.49305970e+03  1.03986052e+04  1.19e+01 2.23e-02  5.06e-03    11s
  28   9.64834381e+03  1.06012852e+04  1.11e+01 1.98e-02  4.63e-03    11s
  29   9.97274894e+03  1.05593454e+04  9.60e+00 1.63e-02  4.09e-03    11s
  30   1.03191844e+04  1.09912898e+04  8.04e+00 1.24e-02  3.32e-03    11s
  31   1.08507624e+04  1.12926532e+04  5.37e+00 8.43e-03  2.29e-03    11s
  32   1.12686003e+04  1.14486913e+04  3.28e+00 6.32e-03  1.59e-03    11s
  33   1.15973176e+04  1.15740844e+04  1.66e+00 4.63e-03  1.03e-03    12s
  34   1.16990599e+04  1.16785983e+04  1.16e+00 3.24e-03  7.26e-04    12s
  35   1.17273892e+04  1.17375288e+04  1.02e+00 2.45e-03  5.84e-04    12s
  36   1.17730037e+04  1.17668758e+04  7.92e-01 2.06e-03  4.82e-04    12s
  37   1.18117568e+04  1.18429866e+04  5.99e-01 1.06e-03  2.95e-04    12s
  38   1.18413015e+04  1.18463221e+04  4.50e-01 1.02e-03  2.58e-04    12s
  39   1.18664550e+04  1.18779387e+04  3.23e-01 6.24e-04  1.69e-04    12s
  40   1.18870686e+04  1.19006910e+04  2.19e-01 3.42e-04  1.03e-04    12s
  41   1.19106349e+04  1.19099627e+04  1.00e-01 2.30e-04  6.10e-05    12s
  42   1.19142726e+04  1.19198677e+04  8.20e-02 1.14e-04  3.77e-05    12s
  43   1.19214778e+04  1.19247491e+04  4.54e-02 5.78e-05  2.06e-05    12s
  44   1.19253743e+04  1.19261167e+04  2.51e-02 4.26e-05  1.34e-05    12s
  45   1.19281208e+04  1.19270423e+04  1.11e-02 3.24e-05  8.69e-06    12s
  46   1.19295410e+04  1.19283037e+04  3.60e-03 1.93e-05  4.56e-06    13s
  47   1.19299572e+04  1.19293838e+04  1.34e-03 7.79e-06  1.92e-06    13s
  48   1.19301094e+04  1.19298832e+04  3.93e-04 2.67e-06  6.77e-07    13s
  49   1.19301492e+04  1.19300701e+04  1.28e-04 8.51e-07  2.31e-07    13s
  50   1.19301625e+04  1.19301529e+04  1.21e-05 6.79e-08  2.60e-08    13s
  51   1.19301637e+04  1.19301632e+04  1.22e-07 1.45e-08  1.09e-09    13s
  52   1.19301637e+04  1.19301637e+04  2.00e-10 1.94e-09  1.81e-14    13s

Barrier solved model in 52 iterations and 13.02 seconds (13.72 work units)
Optimal objective 1.19301637e+04


Root crossover log...

   55885 DPushes remaining with DInf 0.0000000e+00                13s
       0 DPushes remaining with DInf 0.0000000e+00                14s

   38113 PPushes remaining with PInf 0.0000000e+00                14s
       0 PPushes remaining with PInf 0.0000000e+00                15s

  Push phase complete: Pinf 0.0000000e+00, Dinf 2.9188800e-11     15s


Root simplex log...

Iteration    Objective       Primal Inf.    Dual Inf.      Time
   81041    1.1930164e+04   0.000000e+00   0.000000e+00     15s
Crossover time: 2.05 seconds (2.43 work units)
Concurrent spin time: 0.78s

Solved with barrier
   81041    1.1930164e+04   0.000000e+00   0.000000e+00     16s

Root relaxation: objective 1.193016e+04, 81041 iterations, 10.41 seconds (8.87 work units)

    Nodes    |    Current Node    |     Objective Bounds      |     Work
 Expl Unexpl |  Obj  Depth IntInf | Incumbent    BestBd   Gap | It/Node Time

     0     0 11930.1637    0 1315 15331.8042 11930.1637  22.2%     -   19s
H    0     0                    11971.435407 11930.1637  0.34%     -   21s
     0     0 11930.2206    0 1233 11971.4354 11930.2206  0.34%     -   26s
H    0     0                    11960.640929 11930.2290  0.25%     -   28s
     0     0 11930.2290    0 1066 11960.6409 11930.2290  0.25%     -   32s
H    0     0                    11958.073993 11930.2290  0.23%     -   35s
     0     0 11930.2290    0 1063 11958.0740 11930.2290  0.23%     -   36s
     0     0 11930.2290    0 1051 11958.0740 11930.2290  0.23%     -   39s
     0     0 11930.2290    0  941 11958.0740 11930.2290  0.23%     -   42s
     0     0 11930.2290    0 1103 11958.0740 11930.2290  0.23%     -   45s
     0     0 11930.2290    0  970 11958.0740 11930.2290  0.23%     -   49s
     0     0 11930.2290    0  969 11958.0740 11930.2290  0.23%     -   50s
     0     0 11930.2290    0  952 11958.0740 11930.2290  0.23%     -   53s
     0     0 11930.2290    0  873 11958.0740 11930.2290  0.23%     -   54s
H    0     0                    11950.676032 11930.2314  0.17%     -   57s
     0     0 11930.2314    0  803 11950.6760 11930.2314  0.17%     -   58s
     0     0 11930.2314    0  966 11950.6760 11930.2314  0.17%     -   60s
     0     0 11930.2314    0  966 11950.6760 11930.2314  0.17%     -   60s
     0     0 11930.2314    0  803 11950.6760 11930.2314  0.17%     -   63s
     0     0 11930.2314    0 1054 11950.6760 11930.2314  0.17%     -   64s
     0     0 11930.2314    0 1028 11950.6760 11930.2314  0.17%     -   67s
     0     0 11930.2314    0  831 11950.6760 11930.2314  0.17%     -   69s
H    0     0                    11943.284655 11930.2314  0.11%     -   71s
     0     0 11930.2314    0  902 11943.2847 11930.2314  0.11%     -   72s
     0     0 11930.2314    0  923 11943.2847 11930.2314  0.11%     -   75s
     0     0 11930.2314    0  923 11943.2847 11930.2314  0.11%     -   75s
     0     0 11930.2314    0  757 11943.2847 11930.2314  0.11%     -   77s
     0     0 11930.2314    0  694 11943.2847 11930.2314  0.11%     -   78s
     0     0 11930.2314    0  879 11943.2847 11930.2314  0.11%     -   80s
     0     0 11930.2314    0  879 11943.2847 11930.2314  0.11%     -   82s
     0     0 11930.2314    0  877 11943.2847 11930.2314  0.11%     -   82s
     0     0 11930.2314    0  750 11943.2847 11930.2314  0.11%     -   85s
H    0     0                    11942.709810 11930.2314  0.10%     -   89s
     0     2 11930.2314    0  750 11942.7098 11930.2314  0.10%     -   92s
     3     8 11930.2314    2  823 11942.7098 11930.2314  0.10%   465   95s
    15    28 11931.9570    4  914 11942.7098 11930.2341  0.10%  1602  106s
    27    51 11931.9570    5  909 11942.7098 11930.2396  0.10%  1073  117s
    50    78 11931.9570    7  944 11942.7098 11930.2396  0.10%  2040  124s
    77   112 11933.1915    8  667 11942.7098 11930.2396  0.10%  1992  132s
H   90   112                    11942.694779 11930.2396  0.10%  1764  132s
   111   219 11932.5198    9  699 11942.6948 11930.2396  0.10%  1631  150s
H  218   231                    11941.905046 11930.2396  0.10%  1417  212s
H  223   231                    11940.304590 11930.2396  0.08%  1388  212s
H  228   231                    11936.618943 11930.2396  0.05%  1392  212s
   230   439 11932.6950   11  762 11936.6189 11930.2396  0.05%  1437  248s
   440   707 11932.3413   17  783 11936.6189 11930.2396  0.05%  1514  302s
H  557   707                    11933.745215 11930.2396  0.03%  1489  302s
H  579   707                    11933.643912 11930.2396  0.03%  1466  302s
   720   969     cutoff   28      11933.6439 11930.2396  0.03%  1460  380s
H  844   969                    11933.642440 11930.2396  0.03%  1534  380s
H  855   969                    11933.593686 11930.2396  0.03%  1519  380s
H  866   969                    11933.576310 11930.2396  0.03%  1500  380s
H  888   969                    11933.558572 11930.2396  0.03%  1463  380s
H  907   969                    11933.332969 11930.2396  0.03%  1433  380s
  1117  1123 11931.6817   14  642 11933.3330 11930.2400  0.03%  1416  454s
H 1252  1054                    11933.198238 11930.2400  0.02%  1414  454s
  1512  1494     cutoff   24      11933.1982 11930.2412  0.02%  1409  549s
H 2383  1488                    11933.192364 11930.2412  0.02%  1137  594s
  2384  1489 11931.8922   22  750 11933.1924 11930.2412  0.02%  1137  686s
  2386  1490 11933.0038   64 1869 11933.1924 11930.2412  0.02%  1136  724s
  2387  1491 11932.6513   35 1115 11933.1924 11930.2412  0.02%  1135  768s
  2388  1492 11930.8549   27 1113 11933.1924 11930.2412  0.02%  1135  778s
  2389  1492 11930.7412   31 1111 11933.1924 11930.2412  0.02%  1134  791s
  2390  1493 11932.8998   62  887 11933.1924 11930.2412  0.02%  1134  820s
  2391  1494 11932.6278   32 1181 11933.1924 11930.2412  0.02%  1133  843s
  2392  1494 11932.3672   27  831 11933.1924 11930.3111  0.02%  1133  871s
  2393  1495 11932.6029   17 1030 11933.1924 11930.3111  0.02%  1132  879s
  2394  1496 11930.4091   20 1032 11933.1924 11930.3790  0.02%  1132  892s
  2395  1496 11931.3760   18  913 11933.1924 11930.3790  0.02%  1131  919s
  2396  1497 11930.5820   18  917 11933.1924 11930.3826  0.02%  1131  938s
  2397  1498 11932.5210   17  923 11933.1924 11930.3838  0.02%  1130  963s
  2398  1498 11932.1349   21  976 11933.1924 11930.3853  0.02%  1130  980s
  2399  1499 11932.9907   36  719 11933.1924 11930.3853  0.02%  1130 1000s
  2400  1500 11932.5640   35  861 11933.1924 11930.3863  0.02%  1129 1014s
  2401  1500 11932.2315   27  833 11933.1924 11930.3863  0.02%  1129 1039s
  2402  1501 11932.7621   45  988 11933.1924 11930.3874  0.02%  1128 1052s
  2403  1502 11933.0450   36  823 11933.1924 11930.3874  0.02%  1128 1077s
  2404  1502 11930.4641   13  989 11933.1924 11930.3890  0.02%  1127 1090s
  2405  1503 11931.6986   22  694 11933.1924 11930.3890  0.02%  1127 1110s
  2406  1504 11932.9924   52  852 11933.1924 11930.3899  0.02%  1126 1121s
  2407  1504 11932.6837   17  822 11933.1924 11930.3899  0.02%  1126 1137s
  2408  1505 11932.5673   38  822 11933.1924 11930.3899  0.02%  1125 1153s
  2409  1506 11930.6879   25  822 11933.1924 11930.3899  0.02%  1125 1161s
  2410  1509 11930.3899   13  796 11933.1924 11930.3899  0.02%  1216 1168s
  2412  1510 11930.9171   14  778 11933.1924 11930.3899  0.02%  1218 1172s
  2416  1509     cutoff   15      11933.1924 11930.3899  0.02%  1217 1181s
H 2417  1433                    11933.181421 11930.3899  0.02%  1216 1181s
H 2418  1361                    11933.178423 11930.3899  0.02%  1216 1181s
  2427  1367 11931.0072   17  815 11933.1784 11930.3899  0.02%  1219 1189s
  2435  1379 infeasible   18      11933.1784 11930.3899  0.02%  1216 1201s
  2459  1382 11931.4753   19  995 11933.1784 11930.3899  0.02%  1218 1209s
  2485  1389 11931.4986   21  944 11933.1784 11930.3899  0.02%  1221 1216s
  2509  1402 11931.5319   24  837 11933.1784 11930.3899  0.02%  1222 1224s
  2526  1397 11931.6397   25  581 11933.1784 11930.3899  0.02%  1236 1225s
  2532  1409 11932.5102   26  624 11933.1784 11930.3899  0.02%  1234 1244s
  2558  1411 11933.0040   32  582 11933.1784 11930.3899  0.02%  1236 1269s
  2570  1429 11933.0040   33  582 11933.1784 11930.3899  0.02%  1237 1284s
  2631  1420 11933.0044   35  537 11933.1784 11930.3964  0.02%  1227 1297s
  2693  1415 11930.5173   22  810 11933.1784 11930.4010  0.02%  1216 1308s
  2737  1425 11932.0334   24  492 11933.1784 11930.4010  0.02%  1211 1320s
  2789  1435 11932.4493   28  526 11933.1784 11930.4010  0.02%  1198 1329s
  2824  1423 11931.9633   33  520 11933.1784 11930.4526  0.02%  1194 1330s
  2834  1451 11932.8180   34  421 11933.1784 11930.4673  0.02%  1194 1342s
  2896  1450 11931.8207   23  750 11933.1784 11930.4673  0.02%  1182 1355s
  2942  1448 11932.7354   25  625 11933.1784 11930.4673  0.02%  1170 1370s
  3002  1441 11933.1275   31  651 11933.1784 11930.5860  0.02%  1161 1380s
  3037  1464 11931.9443   27  530 11933.1784 11930.5860  0.02%  1158 1392s
  3092  1482 11932.2070   31  470 11933.1784 11930.5860  0.02%  1152 1406s
  3155  1488 11932.8754   35  466 11933.1784 11930.5860  0.02%  1135 1417s
  3215  1584 11932.8997   39  524 11933.1784 11931.1962  0.02%  1120 1457s
  3440  1519 11931.8855   28  690 11933.1784 11931.4617  0.01%  1073 1529s
  3480  1708 11932.3494   30  509 11933.1784 11931.4677  0.01%  1068 1605s
  3896  1819 11932.4449   29  468 11933.1784 11931.6224  0.01%   993 1693s
H 4072  1672                    11933.146961 11931.6397  0.01%   964 1693s
H 4118  1579                    11933.121684 11931.6397  0.01%   954 1693s
  4337  1708     cutoff   44      11933.1217 11931.6397  0.01%   926 1800s

Cutting planes:
  Gomory: 115
  Cover: 40
  Implied bound: 139
  MIR: 915
  Mixing: 27
  Flow cover: 2608
  Network: 1
  RLT: 51
  Relax-and-lift: 49

Explored 4905 nodes (4407380 simplex iterations) in 1800.92 seconds (1613.02 work units)
Thread count was 24 (of 24 available processors)

Solution count 10: 11933.1 11933.1 11933.2 ... 11933.6

Time limit reached
Best objective 1.193312168418e+04, best bound 1.193169754622e+04, gap 0.0119%
