
Gurobi 13.0.1 (win64) logging started Wed Oct  7 21:44:08 2026

Set parameter LogFile to value "ieee_owen\weak_eps_experiment\stochastic\main17_xi\logs\n60_S20_day2_ef_gurobi.log"
Set parameter NodefileStart to value 3
Set parameter MIPGap to value 0.0001
Gurobi Optimizer version 13.0.1 build v13.0.1rc0 (win64 - Windows 10.0 (19045.2))

CPU model: AMD Ryzen 9 5900X 12-Core Processor, instruction set [SSE2|AVX|AVX2]
Thread count: 12 physical cores, 24 logical processors, using up to 24 threads

Non-default parameters:
TimeLimit  1800
NodefileStart  3
LogToConsole  0

Optimize a model with 340064 rows, 343286 columns and 1462340 nonzeros (Min)
Model fingerprint: 0x9f877459
Model has 22 linear objective coefficients
Variable types: 289046 continuous, 54240 integer (54240 binary)
Coefficient statistics:
  Matrix range     [3e-04, 2e+02]
  Objective range  [5e-02, 1e+00]
  Bounds range     [1e-02, 6e+01]
  RHS range        [5e-02, 2e+01]

Presolve removed 152086 rows and 125297 columns
Presolve time: 3.36s
Presolved: 187978 rows, 217989 columns, 746103 nonzeros
Variable types: 169103 continuous, 48886 integer (48885 binary)
Found heuristic solution: objective 15408.962682
Deterministic concurrent LP optimizer: primal simplex, dual simplex, and barrier
Showing barrier log only...

Root barrier log...

Ordering time: 1.43s
Ordering time: 1.60s

Barrier statistics:
 Dense cols : 567
 Free vars  : 41
 AA' NZ     : 6.348e+05
 Factor NZ  : 3.425e+06 (roughly 180 MB of memory)
 Factor Ops : 5.671e+08 (less than 1 second per iteration)
 Threads    : 10

                  Objective                Residual
Iter       Primal          Dual         Primal    Dual     Compl     Time
   0   1.57416184e+00 -2.24430101e+04  4.50e+03 6.40e+01  1.53e+00     8s
   1  -2.47395037e+04 -2.27316949e+04  4.48e+03 5.74e+01  1.53e+00     8s
   2   9.71564909e+04 -2.26767423e+04  4.19e+03 5.16e+01  1.52e+00     8s
   3   4.95044735e+04 -2.37876955e+04  2.96e+03 4.53e+01  1.18e+00     8s
   4  -3.67130763e+04 -2.41682947e+04  2.63e+03 4.05e+01  1.06e+00     9s
   5  -1.27717734e+05 -2.32374609e+04  1.81e+03 3.11e+01  7.07e-01     9s
   6  -9.29647906e+04 -1.94483343e+04  1.10e+03 1.55e+01  4.56e-01     9s
   7  -5.29151602e+04 -1.13714881e+04  5.60e+02 6.58e+00  2.28e-01     9s
   8  -3.64750819e+04 -6.87895388e+03  3.95e+02 3.92e+00  1.60e-01     9s
   9  -2.38445504e+04 -4.48622151e+03  2.78e+02 2.99e+00  1.15e-01     9s
  10  -1.86389910e+04 -3.39217038e+03  2.32e+02 2.66e+00  9.75e-02     9s
  11  -1.20755808e+04 -5.66465780e+02  1.76e+02 1.87e+00  7.31e-02     9s
  12  -5.61033566e+03  2.64315841e+03  1.22e+02 1.05e+00  4.95e-02     9s
  13   1.01989472e+03  5.03909866e+03  6.97e+01 6.48e-01  2.95e-02    10s
  14   4.44645345e+03  6.51788310e+03  4.52e+01 4.64e-01  2.01e-02    10s
  15   5.54621014e+03  6.91202196e+03  3.85e+01 4.23e-01  1.79e-02    10s
  16   6.02472498e+03  7.15951095e+03  3.57e+01 3.99e-01  1.68e-02    10s
  17   6.61897977e+03  7.48396891e+03  3.19e+01 3.69e-01  1.53e-02    10s
  18   7.11009880e+03  7.86165566e+03  2.88e+01 3.39e-01  1.39e-02    10s
  19   7.87749274e+03  7.99005132e+03  2.39e+01 3.29e-01  1.26e-02    10s
  20   8.00453313e+03  8.39706942e+03  2.30e+01 2.92e-01  1.16e-02    10s
  21   8.31760425e+03  8.58460806e+03  2.08e+01 2.75e-01  1.07e-02    10s
  22   8.61348104e+03  9.03930455e+03  1.86e+01 2.28e-01  9.23e-03    10s
  23   9.12973868e+03  9.34497810e+03  1.48e+01 1.98e-01  7.66e-03    11s
  24   9.28764894e+03  9.47984505e+03  1.37e+01 1.87e-01  7.16e-03    11s
  25   9.34956315e+03  9.61346309e+03  1.33e+01 1.80e-01  6.93e-03    11s
  26   9.41664165e+03  9.83427308e+03  1.28e+01 1.69e-01  6.60e-03    11s
  27   9.44852160e+03  1.01988846e+04  1.26e+01 1.65e-01  6.45e-03    11s
  28   9.45657550e+03  1.00422223e+04  1.26e+01 1.65e-01  6.44e-03    11s
  29   9.45963316e+03  1.02329457e+04  1.25e+01 1.63e-01  6.40e-03    11s
  30   9.68309652e+03  1.03123051e+04  1.14e+01 1.48e-01  5.81e-03    11s
  31   9.94326030e+03  1.03642799e+04  1.00e+01 1.31e-01  5.21e-03    12s
  32   1.06157783e+04  1.05628955e+04  6.61e+00 1.13e-01  4.16e-03    12s
  33   1.09831198e+04  1.09310667e+04  4.80e+00 8.53e-02  3.11e-03    12s
  34   1.13318855e+04  1.12150263e+04  3.09e+00 6.25e-02  2.21e-03    12s
  35   1.14959510e+04  1.13688566e+04  2.30e+00 4.98e-02  1.73e-03    12s
  36   1.16870957e+04  1.14677317e+04  1.38e+00 4.14e-02  1.34e-03    13s
  37   1.17933935e+04  1.16089891e+04  8.75e-01 2.96e-02  9.47e-04    13s
  38   1.18319309e+04  1.17266718e+04  6.88e-01 2.00e-02  6.61e-04    13s
  39   1.18896373e+04  1.17954133e+04  4.08e-01 1.42e-02  4.59e-04    13s
  40   1.19258712e+04  1.18376331e+04  2.29e-01 1.07e-02  3.32e-04    13s
  41   1.19421690e+04  1.18724700e+04  1.49e-01 7.84e-03  2.42e-04    13s
  42   1.19532041e+04  1.18941927e+04  9.10e-02 6.11e-03  1.83e-04    13s
  43   1.19600258e+04  1.19112566e+04  5.57e-02 4.69e-03  1.39e-04    13s
  44   1.19650564e+04  1.19272591e+04  2.85e-02 3.37e-03  9.81e-05    14s
  45   1.19658933e+04  1.19357967e+04  2.38e-02 2.64e-03  7.87e-05    14s
  46   1.19664487e+04  1.19405066e+04  2.05e-02 2.26e-03  6.79e-05    14s
  47   1.19675075e+04  1.19553757e+04  1.33e-02 1.06e-03  3.41e-05    14s
  48   1.19684764e+04  1.19585794e+04  7.02e-03 8.13e-04  2.53e-05    14s
  49   1.19690372e+04  1.19624776e+04  3.00e-03 5.18e-04  1.57e-05    14s
  50   1.19692828e+04  1.19648935e+04  1.22e-03 3.25e-04  1.00e-05    14s
  51   1.19693295e+04  1.19676034e+04  6.37e-04 1.24e-04  4.02e-06    14s
  52   1.19693627e+04  1.19683207e+04  1.59e-04 7.10e-05  2.28e-06    14s
  53   1.19693692e+04  1.19692950e+04  6.28e-05 1.79e-06  1.89e-07    14s
  54   1.19693572e+04  1.19693546e+04  3.92e-06 5.39e-08  7.58e-09    14s
  55   1.19693562e+04  1.19693562e+04  1.29e-08 6.75e-10  1.54e-11    14s

Barrier solved model in 55 iterations and 14.36 seconds (15.00 work units)
Optimal objective 1.19693562e+04


Root crossover log...

   63637 DPushes remaining with DInf 2.7023125e-06                15s
    4506 DPushes remaining with DInf 0.0000000e+00                15s
       0 DPushes remaining with DInf 0.0000000e+00                15s

   35598 PPushes remaining with PInf 6.2965009e-06                15s
       0 PPushes remaining with PInf 0.0000000e+00                17s

  Push phase complete: Pinf 0.0000000e+00, Dinf 1.8825315e-11     17s


Root simplex log...

Iteration    Objective       Primal Inf.    Dual Inf.      Time
   92363    1.1969356e+04   0.000000e+00   0.000000e+00     17s
Crossover time: 2.24 seconds (2.25 work units)
Concurrent spin time: 0.94s

Solved with barrier
   92363    1.1969356e+04   0.000000e+00   0.000000e+00     18s

Root relaxation: objective 1.196936e+04, 92363 iterations, 12.01 seconds (10.12 work units)

    Nodes    |    Current Node    |     Objective Bounds      |     Work
 Expl Unexpl |  Obj  Depth IntInf | Incumbent    BestBd   Gap | It/Node Time

     0     0 11969.3562    0 1465 15408.9627 11969.3562  22.3%     -   21s
H    0     0                    12003.255388 11969.3562  0.28%     -   24s
     0     0 11969.5235    0 1306 12003.2554 11969.5235  0.28%     -   29s
     0     0 11969.5235    0 1306 12003.2554 11969.5235  0.28%     -   34s
     0     0 11969.6208    0 1389 12003.2554 11969.6208  0.28%     -   39s
H    0     0                    11995.401139 11969.6229  0.21%     -   42s
     0     0 11969.6229    0 1388 11995.4011 11969.6229  0.21%     -   42s
     0     0 11969.6416    0 1353 11995.4011 11969.6416  0.21%     -   47s
     0     0 11969.6418    0 1353 11995.4011 11969.6418  0.21%     -   48s
     0     0 11969.6418    0 1326 11995.4011 11969.6418  0.21%     -   52s
     0     0 11969.6418    0 1326 11995.4011 11969.6418  0.21%     -   52s
     0     0 11969.6418    0 1331 11995.4011 11969.6418  0.21%     -   56s
     0     0 11969.6418    0 1081 11995.4011 11969.6418  0.21%     -   59s
H    0     0                    11989.396950 11969.6526  0.16%     -   61s
     0     0 11969.6526    0 1055 11989.3969 11969.6526  0.16%     -   62s
     0     0 11969.6657    0 1133 11989.3969 11969.6657  0.16%     -   66s
     0     0 11969.6657    0 1133 11989.3969 11969.6657  0.16%     -   66s
     0     0 11969.6657    0  989 11989.3969 11969.6657  0.16%     -   68s
     0     0 11969.6708    0 1007 11989.3969 11969.6708  0.16%     -   69s
     0     0 11969.6708    0  980 11989.3969 11969.6708  0.16%     -   72s
     0     0 11969.6708    0  980 11989.3969 11969.6708  0.16%     -   74s
     0     0 11969.6708    0  979 11989.3969 11969.6708  0.16%     -   76s
     0     0 11969.6708    0  979 11989.3969 11969.6708  0.16%     -   77s
     0     0 11969.6708    0  979 11989.3969 11969.6708  0.16%     -   78s
     0     0 11969.6708    0  979 11989.3969 11969.6708  0.16%     -   78s
     0     0 11969.6708    0  979 11989.3969 11969.6708  0.16%     -   79s
H    0     0                    11983.133189 11969.6708  0.11%     -   83s
     0     2 11969.6708    0  979 11983.1332 11969.6708  0.11%     -   86s
     3     8 11970.5983    2  732 11983.1332 11970.5983  0.10%  3581   94s
     7    16 11970.6100    3  708 11983.1332 11970.6100  0.10%  3491   98s
    15    28 11970.6271    4  795 11983.1332 11970.6119  0.10%  2654  105s
    27    55 11971.9176    5  779 11983.1332 11970.6297  0.10%  2271  115s
    54    85 11971.9176    6  775 11983.1332 11970.6321  0.10%  1606  121s
    84   109 11971.9177    9  776 11983.1332 11970.6321  0.10%  1410  127s
   108   171 11971.9181   14  783 11983.1332 11970.6321  0.10%  1381  136s
   170   342 11971.9899   17  725 11983.1332 11970.6321  0.10%  1144  154s
   341   523 11971.9899   24  736 11983.1332 11970.6321  0.10%   769  182s
   522   710 11972.1097   30  543 11983.1332 11970.6321  0.10%   759  216s
H  524   710                    11980.350795 11970.6321  0.08%   756  216s
H  590   710                    11978.797256 11970.6321  0.07%   782  216s
H  602   710                    11977.085238 11970.6321  0.05%   794  216s
   711  1135 11972.1941   37  576 11977.0852 11970.6321  0.05%   822  270s
H  911  1119                    11976.210592 11970.6321  0.05%   783  270s
