
Cluster assignments:
Cluster 0 (represented by Day 25): [ 1 12 17 21 25 26 27 28]... (total 8 days)
Cluster 1 (represented by Day 4): [ 2  3  4  5  6  7  8  9 10 11]... (total 23 days)
[reserve] pi_res = 56 EUR/MW.h (daily mean of fcrn_dk2_56 hourly prices), 1h blocks
[reserve] c_min_G = 0.15 (electrolyzer min load / els_cap); literature 0.1-0.16 -> OK
[reserve] c_sb_G = 0.01 (electrolyzer standby draw / els_cap); literature 0.025-0.05 -> OUT OF RANGE
✓ spring  :  92 days | Mean: 1 MWh | RMSE range: 0.0-0.2 MWh
✓ summer  :  92 days | Mean: 1 MWh | RMSE range: 0.0-0.3 MWh
✓ fall    :  91 days | Mean: 1 MWh | RMSE range: 0.0-0.2 MWh
✓ winter  :  90 days | Mean: 1 MWh | RMSE range: 0.0-0.1 MWh

=== 60p_reserve_peak_day3_S20_seed0_grb_direct-gurobi_kl0.0960365_dual_ndw_rsc0.303571_main: n=60, |T|=24, |Omega|=20 ===

[1] extensive form (DP_N^Omega)
  (read from ieee_owen\weak_eps_experiment\stochastic\main17_xi\ef_cache\n60_S20_day3.pkl)
Set parameter Username
Set parameter LicenseID to value 2742039
Academic license - for non-commercial use only - expires 2026-11-20
Set parameter OutputFlag to value 1
Set parameter LogToConsole to value 0
  improve: psi 12947.267639 -> MILP 12945.696371 (timelimit, 3601s) -> polish 12945.687878 (2 LP, 10s)  adopted True
  obj 12945.687878  status timelimit  gap 6.18e-04  5412.4s  vars 343244
  KL r=0.0960365: worst case 12945.687878 vs expected 12433.318763; 1 MILP solve(s); rho* 0.065 0.058 0.062 0.032 0.038 0.129 0.032 0.031 0.024 0.059 0.030 0.044 0.080 0.040 0.032 0.048 0.041 0.039 0.039 0.076 (KL 0.0960)
    round 1: MIPGap 0e+00  3600.7s  1426 nodes  psi-bound 7.89e-04  psi-incumbent 4.54e-07

[3] robust Owen allocation, column generation as it was
  omega_LR,rob 4.417121 -> 2.837361  eps_LR 0.073619 -> 0.047289  certified [-5.351417, 2.842392]

rewrote ieee_owen\weak_eps_experiment\stochastic\main17_xi\60p_reserve_peak_day3_S20_seed0_grb_direct-gurobi_kl0.0960365_dual_ndw_rsc0.303571_main.json
