
Cluster assignments:
Cluster 0 (represented by Day 25): [ 1 12 17 21 25 26 27 28]... (total 8 days)
Cluster 1 (represented by Day 4): [ 2  3  4  5  6  7  8  9 10 11]... (total 23 days)
[reserve] pi_res = 56 EUR/MW.h (daily mean of fcrn_dk2_56 hourly prices), 1h blocks
[reserve] c_min_G = 0.15 (electrolyzer min load / els_cap); literature 0.1-0.16 -> OK
[reserve] c_sb_G = 0.01 (electrolyzer standby draw / els_cap); literature 0.025-0.05 -> OUT OF RANGE
✓ spring  :  92 days | Mean: 1 MWh | RMSE range: 0.0-0.2 MWh
✓ summer  :  92 days | Mean: 1 MWh | RMSE range: 0.0-0.3 MWh
✓ fall    :  91 days | Mean: 1 MWh | RMSE range: 0.0-0.2 MWh
✓ winter  :  90 days | Mean: 1 MWh | RMSE range: 0.0-0.1 MWh

=== 60p_reserve_peak_day7_S20_seed0_grb_direct-gurobi_kl0.0960365_dual_ndw_rsc0.303571_main: n=60, |T|=24, |Omega|=20 ===

[1] extensive form (DP_N^Omega)
Set parameter Username
Set parameter LicenseID to value 2742039
Academic license - for non-commercial use only - expires 2026-11-20
Set parameter OutputFlag to value 1
Set parameter LogToConsole to value 0
  obj 11039.012522  status timelimit  gap 4.80e-04  1801.3s  vars 343244
  KL r=0.0960365: worst case 11039.012522 vs expected 10688.493551; 1 MILP solve(s); rho* 0.048 0.049 0.052 0.025 0.070 0.057 0.023 0.058 0.056 0.022 0.107 0.017 0.051 0.035 0.050 0.030 0.086 0.077 0.040 0.047 (KL 0.0960)
    round 1: MIPGap 1e-04  1800.8s  4588 nodes  psi-bound 4.80e-04  psi-incumbent 4.80e-05

[2] column generation (DWR_N^Omega)
  seed columns: largest carrier-row residual 4.44e-14 (repaired)
  CG   24 | RMP    10305.8632 | LB    10290.2051 | UB           inf | a 1.00 std      | min rc  0.0000e+00 | +0  [round] | lp 0.50s solver 0.48s 2111 it 19548 cols 610495 nz
  -- penalty round 1: eps 0.2 delta 0.2 RMP 10305.8632 LB 10290.2051 UB 11039.0125 gap 6.78e-02 [round] 47s
  CG   25 | RMP    11035.9325 | LB    10361.5871 | UB    11039.0125 | a 0.10 smooth   | min rc -8.9268e+00 | +177 | lp 2.19s solver 2.16s 9956 it 19548 cols 610495 nz
  CG   50 | RMP    11030.2573 | LB    10978.4721 | UB    11039.0125 | a 0.10 smooth   | min rc -1.3146e+00 | +55 | lp 0.89s solver 0.86s 3166 it 22592 cols 781400 nz
  CG   72 | RMP    11029.1529 | LB    11029.3399 | UB    11039.0125 | a 1.00 std      | min rc  0.0000e+00 | +0  [round] | lp 1.72s solver 1.69s 4175 it 23879 cols 822236 nz
  -- penalty round 2: eps 0.05 delta 0.05 RMP 11029.1529 LB 11029.3399 UB 11039.0125 gap 8.76e-04 [round] 333s
  CG   75 | RMP    11038.3772 | LB    11030.5409 | UB    11039.0125 | a 0.10 smooth   | min rc -6.4305e-01 | +68 | lp 1.85s solver 1.82s 4815 it 24466 cols 851150 nz
  CG  100 | RMP    11037.7375 | LB    11037.3200 | UB    11039.0125 | a 0.10 smooth   | min rc -6.4783e-02 | +32 | lp 2.60s solver 2.56s 4673 it 28023 cols 1021547 nz
  CG  107 | RMP    11037.6686 | LB    11037.6237 | UB    11039.0125 | a 1.00 std      | min rc  0.0000e+00 | +0  [round] | lp 1.40s solver 1.36s 2570 it 28840 cols 1059770 nz
  -- penalty round 3: eps 0.0125 delta 0.0125 RMP 11037.6686 LB 11037.6237 UB 11039.0125 gap 1.26e-04 [round] 622s
  CG  125 | RMP    11038.2046 | LB    11038.1311 | UB    11039.0125 | a 0.10 smooth   | min rc -1.3135e-04 | +4 | lp 1.15s solver 1.10s 2120 it 30400 cols 1166158 nz
  CG  130 | RMP    11038.2039 | LB    11038.1712 | UB    11039.0125 | a 1.00 std      | min rc  0.0000e+00 | +0  [round] | lp 0.78s solver 0.73s 1322 it 31014 cols 1199313 nz
  -- penalty round 4: eps 0.00313 delta 0.00313 RMP 11038.2039 LB 11038.1712 UB 11039.0125 gap 7.62e-05 [round] 811s
  CG  136 | RMP    11038.2529 | LB    11038.2224 | UB    11039.0125 | a 0.10 misprice | min rc -1.6966e-06 | +0  [round] | lp 0.83s solver 0.77s 1665 it 32233 cols 1257609 nz
  -- penalty round 5: eps 0.000781 delta 0.000781 RMP 11038.2529 LB 11038.2224 UB 11039.0125 gap 7.16e-05 [round] 899s
  CG  139 | RMP    11038.2625 | LB    11038.2302 | UB    11039.0125 | a 0.10 misprice | min rc -9.1845e-06 | +0  [round] | lp 0.12s solver 0.07s 1 it 32242 cols 1258193 nz
  -- penalty round 6: eps 0.000195 delta 0.000195 RMP 11038.2625 LB 11038.2302 UB 11039.0125 gap 7.09e-05 [round] 934s
  CG  140 | RMP    11038.2639 | LB    11038.2302 | UB    11038.2646 | a 1.00 std      | min rc  0.0000e+00 | +0  [done] | lp 1.63s solver 1.59s 2931 it 32242 cols 1258193 nz
  -- penalty round 7: eps 0 delta 0 RMP 11038.2639 LB 11038.2302 UB 11038.2646 gap 3.11e-06 [done] 935s
  obj 11038.264571  LB 11038.230224  gap 3.11e-06  iters 140  935.6s  rounds 7  status optimal
  KL r=0.0960365: 1000 tangent planes; rho* 0.048 0.049 0.052 0.025 0.070 0.057 0.023 0.057 0.056 0.022 0.108 0.017 0.051 0.035 0.050 0.030 0.085 0.077 0.040 0.047 (KL 0.0960)
  time: master LP 233.8s  pricing 687.9s (134136 MILPs, 8 worker(s))

[3] robust Owen allocation
  omega_LR,rob 0.782186  eps_LR 0.013036  certified [-4.548976, 0.782298]
  EF slack 5.2969 = 677% of the reported omega  (> 10%: use --table for a table run)
  checks: budget 0.00e+00  duality -1.12e-04  pricing 0.00e+00

[4] stand-alone values val(DP_{j}^Omega)
   player         Owen        E[x*]        alone       chi^LR
       u1    1511.7474    1511.7344     980.3884     531.3459
       u2      50.0025      49.9895      -0.0000      49.9895
       u3     601.9950     601.9819     263.9798     338.0021
       u4    -755.5376    -755.5507    -808.5074      52.9567
       u5    -396.7967    -396.8098    -522.5098     125.7000
       u6   -1080.4892   -1080.5022   -1159.4203      78.9180
       u7     433.1701     433.1571     295.0082     138.1489
       u8      63.0841      63.0711      -0.0000      63.0711
       u9     605.7554     605.7424     263.9798     341.7625
      u10     826.3344     826.3214     643.5949     182.7265
      u11     111.2929     111.2799      90.6743      20.6056
      u12    -674.5716    -674.5846    -728.2369      53.6523
      u13    -395.7009    -395.7140    -518.1681     122.4541
      u14    -920.8967    -920.9097    -984.2882      63.3785
      u15   -1877.9032   -1877.9163   -1985.7002     107.7839
      u16    1128.9625    1128.9494     701.7383     427.2112
      u17     431.7404     431.7273     253.4612     178.2661
      u18      83.0846      83.0716      -0.0000      83.0716
      u19      10.0015       9.9885      -0.0000       9.9885
      u20     605.7554     605.7424     263.9798     341.7625
      u21     194.8387     194.8256     155.4221      39.4035
      u22     166.9394     166.9263     136.0114      30.9149
      u23    -735.1026    -735.1157    -785.4157      50.3001
      u24    -898.0301    -898.0432    -943.7526      45.7094
      u25    -788.8318    -788.8448    -833.4720      44.6272
      u26    -100.7744    -100.7874    -223.9663     123.1789
      u27    -192.0511    -192.0641    -255.8922      63.8281
      u28    -885.2075    -885.2205    -989.3664     104.1459
      u29    -640.3745    -640.3876    -718.8483      78.4607
      u30    -327.0996    -327.1126    -346.4573      19.3446
      u31    1787.4661    1787.4531    1149.5076     637.9455
      u32      90.0035      89.9905      -0.0000      89.9905
      u33     421.3965     421.3834     184.7859     236.5975
      u34    -775.7866    -775.7997    -818.2146      42.4149
      u35    -396.1130    -396.1260    -522.5325     126.4065
      u36   -1083.9485   -1083.9615   -1159.8580      75.8965
      u37     374.9215     374.9084     274.3385     100.5700
      u38      53.4105      53.3975      -0.0000      53.3975
      u39     786.3539     786.3409     343.1738     443.1671
      u40    1206.7412    1206.7282     961.5422     245.1860
      u41    -232.4564    -232.4694    -361.7009     129.2315
      u42    -607.7075    -607.7205    -664.7631      57.0426
      u43    -396.4047    -396.4177    -522.1976     125.7799
      u44    -383.0548    -383.0678    -537.7822     154.7143
      u45   -1872.1604   -1872.1734   -1971.3173      99.1439
      u46    1987.8117    1987.7986    1239.7951     748.0035
      u47     195.8780     195.8650     115.4753      80.3897
      u48      34.0634      34.0504      -0.0000      34.0504
      u49      80.0033      79.9902      -0.0000      79.9902
      u50     545.5559     545.5429     237.5819     307.9610
      u51     353.4261     353.4131     272.7870      80.6261
      u52    -305.0617    -305.0747    -377.7514      72.6767
      u53   -1489.0692   -1489.0823   -1646.1196     157.0373
      u54   -1838.7031   -1838.7161   -1943.3778     104.6617
      u55   -1873.1338   -1873.1469   -1983.2832     110.1364
      u56    -133.4294    -133.4425    -358.4360     224.9935
      u57    -394.8296    -394.8426    -521.0202     126.1776
      u58   -1149.5374   -1149.5504   -1319.3097     169.7592
      u59   -1093.7580   -1093.7710   -1257.9833     164.2122
      u60   -1085.4445   -1085.4575   -1156.2497      70.7922

wrote ieee_owen\weak_eps_experiment\stochastic\main17_xi\60p_reserve_peak_day7_S20_seed0_grb_direct-gurobi_kl0.0960365_dual_ndw_rsc0.303571_main.json
