
Gurobi 13.0.1 (win64) logging started Fri Oct  9 12:13:17 2026

Set parameter LogFile to value "ieee_owen\weak_eps_experiment\stochastic\main17_xi\logs\n60_S20_day26_ef_gurobi.log"
Set parameter NodefileStart to value 3
Set parameter MIPGap to value 0.0001
Gurobi Optimizer version 13.0.1 build v13.0.1rc0 (win64 - Windows 10.0 (19045.2))

CPU model: AMD Ryzen 9 5900X 12-Core Processor, instruction set [SSE2|AVX|AVX2]
Thread count: 12 physical cores, 24 logical processors, using up to 24 threads

Non-default parameters:
TimeLimit  1800
NodefileStart  3
LogToConsole  0

Optimize a model with 340064 rows, 343286 columns and 1462340 nonzeros (Min)
Model fingerprint: 0x00e40d91
Model has 22 linear objective coefficients
Variable types: 289046 continuous, 54240 integer (54240 binary)
Coefficient statistics:
  Matrix range     [3e-04, 2e+02]
  Objective range  [5e-02, 1e+00]
  Bounds range     [9e-03, 6e+01]
  RHS range        [5e-02, 2e+01]

Presolve removed 152071 rows and 125276 columns
Presolve time: 3.31s
Presolved: 187993 rows, 218010 columns, 746164 nonzeros
Variable types: 169118 continuous, 48892 integer (48891 binary)
Found heuristic solution: objective 15853.384955
Deterministic concurrent LP optimizer: primal simplex, dual simplex, and barrier
Showing barrier log only...

Root barrier log...

Ordering time: 1.57s
Ordering time: 1.75s

Barrier statistics:
 Dense cols : 567
 Free vars  : 41
 AA' NZ     : 6.348e+05
 Factor NZ  : 3.428e+06 (roughly 180 MB of memory)
 Factor Ops : 5.679e+08 (less than 1 second per iteration)
 Threads    : 10

                  Objective                Residual
Iter       Primal          Dual         Primal    Dual     Compl     Time
   0   1.72190313e+00 -2.22314412e+04  4.93e+03 6.40e+01  1.66e+00     8s
   1  -2.64524297e+04 -2.25014512e+04  4.90e+03 5.81e+01  1.67e+00     8s
   2   1.33398016e+05 -2.24343923e+04  4.57e+03 5.22e+01  1.66e+00     8s
   3  -1.49639895e+05 -2.36481837e+04  3.26e+03 4.51e+01  1.19e+00     9s
   4  -1.85512037e+05 -2.38131084e+04  2.89e+03 3.84e+01  1.07e+00     9s
   5  -1.99961682e+05 -2.30574037e+04  2.42e+03 2.90e+01  9.08e-01     9s
   6  -1.32247960e+05 -2.04365072e+04  1.26e+03 1.43e+01  4.80e-01     9s
   7  -6.33664591e+04 -1.08774630e+04  6.11e+02 2.94e+00  2.42e-01     9s
   8  -3.78724498e+04 -4.13090086e+03  3.84e+02 1.21e+00  1.49e-01     9s
   9  -2.57423330e+04 -2.10576923e+03  2.83e+02 8.95e-01  1.11e-01     9s
  10  -2.22590425e+04 -6.66526144e+00  2.54e+02 6.45e-01  9.72e-02     9s
  11  -1.47531088e+04  1.92571428e+03  1.94e+02 4.70e-01  7.41e-02     9s
  12  -5.57887097e+03  4.16368342e+03  1.25e+02 2.92e-01  4.87e-02     9s
  13   7.90200026e+02  6.68682321e+03  7.60e+01 1.49e-01  2.94e-02    10s
  14   4.79814145e+03  8.55147919e+03  4.77e+01 8.07e-02  1.81e-02    10s
  15   6.19320569e+03  9.29048891e+03  3.79e+01 5.99e-02  1.41e-02    10s
  16   6.99841270e+03  9.60135737e+03  3.28e+01 5.23e-02  1.23e-02    10s
  17   7.26102528e+03  9.74027247e+03  3.11e+01 4.94e-02  1.16e-02    10s
  18   8.33040896e+03  9.85607490e+03  2.41e+01 4.69e-02  9.77e-03    10s
  19   8.63721462e+03  1.02741209e+04  2.22e+01 3.84e-02  8.55e-03    10s
  20   8.89296810e+03  1.04615904e+04  2.06e+01 3.46e-02  7.83e-03    10s
  21   9.06427260e+03  1.06386057e+04  1.95e+01 3.10e-02  7.23e-03    10s
  22   9.27342818e+03  1.06591520e+04  1.82e+01 3.05e-02  6.92e-03    11s
  23   9.50964942e+03  1.08081288e+04  1.67e+01 2.74e-02  6.29e-03    11s
  24   9.87252506e+03  1.10861530e+04  1.44e+01 2.19e-02  5.26e-03    11s
  25   1.00476621e+04  1.13126798e+04  1.34e+01 1.80e-02  4.63e-03    11s
  26   1.01551932e+04  1.16042303e+04  1.27e+01 1.58e-02  4.26e-03    11s
  27   1.01890700e+04  1.18176507e+04  1.25e+01 1.56e-02  4.20e-03    11s
  28   1.01940282e+04  1.17001738e+04  1.25e+01 1.56e-02  4.19e-03    12s
  29   1.02256943e+04  1.17715809e+04  1.23e+01 1.54e-02  4.14e-03    12s
  30   1.02736936e+04  1.18382842e+04  1.20e+01 1.50e-02  4.06e-03    12s
  31   1.03267324e+04  1.19131279e+04  1.18e+01 1.47e-02  3.98e-03    12s
  32   1.04643358e+04  1.19701054e+04  1.11e+01 1.41e-02  3.78e-03    12s
  33   1.07468261e+04  1.20916312e+04  9.76e+00 1.24e-02  3.34e-03    12s
  34   1.13305361e+04  1.21967692e+04  7.07e+00 1.03e-02  2.61e-03    12s
  35   1.18169247e+04  1.23644447e+04  4.84e+00 7.53e-03  1.87e-03    13s
  36   1.21597935e+04  1.24744967e+04  3.27e+00 5.84e-03  1.37e-03    13s
  37   1.23822406e+04  1.25710340e+04  2.25e+00 4.42e-03  1.00e-03    13s
  38   1.25070197e+04  1.26771173e+04  1.69e+00 2.88e-03  7.03e-04    13s
  39   1.26312182e+04  1.27243070e+04  1.14e+00 2.21e-03  5.13e-04    13s
  40   1.27385018e+04  1.27797378e+04  6.59e-01 1.41e-03  3.24e-04    13s
  41   1.27904027e+04  1.28196903e+04  4.29e-01 8.59e-04  2.07e-04    13s
  42   1.28215754e+04  1.28376646e+04  2.88e-01 6.10e-04  1.45e-04    13s
  43   1.28442765e+04  1.28506813e+04  1.85e-01 4.34e-04  1.01e-04    13s
  44   1.28532265e+04  1.28578604e+04  1.44e-01 3.40e-04  7.95e-05    14s
  45   1.28609004e+04  1.28668565e+04  1.09e-01 2.20e-04  5.53e-05    14s
  46   1.28671687e+04  1.28714060e+04  7.97e-02 1.60e-04  4.08e-05    14s
  47   1.28694147e+04  1.28738098e+04  6.93e-02 1.29e-04  3.41e-05    14s
  48   1.28758119e+04  1.28784766e+04  3.95e-02 6.80e-05  1.91e-05    14s
  49   1.28780419e+04  1.28799998e+04  2.90e-02 4.90e-05  1.41e-05    14s
  50   1.28809945e+04  1.28815699e+04  1.51e-02 2.90e-05  8.21e-06    14s
  51   1.28833315e+04  1.28826288e+04  4.01e-03 1.68e-05  3.84e-06    14s
  52   1.28836167e+04  1.28835855e+04  2.60e-03 5.61e-06  1.67e-06    14s
  53   1.28838357e+04  1.28837413e+04  1.52e-03 4.03e-06  1.13e-06    14s
  54   1.28839626e+04  1.28838792e+04  9.03e-04 2.59e-06  7.22e-07    14s
  55   1.28841284e+04  1.28840646e+04  6.93e-05 7.42e-07  1.67e-07    14s
  56   1.28841354e+04  1.28841382e+04  3.32e-05 3.72e-08  1.52e-08    14s
  57   1.28841409e+04  1.28841409e+04  4.48e-08 4.16e-09  1.41e-11    15s

Barrier solved model in 57 iterations and 14.51 seconds (14.16 work units)
Optimal objective 1.28841409e+04


Root crossover log...

   61105 DPushes remaining with DInf 0.0000000e+00                15s
   16799 DPushes remaining with DInf 0.0000000e+00                15s
       0 DPushes remaining with DInf 0.0000000e+00                16s

   34197 PPushes remaining with PInf 0.0000000e+00                16s
       0 PPushes remaining with PInf 0.0000000e+00                17s

  Push phase complete: Pinf 0.0000000e+00, Dinf 3.0365204e-11     17s


Root simplex log...

Iteration    Objective       Primal Inf.    Dual Inf.      Time
   81368    1.2884141e+04   0.000000e+00   0.000000e+00     18s
Crossover time: 3.02 seconds (2.05 work units)
Concurrent spin time: 0.34s

Solved with barrier
   81368    1.2884141e+04   0.000000e+00   0.000000e+00     18s

Root relaxation: objective 1.288414e+04, 81368 iterations, 12.43 seconds (9.12 work units)

    Nodes    |    Current Node    |     Objective Bounds      |     Work
 Expl Unexpl |  Obj  Depth IntInf | Incumbent    BestBd   Gap | It/Node Time

     0     0 12884.1410    0 1578 15853.3850 12884.1410  18.7%     -   22s
H    0     0                    12949.121781 12884.1410  0.50%     -   26s
     0     0 12884.3082    0 1739 12949.1218 12884.3082  0.50%     -   31s
     0     0 12884.3094    0 1739 12949.1218 12884.3094  0.50%     -   32s
     0     0 12884.4225    0 1660 12949.1218 12884.4225  0.50%     -   38s
     0     0 12884.4226    0 1662 12949.1218 12884.4226  0.50%     -   39s
     0     0 12884.4517    0 1575 12949.1218 12884.4517  0.50%     -   43s
     0     0 12884.4550    0 1531 12949.1218 12884.4550  0.50%     -   47s
     0     0 12884.4550    0 1531 12949.1218 12884.4550  0.50%     -   47s
     0     0 12884.4555    0 1503 12949.1218 12884.4555  0.50%     -   51s
     0     0 12884.4578    0 1503 12949.1218 12884.4578  0.50%     -   52s
     0     0 12884.4578    0 1500 12949.1218 12884.4578  0.50%     -   55s
     0     0 12884.4645    0 1500 12949.1218 12884.4645  0.50%     -   56s
     0     0 12884.4645    0 1500 12949.1218 12884.4645  0.50%     -   59s
     0     0 12884.4645    0 1224 12949.1218 12884.4645  0.50%     -   61s
     0     0 12884.4645    0 1226 12949.1218 12884.4645  0.50%     -   63s
     0     0 12884.4645    0 1226 12949.1218 12884.4645  0.50%     -   65s
     0     0 12884.4645    0 1226 12949.1218 12884.4645  0.50%     -   66s
     0     0 12884.4645    0 1226 12949.1218 12884.4645  0.50%     -   68s
     0     0 12884.4645    0 1226 12949.1218 12884.4645  0.50%     -   70s
     0     0 12884.4645    0 1226 12949.1218 12884.4645  0.50%     -   71s
     0     0 12884.4645    0 1226 12949.1218 12884.4645  0.50%     -   71s
     0     0 12884.4645    0 1226 12949.1218 12884.4645  0.50%     -   72s
     0     2 12884.4645    0 1226 12949.1218 12884.4645  0.50%     -   74s
     1     4 12884.4988    1 1098 12949.1218 12884.4798  0.50%  2776   77s
     3     8 12884.8311    2 1313 12949.1218 12884.5024  0.50%  2576   80s
     7    16 12884.8456    3 1309 12949.1218 12884.5219  0.50%  1637   88s
    15    28 12885.2908    4 1414 12949.1218 12884.5710  0.50%  2488  101s
H   26    28                    12949.104533 12884.8392  0.50%  4573  101s
    27    48 12886.3357    5 1299 12949.1045 12884.8482  0.50%  4640  119s
H   43    48                    12949.088487 12884.8482  0.50%  4032  119s
    47    78 12886.3357    6 1299 12949.0885 12884.8482  0.50%  3926  131s
    77    99 12886.3996    9 1129 12949.0885 12884.8482  0.50%  2921  148s
H   82    99                    12914.337800 12884.8482  0.23%  2979  148s
    98   164 12886.3996   10 1129 12914.3378 12884.8482  0.23%  2611  169s
   163   222 12886.8945   12 1105 12914.3378 12884.8482  0.23%  2197  200s
   221   268 12886.9534   13 1123 12914.3378 12884.8482  0.23%  2307  247s
   267   306 12887.1549   16 1248 12914.3378 12884.8482  0.23%  2407  294s
H  269   306                    12912.266209 12884.8482  0.21%  2418  294s
   305   385 12887.9764   17 1103 12912.2662 12884.8482  0.21%  2986  348s
H  330   385                    12910.585024 12884.8482  0.20%  3052  348s
H  353   385                    12899.433101 12884.8482  0.11%  3138  348s
   384   471 12890.4355   21  642 12899.4331 12884.8482  0.11%  3351  430s
H  439   471                    12899.264713 12884.8482  0.11%  3276  430s
H  460   471                    12896.660130 12884.8482  0.09%  3372  430s
   470   561 12891.9257   22  907 12896.6601 12884.8482  0.09%  3407  501s
H  551   561                    12896.491296 12884.8586  0.09%  3236  501s
H  554   561                    12895.761809 12884.8586  0.08%  3221  501s
H  558   561                    12894.649918 12884.8586  0.08%  3199  501s
H  608   618                    12894.649111 12884.8586  0.08%  3202  555s
H  632   618                    12894.645173 12884.8586  0.08%  3234  555s
H  635   618                    12894.629698 12884.8586  0.08%  3266  555s
   692   708 12888.6000    9 1126 12894.6297 12884.8586  0.08%  3206  612s
H  734   708                    12894.386256 12884.8586  0.07%  3305  612s
   798   809 12892.1163   13 1364 12894.3863 12884.8772  0.07%  3247  673s
H  810   809                    12893.999096 12884.8772  0.07%  3239  673s
   960   765     cutoff   15      12893.9991 12884.9845  0.07%  3127  753s
H 1097   765                    12893.999090 12884.9845  0.07%  2978  753s
  1153   893     cutoff    9      12893.9991 12884.9845  0.07%  2950  808s
H 1273   888                    12893.918633 12884.9845  0.07%  2836  808s
  1331  1076 12891.8425   12  713 12893.9186 12884.9845  0.07%  2819  856s
H 1398  1064                    12893.835022 12884.9845  0.07%  2738  856s
H 1491  1061                    12893.810328 12884.9845  0.07%  2668  856s
  1623  1172 12887.4422   12  897 12893.8103 12884.9845  0.07%  2533  900s
H 1675  1152                    12893.765915 12884.9845  0.07%  2483  900s
H 1763  1146                    12893.729752 12884.9845  0.07%  2411  900s
  1825  1322     cutoff   26      12893.7298 12885.3977  0.06%  2389  946s
H 1983  1315                    12893.685400 12885.3977  0.06%  2284  946s
  2043  1709 12893.1047   12  559 12893.6854 12885.4030  0.06%  2271 1003s
H 2183  1709                    12893.681708 12885.4030  0.06%  2174 1003s
H 2479  1693                    12893.639497 12885.5058  0.06%  1982 1059s
H 2479  1376                    12893.554908 12885.5058  0.06%  1982 1078s
H 2479  1376                    12893.554906 12885.5058  0.06%  1982 1084s
  2480  1365 12886.1025   12 1226 12893.5549 12885.5058  0.06%  1981 1353s
  2482  1366 12893.1861   88 1881 12893.5549 12885.5058  0.06%  1980 1373s
  2483  1367 12891.8246   15 2193 12893.5549 12885.5058  0.06%  1979 1384s
  2484  1368 12891.5672   26 2019 12893.5549 12885.5058  0.06%  1978 1392s
  2485  1368 12891.1779   19 2121 12893.5549 12885.5058  0.06%  1977 1396s
  2486  1369 12893.0574   15 1557 12893.5549 12885.5058  0.06%  1976 1407s
  2487  1370 12890.8073   11 1557 12893.5549 12885.5058  0.06%  1976 1415s
  2488  1373 12885.5058   16 1928 12893.5549 12885.5058  0.06%  2030 1422s
  2490  1377 12885.5058   17 2065 12893.5549 12885.5058  0.06%  2030 1428s
  2494  1383 12885.5058   18 2098 12893.5549 12885.5058  0.06%  2033 1435s
  2502  1393 12885.5058   19 2121 12893.5549 12885.5058  0.06%  2041 1448s
  2514  1410 12885.6401   20 2241 12893.5549 12885.5058  0.06%  2053 1465s
  2535  1424 12886.0189   21 2391 12893.5549 12885.5058  0.06%  2055 1484s
  2556  1430 12885.6970   21 2069 12893.5549 12885.5058  0.06%  2068 1506s
  2569  1435 12886.2479   22 1951 12893.5549 12885.5058  0.06%  2093 1523s
  2579  1445 12888.8996   22 1730 12893.5549 12885.5058  0.06%  2123 1540s
  2592  1454 12886.3478   23 1649 12893.5549 12885.5058  0.06%  2154 1564s
  2605  1473 12886.5122   24 1528 12893.5549 12885.5058  0.06%  2183 1596s
  2637  1471 12888.6136   25 1454 12893.5549 12885.5058  0.06%  2241 1641s
  2647  1487 12890.8216   25 1399 12893.5549 12885.5058  0.06%  2265 1669s
  2699  1482 12890.8773   27 1153 12893.5549 12885.5058  0.06%  2315 1709s
  2713  1507 12892.0531   27  997 12893.5549 12885.5058  0.06%  2329 1729s
  2783  1519 12893.3157   31  816 12893.5549 12885.5058  0.06%  2349 1748s
  2864  1516 12893.3470   37  642 12893.5549 12885.5058  0.06%  2334 1767s
  2938  1511 12893.3818   42  531 12893.5549 12885.5058  0.06%  2316 1783s
  2991  1527 12893.3831   47  484 12893.5549 12885.5058  0.06%  2328 1799s

Cutting planes:
  Gomory: 10
  Cover: 5
  Implied bound: 12
  MIR: 82
  Flow cover: 433
  RLT: 3
  Relax-and-lift: 123

Explored 3026 nodes (7198002 simplex iterations) in 1800.35 seconds (2137.68 work units)
Thread count was 24 (of 24 available processors)

Solution count 10: 12893.6 12893.6 12893.6 ... 12893.8

Time limit reached
Best objective 1.289355490597e+04, best bound 1.288550579161e+04, gap 0.0624%
