
Gurobi 13.0.1 (win64) logging started Thu Oct  8 16:49:13 2026

Set parameter LogFile to value "ieee_owen\weak_eps_experiment\stochastic\main17_xi\logs\n60_S20_day14_ef_gurobi.log"
Set parameter NodefileStart to value 3
Set parameter MIPGap to value 0.0001
Gurobi Optimizer version 13.0.1 build v13.0.1rc0 (win64 - Windows 10.0 (19045.2))

CPU model: AMD Ryzen 9 5900X 12-Core Processor, instruction set [SSE2|AVX|AVX2]
Thread count: 12 physical cores, 24 logical processors, using up to 24 threads

Non-default parameters:
TimeLimit  1800
NodefileStart  3
LogToConsole  0

Optimize a model with 340064 rows, 343286 columns and 1462340 nonzeros (Min)
Model fingerprint: 0x14899649
Model has 22 linear objective coefficients
Variable types: 289046 continuous, 54240 integer (54240 binary)
Coefficient statistics:
  Matrix range     [3e-04, 2e+02]
  Objective range  [5e-02, 1e+00]
  Bounds range     [9e-03, 6e+01]
  RHS range        [5e-02, 2e+01]

Presolve removed 152074 rows and 125277 columns
Presolve time: 3.41s
Presolved: 187990 rows, 218009 columns, 746163 nonzeros
Variable types: 169117 continuous, 48892 integer (48891 binary)
Found heuristic solution: objective 15590.119305
Deterministic concurrent LP optimizer: primal simplex, dual simplex, and barrier
Showing barrier log only...

Root barrier log...

Ordering time: 1.40s
Ordering time: 1.99s

Barrier statistics:
 Dense cols : 564
 Free vars  : 41
 AA' NZ     : 1.019e+06
 Factor NZ  : 4.331e+06 (roughly 200 MB of memory)
 Factor Ops : 1.587e+09 (less than 1 second per iteration)
 Threads    : 10

                  Objective                Residual
Iter       Primal          Dual         Primal    Dual     Compl     Time
   0   1.97004456e+00 -2.23201411e+04  5.63e+03 6.40e+01  1.90e+00     8s
   1  -2.95390733e+04 -2.24509191e+04  5.59e+03 6.15e+01  1.89e+00     8s
   2   1.02074667e+05 -2.23961592e+04  5.41e+03 6.01e+01  1.86e+00     9s
   3   9.26011475e+05 -2.49232073e+04  3.50e+03 4.96e+01  1.86e+00     9s
   4   2.49402658e+05 -2.58229154e+04  2.68e+03 4.09e+01  1.38e+00     9s
   5   1.48694456e+05 -2.53489548e+04  2.06e+03 3.20e+01  1.17e+00     9s
   6   4.33003624e+04 -2.07817792e+04  1.01e+03 4.49e+00  6.99e-01     9s
   7   1.99057303e+04 -1.42550579e+04  5.25e+02 2.31e+00  3.67e-01     9s
   8   1.46501882e+04 -7.37709715e+03  3.48e+02 1.19e+00  2.42e-01     9s
   9   1.32758534e+04 -4.20992309e+03  2.74e+02 8.00e-01  1.89e-01     9s
  10   1.26739977e+04 -1.82411976e+03  2.37e+02 5.87e-01  1.61e-01     9s
  11   1.16373806e+04  1.31876618e+03  1.64e+02 3.49e-01  1.11e-01     9s
  12   1.12938766e+04  5.09066977e+03  1.05e+02 1.37e-01  6.88e-02    10s
  13   1.10134642e+04  6.82533701e+03  5.42e+01 8.64e-02  3.75e-02    10s
  14   1.10828994e+04  8.42648452e+03  4.47e+01 5.10e-02  2.92e-02    10s
  15   1.12432177e+04  9.22794996e+03  3.43e+01 3.68e-02  2.23e-02    10s
  16   1.13998441e+04  9.62415038e+03  2.78e+01 3.08e-02  1.83e-02    10s
  17   1.15396577e+04  1.00002510e+04  2.31e+01 2.57e-02  1.54e-02    10s
  18   1.16309762e+04  1.04308394e+04  1.92e+01 2.01e-02  1.26e-02    10s
  19   1.16903457e+04  1.06826397e+04  1.71e+01 1.71e-02  1.10e-02    10s
  20   1.17049058e+04  1.08503438e+04  1.55e+01 1.50e-02  9.85e-03    10s
  21   1.17165733e+04  1.11265764e+04  1.47e+01 1.16e-02  8.95e-03    11s
  22   1.17355708e+04  1.12694257e+04  1.39e+01 1.02e-02  8.34e-03    11s
  23   1.17620952e+04  1.13800135e+04  1.29e+01 9.37e-03  7.67e-03    11s
  24   1.17740207e+04  1.15703149e+04  1.25e+01 8.93e-03  7.42e-03    11s
  25   1.17990299e+04  1.16832432e+04  1.21e+01 8.84e-03  7.19e-03    11s
  26   1.18180244e+04  1.17168305e+04  1.17e+01 8.62e-03  6.99e-03    11s
  27   1.18512345e+04  1.18440572e+04  1.11e+01 8.02e-03  6.61e-03    11s
  28   1.19096470e+04  1.19768722e+04  1.02e+01 6.95e-03  5.98e-03    12s
  29   1.21821434e+04  1.20341035e+04  6.79e+00 5.45e-03  4.28e-03    12s
  30   1.23140048e+04  1.21475380e+04  5.12e+00 4.63e-03  3.36e-03    12s
  31   1.24042624e+04  1.22631217e+04  3.94e+00 3.61e-03  2.62e-03    12s
  32   1.25026774e+04  1.24280298e+04  2.70e+00 2.18e-03  1.76e-03    12s
  33   1.25582038e+04  1.25116369e+04  2.01e+00 1.48e-03  1.29e-03    12s
  34   1.26150729e+04  1.25801508e+04  1.28e+00 9.15e-04  8.29e-04    12s
  35   1.26723772e+04  1.26190929e+04  5.08e-01 6.18e-04  4.06e-04    12s
  36   1.26840374e+04  1.26568180e+04  3.44e-01 3.51e-04  2.58e-04    13s
  37   1.26956978e+04  1.26763388e+04  1.80e-01 2.07e-04  1.45e-04    13s
  38   1.26998302e+04  1.26834483e+04  1.20e-01 1.59e-04  1.03e-04    13s
  39   1.27017253e+04  1.26883542e+04  9.29e-02 1.25e-04  8.14e-05    13s
  40   1.27022196e+04  1.26910866e+04  8.54e-02 1.07e-04  7.25e-05    13s
  41   1.27042338e+04  1.26951979e+04  5.38e-02 7.95e-05  4.96e-05    13s
  42   1.27055005e+04  1.26992677e+04  3.14e-02 5.16e-05  3.08e-05    13s
  43   1.27064593e+04  1.27047578e+04  1.62e-02 1.52e-05  1.30e-05    13s
  44   1.27068185e+04  1.27057989e+04  9.31e-03 9.04e-06  7.55e-06    13s
  45   1.27071240e+04  1.27067254e+04  4.07e-03 3.29e-06  3.21e-06    13s
  46   1.27071543e+04  1.27069794e+04  3.42e-03 1.76e-06  2.39e-06    14s
  47   1.27073055e+04  1.27070869e+04  5.41e-04 1.10e-06  7.49e-07    14s
  48   1.27073083e+04  1.27071860e+04  3.28e-04 5.93e-07  4.35e-07    14s
  49   1.27073106e+04  1.27072075e+04  1.66e-04 4.91e-07  3.00e-07    14s
  50   1.27073102e+04  1.27072984e+04  7.86e-05 4.31e-08  7.02e-08    14s
  51   1.27073107e+04  1.27073020e+04  3.26e-05 3.52e-08  3.67e-08    14s
  52   1.27073106e+04  1.27073073e+04  1.66e-05 1.50e-08  1.63e-08    14s
  53   1.27073104e+04  1.27073073e+04  1.13e-05 1.50e-08  1.28e-08    14s
  54   1.27073102e+04  1.27073093e+04  2.94e-06 3.42e-09  3.40e-09    14s
  55   1.27073101e+04  1.27073099e+04  3.65e-06 3.78e-09  1.35e-09    14s
  56   1.27073101e+04  1.27073100e+04  4.24e-06 2.12e-09  3.28e-10    15s
  57   1.27073101e+04  1.27073100e+04  4.24e-06 2.11e-09  3.28e-10    15s
  58   1.27073101e+04  1.27073100e+04  3.95e-06 1.87e-09  3.07e-10    15s
  59   1.27073101e+04  1.27073100e+04  3.94e-06 1.87e-09  3.07e-10    15s
  60   1.27073101e+04  1.27073100e+04  3.88e-06 1.85e-09  3.03e-10    15s
  61   1.27073101e+04  1.27073100e+04  3.51e-06 1.76e-09  2.81e-10    15s
  62   1.27073101e+04  1.27073100e+04  2.92e-06 1.66e-09  2.33e-10    15s
  63   1.27073101e+04  1.27073100e+04  2.77e-06 1.36e-09  2.17e-10    16s

Barrier solved model in 63 iterations and 15.50 seconds (14.97 work units)
Optimal objective 1.27073101e+04


Root crossover log...

   58411 DPushes remaining with DInf 1.2000455e+00                16s
       0 DPushes remaining with DInf 0.0000000e+00                17s

   37606 PPushes remaining with PInf 1.0359122e-03                17s
       0 PPushes remaining with PInf 1.6433575e-06                20s

  Push phase complete: Pinf 1.6433575e-06, Dinf 1.5282355e-03     20s


Root simplex log...

Iteration    Objective       Primal Inf.    Dual Inf.      Time
   84130    1.2707310e+04   0.000000e+00   1.528235e-03     20s
   84137    1.2707310e+04   0.000000e+00   0.000000e+00     20s
Crossover time: 4.25 seconds (6.63 work units)
Concurrent spin time: 2.77s (can be avoided by choosing Method=3)

Solved with barrier
   84137    1.2707310e+04   0.000000e+00   0.000000e+00     23s

Root relaxation: objective 1.270731e+04, 84137 iterations, 17.28 seconds (15.04 work units)

    Nodes    |    Current Node    |     Objective Bounds      |     Work
 Expl Unexpl |  Obj  Depth IntInf | Incumbent    BestBd   Gap | It/Node Time

     0     0 12707.3100    0 1547 15590.1193 12707.3100  18.5%     -   30s
H    0     0                    12739.245133 12707.3100  0.25%     -   32s
H    0     0                    12736.974904 12707.3100  0.23%     -   34s
     0     0 12708.2213    0 1892 12736.9749 12708.2213  0.23%     -   40s
H    0     0                    12731.733191 12708.2254  0.18%     -   44s
     0     0 12708.2254    0 1878 12731.7332 12708.2254  0.18%     -   44s
     0     0 12708.3296    0 1739 12731.7332 12708.3296  0.18%     -   51s
     0     0 12708.3328    0 1738 12731.7332 12708.3328  0.18%     -   54s
     0     0 12708.3493    0 1824 12731.7332 12708.3493  0.18%     -   65s
H    0     0                    12723.507512 12708.3540  0.12%     -   68s
     0     0 12708.3540    0 1983 12723.5075 12708.3540  0.12%     -   69s
     0     0 12708.3546    0 1922 12723.5075 12708.3546  0.12%     -   71s
     0     0 12708.3546    0 1922 12723.5075 12708.3546  0.12%     -   71s
     0     0 12708.3546    0 1924 12723.5075 12708.3546  0.12%     -   71s
     0     0 12708.3555    0 1817 12723.5075 12708.3555  0.12%     -   81s
     0     0 12708.3556    0 1855 12723.5075 12708.3556  0.12%     -   82s
     0     0 12708.3556    0 1847 12723.5075 12708.3556  0.12%     -   88s
     0     0 12708.3557    0 1854 12723.5075 12708.3557  0.12%     -   90s
     0     0 12708.3557    0 1872 12723.5075 12708.3557  0.12%     -   95s
     0     0 12708.3557    0 1272 12723.5075 12708.3557  0.12%     -  101s
     0     0 12708.3566    0 1154 12723.5075 12708.3566  0.12%     -  104s
     0     0 12708.3566    0 1115 12723.5075 12708.3566  0.12%     -  108s
     0     0 12708.3566    0 1115 12723.5075 12708.3566  0.12%     -  109s
     0     0 12708.3566    0 1057 12723.5075 12708.3566  0.12%     -  112s
     0     0 12708.3566    0 1076 12723.5075 12708.3566  0.12%     -  114s
     0     0 12708.3566    0 1011 12723.5075 12708.3566  0.12%     -  118s
     0     0 12708.3566    0  998 12723.5075 12708.3566  0.12%     -  120s
     0     0 12708.3566    0  997 12723.5075 12708.3566  0.12%     -  123s
     0     0 12708.3566    0 1138 12723.5075 12708.3566  0.12%     -  126s
     0     0 12708.3566    0  961 12723.5075 12708.3566  0.12%     -  129s
     0     0 12708.3566    0  960 12723.5075 12708.3566  0.12%     -  130s
     0     0 12708.3566    0  960 12723.5075 12708.3566  0.12%     -  131s
H    0     0                    12722.603573 12708.3566  0.11%     -  135s
     0     2 12708.3566    0  960 12722.6036 12708.3566  0.11%     -  138s
     1     4 12708.7005    1 1001 12722.6036 12708.3566  0.11%  3059  140s
     7    16 12708.8782    3  782 12722.6036 12708.3637  0.11%  2188  154s
    15    22 12708.9359    4  745 12722.6036 12708.4010  0.11%  3789  180s
    21    34 12713.9345    5 1415 12722.6036 12708.4010  0.11%  5281  195s
    33    67 12716.5701    6 1416 12722.6036 12708.4010  0.11%  7173  210s
H   36    67                    12718.969415 12708.4010  0.08%  7015  210s
    66    82     cutoff    7      12718.9694 12708.4010  0.08%  4820  228s
H   90    82                    12718.961386 12708.4010  0.08%  3757  228s
H   93    82                    12716.904281 12708.4010  0.07%  3651  228s
    95   113 12710.0070   10  737 12716.9043 12708.4010  0.07%  3590  246s
   128   134 12710.1401   12  681 12716.9043 12708.4010  0.07%  3111  300s
H  148   134                    12716.793365 12708.4010  0.07%  2910  300s
   149   207 12712.2299   13  732 12716.7934 12708.4010  0.07%  2918  317s
   254   346     cutoff   20      12716.7934 12708.4010  0.07%  2049  341s
H  344   346                    12716.778012 12708.4010  0.07%  1696  341s
   419   399 12709.3599    8  936 12716.7780 12708.4010  0.07%  1545  354s
H  498   399                    12716.123460 12708.4010  0.06%  1444  355s
   502   436 12712.6399   11  753 12716.1235 12708.4010  0.06%  1441  378s
   580   464 12714.7574   23  627 12716.1235 12708.4010  0.06%  1341  395s
H  588   464                    12716.114225 12708.4010  0.06%  1325  395s
H  599   464                    12716.089190 12708.4010  0.06%  1314  395s
   612   525     cutoff   24      12716.0892 12708.4010  0.06%  1321  421s
   721   576 12714.5237   58  289 12716.0892 12708.4010  0.06%  1206  440s
H  762   576                    12715.876428 12708.4010  0.06%  1174  440s
   806   608 12714.5237   63  247 12715.8764 12708.4010  0.06%  1175  460s
   883   655 12714.6004   64  219 12715.8764 12708.4010  0.06%  1116  476s
   962   742 12714.7206   66  284 12715.8764 12708.4010  0.06%  1101  489s
  1066   781 12714.6499   69  142 12715.8764 12708.4010  0.06%  1050  505s
H 1137   765                    12715.803657 12708.4010  0.06%   997  505s
H 1140   757                    12715.713958 12708.4010  0.06%   994  505s
  1184   903 12714.6183   84  128 12715.7140 12708.4697  0.06%   983  517s
  1342  1021 12714.6183  109  122 12715.7140 12708.4697  0.06%   902  532s
H 1365  1019                    12715.700340 12708.4697  0.06%   887  532s
H 1431  1017                    12715.625049 12708.4697  0.06%   859  532s
H 1434  1007                    12715.527058 12708.4697  0.06%   857  532s
  1498  1113 12714.6183  124  114 12715.5271 12708.4739  0.06%   837  546s
  1630  1236 12714.6183  142   96 12715.5271 12708.4739  0.06%   803  560s
H 1728  1236                    12715.526317 12708.4739  0.06%   768  560s
H 1731  1213                    12715.438420 12708.4739  0.05%   767  560s
  1763  1358 12714.6183  162   92 12715.4384 12708.4739  0.05%   771  571s
  1931  1519 12714.6183  178   78 12715.4384 12708.4739  0.05%   725  589s
H 1944  1516                    12715.420621 12708.4739  0.05%   720  589s
H 1947  1495                    12715.320844 12708.4739  0.05%   719  589s
H 2028  1494                    12715.272460 12708.4739  0.05%   700  589s
H 2031  1483                    12715.179875 12708.4739  0.05%   699  589s
H 2135  1438                    12715.076785 12708.4739  0.05%   676  621s
H 2135  1380                    12715.042514 12708.4739  0.05%   676  621s
H 2135  1080                    12714.698930 12708.4739  0.05%   676  625s
H 2135  1080                    12714.698684 12708.4739  0.05%   676  627s
H 2135  1079                    12714.693260 12708.4739  0.05%   676  628s
H 2135  1079                    12714.693227 12708.4739  0.05%   676  628s
  2136  1062 12714.6339  236  960 12714.6932 12708.4739  0.05%   676  731s
  2138  1063 12714.6339  213 2083 12714.6932 12708.4739  0.05%   675  789s
  2139  1064 12714.6339  111  892 12714.6932 12708.4739  0.05%   675  847s
  2140  1065 12713.1460   26  944 12714.6932 12708.4739  0.05%   674  892s
  2141  1065 12711.6882   25  946 12714.6932 12708.4739  0.05%   674  935s
  2142  1066 12714.0308   25  963 12714.6932 12708.4739  0.05%   674  969s
  2143  1067 12710.6772   15  794 12714.6932 12708.4739  0.05%   673  998s
  2144  1067 12714.6339  216  868 12714.6932 12708.4739  0.05%   673 1020s
  2145  1068 12714.1632   25  832 12714.6932 12708.4739  0.05%   673 1044s
  2146  1069 12714.1904   57  968 12714.6932 12708.4739  0.05%   672 1063s
  2147  1069 12714.6183  118  812 12714.6932 12708.4739  0.05%   672 1090s
  2148  1070 12714.2301   32  808 12714.6932 12708.4739  0.05%   672 1104s
  2149  1071 12712.7554   51  792 12714.6932 12708.4739  0.05%   671 1129s
  2150  1071 12713.9168   24  805 12714.6932 12708.4739  0.05%   671 1146s
  2151  1072 12709.0174    9  759 12714.6932 12708.4739  0.05%   671 1174s
  2152  1073 12713.4098   20  954 12714.6932 12708.4739  0.05%   671 1194s
  2153  1073 12711.0679    7  812 12714.6932 12708.4739  0.05%   670 1217s
  2154  1074 12714.0430   19  981 12714.6932 12709.0551  0.04%   670 1221s
  2155  1075 12713.9090   14 1128 12714.6932 12709.1763  0.04%   670 1238s
  2156  1075 12714.4132   34  947 12714.6932 12709.1763  0.04%   669 1265s
  2157  1076 12714.6183   90  879 12714.6932 12709.1965  0.04%   669 1280s
  2158  1077 12713.0814   29  792 12714.6932 12709.2133  0.04%   669 1307s
  2159  1077 12714.6180   64  747 12714.6932 12709.2133  0.04%   668 1332s
  2160  1078 12712.9514   50  747 12714.6932 12709.2133  0.04%   668 1345s
  2161  1082 12710.1579   14  961 12714.6932 12709.2133  0.04%   782 1360s
  2163  1085 12710.4408   15  868 12714.6932 12709.2133  0.04%   783 1369s
  2167  1089 12711.3537   16  927 12714.6932 12709.2133  0.04%   785 1386s
  2175  1096 12712.7289   17 1126 12714.6932 12709.2133  0.04%   787 1410s
  2187  1112     cutoff   18      12714.6932 12709.2133  0.04%   788 1435s
  2218  1123 12711.0760   19  983 12714.6932 12709.2133  0.04%   807 1458s
  2252  1123 12711.1483   20  966 12714.6932 12709.2133  0.04%   812 1485s
  2269  1124 12712.1874   20  966 12714.6932 12709.2133  0.04%   813 1502s
  2299  1128 12712.2097   21  969 12714.6932 12709.2133  0.04%   812 1517s
  2328  1136 12714.0151   22  954 12714.6932 12709.2133  0.04%   816 1531s
  2361  1142 12713.8415   25  655 12714.6932 12709.2133  0.04%   823 1542s
  2389  1155 12713.8677   28  646 12714.6932 12709.2133  0.04%   823 1554s
  2423  1151     cutoff   31      12714.6932 12709.2133  0.04%   819 1565s
  2454  1156     cutoff   35      12714.6932 12709.2133  0.04%   820 1580s
  2489  1167 12714.6366   37  586 12714.6932 12709.2133  0.04%   827 1592s
  2533  1162 12714.6872   40  638 12714.6932 12709.2133  0.04%   824 1608s
  2571  1168 12714.1861   41  521 12714.6932 12709.2133  0.04%   820 1620s
  2609  1167 12714.5370   44  479 12714.6932 12709.2133  0.04%   819 1635s
  2649  1159 12714.5817   45  379 12714.6932 12709.2133  0.04%   813 1707s
  2663  1156 12714.5817   46  444 12714.6932 12709.2133  0.04%   811 1793s
  2679  1157     cutoff   47      12714.6932 12709.2133  0.04%   810 1800s

Cutting planes:
  Gomory: 15
  Cover: 30
  Implied bound: 70
  Clique: 2
  MIR: 534
  Mixing: 8
  Flow cover: 1683
  Network: 1
  RLT: 32
  Relax-and-lift: 192

Explored 2695 nodes (2343756 simplex iterations) in 1800.86 seconds (1686.82 work units)
Thread count was 24 (of 24 available processors)

Solution count 10: 12714.7 12714.7 12714.7 ... 12715.2

Time limit reached
Best objective 1.271469322736e+04, best bound 1.270921332709e+04, gap 0.0431%
