
Cluster assignments:
Cluster 0 (represented by Day 25): [ 1 12 17 21 25 26 27 28]... (total 8 days)
Cluster 1 (represented by Day 4): [ 2  3  4  5  6  7  8  9 10 11]... (total 23 days)
[reserve] pi_res = 56 EUR/MW.h (daily mean of fcrn_dk2_56 hourly prices), 1h blocks
[reserve] c_min_G = 0.15 (electrolyzer min load / els_cap); literature 0.1-0.16 -> OK
[reserve] c_sb_G = 0.01 (electrolyzer standby draw / els_cap); literature 0.025-0.05 -> OUT OF RANGE
✓ spring  :  92 days | Mean: 1 MWh | RMSE range: 0.0-0.2 MWh
✓ summer  :  92 days | Mean: 1 MWh | RMSE range: 0.0-0.3 MWh
✓ fall    :  91 days | Mean: 1 MWh | RMSE range: 0.0-0.2 MWh
✓ winter  :  90 days | Mean: 1 MWh | RMSE range: 0.0-0.1 MWh

=== 60p_reserve_peak_day16_S20_seed0_grb_direct-gurobi_kl0.0960365_dual_ndw_rsc0.303571_main: n=60, |T|=24, |Omega|=20 ===

[1] extensive form (DP_N^Omega)
Set parameter Username
Set parameter LicenseID to value 2742039
Academic license - for non-commercial use only - expires 2026-11-20
Set parameter OutputFlag to value 1
Set parameter LogToConsole to value 0
  obj 11933.859177  status timelimit  gap 1.81e-04  1801.5s  vars 343244
  KL r=0.0960365: worst case 11933.859177 vs expected 11391.471275; 1 MILP solve(s); rho* 0.027 0.110 0.050 0.062 0.031 0.044 0.079 0.025 0.032 0.059 0.032 0.049 0.045 0.016 0.046 0.047 0.068 0.033 0.084 0.062 (KL 0.0960)
    round 1: MIPGap 1e-04  1801.1s  4905 nodes  psi-bound 1.81e-04  psi-incumbent 6.18e-05

[2] column generation (DWR_N^Omega)
  seed columns: largest carrier-row residual 7.49e-07 (repaired)
  CG   25 | RMP    11199.5129 | LB    11174.3545 | UB           inf | a 1.00 std      | min rc  0.0000e+00 | +0  [round] | lp 0.55s solver 0.53s 2535 it 20201 cols 633303 nz
  -- penalty round 1: eps 0.2 delta 0.2 RMP 11199.5129 LB 11174.3545 UB 11933.8592 gap 6.36e-02 [round] 56s
  CG   50 | RMP    11923.0294 | LB    11863.7356 | UB    11933.8592 | a 0.10 smooth   | min rc -2.4976e+00 | +112 | lp 1.32s solver 1.28s 4044 it 23456 cols 835225 nz
  CG   75 | RMP    11920.4538 | LB    11920.6683 | UB    11933.8592 | a 1.00 std      | min rc  0.0000e+00 | +0  [round] | lp 2.54s solver 2.50s 5435 it 26536 cols 996874 nz
  -- penalty round 2: eps 0.05 delta 0.05 RMP 11920.4538 LB 11920.6683 UB 11933.8592 gap 1.11e-03 [round] 439s
  CG  100 | RMP    11931.2849 | LB    11929.7900 | UB    11933.8592 | a 0.10 smooth   | min rc -1.9304e-01 | +45 | lp 3.66s solver 3.60s 6491 it 31395 cols 1262421 nz
  CG  111 | RMP    11931.1137 | LB    11931.0310 | UB    11933.8592 | a 1.00 std      | min rc  0.0000e+00 | +0  [round] | lp 1.84s solver 1.78s 2820 it 31614 cols 1256740 nz
  -- penalty round 3: eps 0.0125 delta 0.0125 RMP 11931.1137 LB 11931.0310 UB 11933.8592 gap 2.37e-04 [round] 821s
  CG  125 | RMP    11931.9228 | LB    11931.2965 | UB    11933.8592 | a 0.10 smooth   | min rc -4.8649e-02 | +33 | lp 6.36s solver 6.31s 8446 it 33058 cols 1344370 nz
  CG  140 | RMP    11931.8576 | LB    11931.7785 | UB    11933.8592 | a 1.00 std      | min rc  0.0000e+00 | +0  [round] | lp 2.68s solver 2.61s 3484 it 35146 cols 1460456 nz
  -- penalty round 4: eps 0.00313 delta 0.00313 RMP 11931.8576 LB 11931.7785 UB 11933.8592 gap 1.74e-04 [round] 1179s
  CG  150 | RMP    11931.9477 | LB    11931.8655 | UB    11933.8592 | a 0.10 smooth   | min rc -1.3469e-03 | +8 | lp 5.54s solver 5.48s 7371 it 37003 cols 1563849 nz
  CG  151 | RMP    11931.9476 | LB    11931.8655 | UB    11933.8592 | a 1.00 std      | min rc  0.0000e+00 | +0  [round] | lp 2.53s solver 2.46s 3568 it 36117 cols 1515089 nz
  -- penalty round 5: eps 0.000781 delta 0.000781 RMP 11931.9476 LB 11931.8655 UB 11933.8592 gap 1.67e-04 [round] 1323s
  CG  153 | RMP    11931.9561 | LB    11931.8748 | UB    11933.8592 | a 1.00 std      | min rc  0.0000e+00 | +0  [round] | lp 3.02s solver 2.96s 2484 it 36299 cols 1525514 nz
  -- penalty round 6: eps 0.000195 delta 0.000195 RMP 11931.9561 LB 11931.8748 UB 11933.8592 gap 1.66e-04 [round] 1345s
  CG  154 | RMP    11931.9574 | LB    11931.8748 | UB    11931.9605 | a 1.00 std      | min rc  0.0000e+00 | +0  [done] | lp 3.34s solver 3.28s 4245 it 36299 cols 1525514 nz
  -- penalty round 7: eps 0 delta 0 RMP 11931.9574 LB 11931.8748 UB 11931.9605 gap 7.19e-06 [done] 1349s
  obj 11931.960523  LB 11931.874763  gap 7.19e-06  iters 154  1349.1s  rounds 7  status optimal
  KL r=0.0960365: 960 tangent planes; rho* 0.027 0.110 0.050 0.062 0.031 0.044 0.078 0.024 0.032 0.059 0.032 0.049 0.045 0.016 0.046 0.048 0.068 0.033 0.084 0.062 (KL 0.0960)
  time: master LP 493.4s  pricing 840.1s (142884 MILPs, 8 worker(s))

[3] robust Owen allocation
  omega_LR,rob 1.983536  eps_LR 0.033059  certified [-0.262977, 1.984414]
  EF slack 2.1616 = 109% of the reported omega  (> 10%: use --table for a table run)
  checks: budget 0.00e+00  duality -8.78e-04  pricing 0.00e+00

[4] stand-alone values val(DP_{j}^Omega)
   player         Owen        E[x*]        alone       chi^LR
       u1    1381.7811    1381.7480     908.0677     473.6804
       u2      49.9991      49.9660      -0.0000      49.9660
       u3     607.2008     607.1678     274.9689     332.1989
       u4    -750.4505    -750.4836    -790.0542      39.5707
       u5    -410.7824    -410.8155    -527.9575     117.1420
       u6   -1107.6101   -1107.6432   -1179.7690      72.1258
       u7     447.3705     447.3374     303.8686     143.4688
       u8      63.4644      63.4313      -0.0000      63.4313
       u9     610.9613     610.9282     274.9689     335.9593
      u10     761.6023     761.5692     595.0733     166.4959
      u11     108.4587     108.4256      90.7544      17.6713
      u12    -655.1554    -655.1885    -695.7636      40.5752
      u13    -403.4576    -403.4907    -521.6419     118.1513
      u14    -930.4389    -930.4720    -985.8339      55.3620
      u15   -1891.8516   -1891.8847   -1982.6685      90.7838
      u16    1013.8890    1013.8560     633.4965     380.3595
      u17     441.7785     441.7454     255.4251     186.3203
      u18      82.9323      82.8992      -0.0000      82.8992
      u19       9.9994       9.9664      -0.0000       9.9664
      u20     610.9613     610.9282     274.9689     335.9593
      u21     199.5061     199.4731     149.3287      50.1444
      u22     162.6881     162.6550     136.1316      26.5234
      u23    -727.2626    -727.2956    -781.7965      54.5009
      u24    -892.5500    -892.5830    -939.8618      47.2788
      u25    -793.6879    -793.7210    -831.8053      38.0843
      u26    -110.1099    -110.1430    -229.3697     119.2267
      u27    -201.2575    -201.2906    -258.5388      57.2483
      u28    -898.8522    -898.8853    -991.4578      92.5726
      u29    -633.4904    -633.5235    -702.8253      69.3018
      u30    -336.9432    -336.9762    -357.5314      20.5552
      u31    1635.9334    1635.9003    1054.9647     580.9357
      u32      89.9987      89.9656      -0.0000      89.9656
      u33     425.0406     425.0075     192.4782     232.5293
      u34    -762.3956    -762.4286    -798.4119      35.9833
      u35    -409.0019    -409.0350    -530.6805     121.6456
      u36   -1124.5716   -1124.6046   -1196.7742      72.1696
      u37     375.3116     375.2785     273.6581     101.6204
      u38      53.7337      53.7006      -0.0000      53.7006
      u39     793.1215     793.0885     357.4595     435.6289
      u40    1092.8809    1092.8478     875.2884     217.5595
      u41    -230.1119    -230.1450    -356.5163     126.3714
      u42    -596.2248    -596.2579    -645.5008      49.2429
      u43    -411.5432    -411.5763    -527.2219     115.6456
      u44    -371.3692    -371.4023    -521.0084     149.6061
      u45   -1873.0000   -1873.0331   -1962.0390      89.0060
      u46    1753.1664    1753.1333    1103.6194     649.5139
      u47     204.0819     204.0488     117.8925      86.1563
      u48      34.2715      34.2384      -0.0000      34.2384
      u49      79.9988      79.9657      -0.0000      79.9657
      u50     550.2412     550.2081     247.4720     302.7361
      u51     375.8528     375.8197     278.6748      97.1449
      u52    -311.2349    -311.2680    -370.5279      59.2599
      u53   -1463.5443   -1463.5774   -1638.1930     174.6156
      u54   -1851.3221   -1851.3551   -1947.9844      96.6293
      u55   -1857.8376   -1857.8707   -1944.1014      86.2308
      u56    -144.9239    -144.9569    -373.6713     228.7143
      u57    -407.1745    -407.2076    -519.2216     112.0140
      u58   -1170.9852   -1171.0183   -1316.1061     145.0878
      u59   -1116.7871   -1116.8202   -1256.9006     140.0805
      u60   -1102.1731   -1102.2061   -1166.8485      64.6424

wrote ieee_owen\weak_eps_experiment\stochastic\main17_xi\60p_reserve_peak_day16_S20_seed0_grb_direct-gurobi_kl0.0960365_dual_ndw_rsc0.303571_main.json
