
Gurobi 13.0.1 (win64) logging started Fri Oct  9 18:23:12 2026

Set parameter LogFile to value "ieee_owen\weak_eps_experiment\stochastic\main17_xi\logs\n60_S20_day29_ef_gurobi.log"
Set parameter NodefileStart to value 3
Set parameter MIPGap to value 0.0001
Gurobi Optimizer version 13.0.1 build v13.0.1rc0 (win64 - Windows 10.0 (19045.2))

CPU model: AMD Ryzen 9 5900X 12-Core Processor, instruction set [SSE2|AVX|AVX2]
Thread count: 12 physical cores, 24 logical processors, using up to 24 threads

Non-default parameters:
TimeLimit  1800
NodefileStart  3
LogToConsole  0

Optimize a model with 340064 rows, 343286 columns and 1462340 nonzeros (Min)
Model fingerprint: 0xdc8d9eac
Model has 22 linear objective coefficients
Variable types: 289046 continuous, 54240 integer (54240 binary)
Coefficient statistics:
  Matrix range     [3e-04, 2e+02]
  Objective range  [5e-02, 1e+00]
  Bounds range     [9e-03, 6e+01]
  RHS range        [5e-02, 2e+01]

Presolve removed 152094 rows and 125299 columns
Presolve time: 3.36s
Presolved: 187970 rows, 217987 columns, 746058 nonzeros
Variable types: 169100 continuous, 48887 integer (48886 binary)
Found heuristic solution: objective 14123.037339
Deterministic concurrent LP optimizer: primal simplex, dual simplex, and barrier
Showing barrier log only...

Root barrier log...

Ordering time: 1.40s
Ordering time: 1.58s

Barrier statistics:
 Dense cols : 567
 Free vars  : 41
 AA' NZ     : 6.346e+05
 Factor NZ  : 3.431e+06 (roughly 180 MB of memory)
 Factor Ops : 5.743e+08 (less than 1 second per iteration)
 Threads    : 10

                  Objective                Residual
Iter       Primal          Dual         Primal    Dual     Compl     Time
   0   1.75758369e+00 -2.27933267e+04  5.03e+03 6.40e+01  1.70e+00     8s
   1  -2.62173765e+04 -2.29480205e+04  5.00e+03 6.10e+01  1.69e+00     8s
   2   2.23793437e+05 -2.28763650e+04  4.68e+03 5.37e+01  1.71e+00     8s
   3  -1.33651567e+05 -2.37761139e+04  3.82e+03 4.84e+01  1.37e+00     8s
   4  -2.29551043e+05 -2.40260554e+04  3.01e+03 4.33e+01  1.06e+00     8s
   5  -2.32787467e+05 -2.36271624e+04  2.18e+03 3.65e+01  7.51e-01     8s
   6  -1.86261030e+05 -2.15674034e+04  1.52e+03 2.30e+01  5.25e-01     8s
   7  -1.25447001e+05 -1.86234025e+04  1.03e+03 1.41e+01  3.65e-01     8s
   8  -9.07658687e+04 -1.36642575e+04  7.30e+02 6.84e+00  2.54e-01     9s
   9  -6.78912917e+04 -1.00217847e+04  5.51e+02 4.64e+00  1.91e-01     9s
  10  -5.20147702e+04 -7.96372630e+03  4.30e+02 3.76e+00  1.51e-01     9s
  11  -4.33158683e+04 -6.33776138e+03  3.65e+02 3.08e+00  1.28e-01     9s
  12  -3.50742822e+04 -4.41834619e+03  3.04e+02 2.36e+00  1.06e-01     9s
  13  -2.82939617e+04 -1.37436712e+03  2.54e+02 1.39e+00  8.44e-02     9s
  14  -1.38753608e+04  1.98926096e+02  1.54e+02 1.09e+00  5.53e-02     9s
  15  -6.14043918e+03  2.77467170e+03  1.01e+02 6.80e-01  3.66e-02     9s
  16  -2.33083277e+03  4.23743313e+03  7.53e+01 5.06e-01  2.75e-02     9s
  17   1.22718049e+03  5.59731699e+03  5.29e+01 3.72e-01  1.98e-02    10s
  18   2.98946898e+03  6.60289653e+03  4.24e+01 2.83e-01  1.57e-02    10s
  19   4.27985561e+03  6.95250811e+03  3.48e+01 2.56e-01  1.35e-02    10s
  20   4.94416513e+03  7.61395144e+03  3.08e+01 2.02e-01  1.14e-02    10s
  21   5.62724013e+03  7.95114300e+03  2.66e+01 1.76e-01  9.89e-03    10s
  22   6.25018695e+03  8.43756499e+03  2.29e+01 1.37e-01  8.18e-03    10s
  23   6.96451198e+03  8.62492592e+03  1.88e+01 1.22e-01  7.00e-03    10s
  24   7.71810368e+03  8.86293051e+03  1.45e+01 1.04e-01  5.67e-03    10s
  25   7.92620843e+03  9.01737876e+03  1.33e+01 9.38e-02  5.16e-03    10s
  26   7.98121409e+03  9.19309477e+03  1.30e+01 8.94e-02  4.99e-03    11s
  27   8.03059229e+03  9.35655161e+03  1.27e+01 8.68e-02  4.86e-03    11s
  28   8.03998138e+03  9.52207615e+03  1.27e+01 8.60e-02  4.83e-03    11s
  29   8.05165976e+03  9.69843009e+03  1.26e+01 8.53e-02  4.80e-03    11s
  30   8.05222807e+03  9.64230773e+03  1.26e+01 8.52e-02  4.79e-03    11s
  31   9.60385803e+01 -2.27933267e+08  2.75e+05 6.40e+01  8.98e+05    11s
  32   4.20799214e+07 -2.60278736e+08  2.95e+04 2.05e+02  1.09e+05    12s
  33   3.88005587e+07 -2.56107410e+08  2.30e+03 3.58e+01  9.25e+03    12s
  34   3.21485299e+07 -1.98138492e+08  2.34e+02 1.97e-01  1.22e+03    12s
  35   1.81843705e+07 -1.13126049e+08  1.29e+02 1.33e-02  5.89e+02    12s
  36   5.56954087e+06 -4.09959432e+07  3.89e+01 6.72e-04  1.58e+02    12s
  37   4.98626794e+05 -1.10821725e+07  3.31e+00 3.39e-04  2.57e+01    12s
  38   5.75477203e+04 -2.00593134e+06  3.10e-01 3.23e-04  4.06e+00    13s
  39   2.72340799e+04 -9.19194490e+05  1.14e-01 1.47e-04  1.84e+00    13s
  40   2.59529961e+04 -8.72529046e+05  9.22e-02 1.40e-04  1.75e+00    13s
  41   2.72997034e+04 -6.17764447e+05  6.32e-02 9.91e-05  1.25e+00    13s
  42   2.23786565e+04 -2.17224450e+05  3.39e-02 3.58e-05  4.64e-01    13s
  43   2.08452456e+04 -1.19217496e+05  2.31e-02 2.04e-05  2.71e-01    13s
  44   1.93180975e+04 -5.31515356e+04  1.56e-02 1.01e-05  1.40e-01    13s
  45   1.80421645e+04 -3.19999168e+04  1.18e-02 6.84e-06  9.68e-02    13s
  46   1.72602392e+04 -2.20879022e+04  9.57e-03 2.74e-05  7.61e-02    13s
  47   1.63693906e+04 -9.14018175e+03  7.34e-03 1.25e-04  4.93e-02    13s
  48   1.55817727e+04 -2.60584204e+03  5.73e-03 8.92e-05  3.52e-02    13s
  49   1.47728753e+04  1.88131757e+03  4.37e-03 6.18e-05  2.49e-02    13s
  50   1.40887460e+04  3.86812708e+03  3.42e-03 4.91e-05  1.98e-02    13s
  51   1.36092649e+04  4.67772243e+03  2.80e-03 4.36e-05  1.73e-02    14s
  52   1.34051869e+04  5.96371220e+03  2.54e-03 3.48e-05  1.44e-02    14s
  53   1.29686865e+04  6.98272603e+03  2.04e-03 2.76e-05  1.16e-02    14s
  54   1.28634810e+04  7.11840985e+03  1.92e-03 2.67e-05  1.11e-02    14s
  55   1.25389473e+04  7.78854115e+03  1.54e-03 2.23e-05  9.18e-03    14s
  56   1.22947995e+04  8.37475608e+03  1.26e-03 1.84e-05  7.58e-03    14s
  57   1.22213409e+04  8.49685526e+03  1.18e-03 1.75e-05  7.20e-03    14s
  58   1.20663789e+04  8.69620808e+03  1.01e-03 1.60e-05  6.51e-03    14s
  59   1.19296595e+04  9.09843483e+03  8.62e-04 1.32e-05  5.47e-03    14s
  60   1.18630671e+04  9.41578173e+03  7.97e-04 1.10e-05  4.73e-03    14s
  61   1.17325587e+04  9.69771659e+03  6.65e-04 8.97e-06  3.93e-03    14s
  62   1.16306819e+04  9.90685826e+03  5.66e-04 7.50e-06  3.33e-03    14s
  63   1.14949993e+04  1.00174723e+04  4.34e-04 6.73e-06  2.86e-03    14s
  64   1.13405752e+04  1.02099350e+04  2.87e-04 5.46e-06  2.19e-03    15s
  65   1.12903491e+04  1.03438959e+04  2.40e-04 1.13e-05  1.83e-03    15s
  66   1.12495094e+04  1.04412739e+04  2.04e-04 1.61e-05  1.56e-03    15s
  67   1.12394132e+04  1.04871131e+04  1.95e-04 1.49e-05  1.45e-03    15s
  68   1.11928167e+04  1.05978530e+04  1.55e-04 1.05e-05  1.15e-03    15s
  69   1.11602411e+04  1.06590018e+04  1.28e-04 8.66e-06  9.69e-04    15s
  70   1.11217502e+04  1.07112868e+04  9.76e-05 9.93e-06  7.93e-04    15s
  71   1.11052614e+04  1.07277951e+04  8.48e-05 9.84e-06  7.29e-04    15s
  72   1.10947915e+04  1.07492391e+04  7.66e-05 9.56e-06  6.68e-04    15s
  73   1.10585970e+04  1.08006407e+04  4.93e-05 9.64e-06  4.99e-04    15s
  74   1.10575150e+04  1.08067762e+04  4.85e-05 9.38e-06  4.85e-04    15s
  75   1.10354796e+04  1.08523463e+04  3.23e-05 7.43e-06  3.54e-04    15s
  76   1.10157409e+04  1.09025791e+04  1.86e-05 4.93e-06  2.19e-04    15s
  77   1.10059682e+04  1.09294516e+04  1.19e-05 3.52e-06  1.48e-04    16s
  78   1.09949568e+04  1.09506271e+04  5.31e-06 2.24e-06  8.57e-05    16s
  79   1.09903874e+04  1.09657810e+04  2.69e-06 1.22e-06  4.76e-05    16s
  80   1.09900118e+04  1.09686431e+04  2.48e-06 1.05e-06  4.13e-05    16s
  81   1.09881148e+04  1.09696907e+04  1.54e-06 9.79e-07  3.56e-05    16s
  82   1.09878078e+04  1.09764371e+04  1.39e-06 5.66e-07  2.20e-05    16s
  83   1.09857160e+04  1.09809187e+04  3.43e-07 2.58e-07  9.27e-06    16s
  84   1.09850522e+04  1.09846140e+04  4.51e-08 5.65e-09  8.47e-07    16s
  85   1.09849748e+04  1.09848304e+04  1.95e-08 9.78e-10  2.79e-07    16s
  86   1.09849231e+04  1.09848751e+04  3.50e-09 4.24e-10  9.28e-08    16s
  87   1.09849173e+04  1.09849076e+04  1.75e-09 2.58e-11  1.88e-08    17s
  88   1.09849120e+04  1.09849108e+04  1.86e-09 1.77e-10  2.28e-09    17s
  89   1.09849109e+04  1.09849109e+04  1.48e-10 1.40e-12  2.56e-13    17s

Barrier solved model in 89 iterations and 16.72 seconds (17.00 work units)
Optimal objective 1.09849109e+04


Root crossover log...

   63016 DPushes remaining with DInf 0.0000000e+00                17s
       0 DPushes remaining with DInf 0.0000000e+00                17s

   34080 PPushes remaining with PInf 0.0000000e+00                17s
       0 PPushes remaining with PInf 0.0000000e+00                19s

  Push phase complete: Pinf 0.0000000e+00, Dinf 2.7287330e-11     19s


Root simplex log...

Iteration    Objective       Primal Inf.    Dual Inf.      Time
   94858    1.0984911e+04   0.000000e+00   0.000000e+00     19s
Crossover time: 1.99 seconds (2.09 work units)
Concurrent spin time: 1.40s

Solved with barrier
   94858    1.0984911e+04   0.000000e+00   0.000000e+00     20s

Root relaxation: objective 1.098491e+04, 94858 iterations, 15.12 seconds (12.60 work units)

    Nodes    |    Current Node    |     Objective Bounds      |     Work
 Expl Unexpl |  Obj  Depth IntInf | Incumbent    BestBd   Gap | It/Node Time

     0     0 10984.9109    0 1578 14123.0373 10984.9109  22.2%     -   23s
H    0     0                    11089.443274 10984.9109  0.94%     -   27s
     0     0 10985.0799    0 1428 11089.4433 10985.0799  0.94%     -   31s
     0     0 10985.0799    0 1428 11089.4433 10985.0799  0.94%     -   32s
     0     0 10985.2030    0 1442 11089.4433 10985.2030  0.94%     -   36s
     0     0 10985.2031    0 1473 11089.4433 10985.2031  0.94%     -   37s
     0     0 10985.2034    0 1447 11089.4433 10985.2034  0.94%     -   41s
H    0     0                    11043.571524 10985.2036  0.53%     -   46s
     0     0 10985.2036    0 1448 11043.5715 10985.2036  0.53%     -   47s
     0     0 10985.2036    0 1445 11043.5715 10985.2036  0.53%     -   50s
     0     0 10985.2036    0 1445 11043.5715 10985.2036  0.53%     -   51s
     0     0 10985.2036    0 1444 11043.5715 10985.2036  0.53%     -   54s
     0     0 10985.2036    0 1444 11043.5715 10985.2036  0.53%     -   54s
     0     0 10985.2036    0 1441 11043.5715 10985.2036  0.53%     -   57s
     0     0 10985.2036    0 1283 11043.5715 10985.2036  0.53%     -   58s
     0     0 10985.2036    0 1282 11043.5715 10985.2036  0.53%     -   60s
     0     0 10985.2036    0 1281 11043.5715 10985.2036  0.53%     -   62s
     0     0 10985.2036    0 1230 11043.5715 10985.2036  0.53%     -   63s
H    0     0                    11042.872147 10985.2037  0.52%     -   67s
     0     0 10985.2037    0 1232 11042.8721 10985.2037  0.52%     -   67s
     0     0 10985.2037    0 1231 11042.8721 10985.2037  0.52%     -   70s
     0     0 10985.2037    0 1231 11042.8721 10985.2037  0.52%     -   70s
     0     0 10985.2037    0 1219 11042.8721 10985.2037  0.52%     -   70s
     0     0 10985.2109    0 1219 11042.8721 10985.2109  0.52%     -   71s
     0     0 10985.2109    0 1219 11042.8721 10985.2109  0.52%     -   71s
     0     0 10985.2109    0 1219 11042.8721 10985.2109  0.52%     -   72s
H    0     0                    11042.776208 10985.2109  0.52%     -   76s
     0     2 10985.2109    0 1210 11042.7762 10985.2109  0.52%     -   77s
     1     4 10985.7526    1 1244 11042.7762 10985.2109  0.52%  4291   80s
     7    16 10987.2165    3 1131 11042.7762 10985.2124  0.52%  1961   89s
    15    28 10987.2171    4 1139 11042.7762 10985.3100  0.52%  1786   99s
H   16    28                    11042.776011 10985.3100  0.52%  1675   99s
    27    51 10987.9347    5 1131 11042.7760 10985.5058  0.52%  2247  108s
    50    71 10989.8340    6 1069 11042.7760 10985.7777  0.52%  2437  119s
    70    92 10988.6515    7 1095 11042.7760 10985.7777  0.52%  2447  131s
H   78    92                    11020.535115 10985.7777  0.32%  2478  131s
    91   119 10988.6515    8 1095 11020.5351 10985.7777  0.32%  2875  144s
   118   146 10988.8430   10 1178 11020.5351 10985.7777  0.32%  2865  155s
H  145   158                    11020.505727 10985.7777  0.32%  2799  164s
   157   174 10990.6137   12  920 11020.5057 10985.7777  0.32%  2861  177s
   173   202 10990.6137   13  920 11020.5057 10985.7777  0.32%  2769  187s
   201   217 10993.3224   16  879 11020.5057 10985.7777  0.32%  2811  202s
   216   231 10992.0391   17  900 11020.5057 10985.7777  0.32%  2814  212s
H  224   231                    11019.647614 10985.7777  0.31%  2860  212s
   230   245 10995.1179   17  768 11019.6476 10985.7777  0.31%  3013  225s
   244   261 10995.2794   18  812 11019.6476 10985.7777  0.31%  3143  233s
   260   276 10993.1788   18  759 11019.6476 10985.7777  0.31%  3173  245s
   275   290 10994.0609   19  788 11019.6476 10985.7777  0.31%  3223  256s
H  278   290                    11016.788451 10985.7777  0.28%  3219  256s
   289   308 10994.7917   20  800 11016.7885 10985.7777  0.28%  3277  270s
   307   323 10994.4127   20  673 11016.7885 10985.7777  0.28%  3339  278s
H  310   323                    11016.723225 10985.7777  0.28%  3340  278s
   322   335 10994.8896   21  827 11016.7232 10985.7777  0.28%  3423  290s
   334   358 10995.9269   22  788 11016.7232 10985.7777  0.28%  3465  303s
H  355   358                    11014.563328 10985.7777  0.26%  3421  303s
   357   376 10998.1170   22  756 11014.5633 10985.7777  0.26%  3451  316s
H  364   376                    11009.145099 10985.7777  0.21%  3500  316s
H  368   376                    11007.298229 10985.7777  0.20%  3514  316s
   375   400 10995.9787   23  792 11007.2982 10985.7777  0.20%  3506  328s
H  379   400                    11005.322631 10985.7777  0.18%  3522  328s
   399   436 10997.5750   24  843 11005.3226 10985.7777  0.18%  3622  342s
H  405   436                    11003.993660 10985.7777  0.17%  3606  342s
   435   481 10999.8439   26  509 11003.9937 10985.7777  0.17%  3583  354s
   480   532 11000.3533   28  510 11003.9937 10985.7777  0.17%  3483  368s
H  490   532                    11003.154938 10985.7777  0.16%  3440  368s
   537   537 11002.1309   30  467 11003.1549 10985.7777  0.16%  3297  440s
H  540   537                    11002.766230 10985.7777  0.15%  3279  440s
H  554   537                    11002.623038 10985.7777  0.15%  3246  440s
   556   565 11002.2783   31  482 11002.6230 10985.7777  0.15%  3249  460s
   626   572 10992.5102   11  873 11002.6230 10985.7777  0.15%  3092  476s
H  638   572                    11002.611041 10985.8882  0.15%  3125  476s
   645   605 10990.8133   10 1099 11002.6110 10985.8882  0.15%  3163  495s
   680   629 10991.2895   11  951 11002.6110 10985.8882  0.15%  3209  514s
   724   672 10993.7983   12  845 11002.6110 10985.8882  0.15%  3209  531s
   768   723 10995.3883   13  937 11002.6110 10985.8882  0.15%  3218  547s
H  778   723                    11001.108523 10985.8882  0.14%  3199  547s
   823   706 10999.0542   15  593 11001.1085 10985.8882  0.14%  3138  570s
H  856   706                    11000.277976 10985.8882  0.13%  3132  570s
   884   718 10999.7222   17  511 11000.2780 10986.0321  0.13%  3098  590s
   958   726 10998.3209   20  688 11000.2780 10986.0321  0.13%  3002  617s
H 1005   726                    11000.230993 10986.0321  0.13%  2921  617s
  1063   789 10998.7233   32  510 11000.2310 10986.2253  0.13%  2839  643s
H 1114   785                    11000.006869 10986.2253  0.13%  2785  643s
H 1149   783                    10999.990062 10986.2253  0.13%  2724  643s
  1183   880 10998.9717   48  294 10999.9901 10986.2253  0.13%  2700  666s
  1307   999 10998.9906   64  296 10999.9901 10986.2253  0.13%  2539  689s
  1450  1109 10998.9906   74  276 10999.9901 10986.2333  0.13%  2379  711s
H 1462  1017                    10999.602204 10986.2333  0.12%  2364  711s
H 1514  1006                    10999.496234 10986.2333  0.12%  2326  711s
  1614  1054 10999.0413   79  186 10999.4962 10986.2333  0.12%  2208  733s
  1750  1169 10999.0841   97  115 10999.4962 10986.4565  0.12%  2124  758s
H 1810  1155                    10999.445695 10986.4565  0.12%  2086  758s
  1897  1278 10999.0841  121  109 10999.4457 10986.4620  0.12%  2030  780s
H 2044  1259                    10999.268981 10986.4620  0.12%  1957  806s
H 2130  1215                    10999.168110 10986.4620  0.12%  1900  806s
H 2228  1048                    10999.070108 10986.4620  0.11%  1862  855s
H 2228  1034                    10999.042359 10986.4620  0.11%  1862  857s
H 2228  1032                    10999.036032 10986.4620  0.11%  1862  857s
H 2228  1032                    10999.035590 10986.4620  0.11%  1862  860s
  2229  1011 10998.7043   28 1219 10999.0356 10986.4620  0.11%  1861 1027s
  2231  1012 10998.9623  111 1991 10999.0356 10986.4620  0.11%  1859 1047s
  2232  1013 10998.7477   19 1996 10999.0356 10986.4620  0.11%  1859 1063s
  2233  1014 10999.0286   54 1951 10999.0356 10986.4620  0.11%  1858 1065s
  2235  1015 10998.9623  164 1955 10999.0356 10986.4620  0.11%  1856 1070s
  2238  1017 10998.0953   16 1492 10999.0356 10986.4620  0.11%  1854 1083s
  2239  1018 10990.6247    8 1492 10999.0356 10986.4620  0.11%  1853 1090s
  2240  1021 10986.4620   12 1500 10999.0356 10986.4620  0.11%  1911 1098s
  2242  1025 10986.4620   13 1504 10999.0356 10986.4620  0.11%  1915 1102s
  2246  1031 10986.5841   14 1534 10999.0356 10986.4620  0.11%  1918 1111s
  2254  1041 10987.6984   15 1608 10999.0356 10986.4620  0.11%  1938 1131s
  2266  1038 10987.0966   16 1394 10999.0356 10987.0514  0.11%  1967 1167s
  2267  1050 10993.7486   16 1416 10999.0356 10987.0972  0.11%  1977 1194s
  2280  1060 10996.0984   17 1213 10999.0356 10987.5859  0.10%  2020 1216s
  2308  1068 10998.5879   18 1141 10999.0356 10987.5859  0.10%  2051 1237s
  2327  1064     cutoff   19      10999.0356 10987.7182  0.10%  2058 1274s
  2348  1077 10997.9362   18 1242 10999.0356 10987.7182  0.10%  2069 1295s
  2380  1076     cutoff   19      10999.0356 10987.7182  0.10%  2091 1319s
  2417  1080     cutoff   21      10999.0356 10987.7182  0.10%  2127 1336s
  2450  1079     cutoff   21      10999.0356 10987.7182  0.10%  2133 1354s
  2466  1098     cutoff   25      10999.0356 10987.7182  0.10%  2134 1369s
  2506  1091     cutoff   23      10999.0356 10987.7182  0.10%  2124 1384s
  2548  1085 10998.6238   32 1175 10999.0356 10987.7182  0.10%  2117 1396s
  2593  1083     cutoff   35      10999.0356 10987.7182  0.10%  2120 1414s
  2622  1086     cutoff   35      10999.0356 10988.7339  0.09%  2121 1430s
  2663  1087 10990.7817   18 1201 10999.0356 10988.7487  0.09%  2116 1444s
  2705  1079 10993.8966   20 1032 10999.0356 10988.7487  0.09%  2113 1463s
  2740  1079 10995.0402   22  957 10999.0356 10988.7487  0.09%  2116 1485s
  2789  1079     cutoff   25      10999.0356 10988.7487  0.09%  2118 1499s
  2838  1092     cutoff   24      10999.0356 10990.6575  0.08%  2114 1513s
  2899  1108 10998.7942   48  538 10999.0356 10990.6575  0.08%  2099 1528s
  2976  1154 10998.8771   53  503 10999.0356 10990.6575  0.08%  2075 1543s
  3080  1194 10998.8771   64  491 10999.0356 10990.6575  0.08%  2026 1562s
  3187  1230 10998.8954   71  440 10999.0356 10990.6575  0.08%  1977 1578s
  3327  1190 10998.9020   82  426 10999.0356 10990.6575  0.08%  1919 1613s
  3342  1194 10998.8993   83  395 10999.0356 10990.6575  0.08%  1926 1652s
  3357  1210 10998.8993   84  397 10999.0356 10990.6575  0.08%  1932 1686s
H 3358  1158                    10998.967789 10990.6575  0.08%  1931 1686s
  3388  1180 10998.9241   85  400 10998.9678 10990.6575  0.08%  1920 1703s
  3519  1214 10998.9670   88  376 10998.9678 10991.6331  0.07%  1875 1722s
  3631  1228 10998.9670  107  344 10998.9678 10991.6721  0.07%  1841 1746s
  3764  1274 10998.9670  119  336 10998.9678 10992.4190  0.06%  1808 1766s
  3930  1281 10998.9670  138  328 10998.9678 10992.4190  0.06%  1749 1791s
  4025  1264 10998.9670  150  326 10998.9678 10992.4190  0.06%  1726 1800s

Cutting planes:
  Gomory: 20
  Implied bound: 8
  MIR: 31
  Flow cover: 305
  Relax-and-lift: 43

Explored 4058 nodes (7127467 simplex iterations) in 1800.56 seconds (1937.94 work units)
Thread count was 24 (of 24 available processors)

Solution count 10: 10999 10999 10999 ... 10999.3

Time limit reached
Best objective 1.099896778918e+04, best bound 1.099241900601e+04, gap 0.0595%
