
Gurobi 13.0.1 (win64) logging started Sat Oct 10 03:23:21 2026

Set parameter LogFile to value "ieee_owen\weak_eps_experiment\stochastic\main17_xi\logs\n60_S20_day31_ef_gurobi.log"
Set parameter NodefileStart to value 3
Set parameter MIPGap to value 0.0001
Gurobi Optimizer version 13.0.1 build v13.0.1rc0 (win64 - Windows 10.0 (19045.2))

CPU model: AMD Ryzen 9 5900X 12-Core Processor, instruction set [SSE2|AVX|AVX2]
Thread count: 12 physical cores, 24 logical processors, using up to 24 threads

Non-default parameters:
TimeLimit  1800
NodefileStart  3
LogToConsole  0

Optimize a model with 340064 rows, 343286 columns and 1462340 nonzeros (Min)
Model fingerprint: 0x320734bd
Model has 22 linear objective coefficients
Variable types: 289046 continuous, 54240 integer (54240 binary)
Coefficient statistics:
  Matrix range     [3e-04, 2e+02]
  Objective range  [5e-02, 1e+00]
  Bounds range     [9e-03, 6e+01]
  RHS range        [5e-02, 2e+01]

Presolve removed 152099 rows and 125306 columns
Presolve time: 3.45s
Presolved: 187965 rows, 217980 columns, 746058 nonzeros
Variable types: 169095 continuous, 48885 integer (48884 binary)
Found heuristic solution: objective 14732.129427
Deterministic concurrent LP optimizer: primal simplex, dual simplex, and barrier
Showing barrier log only...

Root barrier log...

Ordering time: 1.47s
Ordering time: 1.66s

Barrier statistics:
 Dense cols : 567
 Free vars  : 41
 AA' NZ     : 6.347e+05
 Factor NZ  : 3.417e+06 (roughly 180 MB of memory)
 Factor Ops : 5.613e+08 (less than 1 second per iteration)
 Threads    : 10

                  Objective                Residual
Iter       Primal          Dual         Primal    Dual     Compl     Time
   0   1.57583187e+00 -2.25584785e+04  4.51e+03 6.40e+01  1.53e+00     8s
   1  -2.47503850e+04 -2.28761010e+04  4.48e+03 5.70e+01  1.53e+00     9s
   2   4.43148901e+04 -2.28529167e+04  4.31e+03 5.35e+01  1.52e+00     9s
   3   7.35703597e+04 -2.41392219e+04  2.85e+03 4.61e+01  1.15e+00     9s
   4  -2.01547705e+04 -2.49178511e+04  2.54e+03 3.99e+01  1.06e+00     9s
   5  -1.09785830e+05 -2.41829344e+04  1.80e+03 2.88e+01  7.46e-01     9s
   6  -7.68586089e+04 -2.07387115e+04  1.05e+03 1.17e+01  4.62e-01     9s
   7  -4.35168424e+04 -1.48517595e+04  5.33e+02 3.72e+00  2.37e-01     9s
   8  -3.71931226e+04 -8.18133026e+03  4.58e+02 1.55e+00  1.92e-01     9s
   9  -3.18319505e+04 -6.71281292e+03  4.01e+02 1.32e+00  1.68e-01     9s
  10  -2.74177535e+04 -5.50437473e+03  3.53e+02 1.15e+00  1.47e-01    10s
  11  -2.10538567e+04 -3.74944213e+03  2.84e+02 9.26e-01  1.19e-01    10s
  12  -1.20417958e+04 -1.55934909e+03  1.93e+02 6.90e-01  8.27e-02    10s
  13  -5.28639031e+03  1.84532015e+03  1.28e+02 3.95e-01  5.38e-02    10s
  14   1.01339853e+03  4.12110625e+03  7.21e+01 2.60e-01  3.22e-02    10s
  15   4.58025389e+03  5.85740067e+03  4.38e+01 1.79e-01  2.07e-02    10s
  16   5.62325700e+03  6.43097926e+03  3.67e+01 1.56e-01  1.79e-02    10s
  17   6.13380514e+03  7.06465859e+03  3.30e+01 1.32e-01  1.57e-02    10s
  18   6.84927982e+03  7.38098878e+03  2.86e+01 1.22e-01  1.41e-02    10s
  19   7.55175024e+03  7.83793825e+03  2.42e+01 1.07e-01  1.23e-02    11s
  20   7.96046570e+03  8.31394888e+03  2.13e+01 9.08e-02  1.06e-02    11s
  21   8.47457623e+03  8.68858518e+03  1.75e+01 7.75e-02  8.93e-03    11s
  22   8.86301303e+03  8.98659739e+03  1.48e+01 6.72e-02  7.70e-03    11s
  23   8.97395268e+03  9.30263158e+03  1.40e+01 6.02e-02  7.11e-03    11s
  24   9.09567294e+03  9.45891114e+03  1.32e+01 5.75e-02  6.73e-03    11s
  25   9.17171175e+03  9.59650031e+03  1.27e+01 5.62e-02  6.51e-03    11s
  26   9.20204604e+03  9.80580554e+03  1.25e+01 5.58e-02  6.44e-03    11s
  27   9.22079592e+03  9.82566686e+03  1.24e+01 5.50e-02  6.37e-03    12s
  28   9.30582633e+03  9.81462245e+03  1.19e+01 5.12e-02  6.05e-03    12s
  29   9.48802422e+03  9.95678039e+03  1.10e+01 4.91e-02  5.71e-03    12s
  30   1.00095527e+04  9.96947068e+03  8.36e+00 4.34e-02  4.93e-03    12s
  31   1.02774882e+04  1.04878946e+04  6.92e+00 3.18e-02  3.76e-03    12s
  32   1.05426078e+04  1.06575833e+04  5.56e+00 2.71e-02  3.16e-03    12s
  33   1.09527642e+04  1.08178104e+04  3.50e+00 2.30e-02  2.41e-03    12s
  34   1.11663000e+04  1.09076489e+04  2.42e+00 2.04e-02  2.00e-03    12s
  35   1.13716382e+04  1.10640459e+04  1.40e+00 1.61e-02  1.48e-03    13s
  36   1.14552720e+04  1.12532260e+04  9.95e-01 1.09e-02  1.02e-03    13s
  37   1.15637805e+04  1.14214297e+04  4.66e-01 6.20e-03  5.74e-04    13s
  38   1.16056459e+04  1.14750486e+04  2.44e-01 4.73e-03  4.13e-04    13s
  39   1.16211730e+04  1.15532789e+04  1.61e-01 2.56e-03  2.36e-04    13s
  40   1.16277498e+04  1.15638191e+04  1.26e-01 2.28e-03  2.06e-04    13s
  41   1.16351050e+04  1.15910872e+04  8.53e-02 1.53e-03  1.41e-04    13s
  42   1.16362466e+04  1.15984084e+04  7.93e-02 1.34e-03  1.25e-04    13s
  43   1.16408553e+04  1.16134878e+04  5.30e-02 9.44e-04  8.77e-05    13s
  44   1.16420473e+04  1.16167296e+04  4.57e-02 8.55e-04  7.91e-05    13s
  45   1.16444746e+04  1.16236064e+04  3.14e-02 6.76e-04  6.13e-05    13s
  46   1.16464286e+04  1.16287450e+04  1.97e-02 5.37e-04  4.76e-05    14s
  47   1.16476824e+04  1.16413352e+04  1.17e-02 2.05e-04  2.00e-05    14s
  48   1.16481822e+04  1.16449013e+04  8.60e-03 1.11e-04  1.19e-05    14s
  49   1.16482538e+04  1.16457775e+04  8.11e-03 8.95e-05  1.00e-05    14s
  50   1.16485838e+04  1.16464412e+04  5.84e-03 7.30e-05  7.93e-06    14s
  51   1.16491180e+04  1.16468064e+04  2.15e-03 6.39e-05  5.96e-06    14s
  52   1.16492234e+04  1.16479151e+04  1.35e-03 3.59e-05  3.45e-06    14s
  53   1.16492516e+04  1.16487750e+04  1.12e-03 1.46e-05  1.65e-06    14s
  54   1.16493721e+04  1.16489789e+04  1.65e-04 9.55e-06  8.86e-07    14s
  55   1.16493800e+04  1.16493365e+04  3.14e-05 9.62e-07  1.06e-07    14s
  56   1.16493806e+04  1.16493535e+04  3.11e-06 5.76e-07  5.57e-08    14s
  57   1.16493803e+04  1.16493798e+04  3.66e-07 3.22e-09  1.23e-09    14s
  58   1.16493802e+04  1.16493802e+04  1.04e-09 2.16e-11  6.56e-14    15s

Barrier solved model in 58 iterations and 14.55 seconds (14.23 work units)
Optimal objective 1.16493802e+04


Root crossover log...

   63205 DPushes remaining with DInf 0.0000000e+00                15s
    4643 DPushes remaining with DInf 0.0000000e+00                15s
       0 DPushes remaining with DInf 0.0000000e+00                15s

   35247 PPushes remaining with PInf 0.0000000e+00                15s
       0 PPushes remaining with PInf 0.0000000e+00                17s

  Push phase complete: Pinf 0.0000000e+00, Dinf 2.3539970e-11     17s


Root simplex log...

Iteration    Objective       Primal Inf.    Dual Inf.      Time
   86871    1.1649380e+04   0.000000e+00   0.000000e+00     17s
Crossover time: 2.05 seconds (2.58 work units)
Concurrent spin time: 0.56s

Solved with barrier
   86871    1.1649380e+04   0.000000e+00   0.000000e+00     17s

Root relaxation: objective 1.164938e+04, 86871 iterations, 11.42 seconds (9.75 work units)

    Nodes    |    Current Node    |     Objective Bounds      |     Work
 Expl Unexpl |  Obj  Depth IntInf | Incumbent    BestBd   Gap | It/Node Time

     0     0 11649.3802    0 1374 14732.1294 11649.3802  20.9%     -   21s
H    0     0                    11695.858624 11649.3802  0.40%     -   24s
     0     0 11650.2585    0 1512 11695.8586 11650.2585  0.39%     -   29s
     0     0 11650.2783    0 1512 11695.8586 11650.2783  0.39%     -   31s
     0     0 11650.3200    0 1241 11695.8586 11650.3200  0.39%     -   35s
     0     0 11650.3307    0 1129 11695.8586 11650.3307  0.39%     -   36s
     0     0 11650.3307    0 1129 11695.8586 11650.3307  0.39%     -   37s
     0     0 11650.3441    0 1104 11695.8586 11650.3441  0.39%     -   40s
     0     0 11650.3453    0 1128 11695.8586 11650.3453  0.39%     -   42s
     0     0 11650.3453    0 1343 11695.8586 11650.3453  0.39%     -   45s
     0     0 11650.3470    0 1481 11695.8586 11650.3470  0.39%     -   47s
     0     0 11650.3470    0 1501 11695.8586 11650.3470  0.39%     -   47s
     0     0 11650.3470    0 1430 11695.8586 11650.3470  0.39%     -   51s
     0     0 11650.3470    0 1033 11695.8586 11650.3470  0.39%     -   53s
H    0     0                    11677.470009 11650.3470  0.23%     -   56s
     0     0 11650.3470    0 1226 11677.4700 11650.3470  0.23%     -   57s
     0     0 11650.3470    0 1113 11677.4700 11650.3470  0.23%     -   61s
     0     0 11650.3470    0  845 11677.4700 11650.3470  0.23%     -   63s
     0     0 11650.3470    0 1033 11677.4700 11650.3470  0.23%     -   65s
     0     0 11650.3470    0  774 11677.4700 11650.3470  0.23%     -   67s
     0     0 11650.3470    0  774 11677.4700 11650.3470  0.23%     -   68s
     0     0 11650.3470    0 1176 11677.4700 11650.3470  0.23%     -   69s
     0     0 11650.3470    0  955 11677.4700 11650.3470  0.23%     -   72s
     0     0 11650.3470    0  940 11677.4700 11650.3470  0.23%     -   73s
     0     0 11650.3470    0  942 11677.4700 11650.3470  0.23%     -   74s
     0     0 11650.3470    0 1172 11677.4700 11650.3470  0.23%     -   77s
     0     0 11650.3470    0 1111 11677.4700 11650.3470  0.23%     -   79s
     0     0 11650.3470    0 1110 11677.4700 11650.3470  0.23%     -   80s
     0     0 11650.3470    0 1110 11677.4700 11650.3470  0.23%     -   80s
H    0     0                    11670.973158 11650.3470  0.18%     -   85s
     0     2 11650.3470    0 1110 11670.9732 11650.3470  0.18%     -   87s
     3     8 11650.4759    2 1169 11670.9732 11650.3474  0.18%  1704   91s
     7    16 11650.6785    3  992 11670.9732 11650.3555  0.18%  1952   95s
    15    28 11650.9703    4  707 11670.9732 11650.3722  0.18%  2422  102s
    27    54 11652.0455    5  946 11670.9732 11650.4049  0.18%  3007  111s
    53    76 11657.7659    6  880 11670.9732 11650.4049  0.18%  2914  125s
H   56    76                    11663.182877 11650.4049  0.11%  2793  125s
    75   114 11654.2373    7  791 11663.1829 11650.4049  0.11%  2831  143s
   113   127 11657.6441   10  895 11663.1829 11650.4049  0.11%  2933  186s
H  117   127                    11663.172186 11650.4049  0.11%  2880  186s
H  118   127                    11662.436823 11650.4049  0.10%  2868  186s
   126   174 11655.2969   10  621 11662.4368 11650.4049  0.10%  2934  212s
   173   300 11657.8468   12  409 11662.4368 11650.4049  0.10%  3000  238s
   299   325 11659.8471   24  341 11662.4368 11650.4049  0.10%  2548  254s
H  300   325                    11660.433949 11650.4049  0.09%  2540  254s
   326   429 11659.8500   26  339 11660.4339 11650.4049  0.09%  2489  277s
H  483   496                    11660.432023 11650.4049  0.09%  1981  291s
H  531   496                    11660.424573 11650.4049  0.09%  1825  291s
   562   599 11660.3081   50  224 11660.4246 11650.4049  0.09%  1808  308s
   700   706 11660.3952   59  172 11660.4246 11650.4049  0.09%  1623  323s
   840   795 11660.3952   77  161 11660.4246 11650.4049  0.09%  1471  337s
   979   921 11660.3974  100  135 11660.4246 11650.4283  0.09%  1364  350s
  1133  1088 11660.3974  124  125 11660.4246 11650.4283  0.09%  1255  362s
  1322  1270 11660.3974  149  121 11660.4246 11650.4412  0.09%  1110  374s
H 1444   927                    11660.190650 11650.4412  0.08%  1041  374s
  1510   902     cutoff  174      11660.1907 11650.4412  0.08%  1005  385s
  1612   965 11659.4711   10  685 11660.1907 11650.4412  0.08%   981  395s
  1703  1051 11659.4711   11  620 11660.1907 11650.4412  0.08%   962  409s
  1815  1063 11654.9965    9  727 11660.1907 11650.4412  0.08%   937  441s
  1827  1075 11655.7893   10  767 11660.1907 11650.4412  0.08%   946  471s
H 1831  1074                    11660.188934 11650.4412  0.08%   948  471s
H 1839  1070                    11660.146017 11650.4412  0.08%   952  482s
  1851  1229 11658.4575   12  570 11660.1460 11650.4412  0.08%   959  495s
H 2014   993                    11660.037820 11650.4412  0.08%   909  569s
  2015   990 11659.9809   32 1110 11660.0378 11650.4412  0.08%   909  686s
  2017   991 11659.7018   15 1695 11660.0378 11650.4412  0.08%   908  725s
  2018   992 11653.7390    8 1214 11660.0378 11650.4412  0.08%   908  767s
  2019   993 11659.9047   39 1476 11660.0378 11650.4412  0.08%   907  777s
  2020   993 11657.4208   11 1452 11660.0378 11650.4412  0.08%   907  799s
  2021   994 11659.9809   36 1057 11660.0378 11650.4412  0.08%   906  820s
  2023   995 11651.8850    7 1197 11660.0378 11650.4412  0.08%   905  842s
  2024   996 11654.5677   10  927 11660.0378 11650.4412  0.08%   905  865s
  2025   997 11658.1605   16  968 11660.0378 11650.4412  0.08%   904  880s
  2026   997 11652.0579   10  964 11660.0378 11650.4412  0.08%   904  908s
  2027   998 11659.9704   23 1006 11660.0378 11650.4412  0.08%   904  921s
  2028   999 11651.8850    7 1110 11660.0378 11650.4412  0.08%   903  939s
  2029   999 11659.9809   46 1044 11660.0378 11650.4412  0.08%   903  952s
  2030  1000 11658.1392   15  972 11660.0378 11650.4412  0.08%   902  968s
  2031  1001 11658.5795   31  964 11660.0378 11650.4412  0.08%   902  979s
  2032  1001 11659.8844   43  972 11660.0378 11650.4412  0.08%   901  994s
  2033  1002 11650.9190    5 1004 11660.0378 11650.4412  0.08%   901 1005s
  2034  1003 11659.8803   31  962 11660.0378 11650.4412  0.08%   900 1023s
  2035  1003 11654.4062   10  968 11660.0378 11650.4412  0.08%   900 1034s
  2036  1004 11658.6033   42  972 11660.0378 11650.4412  0.08%   900 1051s
  2038  1005 11651.4232    6  993 11660.0378 11650.4412  0.08%   899 1064s
  2039  1006 11658.1713   21 1008 11660.0378 11650.4412  0.08%   898 1080s
  2040  1007 11658.5932   17 1018 11660.0378 11650.4412  0.08%   898 1094s
  2041  1007 11658.8394   11  920 11660.0378 11650.4447  0.08%   897 1113s
  2043  1009 11660.0180   42 1011 11660.0378 11650.4447  0.08%   897 1126s
  2044  1009 11659.8703   23 1012 11660.0378 11650.4655  0.08%   896 1145s
  2045  1010 11654.2890   13 1021 11660.0378 11650.4655  0.08%   896 1158s
  2046  1011 11658.5558   17 1019 11660.0378 11650.4718  0.08%   895 1175s
  2047  1011 11650.5565   11 1096 11660.0378 11650.4718  0.08%   895 1188s
  2048  1012 11659.8844   40  963 11660.0378 11650.4899  0.08%   894 1204s
  2049  1013 11659.8050   15 1053 11660.0378 11650.4899  0.08%   894 1205s
  2050  1013 11654.3622   10 1074 11660.0378 11650.4899  0.08%   893 1218s
  2051  1014 11651.7661    9 1003 11660.0378 11650.4899  0.08%   893 1237s
  2052  1015 11659.9311   44 1002 11660.0378 11650.4899  0.08%   893 1254s
  2053  1015 11659.9285   20 1002 11660.0378 11650.4899  0.08%   892 1261s
  2056  1022 11650.8473   17  985 11660.0378 11650.4899  0.08%  1020 1268s
  2060  1029 11650.8504   18  979 11660.0378 11650.5205  0.08%  1019 1273s
  2068  1038 11651.5869   19 1063 11660.0378 11650.8669  0.08%  1027 1283s
  2080  1052 11653.4085   20  913 11660.0378 11651.5940  0.07%  1033 1292s
  2098  1059 11653.5789   21  897 11660.0378 11651.5940  0.07%  1054 1300s
  2123  1073 11654.2233   22  867 11660.0378 11651.5940  0.07%  1066 1311s
  2151  1078 11657.0884   23  683 11660.0378 11653.6963  0.05%  1087 1330s
  2171  1101 11657.3593   23  802 11660.0378 11653.6963  0.05%  1093 1345s
  2203  1116     cutoff   24      11660.0378 11653.6963  0.05%  1095 1352s
  2237  1123 11658.7293   25  551 11660.0378 11653.6963  0.05%  1100 1359s
  2261  1146 11658.8193   26  517 11660.0378 11653.6963  0.05%  1110 1364s
  2294  1165 11658.8937   28  499 11660.0378 11653.6963  0.05%  1109 1369s
  2334  1180 11658.8577   30  469 11660.0378 11653.6963  0.05%  1103 1375s
  2376  1189 11658.8745   32  516 11660.0378 11653.6963  0.05%  1101 1382s
  2408  1210 11658.9093   33  640 11660.0378 11653.6963  0.05%  1104 1388s
  2452  1223 11659.0893   34  423 11660.0378 11653.6963  0.05%  1098 1393s
  2509  1250 11659.1050   36  457 11660.0378 11653.6963  0.05%  1088 1399s
  2566  1266 11659.4962   37  492 11660.0378 11653.9022  0.05%  1080 1408s
  2618  1256 11659.1254   38  386 11660.0378 11653.9022  0.05%  1070 1425s
  2634  1273     cutoff   38      11660.0378 11654.0723  0.05%  1067 1447s
  2679  1298     cutoff   39      11660.0378 11654.0723  0.05%  1060 1461s
  2750  1308 11659.1254   40  385 11660.0378 11654.0741  0.05%  1043 1469s
  2812  1317 11659.1254   41  472 11660.0378 11654.0741  0.05%  1037 1476s
  2878  1317 11659.1254   42  407 11660.0378 11654.0741  0.05%  1029 1486s
  2962  1331 11659.1254   46  386 11660.0378 11654.0741  0.05%  1022 1499s
  3065  1308 11659.1738   52  384 11660.0378 11654.0741  0.05%  1008 1532s
  3078  1358     cutoff   52      11660.0378 11654.0741  0.05%  1010 1550s
  3150  1407 11659.1738   53  385 11660.0378 11654.0741  0.05%   998 1567s
H 3213  1332                    11660.019136 11654.0741  0.05%   992 1567s
  3238  1451 11659.1738   53  365 11660.0191 11654.0741  0.05%   987 1581s
  3407  1538 11659.1738   57  363 11660.0191 11654.0741  0.05%   956 1595s
  3586  1586 11659.1738   61  427 11660.0191 11654.0741  0.05%   921 1608s
H 3635  1394                    11659.884964 11654.0741  0.05%   911 1608s
  3722  1480 11659.1738   62  482 11659.8850 11654.0741  0.05%   899 1623s
  3875  1433     cutoff   63      11659.8850 11654.1474  0.05%   877 1667s
  3890  1476 11659.2495   64  371 11659.8850 11654.1474  0.05%   880 1714s
  3938  1478 11659.2519   69  330 11659.8850 11654.1474  0.05%   872 1761s
H 3948   945                    11659.266058 11654.1474  0.04%   870 1761s
  3959   917     cutoff   71      11659.2661 11654.1474  0.04%   869 1777s
  4117   943 11658.5209   31  554 11659.2661 11655.2354  0.03%   852 1790s
  4251   861 11658.8251   39  489 11659.2661 11655.9452  0.03%   839 1800s

Cutting planes:
  Gomory: 118
  Cover: 32
  Implied bound: 16
  Clique: 8
  MIR: 325
  Mixing: 1
  Flow cover: 1154
  Network: 4
  RLT: 8
  Relax-and-lift: 23

Explored 4343 nodes (3781274 simplex iterations) in 1800.64 seconds (1620.17 work units)
Thread count was 24 (of 24 available processors)

Solution count 10: 11659.3 11659.9 11660 ... 11660.2

Time limit reached
Best objective 1.165926605826e+04, best bound 1.165594518890e+04, gap 0.0285%
