
Gurobi 13.0.1 (win64) logging started Thu Oct  8 23:08:44 2026

Set parameter LogFile to value "ieee_owen\weak_eps_experiment\stochastic\main17_xi\logs\n60_S20_day18_ef_gurobi.log"
Set parameter NodefileStart to value 3
Set parameter MIPGap to value 0.0001
Gurobi Optimizer version 13.0.1 build v13.0.1rc0 (win64 - Windows 10.0 (19045.2))

CPU model: AMD Ryzen 9 5900X 12-Core Processor, instruction set [SSE2|AVX|AVX2]
Thread count: 12 physical cores, 24 logical processors, using up to 24 threads

Non-default parameters:
TimeLimit  1800
NodefileStart  3
LogToConsole  0

Optimize a model with 340064 rows, 343286 columns and 1462340 nonzeros (Min)
Model fingerprint: 0xea4d491b
Model has 22 linear objective coefficients
Variable types: 289046 continuous, 54240 integer (54240 binary)
Coefficient statistics:
  Matrix range     [3e-04, 2e+02]
  Objective range  [5e-02, 1e+00]
  Bounds range     [7e-03, 6e+01]
  RHS range        [5e-02, 2e+01]

Presolve removed 152130 rows and 125357 columns
Presolve time: 3.32s
Presolved: 187934 rows, 217929 columns, 745912 nonzeros
Variable types: 169062 continuous, 48867 integer (48866 binary)
Found heuristic solution: objective 15986.292883
Deterministic concurrent LP optimizer: primal simplex, dual simplex, and barrier
Showing barrier log only...

Root barrier log...

Ordering time: 1.50s
Ordering time: 2.16s

Barrier statistics:
 Dense cols : 564
 Free vars  : 41
 AA' NZ     : 1.019e+06
 Factor NZ  : 4.340e+06 (roughly 200 MB of memory)
 Factor Ops : 1.597e+09 (less than 1 second per iteration)
 Threads    : 10

                  Objective                Residual
Iter       Primal          Dual         Primal    Dual     Compl     Time
   0   1.61407617e+00 -2.23610182e+04  4.62e+03 6.40e+01  1.56e+00     8s
   1  -2.52405995e+04 -2.26439059e+04  4.59e+03 5.69e+01  1.57e+00     9s
   2   8.69467607e+04 -2.25856411e+04  4.31e+03 5.12e+01  1.56e+00     9s
   3   4.72852110e+04 -2.36613403e+04  3.20e+03 4.45e+01  1.27e+00     9s
   4  -9.36151640e+04 -2.40398937e+04  2.62e+03 3.76e+01  1.03e+00     9s
   5  -1.49988655e+05 -2.30252804e+04  1.78e+03 2.57e+01  6.82e-01     9s
   6  -8.79948660e+04 -1.77239309e+04  9.13e+02 9.49e+00  3.70e-01     9s
   7  -5.65957701e+04 -1.07085901e+04  5.66e+02 3.53e+00  2.24e-01     9s
   8  -4.48343586e+04 -6.18658285e+03  4.58e+02 2.18e+00  1.77e-01     9s
   9  -3.16390569e+04 -3.80165990e+03  3.38e+02 1.63e+00  1.31e-01     9s
  10  -2.38224323e+04 -1.57001493e+03  2.72e+02 1.23e+00  1.05e-01    10s
  11  -1.57033509e+04 -1.18949191e+02  2.05e+02 1.01e+00  8.09e-02    10s
  12  -6.65963045e+03  2.20036587e+03  1.31e+02 7.20e-01  5.34e-02    10s
  13  -2.87281477e+01  5.83005675e+03  7.98e+01 3.55e-01  3.15e-02    10s
  14   3.79655513e+03  7.29800864e+03  5.18e+01 2.45e-01  2.08e-02    10s
  15   5.99745941e+03  8.29487906e+03  3.75e+01 1.85e-01  1.55e-02    10s
  16   6.96485755e+03  8.66002572e+03  3.15e+01 1.65e-01  1.34e-02    10s
  17   7.95923944e+03  9.38659244e+03  2.56e+01 1.27e-01  1.08e-02    10s
  18   8.54390678e+03  9.79115822e+03  2.22e+01 1.08e-01  9.32e-03    10s
  19   9.25248883e+03  1.03167679e+04  1.77e+01 8.20e-02  7.32e-03    11s
  20   9.75962740e+03  1.06685668e+04  1.45e+01 6.60e-02  5.97e-03    11s
  21   9.89686786e+03  1.07887114e+04  1.37e+01 6.12e-02  5.57e-03    11s
  22   9.96246108e+03  1.09802993e+04  1.33e+01 5.46e-02  5.20e-03    11s
  23   1.00384257e+04  1.11543763e+04  1.28e+01 5.24e-02  5.00e-03    11s
  24   1.00727909e+04  1.14137475e+04  1.26e+01 5.14e-02  4.91e-03    11s
  25   1.00836319e+04  1.14079507e+04  1.25e+01 5.14e-02  4.90e-03    11s
  26   1.01516411e+04  1.13642309e+04  1.22e+01 5.04e-02  4.80e-03    11s
  27   1.02356979e+04  1.16420605e+04  1.18e+01 4.61e-02  4.52e-03    12s
  28   1.10409136e+04  1.18311217e+04  7.94e+00 3.37e-02  3.24e-03    12s
  29   1.17470691e+04  1.20189361e+04  4.60e+00 2.62e-02  2.25e-03    12s
  30   1.20794522e+04  1.21935378e+04  3.05e+00 1.96e-02  1.63e-03    12s
  31   1.22985732e+04  1.23456825e+04  2.03e+00 1.39e-02  1.14e-03    12s
  32   1.24022963e+04  1.24614415e+04  1.54e+00 9.60e-03  8.20e-04    12s
  33   1.24795241e+04  1.24986889e+04  1.18e+00 8.23e-03  6.80e-04    13s
  34   1.25705972e+04  1.25924837e+04  7.59e-01 4.85e-03  4.18e-04    13s
  35   1.26191533e+04  1.26493396e+04  5.31e-01 2.82e-03  2.63e-04    13s
  36   1.26552705e+04  1.26686087e+04  3.62e-01 2.15e-03  1.94e-04    13s
  37   1.26832115e+04  1.26895965e+04  2.33e-01 1.42e-03  1.29e-04    13s
  38   1.26911337e+04  1.27015626e+04  1.96e-01 1.02e-03  9.82e-05    13s
  39   1.26955209e+04  1.27029775e+04  1.75e-01 9.69e-04  9.13e-05    13s
  40   1.27035916e+04  1.27111728e+04  1.37e-01 6.89e-04  6.81e-05    13s
  41   1.27081837e+04  1.27157345e+04  1.15e-01 5.32e-04  5.49e-05    14s
  42   1.27133580e+04  1.27209720e+04  9.04e-02 3.56e-04  3.99e-05    14s
  43   1.27191430e+04  1.27231300e+04  6.30e-02 2.88e-04  3.04e-05    14s
  44   1.27240061e+04  1.27239241e+04  3.96e-02 2.63e-04  2.42e-05    14s
  45   1.27244150e+04  1.27262129e+04  3.76e-02 1.89e-04  1.93e-05    14s
  46   1.27287516e+04  1.27289945e+04  1.72e-02 9.89e-05  9.96e-06    14s
  47   1.27311186e+04  1.27316624e+04  5.58e-03 1.55e-05  2.31e-06    14s
  48   1.27316773e+04  1.27319731e+04  2.77e-03 6.89e-06  1.10e-06    14s
  49   1.27320021e+04  1.27321075e+04  1.14e-03 3.10e-06  4.83e-07    14s
  50   1.27321726e+04  1.27322048e+04  2.77e-04 4.72e-07  1.05e-07    15s
  51   1.27322184e+04  1.27322252e+04  3.65e-05 2.50e-09  8.90e-09    15s
  52   1.27322195e+04  1.27322253e+04  3.12e-05 8.85e-10  7.37e-09    15s
  53   1.27322228e+04  1.27322253e+04  1.37e-05 7.49e-10  3.35e-09    15s
  54   1.27322245e+04  1.27322253e+04  4.99e-06 1.49e-10  1.28e-09    15s
  55   1.27322254e+04  1.27322254e+04  5.23e-08 3.59e-11  5.82e-12    15s

Barrier solved model in 55 iterations and 14.94 seconds (14.15 work units)
Optimal objective 1.27322254e+04


Root crossover log...

   60156 DPushes remaining with DInf 0.0000000e+00                15s
       0 DPushes remaining with DInf 0.0000000e+00                16s

   35589 PPushes remaining with PInf 0.0000000e+00                16s
       0 PPushes remaining with PInf 0.0000000e+00                17s

  Push phase complete: Pinf 0.0000000e+00, Dinf 2.0242601e-11     17s


Root simplex log...

Iteration    Objective       Primal Inf.    Dual Inf.      Time
   80462    1.2732225e+04   0.000000e+00   0.000000e+00     17s
Crossover time: 2.12 seconds (2.17 work units)
Concurrent spin time: 1.02s

Solved with barrier
   80462    1.2732225e+04   0.000000e+00   0.000000e+00     18s

Root relaxation: objective 1.273223e+04, 80462 iterations, 13.02 seconds (9.74 work units)

    Nodes    |    Current Node    |     Objective Bounds      |     Work
 Expl Unexpl |  Obj  Depth IntInf | Incumbent    BestBd   Gap | It/Node Time

     0     0 12732.2254    0 1451 15986.2929 12732.2254  20.4%     -   22s
H    0     0                    12772.425464 12732.2254  0.31%     -   25s
     0     0 12732.2997    0 1405 12772.4255 12732.2997  0.31%     -   29s
H    0     0                    12766.011401 12732.3074  0.26%     -   33s
     0     0 12732.3348    0 1253 12766.0114 12732.3348  0.26%     -   37s
H    0     0                    12764.266096 12732.3348  0.25%     -   40s
     0     0 12732.3349    0 1254 12764.2661 12732.3349  0.25%     -   41s
     0     0 12732.3405    0 1151 12764.2661 12732.3405  0.25%     -   45s
     0     0 12732.3518    0 1316 12764.2661 12732.3518  0.25%     -   45s
     0     0 12732.3518    0 1316 12764.2661 12732.3518  0.25%     -   46s
     0     0 12732.3518    0 1311 12764.2661 12732.3518  0.25%     -   49s
     0     0 12732.3549    0 1311 12764.2661 12732.3549  0.25%     -   50s
     0     0 12732.3549    0 1310 12764.2661 12732.3549  0.25%     -   53s
     0     0 12732.3549    0 1312 12764.2661 12732.3549  0.25%     -   58s
     0     0 12732.3549    0 1277 12764.2661 12732.3549  0.25%     -   61s
     0     0 12732.3549    0 1278 12764.2661 12732.3549  0.25%     -   62s
     0     0 12732.3549    0 1278 12764.2661 12732.3549  0.25%     -   65s
     0     0 12732.3549    0 1278 12764.2661 12732.3549  0.25%     -   66s
     0     0 12732.3549    0 1278 12764.2661 12732.3549  0.25%     -   66s
     0     0 12732.3549    0 1160 12764.2661 12732.3549  0.25%     -   67s
     0     2 12732.3567    0 1160 12764.2661 12732.3567  0.25%     -   69s
     1     4 12732.4379    1 1048 12764.2661 12732.3567  0.25%  1655   71s
     7    16 12733.1107    3 1023 12764.2661 12732.4228  0.25%  1138   79s
H   14    16                    12764.264178 12732.5096  0.25%  1533   79s
    15    28 12733.7472    4  861 12764.2642 12732.5096  0.25%  1704   85s
    27    71 12734.0713    5  982 12764.2642 12732.7408  0.25%  1981  101s
    70   113 12734.9408    8 1170 12764.2642 12732.7723  0.25%  1825  116s
H   97   113                    12749.249374 12732.7723  0.13%  2069  116s
   112   149 12735.1935   13  943 12749.2494 12732.7723  0.13%  2135  134s
   148   192 12735.7716   14 1084 12749.2494 12732.7723  0.13%  2312  162s
H  155   192                    12747.213665 12732.7723  0.11%  2377  162s
   191   232 12737.6978   15  910 12747.2137 12732.7723  0.11%  2488  198s
H  196   232                    12747.213350 12732.7723  0.11%  2513  198s
H  200   232                    12746.382391 12732.7723  0.11%  2496  198s
H  215   232                    12746.030409 12732.7723  0.10%  2475  198s
   231   311 12738.4934   16  748 12746.0304 12732.7723  0.10%  2511  252s
   310   330 12743.4177   19  657 12746.0304 12732.7723  0.10%  2894  312s
H  322   330                    12745.670424 12732.7723  0.10%  2840  312s
   331   506 12745.2689   25  463 12745.6704 12732.7723  0.10%  2826  366s
   521   696 12737.3540   10  770 12745.6704 12732.7723  0.10%  2641  412s
   721   873 12739.2493   11  849 12745.6704 12732.7796  0.10%  2273  449s
H  830   871                    12745.358352 12732.7796  0.10%  2138  449s
   912  1127 12739.2509   13  779 12745.3584 12732.7796  0.10%  2122  487s
H  925  1108                    12744.657546 12732.7796  0.09%  2103  487s
H  936  1108                    12744.639639 12732.7796  0.09%  2079  487s
H  945  1092                    12744.485922 12732.7796  0.09%  2059  487s
  1175  1357 12740.2638   16  749 12744.4859 12732.7796  0.09%  1828  511s
  1478  1704 12743.2081   18  549 12744.4859 12732.7796  0.09%  1561  529s
  1840  2061 12743.1337   21  515 12744.4859 12732.7796  0.09%  1286  547s
  2213  2073 12744.0979   23  795 12744.4859 12732.7796  0.09%  1087  578s
H 2215  1909                    12744.429644 12732.7796  0.09%  1086  578s
H 2224  1898                    12744.372694 12732.7796  0.09%  1082  578s
  2225  2191     cutoff   23      12744.3727 12732.7796  0.09%  1082  595s
H 2467  1979                    12744.008876 12732.7796  0.09%   987  596s
  2542  2211     cutoff   32      12744.0089 12732.8444  0.09%   962  614s
  2839  2513 12743.9528  346   81 12744.0089 12732.8444  0.09%   887  634s
  3148  2853 12736.3750    8  950 12744.0089 12732.8444  0.09%   817  652s
  3490  2865 12740.4108   11  741 12744.0089 12732.8680  0.09%   753  689s
H 3502  2939                    12744.006117 12732.8680  0.09%   752  699s
H 3514  2937                    12743.999188 12732.8680  0.09%   751  699s
  3576  3300 12740.8125   13  813 12743.9992 12732.8680  0.09%   742  722s
H 3658  2866                    12743.907006 12732.8680  0.09%   730  722s
H 3661  2849                    12743.905416 12732.8680  0.09%   729  722s
H 3851  2583                    12743.903924 12732.8680  0.09%   699  722s
  3955  2715 12742.5452   16  546 12743.9039 12732.8680  0.09%   685  747s
H 3992  2348                    12743.865443 12732.8785  0.09%   686  747s
H 3995  2348                    12743.864800 12732.8785  0.09%   685  747s
H 3999  2345                    12743.863129 12732.8785  0.09%   685  747s
  4206  2525 12742.8045   20  809 12743.8631 12732.8785  0.09%   662  770s
H 4293  2118                    12743.851991 12732.8785  0.09%   656  771s
H 4364   928                    12743.074195 12732.8785  0.08%   645  771s
  4468   742 12743.0120   35  434 12743.0742 12732.8785  0.08%   646  798s
H 4552   542                    12742.639648 12732.9196  0.08%   662  827s
H 4552   542                    12742.636343 12732.9196  0.08%   662  835s
H 4552   541                    12742.608781 12732.9196  0.08%   662  836s
H 4552   537                    12742.571044 12732.9196  0.08%   662  840s
H 4552   537                    12742.570405 12732.9196  0.08%   662  841s
  4553   538 12737.2470   10 1160 12742.5704 12732.9196  0.08%   662  959s
  4555   539 12733.5487   11 1625 12742.5704 12732.9196  0.08%   662  977s
  4556   540 12739.3721    8 2110 12742.5704 12732.9196  0.08%   662  992s
  4557   541 12740.9030   23 2129 12742.5704 12732.9196  0.08%   662  995s
  4561   543 12742.4369   27 1939 12742.5704 12732.9196  0.08%   661 1002s
  4563   545 12742.3968   28 1342 12742.5704 12732.9196  0.08%   661 1012s
  4564   545 12733.7215    8 1342 12742.5704 12732.9196  0.08%   661 1018s
  4565   549 12732.9196   12 1262 12742.5704 12732.9196  0.08%   691 1024s
  4567   552 12732.9196   13 1168 12742.5704 12732.9196  0.08%   692 1026s
  4571   559 12732.9196   14 1438 12742.5704 12732.9196  0.08%   692 1030s
  4579   568 12733.3001   15 1310 12742.5704 12732.9196  0.08%   694 1035s
  4591   584 12733.3175   16 1293 12742.5704 12732.9196  0.08%   700 1048s
  4611   590 12734.0471   17 1634 12742.5704 12732.9196  0.08%   710 1067s
  4623   601 12736.5506   18 1384 12742.5704 12732.9196  0.08%   718 1086s
  4638   607 12736.5571   19 1303 12742.5704 12732.9196  0.08%   730 1113s
  4649   621 12739.8176   19 1075 12742.5704 12732.9196  0.08%   736 1133s
  4669   621 12736.3524   20 1136 12742.5704 12732.9196  0.08%   759 1151s
  4692   630 12739.3935   21 1122 12742.5704 12732.9196  0.08%   772 1174s
  4714   641 12739.9653   22  891 12742.5704 12732.9196  0.08%   792 1189s
  4749   649 12741.4070   23  692 12742.5704 12732.9196  0.08%   813 1205s
  4786   645 12741.9155   26  750 12742.5704 12732.9196  0.08%   829 1222s
  4821   656     cutoff   28      12742.5704 12732.9196  0.08%   835 1243s
  4849   661 12741.8195   31  715 12742.5704 12732.9196  0.08%   844 1261s
  4880   672 12741.8195   33  734 12742.5704 12732.9196  0.08%   852 1284s
  4905   679     cutoff   34      12742.5704 12732.9196  0.08%   858 1300s
  4951   676     cutoff   37      12742.5704 12732.9196  0.08%   865 1316s
H 4953   648                    12742.569388 12732.9196  0.08%   865 1316s
  4978   653     cutoff   40      12742.5694 12732.9196  0.08%   874 1334s
  5023   656 12742.3453   42  578 12742.5694 12732.9196  0.08%   879 1352s
  5073   674 12742.4286   46  544 12742.5694 12732.9196  0.08%   887 1367s
  5133   679     cutoff   50      12742.5694 12732.9196  0.08%   893 1386s
  5196   694     cutoff   55      12742.5694 12732.9196  0.08%   898 1405s
  5274   715 12736.2650   17 1337 12742.5694 12732.9288  0.08%   902 1424s
  5336   724 12739.7410   19 1013 12742.5694 12733.1355  0.07%   905 1448s
  5412   741 12741.8932   21  782 12742.5694 12733.1355  0.07%   910 1468s
  5475   764     cutoff   24      12742.5694 12733.1355  0.07%   920 1488s
  5563   742 12739.7325   20  913 12742.5694 12733.1355  0.07%   925 1519s
  5578   745 12742.5515   21  843 12742.5694 12733.4221  0.07%   927 1579s
H 5583   718                    12742.124499 12733.4221  0.07%   927 1579s
H 5590   690                    12742.110911 12733.4221  0.07%   928 1579s
  5592   723     cutoff   22      12742.1109 12733.4221  0.07%   928 1604s
  5687   724     cutoff   22      12742.1109 12733.4221  0.07%   933 1629s
  5802   770 12741.2925  110  468 12742.1109 12733.4221  0.07%   934 1653s
  5918   780 12741.2925  131  452 12742.1109 12733.4221  0.07%   928 1677s
  6072   835 12741.2925  154  432 12742.1109 12733.6505  0.07%   918 1699s
  6232   969 12741.2925  180  400 12742.1109 12733.6505  0.07%   906 1728s
  6418  1191 12741.2925  208  386 12742.1109 12733.6505  0.07%   891 1750s
  6660  1218 12741.2925  239  366 12742.1109 12733.6505  0.07%   869 1791s
  6707  1349 12741.2925  240  364 12742.1109 12734.3926  0.06%   868 1800s

Cutting planes:
  Gomory: 23
  Cover: 1
  Implied bound: 34
  MIR: 42
  Flow cover: 474
  RLT: 1
  Relax-and-lift: 38

Explored 6842 nodes (5941867 simplex iterations) in 1800.53 seconds (1894.61 work units)
Thread count was 24 (of 24 available processors)

Solution count 10: 12742.1 12742.1 12742.6 ... 12742.6

Time limit reached
Best objective 1.274211091149e+04, best bound 1.273439255299e+04, gap 0.0606%
