
Gurobi 13.0.1 (win64) logging started Fri Oct  9 10:19:39 2026

Set parameter LogFile to value "ieee_owen\weak_eps_experiment\stochastic\main17_xi\logs\n60_S20_day25_ef_gurobi.log"
Set parameter NodefileStart to value 3
Set parameter MIPGap to value 0.0001
Gurobi Optimizer version 13.0.1 build v13.0.1rc0 (win64 - Windows 10.0 (19045.2))

CPU model: AMD Ryzen 9 5900X 12-Core Processor, instruction set [SSE2|AVX|AVX2]
Thread count: 12 physical cores, 24 logical processors, using up to 24 threads

Non-default parameters:
TimeLimit  1800
NodefileStart  3
LogToConsole  0

Optimize a model with 340064 rows, 343286 columns and 1462340 nonzeros (Min)
Model fingerprint: 0xd9c39d24
Model has 22 linear objective coefficients
Variable types: 289046 continuous, 54240 integer (54240 binary)
Coefficient statistics:
  Matrix range     [3e-04, 2e+02]
  Objective range  [5e-02, 1e+00]
  Bounds range     [5e-03, 6e+01]
  RHS range        [5e-02, 2e+01]

Presolve removed 152061 rows and 125260 columns
Presolve time: 3.38s
Presolved: 188003 rows, 218026 columns, 746347 nonzeros
Variable types: 169129 continuous, 48897 integer (48896 binary)
Found heuristic solution: objective 16373.227722
Deterministic concurrent LP optimizer: primal simplex, dual simplex, and barrier
Showing barrier log only...

Root barrier log...

Ordering time: 1.47s
Ordering time: 2.06s

Barrier statistics:
 Dense cols : 564
 Free vars  : 41
 AA' NZ     : 1.019e+06
 Factor NZ  : 4.330e+06 (roughly 200 MB of memory)
 Factor Ops : 1.588e+09 (less than 1 second per iteration)
 Threads    : 10

                  Objective                Residual
Iter       Primal          Dual         Primal    Dual     Compl     Time
   0   1.59216211e+00 -2.20078129e+04  4.55e+03 6.40e+01  1.54e+00     9s
   1  -2.51647660e+04 -2.22288149e+04  4.53e+03 5.73e+01  1.55e+00     9s
   2   9.53803846e+04 -2.21369661e+04  4.24e+03 5.16e+01  1.54e+00     9s
   3   5.92317137e+04 -2.30706362e+04  3.21e+03 4.55e+01  1.27e+00     9s
   4  -2.93508654e+04 -2.37402271e+04  2.86e+03 3.82e+01  1.17e+00     9s
   5  -1.22122463e+05 -2.29575750e+04  2.06e+03 2.87e+01  8.30e-01     9s
   6  -9.11598542e+04 -1.95675559e+04  1.06e+03 1.07e+01  4.41e-01    10s
   7  -5.05854653e+04 -1.08064607e+04  5.80e+02 2.69e+00  2.45e-01    10s
   8  -3.54378241e+04 -4.86744374e+03  4.22e+02 1.32e+00  1.74e-01    10s
   9  -2.30801823e+04 -2.69255369e+03  3.02e+02 1.03e+00  1.27e-01    10s
  10  -1.70157700e+04 -9.46390973e+01  2.46e+02 7.37e-01  1.01e-01    10s
  11  -8.73256368e+03  3.23048206e+03  1.70e+02 4.18e-01  6.87e-02    10s
  12  -7.51253197e+02  5.72941543e+03  1.01e+02 2.53e-01  4.15e-02    10s
  13   3.53288073e+03  7.70264362e+03  6.52e+01 1.53e-01  2.66e-02    10s
  14   5.96420914e+03  8.64159437e+03  4.72e+01 1.19e-01  1.99e-02    10s
  15   7.43798601e+03  9.08030223e+03  3.70e+01 1.04e-01  1.64e-02    11s
  16   8.62099995e+03  9.65140494e+03  2.90e+01 8.58e-02  1.33e-02    11s
  17   9.00507782e+03  1.01084849e+04  2.60e+01 7.15e-02  1.16e-02    11s
  18   9.87289595e+03  1.05163690e+04  1.96e+01 5.92e-02  9.09e-03    11s
  19   1.04080677e+04  1.08540727e+04  1.57e+01 4.95e-02  7.44e-03    11s
  20   1.06692866e+04  1.11988379e+04  1.39e+01 4.11e-02  6.40e-03    11s
  21   1.07837820e+04  1.14774317e+04  1.30e+01 3.62e-02  5.84e-03    11s
  22   1.08210647e+04  1.16428025e+04  1.28e+01 3.51e-02  5.70e-03    11s
  23   1.08664102e+04  1.18172573e+04  1.25e+01 3.47e-02  5.59e-03    12s
  24   1.08813183e+04  1.17928767e+04  1.24e+01 3.45e-02  5.55e-03    12s
  25   1.09355092e+04  1.17376029e+04  1.21e+01 3.25e-02  5.38e-03    12s
  26   1.09820701e+04  1.18571305e+04  1.19e+01 3.14e-02  5.30e-03    12s
  27   1.10473465e+04  1.18772748e+04  1.15e+01 3.04e-02  5.17e-03    12s
  28   1.13594618e+04  1.21305630e+04  1.02e+01 2.87e-02  4.81e-03    12s
  29   1.18451959e+04  1.23407161e+04  7.60e+00 2.30e-02  3.73e-03    12s
  30   1.23816623e+04  1.24764196e+04  4.84e+00 1.95e-02  2.80e-03    12s
  31   1.26678267e+04  1.27349865e+04  3.36e+00 1.33e-02  1.93e-03    13s
  32   1.28815647e+04  1.28989835e+04  2.27e+00 9.43e-03  1.36e-03    13s
  33   1.29981394e+04  1.30699395e+04  1.68e+00 5.52e-03  8.86e-04    13s
  34   1.31414143e+04  1.31225542e+04  9.54e-01 4.30e-03  6.23e-04    13s
  35   1.32041181e+04  1.31826247e+04  6.37e-01 3.00e-03  4.34e-04    13s
  36   1.32496101e+04  1.32048515e+04  4.05e-01 2.52e-03  3.37e-04    13s
  37   1.32652486e+04  1.32266805e+04  3.25e-01 2.07e-03  2.76e-04    13s
  38   1.32796834e+04  1.32438907e+04  2.49e-01 1.71e-03  2.24e-04    13s
  39   1.32844478e+04  1.32551299e+04  2.23e-01 1.48e-03  1.95e-04    13s
  40   1.33004862e+04  1.32838923e+04  1.40e-01 8.91e-04  1.19e-04    14s
  41   1.33075537e+04  1.32939902e+04  1.02e-01 6.80e-04  8.97e-05    14s
  42   1.33136006e+04  1.33005675e+04  6.96e-02 5.44e-04  6.87e-05    14s
  43   1.33165474e+04  1.33060134e+04  5.43e-02 4.31e-04  5.43e-05    14s
  44   1.33175882e+04  1.33116194e+04  4.87e-02 3.12e-04  4.18e-05    14s
  45   1.33198500e+04  1.33167600e+04  3.65e-02 2.06e-04  2.86e-05    14s
  46   1.33222341e+04  1.33198666e+04  2.38e-02 1.42e-04  1.94e-05    14s
  47   1.33250113e+04  1.33224324e+04  9.04e-03 8.64e-05  1.07e-05    15s
  48   1.33254859e+04  1.33243292e+04  6.43e-03 4.66e-05  6.26e-06    15s
  49   1.33259886e+04  1.33247855e+04  3.61e-03 3.70e-05  4.61e-06    15s
  50   1.33261865e+04  1.33253674e+04  2.56e-03 2.51e-05  3.20e-06    15s
  51   1.33263946e+04  1.33260495e+04  1.41e-03 1.12e-05  1.55e-06    15s
  52   1.33265273e+04  1.33261982e+04  6.28e-04 8.33e-06  1.04e-06    15s
  53   1.33265701e+04  1.33262709e+04  3.86e-04 6.92e-06  8.30e-07    15s
  54   1.33266089e+04  1.33264750e+04  1.40e-04 2.91e-06  3.51e-07    15s
  55   1.33266096e+04  1.33264913e+04  1.37e-04 2.60e-06  3.18e-07    15s
  56   1.33266190e+04  1.33266041e+04  7.45e-05 4.02e-07  7.56e-08    15s
  57   1.33266271e+04  1.33266190e+04  1.37e-05 1.52e-07  2.45e-08    15s
  58   1.33266283e+04  1.33266279e+04  3.53e-06 1.20e-08  2.99e-09    16s
  59   1.33266286e+04  1.33266286e+04  8.10e-07 8.58e-11  3.65e-10    16s

Barrier solved model in 59 iterations and 15.67 seconds (15.40 work units)
Optimal objective 1.33266286e+04


Root crossover log...

   60385 DPushes remaining with DInf 0.0000000e+00                16s
       0 DPushes remaining with DInf 0.0000000e+00                17s

   37120 PPushes remaining with PInf 1.5437647e-03                17s
     155 PPushes remaining with PInf 0.0000000e+00                20s
       0 PPushes remaining with PInf 0.0000000e+00                20s

  Push phase complete: Pinf 0.0000000e+00, Dinf 7.6666809e-02     20s


Root simplex log...

Iteration    Objective       Primal Inf.    Dual Inf.      Time
   83823    1.3326629e+04   0.000000e+00   7.666681e-02     20s
   83827    1.3326629e+04   0.000000e+00   0.000000e+00     20s
Crossover time: 4.54 seconds (6.70 work units)
Concurrent spin time: 2.86s (can be avoided by choosing Method=3)

Solved with barrier
   83827    1.3326629e+04   0.000000e+00   0.000000e+00     23s

Root relaxation: objective 1.332663e+04, 83827 iterations, 17.33 seconds (14.78 work units)

    Nodes    |    Current Node    |     Objective Bounds      |     Work
 Expl Unexpl |  Obj  Depth IntInf | Incumbent    BestBd   Gap | It/Node Time

     0     0 13326.6287    0 2113 16373.2277 13326.6287  18.6%     -   34s
H    0     0                    13399.908136 13326.6287  0.55%     -   44s
     0     0 13327.3649    0 1864 13399.9081 13327.3649  0.54%     -   52s
H    0     0                    13390.360690 13327.3666  0.47%     -   61s
     0     0 13327.3748    0 1864 13390.3607 13327.3748  0.47%     -   62s
     0     0 13327.4657    0 1937 13390.3607 13327.4657  0.47%     -   69s
     0     0 13327.4660    0 1939 13390.3607 13327.4660  0.47%     -   70s
     0     0 13327.4686    0 1810 13390.3607 13327.4686  0.47%     -   75s
     0     0 13327.4691    0 1815 13390.3607 13327.4691  0.47%     -   76s
     0     0 13327.4691    0 1809 13390.3607 13327.4691  0.47%     -   80s
     0     0 13327.4691    0 1812 13390.3607 13327.4691  0.47%     -   81s
     0     0 13327.4691    0 1816 13390.3607 13327.4691  0.47%     -   84s
     0     0 13327.4694    0 1816 13390.3607 13327.4694  0.47%     -   85s
     0     0 13327.4694    0 1811 13390.3607 13327.4694  0.47%     -   89s
     0     0 13327.4694    0 1592 13390.3607 13327.4694  0.47%     -   92s
     0     0 13327.4705    0 1593 13390.3607 13327.4705  0.47%     -   94s
     0     0 13327.4705    0 1596 13390.3607 13327.4705  0.47%     -   97s
     0     0 13327.4705    0 1544 13390.3607 13327.4705  0.47%     -   99s
H    0     0                    13367.115424 13327.4705  0.30%     -  107s
     0     0 13327.4705    0 1548 13367.1154 13327.4705  0.30%     -  107s
     0     0 13327.4705    0 1548 13367.1154 13327.4705  0.30%     -  111s
     0     0 13327.4705    0 1548 13367.1154 13327.4705  0.30%     -  111s
     0     0 13327.4705    0 1548 13367.1154 13327.4705  0.30%     -  112s
     0     0 13327.4705    0 1548 13367.1154 13327.4705  0.30%     -  113s
     0     0 13327.4705    0 1548 13367.1154 13327.4705  0.30%     -  113s
     0     0 13327.4705    0 1548 13367.1154 13327.4705  0.30%     -  114s
H    0     0                    13366.819489 13327.4845  0.29%     -  123s
     0     2 13327.4845    0 1548 13366.8195 13327.4845  0.29%     -  125s
     3     8 13328.6103    2 1664 13366.8195 13327.4845  0.29%  3353  136s
     7    16 13328.6232    3 1544 13366.8195 13327.4845  0.29%  1932  147s
    15    28 13328.6721    4 1404 13366.8195 13327.4909  0.29%  2368  169s
    27    47 13328.8365    5 1353 13366.8195 13327.7384  0.29%  3200  195s
H   28    47                    13366.688787 13327.7384  0.29%  3086  195s
    46    59 13328.9413    6 1363 13366.6888 13327.7786  0.29%  3205  212s
H   56    59                    13365.328589 13327.7786  0.28%  3270  212s
    58    73 13329.3238    6 1355 13365.3286 13327.7786  0.28%  3274  231s
H   67    73                    13363.352456 13327.7786  0.27%  3128  231s
    72    98 13328.9897    7 1327 13363.3525 13327.7786  0.27%  3009  246s
    97   126 13329.4226    9 1310 13363.3525 13327.7786  0.27%  2902  285s
H  125   149                    13363.343156 13327.7786  0.27%  3142  333s
H  135   149                    13363.339364 13327.7786  0.27%  3306  333s
H  140   149                    13363.338124 13327.7786  0.27%  3435  333s
H  148   174                    13361.924221 13327.7786  0.26%  3625  404s
H  150   174                    13361.913020 13327.7786  0.26%  3669  404s
H  154   174                    13361.890389 13327.7786  0.26%  3677  404s
H  156   174                    13361.787282 13327.7786  0.25%  3704  404s
H  171   174                    13361.719055 13327.7786  0.25%  3789  404s
   173   239 13332.0339   14 1042 13361.7191 13327.7786  0.25%  3875  474s
   238   283 13332.8426   17 1235 13361.7191 13327.7786  0.25%  3635  557s
H  250   283                    13352.522059 13327.7786  0.19%  3747  557s
   282   365 13334.9645   19 1043 13352.5221 13327.7786  0.19%  4023  626s
   364   445 13336.5160   24  887 13352.5221 13327.7786  0.19%  4236  702s
   444   525 13337.6248   27  444 13352.5221 13327.7786  0.19%  4196  774s
H  448   525                    13344.248385 13327.7786  0.12%  4193  774s
H  469   525                    13342.308487 13327.7786  0.11%  4123  774s
H  478   525                    13342.228915 13327.7786  0.11%  4118  774s
   524   664 13337.7468   29  461 13342.2289 13327.7786  0.11%  4090  848s
H  663   823                    13341.960236 13327.7786  0.11%  3728  911s
H  671   823                    13341.661562 13327.7786  0.10%  3720  911s
H  722   817                    13337.205982 13327.7786  0.07%  3610  911s
   822   712     cutoff   51      13337.2060 13327.7786  0.07%  3360  974s
   953   749 13329.7029    8 1527 13337.2060 13327.8417  0.07%  3114 1028s
  1061   789 13331.6845   12 1322 13337.2060 13327.8417  0.07%  2975 1075s
  1147   863 13332.2932   15 1189 13337.2060 13327.8417  0.07%  2894 1117s
  1223   899 13333.2406   16 1202 13337.2060 13327.8417  0.07%  2833 1257s
  1259   934 13333.2692   17 1080 13337.2060 13327.8417  0.07%  2770 1415s
H 1273   931                    13337.186780 13327.8417  0.07%  2748 1415s
H 1292   781                    13336.783230 13327.8417  0.07%  2719 1415s
  1296   826 13333.9748   18 1083 13336.7832 13327.8417  0.07%  2723 1465s
  1383   876 13334.0950   21  781 13336.7832 13327.8417  0.07%  2670 1516s
  1466   953 13334.7849   26  605 13336.7832 13327.8417  0.07%  2639 1562s
  1551  1032     cutoff   28      13336.7832 13327.8417  0.07%  2609 1611s
  1654  1073 13336.2486   31  396 13336.7832 13327.8676  0.07%  2543 1682s
  1707  1201 13336.3693   35  290 13336.7832 13328.0379  0.07%  2505 1738s
  1865  1271 13336.3872   52  250 13336.7832 13328.0379  0.07%  2391 1800s

Cutting planes:
  Gomory: 16
  Cover: 293
  Implied bound: 502
  Clique: 19
  MIR: 313
  Flow cover: 1129
  Network: 1
  RLT: 6
  Relax-and-lift: 61

Explored 2016 nodes (4782102 simplex iterations) in 1800.56 seconds (1880.79 work units)
Thread count was 24 (of 24 available processors)

Solution count 10: 13336.8 13337.2 13337.2 ... 13361.7

Time limit reached
Best objective 1.333678322957e+04, best bound 1.332830812856e+04, gap 0.0635%
