
Gurobi 13.0.1 (win64) logging started Thu Oct  8 21:26:36 2026

Set parameter LogFile to value "ieee_owen\weak_eps_experiment\stochastic\main17_xi\logs\n60_S20_day17_ef_gurobi.log"
Set parameter NodefileStart to value 3
Set parameter MIPGap to value 0.0001
Gurobi Optimizer version 13.0.1 build v13.0.1rc0 (win64 - Windows 10.0 (19045.2))

CPU model: AMD Ryzen 9 5900X 12-Core Processor, instruction set [SSE2|AVX|AVX2]
Thread count: 12 physical cores, 24 logical processors, using up to 24 threads

Non-default parameters:
TimeLimit  1800
NodefileStart  3
LogToConsole  0

Optimize a model with 340064 rows, 343286 columns and 1462340 nonzeros (Min)
Model fingerprint: 0xb730931c
Model has 22 linear objective coefficients
Variable types: 289046 continuous, 54240 integer (54240 binary)
Coefficient statistics:
  Matrix range     [3e-04, 2e+02]
  Objective range  [5e-02, 1e+00]
  Bounds range     [1e-02, 6e+01]
  RHS range        [5e-02, 2e+01]

Presolve removed 152020 rows and 125192 columns
Presolve time: 3.34s
Presolved: 188044 rows, 218094 columns, 746582 nonzeros
Variable types: 169172 continuous, 48922 integer (48921 binary)
Found heuristic solution: objective 16575.765046
Deterministic concurrent LP optimizer: primal simplex, dual simplex, and barrier
Showing barrier log only...

Root barrier log...

Ordering time: 1.60s
Ordering time: 1.79s

Barrier statistics:
 Dense cols : 567
 Free vars  : 41
 AA' NZ     : 6.353e+05
 Factor NZ  : 3.439e+06 (roughly 180 MB of memory)
 Factor Ops : 5.789e+08 (less than 1 second per iteration)
 Threads    : 10

                  Objective                Residual
Iter       Primal          Dual         Primal    Dual     Compl     Time
   0   1.62332715e+00 -2.19774299e+04  4.64e+03 6.40e+01  1.57e+00     9s
   1  -2.55680046e+04 -2.22105875e+04  4.62e+03 5.70e+01  1.58e+00     9s
   2   9.62445761e+04 -2.21236305e+04  4.31e+03 5.10e+01  1.57e+00     9s
   3   4.21789754e+04 -2.30828489e+04  3.21e+03 4.50e+01  1.26e+00     9s
   4  -7.26169187e+04 -2.34702981e+04  2.73e+03 3.68e+01  1.10e+00     9s
   5  -1.43503664e+05 -2.22207365e+04  1.99e+03 2.68e+01  7.94e-01     9s
   6  -4.92119195e+04 -1.64690175e+04  7.45e+02 2.68e+00  3.56e-01     9s
   7  -3.01108751e+04 -7.00616247e+03  4.73e+02 8.01e-01  2.20e-01     9s
   8  -1.74932492e+04 -2.62488991e+03  3.18e+02 4.30e-01  1.47e-01     9s
   9  -1.15432650e+04 -3.33731593e+02  2.43e+02 3.11e-01  1.11e-01     9s
  10  -7.54525075e+03  1.48698675e+03  1.97e+02 2.39e-01  9.04e-02    10s
  11  -2.47196199e+03  4.20399422e+03  1.41e+02 1.48e-01  6.36e-02    10s
  12   2.02573106e+03  6.47974811e+03  9.48e+01 8.93e-02  4.23e-02    10s
  13   5.10606099e+03  8.69033300e+03  6.25e+01 4.48e-02  2.64e-02    10s
  14   7.32348406e+03  9.55602613e+03  4.33e+01 3.32e-02  1.87e-02    10s
  15   8.69497674e+03  1.02121107e+04  3.26e+01 2.55e-02  1.43e-02    10s
  16   9.41633456e+03  1.04454226e+04  2.71e+01 2.32e-02  1.24e-02    10s
  17   9.92764765e+03  1.08124623e+04  2.30e+01 1.93e-02  1.05e-02    10s
  18   1.01737578e+04  1.10174926e+04  2.11e+01 1.72e-02  9.51e-03    10s
  19   1.06212840e+04  1.16486362e+04  1.74e+01 1.07e-02  7.13e-03    10s
  20   1.11338469e+04  1.18628372e+04  1.34e+01 8.82e-03  5.63e-03    10s
  21   1.12137314e+04  1.21208899e+04  1.28e+01 7.67e-03  5.20e-03    11s
  22   1.12445264e+04  1.24342111e+04  1.25e+01 7.45e-03  5.08e-03    11s
  23   1.12535159e+04  1.23964534e+04  1.25e+01 7.42e-03  5.06e-03    11s
  24   1.12918768e+04  1.25278952e+04  1.23e+01 7.31e-03  4.98e-03    11s
  25   1.14539993e+04  1.26355278e+04  1.13e+01 6.59e-03  4.58e-03    11s
  26   1.20118253e+04  1.27490065e+04  8.20e+00 5.97e-03  3.59e-03    11s
  27   1.22972375e+04  1.28201745e+04  6.63e+00 5.38e-03  3.04e-03    11s
  28   1.27844657e+04  1.29808321e+04  4.04e+00 4.09e-03  2.09e-03    11s
  29   1.30116496e+04  1.31316620e+04  2.87e+00 2.96e-03  1.51e-03    12s
  30   1.31728816e+04  1.32024423e+04  2.03e+00 2.47e-03  1.18e-03    12s
  31   1.32975160e+04  1.32989159e+04  1.40e+00 1.82e-03  8.53e-04    12s
  32   1.33613933e+04  1.33525159e+04  1.07e+00 1.46e-03  6.75e-04    12s
  33   1.34527790e+04  1.34229378e+04  6.25e-01 9.88e-04  4.41e-04    12s
  34   1.34981743e+04  1.35188425e+04  3.88e-01 3.34e-04  1.98e-04    12s
  35   1.35241500e+04  1.35411636e+04  2.55e-01 1.94e-04  1.24e-04    12s
  36   1.35298378e+04  1.35439195e+04  2.26e-01 1.77e-04  1.11e-04    12s
  37   1.35388242e+04  1.35503000e+04  1.80e-01 1.37e-04  8.82e-05    12s
  38   1.35478778e+04  1.35535510e+04  1.33e-01 1.17e-04  7.11e-05    12s
  39   1.35568799e+04  1.35594528e+04  8.73e-02 8.14e-05  4.88e-05    13s
  40   1.35627769e+04  1.35614662e+04  5.72e-02 6.94e-05  3.78e-05    13s
  41   1.35660071e+04  1.35662998e+04  4.05e-02 4.16e-05  2.44e-05    13s
  42   1.35662612e+04  1.35676062e+04  3.93e-02 3.42e-05  2.16e-05    13s
  43   1.35690006e+04  1.35699115e+04  2.47e-02 2.05e-05  1.35e-05    13s
  44   1.35704874e+04  1.35709693e+04  1.68e-02 1.45e-05  9.41e-06    13s
  45   1.35722524e+04  1.35716437e+04  7.12e-03 1.08e-05  5.58e-06    13s
  46   1.35728949e+04  1.35727623e+04  3.86e-03 4.40e-06  2.65e-06    13s
  47   1.35733255e+04  1.35730133e+04  1.57e-03 3.05e-06  1.58e-06    13s
  48   1.35733754e+04  1.35732381e+04  1.30e-03 1.86e-06  1.07e-06    13s
  49   1.35734140e+04  1.35735114e+04  1.09e-03 4.58e-07  4.86e-07    14s
  50   1.35735478e+04  1.35735846e+04  3.48e-04 7.96e-08  1.45e-07    14s
  51   1.35735649e+04  1.35736044e+04  2.51e-04 1.52e-08  7.98e-08    14s
  52   1.35735897e+04  1.35736079e+04  1.11e-04 3.02e-09  3.39e-08    14s
  53   1.35736069e+04  1.35736091e+04  1.31e-05 1.22e-09  3.84e-09    14s
  54   1.35736091e+04  1.35736092e+04  6.46e-07 1.39e-10  7.58e-11    14s

Barrier solved model in 54 iterations and 13.88 seconds (13.99 work units)
Optimal objective 1.35736091e+04


Root crossover log...

   58555 DPushes remaining with DInf 0.0000000e+00                14s
       0 DPushes remaining with DInf 0.0000000e+00                15s

   36438 PPushes remaining with PInf 2.0002309e-04                15s
   17213 PPushes remaining with PInf 0.0000000e+00                15s
       0 PPushes remaining with PInf 0.0000000e+00                16s

  Push phase complete: Pinf 0.0000000e+00, Dinf 2.3099279e-11     16s


Root simplex log...

Iteration    Objective       Primal Inf.    Dual Inf.      Time
   80243    1.3573609e+04   0.000000e+00   0.000000e+00     16s
Crossover time: 1.91 seconds (2.26 work units)
Concurrent spin time: 0.93s

Solved with barrier
   80243    1.3573609e+04   0.000000e+00   0.000000e+00     17s

Root relaxation: objective 1.357361e+04, 80243 iterations, 11.07 seconds (9.09 work units)

    Nodes    |    Current Node    |     Objective Bounds      |     Work
 Expl Unexpl |  Obj  Depth IntInf | Incumbent    BestBd   Gap | It/Node Time

     0     0 13573.6092    0 1623 16575.7650 13573.6092  18.1%     -   21s
H    0     0                    13661.260754 13573.6092  0.64%     -   25s
     0     0 13574.1778    0 1770 13661.2608 13574.1778  0.64%     -   31s
H    0     0                    13652.653810 13574.1778  0.57%     -   40s
     0     0 13574.1778    0 1768 13652.6538 13574.1778  0.57%     -   41s
     0     0 13574.3263    0 1736 13652.6538 13574.3263  0.57%     -   46s
     0     0 13574.3299    0 1696 13652.6538 13574.3299  0.57%     -   55s
     0     0 13574.3307    0 1687 13652.6538 13574.3307  0.57%     -   59s
     0     0 13574.3327    0 1686 13652.6538 13574.3327  0.57%     -   60s
     0     0 13574.3327    0 1686 13652.6538 13574.3327  0.57%     -   60s
     0     0 13574.3327    0 1684 13652.6538 13574.3327  0.57%     -   64s
     0     0 13574.3327    0 1685 13652.6538 13574.3327  0.57%     -   64s
     0     0 13574.3327    0 1684 13652.6538 13574.3327  0.57%     -   68s
     0     0 13574.3531    0 1684 13652.6538 13574.3531  0.57%     -   68s
     0     0 13574.3531    0 1714 13652.6538 13574.3531  0.57%     -   71s
     0     0 13574.3531    0 1714 13652.6538 13574.3531  0.57%     -   72s
     0     0 13574.3531    0 1713 13652.6538 13574.3531  0.57%     -   75s
     0     0 13574.3531    0 1713 13652.6538 13574.3531  0.57%     -   76s
     0     0 13574.3531    0 1713 13652.6538 13574.3531  0.57%     -   76s
     0     0 13574.3531    0 1437 13652.6538 13574.3531  0.57%     -   79s
     0     2 13574.3531    0 1437 13652.6538 13574.3531  0.57%     -   81s
     3     8 13575.2745    2 1640 13652.6538 13574.3832  0.57%  1233   85s
     7    16 13575.8689    3 1357 13652.6538 13574.4575  0.57%  1352   92s
    15    28 13575.8689    4 1339 13652.6538 13574.8740  0.57%  1580  102s
H   27    63                    13614.293928 13575.2228  0.29%  2671  115s
    62   111 13575.8695    6 1246 13614.2939 13575.2907  0.29%  1674  127s
   110   141 13576.1917    8 1326 13614.2939 13575.2907  0.29%  1433  142s
H  140   164                    13613.643650 13575.2907  0.28%  1649  160s
H  141   164                    13612.551815 13575.2907  0.27%  1677  160s
H  149   164                    13606.242338 13575.2907  0.23%  1788  160s
H  149   164                    13606.215004 13575.2907  0.23%  1788  160s
   163   237 13576.2060    9 1295 13606.2150 13575.2907  0.23%  1990  191s
   236   319 13577.2451   11 1335 13606.2150 13575.2907  0.23%  2131  224s
H  318   367                    13606.210039 13575.2907  0.23%  2274  259s
H  323   367                    13606.029346 13575.2907  0.23%  2257  259s
H  336   367                    13602.639167 13575.2907  0.20%  2287  259s
   366   443 13578.4715   18 1426 13602.6392 13575.2907  0.20%  2400  294s
H  379   443                    13593.179238 13575.2907  0.13%  2405  294s
   442   538 13579.3897   22 1364 13593.1792 13575.2907  0.13%  2440  333s
   537   649 13582.2194   31  910 13593.1792 13575.2907  0.13%  2510  366s
   648   754 13582.6192   35  907 13593.1792 13575.2907  0.13%  2605  396s
   753   962 13586.1560   41  867 13593.1792 13575.2907  0.13%  2693  429s
   961  1142 13585.9401   45  498 13593.1792 13575.2907  0.13%  2425  457s
  1141  1420 13586.4906   56  580 13593.1792 13575.2907  0.13%  2296  483s
H 1187  1412                    13589.145917 13575.2907  0.10%  2238  483s
H 1190  1412                    13589.121871 13575.2907  0.10%  2232  483s
H 1222  1412                    13589.005349 13575.2907  0.10%  2176  483s
H 1225  1412                    13588.960199 13575.2907  0.10%  2171  483s
H 1292  1409                    13588.856203 13575.2907  0.10%  2076  483s
H 1341  1392                    13588.025272 13575.2907  0.09%  2021  483s
H 1344  1368                    13587.821609 13575.2907  0.09%  2016  483s
H 1376  1131                    13586.160920 13575.2907  0.08%  1970  483s
  1419  1034     cutoff   72      13586.1609 13575.2907  0.08%  1969  511s
  1603  1126 13577.0489    8 1688 13586.1609 13575.3147  0.08%  1795  537s
  1731  1236 13577.9928   12 1533 13586.1609 13575.3147  0.08%  1735  563s
H 1786  1135                    13586.012571 13575.3147  0.08%  1736  563s
  1841  1238 13579.5187   18 1368 13586.0126 13575.3147  0.08%  1707  589s
H 1882  1236                    13585.995504 13575.3147  0.08%  1724  589s
  1944  1316 13583.1160   21 1069 13585.9955 13575.3147  0.08%  1702  626s
H 1978  1301                    13585.916124 13575.3147  0.08%  1736  626s
  2028  1412 13584.1234   24  983 13585.9161 13575.3147  0.08%  1731  652s
H 2081  1411                    13585.902785 13575.3147  0.08%  1756  652s
H 2094  1407                    13585.881120 13575.3147  0.08%  1745  652s
H 2097  1406                    13585.877198 13575.3147  0.08%  1743  652s
  2149  1482 13585.1249   26  929 13585.8772 13575.3147  0.08%  1737  679s
H 2167  1481                    13585.874210 13575.3147  0.08%  1743  679s
H 2174  1481                    13585.871620 13575.3147  0.08%  1751  679s
  2245  1552 13583.6803   30  845 13585.8716 13575.3147  0.08%  1734  712s
H 2330  1128                    13585.766671 13575.3147  0.08%  1718  785s
H 2330  1128                    13585.766082 13575.3147  0.08%  1718  786s
  2331  1125 13582.9378   21 1437 13585.7661 13575.3147  0.08%  1717  990s
  2333  1126 13576.8732   12 1836 13585.7661 13575.3147  0.08%  1716 1031s
  2334  1127 13585.3362   46 1499 13585.7661 13575.3147  0.08%  1715 1076s
  2335  1128 13575.5698    6 1747 13585.7661 13575.3147  0.08%  1714 1081s
  2336  1128 13580.9684   31 1712 13585.7661 13575.3147  0.08%  1714 1106s
  2337  1129 13576.8730   14 1342 13585.7661 13575.3147  0.08%  1713 1138s
  2338  1130 13581.8210   25 1384 13585.7661 13575.3147  0.08%  1712 1154s
  2339  1130 13578.0142   16 1404 13585.7661 13575.3147  0.08%  1711 1203s
  2340  1131 13585.5580   74 1583 13585.7661 13575.3147  0.08%  1711 1208s
  2341  1132 13584.6463   35 1518 13585.7661 13575.3147  0.08%  1710 1213s
  2342  1132 13577.2629   16 1516 13585.7661 13575.3150  0.08%  1709 1231s
  2343  1133 13582.0922   15 1510 13585.7661 13575.6920  0.07%  1708 1269s
  2344  1134 13580.6667   20 1579 13585.7661 13575.8045  0.07%  1708 1274s
  2345  1134 13585.2729   27 1583 13585.7661 13575.8469  0.07%  1707 1293s
  2346  1135 13583.1393   22 1612 13585.7661 13576.0050  0.07%  1706 1321s
  2348  1136 13576.3273    8 1738 13585.7661 13576.0112  0.07%  1705 1343s
  2349  1137 13577.1040    9 1476 13585.7661 13576.0281  0.07%  1704 1365s
  2350  1138 13576.4191    9 1488 13585.7661 13576.0942  0.07%  1703 1381s
  2351  1138 13578.6727   22 1492 13585.7661 13576.0942  0.07%  1703 1401s
  2353  1140 13581.5472   25 1502 13585.7661 13576.3489  0.07%  1701 1417s
  2354  1140 13578.2861   16 1540 13585.7661 13576.3489  0.07%  1701 1438s
  2355  1141 13584.3231   38 1575 13585.7661 13576.4272  0.07%  1700 1455s
  2356  1142 13576.4272    9 1523 13585.7661 13576.4272  0.07%  1699 1478s
  2357  1142 13576.4508    8 1614 13585.7661 13576.4508  0.07%  1698 1495s
  2358  1143 13576.4508   10 1520 13585.7661 13576.4508  0.07%  1698 1518s
  2359  1144 13582.6468   24 1561 13585.7661 13576.6491  0.07%  1697 1535s
  2360  1144 13579.4506   17 1506 13585.7661 13576.6491  0.07%  1696 1555s
  2361  1145 13582.8867   33 1545 13585.7661 13576.7276  0.07%  1695 1571s
  2362  1146 13576.7276    7 1512 13585.7661 13576.7276  0.07%  1695 1594s
  2363  1146 13576.8020   11 1529 13585.7661 13576.8020  0.07%  1694 1610s
  2364  1147 13576.8571    5 1497 13585.7661 13576.8571  0.07%  1693 1631s
  2365  1148 13579.4378   15 1492 13585.7661 13576.8571  0.07%  1693 1652s
  2366  1148 13578.9002   21 1492 13585.7661 13576.8571  0.07%  1692 1669s
  2367  1152 13576.8571   11 1396 13585.7661 13576.8571  0.07%  1810 1681s
  2369  1155 13576.8599   12 1449 13585.7661 13576.8571  0.07%  1812 1687s
  2373  1162 13577.0429   13 1508 13585.7661 13576.8571  0.07%  1816 1699s
  2381  1171 13577.2241   14 1532 13585.7661 13576.8571  0.07%  1828 1711s
  2393  1194 13577.4975   15 1443 13585.7661 13576.9258  0.07%  1842 1729s
  2420  1209 13577.9193   16 1683 13585.7661 13576.9575  0.06%  1869 1746s
  2444  1213 13578.0755   17 1712 13585.7661 13576.9575  0.06%  1889 1776s
  2456  1220 13580.8325   17 1482 13585.7661 13576.9575  0.06%  1892 1800s

Cutting planes:
  Gomory: 125
  Cover: 16
  Implied bound: 30
  MIR: 352
  Flow cover: 1365
  RLT: 10
  Relax-and-lift: 85

Explored 2469 nodes (4841249 simplex iterations) in 1800.39 seconds (1705.73 work units)
Thread count was 24 (of 24 available processors)

Solution count 10: 13585.8 13585.8 13585.8 ... 13585.9

Time limit reached
Best objective 1.358576608159e+04, best bound 1.357695753803e+04, gap 0.0648%
