
Gurobi 13.0.1 (win64) logging started Fri Oct  9 02:20:00 2026

Set parameter LogFile to value "ieee_owen\weak_eps_experiment\stochastic\main17_xi\logs\n60_S20_day20_ef_gurobi.log"
Set parameter NodefileStart to value 3
Set parameter MIPGap to value 0.0001
Gurobi Optimizer version 13.0.1 build v13.0.1rc0 (win64 - Windows 10.0 (19045.2))

CPU model: AMD Ryzen 9 5900X 12-Core Processor, instruction set [SSE2|AVX|AVX2]
Thread count: 12 physical cores, 24 logical processors, using up to 24 threads

Non-default parameters:
TimeLimit  1800
NodefileStart  3
LogToConsole  0

Optimize a model with 340064 rows, 343286 columns and 1462340 nonzeros (Min)
Model fingerprint: 0xe469d833
Model has 22 linear objective coefficients
Variable types: 289046 continuous, 54240 integer (54240 binary)
Coefficient statistics:
  Matrix range     [3e-04, 2e+02]
  Objective range  [5e-02, 1e+00]
  Bounds range     [1e-02, 6e+01]
  RHS range        [5e-02, 2e+01]

Presolve removed 152099 rows and 125307 columns
Presolve time: 3.37s
Presolved: 187965 rows, 217979 columns, 746044 nonzeros
Variable types: 169095 continuous, 48884 integer (48883 binary)
Found heuristic solution: objective 15311.824447
Deterministic concurrent LP optimizer: primal simplex, dual simplex, and barrier
Showing barrier log only...

Root barrier log...

Ordering time: 1.46s
Ordering time: 1.66s

Barrier statistics:
 Dense cols : 567
 Free vars  : 41
 AA' NZ     : 6.346e+05
 Factor NZ  : 3.441e+06 (roughly 180 MB of memory)
 Factor Ops : 5.803e+08 (less than 1 second per iteration)
 Threads    : 10

                  Objective                Residual
Iter       Primal          Dual         Primal    Dual     Compl     Time
   0   1.65355698e+00 -2.26481355e+04  4.73e+03 6.40e+01  1.60e+00     8s
   1  -2.58998130e+04 -2.28964476e+04  4.70e+03 5.77e+01  1.61e+00     8s
   2   1.23587784e+05 -2.28142408e+04  4.37e+03 5.18e+01  1.59e+00     8s
   3  -1.58242080e+05 -2.38992422e+04  3.10e+03 4.54e+01  1.12e+00     8s
   4  -2.13625960e+05 -2.37782690e+04  2.47e+03 3.88e+01  8.81e-01     8s
   5  -1.93800476e+05 -2.25057457e+04  1.70e+03 2.81e+01  6.00e-01     8s
   6  -9.57180435e+04 -1.70793535e+04  8.10e+02 1.48e+01  3.04e-01     8s
   7  -6.83463862e+04 -1.01628177e+04  5.60e+02 5.59e+00  2.02e-01     9s
   8  -4.96285217e+04 -6.09576814e+03  4.18e+02 3.66e+00  1.49e-01     9s
   9  -3.86323006e+04 -3.84845673e+03  3.37e+02 2.82e+00  1.20e-01     9s
  10  -3.22310525e+04 -2.26220691e+03  2.91e+02 2.28e+00  1.03e-01     9s
  11  -2.50659521e+04 -1.62338769e+03  2.40e+02 2.09e+00  8.75e-02     9s
  12  -1.61209569e+04  1.16832434e+03  1.77e+02 1.42e+00  6.39e-02     9s
  13  -6.46401997e+03  4.58273993e+03  1.08e+02 7.30e-01  3.75e-02     9s
  14  -2.73870259e+03  5.87169236e+03  8.53e+01 5.54e-01  2.95e-02     9s
  15  -3.08664361e+02  6.33472626e+03  7.10e+01 5.01e-01  2.55e-02     9s
  16   6.68956847e+02  6.82126739e+03  6.52e+01 4.47e-01  2.33e-02     9s
  17   2.29622352e+03  7.20337558e+03  5.52e+01 4.03e-01  2.03e-02     9s
  18   3.72483053e+03  7.90439881e+03  4.63e+01 3.25e-01  1.69e-02    10s
  19   4.90997878e+03  8.40258010e+03  3.87e+01 2.73e-01  1.41e-02    10s
  20   5.50063293e+03  8.63971863e+03  3.50e+01 2.49e-01  1.28e-02    10s
  21   6.27420785e+03  8.93720995e+03  3.00e+01 2.21e-01  1.12e-02    10s
  22   6.72200932e+03  9.12973354e+03  2.73e+01 2.03e-01  1.02e-02    10s
  23   7.61715255e+03  9.51759125e+03  2.21e+01 1.70e-01  8.45e-03    10s
  24   8.29107831e+03  9.75712833e+03  1.81e+01 1.48e-01  7.15e-03    10s
  25   8.66189995e+03  9.81573297e+03  1.60e+01 1.44e-01  6.63e-03    10s
  26   9.13261740e+03  1.01834426e+04  1.34e+01 1.14e-01  5.41e-03    11s
  27   9.25340577e+03  1.03007032e+04  1.27e+01 1.08e-01  5.13e-03    11s
  28   9.26403334e+03  1.05003678e+04  1.26e+01 1.06e-01  5.07e-03    11s
  29   9.27562455e+03  1.07037237e+04  1.26e+01 1.05e-01  5.05e-03    11s
  30   9.28095712e+03  1.06920704e+04  1.25e+01 1.05e-01  5.05e-03    11s
  31   9.60382212e+01 -2.26481355e+08  2.75e+05 6.40e+01  8.98e+05    11s
  32   4.19404866e+07 -2.51876366e+08  3.05e+04 3.22e+02  1.13e+05    12s
  33   3.80230862e+07 -2.50794778e+08  2.82e+03 8.41e+01  1.15e+04    12s
  34   3.44085500e+07 -2.00868353e+08  3.97e+02 2.72e+00  1.77e+03    12s
  35   1.32390977e+07 -1.17596194e+08  9.07e+01 1.22e-01  4.94e+02    12s
  36   4.73650217e+06 -4.33262523e+07  3.21e+01 8.42e-04  1.50e+02    12s
  37   3.58514177e+05 -1.13728342e+07  2.27e+00 4.06e-04  2.49e+01    13s
  38   5.34290488e+04 -3.24495830e+06  2.92e-01 4.49e-04  6.47e+00    13s
  39   2.94553059e+04 -7.12532542e+05  1.37e-01 9.40e-05  1.44e+00    13s
  40   2.81709159e+04 -6.25553834e+05  9.40e-02 8.26e-05  1.27e+00    13s
  41   2.57075598e+04 -3.44960628e+05  5.89e-02 5.49e-05  7.19e-01    13s
  42   2.37102852e+04 -1.84458249e+05  4.07e-02 3.91e-05  4.03e-01    13s
  43   2.23136642e+04 -1.03723271e+05  3.02e-02 2.48e-05  2.44e-01    13s
  44   2.07857194e+04 -6.89197200e+04  2.15e-02 1.77e-05  1.74e-01    13s
  45   1.97497160e+04 -4.03504762e+04  1.67e-02 1.21e-05  1.16e-01    13s
  46   1.89681858e+04 -2.97805837e+04  1.38e-02 9.95e-06  9.43e-02    13s
  47   1.82486126e+04 -1.76132954e+04  1.14e-02 7.38e-06  6.93e-02    13s
  48   1.76338733e+04 -1.09292235e+04  9.54e-03 1.29e-05  5.52e-02    13s
  49   1.68305095e+04 -5.10339225e+03  7.42e-03 5.55e-05  4.24e-02    14s
  50   1.61406389e+04 -8.19966688e+02  5.82e-03 5.28e-05  3.28e-02    14s
  51   1.55076967e+04  2.46030977e+03  4.53e-03 4.03e-05  2.52e-02    14s
  52   1.50150755e+04  4.39578370e+03  3.68e-03 3.36e-05  2.05e-02    14s
  53   1.46508267e+04  5.35291237e+03  3.09e-03 2.97e-05  1.80e-02    14s
  54   1.43722017e+04  6.97089340e+03  2.66e-03 2.28e-05  1.43e-02    14s
  55   1.40562128e+04  7.73964665e+03  2.21e-03 1.96e-05  1.22e-02    14s
  56   1.39298803e+04  8.48111633e+03  2.04e-03 1.63e-05  1.05e-02    14s
  57   1.37697830e+04  8.83613369e+03  1.82e-03 1.66e-05  9.54e-03    14s
  58   1.34732577e+04  9.46926729e+03  1.42e-03 3.79e-05  7.74e-03    14s
  59   1.33850229e+04  9.98104051e+03  1.31e-03 4.65e-05  6.58e-03    14s
  60   1.32425496e+04  1.03952234e+04  1.14e-03 4.54e-05  5.50e-03    14s
  61   1.31637576e+04  1.05098575e+04  1.05e-03 4.99e-05  5.13e-03    14s
  62   1.30383758e+04  1.07584078e+04  9.10e-04 5.26e-05  4.41e-03    15s
  63   1.29355033e+04  1.08922682e+04  7.94e-04 4.83e-05  3.95e-03    15s
  64   1.28893524e+04  1.12032616e+04  7.41e-04 3.75e-05  3.26e-03    15s
  65   1.28631222e+04  1.13313697e+04  7.10e-04 3.28e-05  2.96e-03    15s
  66   1.26811656e+04  1.14719031e+04  5.00e-04 2.74e-05  2.34e-03    15s
  67   1.26575685e+04  1.14902877e+04  4.75e-04 2.67e-05  2.26e-03    15s
  68   1.25915229e+04  1.15841213e+04  4.02e-04 2.32e-05  1.95e-03    15s
  69   1.25450559e+04  1.17081339e+04  3.52e-04 1.84e-05  1.62e-03    15s
  70   1.24773407e+04  1.18324711e+04  2.76e-04 1.44e-05  1.25e-03    15s
  71   1.24074031e+04  1.18910302e+04  2.03e-04 1.28e-05  9.98e-04    15s
  72   1.23619501e+04  1.19452647e+04  1.56e-04 1.12e-05  8.05e-04    15s
  73   1.23432804e+04  1.19752842e+04  1.37e-04 1.03e-05  7.11e-04    15s
  74   1.23083835e+04  1.20197600e+04  1.03e-04 8.72e-06  5.58e-04    15s
  75   1.22663794e+04  1.20435620e+04  6.21e-05 7.68e-06  4.31e-04    16s
  76   1.22583429e+04  1.20603298e+04  5.45e-05 7.14e-06  3.83e-04    16s
  77   1.22356881e+04  1.21103862e+04  3.39e-05 4.48e-06  2.42e-04    16s
  78   1.22186208e+04  1.21511973e+04  1.87e-05 2.14e-06  1.30e-04    16s
  79   1.22079236e+04  1.21626608e+04  9.78e-06 2.42e-06  8.75e-05    16s
  80   1.22021287e+04  1.21742598e+04  4.77e-06 1.66e-06  5.39e-05    16s
  81   1.22004668e+04  1.21784565e+04  3.48e-06 1.29e-06  4.25e-05    16s
  82   1.21987579e+04  1.21877968e+04  2.14e-06 5.84e-07  2.12e-05    16s
  83   1.21979930e+04  1.21916508e+04  1.58e-06 2.95e-07  1.23e-05    16s
  84   1.21974705e+04  1.21931897e+04  1.19e-06 1.85e-07  8.27e-06    16s
  85   1.21968920e+04  1.21943496e+04  7.64e-07 9.64e-08  4.91e-06    17s
  86   1.21963265e+04  1.21947667e+04  3.41e-07 7.91e-08  3.01e-06    17s
  87   1.21959596e+04  1.21953132e+04  8.63e-08 3.79e-08  1.25e-06    17s
  88   1.21958883e+04  1.21956378e+04  4.25e-08 1.32e-08  4.84e-07    17s
  89   1.21958284e+04  1.21957565e+04  5.71e-09 4.82e-09  1.39e-07    17s
  90   1.21958175e+04  1.21958157e+04  5.03e-10 6.89e-10  3.46e-09    17s
  91   1.21958164e+04  1.21958164e+04  5.57e-10 1.32e-11  1.26e-10    17s

Barrier solved model in 91 iterations and 17.30 seconds (17.12 work units)
Optimal objective 1.21958164e+04


Root crossover log...

   63947 DPushes remaining with DInf 0.0000000e+00                17s
       0 DPushes remaining with DInf 0.0000000e+00                18s

   34600 PPushes remaining with PInf 3.4800346e-04                18s
       0 PPushes remaining with PInf 0.0000000e+00                20s

  Push phase complete: Pinf 0.0000000e+00, Dinf 2.6920782e-11     20s


Root simplex log...

Iteration    Objective       Primal Inf.    Dual Inf.      Time
   96233    1.2195816e+04   0.000000e+00   0.000000e+00     20s
Crossover time: 2.34 seconds (2.39 work units)
Concurrent spin time: 2.37s (can be avoided by choosing Method=3)

Solved with barrier
   96233    1.2195816e+04   0.000000e+00   0.000000e+00     22s

Root relaxation: objective 1.219582e+04, 96233 iterations, 17.03 seconds (13.02 work units)

    Nodes    |    Current Node    |     Objective Bounds      |     Work
 Expl Unexpl |  Obj  Depth IntInf | Incumbent    BestBd   Gap | It/Node Time

     0     0 12195.8164    0 1552 15311.8244 12195.8164  20.4%     -   26s
H    0     0                    12329.231971 12195.8164  1.08%     -   29s
     0     0 12196.7054    0 1356 12329.2320 12196.7054  1.07%     -   34s
     0     0 12196.7135    0 1269 12329.2320 12196.7135  1.07%     -   36s
     0     0 12197.0704    0 1255 12329.2320 12197.0704  1.07%     -   40s
H    0     0                    12238.599995 12197.0754  0.34%     -   44s
     0     0 12197.0754    0 1255 12238.6000 12197.0754  0.34%     -   44s
     0     0 12197.0810    0 1245 12238.6000 12197.0810  0.34%     -   48s
     0     0 12197.0850    0 1245 12238.6000 12197.0850  0.34%     -   48s
     0     0 12197.0850    0 1243 12238.6000 12197.0850  0.34%     -   50s
     0     0 12197.0850    0 1243 12238.6000 12197.0850  0.34%     -   51s
     0     0 12197.0850    0 1244 12238.6000 12197.0850  0.34%     -   54s
     0     0 12197.0850    0 1182 12238.6000 12197.0850  0.34%     -   55s
     0     0 12197.0868    0 1184 12238.6000 12197.0868  0.34%     -   57s
     0     0 12197.0868    0 1268 12238.6000 12197.0868  0.34%     -   60s
     0     0 12197.0868    0 1224 12238.6000 12197.0868  0.34%     -   61s
     0     0 12197.0868    0 1225 12238.6000 12197.0868  0.34%     -   62s
     0     0 12197.0868    0 1222 12238.6000 12197.0868  0.34%     -   64s
     0     0 12197.0868    0 1197 12238.6000 12197.0868  0.34%     -   65s
     0     0 12197.0868    0 1197 12238.6000 12197.0868  0.34%     -   66s
     0     0 12197.0868    0 1197 12238.6000 12197.0868  0.34%     -   67s
     0     2 12197.0868    0 1197 12238.6000 12197.0868  0.34%     -   68s
     1     4 12197.2112    1 1151 12238.6000 12197.0909  0.34%  2695   70s
     7    16 12197.7231    3 1158 12238.6000 12197.1284  0.34%  1067   77s
    15    28 12198.3521    4 1212 12238.6000 12197.1388  0.34%  1492   84s
    27    42 12198.8730    5 1172 12238.6000 12197.2384  0.34%  1639   91s
H   41    61                    12236.783739 12197.2384  0.32%  1712   99s
H   52    61                    12230.095332 12197.2384  0.27%  1498   99s
    60    89 12198.9621    9  980 12230.0953 12197.2384  0.27%  1502  105s
    88   120 12198.9621   10  934 12230.0953 12197.2384  0.27%  1253  113s
   119   174 12198.9621   12  965 12230.0953 12197.2384  0.27%  1092  133s
   173   198 12202.6649   17  812 12230.0953 12197.2384  0.27%  1255  158s
H  180   198                    12230.071062 12197.2384  0.27%  1415  158s
   197   236 12200.3246   18  986 12230.0711 12197.2384  0.27%  1518  183s
H  199   236                    12230.064667 12197.2384  0.27%  1584  183s
H  204   236                    12221.131434 12197.2384  0.20%  1696  183s
   235   248 12200.9448   19  933 12221.1314 12197.2384  0.20%  1840  262s
H  240   248                    12220.530718 12197.2384  0.19%  1829  262s
H  241   248                    12213.143050 12197.2384  0.13%  1829  262s
H  243   248                    12212.684231 12197.2384  0.13%  1849  262s
H  245   248                    12212.037320 12197.2384  0.12%  1848  262s
   247   306 12201.2644   19  868 12212.0373 12197.2384  0.12%  1919  303s
   305   389 12203.7145   25  793 12212.0373 12197.2384  0.12%  2477  343s
H  388   517                    12212.034915 12197.2384  0.12%  3058  390s
H  397   517                    12212.019671 12197.2384  0.12%  3049  390s
H  511   517                    12212.008672 12197.2384  0.12%  2852  391s
   516   763 12208.8567   33  396 12212.0087 12197.2384  0.12%  2870  439s
H  589   763                    12209.072589 12197.2384  0.10%  2652  439s
H  600   763                    12208.957789 12197.2384  0.10%  2608  439s
H  603   763                    12208.896411 12197.2384  0.10%  2600  439s
H  657   763                    12208.566218 12197.2384  0.09%  2445  439s
H  660   763                    12208.499130 12197.2384  0.09%  2434  439s
H  668   763                    12208.209952 12197.2384  0.09%  2417  439s
   771   726     cutoff   53      12208.2100 12197.3062  0.09%  2289  486s
H  829   726                    12207.974407 12197.3148  0.09%  2254  486s
   879   794 12200.9571    9  877 12207.9744 12197.3148  0.09%  2221  528s
  1039   862 12206.4281   11  859 12207.9744 12197.3148  0.09%  2083  566s
  1175  1002 12205.4847   12  935 12207.9744 12197.3148  0.09%  2009  613s
  1325  1128 12206.9256   12  667 12207.9744 12197.3148  0.09%  1887  656s
H 1412  1067                    12207.742942 12197.3148  0.09%  1830  656s
H 1415  1066                    12207.730054 12197.3148  0.09%  1826  656s
H 1505  1061                    12207.684342 12197.3588  0.08%  1775  656s
  1528  1195 12206.6514   12  876 12207.6843 12197.3588  0.08%  1762  695s
H 1589  1195                    12207.674262 12197.3645  0.08%  1751  695s
H 1673  1193                    12207.628203 12197.4125  0.08%  1704  695s
  1700  1365 12200.8323    9  823 12207.6282 12197.4125  0.08%  1690  740s
H 1819  1362                    12207.617914 12197.5598  0.08%  1629  741s
H 1897  1124                    12207.570856 12197.5598  0.08%  1607  741s
  1956  1101 12206.1841   13  543 12207.5709 12197.5598  0.08%  1571  790s
  2073  1131 12198.0024    6 1113 12207.5709 12197.6114  0.08%  1595  837s
  2170  1249 12206.6667   11  671 12207.5709 12197.6114  0.08%  1625  885s
  2381  1303 12204.0239    9  825 12207.5709 12197.7801  0.08%  1586  935s
* 2452   873             410    12207.521382 12197.7801  0.08%  1637  935s
  2468   859 12198.9359   13 1197 12207.5214 12197.7801  0.08%  1645 1115s
  2470   860 12198.0552   14 1808 12207.5214 12197.7801  0.08%  1644 1152s
  2471   861 12198.1123    9 1210 12207.5214 12197.7801  0.08%  1643 1188s
  2472   862 12201.2414   13 1302 12207.5214 12197.7801  0.08%  1643 1191s
  2473   862 12201.4005   14 1303 12207.5214 12197.7801  0.08%  1642 1207s
  2474   863 12206.9429   24 1183 12207.5214 12197.7801  0.08%  1641 1231s
  2475   864 12200.7743   10 1198 12207.5214 12197.7801  0.08%  1641 1248s
  2476   864 12201.2414   13 1173 12207.5214 12197.7801  0.08%  1640 1271s
  2477   865 12197.9310   13 1198 12207.5214 12197.7801  0.08%  1639 1289s
  2478   866 12202.6466   13 1173 12207.5214 12197.7801  0.08%  1639 1308s
  2479   866 12201.8794   24 1175 12207.5214 12197.7801  0.08%  1638 1322s
  2480   867 12207.3521   54 1262 12207.5214 12197.7801  0.08%  1637 1343s
  2481   868 12204.2000   13 1272 12207.5214 12197.7801  0.08%  1637 1357s
  2482   868 12206.3717   21 1286 12207.5214 12197.7801  0.08%  1636 1378s
  2483   869 12198.0435   10 1268 12207.5214 12197.7801  0.08%  1635 1392s
  2484   870 12198.0722   11 1271 12207.5214 12197.7801  0.08%  1635 1409s
  2485   870 12200.9977   22 1273 12207.5214 12197.7801  0.08%  1634 1422s
  2486   871 12198.3362    8 1273 12207.5214 12197.7801  0.08%  1633 1440s
  2487   872 12204.1605   10 1407 12207.5214 12197.7801  0.08%  1633 1456s
  2488   872 12207.3521   52 1255 12207.5214 12197.7801  0.08%  1632 1472s
  2489   873 12198.0198   16 1255 12207.5214 12197.7801  0.08%  1631 1489s
  2490   874 12206.1133   20 1255 12207.5214 12197.7801  0.08%  1631 1499s
  2491   877 12197.7801   14 1277 12207.5214 12197.7801  0.08%  1713 1508s
  2493   881 12197.9541   15 1346 12207.5214 12197.7801  0.08%  1714 1516s
  2497   887 12198.7135   16 1559 12207.5214 12197.9551  0.08%  1721 1529s
  2505   897 12201.5071   17 1353 12207.5214 12198.0472  0.08%  1745 1542s
  2517   919 12201.9431   18 1108 12207.5214 12198.4989  0.07%  1761 1568s
  2543   922 12202.7003   20 1068 12207.5214 12198.4993  0.07%  1789 1587s
  2557   928 12204.9029   20 1200 12207.5214 12198.4993  0.07%  1823 1615s
  2568   935 12204.5346   21 1255 12207.5214 12198.4993  0.07%  1850 1645s
  2580   934 12205.5011   21  946 12207.5214 12198.4993  0.07%  1875 1670s
  2603   943 12204.6794   22 1242 12207.5214 12198.4993  0.07%  1886 1691s
  2629   946 12205.2277   23 1344 12207.5214 12198.4993  0.07%  1906 1712s
  2656   940 12205.7002   24  933 12207.5214 12198.7576  0.07%  1933 1745s
  2676   930     cutoff   24      12207.5214 12198.7576  0.07%  1936 1763s
  2709   921     cutoff   27      12207.5214 12198.9671  0.07%  1953 1790s
  2729   916 12206.1090   19  792 12207.5214 12199.8992  0.06%  1976 1800s

Cutting planes:
  Gomory: 105
  Cover: 23
  Implied bound: 17
  Clique: 1
  MIR: 207
  Mixing: 5
  Flow cover: 964
  Network: 1
  RLT: 1
  Relax-and-lift: 91

Explored 2739 nodes (5554738 simplex iterations) in 1800.34 seconds (1740.03 work units)
Thread count was 24 (of 24 available processors)

Solution count 10: 12207.5 12207.5 12207.6 ... 12207.7

Time limit reached
Best objective 1.220752138225e+04, best bound 1.219989919534e+04, gap 0.0624%
