
Gurobi 13.0.1 (win64) logging started Thu Oct  8 00:21:53 2026

Set parameter LogFile to value "ieee_owen\weak_eps_experiment\stochastic\main17_xi\logs\n60_S20_day4_ef_gurobi.log"
Set parameter NodefileStart to value 3
Set parameter MIPGap to value 0.0001
Gurobi Optimizer version 13.0.1 build v13.0.1rc0 (win64 - Windows 10.0 (19045.2))

CPU model: AMD Ryzen 9 5900X 12-Core Processor, instruction set [SSE2|AVX|AVX2]
Thread count: 12 physical cores, 24 logical processors, using up to 24 threads

Non-default parameters:
TimeLimit  1800
NodefileStart  3
LogToConsole  0

Optimize a model with 340064 rows, 343286 columns and 1462340 nonzeros (Min)
Model fingerprint: 0x8f05753b
Model has 22 linear objective coefficients
Variable types: 289046 continuous, 54240 integer (54240 binary)
Coefficient statistics:
  Matrix range     [3e-04, 2e+02]
  Objective range  [5e-02, 1e+00]
  Bounds range     [1e-02, 6e+01]
  RHS range        [5e-02, 2e+01]

Presolve removed 152062 rows and 125257 columns
Presolve time: 3.35s
Presolved: 188002 rows, 218029 columns, 746213 nonzeros
Variable types: 169130 continuous, 48899 integer (48898 binary)
Found heuristic solution: objective 14239.403583
Deterministic concurrent LP optimizer: primal simplex, dual simplex, and barrier
Showing barrier log only...

Root barrier log...

Ordering time: 1.99s
Ordering time: 2.18s

Barrier statistics:
 Dense cols : 567
 Free vars  : 41
 AA' NZ     : 6.347e+05
 Factor NZ  : 3.434e+06 (roughly 180 MB of memory)
 Factor Ops : 5.745e+08 (less than 1 second per iteration)
 Threads    : 10

                  Objective                Residual
Iter       Primal          Dual         Primal    Dual     Compl     Time
   0   1.68482146e+00 -2.26146314e+04  4.82e+03 6.40e+01  1.63e+00     9s
   1  -2.58097926e+04 -2.30066874e+04  4.79e+03 5.70e+01  1.64e+00     9s
   2   4.76446280e+04 -2.30034245e+04  4.60e+03 5.35e+01  1.63e+00     9s
   3   7.89873055e+04 -2.45649169e+04  3.01e+03 4.49e+01  1.24e+00     9s
   4   2.12929099e+04 -2.50587249e+04  2.81e+03 4.07e+01  1.19e+00     9s
   5  -8.75236081e+04 -2.52104649e+04  2.06e+03 3.36e+01  8.50e-01     9s
   6  -1.18593574e+05 -2.42363808e+04  1.48e+03 2.73e+01  5.90e-01     9s
   7  -4.33757426e+04 -1.92386984e+04  6.17e+02 6.11e+00  2.93e-01    10s
   8  -3.60590596e+04 -1.24127084e+04  5.00e+02 2.59e+00  2.27e-01    10s
   9  -2.57450125e+04 -8.11944317e+03  3.67e+02 1.69e+00  1.65e-01    10s
  10  -1.76895967e+04 -5.31766035e+03  2.74e+02 1.24e+00  1.25e-01    10s
  11  -1.29229381e+04 -2.88810126e+03  2.22e+02 9.27e-01  1.00e-01    10s
  12  -7.31384401e+03  8.57513310e+02  1.62e+02 5.20e-01  7.03e-02    10s
  13  -1.12375649e+03  3.30544933e+03  9.72e+01 3.40e-01  4.28e-02    10s
  14   2.13578019e+03  5.29882459e+03  6.61e+01 2.08e-01  2.85e-02    10s
  15   5.21586023e+03  6.90586472e+03  4.01e+01 1.26e-01  1.75e-02    10s
  16   6.18992739e+03  7.66687805e+03  3.25e+01 9.52e-02  1.40e-02    11s
  17   7.03699228e+03  8.11127004e+03  2.62e+01 7.95e-02  1.15e-02    11s
  18   7.62088661e+03  8.47224120e+03  2.20e+01 6.70e-02  9.70e-03    11s
  19   7.91986650e+03  8.76214819e+03  1.96e+01 5.68e-02  8.49e-03    11s
  20   8.45978540e+03  8.98505727e+03  1.52e+01 4.92e-02  6.84e-03    11s
  21   8.69052656e+03  9.10296664e+03  1.34e+01 4.56e-02  6.17e-03    11s
  22   8.77425401e+03  9.44541703e+03  1.28e+01 3.89e-02  5.61e-03    11s
  23   8.79968882e+03  9.67944786e+03  1.26e+01 3.80e-02  5.51e-03    11s
  24   8.82524638e+03  9.80752211e+03  1.25e+01 3.78e-02  5.45e-03    11s
  25   8.86246427e+03  9.83293155e+03  1.22e+01 3.67e-02  5.34e-03    12s
  26   8.88149396e+03  9.81770081e+03  1.22e+01 3.54e-02  5.26e-03    12s
  27   9.00001797e+03  9.69868631e+03  1.15e+01 3.24e-02  4.94e-03    12s
  28   9.23919172e+03  9.91459057e+03  1.02e+01 2.96e-02  4.47e-03    12s
  29   9.56653218e+03  1.00417909e+04  8.44e+00 2.26e-02  3.76e-03    12s
  30   9.86226530e+03  1.02528087e+04  7.00e+00 1.89e-02  3.23e-03    12s
  31   1.02292260e+04  1.06253289e+04  5.04e+00 1.18e-02  2.20e-03    13s
  32   1.06142118e+04  1.07107258e+04  2.95e+00 1.00e-02  1.56e-03    13s
  33   1.07399613e+04  1.09120043e+04  2.32e+00 5.80e-03  1.05e-03    13s
  34   1.07920259e+04  1.09369936e+04  2.04e+00 5.28e-03  9.42e-04    13s
  35   1.08766386e+04  1.10089317e+04  1.61e+00 3.80e-03  7.12e-04    13s
  36   1.10363571e+04  1.10631976e+04  8.22e-01 2.65e-03  4.44e-04    13s
  37   1.11124758e+04  1.11071649e+04  4.41e-01 1.77e-03  2.78e-04    13s
  38   1.11524163e+04  1.11524552e+04  2.39e-01 8.36e-04  1.45e-04    13s
  39   1.11696898e+04  1.11712693e+04  1.50e-01 4.83e-04  8.79e-05    14s
  40   1.11714413e+04  1.11765199e+04  1.41e-01 3.82e-04  7.56e-05    14s
  41   1.11843719e+04  1.11853023e+04  7.56e-02 2.24e-04  4.41e-05    14s
  42   1.11919365e+04  1.11921212e+04  3.61e-02 1.04e-04  2.16e-05    14s
  43   1.11935925e+04  1.11943522e+04  2.73e-02 6.69e-05  1.51e-05    14s
  44   1.11956043e+04  1.11955836e+04  1.63e-02 4.69e-05  9.98e-06    14s
  45   1.11974265e+04  1.11974750e+04  6.53e-03 1.61e-05  3.88e-06    14s
  46   1.11982572e+04  1.11981144e+04  1.91e-03 6.50e-06  1.44e-06    14s
  47   1.11984144e+04  1.11984335e+04  1.01e-03 2.01e-06  5.80e-07    14s
  48   1.11985346e+04  1.11984869e+04  3.29e-04 1.28e-06  2.94e-07    14s
  49   1.11985871e+04  1.11985458e+04  2.42e-05 5.26e-07  9.55e-08    14s
  50   1.11985896e+04  1.11985807e+04  2.11e-06 8.83e-08  1.87e-08    14s
  51   1.11985892e+04  1.11985891e+04  4.82e-09 6.74e-10  1.34e-10    14s

Barrier solved model in 51 iterations and 14.49 seconds (12.98 work units)
Optimal objective 1.11985892e+04


Root crossover log...

   57692 DPushes remaining with DInf 0.0000000e+00                15s
   17511 DPushes remaining with DInf 0.0000000e+00                15s
       0 DPushes remaining with DInf 0.0000000e+00                16s

   35391 PPushes remaining with PInf 1.4163626e-05                16s
       0 PPushes remaining with PInf 0.0000000e+00                17s

  Push phase complete: Pinf 0.0000000e+00, Dinf 2.6896208e-11     17s


Root simplex log...

Iteration    Objective       Primal Inf.    Dual Inf.      Time
   81993    1.1198589e+04   0.000000e+00   0.000000e+00     17s
Crossover time: 2.21 seconds (2.00 work units)
Concurrent spin time: 0.23s

Solved with barrier
   81993    1.1198589e+04   0.000000e+00   0.000000e+00     17s

Root relaxation: objective 1.119859e+04, 81993 iterations, 11.75 seconds (8.53 work units)

    Nodes    |    Current Node    |     Objective Bounds      |     Work
 Expl Unexpl |  Obj  Depth IntInf | Incumbent    BestBd   Gap | It/Node Time

     0     0 11198.5892    0 1242 14239.4036 11198.5892  21.4%     -   21s
H    0     0                    11239.028866 11198.5892  0.36%     -   24s
     0     0 11198.8401    0 1273 11239.0289 11198.8401  0.36%     -   29s
H    0     0                    11229.231711 11198.8443  0.27%     -   32s
     0     0 11199.0473    0 1367 11229.2317 11199.0473  0.27%     -   36s
     0     0 11199.0485    0 1276 11229.2317 11199.0485  0.27%     -   41s
     0     0 11199.0485    0 1336 11229.2317 11199.0485  0.27%     -   45s
     0     0 11199.0492    0 1371 11229.2317 11199.0492  0.27%     -   48s
     0     0 11199.0492    0 1452 11229.2317 11199.0492  0.27%     -   53s
     0     0 11199.0492    0 1452 11229.2317 11199.0492  0.27%     -   54s
     0     0 11199.0492    0 1355 11229.2317 11199.0492  0.27%     -   58s
     0     0 11199.0495    0 1354 11229.2317 11199.0495  0.27%     -   58s
     0     0 11199.0495    0 1318 11229.2317 11199.0495  0.27%     -   62s
     0     0 11199.0495    0  975 11229.2317 11199.0495  0.27%     -   64s
     0     0 11199.0495    0 1097 11229.2317 11199.0495  0.27%     -   66s
     0     0 11199.0495    0 1053 11229.2317 11199.0495  0.27%     -   69s
     0     0 11199.0495    0  987 11229.2317 11199.0495  0.27%     -   71s
H    0     0                    11217.743735 11199.0495  0.17%     -   73s
     0     0 11199.0495    0  987 11217.7437 11199.0495  0.17%     -   74s
     0     0 11199.0495    0  944 11217.7437 11199.0495  0.17%     -   76s
     0     0 11199.0495    0  944 11217.7437 11199.0495  0.17%     -   76s
     0     0 11199.0495    0  944 11217.7437 11199.0495  0.17%     -   77s
     0     0 11199.0495    0  943 11217.7437 11199.0495  0.17%     -   78s
     0     0 11199.0495    0  864 11217.7437 11199.0495  0.17%     -   79s
     0     2 11199.0495    0  864 11217.7437 11199.0495  0.17%     -   82s
     3     8 11199.1007    2 1010 11217.7437 11199.0561  0.17%  1836   88s
     7    16 11199.2150    3  857 11217.7437 11199.0782  0.17%  2153   94s
    15    28 11201.0817    4  873 11217.7437 11199.0943  0.17%  2366  101s
H   27    66                    11217.737531 11199.1673  0.17%  2675  114s
H   43    66                    11217.734367 11199.1673  0.17%  1941  114s
H   63    66                    11215.292684 11199.1673  0.14%  1718  114s
    65   189 11201.3049    6 1102 11215.2927 11199.1673  0.14%  1744  132s
H  174   189                    11215.281656 11199.1673  0.14%   977  132s
   188   319 11201.3052   16 1017 11215.2817 11199.1673  0.14%   935  153s
H  256   319                    11212.787231 11199.1673  0.12%  1080  153s
   318   467 11201.3052   21  812 11212.7872 11199.1673  0.12%  1063  188s
H  408   467                    11206.239013 11199.1673  0.06%  1114  188s
   466   479 11201.8001   27  735 11206.2390 11199.1673  0.06%  1126  280s
H  473   479                    11203.739933 11199.1673  0.04%  1137  280s
   478   624 11201.8001   28  713 11203.7399 11199.1673  0.04%  1135  330s
H  507   624                    11203.735356 11199.1673  0.04%  1186  330s
H  589   624                    11203.713164 11199.1874  0.04%  1381  330s
H  646   873                    11203.713141 11199.1874  0.04%  1494  410s
   983  1175 11199.9534   17  663 11203.7131 11199.2033  0.04%  1419  511s
H 1120  1173                    11203.692414 11199.2033  0.04%  1542  511s
H 1192  1162                    11203.545340 11199.2033  0.04%  1535  511s
H 1195  1162                    11203.536000 11199.2033  0.04%  1531  511s
  1343  1849 11202.3899   26  409 11203.5360 11199.2033  0.04%  1533  616s
H 2145  1710                    11203.342843 11199.2033  0.04%  1185  673s
H 2145  1710                    11203.337309 11199.2033  0.04%  1185  674s
H 2145  1689                    11203.306689 11199.2033  0.04%  1185  674s
H 2145  1684                    11203.302414 11199.2033  0.04%  1185  675s
H 2145  1684                    11203.300584 11199.2033  0.04%  1185  675s
H 2145  1684                    11203.300305 11199.2033  0.04%  1185  675s
H 2145  1639                    11203.234178 11199.2033  0.04%  1185  679s
H 2145  1485                    11203.224021 11199.2033  0.04%  1185  680s
H 2145  1481                    11203.206771 11199.2033  0.04%  1185  680s
H 2145  1481                    11203.206742 11199.2033  0.04%  1185  680s
H 2145  1457                    11203.148174 11199.2033  0.04%  1185  688s
H 2145  1457                    11203.146344 11199.2033  0.04%  1185  688s
H 2145  1457                    11203.145733 11199.2033  0.04%  1185  688s
H 2145  1444                    11203.115899 11199.2033  0.03%  1185  696s
H 2145  1444                    11203.115682 11199.2033  0.03%  1185  696s
H 2145  1410                    11203.075168 11199.2033  0.03%  1185  705s
H 2145  1410                    11203.073337 11199.2033  0.03%  1185  705s
H 2145  1410                    11203.073059 11199.2033  0.03%  1185  705s
H 2145  1404                    11203.045310 11199.2033  0.03%  1185  710s
  2146  1384 11201.9188   39  864 11203.0453 11199.2033  0.03%  1185  896s
  2148  1385 11201.2617   27 1691 11203.0453 11199.2033  0.03%  1183  940s
  2149  1386 11202.8089   39  945 11203.0453 11199.2033  0.03%  1183  984s
  2150  1387 11201.3080   11  929 11203.0453 11199.2033  0.03%  1182  992s
  2151  1387 11202.6488   53  819 11203.0453 11199.2033  0.03%  1182 1005s
  2152  1388 11202.1104   57  833 11203.0453 11199.2033  0.03%  1181 1035s
  2153  1389 11200.6705   18  858 11203.0453 11199.2033  0.03%  1181 1053s
  2154  1389 11201.3052   25  795 11203.0453 11199.2033  0.03%  1180 1084s
  2155  1390 11200.6261   16 1274 11203.0453 11199.2033  0.03%  1180 1116s
  2156  1391 11201.9809   52 1052 11203.0453 11199.2033  0.03%  1179 1137s
  2157  1391 11199.2858    8  960 11203.0453 11199.2033  0.03%  1179 1149s
  2158  1392 11199.5378   12  691 11203.0453 11199.2033  0.03%  1178 1162s
H 2158  1322                    11203.014650 11199.2033  0.03%  1178 1164s
  2159  1323 11199.4130   16 1338 11203.0147 11199.2033  0.03%  1177 1183s
H 2159  1256                    11203.014470 11199.2033  0.03%  1177 1185s
H 2159  1193                    11202.907117 11199.2033  0.03%  1177 1220s
  2161  1194 11199.9779   11 1499 11202.9071 11199.2033  0.03%  1176 1244s
  2162  1195 11202.6282   21  903 11202.9071 11199.2033  0.03%  1176 1271s
  2163  1195 11199.5103   11 1081 11202.9071 11199.2033  0.03%  1175 1286s
  2164  1196 11200.0309   15  810 11202.9071 11199.2033  0.03%  1175 1308s
  2165  1197 11199.8535   36 1046 11202.9071 11199.2033  0.03%  1174 1323s
  2166  1197 11199.8353   38 1031 11202.9071 11199.2033  0.03%  1174 1343s
  2167  1198 11200.8310   23 1025 11202.9071 11199.2033  0.03%  1173 1357s
  2168  1199 11199.6787   25  941 11202.9071 11199.2033  0.03%  1173 1372s
  2169  1199 11200.2030   14  857 11202.9071 11199.2033  0.03%  1172 1388s
H 2169  1139                    11202.878756 11199.2033  0.03%  1172 1395s
H 2169  1082                    11202.878536 11199.2033  0.03%  1172 1395s
H 2169  1027                    11202.878100 11199.2033  0.03%  1172 1395s
H 2169   975                    11202.858923 11199.2033  0.03%  1172 1403s
  2171   980 11199.2033   16  946 11202.8589 11199.2033  0.03%  1285 1411s
  2173   983 11199.2033   17 1045 11202.8589 11199.2033  0.03%  1285 1420s
  2177   990 11199.2033   18 1212 11202.8589 11199.2033  0.03%  1289 1430s
  2185   999 11199.2033   19 1034 11202.8589 11199.2033  0.03%  1290 1442s
  2197  1025 11199.4706   20 1158 11202.8589 11199.2033  0.03%  1295 1466s
  2230  1027 11199.6813   22 1099 11202.8589 11199.2033  0.03%  1302 1496s
  2244  1049 11201.9804   23 1133 11202.8589 11199.2033  0.03%  1315 1518s
  2271  1058 11202.0706   24 1211 11202.8589 11199.2033  0.03%  1322 1532s
  2290  1086 11202.0706   24 1104 11202.8589 11199.2033  0.03%  1326 1562s
  2342  1106     cutoff   25      11202.8589 11199.2033  0.03%  1355 1593s
  2411  1120     cutoff   32      11202.8589 11199.2033  0.03%  1365 1629s
  2472  1167 11200.8117   23  944 11202.8589 11199.2033  0.03%  1394 1678s
  2569  1210 11201.8101   27  825 11202.8589 11199.2033  0.03%  1404 1720s
  2682  1182 11201.7979   33  855 11202.8589 11199.2033  0.03%  1384 1776s
  2695  1187 11201.8153   34  824 11202.8589 11199.2033  0.03%  1386 1800s

Cutting planes:
  Gomory: 100
  Cover: 27
  Implied bound: 23
  MIR: 281
  Mixing: 7
  Flow cover: 1175
  Network: 2
  RLT: 17
  Relax-and-lift: 31

Explored 2710 nodes (3901340 simplex iterations) in 1800.88 seconds (1577.47 work units)
Thread count was 24 (of 24 available processors)

Solution count 10: 11202.9 11202.9 11202.9 ... 11203.1

Time limit reached
Best objective 1.120285892329e+04, best bound 1.119920331749e+04, gap 0.0326%
