
Gurobi 13.0.1 (win64) logging started Fri Oct  9 09:02:01 2026

Set parameter LogFile to value "ieee_owen\weak_eps_experiment\stochastic\main17_xi\logs\n60_S20_day24_ef_gurobi.log"
Set parameter NodefileStart to value 3
Set parameter MIPGap to value 0.0001
Gurobi Optimizer version 13.0.1 build v13.0.1rc0 (win64 - Windows 10.0 (19045.2))

CPU model: AMD Ryzen 9 5900X 12-Core Processor, instruction set [SSE2|AVX|AVX2]
Thread count: 12 physical cores, 24 logical processors, using up to 24 threads

Non-default parameters:
TimeLimit  1800
NodefileStart  3
LogToConsole  0

Optimize a model with 340064 rows, 343286 columns and 1462340 nonzeros (Min)
Model fingerprint: 0x898bdc99
Model has 22 linear objective coefficients
Variable types: 289046 continuous, 54240 integer (54240 binary)
Coefficient statistics:
  Matrix range     [3e-04, 2e+02]
  Objective range  [5e-02, 1e+00]
  Bounds range     [8e-03, 6e+01]
  RHS range        [5e-02, 2e+01]

Presolve removed 152047 rows and 125236 columns
Presolve time: 3.67s
Presolved: 188017 rows, 218050 columns, 746475 nonzeros
Variable types: 169143 continuous, 48907 integer (48906 binary)
Found heuristic solution: objective 17695.042723
Deterministic concurrent LP optimizer: primal simplex, dual simplex, and barrier
Showing barrier log only...

Root barrier log...

Ordering time: 1.52s
Ordering time: 1.70s

Barrier statistics:
 Dense cols : 567
 Free vars  : 41
 AA' NZ     : 6.354e+05
 Factor NZ  : 3.436e+06 (roughly 180 MB of memory)
 Factor Ops : 5.720e+08 (less than 1 second per iteration)
 Threads    : 10

                  Objective                Residual
Iter       Primal          Dual         Primal    Dual     Compl     Time
   0   1.70684307e+00 -2.20241993e+04  4.88e+03 6.40e+01  1.65e+00     9s
   1  -2.68553210e+04 -2.22155348e+04  4.85e+03 5.74e+01  1.66e+00     9s
   2   1.09605855e+05 -2.20998117e+04  4.53e+03 5.16e+01  1.64e+00     9s
   3   5.49838439e+04 -2.29905537e+04  3.21e+03 4.56e+01  1.27e+00     9s
   4   2.38916106e+03 -2.32355857e+04  3.02e+03 4.13e+01  1.23e+00    10s
   5  -1.34497209e+05 -2.23309131e+04  1.87e+03 3.20e+01  7.37e-01    10s
   6  -8.31637119e+04 -1.92231085e+04  9.48e+02 1.73e+01  3.94e-01    10s
   7  -5.44617247e+04 -9.37407105e+03  5.81e+02 3.12e+00  2.37e-01    10s
   8  -3.90976869e+04 -4.21346724e+03  4.38e+02 1.70e+00  1.75e-01    10s
   9  -2.84895417e+04 -2.25404623e+03  3.40e+02 1.34e+00  1.37e-01    10s
  10  -2.09571384e+04  3.28816692e+02  2.73e+02 9.56e-01  1.09e-01    10s
  11  -1.26982031e+04  1.82454139e+03  2.01e+02 7.77e-01  8.22e-02    10s
  12  -3.87537711e+03  4.30597566e+03  1.22e+02 5.36e-01  5.12e-02    11s
  13   2.17306459e+03  6.90950807e+03  7.62e+01 3.52e-01  3.28e-02    11s
  14   6.05353536e+03  8.59507571e+03  4.85e+01 2.48e-01  2.17e-02    11s
  15   7.98098781e+03  8.98270336e+03  3.70e+01 2.28e-01  1.83e-02    11s
  16   8.46883349e+03  9.36281655e+03  3.41e+01 2.09e-01  1.69e-02    11s
  17   8.85854816e+03  9.69165758e+03  3.19e+01 1.93e-01  1.58e-02    11s
  18   9.82728748e+03  9.90235941e+03  2.57e+01 1.83e-01  1.39e-02    11s
  19   1.02242911e+04  1.06868502e+04  2.31e+01 1.45e-01  1.17e-02    11s
  20   1.04934429e+04  1.07729807e+04  2.13e+01 1.41e-01  1.11e-02    11s
  21   1.08660428e+04  1.11837735e+04  1.88e+01 1.22e-01  9.68e-03    12s
  22   1.10052550e+04  1.14901583e+04  1.79e+01 1.07e-01  8.85e-03    12s
  23   1.13053109e+04  1.17405705e+04  1.59e+01 9.56e-02  7.87e-03    12s
  24   1.15626701e+04  1.19729055e+04  1.43e+01 8.52e-02  7.05e-03    12s
  25   1.17416166e+04  1.21647681e+04  1.31e+01 8.04e-02  6.59e-03    12s
  26   1.17984746e+04  1.22669853e+04  1.27e+01 7.87e-02  6.42e-03    12s
  27   1.18190348e+04  1.24718981e+04  1.26e+01 7.77e-02  6.35e-03    12s
  28   1.18351079e+04  1.26686508e+04  1.25e+01 7.75e-02  6.32e-03    12s
  29   1.20151912e+04  1.24487666e+04  1.17e+01 7.54e-02  6.09e-03    12s
  30   1.20259163e+04  1.25027146e+04  1.16e+01 7.42e-02  6.02e-03    13s
  31   1.22549669e+04  1.30022503e+04  1.07e+01 5.54e-02  5.04e-03    13s
  32   1.27848942e+04  1.32126257e+04  8.04e+00 4.62e-02  4.09e-03    13s
  33   1.29294990e+04  1.32534237e+04  7.33e+00 4.48e-02  3.87e-03    13s
  34   1.33618311e+04  1.36086697e+04  5.18e+00 3.17e-02  2.75e-03    13s
  35   1.37678745e+04  1.37850493e+04  3.18e+00 2.45e-02  1.96e-03    13s
  36   1.40284467e+04  1.39713635e+04  1.90e+00 1.69e-02  1.32e-03    13s
  37   1.41874537e+04  1.41497067e+04  1.14e+00 1.01e-02  7.96e-04    13s
  38   1.42706512e+04  1.42444018e+04  7.42e-01 6.57e-03  5.22e-04    13s
  39   1.42944872e+04  1.42707387e+04  6.28e-01 5.57e-03  4.46e-04    13s
  40   1.43272072e+04  1.42935101e+04  4.68e-01 4.71e-03  3.65e-04    14s
  41   1.43430324e+04  1.43071495e+04  3.93e-01 4.19e-03  3.21e-04    14s
  42   1.43743336e+04  1.43357787e+04  2.44e-01 3.13e-03  2.32e-04    14s
  43   1.43754778e+04  1.43529562e+04  2.38e-01 2.52e-03  1.96e-04    14s
  44   1.44026135e+04  1.43820462e+04  1.06e-01 1.45e-03  1.09e-04    14s
  45   1.44107207e+04  1.44005469e+04  6.60e-02 7.87e-04  6.23e-05    14s
  46   1.44148323e+04  1.44114578e+04  4.53e-02 4.00e-04  3.55e-05    14s
  47   1.44173919e+04  1.44165628e+04  3.18e-02 2.23e-04  2.19e-05    14s
  48   1.44179824e+04  1.44170265e+04  2.87e-02 2.07e-04  2.01e-05    14s
  49   1.44185767e+04  1.44175226e+04  2.56e-02 1.90e-04  1.83e-05    14s
  50   1.44204341e+04  1.44214366e+04  1.59e-02 5.77e-05  8.06e-06    14s
  51   1.44227953e+04  1.44227646e+04  3.25e-03 1.67e-05  2.12e-06    15s
  52   1.44230661e+04  1.44232259e+04  1.75e-03 3.47e-06  7.90e-07    15s
  53   1.44233718e+04  1.44233524e+04  9.38e-05 5.42e-07  9.73e-08    15s
  54   1.44233822e+04  1.44233781e+04  5.74e-06 7.63e-08  1.18e-08    15s
  55   1.44233827e+04  1.44233826e+04  6.96e-08 2.07e-09  3.00e-10    15s

Barrier solved model in 55 iterations and 15.04 seconds (14.19 work units)
Optimal objective 1.44233827e+04


Root crossover log...

   66656 DPushes remaining with DInf 1.0702686e-03                15s
       0 DPushes remaining with DInf 0.0000000e+00                16s

   33409 PPushes remaining with PInf 2.2061469e-05                16s
       0 PPushes remaining with PInf 0.0000000e+00                17s

  Push phase complete: Pinf 0.0000000e+00, Dinf 1.6965043e-11     17s


Root simplex log...

Iteration    Objective       Primal Inf.    Dual Inf.      Time
   83580    1.4423383e+04   0.000000e+00   0.000000e+00     17s
Crossover time: 2.42 seconds (3.01 work units)
Concurrent spin time: 1.02s

Solved with barrier
   83580    1.4423383e+04   0.000000e+00   0.000000e+00     19s

Root relaxation: objective 1.442338e+04, 83580 iterations, 12.36 seconds (9.93 work units)

    Nodes    |    Current Node    |     Objective Bounds      |     Work
 Expl Unexpl |  Obj  Depth IntInf | Incumbent    BestBd   Gap | It/Node Time

     0     0 14423.3827    0 1459 17695.0427 14423.3827  18.5%     -   22s
H    0     0                    14483.107451 14423.3827  0.41%     -   26s
     0     0 14423.5484    0 1577 14483.1075 14423.5484  0.41%     -   31s
H    0     0                    14458.705293 14423.5655  0.24%     -   34s
     0     0 14423.7051    0 1723 14458.7053 14423.7051  0.24%     -   38s
     0     0 14423.7063    0 1723 14458.7053 14423.7063  0.24%     -   39s
     0     0 14423.7130    0 1681 14458.7053 14423.7130  0.24%     -   43s
     0     0 14423.7135    0 1681 14458.7053 14423.7135  0.24%     -   45s
     0     0 14423.7152    0 1674 14458.7053 14423.7152  0.24%     -   49s
     0     0 14423.7159    0 1715 14458.7053 14423.7159  0.24%     -   51s
     0     0 14423.7164    0 1600 14458.7053 14423.7164  0.24%     -   55s
     0     0 14423.7240    0 1601 14458.7053 14423.7240  0.24%     -   56s
     0     0 14423.7240    0 1536 14458.7053 14423.7240  0.24%     -   59s
     0     0 14423.7240    0 1539 14458.7053 14423.7240  0.24%     -   60s
     0     0 14423.7240    0 1561 14458.7053 14423.7240  0.24%     -   63s
     0     0 14423.7240    0 1097 14458.7053 14423.7240  0.24%     -   66s
     0     0 14423.7240    0 1190 14458.7053 14423.7240  0.24%     -   68s
     0     0 14423.7240    0 1190 14458.7053 14423.7240  0.24%     -   71s
     0     0 14423.7240    0 1190 14458.7053 14423.7240  0.24%     -   72s
     0     0 14423.7240    0 1191 14458.7053 14423.7240  0.24%     -   73s
     0     0 14423.7240    0 1190 14458.7053 14423.7240  0.24%     -   75s
     0     0 14423.7240    0 1165 14458.7053 14423.7240  0.24%     -   76s
     0     0 14423.7240    0 1165 14458.7053 14423.7240  0.24%     -   77s
     0     0 14423.7240    0 1165 14458.7053 14423.7240  0.24%     -   78s
H    0     0                    14446.039487 14423.7240  0.15%     -   84s
     0     2 14423.7240    0 1165 14446.0395 14423.7240  0.15%     -   86s
     3     8 14423.7621    2 1035 14446.0395 14423.7240  0.15%   814   90s
     7    16 14423.8650    3 1270 14446.0395 14423.7530  0.15%  1658   95s
    15    28 14424.1052    4 1293 14446.0395 14423.7824  0.15%  1817  103s
    27    46 14424.5332    5 1342 14446.0395 14423.8226  0.15%  2101  111s
    45   149 14426.0416    6 1331 14446.0395 14423.8228  0.15%  2059  129s
   148   312 14424.5359    6 1296 14446.0395 14423.8228  0.15%  1316  152s
   311   324 14425.0872   21  966 14446.0395 14423.8228  0.15%  1048  213s
   323   336 14425.1568   22 1037 14446.0395 14423.8228  0.15%  1070  276s
H  327   336                    14442.531675 14423.8228  0.13%  1147  276s
   335   469 14425.0872   22  962 14442.5317 14423.8228  0.13%  1193  316s
H  355   469                    14440.344178 14423.8228  0.11%  1378  316s
H  411   469                    14439.588053 14423.8228  0.11%  1562  316s
H  468   601                    14439.418717 14423.8228  0.11%  1706  367s
H  498   601                    14438.369492 14423.8228  0.10%  1787  367s

Gurobi 13.0.1 (win64) logging started Fri Oct  9 23:28:03 2026

Set parameter LogFile to value "ieee_owen\weak_eps_experiment\stochastic\main17_xi\logs\n60_S20_day24_ef_gurobi.log"
Set parameter NodefileStart to value 3
Set parameter MIPGap to value 0.0001
Gurobi Optimizer version 13.0.1 build v13.0.1rc0 (win64 - Windows 10.0 (19045.2))

CPU model: AMD Ryzen 9 5900X 12-Core Processor, instruction set [SSE2|AVX|AVX2]
Thread count: 12 physical cores, 24 logical processors, using up to 24 threads

Non-default parameters:
TimeLimit  1800
NodefileStart  3
LogToConsole  0

Optimize a model with 340064 rows, 343286 columns and 1462340 nonzeros (Min)
Model fingerprint: 0x898bdc99
Model has 22 linear objective coefficients
Variable types: 289046 continuous, 54240 integer (54240 binary)
Coefficient statistics:
  Matrix range     [3e-04, 2e+02]
  Objective range  [5e-02, 1e+00]
  Bounds range     [8e-03, 6e+01]
  RHS range        [5e-02, 2e+01]

Presolve removed 152047 rows and 125236 columns
Presolve time: 3.30s
Presolved: 188017 rows, 218050 columns, 746475 nonzeros
Variable types: 169143 continuous, 48907 integer (48906 binary)
Found heuristic solution: objective 17695.042723
Deterministic concurrent LP optimizer: primal simplex, dual simplex, and barrier
Showing barrier log only...

Root barrier log...

Ordering time: 1.47s
Ordering time: 1.65s

Barrier statistics:
 Dense cols : 567
 Free vars  : 41
 AA' NZ     : 6.354e+05
 Factor NZ  : 3.436e+06 (roughly 180 MB of memory)
 Factor Ops : 5.720e+08 (less than 1 second per iteration)
 Threads    : 10

                  Objective                Residual
Iter       Primal          Dual         Primal    Dual     Compl     Time
   0   1.70684307e+00 -2.20241993e+04  4.88e+03 6.40e+01  1.65e+00     8s
   1  -2.68553210e+04 -2.22155348e+04  4.85e+03 5.74e+01  1.66e+00     8s
   2   1.09605855e+05 -2.20998117e+04  4.53e+03 5.16e+01  1.64e+00     8s
   3   5.49838439e+04 -2.29905537e+04  3.21e+03 4.56e+01  1.27e+00     9s
   4   2.38916106e+03 -2.32355857e+04  3.02e+03 4.13e+01  1.23e+00     9s
   5  -1.34497209e+05 -2.23309131e+04  1.87e+03 3.20e+01  7.37e-01     9s
   6  -8.31637119e+04 -1.92231085e+04  9.48e+02 1.73e+01  3.94e-01     9s
   7  -5.44617247e+04 -9.37407105e+03  5.81e+02 3.12e+00  2.37e-01     9s
   8  -3.90976869e+04 -4.21346724e+03  4.38e+02 1.70e+00  1.75e-01     9s
   9  -2.84895417e+04 -2.25404623e+03  3.40e+02 1.34e+00  1.37e-01     9s
  10  -2.09571384e+04  3.28816692e+02  2.73e+02 9.56e-01  1.09e-01     9s
  11  -1.26982031e+04  1.82454139e+03  2.01e+02 7.77e-01  8.22e-02     9s
  12  -3.87537711e+03  4.30597566e+03  1.22e+02 5.36e-01  5.12e-02     9s
  13   2.17306459e+03  6.90950807e+03  7.62e+01 3.52e-01  3.28e-02    10s
  14   6.05353536e+03  8.59507571e+03  4.85e+01 2.48e-01  2.17e-02    10s
  15   7.98098781e+03  8.98270336e+03  3.70e+01 2.28e-01  1.83e-02    10s
  16   8.46883349e+03  9.36281655e+03  3.41e+01 2.09e-01  1.69e-02    10s
  17   8.85854816e+03  9.69165758e+03  3.19e+01 1.93e-01  1.58e-02    10s
  18   9.82728748e+03  9.90235941e+03  2.57e+01 1.83e-01  1.39e-02    10s
  19   1.02242911e+04  1.06868502e+04  2.31e+01 1.45e-01  1.17e-02    10s
  20   1.04934429e+04  1.07729807e+04  2.13e+01 1.41e-01  1.11e-02    10s
  21   1.08660428e+04  1.11837735e+04  1.88e+01 1.22e-01  9.68e-03    11s
  22   1.10052550e+04  1.14901583e+04  1.79e+01 1.07e-01  8.85e-03    11s
  23   1.13053109e+04  1.17405705e+04  1.59e+01 9.56e-02  7.87e-03    11s
  24   1.15626701e+04  1.19729055e+04  1.43e+01 8.52e-02  7.05e-03    11s
  25   1.17416166e+04  1.21647681e+04  1.31e+01 8.04e-02  6.59e-03    11s
  26   1.17984746e+04  1.22669853e+04  1.27e+01 7.87e-02  6.42e-03    11s
  27   1.18190348e+04  1.24718981e+04  1.26e+01 7.77e-02  6.35e-03    11s
  28   1.18351079e+04  1.26686508e+04  1.25e+01 7.75e-02  6.32e-03    11s
  29   1.20151912e+04  1.24487666e+04  1.17e+01 7.54e-02  6.09e-03    12s
  30   1.20259163e+04  1.25027146e+04  1.16e+01 7.42e-02  6.02e-03    12s
  31   1.22549669e+04  1.30022503e+04  1.07e+01 5.54e-02  5.04e-03    12s
  32   1.27848942e+04  1.32126257e+04  8.04e+00 4.62e-02  4.09e-03    12s
  33   1.29294990e+04  1.32534237e+04  7.33e+00 4.48e-02  3.87e-03    12s
  34   1.33618311e+04  1.36086697e+04  5.18e+00 3.17e-02  2.75e-03    12s
  35   1.37678745e+04  1.37850493e+04  3.18e+00 2.45e-02  1.96e-03    12s
  36   1.40284467e+04  1.39713635e+04  1.90e+00 1.69e-02  1.32e-03    12s
  37   1.41874537e+04  1.41497067e+04  1.14e+00 1.01e-02  7.96e-04    12s
  38   1.42706512e+04  1.42444018e+04  7.42e-01 6.57e-03  5.22e-04    13s
  39   1.42944872e+04  1.42707387e+04  6.28e-01 5.57e-03  4.46e-04    13s
  40   1.43272072e+04  1.42935101e+04  4.68e-01 4.71e-03  3.65e-04    13s
  41   1.43430324e+04  1.43071495e+04  3.93e-01 4.19e-03  3.21e-04    13s
  42   1.43743336e+04  1.43357787e+04  2.44e-01 3.13e-03  2.32e-04    13s
  43   1.43754778e+04  1.43529562e+04  2.38e-01 2.52e-03  1.96e-04    13s
  44   1.44026135e+04  1.43820462e+04  1.06e-01 1.45e-03  1.09e-04    13s
  45   1.44107207e+04  1.44005469e+04  6.60e-02 7.87e-04  6.23e-05    13s
  46   1.44148323e+04  1.44114578e+04  4.53e-02 4.00e-04  3.55e-05    13s
  47   1.44173919e+04  1.44165628e+04  3.18e-02 2.23e-04  2.19e-05    13s
  48   1.44179824e+04  1.44170265e+04  2.87e-02 2.07e-04  2.01e-05    13s
  49   1.44185767e+04  1.44175226e+04  2.56e-02 1.90e-04  1.83e-05    13s
  50   1.44204341e+04  1.44214366e+04  1.59e-02 5.77e-05  8.06e-06    13s
  51   1.44227953e+04  1.44227646e+04  3.25e-03 1.67e-05  2.12e-06    14s
  52   1.44230661e+04  1.44232259e+04  1.75e-03 3.47e-06  7.90e-07    14s
  53   1.44233718e+04  1.44233524e+04  9.38e-05 5.42e-07  9.73e-08    14s
  54   1.44233822e+04  1.44233781e+04  5.74e-06 7.63e-08  1.18e-08    14s
  55   1.44233827e+04  1.44233826e+04  6.96e-08 2.07e-09  3.00e-10    14s

Barrier solved model in 55 iterations and 13.95 seconds (14.19 work units)
Optimal objective 1.44233827e+04


Root crossover log...

   66656 DPushes remaining with DInf 1.0702686e-03                14s
       0 DPushes remaining with DInf 0.0000000e+00                15s

   33409 PPushes remaining with PInf 2.2061469e-05                15s
   16365 PPushes remaining with PInf 0.0000000e+00                15s
       0 PPushes remaining with PInf 0.0000000e+00                16s

  Push phase complete: Pinf 0.0000000e+00, Dinf 1.6965043e-11     16s


Root simplex log...

Iteration    Objective       Primal Inf.    Dual Inf.      Time
   83580    1.4423383e+04   0.000000e+00   0.000000e+00     16s
Crossover time: 2.28 seconds (3.01 work units)
Concurrent spin time: 0.70s

Solved with barrier
   83580    1.4423383e+04   0.000000e+00   0.000000e+00     17s

Root relaxation: objective 1.442338e+04, 83580 iterations, 11.36 seconds (9.93 work units)

    Nodes    |    Current Node    |     Objective Bounds      |     Work
 Expl Unexpl |  Obj  Depth IntInf | Incumbent    BestBd   Gap | It/Node Time

     0     0 14423.3827    0 1459 17695.0427 14423.3827  18.5%     -   20s
H    0     0                    14483.107451 14423.3827  0.41%     -   25s
     0     0 14423.5484    0 1577 14483.1075 14423.5484  0.41%     -   29s
H    0     0                    14458.705293 14423.5655  0.24%     -   32s
     0     0 14423.7051    0 1723 14458.7053 14423.7051  0.24%     -   35s
     0     0 14423.7063    0 1723 14458.7053 14423.7063  0.24%     -   36s
     0     0 14423.7130    0 1681 14458.7053 14423.7130  0.24%     -   39s
     0     0 14423.7135    0 1681 14458.7053 14423.7135  0.24%     -   41s
     0     0 14423.7152    0 1674 14458.7053 14423.7152  0.24%     -   44s
     0     0 14423.7159    0 1715 14458.7053 14423.7159  0.24%     -   47s
     0     0 14423.7164    0 1600 14458.7053 14423.7164  0.24%     -   50s
     0     0 14423.7240    0 1601 14458.7053 14423.7240  0.24%     -   51s
     0     0 14423.7240    0 1536 14458.7053 14423.7240  0.24%     -   53s
     0     0 14423.7240    0 1539 14458.7053 14423.7240  0.24%     -   54s
     0     0 14423.7240    0 1561 14458.7053 14423.7240  0.24%     -   56s
     0     0 14423.7240    0 1097 14458.7053 14423.7240  0.24%     -   58s
     0     0 14423.7240    0 1190 14458.7053 14423.7240  0.24%     -   60s
     0     0 14423.7240    0 1190 14458.7053 14423.7240  0.24%     -   62s
     0     0 14423.7240    0 1190 14458.7053 14423.7240  0.24%     -   63s
     0     0 14423.7240    0 1191 14458.7053 14423.7240  0.24%     -   64s
     0     0 14423.7240    0 1190 14458.7053 14423.7240  0.24%     -   66s
     0     0 14423.7240    0 1165 14458.7053 14423.7240  0.24%     -   67s
     0     0 14423.7240    0 1165 14458.7053 14423.7240  0.24%     -   68s
     0     0 14423.7240    0 1165 14458.7053 14423.7240  0.24%     -   69s
H    0     0                    14446.039487 14423.7240  0.15%     -   74s
     0     2 14423.7240    0 1165 14446.0395 14423.7240  0.15%     -   77s
     3     8 14423.7621    2 1035 14446.0395 14423.7240  0.15%   814   80s
     7    16 14423.8650    3 1270 14446.0395 14423.7530  0.15%  1658   85s
    15    28 14424.1052    4 1293 14446.0395 14423.7824  0.15%  1817   93s
    27    46 14424.5332    5 1342 14446.0395 14423.8226  0.15%  2101  101s
    45   149 14426.0416    6 1331 14446.0395 14423.8228  0.15%  2059  119s
   148   312 14424.5359    6 1296 14446.0395 14423.8228  0.15%  1316  142s
   311   324 14425.0872   21  966 14446.0395 14423.8228  0.15%  1048  202s
   323   336 14425.1568   22 1037 14446.0395 14423.8228  0.15%  1070  265s
H  327   336                    14442.531675 14423.8228  0.13%  1147  265s
   335   469 14425.0872   22  962 14442.5317 14423.8228  0.13%  1193  306s
H  355   469                    14440.344178 14423.8228  0.11%  1378  306s
H  411   469                    14439.588053 14423.8228  0.11%  1562  306s
H  468   601                    14439.418717 14423.8228  0.11%  1706  358s
H  498   601                    14438.369492 14423.8228  0.10%  1787  358s
   602  1210 14433.1473   36  503 14438.3695 14423.8228  0.10%  2041  452s
H  666  1210                    14438.309076 14423.8228  0.10%  1896  452s
H  798  1210                    14436.221456 14423.8228  0.09%  1742  452s
H 1099  1210                    14436.035562 14423.8228  0.08%  1460  452s
H 1145  1210                    14435.515677 14423.8228  0.08%  1423  452s
  1242  1104     cutoff   86      14435.5157 14423.8228  0.08%  1362  509s
  1568  1382 14427.1874    8 1053 14435.5157 14423.8228  0.08%  1193  547s
  1882  1819     cutoff   15      14435.5157 14423.8228  0.08%  1202  595s
* 2400  1566             289    14435.306715 14423.8228  0.08%  1057  595s
  2430  1842 14430.2357   10  822 14435.3067 14423.8228  0.08%  1064  646s
* 2571  1348             310    14434.684402 14423.8228  0.08%  1031  646s
  2952  1084 14424.4847    6 1165 14434.6844 14423.9721  0.07%   976  763s
  2954  1085 14434.5011   36 1938 14434.6844 14423.9721  0.07%   975  798s
  2955  1086 14424.9185   24 1508 14434.6844 14423.9721  0.07%   975  837s
  2956  1087 14434.4092   51 1691 14434.6844 14423.9721  0.07%   975  842s
  2958  1088 14427.3907    7 1643 14434.6844 14423.9721  0.07%   974  859s
  2959  1089 14425.0667   15 1153 14434.6844 14423.9721  0.07%   974  882s
  2960  1089 14431.7845   11 1261 14434.6844 14423.9721  0.07%   973  900s
  2961  1090 14426.6107   28 1179 14434.6844 14423.9721  0.07%   973  931s
  2962  1091 14431.0858   11 1173 14434.6844 14423.9721  0.07%   973  944s
  2963  1091 14433.9888   29 1320 14434.6844 14423.9721  0.07%   972  967s
  2965  1093 14425.1654    9 1550 14434.6844 14423.9721  0.07%   972  985s
  2966  1093 14433.8690   13 1247 14434.6844 14423.9721  0.07%   971 1009s
  2967  1094 14424.3608    6 1403 14434.6844 14423.9721  0.07%   971 1025s
  2968  1095 14434.6593   35 1328 14434.6844 14423.9721  0.07%   971 1041s
  2969  1095 14424.7825   27 1530 14434.6844 14423.9721  0.07%   970 1057s
  2970  1096 14432.0311   31 1263 14434.6844 14423.9721  0.07%   970 1073s
  2971  1097 14427.3021   32 1405 14434.6844 14423.9721  0.07%   970 1087s
  2972  1097 14434.3436   34 1516 14434.6844 14423.9721  0.07%   969 1108s
  2973  1098 14434.3157   45 1528 14434.6844 14423.9721  0.07%   969 1124s
  2974  1099 14433.1026   42 1307 14434.6844 14423.9721  0.07%   969 1145s
  2975  1099 14434.4253   35 1473 14434.6844 14423.9721  0.07%   968 1162s
  2976  1100 14425.9753   24 1350 14434.6844 14423.9767  0.07%   968 1179s
  2977  1101 14424.4693    9 1349 14434.6844 14423.9767  0.07%   968 1193s
  2978  1101 14424.9673   13 1349 14434.6844 14423.9767  0.07%   968 1205s
  2979  1105 14424.5049   13 1599 14434.6844 14423.9767  0.07%  1043 1211s
  2981  1108 14429.0055   14 1536 14434.6844 14423.9767  0.07%  1044 1217s
  2985  1115 14429.9602   15 1762 14434.6844 14423.9767  0.07%  1046 1224s
  2993  1124 14429.9734   16 1616 14434.6844 14424.6676  0.07%  1051 1230s
  3005  1140 14431.0976   17 1746 14434.6844 14424.7487  0.07%  1057 1245s
  3025  1151     cutoff   18      14434.6844 14424.7487  0.07%  1089 1258s
  3059  1146 14431.1343   18 1050 14434.6844 14424.7487  0.07%  1118 1280s
  3075  1163 14431.2853   19 1043 14434.6844 14424.7487  0.07%  1125 1289s
  3129  1162 14431.9666   23  814 14434.6844 14424.7487  0.07%  1128 1297s
  3171  1157 14432.0940   24  791 14434.6844 14424.7487  0.07%  1132 1304s
  3206  1170 14432.6502   25  702 14434.6844 14424.7487  0.07%  1141 1313s
  3237  1169 14433.8806   25  851 14434.6844 14427.1411  0.05%  1150 1329s
  3252  1179     cutoff   24      14434.6844 14427.1411  0.05%  1151 1345s
  3285  1187 14434.2694   26  444 14434.6844 14427.1411  0.05%  1151 1351s
  3328  1198     cutoff   26      14434.6844 14427.1591  0.05%  1153 1357s
  3377  1215 14434.5397   30  370 14434.6844 14427.1651  0.05%  1153 1365s
  3419  1239 14430.4039   18 1017 14434.6844 14427.1651  0.05%  1159 1373s
  3475  1259 14433.4418   20  824 14434.6844 14427.1651  0.05%  1156 1382s
  3544  1278 14433.6221   23  702 14434.6844 14427.1651  0.05%  1144 1394s
  3610  1289 14433.9460   25  677 14434.6844 14427.1651  0.05%  1143 1402s
  3675  1295     cutoff   28      14434.6844 14427.1710  0.05%  1138 1411s
  3755  1299     cutoff   28      14434.6844 14428.2227  0.04%  1133 1420s
  3844  1286 infeasible   34      14434.6844 14429.9611  0.03%  1122 1431s
  3898  1292 14433.8311   20 1432 14434.6844 14430.0666  0.03%  1126 1440s
  3958  1277     cutoff   21      14434.6844 14430.3120  0.03%  1138 1469s
  3977  1280     cutoff   20      14434.6844 14430.3754  0.03%  1137 1496s
  4027  1299 14433.8487   21  776 14434.6844 14430.3754  0.03%  1137 1516s
  4102  1319 14434.1480   25  635 14434.6844 14430.3754  0.03%  1129 1532s
  4189  1335 14433.7626   23  971 14434.6844 14430.3754  0.03%  1119 1548s
  4294  1375 14433.8849   27  412 14434.6844 14430.3754  0.03%  1112 1563s
  4385  1424 14434.3137   34  325 14434.6844 14430.3754  0.03%  1103 1583s
  4526  1426 14434.3382   51  347 14434.6844 14430.3754  0.03%  1082 1601s
  4668  1412     cutoff   61      14434.6844 14430.3754  0.03%  1065 1620s
  4781  1380 14434.5194   71  203 14434.6844 14431.3657  0.02%  1062 1670s
  4799  1380 14434.5194   72  201 14434.6844 14431.3657  0.02%  1060 1727s
  4815  1384 14434.5194   73  202 14434.6844 14431.3657  0.02%  1061 1763s
  4871  1376     cutoff   82      14434.6844 14431.4992  0.02%  1063 1799s
  4913  1362     cutoff   23      14434.6844 14431.4992  0.02%  1056 1800s

Cutting planes:
  Gomory: 115
  Cover: 7
  Implied bound: 41
  MIR: 359
  Mixing: 1
  Flow cover: 1616
  RLT: 8
  Relax-and-lift: 31

Explored 4985 nodes (5388048 simplex iterations) in 1800.56 seconds (1506.80 work units)
Thread count was 24 (of 24 available processors)

Solution count 10: 14434.7 14434.7 14435.3 ... 14438.4

Time limit reached
Best objective 1.443468440158e+04, best bound 1.443149921292e+04, gap 0.0221%
