
Gurobi 13.0.1 (win64) logging started Thu Oct  8 10:13:45 2026

Set parameter LogFile to value "ieee_owen\weak_eps_experiment\stochastic\main17_xi\logs\n60_S20_day10_ef_gurobi.log"
Set parameter NodefileStart to value 3
Set parameter MIPGap to value 0.0001
Gurobi Optimizer version 13.0.1 build v13.0.1rc0 (win64 - Windows 10.0 (19045.2))

CPU model: AMD Ryzen 9 5900X 12-Core Processor, instruction set [SSE2|AVX|AVX2]
Thread count: 12 physical cores, 24 logical processors, using up to 24 threads

Non-default parameters:
TimeLimit  1800
NodefileStart  3
LogToConsole  0

Optimize a model with 340064 rows, 343286 columns and 1462340 nonzeros (Min)
Model fingerprint: 0xde235d89
Model has 22 linear objective coefficients
Variable types: 289046 continuous, 54240 integer (54240 binary)
Coefficient statistics:
  Matrix range     [3e-04, 2e+02]
  Objective range  [5e-02, 1e+00]
  Bounds range     [1e-02, 6e+01]
  RHS range        [5e-02, 2e+01]

Presolve removed 152082 rows and 125285 columns
Presolve time: 3.34s
Presolved: 187982 rows, 218001 columns, 746288 nonzeros
Variable types: 169112 continuous, 48889 integer (48888 binary)
Found heuristic solution: objective 15858.951768
Deterministic concurrent LP optimizer: primal simplex, dual simplex, and barrier
Showing barrier log only...

Root barrier log...

Ordering time: 1.56s
Ordering time: 1.76s

Barrier statistics:
 Dense cols : 567
 Free vars  : 41
 AA' NZ     : 6.353e+05
 Factor NZ  : 3.439e+06 (roughly 180 MB of memory)
 Factor Ops : 5.747e+08 (less than 1 second per iteration)
 Threads    : 10

                  Objective                Residual
Iter       Primal          Dual         Primal    Dual     Compl     Time
   0   1.72902497e+00 -2.22536467e+04  4.95e+03 6.40e+01  1.67e+00     8s
   1  -2.65566941e+04 -2.24446852e+04  4.92e+03 5.97e+01  1.67e+00     8s
   2   2.11431546e+05 -2.23671858e+04  4.58e+03 5.31e+01  1.68e+00     9s
   3  -1.37646667e+05 -2.33362653e+04  3.35e+03 4.80e+01  1.20e+00     9s
   4  -1.80012318e+05 -2.33757858e+04  3.01e+03 4.27e+01  1.09e+00     9s
   5  -2.08169385e+05 -2.28484793e+04  2.26e+03 3.49e+01  8.07e-01     9s
   6  -1.70890766e+05 -2.10982242e+04  1.70e+03 2.11e+01  6.31e-01     9s
   7  -6.15581814e+04 -1.28759204e+04  6.25e+02 5.97e+00  2.58e-01     9s
   8  -3.17824365e+04 -6.30512396e+03  3.44e+02 2.98e+00  1.45e-01     9s
   9  -2.36074327e+04 -2.25688390e+03  2.73e+02 1.73e+00  1.11e-01     9s
  10  -1.60537862e+04 -1.08021798e+03  2.10e+02 1.51e+00  8.80e-02     9s
  11  -8.18291685e+03  2.49193305e+03  1.46e+02 8.95e-01  5.98e-02    10s
  12  -3.03186747e+02  5.37022566e+03  8.47e+01 5.28e-01  3.53e-02    10s
  13   2.30507051e+03  7.16890454e+03  6.62e+01 3.66e-01  2.68e-02    10s
  14   3.67400906e+03  7.92948558e+03  5.66e+01 3.03e-01  2.27e-02    10s
  15   4.87064082e+03  8.44963049e+03  4.90e+01 2.64e-01  1.98e-02    10s
  16   6.10018112e+03  8.82322568e+03  4.14e+01 2.39e-01  1.73e-02    10s
  17   7.29648973e+03  9.50972822e+03  3.39e+01 1.94e-01  1.43e-02    10s
  18   7.86363269e+03  9.81469843e+03  3.02e+01 1.75e-01  1.28e-02    10s
  19   8.34302759e+03  1.02611564e+04  2.68e+01 1.44e-01  1.10e-02    10s
  20   9.23029681e+03  1.06119351e+04  2.08e+01 1.22e-01  8.84e-03    10s
  21   9.69524498e+03  1.09030500e+04  1.77e+01 1.04e-01  7.50e-03    11s
  22   1.03111221e+04  1.11232201e+04  1.40e+01 9.06e-02  6.22e-03    11s
  23   1.04926775e+04  1.14017389e+04  1.29e+01 7.81e-02  5.57e-03    11s
  24   1.05196237e+04  1.15220396e+04  1.27e+01 7.63e-02  5.47e-03    11s
  25   1.05556243e+04  1.17066654e+04  1.25e+01 7.54e-02  5.39e-03    11s
  26   1.05634773e+04  1.16891899e+04  1.25e+01 7.53e-02  5.38e-03    11s
  27   1.05929091e+04  1.17937151e+04  1.23e+01 7.44e-02  5.32e-03    11s
  28   1.06568332e+04  1.18714128e+04  1.20e+01 7.04e-02  5.12e-03    11s
  29   1.07963851e+04  1.20141528e+04  1.13e+01 6.51e-02  4.81e-03    11s
  30   1.09652074e+04  1.21527868e+04  1.06e+01 6.17e-02  4.56e-03    12s
  31   1.14720917e+04  1.23861333e+04  8.27e+00 4.77e-02  3.55e-03    12s
  32   1.15731290e+04  1.24131865e+04  7.80e+00 4.62e-02  3.39e-03    12s
  33   1.21934414e+04  1.26832360e+04  4.95e+00 3.05e-02  2.22e-03    12s
  34   1.22798867e+04  1.26946032e+04  4.55e+00 2.99e-02  2.12e-03    12s
  35   1.25075020e+04  1.28422521e+04  3.50e+00 2.18e-02  1.59e-03    12s
  36   1.27810171e+04  1.28943777e+04  2.26e+00 1.90e-02  1.24e-03    12s
  37   1.30031760e+04  1.30611023e+04  1.28e+00 1.05e-02  7.09e-04    12s
  38   1.31594860e+04  1.31560278e+04  5.74e-01 5.74e-03  3.78e-04    12s
  39   1.31655766e+04  1.31753415e+04  5.44e-01 4.84e-03  3.32e-04    13s
  40   1.32009791e+04  1.31804055e+04  3.77e-01 4.61e-03  2.86e-04    13s
  41   1.32300723e+04  1.32251474e+04  2.37e-01 2.46e-03  1.63e-04    13s
  42   1.32515555e+04  1.32383354e+04  1.34e-01 1.83e-03  1.13e-04    13s
  43   1.32652854e+04  1.32507109e+04  6.64e-02 1.26e-03  7.27e-05    13s
  44   1.32708549e+04  1.32627586e+04  3.83e-02 7.00e-04  4.13e-05    13s
  45   1.32761068e+04  1.32664595e+04  1.24e-02 5.34e-04  2.77e-05    13s
  46   1.32768523e+04  1.32701706e+04  8.57e-03 3.64e-04  1.92e-05    13s
  47   1.32775814e+04  1.32727057e+04  4.78e-03 2.48e-04  1.31e-05    13s
  48   1.32779865e+04  1.32750843e+04  2.56e-03 1.42e-04  7.59e-06    13s
  49   1.32782466e+04  1.32762505e+04  1.03e-03 9.19e-05  4.75e-06    13s
  50   1.32783528e+04  1.32773095e+04  3.64e-04 4.49e-05  2.37e-06    13s
  51   1.32783767e+04  1.32776982e+04  1.81e-04 2.88e-05  1.50e-06    13s
  52   1.32783909e+04  1.32783120e+04  7.59e-05 2.92e-06  2.09e-07    14s
  53   1.32783923e+04  1.32783893e+04  1.59e-05 9.47e-08  1.62e-08    14s
  54   1.32783924e+04  1.32783923e+04  1.25e-06 1.16e-08  8.78e-10    14s

Barrier solved model in 54 iterations and 13.72 seconds (13.76 work units)
Optimal objective 1.32783924e+04


Root crossover log...

   63627 DPushes remaining with DInf 0.0000000e+00                14s
       0 DPushes remaining with DInf 0.0000000e+00                15s

   34684 PPushes remaining with PInf 1.6190539e-03                15s
   22198 PPushes remaining with PInf 3.6036664e-04                15s
       0 PPushes remaining with PInf 0.0000000e+00                17s

  Push phase complete: Pinf 0.0000000e+00, Dinf 1.9772444e-11     17s


Root simplex log...

Iteration    Objective       Primal Inf.    Dual Inf.      Time
   85237    1.3278392e+04   0.000000e+00   0.000000e+00     17s
Crossover time: 2.99 seconds (4.41 work units)
Concurrent spin time: 1.32s (can be avoided by choosing Method=3)

Solved with barrier
   85237    1.3278392e+04   0.000000e+00   0.000000e+00     18s

Root relaxation: objective 1.327839e+04, 85237 iterations, 12.50 seconds (11.08 work units)

    Nodes    |    Current Node    |     Objective Bounds      |     Work
 Expl Unexpl |  Obj  Depth IntInf | Incumbent    BestBd   Gap | It/Node Time

     0     0 13278.3924    0 1694 15858.9518 13278.3924  16.3%     -   24s
H    0     0                    13359.996984 13278.3924  0.61%     -   33s
     0     0 13279.3031    0 1845 13359.9970 13279.3031  0.60%     -   39s
H    0     0                    13347.056075 13279.3532  0.51%     -   47s
     0     0 13279.3532    0 1881 13347.0561 13279.3532  0.51%     -   48s
     0     0 13279.4932    0 1644 13347.0561 13279.4932  0.51%     -   54s
     0     0 13279.4933    0 1642 13347.0561 13279.4933  0.51%     -   55s
     0     0 13279.4960    0 1713 13347.0561 13279.4960  0.51%     -   60s
     0     0 13279.4960    0 1716 13347.0561 13279.4960  0.51%     -   61s
     0     0 13279.4966    0 1623 13347.0561 13279.4966  0.51%     -   65s
     0     0 13279.4966    0 1622 13347.0561 13279.4966  0.51%     -   66s
     0     0 13279.4981    0 1607 13347.0561 13279.4981  0.51%     -   69s
     0     0 13279.4981    0 1608 13347.0561 13279.4981  0.51%     -   70s
     0     0 13279.4981    0 1570 13347.0561 13279.4981  0.51%     -   73s
     0     0 13279.5008    0 1570 13347.0561 13279.5008  0.51%     -   77s
     0     0 13279.5008    0 1429 13347.0561 13279.5008  0.51%     -   79s
     0     0 13279.5008    0 1428 13347.0561 13279.5008  0.51%     -   80s
     0     0 13279.5008    0 1429 13347.0561 13279.5008  0.51%     -   83s
     0     0 13279.5008    0 1421 13347.0561 13279.5008  0.51%     -   84s
     0     0 13279.5064    0 1420 13347.0561 13279.5064  0.51%     -   85s
     0     0 13279.5064    0 1420 13347.0561 13279.5064  0.51%     -   86s
H    0     0                    13318.244787 13279.5064  0.29%     -   94s
     0     2 13279.5064    0 1408 13318.2448 13279.5064  0.29%     -   97s
     3     8 13281.1759    2 1416 13318.2448 13279.5387  0.29%  4024  105s
     7    16 13281.9890    3 1574 13318.2448 13279.5615  0.29%  3124  112s
    15    27 13282.0050    4 1506 13318.2448 13279.5792  0.29%  2159  129s
    26    43 13282.0810    5 1479 13318.2448 13279.6622  0.29%  4616  141s
    42    67 13282.1947    6 1434 13318.2448 13279.6622  0.29%  3592  153s
    66    87 13282.2057    6 1350 13318.2448 13279.6622  0.29%  3193  166s
    86    99 13283.1667    7 1235 13318.2448 13279.6622  0.29%  3335  175s
H   91    99                    13318.235484 13279.6622  0.29%  3342  175s
    98   122 13282.2126    7 1413 13318.2355 13279.6622  0.29%  3522  186s
   121   149 13283.0504    8 1353 13318.2355 13279.6622  0.29%  3264  199s
H  126   149                    13312.716048 13279.6622  0.25%  3219  199s
H  131   149                    13308.120641 13279.6622  0.21%  3184  199s
   148   191 13282.5067    9 1415 13308.1206 13279.6622  0.21%  2920  228s
H  161   191                    13308.096262 13279.6622  0.21%  2823  228s
H  165   191                    13308.020345 13279.6622  0.21%  2769  228s
   190   277 13283.6597   11 1295 13308.0203 13279.6622  0.21%  2689  268s
H  276   289                    13293.293665 13279.6622  0.10%  2505  352s
H  281   289                    13293.152044 13279.6622  0.10%  2497  352s
   288   359 13283.8391   20 1013 13293.1520 13279.6622  0.10%  2560  404s
H  311   359                    13290.336345 13279.6622  0.08%  2512  404s
   358   467 13285.4145   24  856 13290.3363 13279.6622  0.08%  2606  453s
   476   609 13288.5732   27  429 13290.3363 13279.6622  0.08%  2675  507s
H  516   609                    13289.744369 13279.6622  0.08%  2538  507s
   658   733 13281.4024    9  844 13289.7444 13279.6622  0.08%  2360  544s
   798   749 13282.3265   11  831 13289.7444 13279.6622  0.08%  2241  585s
   826   887 13281.6026   11  907 13289.7444 13279.6622  0.08%  2250  623s
   980  1079 13281.8911   12  773 13289.7444 13279.6622  0.08%  2123  654s
  1180  1301 13282.5103   12  937 13289.7444 13279.6622  0.08%  1889  681s
  1410  1518 13284.0854   15  618 13289.7444 13279.6622  0.08%  1695  705s
  1647  1532 13284.9588   18  582 13289.7444 13279.6622  0.08%  1538  748s
H 1654  1518                    13289.508444 13279.6622  0.07%  1537  748s
  1661  1789 13285.9059   18  485 13289.5084 13279.6622  0.07%  1533  772s
  1940  2036 13287.2474   27  438 13289.5084 13279.6622  0.07%  1359  794s
  2201  2284 13286.7289   47  314 13289.5084 13279.6622  0.07%  1224  813s
H 2449  2162                    13288.534988 13279.6622  0.07%  1133  845s
H 2449  2050                    13287.896894 13279.6622  0.06%  1133  848s
H 2449   767                    13286.669706 13279.6622  0.05%  1133  850s
H 2449   730                    13286.470322 13279.6622  0.05%  1133  866s
H 2449   730                    13286.470201 13279.6622  0.05%  1133  872s
H 2449   730                    13286.470182 13279.6622  0.05%  1133  872s
H 2449   728                    13286.391332 13279.6622  0.05%  1133  877s
H 2449   728                    13286.391289 13279.6622  0.05%  1133  877s
H 2449   704                    13286.054611 13279.6622  0.05%  1133  881s
H 2449   704                    13286.054524 13279.6622  0.05%  1133  881s
H 2449   704                    13286.053848 13279.6622  0.05%  1133  881s
  2450   648 13284.0193   14 1420 13286.0538 13279.6622  0.05%  1132 1094s
  2452   649 13280.7667   12 2368 13286.0538 13279.6622  0.05%  1131 1137s
  2453   650 13281.1635   16 1711 13286.0538 13279.6622  0.05%  1131 1178s
  2454   651 13283.1133   13 1760 13286.0538 13279.6622  0.05%  1130 1185s
  2455   651 13281.0523   14 1764 13286.0538 13279.6622  0.05%  1130 1190s
  2456   652 13282.1943    9 1765 13286.0538 13279.6622  0.05%  1130 1208s
  2457   653 13285.2642   47 1326 13286.0538 13279.6622  0.05%  1129 1238s
  2458   653 13285.5987   34 1349 13286.0538 13279.6622  0.05%  1129 1258s
  2459   654 13285.5657   27 1278 13286.0538 13279.6622  0.05%  1128 1285s
  2460   655 13283.1731   10 1268 13286.0538 13279.6622  0.05%  1128 1299s
  2461   655 13285.9339   28 1237 13286.0538 13279.6622  0.05%  1127 1317s
  2462   656 13282.1943    9 1242 13286.0538 13279.6622  0.05%  1127 1330s
  2463   657 13285.7328   49 1258 13286.0538 13279.6742  0.05%  1126 1350s
  2464   657 13282.9781   14 1400 13286.0538 13279.7139  0.05%  1126 1365s
  2465   658 13284.0213   28 1358 13286.0538 13279.7139  0.05%  1125 1390s
  2466   659 13281.7558   17 1403 13286.0538 13279.7139  0.05%  1125 1406s
  2467   659 13281.7350   14 1316 13286.0538 13279.7139  0.05%  1125 1428s
  2468   660 13280.0482    8 1294 13286.0538 13279.7139  0.05%  1124 1443s
  2469   661 13285.5434   22 1405 13286.0538 13279.7139  0.05%  1124 1466s
H 2469   627                    13286.051819 13279.7139  0.05%  1124 1485s
  2471   628 13283.8788   16 1343 13286.0518 13279.7139  0.05%  1123 1507s
  2472   629 13281.6138   14 1452 13286.0518 13279.7139  0.05%  1122 1523s
  2473   629 13282.9781   14 1571 13286.0518 13279.7187  0.05%  1122 1545s
  2474   630 13280.5338    9 1570 13286.0518 13279.7187  0.05%  1121 1564s
H 2474   598                    13286.051062 13279.7187  0.05%  1121 1576s
  2475   599 13285.4719   28 1570 13286.0511 13279.7187  0.05%  1121 1590s
  2476   602 13279.7187   15 1397 13286.0511 13279.7187  0.05%  1202 1601s
  2478   606 13279.7809   16 1752 13286.0511 13279.7187  0.05%  1204 1612s
  2482   612 13280.5088   17 1252 13286.0511 13279.7674  0.05%  1209 1624s
  2490   622 13280.7697   18 1825 13286.0511 13279.7866  0.05%  1218 1647s
  2502   644 13280.9071   19 1770 13286.0511 13280.0223  0.05%  1237 1672s
  2528   653 13282.7242   20 1397 13286.0511 13280.0223  0.05%  1263 1696s
  2548   659 13281.3114   21 1689 13286.0511 13280.0223  0.05%  1285 1728s
  2561   672 13281.0866   21 1314 13286.0511 13280.0223  0.05%  1297 1754s
  2580   677 13284.1559   22 1477 13286.0511 13280.0223  0.05%  1323 1774s
  2593   695 13281.3192   23 1107 13286.0511 13280.0223  0.05%  1352 1792s
  2625   680 13284.4307   24 1225 13286.0511 13280.0223  0.05%  1388 1800s

Cutting planes:
  Gomory: 116
  Cover: 24
  Implied bound: 39
  MIR: 402
  Mixing: 12
  Flow cover: 941
  RLT: 8
  Relax-and-lift: 72

Explored 2644 nodes (3794030 simplex iterations) in 1800.33 seconds (1780.04 work units)
Thread count was 24 (of 24 available processors)

Solution count 10: 13286.1 13286.1 13286.1 ... 13286.4

Time limit reached
Best objective 1.328605106184e+04, best bound 1.328002229024e+04, gap 0.0454%
