
Gurobi 13.0.1 (win64) logging started Thu Oct  8 15:26:34 2026

Set parameter LogFile to value "ieee_owen\weak_eps_experiment\stochastic\main17_xi\logs\n60_S20_day13_ef_gurobi.log"
Set parameter NodefileStart to value 3
Set parameter MIPGap to value 0.0001
Gurobi Optimizer version 13.0.1 build v13.0.1rc0 (win64 - Windows 10.0 (19045.2))

CPU model: AMD Ryzen 9 5900X 12-Core Processor, instruction set [SSE2|AVX|AVX2]
Thread count: 12 physical cores, 24 logical processors, using up to 24 threads

Non-default parameters:
TimeLimit  1800
NodefileStart  3
LogToConsole  0

Optimize a model with 340064 rows, 343286 columns and 1462340 nonzeros (Min)
Model fingerprint: 0x19ab5416
Model has 22 linear objective coefficients
Variable types: 289046 continuous, 54240 integer (54240 binary)
Coefficient statistics:
  Matrix range     [3e-04, 2e+02]
  Objective range  [5e-02, 1e+00]
  Bounds range     [9e-03, 6e+01]
  RHS range        [5e-02, 2e+01]

Presolve removed 152038 rows and 125221 columns
Presolve time: 3.32s
Presolved: 188026 rows, 218065 columns, 746360 nonzeros
Variable types: 169153 continuous, 48912 integer (48911 binary)
Found heuristic solution: objective 15310.940824
Deterministic concurrent LP optimizer: primal simplex, dual simplex, and barrier
Showing barrier log only...

Root barrier log...

Ordering time: 1.53s
Ordering time: 1.72s

Barrier statistics:
 Dense cols : 567
 Free vars  : 41
 AA' NZ     : 6.348e+05
 Factor NZ  : 3.437e+06 (roughly 180 MB of memory)
 Factor Ops : 5.777e+08 (less than 1 second per iteration)
 Threads    : 10

                  Objective                Residual
Iter       Primal          Dual         Primal    Dual     Compl     Time
   0   1.73359954e+00 -2.25749843e+04  4.96e+03 6.40e+01  1.67e+00     8s
   1  -2.61429796e+04 -2.27296609e+04  4.93e+03 6.07e+01  1.67e+00     8s
   2   2.30338398e+05 -2.26092187e+04  4.59e+03 5.29e+01  1.69e+00     9s
   3  -1.12227351e+05 -2.33534723e+04  3.37e+03 4.83e+01  1.21e+00     9s
   4  -1.53636763e+05 -2.34903177e+04  3.09e+03 4.25e+01  1.14e+00     9s
   5  -1.89399044e+05 -2.33108488e+04  2.55e+03 3.71e+01  9.28e-01     9s
   6  -1.84852616e+05 -2.25161350e+04  1.79e+03 2.78e+01  6.39e-01     9s
   7  -1.00402305e+05 -1.85956423e+04  9.21e+02 1.53e+01  3.48e-01     9s
   8  -7.88848717e+04 -1.10215787e+04  7.04e+02 6.23e+00  2.57e-01     9s
   9  -5.57448232e+04 -5.33702976e+03  5.16e+02 2.88e+00  1.86e-01     9s
  10  -3.50891391e+04 -2.14547911e+03  3.45e+02 1.72e+00  1.24e-01     9s
  11  -2.84794787e+04 -3.73975753e+02  2.93e+02 1.31e+00  1.04e-01     9s
  12  -1.96104038e+04  8.40741308e+02  2.23e+02 1.07e+00  8.07e-02    10s
  13  -1.12727445e+04  2.53718314e+03  1.58e+02 7.48e-01  5.78e-02    10s
  14  -3.74850427e+03  4.88003994e+03  1.01e+02 4.46e-01  3.69e-02    10s
  15   8.82673517e+02  7.07166284e+03  6.72e+01 2.33e-01  2.35e-02    10s
  16   5.58207078e+03  8.49831132e+03  3.58e+01 1.31e-01  1.31e-02    10s
  17   7.08777597e+03  9.18457272e+03  2.64e+01 9.48e-02  9.75e-03    10s
  18   7.57592803e+03  9.44576170e+03  2.34e+01 8.31e-02  8.66e-03    10s
  19   7.99291825e+03  9.66568351e+03  2.08e+01 7.33e-02  7.70e-03    10s
  20   8.37715622e+03  9.90688858e+03  1.84e+01 6.15e-02  6.70e-03    10s
  21   9.09180449e+03  1.00595942e+04  1.39e+01 5.48e-02  5.41e-03    10s
  22   9.24920345e+03  1.03917484e+04  1.29e+01 4.58e-02  4.82e-03    11s
  23   9.27915781e+03  1.05722909e+04  1.27e+01 4.46e-02  4.73e-03    11s
  24   9.29941305e+03  1.08329260e+04  1.26e+01 4.42e-02  4.68e-03    11s
  25   9.30737105e+03  1.07833465e+04  1.26e+01 4.41e-02  4.67e-03    11s
  26   9.36826815e+03  1.08940709e+04  1.23e+01 4.32e-02  4.57e-03    11s
  27   9.59511160e+03  1.08940966e+04  1.12e+01 4.22e-02  4.30e-03    11s
  28   9.96881271e+03  1.10601472e+04  9.43e+00 3.56e-02  3.65e-03    11s
  29   1.06219344e+04  1.12843734e+04  6.33e+00 2.66e-02  2.59e-03    11s
  30   1.09798321e+04  1.14118668e+04  4.65e+00 2.16e-02  2.02e-03    11s
  31   1.13594108e+04  1.16186809e+04  2.88e+00 1.36e-02  1.27e-03    12s
  32   1.14853800e+04  1.17355783e+04  2.31e+00 9.33e-03  9.41e-04    12s
  33   1.16192994e+04  1.17512407e+04  1.71e+00 8.77e-03  8.02e-04    12s
  34   1.17248300e+04  1.18241103e+04  1.24e+00 6.23e-03  5.77e-04    12s
  35   1.18057573e+04  1.18638500e+04  8.82e-01 4.83e-03  4.34e-04    12s
  36   1.18751396e+04  1.18917239e+04  5.74e-01 3.84e-03  3.25e-04    12s
  37   1.19125080e+04  1.19141125e+04  4.06e-01 3.06e-03  2.50e-04    12s
  38   1.19388166e+04  1.19423311e+04  2.89e-01 2.06e-03  1.74e-04    12s
  39   1.19702260e+04  1.19595258e+04  1.52e-01 1.48e-03  1.16e-04    13s
  40   1.19713702e+04  1.19626607e+04  1.47e-01 1.38e-03  1.09e-04    13s
  41   1.19800973e+04  1.19645473e+04  1.07e-01 1.31e-03  9.79e-05    13s
  42   1.19896534e+04  1.19791870e+04  6.47e-02 8.11e-04  6.13e-05    13s
  43   1.19915573e+04  1.19860004e+04  5.61e-02 5.78e-04  4.62e-05    13s
  44   1.19949179e+04  1.19910195e+04  4.10e-02 4.15e-04  3.34e-05    13s
  45   1.19970063e+04  1.19939781e+04  3.13e-02 3.19e-04  2.57e-05    13s
  46   1.20019169e+04  1.20000081e+04  9.64e-03 1.21e-04  9.82e-06    13s
  47   1.20031136e+04  1.20020133e+04  3.95e-03 5.68e-05  4.66e-06    13s
  48   1.20034674e+04  1.20023384e+04  2.16e-03 4.66e-05  3.59e-06    13s
  49   1.20037584e+04  1.20036125e+04  7.25e-04 8.07e-06  7.44e-07    13s
  50   1.20038874e+04  1.20038649e+04  6.28e-05 7.69e-07  8.37e-08    14s
  51   1.20038967e+04  1.20038889e+04  3.34e-06 1.94e-07  1.76e-08    14s
  52   1.20038971e+04  1.20038961e+04  4.52e-07 2.60e-08  2.44e-09    14s
  53   1.20038972e+04  1.20038972e+04  1.90e-08 1.01e-10  5.47e-11    14s

Barrier solved model in 53 iterations and 13.77 seconds (13.98 work units)
Optimal objective 1.20038972e+04


Root crossover log...

   61168 DPushes remaining with DInf 1.0656993e-06                14s
    1266 DPushes remaining with DInf 0.0000000e+00                15s
       0 DPushes remaining with DInf 0.0000000e+00                15s

   35173 PPushes remaining with PInf 5.6148961e-04                15s
       0 PPushes remaining with PInf 0.0000000e+00                16s

  Push phase complete: Pinf 0.0000000e+00, Dinf 2.1244912e-11     16s


Root simplex log...

Iteration    Objective       Primal Inf.    Dual Inf.      Time
   81192    1.2003897e+04   0.000000e+00   0.000000e+00     17s
Crossover time: 2.73 seconds (2.50 work units)
Concurrent spin time: 0.00s

Solved with barrier
   81192    1.2003897e+04   0.000000e+00   0.000000e+00     17s

Root relaxation: objective 1.200390e+04, 81192 iterations, 10.95 seconds (9.34 work units)

    Nodes    |    Current Node    |     Objective Bounds      |     Work
 Expl Unexpl |  Obj  Depth IntInf | Incumbent    BestBd   Gap | It/Node Time

     0     0 12003.8972    0 1724 15310.9408 12003.8972  21.6%     -   20s
H    0     0                    12050.197754 12003.8972  0.38%     -   24s
     0     0 12004.2599    0 1489 12050.1978 12004.2599  0.38%     -   29s
H    0     0                    12040.714962 12004.2599  0.30%     -   32s
     0     0 12004.2599    0 1489 12040.7150 12004.2599  0.30%     -   32s
     0     0 12004.2825    0 1590 12040.7150 12004.2825  0.30%     -   38s
     0     0 12004.2859    0 1503 12040.7150 12004.2859  0.30%     -   39s
     0     0 12004.2859    0 1525 12040.7150 12004.2859  0.30%     -   40s
     0     0 12004.2877    0 1460 12040.7150 12004.2877  0.30%     -   44s
     0     0 12004.2877    0 1460 12040.7150 12004.2877  0.30%     -   45s
     0     0 12004.2877    0 1494 12040.7150 12004.2877  0.30%     -   48s
     0     0 12004.2877    0 1495 12040.7150 12004.2877  0.30%     -   50s
     0     0 12004.2877    0 1478 12040.7150 12004.2877  0.30%     -   53s
     0     0 12004.2877    0 1376 12040.7150 12004.2877  0.30%     -   55s
H    0     0                    12033.449426 12004.3026  0.24%     -   59s
     0     0 12004.3026    0 1377 12033.4494 12004.3026  0.24%     -   60s
     0     0 12004.3026    0 1407 12033.4494 12004.3026  0.24%     -   63s
     0     0 12004.3026    0 1325 12033.4494 12004.3026  0.24%     -   64s
     0     0 12004.3026    0 1325 12033.4494 12004.3026  0.24%     -   66s
     0     0 12004.3026    0 1342 12033.4494 12004.3026  0.24%     -   70s
     0     0 12004.3026    0 1317 12033.4494 12004.3026  0.24%     -   71s
     0     0 12004.3026    0 1317 12033.4494 12004.3026  0.24%     -   72s
     0     0 12004.3026    0 1317 12033.4494 12004.3026  0.24%     -   72s
     0     2 12004.3026    0 1317 12033.4494 12004.3026  0.24%     -   78s
     3     8 12004.8343    2 1169 12033.4494 12004.3026  0.24%  2725   83s
     7    16 12004.8343    3 1193 12033.4494 12004.3026  0.24%  1613   88s
    15    28 12004.8343    4 1204 12033.4494 12004.3162  0.24%  1621   98s
    27    48 12004.8343    5 1180 12033.4494 12004.3260  0.24%  2640  107s
    47    94 12004.9537    7 1179 12033.4494 12004.3260  0.24%  2211  119s
H   61    94                    12023.784568 12004.3260  0.16%  1981  119s
    93   187 12004.9632    8 1179 12023.7846 12004.3260  0.16%  1528  138s
H  120   187                    12023.755968 12004.3260  0.16%  1437  138s
   186   263 12005.0945   11 1051 12023.7560 12004.3260  0.16%  1427  165s
H  213   263                    12022.485717 12004.3260  0.15%  1423  165s
   262   275 12005.7492   18  860 12022.4857 12004.3260  0.15%  1519  261s
H  266   275                    12022.139702 12004.3260  0.15%  1508  261s
   274   361 12012.1071   18  846 12022.1397 12004.3260  0.15%  1699  293s
H  349   361                    12018.388460 12004.3260  0.12%  1879  293s
   360   433 12006.7770   22  862 12018.3885 12004.3260  0.12%  1947  333s
H  364   433                    12018.383132 12004.3260  0.12%  1993  333s
H  415   433                    12018.381161 12004.3260  0.12%  2119  333s
H  425   433                    12018.373959 12004.3260  0.12%  2170  333s
H  432   497                    12017.715596 12004.3260  0.11%  2211  375s
H  437   497                    12017.483934 12004.3260  0.11%  2254  375s
H  449   497                    12017.394239 12004.3260  0.11%  2330  376s
H  461   497                    12017.102977 12004.3260  0.11%  2361  376s
   496   607 12010.1957   27  786 12017.1030 12004.3260  0.11%  2555  425s
   608   808 12010.7856   32  948 12017.1030 12004.3260  0.11%  2589  480s
   874   843 12013.9537   53  670 12017.1030 12004.3260  0.11%  2138  528s
H  898   843                    12017.102971 12004.3260  0.11%  2118  528s
   943   890 12005.0251   11 1390 12017.1030 12004.3291  0.11%  2151  571s
  1006  1001 12008.0794   14  980 12017.1030 12004.3291  0.11%  2257  621s
  1144  1102 12010.4157   20  788 12017.1030 12004.3291  0.11%  2286  673s
  1277  1189 12015.8569   23  664 12017.1030 12004.3499  0.11%  2289  722s
  1416  1301 12005.0902   16 1012 12017.1030 12004.4401  0.11%  2323  775s
  1597  1443 12015.1755   28  737 12017.1030 12004.4401  0.11%  2271  838s
  1844  1647 12010.1869   15  584 12017.1030 12004.4425  0.11%  2173  889s
  2112  1802 12015.3921   21  463 12017.1030 12004.4425  0.11%  2062  946s
H 2285  1760                    12016.975439 12004.4425  0.10%  1994 1034s
H 2285  1760                    12016.968831 12004.4425  0.10%  1994 1034s
H 2285  1574                    12016.602584 12004.4425  0.10%  1994 1042s
H 2285  1573                    12016.563103 12004.4425  0.10%  1994 1043s
H 2285  1526                    12016.515866 12004.4425  0.10%  1994 1043s
  2286  1515 12016.4746   56 1317 12016.5159 12004.4425  0.10%  1993 1200s
  2288  1516 12014.5325   30 2045 12016.5159 12004.4425  0.10%  1991 1237s
  2289  1517 12007.2977   18 1491 12016.5159 12004.4425  0.10%  1990 1277s
  2290  1518 12005.6350   18 1821 12016.5159 12004.4425  0.10%  1990 1287s
  2291  1518 12007.7120   10 1756 12016.5159 12004.4425  0.10%  1989 1314s
  2292  1519 12015.5650   39 1412 12016.5159 12004.4425  0.10%  1988 1340s
  2293  1520 12005.9311   14 1397 12016.5159 12004.4425  0.10%  1987 1364s
  2294  1520 12005.6566    9 1386 12016.5159 12004.4425  0.10%  1986 1388s
  2295  1521 12011.4005   40 1364 12016.5159 12004.4425  0.10%  1985 1404s
  2296  1522 12009.0209   35 1359 12016.5159 12004.4425  0.10%  1984 1428s
  2297  1522 12010.9640   32 1434 12016.5159 12004.4425  0.10%  1984 1430s
  2298  1523 12008.8944   15 1418 12016.5159 12004.4425  0.10%  1983 1445s
  2299  1524 12005.0439    6 1308 12016.5159 12004.4425  0.10%  1982 1464s
  2300  1524 12013.0063   20 1238 12016.5159 12004.4425  0.10%  1981 1476s
  2301  1525 12005.4909   13 1217 12016.5159 12004.4425  0.10%  1980 1492s
  2302  1526 12006.4869   24 1308 12016.5159 12004.4454  0.10%  1979 1505s
  2303  1526 12016.0034   54 1365 12016.5159 12004.4454  0.10%  1978 1525s
  2304  1527 12011.9735   41 1518 12016.5159 12004.4476  0.10%  1977 1541s
  2305  1528 12011.4722   22 1535 12016.5159 12004.4476  0.10%  1977 1564s
  2306  1528 12015.3063   56 1580 12016.5159 12004.4488  0.10%  1976 1582s
  2307  1529 12016.3061   59 1559 12016.5159 12004.4488  0.10%  1975 1605s
  2309  1530 12007.0896   13 1526 12016.5159 12004.4589  0.10%  1973 1621s
  2310  1531 12011.2823   26 1522 12016.5159 12004.4589  0.10%  1972 1645s
  2311  1532 12005.8914   15 1548 12016.5159 12004.4964  0.10%  1971 1663s
  2312  1532 12006.0963   12 1527 12016.5159 12004.4964  0.10%  1971 1684s
  2313  1533 12008.3198   33 1619 12016.5159 12004.5745  0.10%  1970 1701s
  2314  1534 12015.0113   52 1531 12016.5159 12004.5745  0.10%  1969 1726s
  2315  1534 12008.6041   14 1669 12016.5159 12004.5745  0.10%  1968 1745s
  2316  1535 12011.4454   26 1502 12016.5159 12004.5745  0.10%  1967 1766s
  2317  1536 12012.5048   56 1490 12016.5159 12004.5745  0.10%  1966 1786s

Cutting planes:
  Gomory: 56
  Cover: 13
  Implied bound: 36
  MIR: 142
  Mixing: 19
  Flow cover: 650
  Relax-and-lift: 23

Explored 2317 nodes (4921679 simplex iterations) in 1800.21 seconds (1606.32 work units)
Thread count was 24 (of 24 available processors)

Solution count 10: 12016.5 12016.6 12016.6 ... 12017.1

Time limit reached
Best objective 1.201651586564e+04, best bound 1.200457451484e+04, gap 0.0994%
