
Gurobi 13.0.1 (win64) logging started Thu Oct  8 02:07:31 2026

Set parameter LogFile to value "ieee_owen\weak_eps_experiment\stochastic\main17_xi\logs\n60_S20_day5_ef_gurobi.log"
Set parameter NodefileStart to value 3
Set parameter MIPGap to value 0.0001
Gurobi Optimizer version 13.0.1 build v13.0.1rc0 (win64 - Windows 10.0 (19045.2))

CPU model: AMD Ryzen 9 5900X 12-Core Processor, instruction set [SSE2|AVX|AVX2]
Thread count: 12 physical cores, 24 logical processors, using up to 24 threads

Non-default parameters:
TimeLimit  1800
NodefileStart  3
LogToConsole  0

Optimize a model with 340064 rows, 343286 columns and 1462340 nonzeros (Min)
Model fingerprint: 0x1088b9cd
Model has 22 linear objective coefficients
Variable types: 289046 continuous, 54240 integer (54240 binary)
Coefficient statistics:
  Matrix range     [3e-04, 2e+02]
  Objective range  [5e-02, 1e+00]
  Bounds range     [7e-03, 6e+01]
  RHS range        [5e-02, 2e+01]

Presolve removed 152087 rows and 125289 columns
Presolve time: 3.34s
Presolved: 187977 rows, 217997 columns, 746116 nonzeros
Variable types: 169107 continuous, 48890 integer (48889 binary)
Found heuristic solution: objective 14440.176336
Deterministic concurrent LP optimizer: primal simplex, dual simplex, and barrier
Showing barrier log only...

Root barrier log...

Ordering time: 1.42s
Ordering time: 1.59s

Barrier statistics:
 Dense cols : 567
 Free vars  : 41
 AA' NZ     : 6.347e+05
 Factor NZ  : 3.416e+06 (roughly 180 MB of memory)
 Factor Ops : 5.620e+08 (less than 1 second per iteration)
 Threads    : 10

                  Objective                Residual
Iter       Primal          Dual         Primal    Dual     Compl     Time
   0   1.57066310e+00 -2.26800396e+04  4.49e+03 6.40e+01  1.52e+00     8s
   1  -2.45581028e+04 -2.29466248e+04  4.47e+03 5.82e+01  1.53e+00     8s
   2   1.24117981e+05 -2.28767305e+04  4.17e+03 5.21e+01  1.52e+00     8s
   3  -1.39318872e+05 -2.39880560e+04  3.02e+03 4.61e+01  1.09e+00     9s
   4  -1.94037401e+05 -2.40164101e+04  2.51e+03 3.99e+01  9.01e-01     9s
   5  -1.88575119e+05 -2.30703050e+04  1.76e+03 3.03e+01  6.23e-01     9s
   6  -1.14017065e+05 -1.89778013e+04  9.81e+02 1.34e+01  3.60e-01     9s
   7  -8.06050334e+04 -1.22896080e+04  6.72e+02 5.92e+00  2.41e-01     9s
   8  -5.11603173e+04 -7.39501936e+03  4.38e+02 3.41e+00  1.58e-01     9s
   9  -4.03593806e+04 -5.04649625e+03  3.55e+02 2.49e+00  1.27e-01     9s
  10  -3.48497945e+04 -2.71469584e+03  3.14e+02 1.75e+00  1.09e-01     9s
  11  -2.94891503e+04 -1.48579496e+03  2.74e+02 1.44e+00  9.50e-02     9s
  12  -1.84262984e+04  8.52482352e+02  1.93e+02 9.24e-01  6.68e-02     9s
  13  -9.77785612e+03  2.96611024e+03  1.32e+02 5.90e-01  4.57e-02    10s
  14  -3.40055848e+03  5.12450867e+03  8.80e+01 3.73e-01  3.04e-02    10s
  15   6.10410007e+02  6.57815209e+03  6.27e+01 2.45e-01  2.16e-02    10s
  16   3.03969696e+03  7.17531288e+03  4.85e+01 2.03e-01  1.76e-02    10s
  17   4.27818242e+03  7.41637991e+03  4.04e+01 1.86e-01  1.52e-02    10s
  18   4.87091666e+03  7.91669527e+03  3.64e+01 1.52e-01  1.32e-02    10s
  19   5.94434154e+03  8.26210193e+03  2.92e+01 1.30e-01  1.09e-02    10s
  20   6.83703025e+03  8.69819991e+03  2.35e+01 1.04e-01  8.77e-03    10s
  21   7.99127883e+03  9.15404624e+03  1.64e+01 7.97e-02  6.45e-03    10s
  22   8.46586118e+03  9.47667309e+03  1.35e+01 6.34e-02  5.22e-03    11s
  23   8.54661743e+03  9.61557748e+03  1.30e+01 6.01e-02  5.00e-03    11s
  24   8.59360303e+03  9.80968442e+03  1.27e+01 5.83e-02  4.87e-03    11s
  25   8.59961586e+03  9.88445308e+03  1.27e+01 5.80e-02  4.86e-03    11s
  26   8.62519417e+03  1.00845257e+04  1.26e+01 5.76e-02  4.81e-03    11s
  27   8.63087721e+03  1.00476185e+04  1.25e+01 5.75e-02  4.80e-03    11s
  28   9.60381134e+01 -2.26800396e+08  2.75e+05 6.40e+01  8.98e+05    11s
  29   1.73825807e+07 -2.51691094e+08  4.10e+04 3.47e+02  1.44e+05    11s
  30   1.66753566e+07 -2.52193190e+08  4.59e+03 8.60e+01  1.69e+04    12s
  31   1.51879790e+07 -2.34725551e+08  1.13e+03 3.69e+01  4.60e+03    12s
  32   1.33548073e+07 -1.54414440e+08  4.13e+02 1.56e+00  1.56e+03    12s
  33   8.92057583e+06 -1.27639608e+08  2.44e+02 7.90e-01  9.34e+02    12s
  34   4.00415520e+06 -1.02410998e+08  1.03e+02 4.58e-01  4.61e+02    12s
  35   2.71172513e+06 -5.71192831e+07  6.69e+01 8.54e-02  2.42e+02    12s
  36   1.37518949e+06 -2.85593745e+07  3.33e+01 9.86e-03  1.04e+02    12s
  37   9.78745215e+04 -1.66245332e+07  1.88e+00 2.23e-03  3.42e+01    12s
  38   3.42090523e+04 -3.08342655e+06  5.08e-01 9.10e-04  6.14e+00    12s
  39   3.18783025e+04 -1.46076710e+06  2.48e-01 4.92e-04  2.91e+00    12s
  40   2.66733089e+04 -9.43332041e+05  1.08e-01 3.18e-04  1.88e+00    12s
  41   2.45812424e+04 -4.81365472e+05  7.07e-02 1.50e-04  9.81e-01    12s
  42   2.28768699e+04 -2.19666776e+05  4.72e-02 1.04e-04  4.70e-01    12s
  43   2.03308227e+04 -1.45823056e+05  2.28e-02 7.49e-05  3.21e-01    12s
  44   1.88097873e+04 -1.03430261e+05  1.40e-02 5.43e-05  2.36e-01    13s
  45   1.75599397e+04 -3.48087664e+04  8.75e-03 2.17e-05  1.01e-01    13s
  46   1.62717564e+04 -2.21686266e+04  5.68e-03 1.60e-05  7.43e-02    13s
  47   1.55136522e+04 -1.14615617e+04  4.21e-03 1.91e-05  5.21e-02    13s
  48   1.50204667e+04 -8.02436576e+03  3.40e-03 2.26e-05  4.45e-02    13s
  49   1.49313486e+04 -3.19044492e+03  3.27e-03 2.03e-05  3.50e-02    13s
  50   1.42025017e+04 -1.57936760e+03  2.20e-03 2.06e-05  3.05e-02    13s
  51   1.36991979e+04  1.97505468e+03  1.62e-03 1.57e-05  2.27e-02    13s
  52   1.35322951e+04  2.74393978e+03  1.45e-03 1.47e-05  2.09e-02    13s
  53   1.31498803e+04  5.51271588e+03  1.10e-03 1.11e-05  1.48e-02    13s
  54   1.27351767e+04  7.27017507e+03  7.64e-04 8.08e-06  1.06e-02    14s
  55   1.24902462e+04  8.04916388e+03  5.93e-04 6.71e-06  8.58e-03    14s
  56   1.22101816e+04  8.84985933e+03  4.09e-04 5.20e-06  6.50e-03    14s
  57   1.20405760e+04  9.23963594e+03  3.09e-04 4.46e-06  5.41e-03    14s
  58   1.19011369e+04  9.59423799e+03  2.27e-04 3.76e-06  4.46e-03    14s
  59   1.18163746e+04  9.79524687e+03  1.80e-04 3.32e-06  3.91e-03    14s
  60   1.17572729e+04  9.99886818e+03  1.45e-04 2.93e-06  3.40e-03    14s
  61   1.16658919e+04  1.02879366e+04  9.51e-05 2.37e-06  2.66e-03    14s
  62   1.16034499e+04  1.05553081e+04  6.55e-05 1.83e-06  2.03e-03    14s
  63   1.15804947e+04  1.07661791e+04  5.56e-05 1.81e-06  1.57e-03    15s
  64   1.15378396e+04  1.09176730e+04  3.70e-05 2.64e-06  1.20e-03    15s
  65   1.15168044e+04  1.09675434e+04  2.92e-05 1.88e-06  1.06e-03    15s
  66   1.15144502e+04  1.10320947e+04  2.82e-05 1.84e-06  9.32e-04    15s
  67   1.14922334e+04  1.11613614e+04  2.02e-05 1.58e-06  6.40e-04    15s
  68   1.14678106e+04  1.12322644e+04  1.20e-05 2.16e-06  4.55e-04    15s
  69   1.14552938e+04  1.12589326e+04  8.10e-06 2.44e-06  3.80e-04    15s
  70   1.14471333e+04  1.12904532e+04  5.67e-06 2.77e-06  3.03e-04    16s
  71   1.14461217e+04  1.13011870e+04  5.40e-06 2.83e-06  2.80e-04    16s
  72   1.14386817e+04  1.13286800e+04  3.37e-06 2.16e-06  2.13e-04    16s
  73   1.14369625e+04  1.13528500e+04  2.86e-06 1.40e-06  1.63e-04    16s
  74   1.14304310e+04  1.13703173e+04  1.26e-06 1.09e-06  1.16e-04    16s
  75   1.14281585e+04  1.13879651e+04  7.57e-07 7.51e-07  7.77e-05    16s
  76   1.14268969e+04  1.13906031e+04  5.25e-07 7.06e-07  7.02e-05    16s
  77   1.14262502e+04  1.14074040e+04  3.95e-07 2.59e-07  3.64e-05    16s
  78   1.14251103e+04  1.14149316e+04  1.77e-07 1.16e-07  1.97e-05    17s
  79   1.14246426e+04  1.14182501e+04  9.75e-08 7.16e-08  1.24e-05    17s
  80   1.14243271e+04  1.14214973e+04  4.82e-08 1.86e-08  5.47e-06    17s
  81   1.14241595e+04  1.14230802e+04  2.64e-08 6.06e-09  2.09e-06    17s
  82   1.14240232e+04  1.14232248e+04  9.43e-09 5.04e-09  1.54e-06    17s
  83   1.14239655e+04  1.14238129e+04  3.02e-09 6.75e-10  2.95e-07    17s
  84   1.14239401e+04  1.14238898e+04  1.07e-09 2.09e-10  9.72e-08    17s
  85   1.14239321e+04  1.14239238e+04  1.97e-09 2.95e-11  1.60e-08    17s
  86   1.14239305e+04  1.14239299e+04  3.73e-10 2.27e-12  1.05e-09    17s
  87   1.14239305e+04  1.14239305e+04  3.80e-11 3.89e-13  9.05e-14    17s

Barrier solved model in 87 iterations and 17.44 seconds (17.74 work units)
Optimal objective 1.14239305e+04


Root crossover log...

   64189 DPushes remaining with DInf 0.0000000e+00                18s
       0 DPushes remaining with DInf 0.0000000e+00                19s

   33969 PPushes remaining with PInf 0.0000000e+00                19s
    7681 PPushes remaining with PInf 0.0000000e+00                20s
       0 PPushes remaining with PInf 0.0000000e+00                20s

  Push phase complete: Pinf 0.0000000e+00, Dinf 2.2086343e-11     20s


Root simplex log...

Iteration    Objective       Primal Inf.    Dual Inf.      Time
   96496    1.1423930e+04   0.000000e+00   0.000000e+00     20s
Crossover time: 2.89 seconds (3.22 work units)
Concurrent spin time: 1.39s

Solved with barrier
   96496    1.1423930e+04   0.000000e+00   0.000000e+00     22s

Root relaxation: objective 1.142393e+04, 96496 iterations, 16.09 seconds (13.68 work units)

    Nodes    |    Current Node    |     Objective Bounds      |     Work
 Expl Unexpl |  Obj  Depth IntInf | Incumbent    BestBd   Gap | It/Node Time

     0     0 11423.9305    0 1483 14440.1763 11423.9305  20.9%     -   28s
H    0     0                    11513.935437 11423.9305  0.78%     -   31s
     0     0 11424.5168    0 1275 11513.9354 11424.5168  0.78%     -   37s
H    0     0                    11471.092374 11424.5168  0.41%     -   39s
     0     0 11424.7094    0 1228 11471.0924 11424.7094  0.40%     -   44s
H    0     0                    11467.903728 11424.7105  0.38%     -   47s
     0     0 11424.7105    0 1228 11467.9037 11424.7105  0.38%     -   48s
     0     0 11424.7726    0 1208 11467.9037 11424.7726  0.38%     -   52s
H    0     0                    11466.159467 11424.7730  0.36%     -   54s
     0     0 11424.7730    0 1209 11466.1595 11424.7730  0.36%     -   55s
     0     0 11424.8141    0 1253 11466.1595 11424.8141  0.36%     -   59s
     0     0 11424.8141    0 1297 11466.1595 11424.8141  0.36%     -   59s
     0     0 11424.8141    0 1221 11466.1595 11424.8141  0.36%     -   63s
     0     0 11424.8194    0 1221 11466.1595 11424.8194  0.36%     -   66s
     0     0 11424.8194    0 1216 11466.1595 11424.8194  0.36%     -   68s
     0     0 11424.8194    0 1216 11466.1595 11424.8194  0.36%     -   68s
     0     0 11424.8194    0 1120 11466.1595 11424.8194  0.36%     -   71s
     0     0 11424.8242    0 1121 11466.1595 11424.8242  0.36%     -   74s
     0     0 11424.8242    0 1118 11466.1595 11424.8242  0.36%     -   77s
     0     0 11424.8242    0 1118 11466.1595 11424.8242  0.36%     -   79s
     0     0 11424.8242    0 1118 11466.1595 11424.8242  0.36%     -   80s
     0     0 11424.8242    0 1118 11466.1595 11424.8242  0.36%     -   80s
     0     0 11424.8242    0 1118 11466.1595 11424.8242  0.36%     -   83s
     0     0 11424.8242    0 1118 11466.1595 11424.8242  0.36%     -   83s
     0     0 11424.8242    0 1118 11466.1595 11424.8242  0.36%     -   84s
     0     2 11424.8295    0 1118 11466.1595 11424.8295  0.36%     -   87s
     3     8 11424.8923    2 1095 11466.1595 11424.8718  0.36%   767   93s
     7    16 11425.6596    3 1171 11466.1595 11424.8900  0.36%  1796  101s
H   10    16                    11465.349475 11424.8900  0.35%  1867  101s
    15    28 11425.6627    4 1170 11465.3495 11424.8923  0.35%  1411  111s
    27    47 11425.6818    5 1141 11465.3495 11424.8923  0.35%  1988  126s
    46    72 11426.1030    7  966 11465.3495 11424.8923  0.35%  1970  135s
    71    98 11426.1084    8  940 11465.3495 11424.8923  0.35%  1591  148s
H   73    98                    11464.968083 11424.8923  0.35%  1580  148s
H   97   118                    11464.825960 11424.8923  0.35%  1741  163s
   117   157 11426.7229   10  854 11464.8260 11424.8923  0.35%  1912  196s
H  156   207                    11463.913562 11424.8923  0.34%  2308  244s
H  167   207                    11461.584978 11424.8923  0.32%  2386  244s
H  189   207                    11461.402411 11424.8923  0.32%  2724  244s
H  200   207                    11455.751863 11424.8923  0.27%  2633  244s
H  206   242                    11455.379240 11424.8923  0.27%  2840  307s
H  206   242                    11454.454886 11424.8923  0.26%  2840  307s
H  213   242                    11443.092975 11424.8923  0.16%  3021  307s
   241   339 11429.9459   17  904 11443.0930 11424.8923  0.16%  3225  382s
H  287   339                    11442.430329 11424.8923  0.15%  3159  382s
   338   446 11433.8758   22 1004 11442.4303 11424.8923  0.15%  3331  440s
H  397   446                    11439.972213 11424.8923  0.13%  3259  440s
   445   525 11435.9281   27  793 11439.9722 11424.8923  0.13%  3488  506s
H  486   525                    11438.562206 11424.8923  0.12%  3355  506s
   536   532     cutoff   33      11438.5622 11424.8923  0.12%  3369  613s
   553   542 11425.5346    6 1155 11438.5622 11424.8925  0.12%  3336  737s
H  565   542                    11438.349089 11424.8925  0.12%  3329  737s
   567   628 11427.4456    7  908 11438.3491 11424.8925  0.12%  3335  811s
H  689   721                    11438.329927 11424.8925  0.12%  3347  885s
H  706   721                    11437.469144 11424.8925  0.11%  3456  885s
   812   815 11432.6339   12 1147 11437.4691 11424.8925  0.11%  3265  938s
   960   892 11432.7428   15  880 11437.4691 11424.8925  0.11%  3108 1005s
H  999   863                    11437.290471 11424.8925  0.11%  3048 1005s
  1053   968 11434.5043   17  866 11437.2905 11424.8925  0.11%  2963 1061s
  1248  1059 11436.4822   25  587 11437.2905 11424.8925  0.11%  2770 1121s
  1442  1174 11427.7818   12  880 11437.2905 11424.8925  0.11%  2584 1171s
  1587  1294 11436.6437   25  497 11437.2905 11424.8925  0.11%  2486 1223s
  1768  1427 11430.9881    8  998 11437.2905 11425.0888  0.11%  2382 1271s
  1936  1538 11433.3498   10  820 11437.2905 11425.0888  0.11%  2328 1323s
H 1974  1509                    11437.278122 11425.2214  0.11%  2340 1323s
* 1990  1305             311    11437.277930 11425.2214  0.11%  2322 1323s
  2097  1345 11436.3893   15  756 11437.2779 11425.2500  0.11%  2303 1385s
H 2249  1222                    11437.126307 11425.2879  0.10%  2313 1414s
  2250  1216 11436.8957   62 1118 11437.1263 11425.2879  0.10%  2312 1627s
  2252  1217 11433.3147   17 1783 11437.1263 11425.2879  0.10%  2309 1670s
  2253  1218 11433.4483   17 1205 11437.1263 11425.2879  0.10%  2308 1709s
  2254  1219 11432.3206   22 1218 11437.1263 11425.2879  0.10%  2307 1718s
  2255  1219 11432.7829   21 1209 11437.1263 11425.2879  0.10%  2306 1736s
  2256  1220 11430.7348   11 1171 11437.1263 11425.2879  0.10%  2305 1765s
  2257  1221 11434.6704   22 1182 11437.1263 11425.2879  0.10%  2304 1786s

Cutting planes:
  Gomory: 139
  Cover: 30
  Implied bound: 15
  MIR: 272
  Mixing: 8
  Flow cover: 712
  RLT: 7
  Relax-and-lift: 21

Explored 2257 nodes (5498009 simplex iterations) in 1800.54 seconds (1866.42 work units)
Thread count was 24 (of 24 available processors)

Solution count 10: 11437.1 11437.1 11437.3 ... 11438.3

Time limit reached
Best objective 1.143712630740e+04, best bound 1.142557265849e+04, gap 0.1010%
