
Gurobi 13.0.1 (win64) logging started Wed Oct  7 21:49:28 2026

Set parameter LogFile to value "ieee_owen\weak_eps_experiment\stochastic\main17_xi\logs\n6_S20_day3_ef_gurobi.log"
Set parameter NodefileStart to value 3
Set parameter MIPGap to value 0.0001
Gurobi Optimizer version 13.0.1 build v13.0.1rc0 (win64 - Windows 10.0 (19045.2))

CPU model: AMD Ryzen 9 5900X 12-Core Processor, instruction set [SSE2|AVX|AVX2]
Thread count: 12 physical cores, 24 logical processors, using up to 24 threads

Non-default parameters:
TimeLimit  1800
NodefileStart  3
LogToConsole  0

Optimize a model with 29882 rows, 26126 columns and 118685 nonzeros (Min)
Model fingerprint: 0x3d9c1f05
Model has 22 linear objective coefficients
Variable types: 22646 continuous, 3480 integer (3480 binary)
Coefficient statistics:
  Matrix range     [3e-04, 2e+02]
  Objective range  [5e-02, 1e+00]
  Bounds range     [1e-01, 4e+01]
  RHS range        [2e-01, 2e+01]

Presolve removed 14487 rows and 9867 columns
Presolve time: 0.13s
Presolved: 15395 rows, 16259 columns, 59409 nonzeros
Variable types: 12907 continuous, 3352 integer (3351 binary)
Found heuristic solution: objective 794.3369569

Root relaxation: objective 5.433953e+02, 14815 iterations, 0.81 seconds (1.11 work units)

    Nodes    |    Current Node    |     Objective Bounds      |     Work
 Expl Unexpl |  Obj  Depth IntInf | Incumbent    BestBd   Gap | It/Node Time

     0     0  543.39531    0  463  794.33696  543.39531  31.6%     -    1s
H    0     0                     647.6984666  543.39531  16.1%     -    1s
     0     0  546.68265    0  287  647.69847  546.68265  15.6%     -    1s
H    0     0                     594.6639171  546.68265  8.07%     -    1s
     0     0  547.35980    0  289  594.66392  547.35980  7.95%     -    1s
     0     0  547.35980    0  289  594.66392  547.35980  7.95%     -    1s
H    0     0                     575.1175990  547.35980  4.83%     -    1s
     0     0  547.49969    0  272  575.11760  547.49969  4.80%     -    2s
     0     0  547.69344    0  271  575.11760  547.69344  4.77%     -    2s
     0     0  547.69344    0  274  575.11760  547.69344  4.77%     -    2s
H    0     0                     574.3445368  547.69344  4.64%     -    2s
H    0     0                     558.6241507  549.62420  1.61%     -    2s
     0     0  549.70094    0  291  558.62415  549.70094  1.60%     -    2s
     0     0  550.57491    0  298  558.62415  550.57491  1.44%     -    2s
     0     0  550.57491    0  294  558.62415  550.57491  1.44%     -    2s
     0     0  550.67503    0  296  558.62415  550.67503  1.42%     -    2s
H    0     0                     557.4072127  551.16305  1.12%     -    3s
     0     0  551.22021    0  318  557.40721  551.22021  1.11%     -    3s
     0     0  551.22021    0  318  557.40721  551.22021  1.11%     -    3s
     0     0  551.22021    0  296  557.40721  551.22021  1.11%     -    3s
H    0     0                     557.1134489  551.22021  1.06%     -    3s
     0     2  551.22021    0  296  557.11345  551.22021  1.06%     -    3s
   113    11  556.81556   11   56  557.11345  553.30971  0.68%   319    5s
H  239    95                     557.0529228  556.98014  0.01%   174    5s
H  246    95                     556.9815834  556.98014  0.00%   169    5s
*  249    95              28     556.9809744  556.98014  0.00%   167    5s
*  273    95              26     556.9801399  556.98014  0.00%   153    5s

Cutting planes:
  Gomory: 30
  Implied bound: 221
  MIR: 308
  Flow cover: 284
  RLT: 3
  Relax-and-lift: 100

Explored 288 nodes (60889 simplex iterations) in 5.47 seconds (7.05 work units)
Thread count was 24 (of 24 available processors)

Solution count 10: 556.98 556.981 556.982 ... 594.664

Optimal solution found (tolerance 1.00e-04)
Best objective 5.569801399303e+02, best bound 5.569801399303e+02, gap 0.0000%
