
Gurobi 13.0.1 (win64) logging started Thu Oct  8 19:18:39 2026

Set parameter LogFile to value "ieee_owen\weak_eps_experiment\stochastic\main17_xi\logs\n6_S20_day16_ef_gurobi.log"
Set parameter NodefileStart to value 3
Set parameter MIPGap to value 0.0001
Gurobi Optimizer version 13.0.1 build v13.0.1rc0 (win64 - Windows 10.0 (19045.2))

CPU model: AMD Ryzen 9 5900X 12-Core Processor, instruction set [SSE2|AVX|AVX2]
Thread count: 12 physical cores, 24 logical processors, using up to 24 threads

Non-default parameters:
TimeLimit  1800
NodefileStart  3
LogToConsole  0

Optimize a model with 29882 rows, 26126 columns and 118685 nonzeros (Min)
Model fingerprint: 0xc90be8d9
Model has 22 linear objective coefficients
Variable types: 22646 continuous, 3480 integer (3480 binary)
Coefficient statistics:
  Matrix range     [3e-04, 2e+02]
  Objective range  [5e-02, 1e+00]
  Bounds range     [1e-01, 4e+01]
  RHS range        [2e-01, 2e+01]

Presolve removed 14488 rows and 9868 columns
Presolve time: 0.14s
Presolved: 15394 rows, 16258 columns, 59403 nonzeros
Variable types: 12906 continuous, 3352 integer (3351 binary)
Found heuristic solution: objective 623.9429184

Root relaxation: objective 3.126942e+02, 14728 iterations, 0.85 seconds (1.20 work units)

    Nodes    |    Current Node    |     Objective Bounds      |     Work
 Expl Unexpl |  Obj  Depth IntInf | Incumbent    BestBd   Gap | It/Node Time

     0     0  312.69415    0  454  623.94292  312.69415  49.9%     -    1s
H    0     0                     349.8634943  312.69415  10.6%     -    1s
H    0     0                     325.5347328  312.69415  3.94%     -    1s
     0     0  315.03790    0  248  325.53473  315.03790  3.22%     -    1s
H    0     0                     320.7075760  315.05184  1.76%     -    1s
     0     0  315.12600    0  249  320.70758  315.12600  1.74%     -    1s
     0     0  317.64698    0  249  320.70758  317.64698  0.95%     -    1s
     0     0  317.89672    0  216  320.70758  317.89672  0.88%     -    1s
     0     0  318.46243    0  213  320.70758  318.46243  0.70%     -    1s
     0     0  318.46243    0  213  320.70758  318.46243  0.70%     -    2s
     0     0  318.66505    0  189  320.70758  318.66505  0.64%     -    2s
H    0     0                     320.2696429  318.66505  0.50%     -    2s
     0     0  319.01514    0  188  320.26964  319.01514  0.39%     -    2s
     0     0  319.76334    0  189  320.26964  319.76334  0.16%     -    2s
     0     0  319.76334    0  175  320.26964  319.76334  0.16%     -    2s
     0     0  319.76334    0  178  320.26964  319.76334  0.16%     -    2s
     0     0  319.76334    0  180  320.26964  319.76334  0.16%     -    2s
     0     0  319.76334    0  209  320.26964  319.76334  0.16%     -    3s
H    0     0                     320.2304191  319.76334  0.15%     -    3s
H    0     0                     319.8667395  319.76334  0.03%     -    3s
     0     0  319.76334    0  181  319.86674  319.76334  0.03%     -    3s
H    0     0                     319.7633385  319.76334  0.00%     -    3s
     0     0  319.76334    0  177  319.76334  319.76334  0.00%     -    3s

Cutting planes:
  Gomory: 56
  Cover: 18
  Implied bound: 208
  MIR: 186
  Flow cover: 247
  RLT: 3
  Relax-and-lift: 114
  BQP: 2

Explored 1 nodes (17502 simplex iterations) in 3.30 seconds (3.86 work units)
Thread count was 24 (of 24 available processors)

Solution count 8: 319.763 319.867 320.23 ... 623.943

Optimal solution found (tolerance 1.00e-04)
Best objective 3.197633384681e+02, best bound 3.197633384681e+02, gap 0.0000%
