
Gurobi 13.0.1 (win64) logging started Thu Oct  8 23:57:33 2026

Set parameter LogFile to value "ieee_owen\weak_eps_experiment\stochastic\main17_xi\logs\n6_S20_day19_ef_gurobi.log"
Set parameter NodefileStart to value 3
Set parameter MIPGap to value 0.0001
Gurobi Optimizer version 13.0.1 build v13.0.1rc0 (win64 - Windows 10.0 (19045.2))

CPU model: AMD Ryzen 9 5900X 12-Core Processor, instruction set [SSE2|AVX|AVX2]
Thread count: 12 physical cores, 24 logical processors, using up to 24 threads

Non-default parameters:
TimeLimit  1800
NodefileStart  3
LogToConsole  0

Optimize a model with 29882 rows, 26126 columns and 118685 nonzeros (Min)
Model fingerprint: 0xacade7b7
Model has 22 linear objective coefficients
Variable types: 22646 continuous, 3480 integer (3480 binary)
Coefficient statistics:
  Matrix range     [3e-04, 2e+02]
  Objective range  [5e-02, 1e+00]
  Bounds range     [1e-01, 4e+01]
  RHS range        [2e-01, 1e+01]

Presolve removed 14488 rows and 9868 columns
Presolve time: 0.12s
Presolved: 15394 rows, 16258 columns, 59403 nonzeros
Variable types: 12906 continuous, 3352 integer (3351 binary)
Found heuristic solution: objective 630.2130030

Root relaxation: objective 3.409369e+02, 15312 iterations, 1.16 seconds (1.51 work units)

    Nodes    |    Current Node    |     Objective Bounds      |     Work
 Expl Unexpl |  Obj  Depth IntInf | Incumbent    BestBd   Gap | It/Node Time

     0     0  340.93688    0  510  630.21300  340.93688  45.9%     -    1s
H    0     0                     388.8162427  340.93688  12.3%     -    1s
     0     0  343.30951    0  332  388.81624  343.30951  11.7%     -    2s
H    0     0                     362.2358359  343.35351  5.21%     -    2s
     0     0  343.35351    0  328  362.23584  343.35351  5.21%     -    2s
     0     0  343.35351    0  328  362.23584  343.35351  5.21%     -    2s
     0     0  344.40217    0  287  362.23584  344.40217  4.92%     -    2s
     0     0  344.40217    0  287  362.23584  344.40217  4.92%     -    2s
H    0     0                     361.5933009  344.44917  4.74%     -    2s
     0     0  345.28342    0  290  361.59330  345.28342  4.51%     -    2s
H    0     0                     361.5724358  345.28342  4.51%     -    3s
     0     0  345.38187    0  289  361.57244  345.38187  4.48%     -    3s
     0     0  345.38187    0  290  361.57244  345.38187  4.48%     -    3s
H    0     0                     361.4055719  346.92797  4.01%     -    3s
     0     0  346.92797    0  296  361.40557  346.92797  4.01%     -    3s
     0     0  346.92797    0  296  361.40557  346.92797  4.01%     -    3s
     0     0  346.92797    0  296  361.40557  346.92797  4.01%     -    3s
     0     0  346.92797    0  281  361.40557  346.92797  4.01%     -    3s
H    0     0                     358.1544400  346.92797  3.13%     -    3s
     0     2  346.92797    0  273  358.15444  346.92797  3.13%     -    4s
    70    58  355.10933    8  106  358.15444  351.59939  1.83%   357    5s
H  130    54                     355.0725851  352.35800  0.76%   302    5s
*  193    24              17     355.0244368  354.98970  0.01%   217    5s

Cutting planes:
  Gomory: 39
  Cover: 13
  Implied bound: 219
  MIR: 272
  Flow cover: 271
  RLT: 1
  Relax-and-lift: 131
  BQP: 5
  PSD: 1

Explored 234 nodes (60379 simplex iterations) in 5.54 seconds (7.53 work units)
Thread count was 24 (of 24 available processors)

Solution count 9: 355.024 355.073 358.154 ... 630.213

Optimal solution found (tolerance 1.00e-04)
Best objective 3.550244368453e+02, best bound 3.550244368453e+02, gap 0.0000%
