
Gurobi 13.0.1 (win64) logging started Fri Oct  9 09:09:20 2026

Set parameter LogFile to value "ieee_owen\weak_eps_experiment\stochastic\main17_xi\logs\n6_S20_day25_ef_gurobi.log"
Set parameter NodefileStart to value 3
Set parameter MIPGap to value 0.0001
Gurobi Optimizer version 13.0.1 build v13.0.1rc0 (win64 - Windows 10.0 (19045.2))

CPU model: AMD Ryzen 9 5900X 12-Core Processor, instruction set [SSE2|AVX|AVX2]
Thread count: 12 physical cores, 24 logical processors, using up to 24 threads

Non-default parameters:
TimeLimit  1800
NodefileStart  3
LogToConsole  0

Optimize a model with 29882 rows, 26126 columns and 118685 nonzeros (Min)
Model fingerprint: 0x0b561223
Model has 22 linear objective coefficients
Variable types: 22646 continuous, 3480 integer (3480 binary)
Coefficient statistics:
  Matrix range     [3e-04, 2e+02]
  Objective range  [5e-02, 1e+00]
  Bounds range     [2e-02, 4e+01]
  RHS range        [2e-01, 2e+01]

Presolve removed 14486 rows and 9866 columns
Presolve time: 0.14s
Presolved: 15396 rows, 16260 columns, 59413 nonzeros
Variable types: 12908 continuous, 3352 integer (3351 binary)
Found heuristic solution: objective 836.1874806

Root relaxation: objective 5.891636e+02, 15337 iterations, 1.04 seconds (1.38 work units)

    Nodes    |    Current Node    |     Objective Bounds      |     Work
 Expl Unexpl |  Obj  Depth IntInf | Incumbent    BestBd   Gap | It/Node Time

     0     0  589.16364    0  495  836.18748  589.16364  29.5%     -    1s
H    0     0                     622.1496790  589.16364  5.30%     -    1s
H    0     0                     610.8265277  591.79230  3.12%     -    1s
     0     0  591.79230    0  336  610.82653  591.79230  3.12%     -    1s
     0     0  591.79354    0  335  610.82653  591.79354  3.12%     -    1s
H    0     0                     609.2400127  592.04848  2.82%     -    2s
     0     0  592.04848    0  319  609.24001  592.04848  2.82%     -    2s
     0     0  592.06264    0  320  609.24001  592.06264  2.82%     -    2s
     0     0  592.06661    0  318  609.24001  592.06661  2.82%     -    2s
     0     0  592.06680    0  324  609.24001  592.06680  2.82%     -    2s
H    0     0                     608.5918452  592.10255  2.71%     -    2s
     0     0  592.24748    0  320  608.59185  592.24748  2.69%     -    2s
H    0     0                     606.8009604  592.25416  2.40%     -    2s
     0     0  592.97596    0  321  606.80096  592.97596  2.28%     -    2s
     0     0  593.81554    0  326  606.80096  593.81554  2.14%     -    3s
     0     0  593.81554    0  326  606.80096  593.81554  2.14%     -    3s
     0     0  593.81554    0  326  606.80096  593.81554  2.14%     -    3s
     0     0  593.81554    0  313  606.80096  593.81554  2.14%     -    3s
     0     2  593.81554    0  307  606.80096  593.81554  2.14%     -    3s
   105   102  598.42944    6  116  606.80096  596.08543  1.77%   428    5s
H  144   109                     606.6541186  596.08543  1.74%   384    5s
H  214   157                     604.1417782  596.99136  1.18%   380    5s
H  217   157                     604.0175288  596.99136  1.16%   379    5s
H  290   176                     603.3917450  598.20744  0.86%   355    6s
H  330   169                     603.3000109  598.20744  0.84%   329    6s
H  368   186                     603.2994803  598.72493  0.76%   309    6s
H  399   186                     603.2429495  598.72493  0.75%   296    6s
H  456   207                     603.2385371  598.72493  0.75%   272    6s
H  463   240                     603.2346726  598.72493  0.75%   269    7s
*  469   240              27     603.2334773  598.72493  0.75%   266    7s
H  491   240                     603.1153443  598.72493  0.73%   256    7s
H  501   240                     603.0027381  598.72493  0.71%   253    7s
H  521   245                     602.6358879  598.72493  0.65%   245    7s
H  675   298                     602.0489525  599.51499  0.42%   215    7s
*  883   264              33     602.0488698  599.62215  0.40%   172    7s
*  959   204              33     602.0487419  599.62215  0.40%   159    7s

Cutting planes:
  Gomory: 64
  Cover: 42
  Implied bound: 248
  MIR: 292
  Flow cover: 320
  Relax-and-lift: 99
  BQP: 2
  PSD: 2

Explored 1244 nodes (172309 simplex iterations) in 8.10 seconds (10.07 work units)
Thread count was 24 (of 24 available processors)

Solution count 10: 602.049 602.049 602.049 ... 603.243

Optimal solution found (tolerance 1.00e-04)
Best objective 6.020487419254e+02, best bound 6.020487419254e+02, gap 0.0000%
