
Gurobi 13.0.1 (win64) logging started Wed Oct  7 17:10:41 2026

Set parameter LogFile to value "ieee_owen\weak_eps_experiment\stochastic\main17_xi\logs\n6_S20_day1_ef_gurobi.log"
Set parameter NodefileStart to value 3
Set parameter MIPGap to value 0.0001
Gurobi Optimizer version 13.0.1 build v13.0.1rc0 (win64 - Windows 10.0 (19045.2))

CPU model: AMD Ryzen 9 5900X 12-Core Processor, instruction set [SSE2|AVX|AVX2]
Thread count: 12 physical cores, 24 logical processors, using up to 24 threads

Non-default parameters:
TimeLimit  10800
NodefileStart  3
LogToConsole  0

Optimize a model with 29882 rows, 26126 columns and 118685 nonzeros (Min)
Model fingerprint: 0x651cc0f9
Model has 22 linear objective coefficients
Variable types: 22646 continuous, 3480 integer (3480 binary)
Coefficient statistics:
  Matrix range     [3e-04, 2e+02]
  Objective range  [5e-02, 1e+00]
  Bounds range     [2e-01, 4e+01]
  RHS range        [2e-01, 2e+01]

Presolve removed 14488 rows and 9868 columns
Presolve time: 0.13s
Presolved: 15394 rows, 16258 columns, 59403 nonzeros
Variable types: 12906 continuous, 3352 integer (3351 binary)
Found heuristic solution: objective 500.6744378

Root relaxation: objective 2.435434e+02, 13747 iterations, 0.92 seconds (1.20 work units)

    Nodes    |    Current Node    |     Objective Bounds      |     Work
 Expl Unexpl |  Obj  Depth IntInf | Incumbent    BestBd   Gap | It/Node Time

     0     0  243.54338    0  562  500.67444  243.54338  51.4%     -    1s
H    0     0                     279.2018457  243.54338  12.8%     -    1s
     0     0  245.51785    0  405  279.20185  245.51785  12.1%     -    1s
H    0     0                     263.4371997  245.52013  6.80%     -    1s
     0     0  246.64870    0  400  263.43720  246.64870  6.37%     -    2s
     0     0  246.64870    0  402  263.43720  246.64870  6.37%     -    2s
     0     0  246.64870    0  403  263.43720  246.64870  6.37%     -    2s
H    0     0                     259.8577114  246.72256  5.05%     -    2s
     0     0  246.74492    0  376  259.85771  246.74492  5.05%     -    2s
     0     0  246.74492    0  387  259.85771  246.74492  5.05%     -    2s
     0     0  246.74492    0  389  259.85771  246.74492  5.05%     -    2s
H    0     0                     256.9635816  247.84899  3.55%     -    2s
H    0     0                     256.4416672  247.84899  3.35%     -    2s
     0     0  247.86660    0  375  256.44167  247.86660  3.34%     -    2s
     0     0  248.15084    0  375  256.44167  248.15084  3.23%     -    2s
     0     0  248.15084    0  353  256.44167  248.15084  3.23%     -    3s
     0     2  248.15084    0  353  256.44167  248.15084  3.23%     -    3s
H    8    12                     256.4401047  248.68304  3.02%   562    3s
H  205   192                     251.6803179  250.37867  0.52%  94.5    4s
H  217   192                     250.7133742  250.37867  0.13%  89.4    4s
   520   468  250.59405   27   42  250.71337  250.54197  0.07%  40.0    5s
*  549   468              50     250.6273675  250.54197  0.03%  38.0    5s
*  561   468              50     250.5645567  250.54197  0.01%  37.3    5s
*  569   468              49     250.5535902  250.54197  0.00%  36.9    5s
*  572   468              49     250.5500952  250.54197  0.00%  36.7    5s
*  618   468              50     250.5498867  250.54197  0.00%  34.1    5s

Cutting planes:
  Gomory: 57
  Cover: 18
  Implied bound: 198
  MIR: 268
  Flow cover: 329
  Relax-and-lift: 217

Explored 690 nodes (38655 simplex iterations) in 5.15 seconds (5.79 work units)
Thread count was 24 (of 24 available processors)

Solution count 10: 250.55 250.55 250.554 ... 256.964

Optimal solution found (tolerance 1.00e-04)
Best objective 2.505498866519e+02, best bound 2.505419669327e+02, gap 0.0032%
