
Cluster assignments:
Cluster 0 (represented by Day 25): [ 1 12 17 21 25 26 27 28]... (total 8 days)
Cluster 1 (represented by Day 4): [ 2  3  4  5  6  7  8  9 10 11]... (total 23 days)
[reserve] pi_res = 56 EUR/MW.h (daily mean of fcrn_dk2_56 hourly prices), 1h blocks
[reserve] c_min_G = 0.15 (electrolyzer min load / els_cap); literature 0.1-0.16 -> OK
[reserve] c_sb_G = 0.01 (electrolyzer standby draw / els_cap); literature 0.025-0.05 -> OUT OF RANGE
✓ spring  :  92 days | Mean: 1 MWh | RMSE range: 0.0-0.2 MWh
✓ summer  :  92 days | Mean: 1 MWh | RMSE range: 0.0-0.3 MWh
✓ fall    :  91 days | Mean: 1 MWh | RMSE range: 0.0-0.2 MWh
✓ winter  :  90 days | Mean: 1 MWh | RMSE range: 0.0-0.1 MWh

=== 6p_reserve_peak_day4_S20_seed0_grb_direct-gurobi_kl0.0960365_dual_ndw_rsc0.303571_main: n=6, |T|=24, |Omega|=20 ===

[1] extensive form (DP_N^Omega)
Set parameter Username
Set parameter LicenseID to value 2742039
Academic license - for non-commercial use only - expires 2026-11-20
Set parameter OutputFlag to value 1
Set parameter LogToConsole to value 0
  obj 241.770083  status optimal  gap 3.58e-04  5.3s  vars 26084
  KL r=0.0960365: worst case 241.770083 vs expected 202.630419; 1 MILP solve(s); rho* 0.054 0.030 0.043 0.045 0.042 0.048 0.051 0.052 0.071 0.074 0.056 0.094 0.021 0.020 0.026 0.024 0.035 0.046 0.104 0.065 (KL 0.0960)
    round 1: MIPGap 1e-04  5.3s  453 nodes  psi-bound 3.58e-04  psi-incumbent 3.57e-04

[2] column generation (DWR_N^Omega)
  seed columns: largest carrier-row residual 1.67e-16 (repaired)
  CG    2 | RMP     -390.4514 | LB     -301.1717 | UB           inf | a 1.00 std      | min rc  0.0000e+00 | +0  [round] | lp 0.06s solver 0.05s 2389 it 9922 cols 31303 nz
  -- penalty round 1: eps 0.2 delta 0.2 RMP -390.4514 LB -301.1717 UB 241.7701 gap 2.24e+00 [round] 0s
  CG   25 | RMP      183.0542 | LB      173.0295 | UB      241.7701 | a 0.10 smooth   | min rc -2.3729e+01 | +19 | lp 0.24s solver 0.23s 1975 it 10794 cols 90470 nz
  CG   28 | RMP      181.2488 | LB      182.1829 | UB      241.7701 | a 1.00 std      | min rc  0.0000e+00 | +0  [round] | lp 0.27s solver 0.26s 2166 it 10913 cols 98281 nz
  -- penalty round 2: eps 0.05 delta 0.05 RMP 181.2488 LB 182.1829 UB 241.7701 gap 2.45e-01 [round] 9s
  CG   50 | RMP      228.7851 | LB      220.9318 | UB      241.7701 | a 0.10 smooth   | min rc -4.9456e+00 | +20 | lp 0.35s solver 0.34s 2238 it 11399 cols 132965 nz
  CG   66 | RMP      226.0169 | LB      225.4840 | UB      241.7701 | a 1.00 std      | min rc  0.0000e+00 | +0  [round] | lp 0.35s solver 0.34s 1370 it 11578 cols 148974 nz
  -- penalty round 3: eps 0.0125 delta 0.0125 RMP 226.0169 LB 225.4840 UB 241.7701 gap 6.71e-02 [round] 32s
  CG   75 | RMP      230.0438 | LB      226.8963 | UB      241.7701 | a 0.10 smooth   | min rc -2.5197e+00 | +13 | lp 0.58s solver 0.57s 2341 it 11651 cols 155956 nz
  CG   99 | RMP      229.2232 | LB      228.6927 | UB      241.7701 | a 1.00 std      | min rc  0.0000e+00 | +0  [round] | lp 0.44s solver 0.43s 1344 it 11946 cols 178837 nz
  -- penalty round 4: eps 0.00313 delta 0.00313 RMP 229.2232 LB 228.6927 UB 241.7701 gap 5.39e-02 [round] 57s
  CG  100 | RMP      230.0437 | LB      228.7009 | UB      241.7701 | a 0.10 smooth   | min rc -1.9722e+00 | +11 | lp 1.63s solver 1.62s 7939 it 11946 cols 178837 nz
  CG  119 | RMP      229.7456 | LB      229.2050 | UB      241.7701 | a 1.00 std      | min rc  0.0000e+00 | +0  [round] | lp 0.30s solver 0.28s 952 it 12088 cols 189689 nz
  -- penalty round 5: eps 0.000781 delta 0.000781 RMP 229.7456 LB 229.2050 UB 241.7701 gap 5.18e-02 [round] 72s
  CG  124 | RMP      229.8222 | LB      229.2684 | UB      241.7701 | a 1.00 std      | min rc  0.0000e+00 | +0  [round] | lp 0.46s solver 0.44s 1518 it 11981 cols 182712 nz
  -- penalty round 6: eps 0.000195 delta 0.000195 RMP 229.8222 LB 229.2684 UB 241.7701 gap 5.15e-02 [round] 76s
  CG  125 | RMP      229.8442 | LB      229.2684 | UB      229.8668 | a 1.00 std      | min rc  0.0000e+00 | +0  [done] | lp 0.46s solver 0.44s 2093 it 11981 cols 182712 nz
  -- penalty round 7: eps 0 delta 0 RMP 229.8442 LB 229.2684 UB 229.8668 gap 2.59e-03 [done] 77s
  obj 229.866803  LB 229.268395  gap 2.59e-03  iters 125  76.9s  rounds 7  status optimal
  KL r=0.0960365: 980 tangent planes; rho* 0.051 0.030 0.043 0.045 0.041 0.048 0.053 0.051 0.075 0.074 0.057 0.090 0.021 0.020 0.027 0.024 0.035 0.046 0.106 0.064 (KL 0.0959)
  time: master LP 51.1s  pricing 23.1s (11918 MILPs, 8 worker(s))

[3] robust Owen allocation
  omega_LR,rob 12.490710  eps_LR 2.081785  certified [11.816729, 12.501688]
  EF slack 0.0866 = 1% of the reported omega
  checks: budget 1.71e-13  duality -1.10e-02  pricing 0.00e+00

[4] stand-alone values val(DP_{j}^Omega)
   player         Owen        E[x*]        alone       chi^LR
       u1    1398.7542    1396.6724     977.7296     418.9428
       u2      31.6742      29.5924      -0.0000      29.5924
       u3     519.9930     517.9112     270.5196     247.3916
       u4    -716.4852    -718.5670    -808.7355      90.1685
       u5    -432.7696    -434.8514    -523.3164      88.4650
       u6   -1030.4460   -1032.5278   -1187.4483     154.9205

wrote ieee_owen\weak_eps_experiment\stochastic\main17_xi\6p_reserve_peak_day4_S20_seed0_grb_direct-gurobi_kl0.0960365_dual_ndw_rsc0.303571_main.json
