
Gurobi 13.0.1 (win64) logging started Thu Oct  8 02:52:20 2026

Set parameter LogFile to value "ieee_owen\weak_eps_experiment\stochastic\main17_xi\logs\n6_S20_day6_ef_gurobi.log"
Set parameter NodefileStart to value 3
Set parameter MIPGap to value 0.0001
Gurobi Optimizer version 13.0.1 build v13.0.1rc0 (win64 - Windows 10.0 (19045.2))

CPU model: AMD Ryzen 9 5900X 12-Core Processor, instruction set [SSE2|AVX|AVX2]
Thread count: 12 physical cores, 24 logical processors, using up to 24 threads

Non-default parameters:
TimeLimit  1800
NodefileStart  3
LogToConsole  0

Optimize a model with 29882 rows, 26126 columns and 118685 nonzeros (Min)
Model fingerprint: 0x0fd319b2
Model has 22 linear objective coefficients
Variable types: 22646 continuous, 3480 integer (3480 binary)
Coefficient statistics:
  Matrix range     [3e-04, 2e+02]
  Objective range  [5e-02, 1e+00]
  Bounds range     [2e-01, 4e+01]
  RHS range        [2e-01, 2e+01]

Presolve removed 14488 rows and 9868 columns
Presolve time: 0.12s
Presolved: 15394 rows, 16258 columns, 59403 nonzeros
Variable types: 12906 continuous, 3352 integer (3351 binary)
Found heuristic solution: objective 302.5833342

Root relaxation: objective -5.139590e-01, 13911 iterations, 0.94 seconds (1.22 work units)

    Nodes    |    Current Node    |     Objective Bounds      |     Work
 Expl Unexpl |  Obj  Depth IntInf | Incumbent    BestBd   Gap | It/Node Time

     0     0   -0.51396    0  586  302.58333   -0.51396   100%     -    1s
H    0     0                      64.8858192   -0.51396   101%     -    1s
H    0     0                      12.6012669   -0.51360   104%     -    1s
     0     0    1.27062    0  266   12.60127    1.27062  89.9%     -    1s
     0     0    1.38386    0  261   12.60127    1.38386  89.0%     -    1s
     0     0    1.92007    0  238   12.60127    1.92007  84.8%     -    1s
     0     0    1.92380    0  224   12.60127    1.92380  84.7%     -    1s
     0     0    4.77039    0  227   12.60127    4.77039  62.1%     -    1s
     0     0    5.18371    0  217   12.60127    5.18371  58.9%     -    2s
     0     0    5.47591    0  221   12.60127    5.47591  56.5%     -    2s
     0     0    5.54455    0  221   12.60127    5.54455  56.0%     -    2s
     0     0    6.96053    0  245   12.60127    6.96053  44.8%     -    2s
     0     0    7.10408    0  245   12.60127    7.10408  43.6%     -    2s
     0     0    7.10408    0  221   12.60127    7.10408  43.6%     -    2s
H    0     0                       8.3125455    7.10408  14.5%     -    3s
     0     2    7.10408    0  221    8.31255    7.10408  14.5%     -    3s
H    5     4                       7.7434476    7.10408  8.26%   425    3s
H  144   138                       7.5288139    7.24872  3.72%  26.4    4s
*  510   505              53       7.2487151    7.24872  0.00%   9.5    4s

Cutting planes:
  Gomory: 35
  Implied bound: 201
  MIR: 301
  Flow cover: 388
  Relax-and-lift: 324

Explored 566 nodes (21628 simplex iterations) in 4.39 seconds (4.65 work units)
Thread count was 24 (of 24 available processors)

Solution count 7: 7.24872 7.52881 7.74345 ... 302.583

Optimal solution found (tolerance 1.00e-04)
Best objective 7.248715134619e+00, best bound 7.248715134619e+00, gap 0.0000%
