
Gurobi 13.0.1 (win64) logging started Fri Oct  9 14:47:15 2026

Set parameter LogFile to value "ieee_owen\weak_eps_experiment\stochastic\main17_xi\logs\n6_S20_day28_ef_gurobi.log"
Set parameter NodefileStart to value 3
Set parameter MIPGap to value 0.0001
Gurobi Optimizer version 13.0.1 build v13.0.1rc0 (win64 - Windows 10.0 (19045.2))

CPU model: AMD Ryzen 9 5900X 12-Core Processor, instruction set [SSE2|AVX|AVX2]
Thread count: 12 physical cores, 24 logical processors, using up to 24 threads

Non-default parameters:
TimeLimit  1800
NodefileStart  3
LogToConsole  0

Optimize a model with 29882 rows, 26126 columns and 118685 nonzeros (Min)
Model fingerprint: 0xdc656099
Model has 22 linear objective coefficients
Variable types: 22646 continuous, 3480 integer (3480 binary)
Coefficient statistics:
  Matrix range     [3e-04, 2e+02]
  Objective range  [5e-02, 1e+00]
  Bounds range     [2e-03, 4e+01]
  RHS range        [2e-01, 2e+01]

Presolve removed 14843 rows and 10065 columns
Presolve time: 0.18s
Presolved: 15039 rows, 16061 columns, 59016 nonzeros
Variable types: 12710 continuous, 3351 integer (3350 binary)
Found heuristic solution: objective 1320.7541999

Root relaxation: objective 1.174566e+03, 14756 iterations, 0.92 seconds (1.31 work units)

    Nodes    |    Current Node    |     Objective Bounds      |     Work
 Expl Unexpl |  Obj  Depth IntInf | Incumbent    BestBd   Gap | It/Node Time

     0     0 1174.56568    0  615 1320.75420 1174.56568  11.1%     -    1s
H    0     0                    1270.1474422 1174.56568  7.53%     -    1s
     0     0 1177.42926    0  483 1270.14744 1177.42926  7.30%     -    1s
H    0     0                    1249.0228112 1177.47521  5.73%     -    2s
     0     0 1177.47521    0  482 1249.02281 1177.47521  5.73%     -    2s
     0     0 1177.47521    0  482 1249.02281 1177.47521  5.73%     -    2s
     0     0 1178.51292    0  423 1249.02281 1178.51292  5.65%     -    2s
     0     0 1178.53958    0  422 1249.02281 1178.53958  5.64%     -    2s
H    0     0                    1206.8968644 1179.27031  2.29%     -    2s
     0     0 1179.27031    0  429 1206.89686 1179.27031  2.29%     -    2s
     0     0 1179.53435    0  432 1206.89686 1179.53435  2.27%     -    2s
     0     0 1179.53708    0  432 1206.89686 1179.53708  2.27%     -    2s
     0     0 1179.53708    0  432 1206.89686 1179.53708  2.27%     -    2s
H    0     0                    1196.6562087 1180.01932  1.39%     -    3s
     0     0 1180.01932    0  439 1196.65621 1180.01932  1.39%     -    3s
     0     0 1180.51242    0  445 1196.65621 1180.51242  1.35%     -    3s
     0     0 1180.51242    0  443 1196.65621 1180.51242  1.35%     -    3s
H    0     0                    1194.8363697 1180.53506  1.20%     -    3s
     0     0 1180.62481    0  433 1194.83637 1180.62481  1.19%     -    3s
H    0     0                    1192.2414962 1180.71907  0.97%     -    3s
     0     0 1180.71907    0  435 1192.24150 1180.71907  0.97%     -    3s
H    0     0                    1191.3868644 1180.71907  0.90%     -    3s
     0     0 1180.71907    0  437 1191.38686 1180.71907  0.90%     -    3s
     0     0 1181.14387    0  432 1191.38686 1181.14387  0.86%     -    4s
H    0     0                    1190.8678104 1181.16473  0.81%     -    4s
     0     0 1181.16473    0  435 1190.86781 1181.16473  0.81%     -    4s
     0     0 1181.34345    0  457 1190.86781 1181.34345  0.80%     -    4s
H    0     0                    1190.5976451 1181.55922  0.76%     -    4s
H    0     0                    1190.5967807 1181.55922  0.76%     -    4s
     0     0 1181.55922    0  463 1190.59678 1181.55922  0.76%     -    4s
     0     0 1181.55922    0  466 1190.59678 1181.55922  0.76%     -    4s
     0     0 1181.64917    0  401 1190.59678 1181.64917  0.75%     -    4s
     0     0 1181.69271    0  407 1190.59678 1181.69271  0.75%     -    4s
     0     0 1181.69271    0  405 1190.59678 1181.69271  0.75%     -    4s
     0     0 1181.71040    0  406 1190.59678 1181.71040  0.75%     -    5s
     0     0 1181.77591    0  407 1190.59678 1181.77591  0.74%     -    5s
H    0     0                    1190.5393982 1181.88870  0.73%     -    5s
     0     0 1181.88870    0  470 1190.53940 1181.88870  0.73%     -    5s
H    0     0                    1190.4688145 1181.92792  0.72%     -    5s
     0     0 1181.92792    0  476 1190.46881 1181.92792  0.72%     -    5s
     0     0 1181.93060    0  471 1190.46881 1181.93060  0.72%     -    5s
     0     0 1181.93334    0  472 1190.46881 1181.93334  0.72%     -    5s
     0     0 1181.93334    0  472 1190.46881 1181.93334  0.72%     -    5s
     0     0 1182.00436    0  476 1190.46881 1182.00436  0.71%     -    5s
H    0     0                    1190.0481073 1182.23767  0.66%     -    5s
H    0     0                    1190.0470520 1182.23767  0.66%     -    5s
H    0     0                    1190.0372875 1182.23767  0.66%     -    5s
H    0     0                    1190.0362322 1182.23767  0.66%     -    5s
H    0     0                    1190.0359990 1182.23767  0.66%     -    5s
H    0     0                    1190.0349437 1182.23767  0.66%     -    5s
H    0     0                    1190.0347547 1182.23767  0.66%     -    5s
H    0     0                    1190.0345216 1182.23767  0.66%     -    5s
H    0     0                    1190.0334662 1182.23767  0.66%     -    5s
H    0     0                    1190.0329931 1182.23767  0.66%     -    5s
H    0     0                    1190.0326571 1182.23767  0.66%     -    5s
H    0     0                    1190.0319378 1182.23767  0.65%     -    5s
     0     0 1182.23767    0  481 1190.03194 1182.23767  0.65%     -    5s
     0     0 1182.23767    0  482 1190.03194 1182.23767  0.65%     -    5s
     0     0 1182.51950    0  484 1190.03194 1182.51950  0.63%     -    6s
     0     0 1182.51950    0  484 1190.03194 1182.51950  0.63%     -    6s
     0     0 1182.51950    0  484 1190.03194 1182.51950  0.63%     -    6s
     0     0 1182.51950    0  467 1190.03194 1182.51950  0.63%     -    6s
H    0     0                    1188.0722466 1182.51950  0.47%     -    6s
     0     2 1182.51950    0  447 1188.07225 1182.51950  0.47%     -    6s
H  691   628                    1187.4521711 1186.24812  0.10%  48.2    8s
H  698   628                    1186.5286724 1186.24812  0.02%  47.7    8s

Cutting planes:
  Gomory: 26
  Implied bound: 192
  MIR: 301
  Flow cover: 337
  Relax-and-lift: 83

Explored 782 nodes (57992 simplex iterations) in 8.34 seconds (10.21 work units)
Thread count was 24 (of 24 available processors)

Solution count 10: 1186.53 1187.45 1188.07 ... 1190.03

Optimal solution found (tolerance 1.00e-04)
Best objective 1.186528672363e+03, best bound 1.186427401424e+03, gap 0.0085%
