
Gurobi 13.0.1 (win64) logging started Sat Oct 10 01:08:26 2026

Set parameter LogFile to value "ieee_owen\weak_eps_experiment\stochastic\main17_xi\logs\n6_S20_day30_ef_gurobi.log"
Set parameter NodefileStart to value 3
Set parameter MIPGap to value 0.0001
Gurobi Optimizer version 13.0.1 build v13.0.1rc0 (win64 - Windows 10.0 (19045.2))

CPU model: AMD Ryzen 9 5900X 12-Core Processor, instruction set [SSE2|AVX|AVX2]
Thread count: 12 physical cores, 24 logical processors, using up to 24 threads

Non-default parameters:
TimeLimit  1800
NodefileStart  3
LogToConsole  0

Optimize a model with 29882 rows, 26126 columns and 118685 nonzeros (Min)
Model fingerprint: 0xd0682c28
Model has 22 linear objective coefficients
Variable types: 22646 continuous, 3480 integer (3480 binary)
Coefficient statistics:
  Matrix range     [3e-04, 2e+02]
  Objective range  [5e-02, 1e+00]
  Bounds range     [2e-01, 4e+01]
  RHS range        [2e-01, 2e+01]

Presolve removed 14488 rows and 9868 columns
Presolve time: 0.12s
Presolved: 15394 rows, 16258 columns, 59403 nonzeros
Variable types: 12906 continuous, 3352 integer (3351 binary)
Found heuristic solution: objective 331.1880621

Root relaxation: objective -3.796392e+00, 14330 iterations, 0.76 seconds (1.07 work units)

    Nodes    |    Current Node    |     Objective Bounds      |     Work
 Expl Unexpl |  Obj  Depth IntInf | Incumbent    BestBd   Gap | It/Node Time

     0     0   -3.79639    0  624  331.18806   -3.79639   101%     -    1s
H    0     0                      55.3141424   -3.79639   107%     -    1s
     0     0   -2.00110    0  404   55.31414   -2.00110   104%     -    1s
H    0     0                      19.4451753   -1.98777   110%     -    1s
     0     0   -1.86476    0  399   19.44518   -1.86476   110%     -    1s
     0     0   -1.65451    0  422   19.44518   -1.65451   109%     -    1s
     0     0    1.45971    0  422   19.44518    1.45971  92.5%     -    1s
     0     0    1.47746    0  423   19.44518    1.47746  92.4%     -    1s
H    0     0                      12.2448335    1.64594  86.6%     -    2s
     0     0    1.86587    0  351   12.24483    1.86587  84.8%     -    2s
H    0     0                      12.1201187    1.86587  84.6%     -    2s
     0     0    2.99710    0  362   12.12012    2.99710  75.3%     -    2s
     0     0    2.99710    0  352   12.12012    2.99710  75.3%     -    2s
H    0     0                      11.8373147    3.85794  67.4%     -    3s
     0     0    3.87035    0  326   11.83731    3.87035  67.3%     -    3s
     0     0    4.21853    0  323   11.83731    4.21853  64.4%     -    3s
     0     0    4.21853    0  323   11.83731    4.21853  64.4%     -    3s
H    0     0                       9.6105468    4.33440  54.9%     -    3s
     0     0    4.33440    0  324    9.61055    4.33440  54.9%     -    3s
H    0     0                       8.9712359    4.33440  51.7%     -    3s
     0     0    4.33440    0  324    8.97124    4.33440  51.7%     -    3s
     0     0    4.33440    0  324    8.97124    4.33440  51.7%     -    3s
     0     0    4.33440    0  298    8.97124    4.33440  51.7%     -    3s
     0     2    4.33440    0  298    8.97124    4.33440  51.7%     -    3s
H   53    74                       6.7943302    6.09254  10.3%   236    4s
H   68    74                       6.4322155    6.09254  5.28%   186    4s
   248   147    6.13917   22   60    6.43222    6.10051  5.16%  55.5    5s
*  663   537              63       6.1782438    6.10051  1.26%  22.8    5s
*  949   733              61       6.1306467    6.10051  0.49%  16.7    5s
*  982   733              61       6.1283519    6.10051  0.45%  16.1    5s
* 1022   653              60       6.1091208    6.10051  0.14%  15.6    5s
* 1051   653              60       6.1068260    6.10051  0.10%  15.3    5s
* 1200   730              60       6.1006566    6.10051  0.00%  13.6    5s

Cutting planes:
  Gomory: 44
  Implied bound: 196
  MIR: 393
  Flow cover: 375
  RLT: 3
  Relax-and-lift: 178

Explored 1275 nodes (35451 simplex iterations) in 5.81 seconds (6.25 work units)
Thread count was 24 (of 24 available processors)

Solution count 10: 6.10066 6.10683 6.10912 ... 9.61055

Optimal solution found (tolerance 1.00e-04)
Best objective 6.100656596970e+00, best bound 6.100508043449e+00, gap 0.0024%
