
Gurobi 13.0.1 (win64) logging started Thu Oct  8 11:01:00 2026

Set parameter LogFile to value "ieee_owen\weak_eps_experiment\stochastic\main17_xi\logs\n6_S20_day11_ef_gurobi.log"
Set parameter NodefileStart to value 3
Set parameter MIPGap to value 0.0001
Gurobi Optimizer version 13.0.1 build v13.0.1rc0 (win64 - Windows 10.0 (19045.2))

CPU model: AMD Ryzen 9 5900X 12-Core Processor, instruction set [SSE2|AVX|AVX2]
Thread count: 12 physical cores, 24 logical processors, using up to 24 threads

Non-default parameters:
TimeLimit  1800
NodefileStart  3
LogToConsole  0

Optimize a model with 29882 rows, 26126 columns and 118685 nonzeros (Min)
Model fingerprint: 0x23385a2a
Model has 22 linear objective coefficients
Variable types: 22646 continuous, 3480 integer (3480 binary)
Coefficient statistics:
  Matrix range     [3e-04, 2e+02]
  Objective range  [5e-02, 1e+00]
  Bounds range     [9e-02, 4e+01]
  RHS range        [2e-01, 2e+01]

Presolve removed 14488 rows and 9868 columns
Presolve time: 0.13s
Presolved: 15394 rows, 16258 columns, 59405 nonzeros
Variable types: 12906 continuous, 3352 integer (3351 binary)
Found heuristic solution: objective 864.5526164

Root relaxation: objective 6.196305e+02, 14589 iterations, 0.92 seconds (1.30 work units)

    Nodes    |    Current Node    |     Objective Bounds      |     Work
 Expl Unexpl |  Obj  Depth IntInf | Incumbent    BestBd   Gap | It/Node Time

     0     0  619.63047    0  374  864.55262  619.63047  28.3%     -    1s
H    0     0                     659.4789000  619.63047  6.04%     -    1s
H    0     0                     632.8239710  619.63047  2.08%     -    1s
     0     0  623.49009    0  251  632.82397  623.49009  1.47%     -    1s
H    0     0                     627.4040612  623.49009  0.62%     -    1s
     0     0  623.49009    0  250  627.40406  623.49009  0.62%     -    1s
     0     0  623.51511    0  196  627.40406  623.51511  0.62%     -    1s
     0     0  624.48164    0  195  627.40406  624.48164  0.47%     -    2s
H    0     0                     625.9251597  624.48164  0.23%     -    2s
     0     0  625.40577    0  201  625.92516  625.40577  0.08%     -    2s
     0     0  625.40577    0  201  625.92516  625.40577  0.08%     -    2s
     0     0  625.40577    0  196  625.92516  625.40577  0.08%     -    2s
     0     0  625.40577    0  195  625.92516  625.40577  0.08%     -    2s
     0     0  625.40577    0  191  625.92516  625.40577  0.08%     -    3s
     0     0  625.40577    0  191  625.92516  625.40577  0.08%     -    3s
     0     0  625.40577    0  148  625.92516  625.40577  0.08%     -    3s
H    0     0                     625.6262167  625.40577  0.04%     -    3s
     0     2  625.40577    0  148  625.62622  625.40577  0.04%     -    3s
H  153   306                     625.5069334  625.40577  0.02%  12.7    4s
H  168   306                     625.4870532  625.40577  0.01%  11.8    4s
*  198   306              30     625.4248523  625.40577  0.00%  10.3    4s
*  231   306              29     625.4182546  625.40577  0.00%   9.2    4s

Cutting planes:
  Gomory: 63
  Implied bound: 190
  MIR: 125
  Flow cover: 166
  Relax-and-lift: 68

Explored 327 nodes (19591 simplex iterations) in 4.08 seconds (4.68 work units)
Thread count was 24 (of 24 available processors)

Solution count 10: 625.418 625.425 625.487 ... 864.553

Optimal solution found (tolerance 1.00e-04)
Best objective 6.254182545569e+02, best bound 6.254057666909e+02, gap 0.0020%
