
Cluster assignments:
Cluster 0 (represented by Day 25): [ 1 12 17 21 25 26 27 28]... (total 8 days)
Cluster 1 (represented by Day 4): [ 2  3  4  5  6  7  8  9 10 11]... (total 23 days)
[reserve] pi_res = 56 EUR/MW.h (daily mean of fcrn_dk2_56 hourly prices), 1h blocks
[reserve] c_min_G = 0.15 (electrolyzer min load / els_cap); literature 0.1-0.16 -> OK
[reserve] c_sb_G = 0.01 (electrolyzer standby draw / els_cap); literature 0.025-0.05 -> OUT OF RANGE
✓ spring  :  92 days | Mean: 1 MWh | RMSE range: 0.0-0.2 MWh
✓ summer  :  92 days | Mean: 1 MWh | RMSE range: 0.0-0.3 MWh
✓ fall    :  91 days | Mean: 1 MWh | RMSE range: 0.0-0.2 MWh
✓ winter  :  90 days | Mean: 1 MWh | RMSE range: 0.0-0.1 MWh

=== 6p_reserve_peak_day20_S20_seed0_grb_direct-gurobi_kl0.0960365_dual_ndw_rsc0.303571_main: n=6, |T|=24, |Omega|=20 ===

[1] extensive form (DP_N^Omega)
Set parameter Username
Set parameter LicenseID to value 2742039
Academic license - for non-commercial use only - expires 2026-11-20
Set parameter OutputFlag to value 1
Set parameter LogToConsole to value 0
  obj 312.049850  status optimal  gap 6.62e-04  5.1s  vars 26084
  KL r=0.0960365: worst case 312.049850 vs expected 241.401530; 1 MILP solve(s); rho* 0.028 0.035 0.026 0.122 0.037 0.050 0.045 0.052 0.029 0.075 0.056 0.024 0.032 0.077 0.046 0.082 0.051 0.054 0.033 0.046 (KL 0.0960)
    round 1: MIPGap 1e-04  5.1s  543 nodes  psi-bound 6.62e-04  psi-incumbent 5.76e-04

[2] column generation (DWR_N^Omega)
  seed columns: largest carrier-row residual 3.61e-16 (repaired)
  CG    2 | RMP     -312.7524 | LB     -216.2488 | UB           inf | a 1.00 std      | min rc  0.0000e+00 | +0  [round] | lp 0.05s solver 0.03s 1327 it 9925 cols 30774 nz
  -- penalty round 1: eps 0.2 delta 0.2 RMP -312.7524 LB -216.2488 UB 312.0498 gap 1.69e+00 [round] 0s
  CG   25 | RMP      253.1521 | LB      243.3235 | UB      312.0498 | a 0.10 smooth   | min rc -1.9890e+01 | +21 | lp 0.20s solver 0.20s 1868 it 10842 cols 93584 nz
  CG   28 | RMP      251.0757 | LB      251.9258 | UB      312.0498 | a 1.00 std      | min rc  0.0000e+00 | +0  [round] | lp 0.22s solver 0.20s 1887 it 10965 cols 101270 nz
  -- penalty round 2: eps 0.05 delta 0.05 RMP 251.0757 LB 251.9258 UB 312.0498 gap 1.92e-01 [round] 9s
  CG   50 | RMP      298.1786 | LB      290.4291 | UB      312.0498 | a 0.10 smooth   | min rc -7.0001e+00 | +20 | lp 0.37s solver 0.35s 1986 it 11413 cols 130106 nz
  CG   65 | RMP      296.1676 | LB      295.8543 | UB      312.0498 | a 1.00 std      | min rc  0.0000e+00 | +0  [round] | lp 0.33s solver 0.32s 1739 it 11643 cols 146865 nz
  -- penalty round 3: eps 0.0125 delta 0.0125 RMP 296.1676 LB 295.8543 UB 312.0498 gap 5.17e-02 [round] 30s
  CG   75 | RMP      301.5832 | LB      297.4902 | UB      312.0498 | a 0.10 smooth   | min rc -4.4238e+00 | +16 | lp 0.47s solver 0.47s 1680 it 11810 cols 158662 nz
  CG  100 | RMP      300.5018 | LB      299.4043 | UB      312.0498 | a 0.10 smooth   | min rc -1.0796e+00 | +9 | lp 0.42s solver 0.40s 1322 it 12317 cols 190485 nz
  CG  113 | RMP      300.1903 | LB      299.6555 | UB      312.0498 | a 1.00 std      | min rc  0.0000e+00 | +0  [round] | lp 0.33s solver 0.32s 1519 it 12403 cols 195162 nz
  -- penalty round 4: eps 0.00313 delta 0.00313 RMP 300.1903 LB 299.6555 UB 312.0498 gap 3.96e-02 [round] 64s
  CG  125 | RMP      300.5224 | LB      299.8621 | UB      312.0498 | a 0.10 smooth   | min rc -7.7251e-01 | +7 | lp 0.58s solver 0.57s 2167 it 12536 cols 202840 nz
  CG  131 | RMP      300.4747 | LB      299.9445 | UB      312.0498 | a 1.00 std      | min rc  0.0000e+00 | +0  [round] | lp 0.39s solver 0.38s 1290 it 12526 cols 202227 nz
  -- penalty round 5: eps 0.000781 delta 0.000781 RMP 300.4747 LB 299.9445 UB 312.0498 gap 3.87e-02 [round] 79s
  CG  136 | RMP      300.5209 | LB      299.9888 | UB      312.0498 | a 1.00 std      | min rc  0.0000e+00 | +0  [round] | lp 0.58s solver 0.57s 1880 it 12644 cols 210104 nz
  -- penalty round 6: eps 0.000195 delta 0.000195 RMP 300.5209 LB 299.9888 UB 312.0498 gap 3.85e-02 [round] 84s
  CG  137 | RMP      300.5447 | LB      299.9888 | UB      300.5528 | a 1.00 std      | min rc  0.0000e+00 | +0  [done] | lp 0.26s solver 0.25s 1097 it 12644 cols 210104 nz
  -- penalty round 7: eps 0 delta 0 RMP 300.5447 LB 299.9888 UB 300.5528 gap 1.87e-03 [done] 85s
  obj 300.552752  LB 299.988832  gap 1.87e-03  iters 137  84.7s  rounds 7  status optimal
  KL r=0.0960365: 1000 tangent planes; rho* 0.028 0.034 0.026 0.122 0.039 0.050 0.045 0.051 0.030 0.076 0.054 0.024 0.032 0.076 0.045 0.083 0.050 0.055 0.032 0.047 (KL 0.0960)
  time: master LP 55.4s  pricing 26.3s (13130 MILPs, 8 worker(s))

[3] robust Owen allocation
  omega_LR,rob 12.046740  eps_LR 2.007790  certified [11.290663, 12.061018]
  EF slack 0.2064 = 2% of the reported omega
  checks: budget 1.14e-13  duality -1.43e-02  pricing 0.00e+00

[4] stand-alone values val(DP_{j}^Omega)
   player         Owen        E[x*]        alone       chi^LR
       u1    1373.2243    1371.2165     969.8982     401.3183
       u2      36.1886      34.1808      -0.0000      34.1808
       u3     503.5578     501.5501     251.4907     250.0594
       u4    -741.9897    -743.9975    -843.4630      99.4655
       u5    -444.0432    -446.0510    -521.1437      75.0927
       u6   -1026.9409   -1028.9487   -1180.4933     151.5447

wrote ieee_owen\weak_eps_experiment\stochastic\main17_xi\6p_reserve_peak_day20_S20_seed0_grb_direct-gurobi_kl0.0960365_dual_ndw_rsc0.303571_main.json
