
Gurobi 13.0.1 (win64) logging started Thu Oct  8 14:31:46 2026

Set parameter LogFile to value "ieee_owen\weak_eps_experiment\stochastic\main17_xi\logs\n6_S20_day13_ef_gurobi.log"
Set parameter NodefileStart to value 3
Set parameter MIPGap to value 0.0001
Gurobi Optimizer version 13.0.1 build v13.0.1rc0 (win64 - Windows 10.0 (19045.2))

CPU model: AMD Ryzen 9 5900X 12-Core Processor, instruction set [SSE2|AVX|AVX2]
Thread count: 12 physical cores, 24 logical processors, using up to 24 threads

Non-default parameters:
TimeLimit  1800
NodefileStart  3
LogToConsole  0

Optimize a model with 29882 rows, 26126 columns and 118685 nonzeros (Min)
Model fingerprint: 0x133b67ca
Model has 22 linear objective coefficients
Variable types: 22646 continuous, 3480 integer (3480 binary)
Coefficient statistics:
  Matrix range     [3e-04, 2e+02]
  Objective range  [5e-02, 1e+00]
  Bounds range     [2e-01, 4e+01]
  RHS range        [2e-01, 2e+01]

Presolve removed 14488 rows and 9868 columns
Presolve time: 0.13s
Presolved: 15394 rows, 16258 columns, 59403 nonzeros
Variable types: 12906 continuous, 3352 integer (3351 binary)
Found heuristic solution: objective 616.8764559

Root relaxation: objective 3.427201e+02, 14414 iterations, 0.86 seconds (1.20 work units)

    Nodes    |    Current Node    |     Objective Bounds      |     Work
 Expl Unexpl |  Obj  Depth IntInf | Incumbent    BestBd   Gap | It/Node Time

     0     0  342.72015    0  506  616.87646  342.72015  44.4%     -    1s
H    0     0                     389.8856435  342.72015  12.1%     -    1s
     0     0  345.90454    0  423  389.88564  345.90454  11.3%     -    1s
H    0     0                     368.5970729  345.96335  6.14%     -    1s
H    0     0                     361.6182334  346.63243  4.14%     -    1s
     0     0  346.63243    0  412  361.61823  346.63243  4.14%     -    1s
     0     0  346.69408    0  411  361.61823  346.69408  4.13%     -    1s
     0     0  346.76533    0  373  361.61823  346.76533  4.11%     -    2s
     0     0  346.76533    0  371  361.61823  346.76533  4.11%     -    2s
     0     0  347.12059    0  371  361.61823  347.12059  4.01%     -    2s
     0     0  347.39379    0  365  361.61823  347.39379  3.93%     -    2s
H    0     0                     359.8700450  347.39379  3.47%     -    2s
     0     0  347.62745    0  367  359.87004  347.62745  3.40%     -    2s
     0     0  347.62745    0  363  359.87004  347.62745  3.40%     -    2s
H    0     0                     351.7695735  348.26186  1.00%     -    3s
H    0     0                     351.6755651  348.26186  0.97%     -    3s
H    0     0                     351.6754149  348.26186  0.97%     -    3s
     0     0  348.26186    0  387  351.67541  348.26186  0.97%     -    3s
     0     0  349.61433    0  387  351.67541  349.61433  0.59%     -    3s
     0     0  349.61433    0  375  351.67541  349.61433  0.59%     -    3s
     0     2  349.61433    0  370  351.67541  349.61433  0.59%     -    3s
H   94    77                     351.6271522  351.47040  0.04%  55.3    4s
*  332   327              41     351.5253888  351.47040  0.02%  18.0    4s
*  373   328              41     351.5179089  351.47040  0.01%  16.3    4s
*  410   328              42     351.5145030  351.47040  0.01%  15.1    4s
*  412   328              42     351.5145021  351.47040  0.01%  15.0    4s
*  460   373              43     351.5033387  351.47040  0.01%  13.8    4s
H  466   373                     351.4756740  351.47040  0.00%  13.6    4s

Cutting planes:
  Gomory: 36
  Cover: 1
  Implied bound: 188
  MIR: 225
  Flow cover: 374
  Relax-and-lift: 166

Explored 525 nodes (24607 simplex iterations) in 5.01 seconds (5.88 work units)
Thread count was 24 (of 24 available processors)

Solution count 10: 351.476 351.503 351.515 ... 351.77

Optimal solution found (tolerance 1.00e-04)
Best objective 3.514756739924e+02, best bound 3.514703957518e+02, gap 0.0015%
