
Cluster assignments:
Cluster 0 (represented by Day 25): [ 1 12 17 21 25 26 27 28]... (total 8 days)
Cluster 1 (represented by Day 4): [ 2  3  4  5  6  7  8  9 10 11]... (total 23 days)
[reserve] pi_res = 56 EUR/MW.h (daily mean of fcrn_dk2_56 hourly prices), 1h blocks
[reserve] c_min_G = 0.15 (electrolyzer min load / els_cap); literature 0.1-0.16 -> OK
[reserve] c_sb_G = 0.01 (electrolyzer standby draw / els_cap); literature 0.025-0.05 -> OUT OF RANGE
✓ spring  :  92 days | Mean: 1 MWh | RMSE range: 0.0-0.2 MWh
✓ summer  :  92 days | Mean: 1 MWh | RMSE range: 0.0-0.3 MWh
✓ fall    :  91 days | Mean: 1 MWh | RMSE range: 0.0-0.2 MWh
✓ winter  :  90 days | Mean: 1 MWh | RMSE range: 0.0-0.1 MWh

=== 6p_reserve_peak_day22_S20_seed0_grb_direct-gurobi_kl0.0960365_dual_ndw_rsc0.303571_main: n=6, |T|=24, |Omega|=20 ===

[1] extensive form (DP_N^Omega)
Set parameter Username
Set parameter LicenseID to value 2742039
Academic license - for non-commercial use only - expires 2026-11-20
Set parameter OutputFlag to value 1
Set parameter LogToConsole to value 0
  obj 254.560607  status optimal  gap 6.37e-04  4.7s  vars 26084
  KL r=0.0960365: worst case 254.560607 vs expected 185.816857; 1 MILP solve(s); rho* 0.068 0.061 0.065 0.043 0.024 0.048 0.053 0.046 0.058 0.024 0.138 0.024 0.045 0.060 0.030 0.036 0.050 0.044 0.034 0.047 (KL 0.0960)
    round 1: MIPGap 1e-04  4.6s  263 nodes  psi-bound 6.37e-04  psi-incumbent 6.37e-04

[2] column generation (DWR_N^Omega)
  seed columns: largest carrier-row residual 3.33e-16 (repaired)
  CG    2 | RMP     -365.6120 | LB     -295.0815 | UB           inf | a 1.00 std      | min rc  0.0000e+00 | +0  [round] | lp 0.05s solver 0.05s 1745 it 9920 cols 30472 nz
  -- penalty round 1: eps 0.2 delta 0.2 RMP -365.6120 LB -295.0815 UB 254.5606 gap 2.15e+00 [round] 1s
  CG   25 | RMP      197.7593 | LB      185.0734 | UB      254.5606 | a 0.10 smooth   | min rc -1.7060e+01 | +19 | lp 0.17s solver 0.15s 1416 it 10846 cols 88802 nz
  CG   28 | RMP      196.4259 | LB      195.1203 | UB      254.5606 | a 1.00 std      | min rc  0.0000e+00 | +0  [round] | lp 0.16s solver 0.15s 1307 it 10966 cols 95918 nz
  -- penalty round 2: eps 0.05 delta 0.05 RMP 196.4259 LB 195.1203 UB 254.5606 gap 2.33e-01 [round] 8s
  CG   50 | RMP      244.6496 | LB      235.9360 | UB      254.5606 | a 0.10 smooth   | min rc -7.4108e+00 | +22 | lp 0.45s solver 0.45s 2834 it 11423 cols 122756 nz
  CG   67 | RMP      241.4438 | LB      240.8323 | UB      254.5606 | a 1.00 std      | min rc  0.0000e+00 | +0  [round] | lp 0.42s solver 0.42s 1726 it 11671 cols 144073 nz
  -- penalty round 3: eps 0.0125 delta 0.0125 RMP 241.4438 LB 240.8323 UB 254.5606 gap 5.37e-02 [round] 31s
  CG   75 | RMP      246.2611 | LB      241.9807 | UB      254.5606 | a 0.10 smooth   | min rc -2.3233e+00 | +14 | lp 0.64s solver 0.64s 2104 it 11757 cols 151949 nz
  CG  100 | RMP      245.0086 | LB      244.1614 | UB      254.5606 | a 0.10 smooth   | min rc -1.4044e+00 | +12 | lp 0.42s solver 0.40s 1176 it 12217 cols 188356 nz
  CG  110 | RMP      244.8236 | LB      244.3788 | UB      254.5606 | a 1.00 std      | min rc  0.0000e+00 | +0  [round] | lp 0.39s solver 0.36s 1152 it 12318 cols 195648 nz
  -- penalty round 4: eps 0.00313 delta 0.00313 RMP 244.8236 LB 244.3788 UB 254.5606 gap 3.98e-02 [round] 65s
  CG  125 | RMP      245.1679 | LB      244.6732 | UB      254.5606 | a 0.10 smooth   | min rc -4.3410e-01 | +5 | lp 0.45s solver 0.43s 1460 it 12417 cols 204572 nz
  CG  128 | RMP      245.1500 | LB      244.7066 | UB      254.5606 | a 1.00 std      | min rc  0.0000e+00 | +0  [round] | lp 0.49s solver 0.49s 1515 it 12494 cols 210104 nz
  -- penalty round 5: eps 0.000781 delta 0.000781 RMP 245.1500 LB 244.7066 UB 254.5606 gap 3.86e-02 [round] 83s
  CG  135 | RMP      245.1983 | LB      244.7792 | UB      254.5606 | a 1.00 std      | min rc  0.0000e+00 | +0  [round] | lp 0.49s solver 0.49s 1534 it 12436 cols 206528 nz
  -- penalty round 6: eps 0.000195 delta 0.000195 RMP 245.1983 LB 244.7792 UB 254.5606 gap 3.83e-02 [round] 89s
  CG  136 | RMP      245.2160 | LB      244.7792 | UB      245.2342 | a 1.00 std      | min rc  0.0000e+00 | +0  [done] | lp 0.52s solver 0.52s 1807 it 12436 cols 206528 nz
  -- penalty round 7: eps 0 delta 0 RMP 245.2160 LB 244.7792 UB 245.2342 gap 1.85e-03 [done] 90s
  obj 245.234211  LB 244.779164  gap 1.85e-03  iters 136  89.8s  rounds 7  status optimal
  KL r=0.0960365: 980 tangent planes; rho* 0.066 0.062 0.064 0.043 0.024 0.048 0.052 0.049 0.058 0.024 0.139 0.024 0.046 0.060 0.030 0.035 0.050 0.045 0.035 0.048 (KL 0.0960)
  time: master LP 58.9s  pricing 27.9s (13029 MILPs, 8 worker(s))

[3] robust Owen allocation
  omega_LR,rob 9.759929  eps_LR 1.626655  certified [9.164181, 9.781443]
  EF slack 0.1622 = 2% of the reported omega
  checks: budget 1.42e-13  duality -2.15e-02  pricing 0.00e+00

[4] stand-alone values val(DP_{j}^Omega)
   player         Owen        E[x*]        alone       chi^LR
       u1    1352.5138    1350.8872     957.8212     393.0660
       u2      38.9158      37.2891      -0.0000      37.2891
       u3     521.8559     520.2292     269.1587     251.0705
       u4    -711.3489    -712.9756    -807.5909      94.6153
       u5    -415.7040    -417.3307    -520.9939     103.6633
       u6   -1031.0332   -1032.6599   -1176.9958     144.3359

wrote ieee_owen\weak_eps_experiment\stochastic\main17_xi\6p_reserve_peak_day22_S20_seed0_grb_direct-gurobi_kl0.0960365_dual_ndw_rsc0.303571_main.json
