
Cluster assignments:
Cluster 0 (represented by Day 25): [ 1 12 17 21 25 26 27 28]... (total 8 days)
Cluster 1 (represented by Day 4): [ 2  3  4  5  6  7  8  9 10 11]... (total 23 days)
[reserve] pi_res = 56 EUR/MW.h (daily mean of fcrn_dk2_56 hourly prices), 1h blocks
[reserve] c_min_G = 0.15 (electrolyzer min load / els_cap); literature 0.1-0.16 -> OK
[reserve] c_sb_G = 0.01 (electrolyzer standby draw / els_cap); literature 0.025-0.05 -> OUT OF RANGE
✓ spring  :  92 days | Mean: 1 MWh | RMSE range: 0.0-0.2 MWh
✓ summer  :  92 days | Mean: 1 MWh | RMSE range: 0.0-0.3 MWh
✓ fall    :  91 days | Mean: 1 MWh | RMSE range: 0.0-0.2 MWh
✓ winter  :  90 days | Mean: 1 MWh | RMSE range: 0.0-0.1 MWh

=== 6p_reserve_peak_day1_S20_seed0_grb_direct-gurobi_kl0.0960365_dual_ndw_rsc0.303571_main: n=6, |T|=24, |Omega|=20 ===

[1] extensive form (DP_N^Omega)
Set parameter Username
Set parameter LicenseID to value 2742039
Academic license - for non-commercial use only - expires 2026-11-20
Set parameter OutputFlag to value 1
Set parameter LogToConsole to value 0
  obj 250.620006  status optimal  gap 3.11e-04  5.2s  vars 26084
  KL r=0.0960365: worst case 250.620006 vs expected 203.058797; 1 MILP solve(s); rho* 0.084 0.036 0.047 0.020 0.025 0.019 0.026 0.052 0.059 0.034 0.053 0.073 0.080 0.061 0.068 0.033 0.034 0.041 0.098 0.056 (KL 0.0960)
    round 1: MIPGap 1e-04  5.1s  690 nodes  psi-bound 3.11e-04  psi-incumbent 2.80e-04

[2] column generation (DWR_N^Omega)
  seed columns: largest carrier-row residual 7.77e-16 (repaired)
  CG    2 | RMP     -364.3541 | LB     -291.4497 | UB           inf | a 1.00 std      | min rc  0.0000e+00 | +0  [round] | lp 0.05s solver 0.04s 1779 it 9919 cols 30930 nz
  -- penalty round 1: eps 0.2 delta 0.2 RMP -364.3541 LB -291.4497 UB 250.6200 gap 2.15e+00 [round] 0s
  CG   25 | RMP      190.9441 | LB      181.9427 | UB      250.6200 | a 0.10 smooth   | min rc -1.5844e+01 | +19 | lp 0.17s solver 0.15s 1643 it 10814 cols 94978 nz
  CG   28 | RMP      189.5832 | LB      192.1684 | UB      250.6200 | a 1.00 std      | min rc  0.0000e+00 | +0  [round] | lp 0.19s solver 0.18s 1711 it 10930 cols 103732 nz
  -- penalty round 2: eps 0.05 delta 0.05 RMP 189.5832 LB 192.1684 UB 250.6200 gap 2.32e-01 [round] 9s
  CG   50 | RMP      241.4733 | LB      235.1968 | UB      250.6200 | a 0.10 smooth   | min rc -8.1901e+00 | +18 | lp 0.38s solver 0.37s 2666 it 11374 cols 133914 nz
  CG   64 | RMP      239.2333 | LB      238.9097 | UB      250.6200 | a 1.00 std      | min rc  0.0000e+00 | +0  [round] | lp 0.36s solver 0.34s 1857 it 11484 cols 141581 nz
  -- penalty round 3: eps 0.0125 delta 0.0125 RMP 239.2333 LB 238.9097 UB 250.6200 gap 4.65e-02 [round] 28s
  CG   75 | RMP      244.2834 | LB      240.7494 | UB      250.6200 | a 0.10 smooth   | min rc -3.3055e+00 | +14 | lp 0.55s solver 0.54s 2067 it 11702 cols 158090 nz
  CG  100 | RMP      243.4000 | LB      242.6716 | UB      250.6200 | a 0.10 smooth   | min rc -2.0207e+00 | +9 | lp 0.28s solver 0.26s 884 it 12129 cols 191105 nz
  CG  109 | RMP      243.2149 | LB      242.9075 | UB      250.6200 | a 1.00 std      | min rc  0.0000e+00 | +0  [round] | lp 0.32s solver 0.31s 1260 it 12164 cols 194931 nz
  -- penalty round 4: eps 0.00313 delta 0.00313 RMP 243.2149 LB 242.9075 UB 250.6200 gap 3.07e-02 [round] 60s
  CG  125 | RMP      243.6619 | LB      243.1321 | UB      250.6200 | a 0.10 smooth   | min rc -5.5299e-01 | +7 | lp 0.40s solver 0.38s 1263 it 12243 cols 201591 nz
  CG  135 | RMP      243.6198 | LB      243.3039 | UB      250.6200 | a 1.00 std      | min rc  0.0000e+00 | +0  [round] | lp 0.50s solver 0.48s 1499 it 12303 cols 206153 nz
  -- penalty round 5: eps 0.000781 delta 0.000781 RMP 243.6198 LB 243.3039 UB 250.6200 gap 2.91e-02 [round] 81s
  CG  143 | RMP      243.6863 | LB      243.3668 | UB      250.6200 | a 1.00 std      | min rc  0.0000e+00 | +0  [round] | lp 0.49s solver 0.47s 1700 it 12290 cols 205562 nz
  -- penalty round 6: eps 0.000195 delta 0.000195 RMP 243.6863 LB 243.3668 UB 250.6200 gap 2.88e-02 [round] 88s
  CG  144 | RMP      243.6976 | LB      243.3668 | UB      243.7031 | a 1.00 std      | min rc  0.0000e+00 | +0  [done] | lp 0.38s solver 0.36s 1551 it 12290 cols 205562 nz
  -- penalty round 7: eps 0 delta 0 RMP 243.6976 LB 243.3668 UB 243.7031 gap 1.37e-03 [done] 88s
  obj 243.703119  LB 243.366779  gap 1.37e-03  iters 144  88.1s  rounds 7  status optimal
  KL r=0.0960365: 1000 tangent planes; rho* 0.085 0.036 0.048 0.021 0.025 0.019 0.027 0.052 0.059 0.034 0.050 0.072 0.080 0.061 0.065 0.033 0.035 0.040 0.101 0.058 (KL 0.0960)
  time: master LP 57.5s  pricing 27.6s (13837 MILPs, 8 worker(s))

[3] robust Owen allocation
  omega_LR,rob 7.238929  eps_LR 1.206488  certified [6.838848, 7.253228]
  EF slack 0.0780 = 1% of the reported omega
  checks: budget 8.53e-14  duality -1.43e-02  pricing 0.00e+00

[4] stand-alone values val(DP_{j}^Omega)
   player         Owen        E[x*]        alone       chi^LR
       u1    1319.8980    1318.6915     935.7378     382.9537
       u2      25.8745      24.6681      -0.0000      24.6681
       u3     525.0589     523.8524     274.5998     249.2526
       u4    -695.2583    -696.4648    -801.3049     104.8401
       u5    -394.6038    -395.8103    -499.9408     104.1304
       u6   -1024.3504   -1025.5569   -1181.5199     155.9630

wrote ieee_owen\weak_eps_experiment\stochastic\main17_xi\6p_reserve_peak_day1_S20_seed0_grb_direct-gurobi_kl0.0960365_dual_ndw_rsc0.303571_main.json
