
Cluster assignments:
Cluster 0 (represented by Day 25): [ 1 12 17 21 25 26 27 28]... (total 8 days)
Cluster 1 (represented by Day 4): [ 2  3  4  5  6  7  8  9 10 11]... (total 23 days)
[reserve] pi_res = 56 EUR/MW.h (daily mean of fcrn_dk2_56 hourly prices), 1h blocks
[reserve] c_min_G = 0.15 (electrolyzer min load / els_cap); literature 0.1-0.16 -> OK
[reserve] c_sb_G = 0.01 (electrolyzer standby draw / els_cap); literature 0.025-0.05 -> OUT OF RANGE
✓ spring  :  92 days | Mean: 1 MWh | RMSE range: 0.0-0.2 MWh
✓ summer  :  92 days | Mean: 1 MWh | RMSE range: 0.0-0.3 MWh
✓ fall    :  91 days | Mean: 1 MWh | RMSE range: 0.0-0.2 MWh
✓ winter  :  90 days | Mean: 1 MWh | RMSE range: 0.0-0.1 MWh

=== 6p_reserve_peak_day5_S20_seed0_grb_direct-gurobi_kl0.0960365_dual_ndw_rsc0.303571_main: n=6, |T|=24, |Omega|=20 ===

[1] extensive form (DP_N^Omega)
Set parameter Username
Set parameter LicenseID to value 2742039
Academic license - for non-commercial use only - expires 2026-11-20
Set parameter OutputFlag to value 1
Set parameter LogToConsole to value 0
  obj 264.463756  status optimal  gap 5.09e-04  5.2s  vars 26084
  KL r=0.0960365: worst case 264.463756 vs expected 200.828512; 1 MILP solve(s); rho* 0.052 0.028 0.031 0.034 0.072 0.040 0.033 0.071 0.033 0.027 0.099 0.032 0.044 0.065 0.055 0.021 0.053 0.040 0.105 0.062 (KL 0.0960)
    round 1: MIPGap 1e-04  5.2s  651 nodes  psi-bound 5.09e-04  psi-incumbent 5.08e-04

[2] column generation (DWR_N^Omega)
  seed columns: largest carrier-row residual 2.22e-16 (repaired)
  CG    2 | RMP     -369.2368 | LB     -306.9268 | UB           inf | a 1.00 std      | min rc  0.0000e+00 | +0  [round] | lp 0.05s solver 0.04s 1756 it 9921 cols 31155 nz
  -- penalty round 1: eps 0.2 delta 0.2 RMP -369.2368 LB -306.9268 UB 264.4638 gap 2.15e+00 [round] 0s
  CG   25 | RMP      203.4243 | LB      192.4264 | UB      264.4638 | a 0.10 smooth   | min rc -2.1608e+01 | +21 | lp 0.19s solver 0.18s 1715 it 10801 cols 88679 nz
  CG   28 | RMP      201.7119 | LB      201.1291 | UB      264.4638 | a 1.00 std      | min rc  0.0000e+00 | +0  [round] | lp 0.21s solver 0.20s 1727 it 10925 cols 96417 nz
  -- penalty round 2: eps 0.05 delta 0.05 RMP 201.7119 LB 201.1291 UB 264.4638 gap 2.39e-01 [round] 9s
  CG   50 | RMP      248.5954 | LB      239.6896 | UB      264.4638 | a 0.10 smooth   | min rc -7.4467e+00 | +20 | lp 0.37s solver 0.36s 2391 it 11391 cols 125763 nz
  CG   65 | RMP      245.6963 | LB      244.9790 | UB      264.4638 | a 1.00 std      | min rc  0.0000e+00 | +0  [round] | lp 0.44s solver 0.42s 1988 it 11640 cols 146878 nz
  -- penalty round 3: eps 0.0125 delta 0.0125 RMP 245.6963 LB 244.9790 UB 264.4638 gap 7.34e-02 [round] 32s
  CG   75 | RMP      250.6028 | LB      246.4044 | UB      264.4638 | a 0.10 smooth   | min rc -3.7783e+00 | +18 | lp 0.77s solver 0.76s 2571 it 11823 cols 159613 nz
  CG  100 | RMP      249.5847 | LB      248.8474 | UB      264.4638 | a 0.10 smooth   | min rc -1.2846e+00 | +7 | lp 0.29s solver 0.27s 949 it 12260 cols 192011 nz
  CG  102 | RMP      249.5483 | LB      248.8545 | UB      264.4638 | a 1.00 std      | min rc  0.0000e+00 | +0  [round] | lp 0.34s solver 0.32s 1165 it 12137 cols 183634 nz
  -- penalty round 4: eps 0.00313 delta 0.00313 RMP 249.5483 LB 248.8545 UB 264.4638 gap 5.88e-02 [round] 59s
  CG  118 | RMP      249.9409 | LB      249.2622 | UB      264.4638 | a 1.00 std      | min rc  0.0000e+00 | +0  [round] | lp 0.47s solver 0.46s 1357 it 12352 cols 198387 nz
  -- penalty round 5: eps 0.000781 delta 0.000781 RMP 249.9409 LB 249.2622 UB 264.4638 gap 5.73e-02 [round] 71s
  CG  123 | RMP      249.9985 | LB      249.3241 | UB      264.4638 | a 1.00 std      | min rc  0.0000e+00 | +0  [round] | lp 0.51s solver 0.49s 1680 it 12352 cols 197231 nz
  -- penalty round 6: eps 0.000195 delta 0.000195 RMP 249.9985 LB 249.3241 UB 264.4638 gap 5.70e-02 [round] 76s
  CG  124 | RMP      250.0166 | LB      249.3241 | UB      250.0350 | a 1.00 std      | min rc  0.0000e+00 | +0  [done] | lp 0.36s solver 0.34s 1377 it 12352 cols 197231 nz
  -- penalty round 7: eps 0 delta 0 RMP 250.0166 LB 249.3241 UB 250.0350 gap 2.83e-03 [done] 76s
  obj 250.034965  LB 249.324095  gap 2.83e-03  iters 124  76.1s  rounds 7  status optimal
  KL r=0.0960365: 980 tangent planes; rho* 0.052 0.028 0.029 0.033 0.073 0.040 0.033 0.069 0.034 0.028 0.102 0.032 0.042 0.064 0.053 0.022 0.054 0.042 0.104 0.064 (KL 0.0960)
  time: master LP 50.1s  pricing 23.3s (11817 MILPs, 8 worker(s))

[3] robust Owen allocation
  omega_LR,rob 15.101133  eps_LR 2.516855  certified [14.294152, 15.139661]
  EF slack 0.1346 = 1% of the reported omega
  checks: budget 5.68e-14  duality -3.85e-02  pricing 0.00e+00

[4] stand-alone values val(DP_{j}^Omega)
   player         Owen        E[x*]        alone       chi^LR
       u1    1352.9291    1350.4123     970.4183     379.9940
       u2      34.2579      31.7410      -0.0000      31.7410
       u3     514.5797     512.0628     266.2766     245.7863
       u4    -728.0889    -730.6057    -825.0358      94.4301
       u5    -421.4119    -423.9287    -510.2808      86.3521
       u6   -1001.6286   -1004.1454   -1154.0486     149.9032

wrote ieee_owen\weak_eps_experiment\stochastic\main17_xi\6p_reserve_peak_day5_S20_seed0_grb_direct-gurobi_kl0.0960365_dual_ndw_rsc0.303571_main.json
