
Gurobi 13.0.1 (win64) logging started Wed Oct  7 23:25:04 2026

Set parameter LogFile to value "ieee_owen\weak_eps_experiment\stochastic\main17_xi\logs\n6_S20_day4_ef_gurobi.log"
Set parameter NodefileStart to value 3
Set parameter MIPGap to value 0.0001
Gurobi Optimizer version 13.0.1 build v13.0.1rc0 (win64 - Windows 10.0 (19045.2))

CPU model: AMD Ryzen 9 5900X 12-Core Processor, instruction set [SSE2|AVX|AVX2]
Thread count: 12 physical cores, 24 logical processors, using up to 24 threads

Non-default parameters:
TimeLimit  1800
NodefileStart  3
LogToConsole  0

Optimize a model with 29882 rows, 26126 columns and 118685 nonzeros (Min)
Model fingerprint: 0xb9c02959
Model has 22 linear objective coefficients
Variable types: 22646 continuous, 3480 integer (3480 binary)
Coefficient statistics:
  Matrix range     [3e-04, 2e+02]
  Objective range  [5e-02, 1e+00]
  Bounds range     [2e-01, 4e+01]
  RHS range        [2e-01, 2e+01]

Presolve removed 14488 rows and 9868 columns
Presolve time: 0.12s
Presolved: 15394 rows, 16258 columns, 59403 nonzeros
Variable types: 12906 continuous, 3352 integer (3351 binary)
Found heuristic solution: objective 486.5145004

Root relaxation: objective 2.296570e+02, 15030 iterations, 1.02 seconds (1.45 work units)

    Nodes    |    Current Node    |     Objective Bounds      |     Work
 Expl Unexpl |  Obj  Depth IntInf | Incumbent    BestBd   Gap | It/Node Time

     0     0  229.65705    0  530  486.51450  229.65705  52.8%     -    1s
H    0     0                     321.6811344  229.65705  28.6%     -    1s
     0     0  234.77895    0  357  321.68113  234.77895  27.0%     -    1s
H    0     0                     294.0794423  234.77895  20.2%     -    2s
     0     0  234.77895    0  351  294.07944  234.77895  20.2%     -    2s
     0     0  235.89781    0  304  294.07944  235.89781  19.8%     -    2s
     0     0  235.89781    0  323  294.07944  235.89781  19.8%     -    2s
     0     0  235.89781    0  324  294.07944  235.89781  19.8%     -    2s
     0     0  238.48088    0  320  294.07944  238.48088  18.9%     -    2s
H    0     0                     287.8630114  238.48088  17.2%     -    3s
     0     0  239.11568    0  319  287.86301  239.11568  16.9%     -    3s
     0     0  239.11570    0  322  287.86301  239.11570  16.9%     -    3s
H    0     0                     243.4925275  240.07225  1.40%     -    3s
H    0     0                     242.8428026  240.07225  1.14%     -    3s
     0     0  240.23466    0  320  242.84280  240.23466  1.07%     -    3s
     0     0  240.23466    0  320  242.84280  240.23466  1.07%     -    3s
     0     0  240.23466    0  320  242.84280  240.23466  1.07%     -    3s
H    0     0                     242.5309665  240.23466  0.95%     -    3s
     0     2  240.23466    0  307  242.53097  240.23466  0.95%     -    3s
   220   196  242.08669   25   60  242.53097  241.68353  0.35%  58.2    5s
H  221   196                     241.8300382  241.68353  0.06%  58.0    5s
*  304   250              33     241.8220211  241.68353  0.06%  43.5    5s
*  357   295              32     241.8219570  241.68353  0.06%  37.4    5s
*  397   352              31     241.6836694  241.68353  0.00%  34.0    5s

Cutting planes:
  Gomory: 62
  Implied bound: 212
  MIR: 277
  Flow cover: 322
  RLT: 2
  Relax-and-lift: 135

Explored 453 nodes (32652 simplex iterations) in 5.28 seconds (6.78 work units)
Thread count was 24 (of 24 available processors)

Solution count 10: 241.684 241.822 241.822 ... 321.681

Optimal solution found (tolerance 1.00e-04)
Best objective 2.416836693913e+02, best bound 2.416835323502e+02, gap 0.0001%
