
Gurobi 13.0.1 (win64) logging started Thu Oct  8 16:09:24 2026

Set parameter LogFile to value "ieee_owen\weak_eps_experiment\stochastic\main17_xi\logs\n6_S20_day14_ef_gurobi.log"
Set parameter NodefileStart to value 3
Set parameter MIPGap to value 0.0001
Gurobi Optimizer version 13.0.1 build v13.0.1rc0 (win64 - Windows 10.0 (19045.2))

CPU model: AMD Ryzen 9 5900X 12-Core Processor, instruction set [SSE2|AVX|AVX2]
Thread count: 12 physical cores, 24 logical processors, using up to 24 threads

Non-default parameters:
TimeLimit  1800
NodefileStart  3
LogToConsole  0

Optimize a model with 29882 rows, 26126 columns and 118685 nonzeros (Min)
Model fingerprint: 0x94855a99
Model has 22 linear objective coefficients
Variable types: 22646 continuous, 3480 integer (3480 binary)
Coefficient statistics:
  Matrix range     [3e-04, 2e+02]
  Objective range  [5e-02, 1e+00]
  Bounds range     [2e-01, 4e+01]
  RHS range        [2e-01, 2e+01]

Presolve removed 14487 rows and 9867 columns
Presolve time: 0.12s
Presolved: 15395 rows, 16259 columns, 59405 nonzeros
Variable types: 12907 continuous, 3352 integer (3351 binary)
Found heuristic solution: objective 707.6896993

Root relaxation: objective 4.939036e+02, 14461 iterations, 0.76 seconds (1.06 work units)

    Nodes    |    Current Node    |     Objective Bounds      |     Work
 Expl Unexpl |  Obj  Depth IntInf | Incumbent    BestBd   Gap | It/Node Time

     0     0  493.90364    0  512  707.68970  493.90364  30.2%     -    1s
H    0     0                     578.1502877  493.90364  14.6%     -    1s
     0     0  494.80866    0  349  578.15029  494.80866  14.4%     -    1s
H    0     0                     552.9332511  494.81215  10.5%     -    1s
H    0     0                     505.8164768  494.81960  2.17%     -    1s
     0     0  494.81960    0  345  505.81648  494.81960  2.17%     -    1s
     0     0  495.19958    0  330  505.81648  495.19958  2.10%     -    2s
     0     0  495.59564    0  332  505.81648  495.59564  2.02%     -    2s
     0     0  495.62143    0  327  505.81648  495.62143  2.02%     -    2s
     0     0  495.62143    0  327  505.81648  495.62143  2.02%     -    2s
     0     0  496.52648    0  328  505.81648  496.52648  1.84%     -    2s
     0     0  496.60361    0  328  505.81648  496.60361  1.82%     -    2s
     0     0  496.60361    0  328  505.81648  496.60361  1.82%     -    2s
H    0     0                     504.9338685  496.60361  1.65%     -    2s
     0     2  496.60361    0  328  504.93387  496.60361  1.65%     -    2s
H   97    94                     501.0917565  497.55143  0.71%   162    3s
*  840   728              72     499.5820645  497.55143  0.41%  21.6    4s
*  958   681              71     498.8231792  498.15984  0.13%  19.7    4s
*  959   681              71     498.8231785  498.15984  0.13%  19.7    4s
*  979   681              70     498.8231040  498.15984  0.13%  19.4    4s
*  980   681              70     498.8231032  498.15984  0.13%  19.4    4s
*  996   681              68     498.6161671  498.15984  0.09%  19.1    4s
  1607   873  498.50229   46   52  498.61617  498.15984  0.09%  12.4    5s
* 1859   777              70     498.2212493  498.15984  0.01%  10.9    5s
* 1904   777              70     498.2081856  498.15984  0.01%  10.7    5s
* 1929   777              70     498.1844358  498.15984  0.00%  10.6    5s

Cutting planes:
  Gomory: 116
  Implied bound: 159
  MIR: 234
  Flow cover: 380
  Relax-and-lift: 66

Explored 2018 nodes (38149 simplex iterations) in 5.28 seconds (4.96 work units)
Thread count was 24 (of 24 available processors)

Solution count 10: 498.184 498.208 498.221 ... 501.092

Optimal solution found (tolerance 1.00e-04)
Best objective 4.981844357902e+02, best bound 4.981598416545e+02, gap 0.0049%
