
Cluster assignments:
Cluster 0 (represented by Day 25): [ 1 12 17 21 25 26 27 28]... (total 8 days)
Cluster 1 (represented by Day 4): [ 2  3  4  5  6  7  8  9 10 11]... (total 23 days)
[reserve] pi_res = 56 EUR/MW.h (daily mean of fcrn_dk2_56 hourly prices), 1h blocks
[reserve] c_min_G = 0.15 (electrolyzer min load / els_cap); literature 0.1-0.16 -> OK
[reserve] c_sb_G = 0.01 (electrolyzer standby draw / els_cap); literature 0.025-0.05 -> OUT OF RANGE
✓ spring  :  92 days | Mean: 1 MWh | RMSE range: 0.0-0.2 MWh
✓ summer  :  92 days | Mean: 1 MWh | RMSE range: 0.0-0.3 MWh
✓ fall    :  91 days | Mean: 1 MWh | RMSE range: 0.0-0.2 MWh
✓ winter  :  90 days | Mean: 1 MWh | RMSE range: 0.0-0.1 MWh

=== 6p_reserve_peak_day26_S20_seed0_grb_direct-gurobi_kl0.0960365_dual_ndw_rsc0.303571_main: n=6, |T|=24, |Omega|=20 ===

[1] extensive form (DP_N^Omega)
Set parameter Username
Set parameter LicenseID to value 2742039
Academic license - for non-commercial use only - expires 2026-11-20
Set parameter OutputFlag to value 1
Set parameter LogToConsole to value 0
  obj 547.942630  status optimal  gap 2.67e-04  4.4s  vars 26084
  KL r=0.0960365: worst case 547.942630 vs expected 482.740398; 1 MILP solve(s); rho* 0.051 0.020 0.047 0.057 0.046 0.062 0.039 0.047 0.070 0.028 0.023 0.080 0.042 0.034 0.065 0.052 0.025 0.122 0.059 0.034 (KL 0.0960)
    round 1: MIPGap 1e-04  4.4s  320 nodes  psi-bound 2.67e-04  psi-incumbent 2.67e-04

[2] column generation (DWR_N^Omega)
  seed columns: largest carrier-row residual 1.11e-16 (repaired)
  CG    2 | RMP      -95.0947 | LB      -37.7257 | UB           inf | a 1.00 std      | min rc  0.0000e+00 | +0  [round] | lp 0.05s solver 0.04s 1639 it 9927 cols 30950 nz
  -- penalty round 1: eps 0.2 delta 0.2 RMP -95.0947 LB -37.7257 UB 547.9426 gap 1.07e+00 [round] 0s
  CG   25 | RMP      489.0695 | LB      478.9986 | UB      547.9426 | a 0.10 smooth   | min rc -1.5977e+01 | +18 | lp 0.15s solver 0.14s 1301 it 10823 cols 93992 nz
  CG   28 | RMP      488.0819 | LB      489.3189 | UB      547.9426 | a 1.00 std      | min rc  0.0000e+00 | +0  [round] | lp 0.21s solver 0.20s 1727 it 10933 cols 101431 nz
  -- penalty round 2: eps 0.05 delta 0.05 RMP 488.0819 LB 489.3189 UB 547.9426 gap 1.07e-01 [round] 8s
  CG   50 | RMP      539.5635 | LB      530.7744 | UB      547.9426 | a 0.10 smooth   | min rc -7.8037e+00 | +20 | lp 0.40s solver 0.38s 2076 it 11410 cols 133569 nz
  CG   69 | RMP      537.3243 | LB      536.9392 | UB      547.9426 | a 1.00 std      | min rc  0.0000e+00 | +0  [round] | lp 0.37s solver 0.36s 1361 it 11719 cols 154287 nz
  -- penalty round 3: eps 0.0125 delta 0.0125 RMP 537.3243 LB 536.9392 UB 547.9426 gap 2.00e-02 [round] 31s
  CG   75 | RMP      541.5626 | LB      537.6374 | UB      547.9426 | a 0.10 smooth   | min rc -1.7512e+00 | +16 | lp 0.66s solver 0.64s 2606 it 11804 cols 160156 nz
  CG  100 | RMP      540.4506 | LB      539.9279 | UB      547.9426 | a 0.10 smooth   | min rc -8.5869e-01 | +8 | lp 0.37s solver 0.36s 1185 it 12276 cols 192825 nz
  CG  104 | RMP      540.3919 | LB      540.0504 | UB      547.9426 | a 1.00 std      | min rc  0.0000e+00 | +0  [round] | lp 0.33s solver 0.32s 1195 it 12142 cols 183938 nz
  -- penalty round 4: eps 0.00313 delta 0.00313 RMP 540.3919 LB 540.0504 UB 547.9426 gap 1.44e-02 [round] 56s
  CG  125 | RMP      540.8127 | LB      540.4869 | UB      547.9426 | a 0.10 smooth   | min rc -2.8387e-01 | +7 | lp 0.45s solver 0.44s 1419 it 12398 cols 201867 nz
  CG  126 | RMP      540.8096 | LB      540.4869 | UB      547.9426 | a 1.00 std      | min rc  0.0000e+00 | +0  [round] | lp 0.37s solver 0.35s 1121 it 12425 cols 203667 nz
  -- penalty round 5: eps 0.000781 delta 0.000781 RMP 540.8096 LB 540.4869 UB 547.9426 gap 1.36e-02 [round] 73s
  CG  133 | RMP      540.8759 | LB      540.5553 | UB      547.9426 | a 1.00 std      | min rc  0.0000e+00 | +0  [round] | lp 0.33s solver 0.32s 1206 it 12363 cols 199108 nz
  -- penalty round 6: eps 0.000195 delta 0.000195 RMP 540.8759 LB 540.5553 UB 547.9426 gap 1.35e-02 [round] 79s
  CG  134 | RMP      540.9005 | LB      540.5553 | UB      540.9075 | a 1.00 std      | min rc  0.0000e+00 | +0  [done] | lp 0.48s solver 0.46s 2069 it 12363 cols 199108 nz
  -- penalty round 7: eps 0 delta 0 RMP 540.9005 LB 540.5553 UB 540.9075 gap 6.50e-04 [done] 80s
  obj 540.907540  LB 540.555278  gap 6.50e-04  iters 134  79.6s  rounds 7  status optimal
  KL r=0.0960365: 980 tangent planes; rho* 0.051 0.020 0.047 0.057 0.045 0.062 0.038 0.048 0.068 0.028 0.023 0.080 0.041 0.034 0.065 0.053 0.025 0.122 0.059 0.034 (KL 0.0960)
  time: master LP 50.9s  pricing 25.8s (12827 MILPs, 8 worker(s))

[3] robust Owen allocation
  omega_LR,rob 7.374326  eps_LR 1.229054  certified [6.888819, 7.387353]
  EF slack 0.1463 = 2% of the reported omega
  checks: budget 1.14e-13  duality -1.30e-02  pricing 0.00e+00

[4] stand-alone values val(DP_{j}^Omega)
   player         Owen        E[x*]        alone       chi^LR
       u1    1110.7848    1109.5558     779.1697     330.3861
       u2      43.9028      42.6738      -0.0000      42.6738
       u3     493.8748     492.6457     267.5252     225.1206
       u4    -736.1148    -737.3439    -798.5719      61.2281
       u5    -456.6729    -457.9020    -515.9781      58.0761
       u6    -996.3430    -997.5721   -1163.1185     165.5465

wrote ieee_owen\weak_eps_experiment\stochastic\main17_xi\6p_reserve_peak_day26_S20_seed0_grb_direct-gurobi_kl0.0960365_dual_ndw_rsc0.303571_main.json
