
Gurobi 13.0.1 (win64) logging started Fri Oct  9 04:52:56 2026

Set parameter LogFile to value "ieee_owen\weak_eps_experiment\stochastic\main17_xi\logs\n6_S20_day22_ef_gurobi.log"
Set parameter NodefileStart to value 3
Set parameter MIPGap to value 0.0001
Gurobi Optimizer version 13.0.1 build v13.0.1rc0 (win64 - Windows 10.0 (19045.2))

CPU model: AMD Ryzen 9 5900X 12-Core Processor, instruction set [SSE2|AVX|AVX2]
Thread count: 12 physical cores, 24 logical processors, using up to 24 threads

Non-default parameters:
TimeLimit  1800
NodefileStart  3
LogToConsole  0

Optimize a model with 29882 rows, 26126 columns and 118685 nonzeros (Min)
Model fingerprint: 0x74890703
Model has 22 linear objective coefficients
Variable types: 22646 continuous, 3480 integer (3480 binary)
Coefficient statistics:
  Matrix range     [3e-04, 2e+02]
  Objective range  [5e-02, 1e+00]
  Bounds range     [2e-01, 4e+01]
  RHS range        [2e-01, 2e+01]

Presolve removed 14488 rows and 9868 columns
Presolve time: 0.12s
Presolved: 15394 rows, 16258 columns, 59403 nonzeros
Variable types: 12906 continuous, 3352 integer (3351 binary)
Found heuristic solution: objective 532.3987028

Root relaxation: objective 2.450224e+02, 14456 iterations, 0.80 seconds (1.17 work units)

    Nodes    |    Current Node    |     Objective Bounds      |     Work
 Expl Unexpl |  Obj  Depth IntInf | Incumbent    BestBd   Gap | It/Node Time

     0     0  245.02236    0  564  532.39870  245.02236  54.0%     -    1s
H    0     0                     300.6671227  245.02236  18.5%     -    1s
     0     0  248.44680    0  401  300.66712  248.44680  17.4%     -    1s
H    0     0                     272.6777899  248.54204  8.85%     -    1s
     0     0  248.71857    0  397  272.67779  248.71857  8.79%     -    1s
     0     0  248.71857    0  398  272.67779  248.71857  8.79%     -    1s
H    0     0                     261.5916000  248.78578  4.90%     -    2s
     0     0  248.90380    0  292  261.59160  248.90380  4.85%     -    2s
     0     0  248.93427    0  288  261.59160  248.93427  4.84%     -    2s
     0     0  248.93558    0  289  261.59160  248.93558  4.84%     -    2s
     0     0  248.93558    0  288  261.59160  248.93558  4.84%     -    2s
     0     0  250.37312    0  283  261.59160  250.37312  4.29%     -    2s
H    0     0                     260.7226462  250.37312  3.97%     -    2s
     0     0  250.81901    0  281  260.72265  250.81901  3.80%     -    2s
     0     0  250.81901    0  282  260.72265  250.81901  3.80%     -    2s
     0     0  250.81901    0  283  260.72265  250.81901  3.80%     -    2s
H    0     0                     259.8150463  251.93871  3.03%     -    3s
     0     0  252.08525    0  285  259.81505  252.08525  2.98%     -    3s
     0     0  252.08525    0  285  259.81505  252.08525  2.98%     -    3s
     0     0  252.08525    0  277  259.81505  252.08525  2.98%     -    3s
H    0     0                     255.1837837  252.08525  1.21%     -    3s
     0     2  252.08525    0  277  255.18378  252.08525  1.21%     -    3s
H  156   151                     254.5236324  254.39839  0.05%  27.8    4s
H  206   156                     254.4361392  254.39839  0.01%  21.4    4s
H  227   149                     254.3983921  254.39839  0.00%  20.1    4s

Cutting planes:
  Gomory: 35
  Cover: 1
  Implied bound: 208
  MIR: 362
  Flow cover: 340
  RLT: 1
  Relax-and-lift: 198
  BQP: 8

Explored 263 nodes (22576 simplex iterations) in 4.64 seconds (5.02 work units)
Thread count was 24 (of 24 available processors)

Solution count 10: 254.398 254.436 254.524 ... 532.399

Optimal solution found (tolerance 1.00e-04)
Best objective 2.543983921317e+02, best bound 2.543983921317e+02, gap 0.0000%
