
Cluster assignments:
Cluster 0 (represented by Day 25): [ 1 12 17 21 25 26 27 28]... (total 8 days)
Cluster 1 (represented by Day 4): [ 2  3  4  5  6  7  8  9 10 11]... (total 23 days)
[reserve] pi_res = 56 EUR/MW.h (daily mean of fcrn_dk2_56 hourly prices), 1h blocks
[reserve] c_min_G = 0.15 (electrolyzer min load / els_cap); literature 0.1-0.16 -> OK
[reserve] c_sb_G = 0.01 (electrolyzer standby draw / els_cap); literature 0.025-0.05 -> OUT OF RANGE
✓ spring  :  92 days | Mean: 1 MWh | RMSE range: 0.0-0.2 MWh
✓ summer  :  92 days | Mean: 1 MWh | RMSE range: 0.0-0.3 MWh
✓ fall    :  91 days | Mean: 1 MWh | RMSE range: 0.0-0.2 MWh
✓ winter  :  90 days | Mean: 1 MWh | RMSE range: 0.0-0.1 MWh

=== 6p_reserve_peak_day8_S20_seed0_grb_direct-gurobi_kl0.0960365_dual_ndw_rsc0.303571_main: n=6, |T|=24, |Omega|=20 ===

[1] extensive form (DP_N^Omega)
Set parameter Username
Set parameter LicenseID to value 2742039
Academic license - for non-commercial use only - expires 2026-11-20
Set parameter OutputFlag to value 1
Set parameter LogToConsole to value 0
  obj 63.365501  status optimal  gap 1.62e-03  5.9s  vars 26084
  KL r=0.0960365: worst case 63.365501 vs expected 20.189389; 1 MILP solve(s); rho* 0.030 0.026 0.046 0.029 0.044 0.070 0.088 0.030 0.054 0.021 0.045 0.047 0.048 0.052 0.108 0.045 0.039 0.077 0.024 0.077 (KL 0.0960)
    round 1: MIPGap 1e-04  5.8s  963 nodes  psi-bound 1.62e-03  psi-incumbent 1.54e-03

[2] column generation (DWR_N^Omega)
  seed columns: largest carrier-row residual 1.67e-16 (repaired)
  CG    2 | RMP     -541.9001 | LB     -421.9161 | UB           inf | a 1.00 std      | min rc  0.0000e+00 | +0  [round] | lp 0.05s solver 0.04s 1180 it 9923 cols 30840 nz
  -- penalty round 1: eps 0.2 delta 0.2 RMP -541.9001 LB -421.9161 UB 63.3655 gap 7.54e+00 [round] 0s
  CG   25 | RMP        7.7407 | LB       -3.5110 | UB       63.3655 | a 0.10 smooth   | min rc -2.4272e+01 | +22 +1cut | lp 0.23s solver 0.22s 1966 it 10828 cols 91322 nz
  CG   28 | RMP        5.9228 | LB        4.0490 | UB       63.3655 | a 1.00 std      | min rc  0.0000e+00 | +0  [round] | lp 0.30s solver 0.29s 2494 it 10953 cols 99536 nz
  -- penalty round 2: eps 0.05 delta 0.05 RMP 5.9228 LB 4.0490 UB 63.3655 gap 9.22e-01 [round] 9s
  CG   50 | RMP       50.5040 | LB       41.6099 | UB       63.3655 | a 0.10 smooth   | min rc -1.0681e+01 | +19 | lp 0.48s solver 0.47s 2378 it 11450 cols 130607 nz
  CG   66 | RMP       47.2101 | LB       46.4586 | UB       63.3655 | a 1.00 std      | min rc  0.0000e+00 | +0  [round] | lp 0.41s solver 0.40s 1447 it 11702 cols 151109 nz
  -- penalty round 3: eps 0.0125 delta 0.0125 RMP 47.2101 LB 46.4586 UB 63.3655 gap 2.63e-01 [round] 32s
  CG   75 | RMP       51.5230 | LB       47.8043 | UB       63.3655 | a 0.10 smooth   | min rc -3.4071e+00 | +15 | lp 0.61s solver 0.60s 1898 it 11811 cols 159289 nz
  CG  100 | RMP       50.5768 | LB       50.0025 | UB       63.3655 | a 1.00 std      | min rc  0.0000e+00 | +0  [round] | lp 0.51s solver 0.50s 1754 it 12180 cols 187036 nz
  -- penalty round 4: eps 0.00313 delta 0.00313 RMP 50.5768 LB 50.0025 UB 63.3655 gap 2.08e-01 [round] 60s
  CG  120 | RMP       51.0350 | LB       50.4940 | UB       63.3655 | a 1.00 std      | min rc  0.0000e+00 | +0  [round] | lp 0.50s solver 0.48s 1562 it 12415 cols 203360 nz
  -- penalty round 5: eps 0.000781 delta 0.000781 RMP 51.0350 LB 50.4940 UB 63.3655 gap 2.00e-01 [round] 77s
  CG  125 | RMP       51.1133 | LB       50.5676 | UB       63.3655 | a 1.00 std      | min rc  0.0000e+00 | +0  [round] | lp 0.54s solver 0.52s 1666 it 12521 cols 210998 nz
  -- penalty round 6: eps 0.000195 delta 0.000195 RMP 51.1133 LB 50.5676 UB 63.3655 gap 1.99e-01 [round] 82s
  CG  126 | RMP       51.1311 | LB       50.5676 | UB       51.1423 | a 1.00 std      | min rc  0.0000e+00 | +0  [done] | lp 0.48s solver 0.47s 1699 it 12521 cols 210998 nz
  -- penalty round 7: eps 0 delta 0 RMP 51.1311 LB 50.5676 UB 51.1423 gap 1.10e-02 [done] 83s
  obj 51.142288  LB 50.567596  gap 1.10e-02  iters 126  82.7s  rounds 7  status optimal
  KL r=0.0960365: 980 tangent planes; rho* 0.030 0.027 0.049 0.029 0.045 0.070 0.088 0.030 0.054 0.022 0.043 0.047 0.046 0.050 0.107 0.042 0.039 0.079 0.024 0.080 (KL 0.0960)
  time: master LP 56.2s  pricing 23.9s (12019 MILPs, 8 worker(s))

[3] robust Owen allocation
  omega_LR,rob 12.777008  eps_LR 2.129501  certified [12.120550, 12.797905]
  EF slack 0.1027 = 1% of the reported omega
  checks: budget 1.78e-13  duality -2.09e-02  pricing 0.00e+00

[4] stand-alone values val(DP_{j}^Omega)
   player         Owen        E[x*]        alone       chi^LR
       u1    1517.9232    1515.7937    1122.3344     393.4592
       u2      37.0457      34.9162      -0.0000      34.9162
       u3     519.0436     516.9141     249.9120     267.0022
       u4    -701.2799    -703.4094    -860.4299     157.0205
       u5    -423.7996    -425.9291    -516.8792      90.9501
       u6    -999.5215   -1001.6510   -1151.2403     149.5892

wrote ieee_owen\weak_eps_experiment\stochastic\main17_xi\6p_reserve_peak_day8_S20_seed0_grb_direct-gurobi_kl0.0960365_dual_ndw_rsc0.303571_main.json
