
Cluster assignments:
Cluster 0 (represented by Day 25): [ 1 12 17 21 25 26 27 28]... (total 8 days)
Cluster 1 (represented by Day 4): [ 2  3  4  5  6  7  8  9 10 11]... (total 23 days)
[reserve] pi_res = 56 EUR/MW.h (daily mean of fcrn_dk2_56 hourly prices), 1h blocks
[reserve] c_min_G = 0.15 (electrolyzer min load / els_cap); literature 0.1-0.16 -> OK
[reserve] c_sb_G = 0.01 (electrolyzer standby draw / els_cap); literature 0.025-0.05 -> OUT OF RANGE
✓ spring  :  92 days | Mean: 1 MWh | RMSE range: 0.0-0.2 MWh
✓ summer  :  92 days | Mean: 1 MWh | RMSE range: 0.0-0.3 MWh
✓ fall    :  91 days | Mean: 1 MWh | RMSE range: 0.0-0.2 MWh
✓ winter  :  90 days | Mean: 1 MWh | RMSE range: 0.0-0.1 MWh

=== 60p_reserve_peak_day3_S20_seed0_grb_direct-gurobi_kl0.2_ndw_rsc0.303571: n=60, |T|=24, |Omega|=20 ===

[1] extensive form (DP_N^Omega)
Set parameter WLSAccessID
Set parameter WLSSecret
Set parameter LicenseID to value 926906
Academic license 926906 - for non-commercial use only - registered to se___@postech.ac.kr
  obj -17761.331296  status timelimit  gap 2.77e-04  4516.9s  vars 343244
  KL r=0.2: worst case -17761.331296 vs expected -18316.715122; 3 MILP solve(s); rho* 0.037 0.129 0.049 0.019 0.137 0.047 0.044 0.035 0.023 0.021 0.037 0.041 0.026 0.121 0.016 0.036 0.039 0.035 0.064 0.043 (KL 0.2000)
    round 1: MIPGap 1e-03  877.9s  349 nodes  psi-bound 1.15e-03  psi-incumbent 2.41e-04
    round 2: MIPGap 1e-03  37.3s  1 nodes  psi-bound 9.45e-04  psi-incumbent 8.31e-09
    round 3: MIPGap 1e-04  3600.4s  6349 nodes  psi-bound 2.77e-04  psi-incumbent 9.13e-06
