
Cluster assignments:
Cluster 0 (represented by Day 25): [ 1 12 17 21 25 26 27 28]... (total 8 days)
Cluster 1 (represented by Day 4): [ 2  3  4  5  6  7  8  9 10 11]... (total 23 days)
[reserve] pi_res = 56 EUR/MW.h (daily mean of fcrn_dk2_56 hourly prices), 1h blocks
[reserve] c_min_G = 0.15 (electrolyzer min load / els_cap); literature 0.1-0.16 -> OK
[reserve] c_sb_G = 0.01 (electrolyzer standby draw / els_cap); literature 0.025-0.05 -> OUT OF RANGE
✓ spring  :  92 days | Mean: 1 MWh | RMSE range: 0.0-0.2 MWh
✓ summer  :  92 days | Mean: 1 MWh | RMSE range: 0.0-0.3 MWh
✓ fall    :  91 days | Mean: 1 MWh | RMSE range: 0.0-0.2 MWh
✓ winter  :  90 days | Mean: 1 MWh | RMSE range: 0.0-0.1 MWh

=== 60p_reserve_peak_day3_S20_seed0_grb_direct-gurobi_kl0.05_ndw_rsc0.303571: n=60, |T|=24, |Omega|=20 ===

[1] extensive form (DP_N^Omega)
Set parameter WLSAccessID
Set parameter WLSSecret
Set parameter LicenseID to value 926906
Academic license 926906 - for non-commercial use only - registered to se___@postech.ac.kr
  obj -18050.997503  status optimal  gap 9.00e-05  8307.3s  vars 343244
  KL r=0.05: worst case -18050.997503 vs expected -18331.466481; 3 MILP solve(s); rho* 0.046 0.086 0.051 0.033 0.088 0.050 0.049 0.044 0.035 0.033 0.045 0.047 0.038 0.083 0.029 0.044 0.046 0.044 0.060 0.049 (KL 0.0500)
    round 1: MIPGap 1e-03  622.0s  403 nodes  psi-bound 1.39e-03  psi-incumbent 4.15e-04
    round 2: MIPGap 1e-03  26.0s  1 nodes  psi-bound 9.91e-04  psi-incumbent 4.14e-08
    round 3: MIPGap 1e-04  7658.2s  13340 nodes  psi-bound 9.00e-05  psi-incumbent 4.22e-06
