
Cluster assignments:
Cluster 0 (represented by Day 25): [ 1 12 17 21 25 26 27 28]... (total 8 days)
Cluster 1 (represented by Day 4): [ 2  3  4  5  6  7  8  9 10 11]... (total 23 days)
[reserve] pi_res = 56 EUR/MW.h (daily mean of fcrn_dk2_56 hourly prices), 1h blocks
[reserve] c_min_G = 0.15 (electrolyzer min load / els_cap); literature 0.1-0.16 -> OK
[reserve] c_sb_G = 0.01 (electrolyzer standby draw / els_cap); literature 0.025-0.05 -> OUT OF RANGE
✓ spring  :  92 days | Mean: 1 MWh | RMSE range: 0.0-0.2 MWh
✓ summer  :  92 days | Mean: 1 MWh | RMSE range: 0.0-0.3 MWh
✓ fall    :  91 days | Mean: 1 MWh | RMSE range: 0.0-0.2 MWh
✓ winter  :  90 days | Mean: 1 MWh | RMSE range: 0.0-0.1 MWh

=== 60p_reserve_peak_day3_S5_seed0_grb_direct-gurobi_kl0.5_rsc0.303571_flat_S5: n=60, |T|=24, |Omega|=5 ===

[1] extensive form (DP_N^Omega)
  (read from ieee_owen/weak_eps_experiment/stochastic/kl_sens17/ef_cache/S5_day3.pkl)
  obj -16937.095851  status optimal  gap 8.42e-05  1287.0s  vars 86909
  KL r=0.5: worst case -16937.095851 vs expected -17831.262704; 4 MILP solve(s); rho* 0.043 0.424 0.076 0.012 0.444 (KL 0.5000)
    round 1: MIPGap 1e-03  65.1s  316 nodes  psi-bound 6.84e-04  psi-incumbent 1.06e-04
    round 2: MIPGap 1e-03  18.4s  1 nodes  psi-bound 5.84e-04  psi-incumbent -1.07e-15
    round 3: MIPGap 1e-04  622.0s  12457 nodes  psi-bound 1.05e-04  psi-incumbent 5.33e-06
    round 4: MIPGap 1e-04  580.9s  10309 nodes  psi-bound 8.42e-05  psi-incumbent 5.23e-07

[2] column generation (DWR_N^Omega)
Set parameter WLSAccessID
Set parameter WLSSecret
Set parameter LicenseID to value 926906
Academic license 926906 - for non-commercial use only - registered to se___@postech.ac.kr
  seed columns: largest carrier-row residual 8.46e-08 (repaired)
  CG   25 | RMP   -17719.1582 | LB   -17810.5023 | UB           inf | a 0.10 smooth   | min rc -3.1430e+01 | +27 | lp 0.03s solver 0.03s 186 it 3074 cols 191416 nz
  CG   28 | RMP   -17719.7259 | LB   -17674.3806 | UB           inf | a 1.00 std      | min rc  0.0000e+00 | +0  [round] | lp 0.04s solver 0.03s 196 it 3152 cols 214949 nz
  -- penalty round 1: eps 0.2 delta 0.2 RMP -17719.7259 LB -17674.3806 UB -16937.0959 gap 4.35e-02 [round] 9s
  CG   50 | RMP   -16947.0661 | LB   -17050.5537 | UB   -16937.0959 | a 0.10 smooth   | min rc -1.0191e+01 | +22 | lp 0.13s solver 0.12s 353 it 3655 cols 375376 nz
  CG   75 | RMP   -16949.6391 | LB   -16961.6160 | UB   -16937.0959 | a 0.10 smooth   | min rc -2.7396e+00 | +23 | lp 0.11s solver 0.10s 206 it 4246 cols 563355 nz
  CG   91 | RMP   -16950.5651 | LB   -16950.5953 | UB   -16937.0959 | a 1.00 std      | min rc  0.0000e+00 | +0  [round] | lp 0.15s solver 0.14s 254 it 4627 cols 688070 nz
  -- penalty round 2: eps 0.05 delta 0.05 RMP -16950.5651 LB -16950.5953 UB -16937.0959 gap 7.97e-04 [round] 91s
  CG  100 | RMP   -16938.3465 | LB   -16949.4107 | UB   -16937.0959 | a 0.10 smooth   | min rc -2.5820e+00 | +23 | lp 0.39s solver 0.38s 540 it 4811 cols 751232 nz
  CG  125 | RMP   -16939.4847 | LB   -16942.8254 | UB   -16937.0959 | a 0.10 smooth   | min rc -5.7030e-01 | +23 | lp 0.26s solver 0.25s 302 it 4922 cols 790940 nz
  CG  150 | RMP   -16939.9859 | LB   -16940.8037 | UB   -16937.0959 | a 0.10 smooth   | min rc -1.0281e-01 | +23 | lp 0.30s solver 0.29s 297 it 5036 cols 829120 nz
  CG  168 | RMP   -16940.0824 | LB   -16940.1076 | UB   -16937.0959 | a 1.00 std      | min rc  0.0000e+00 | +0  [round] | lp 0.21s solver 0.20s 213 it 4989 cols 821271 nz
  -- penalty round 3: eps 0.0125 delta 0.0125 RMP -16940.0824 LB -16940.1076 UB -16937.0959 gap 1.78e-04 [round] 194s
  CG  175 | RMP   -16939.5545 | LB   -16940.0417 | UB   -16937.0959 | a 0.10 smooth   | min rc -1.1829e-01 | +23 | lp 0.42s solver 0.41s 432 it 4922 cols 807918 nz
  CG  199 | RMP   -16939.6061 | LB   -16939.6467 | UB   -16937.0959 | a 1.00 std      | min rc  0.0000e+00 | +0  [round] | lp 0.14s solver 0.13s 175 it 4981 cols 828374 nz
  -- penalty round 4: eps 0.00313 delta 0.00313 RMP -16939.6061 LB -16939.6467 UB -16937.0959 gap 1.51e-04 [round] 236s
  CG  200 | RMP   -16939.5504 | LB   -16939.6391 | UB   -16937.0959 | a 0.10 smooth   | min rc -6.9261e-03 | +23 +1cut | lp 1.27s solver 1.26s 2178 it 4981 cols 828374 nz
  CG  208 | RMP   -16939.5469 | LB   -16939.5893 | UB   -16937.0959 | a 1.00 std      | min rc  0.0000e+00 | +0  [round] | lp 0.23s solver 0.22s 248 it 4958 cols 824406 nz
  -- penalty round 5: eps 0.000781 delta 0.000781 RMP -16939.5469 LB -16939.5893 UB -16937.0959 gap 1.47e-04 [round] 247s
  CG  211 | RMP   -16939.5385 | LB   -16939.5806 | UB   -16937.0959 | a 1.00 std      | min rc  0.0000e+00 | +0  [round] | lp 0.22s solver 0.21s 297 it 4830 cols 784253 nz
  -- penalty round 6: eps 0.000195 delta 0.000195 RMP -16939.5385 LB -16939.5806 UB -16937.0959 gap 1.47e-04 [round] 250s
  CG  213 | RMP   -16939.5370 | LB   -16939.5806 | UB   -16939.5362 | a 1.00 std      | min rc  0.0000e+00 | +0  [done] | lp 0.58s solver 0.57s 482 it 4852 cols 794761 nz
  -- penalty round 7: eps 0 delta 0 RMP -16939.5370 LB -16939.5806 UB -16939.5362 gap 2.62e-06 [done] 253s
  obj -16939.536170  LB -16939.580578  gap 2.62e-06  iters 213  252.8s  rounds 7  status optimal
  KL r=0.5: 18 distribution cuts (rho_hat included); rho* 0.043 0.424 0.077 0.012 0.444 (KL 0.5000)
  time: master LP 51.4s  pricing 196.7s (12360 MILPs, 8 worker(s))

[3] robust Owen allocation
  omega_LR,rob 2.483123  eps_LR 0.041385  certified [1.014962, 2.484727]
  EF slack 1.4254 = 57% of the reported omega  (> 10%: use --table for a table run)
  checks: budget 0.00e+00  duality -1.60e-03  pricing 0.00e+00

[4] stand-alone values val(DP_{j}^Omega)
   player         Owen        E[x*]        alone       chi^LR
       u1     993.7570     993.7156     651.7487     341.9669
       u2      33.3348      33.2934      -0.0000      33.2934
       u3     604.9211     604.8797     267.1826     337.6971
       u4      94.1798      94.1384      80.5338      13.6047
       u5     238.0416     238.0002     108.3367     129.6635
       u6      93.0326      92.9913      34.4636      58.5276
       u7     435.5857     435.5443     287.0579     148.4865
       u8      41.6100      41.5686      -0.0000      41.5686
       u9     608.6815     608.6402     267.1826     341.4576
      u10     538.4885     538.4471     403.5661     134.8810
      u11     102.5847     102.5433      89.8965      12.6468
      u12      39.6787      39.6373       6.5355      33.1018
      u13     153.2936     153.2522      29.7582     123.4940
      u14     451.9837     451.9424     399.5571      52.3853
      u15     387.6025     387.5611     309.5972      77.9639
      u16     712.9378     712.8964     436.7588     276.1376
      u17     432.9013     432.8599     235.3120     197.5480
      u18      58.1216      58.0802      -0.0000      58.0802
      u19       0.0007      -0.0407      -0.0000      -0.0407
      u20     608.6815     608.6402     267.1826     341.4576
      u21     183.1680     183.1266     144.2588      38.8678
      u22     153.8771     153.8357     134.8448      18.9909
      u23    -284.2345    -284.2759    -355.8096      71.5337
      u24    -210.7818    -210.8232    -246.3032      35.4800
      u25    -400.1847    -400.2261    -458.0235      57.7974
      u26     100.5962     100.5548     -32.5330     133.0878
      u27     -44.6073     -44.6487    -105.4922      60.8435
      u28    -118.7894    -118.8308    -193.2470      74.4163
      u29    -200.5448    -200.5861    -261.6590      61.0729
      u30    -206.6416    -206.6830    -237.5594      30.8764
      u31    1151.4745    1151.4331     739.7788     411.6543
      u32      66.6687      66.6273      -0.0000      66.6273
      u33     423.4448     423.4034     187.0278     236.3756
      u34     112.4768     112.4354      98.9658      13.4696
      u35     158.5024     158.4610      34.5878     123.8732
      u36     185.0949     185.0535     123.2051      61.8484
      u37     366.4373     366.3959     264.5071     101.8888
      u38      33.4314      33.3901      -0.0000      33.3901
      u39     790.1579     790.1165     347.3373     442.7792
      u40     796.7109     796.6695     632.8787     163.7907
      u41     591.9374     591.8960     458.1356     133.7604
      u42     171.8026     171.7612     126.8758      44.8854
      u43     141.9551     141.9137      19.2451     122.6686
      u44     790.7838     790.7424     642.9940     147.7484
      u45      40.9997      40.9583     -33.6606      74.6188
      u46    1247.6412    1247.5998     764.3279     483.2719
      u47     199.8006     199.7592     108.6055      91.1537
      u48      17.0743      17.0329      -0.0000      17.0329
      u49      58.3352      58.2939      -0.0000      58.2939
      u50     548.1894     548.1480     240.4643     307.6837
      u51     366.3011     366.2597     259.8396     106.4201
      u52     444.6109     444.5695     387.1750      57.3945
      u53     470.4277     470.3864     287.4843     182.9021
      u54     365.6104     365.5690     298.5208      67.0482
      u55     218.3143     218.2729     144.2134      74.0595
      u56     507.2917     507.2503     262.8798     244.3705
      u57     225.2387     225.1973      96.4658     128.7315
      u58     320.0770     320.0356     185.1301     134.9055
      u59     318.1930     318.1516     189.1158     129.0358
      u60     209.3191     209.2777     146.5555      62.7222

wrote ieee_owen\weak_eps_experiment\stochastic\kl_exp17\60p_reserve_peak_day3_S5_seed0_grb_direct-gurobi_kl0.5_rsc0.303571_flat_S5.json
