10-06 20:08  n=6 |Omega|=20 day 1 r=0.09604
  2026-10-06 20:10,6,20,1,0.0960365,0,120,2.39,0.72,8.08,0
10-06 20:10  n=15 |Omega|=20 day 1 r=0.09604
  2026-10-06 20:47,15,20,1,0.0960365,0,2190,5.16,3.09,6.25,0
10-06 20:47  n=30 |Omega|=20 day 1 r=0.09604
  2026-10-06 21:14,30,20,1,0.0960365,0,1620,0.00,0.00,6.08,0
10-06 21:14  n=60 |Omega|=20 day 1 r=0.09604
--- restarted 10-06 21:38 (child-process memory fix)
10-06 21:38  n=6 |Omega|=20 day 1 r=0.09604
  skipped (done)
10-06 21:38  n=15 |Omega|=20 day 1 r=0.09604
  skipped (done)
10-06 21:38  n=30 |Omega|=20 day 1 r=0.09604
  skipped (done)
10-06 21:38  n=60 |Omega|=20 day 1 r=0.09604
--- restarted 10-06 23:45 (stall_barrier_max=3)
10-06 23:45  n=6 |Omega|=20 day 1 r=0.09604
  skipped (done)
10-06 23:45  n=15 |Omega|=20 day 1 r=0.09604
  skipped (done)
10-06 23:45  n=30 |Omega|=20 day 1 r=0.09604
  skipped (done)
10-06 23:45  n=60 |Omega|=20 day 1 r=0.09604
--- restarted 10-06 23:53 (OMEGA_TOL 0.05; CG of finished runs redone from EF caches)
10-06 23:53  n=6 |Omega|=20 day 1 r=0.09604
  2026-10-06 23:55,6,20,1,0.0960365,0,120,2.15,0.67,8.15,0
10-06 23:55  n=15 |Omega|=20 day 1 r=0.09604
  2026-10-07 00:05,15,20,1,0.0960365,0,632,3.69,1.89,7.18,0
10-07 00:05  n=30 |Omega|=20 day 1 r=0.09604
  2026-10-07 00:15,30,20,1,0.0960365,0,572,4.59,2.72,6.53,0
10-07 00:15  n=60 |Omega|=20 day 1 r=0.09604
  2026-10-07 00:35,60,20,1,0.0960365,0,1202,6.73,4.88,5.13,0
10-07 00:35  n=6 |Omega|=20 day 2 r=0.09604
  2026-10-07 00:37,6,20,2,0.0960365,0,92,2.15,0.68,8.71,0
10-07 00:37  n=15 |Omega|=20 day 2 r=0.09604
  2026-10-07 01:06,15,20,2,0.0960365,0,1772,4.81,2.82,6.80,0
10-07 01:06  n=30 |Omega|=20 day 2 r=0.09604
  2026-10-07 01:48,30,20,2,0.0960365,0,2492,7.15,4.17,5.47,0
10-07 01:48  n=60 |Omega|=20 day 2 r=0.09604
  2026-10-07 02:28,60,20,2,0.0960365,0,2432,12.23,8.76,2.00,0
10-07 02:28  n=6 |Omega|=20 day 3 r=0.09604
  2026-10-07 02:30,6,20,3,0.0960365,0,122,2.35,0.72,9.36,0
10-07 02:30  n=15 |Omega|=20 day 3 r=0.09604
  2026-10-07 03:01,15,20,3,0.0960365,0,1832,4.67,2.75,7.90,0
10-07 03:01  n=30 |Omega|=20 day 3 r=0.09604
  2026-10-07 03:32,30,20,3,0.0960365,0,1892,6.80,4.07,6.64,0
10-07 03:32  n=60 |Omega|=20 day 3 r=0.09604
  2026-10-07 03:51,60,20,3,0.0960365,0,1142,6.71,4.78,5.45,0
10-07 03:51  n=6 |Omega|=20 day 4 r=0.09604
  2026-10-07 03:53,6,20,4,0.0960365,0,122,2.41,0.84,9.12,0
10-07 03:53  n=15 |Omega|=20 day 4 r=0.09604
  2026-10-07 04:14,15,20,4,0.0960365,0,1262,4.58,2.46,7.66,0
10-07 04:14  n=30 |Omega|=20 day 4 r=0.09604
  2026-10-07 04:59,30,20,4,0.0960365,0,2702,10.91,8.29,4.74,0
10-07 04:59  n=60 |Omega|=20 day 4 r=0.09604
  2026-10-07 06:43,60,20,4,0.0960365,0,6212,13.64,8.70,1.61,0
10-07 06:43  n=6 |Omega|=20 day 5 r=0.09604
  2026-10-07 06:45,6,20,5,0.0960365,0,122,2.36,0.72,8.56,0
10-07 06:45  n=15 |Omega|=20 day 5 r=0.09604
  2026-10-07 07:34,15,20,5,0.0960365,0,2972,4.82,2.72,6.55,0
10-07 07:34  n=30 |Omega|=20 day 5 r=0.09604
  2026-10-07 08:34,30,20,5,0.0960365,0,3542,9.28,6.57,3.54,0
10-07 08:34  n=60 |Omega|=20 day 5 r=0.09604
  2026-10-07 10:08,60,20,5,0.0960365,0,5672,13.15,8.84,1.51,0
10-07 10:08  n=6 |Omega|=20 day 6 r=0.09604
  2026-10-07 10:10,6,20,6,0.0960365,0,122,2.43,0.77,8.59,0
10-07 10:10  n=15 |Omega|=20 day 6 r=0.09604
  2026-10-07 10:45,15,20,6,0.0960365,0,2102,5.18,3.18,5.94,0
10-07 10:45  n=30 |Omega|=20 day 6 r=0.09604
  2026-10-07 11:52,30,20,6,0.0960365,0,3992,8.48,5.87,5.35,0
10-07 11:52  n=60 |Omega|=20 day 6 r=0.09604
--- paused 10-07 13:58: n=60 day 6 stopped in EF round 4 (old grid + refinement), for the fine-grid single-solve EF
--- 10-07 13:58 n=60 day 6 with EF_KL_GRID=fine, EF_KL_SINGLE=True
10-07 13:58  n=60 |Omega|=20 day 6 r=0.09604
  2026-10-07 15:26,60,20,6,0.0960365,0,5282,13.21,9.24,1.43,0
QUEUE DONE
--- resumed 10-07 15:26 from day 7 (fine single-solve EF from here on)
10-07 15:26  n=6 |Omega|=20 day 1 r=0.09604
  skipped (done)
10-07 15:26  n=15 |Omega|=20 day 1 r=0.09604
  skipped (done)
10-07 15:26  n=30 |Omega|=20 day 1 r=0.09604
  skipped (done)
10-07 15:26  n=60 |Omega|=20 day 1 r=0.09604
  skipped (done)
10-07 15:26  n=6 |Omega|=20 day 2 r=0.09604
  skipped (done)
10-07 15:26  n=15 |Omega|=20 day 2 r=0.09604
  skipped (done)
10-07 15:26  n=30 |Omega|=20 day 2 r=0.09604
  skipped (done)
10-07 15:26  n=60 |Omega|=20 day 2 r=0.09604
  skipped (done)
10-07 15:26  n=6 |Omega|=20 day 3 r=0.09604
  skipped (done)
10-07 15:26  n=15 |Omega|=20 day 3 r=0.09604
  skipped (done)
10-07 15:26  n=30 |Omega|=20 day 3 r=0.09604
  skipped (done)
10-07 15:26  n=60 |Omega|=20 day 3 r=0.09604
  skipped (done)
10-07 15:26  n=6 |Omega|=20 day 4 r=0.09604
  skipped (done)
10-07 15:26  n=15 |Omega|=20 day 4 r=0.09604
  skipped (done)
10-07 15:26  n=30 |Omega|=20 day 4 r=0.09604
  skipped (done)
10-07 15:26  n=60 |Omega|=20 day 4 r=0.09604
  skipped (done)
10-07 15:26  n=6 |Omega|=20 day 5 r=0.09604
  skipped (done)
10-07 15:26  n=15 |Omega|=20 day 5 r=0.09604
  skipped (done)
10-07 15:26  n=30 |Omega|=20 day 5 r=0.09604
  skipped (done)
10-07 15:26  n=60 |Omega|=20 day 5 r=0.09604
  skipped (done)
10-07 15:26  n=6 |Omega|=20 day 6 r=0.09604
  skipped (done)
10-07 15:26  n=15 |Omega|=20 day 6 r=0.09604
  skipped (done)
10-07 15:26  n=30 |Omega|=20 day 6 r=0.09604
  skipped (done)
10-07 15:26  n=60 |Omega|=20 day 6 r=0.09604
  skipped (done)
10-07 15:26  n=6 |Omega|=20 day 7 r=0.09604
  2026-10-07 15:27,6,20,7,0.0960365,0,90,2.15,0.68,8.73,0
10-07 15:27  n=15 |Omega|=20 day 7 r=0.09604
  2026-10-07 15:45,15,20,7,0.0960365,0,1052,4.44,2.44,7.31,0
10-07 15:45  n=30 |Omega|=20 day 7 r=0.09604
  2026-10-07 16:16,30,20,7,0.0960365,0,1892,6.87,4.33,5.36,0
10-07 16:16  n=60 |Omega|=20 day 7 r=0.09604
--- stopped 10-07 16:50: utility term in the objective does not match the manuscript; results so far are superseded
