10-10 13:37  coalgen n=6 |Omega|=20 day 1
  2026-10-10 13:56,coalgen,6,20,1,converged,1132,1142,0,0,2.92,10.21,20,nan,nan,0.000000
10-10 13:56  coalgen n=6 |Omega|=20 day 2
  2026-10-10 14:12,coalgen,6,20,2,converged,958,962,0,0,2.92,10.04,19,nan,nan,-0.000000
10-10 14:12  coalgen n=6 |Omega|=20 day 3
  2026-10-10 14:19,coalgen,6,20,3,converged,387,392,0,0,2.83,10.36,7,nan,nan,0.000000
10-10 14:19  flat n=6 |Omega|=20 day 1
  2026-10-10 14:29,flat,6,20,1,converged,613,632,0,0,2.27,10.41,775,243.402932,243.758838,1.200430
10-10 14:29  flat n=6 |Omega|=20 day 2
  2026-10-10 15:39,flat,6,20,2,timeout,nan,4202,1,1,2.30,9.62,nan,nan,nan,nan
10-10 15:39  flat n=6 |Omega|=20 day 3
10-10 15:39  flat n=6 |Omega|=20 day 3
10-10 16:02  flat n=6 |Omega|=20 day 2
  2026-10-10 17:03,flat,6,20,2,target,3654,3660,0,0,2.30,9.74,1155,317.183085,323.839173,1.105287,252,-0.364836
10-10 17:03  flat n=6 |Omega|=20 day 3
10-10 17:09  conic n=6 |Omega|=20 day 1
  2026-10-10 17:12,conic,6,20,1,target,127,150,0,0,2.94,9.41,101,243.013171,250.620008,1.264913,125,-0.009054
10-10 17:12  conic n=6 |Omega|=20 day 2
  2026-10-10 17:14,conic,6,20,2,target,99,120,0,0,2.87,9.45,91,316.821715,323.839174,1.166350,97,-0.003466
10-10 17:14  conic n=6 |Omega|=20 day 3
  2026-10-10 17:16,conic,6,20,3,target,122,152,0,0,2.85,9.51,87,542.306889,557.113141,2.461590,119,-0.062756
10-10 17:16  conic n=15 |Omega|=20 day 1
