
Cluster assignments:
Cluster 0 (represented by Day 25): [ 1 12 17 21 25 26 27 28]... (total 8 days)
Cluster 1 (represented by Day 4): [ 2  3  4  5  6  7  8  9 10 11]... (total 23 days)
[reserve] pi_res = 56 EUR/MW.h (daily mean of fcrn_dk2_56 hourly prices), 1h blocks
[reserve] c_min_G = 0.15 (electrolyzer min load / els_cap); literature 0.1-0.16 -> OK
[reserve] c_sb_G = 0.01 (electrolyzer standby draw / els_cap); literature 0.025-0.05 -> OUT OF RANGE
✓ spring  :  92 days | Mean: 1 MWh | RMSE range: 0.0-0.2 MWh
✓ summer  :  92 days | Mean: 1 MWh | RMSE range: 0.0-0.3 MWh
✓ fall    :  91 days | Mean: 1 MWh | RMSE range: 0.0-0.2 MWh
✓ winter  :  90 days | Mean: 1 MWh | RMSE range: 0.0-0.1 MWh

=== 6p_reserve_peak_day2_S20_seed0_grb_direct-gurobi_kl0.0960365_conic_ndw_rsc0.303571_conic: n=6, |T|=24, |Omega|=20 ===

[1] extensive form (DP_N^Omega)
  (read from ieee_owen\weak_eps_experiment\stochastic\main17_xi\ef_cache\n6_S20_day2.pkl)
  obj 323.839173  status optimal  gap 3.55e-04  5.6s  vars 26084
  KL r=0.0960365: worst case 323.839173 vs expected 268.165145; 1 MILP solve(s); rho* 0.059 0.031 0.035 0.033 0.074 0.042 0.041 0.034 0.046 0.124 0.089 0.071 0.029 0.041 0.045 0.061 0.043 0.024 0.048 0.032 (KL 0.0960)
    round 1: MIPGap 1e-04  5.6s  1638 nodes  psi-bound 3.55e-04  psi-incumbent 3.55e-04

[2] column generation (DWR_N^Omega)
  seed columns: largest carrier-row residual 1.67e-16 (repaired)
  CG    2 | RMP     -315.5723 | LB     -117.9062 | UB           inf | a 1.00 std      | min rc  0.0000e+00 | +0  [round] | lp 1.19s solver 1.19s 164 it 9928 cols 27632 nz
  -- penalty round 1: eps 0.2 delta 0.2 RMP -315.5723 LB -117.9062 UB 323.8392 gap 1.36e+00 [round] 2s
  CG   25 | RMP      277.0994 | LB      270.1410 | UB      323.8392 | a 0.10 smooth   | min rc -1.6537e+01 | +24 | lp 0.32s solver 0.32s 41 it 11608 cols 115418 nz
  CG   27 | RMP      275.9164 | LB      274.2616 | UB      323.8392 | a 1.00 std      | min rc  0.0000e+00 | +0  [round] | lp 0.28s solver 0.28s 40 it 11694 cols 121220 nz
  -- penalty round 2: eps 0.05 delta 0.05 RMP 275.9164 LB 274.2616 UB 323.8392 gap 1.53e-01 [round] 19s
  CG   50 | RMP      314.1882 | LB      311.2768 | UB      323.8392 | a 0.10 smooth   | min rc -2.2366e+00 | +41 | lp 0.53s solver 0.53s 36 it 12641 cols 181386 nz
  CG   56 | RMP      313.5753 | LB      313.1519 | UB      323.8392 | a 1.00 std      | min rc  0.0000e+00 | +0  [round] | lp 1.88s solver 1.88s 78 it 12495 cols 181079 nz
  -- penalty round 3: eps 0.0125 delta 0.0125 RMP 313.5753 LB 313.1519 UB 323.8392 gap 3.29e-02 [round] 44s
  CG   75 | RMP      317.2210 | LB      316.2271 | UB      323.8392 | a 0.10 smooth   | min rc -9.8901e-01 | +41 | lp 0.74s solver 0.74s 36 it 13913 cols 252047 nz
  CG   86 | RMP      317.0437 | LB      316.7782 | UB      323.8392 | a 1.00 std      | min rc  0.0000e+00 | +0  [round] | lp 0.73s solver 0.73s 37 it 14518 cols 290614 nz
  -- penalty round 4: eps 0.00313 delta 0.00313 RMP 317.0437 LB 316.7782 UB 323.8392 gap 2.17e-02 [round] 92s
  CG   91 | RMP      317.4907 | LB      316.8217 | UB      323.8392 | a 1.00 std      | min rc  0.0000e+00 | +0  [target] | lp 1.06s solver 1.06s 48 it 13910 cols 269146 nz
  -- penalty round 5: eps 0.000781 delta 0.000781 RMP 317.4907 LB 316.8217 UB 323.8392 gap 2.16e-02 [target] 98s
  obj 323.839174  LB 316.821715  gap 2.16e-02  iters 91  98.6s  rounds 5  status target
  KL r=0.0960365: 0 distribution cuts (rho_hat included); rho* 0.058 0.032 0.035 0.034 0.076 0.041 0.042 0.034 0.046 0.122 0.091 0.071 0.028 0.040 0.046 0.059 0.043 0.024 0.048 0.031 (KL 0.0960)
  time: master LP 78.9s  pricing 16.5s (8686 MILPs, 8 worker(s))

[3] robust Owen allocation
  omega_LR,rob 6.998101  eps_LR 1.166350  certified [-0.115082, 7.017458]
  EF slack 0.1151 = 2% of the reported omega
  checks: budget 0.00e+00  duality -1.94e-02  pricing 0.00e+00
   player         Owen        E[x*]        alone       chi^LR
       u1    1359.9127    1358.7463          nan          nan
       u2      54.3441      53.1777          nan          nan
       u3     491.4379     490.2716          nan          nan
       u4    -762.1270    -763.2933          nan          nan
       u5    -456.9129    -458.0792          nan          nan
       u6   -1003.4959   -1004.6622          nan          nan

wrote ieee_owen\weak_eps_experiment\stochastic\bench17_xi\6p_reserve_peak_day2_S20_seed0_grb_direct-gurobi_kl0.0960365_conic_ndw_rsc0.303571_conic.json
