
Gurobi 13.0.1 (win64) logging started Wed Oct  7 11:52:26 2026

Set parameter LogFile to value "ieee_owen\weak_eps_experiment\stochastic\main17\logs\n60_S20_day6_ef_gurobi.log"
Set parameter NodefileStart to value 3
Set parameter MIPGap to value 0.001
Gurobi Optimizer version 13.0.1 build v13.0.1rc0 (win64 - Windows 10.0 (19045.2))

CPU model: AMD Ryzen 9 5900X 12-Core Processor, instruction set [SSE2|AVX|AVX2]
Thread count: 12 physical cores, 24 logical processors, using up to 24 threads

Non-default parameters:
TimeLimit  10800
MIPGap  0.001
NodefileStart  3
LogToConsole  0

Optimize a model with 340084 rows, 343286 columns and 1483160 nonzeros (Min)
Model fingerprint: 0xae9d7908
Model has 22 linear objective coefficients
Variable types: 289046 continuous, 54240 integer (54240 binary)
Coefficient statistics:
  Matrix range     [3e-04, 2e+02]
  Objective range  [5e-02, 1e+00]
  Bounds range     [9e-03, 6e+01]
  RHS range        [5e-02, 1e+01]

Presolve removed 152056 rows and 125250 columns
Presolve time: 3.75s
Presolved: 188028 rows, 218036 columns, 746285 nonzeros
Variable types: 169134 continuous, 48902 integer (48901 binary)
Found heuristic solution: objective -17773.50325
Deterministic concurrent LP optimizer: primal simplex, dual simplex, and barrier
Showing barrier log only...

Root barrier log...

Ordering time: 1.47s
Ordering time: 1.66s

Barrier statistics:
 Dense cols : 567
 Free vars  : 41
 AA' NZ     : 6.356e+05
 Factor NZ  : 3.435e+06 (roughly 180 MB of memory)
 Factor Ops : 5.768e+08 (less than 1 second per iteration)
 Threads    : 10

                  Objective                Residual
Iter       Primal          Dual         Primal    Dual     Compl     Time
   0   1.53103032e-01 -2.27731259e+04  1.43e+04 6.40e+01  4.73e+00     9s
   1  -4.29579847e+04 -2.54726461e+04  1.43e+04 5.93e+01  4.76e+00     9s
   2   9.40636327e+05 -3.05105734e+04  1.28e+04 5.42e+01  5.01e+00     9s
   3   1.42284360e+05 -3.51465733e+04  8.77e+03 4.70e+01  3.62e+00     9s
   4  -2.25354144e+05 -3.94621861e+04  7.53e+03 4.03e+01  3.13e+00     9s
   5  -4.22794272e+05 -4.73278780e+04  5.19e+03 2.60e+01  2.15e+00     9s
   6  -1.35914387e+05 -5.66325992e+04  1.40e+03 4.02e+00  6.96e-01    10s
   7  -9.06126774e+04 -4.89808047e+04  7.53e+02 1.07e+00  3.71e-01    10s
   8  -6.88208530e+04 -4.28009512e+04  4.88e+02 5.57e-01  2.40e-01    10s
   9  -6.18032089e+04 -4.09143192e+04  4.07e+02 4.59e-01  2.01e-01    10s
  10  -5.18933165e+04 -3.80289011e+04  2.95e+02 3.31e-01  1.47e-01    10s
  11  -4.73731117e+04 -3.59803574e+04  2.46e+02 2.60e-01  1.22e-01    10s
  12  -3.81735818e+04 -3.24287819e+04  1.48e+02 1.55e-01  7.45e-02    10s
  13  -2.92975260e+04 -2.91761305e+04  6.27e+01 8.85e-02  3.56e-02    10s
  14  -2.73301214e+04 -2.67033364e+04  4.57e+01 5.35e-02  2.45e-02    10s
  15  -2.54962749e+04 -2.59258490e+04  3.05e+01 4.46e-02  1.79e-02    11s
  16  -2.52851699e+04 -2.57561474e+04  2.90e+01 4.29e-02  1.71e-02    11s
  17  -2.51340551e+04 -2.55723675e+04  2.80e+01 4.10e-02  1.65e-02    11s
  18  -2.44021481e+04 -2.52747504e+04  2.28e+01 3.82e-02  1.44e-02    11s
  19  -2.40401563e+04 -2.48873226e+04  2.02e+01 3.46e-02  1.29e-02    11s
  20  -2.38649955e+04 -2.45944798e+04  1.88e+01 3.17e-02  1.19e-02    11s
  21  -2.38018594e+04 -2.44742107e+04  1.82e+01 3.03e-02  1.14e-02    11s
  22  -2.34201077e+04 -2.38468198e+04  1.48e+01 2.32e-02  9.06e-03    11s
  23  -2.32531952e+04 -2.37347899e+04  1.34e+01 2.21e-02  8.44e-03    11s
  24  -2.31825136e+04 -2.32871965e+04  1.28e+01 1.86e-02  7.54e-03    12s
  25  -2.31718460e+04 -2.30280362e+04  1.27e+01 1.80e-02  7.41e-03    12s
  26  -2.31560807e+04 -2.27627476e+04  1.26e+01 1.78e-02  7.34e-03    12s
  27  -2.31487533e+04 -2.28973548e+04  1.26e+01 1.77e-02  7.29e-03    12s
  28  -2.30897952e+04 -2.27227508e+04  1.23e+01 1.74e-02  7.16e-03    12s
  29  -2.26277171e+04 -2.25893600e+04  9.59e+00 1.53e-02  6.00e-03    12s
  30  -2.20176914e+04 -2.22106912e+04  6.09e+00 1.14e-02  4.24e-03    12s
  31  -2.16246450e+04 -2.19399900e+04  3.86e+00 8.97e-03  3.09e-03    12s
  32  -2.14650013e+04 -2.16799020e+04  3.01e+00 6.62e-03  2.34e-03    13s
  33  -2.12931148e+04 -2.15112911e+04  2.04e+00 5.08e-03  1.74e-03    13s
  34  -2.12372839e+04 -2.14633831e+04  1.72e+00 4.65e-03  1.56e-03    13s
  35  -2.11671729e+04 -2.13930552e+04  1.33e+00 4.04e-03  1.32e-03    13s
  36  -2.10923601e+04 -2.13496965e+04  9.14e-01 3.66e-03  1.12e-03    13s
  37  -2.10281198e+04 -2.11856401e+04  5.73e-01 2.23e-03  6.94e-04    13s
  38  -2.09955697e+04 -2.10761852e+04  4.02e-01 1.27e-03  4.24e-04    13s
  39  -2.09537799e+04 -2.10031763e+04  1.66e-01 6.35e-04  2.08e-04    13s
  40  -2.09391333e+04 -2.09667305e+04  8.11e-02 3.24e-04  1.09e-04    14s
  41  -2.09334939e+04 -2.09533964e+04  4.66e-02 2.14e-04  7.10e-05    14s
  42  -2.09287581e+04 -2.09446377e+04  1.73e-02 1.42e-04  4.39e-05    14s
  43  -2.09279843e+04 -2.09380132e+04  1.24e-02 8.94e-05  2.87e-05    14s
  44  -2.09274581e+04 -2.09337527e+04  8.66e-03 5.59e-05  1.86e-05    14s
  45  -2.09266198e+04 -2.09306983e+04  2.91e-03 3.31e-05  1.03e-05    14s
  46  -2.09263430e+04 -2.09279125e+04  9.79e-04 1.18e-05  3.86e-06    14s
  47  -2.09262900e+04 -2.09272317e+04  4.11e-04 6.81e-06  2.20e-06    14s
  48  -2.09262682e+04 -2.09268162e+04  2.30e-04 3.82e-06  1.27e-06    14s
  49  -2.09262552e+04 -2.09263058e+04  5.32e-05 3.08e-07  1.37e-07    14s
  50  -2.09262543e+04 -2.09262556e+04  7.90e-06 7.36e-09  7.66e-09    14s
  51  -2.09262542e+04 -2.09262543e+04  9.61e-08 3.66e-10  3.39e-10    14s

Barrier solved model in 51 iterations and 14.41 seconds (13.45 work units)
Optimal objective -2.09262542e+04


Root crossover log...

   55613 DPushes remaining with DInf 2.7861679e-04                15s
    2625 DPushes remaining with DInf 0.0000000e+00                15s
       0 DPushes remaining with DInf 0.0000000e+00                15s

   35580 PPushes remaining with PInf 6.3209094e-04                15s
       0 PPushes remaining with PInf 0.0000000e+00                19s

  Push phase complete: Pinf 0.0000000e+00, Dinf 2.4483962e-01     19s


Root simplex log...

Iteration    Objective       Primal Inf.    Dual Inf.      Time
   80513   -2.0926254e+04   0.000000e+00   2.448396e-01     19s
   80524   -2.0926254e+04   0.000000e+00   0.000000e+00     19s
Crossover time: 4.72 seconds (7.60 work units)
Concurrent spin time: 4.40s (can be avoided by choosing Method=3)

Solved with barrier
   80524   -2.0926254e+04   0.000000e+00   0.000000e+00     24s

Root relaxation: objective -2.092625e+04, 80524 iterations, 17.50 seconds (14.19 work units)

    Nodes    |    Current Node    |     Objective Bounds      |     Work
 Expl Unexpl |  Obj  Depth IntInf | Incumbent    BestBd   Gap | It/Node Time

     0     0 -20926.254    0 1604 -17773.503 -20926.254  17.7%     -   27s
H    0     0                    -20887.19915 -20926.254  0.19%     -   31s
     0     0 -20926.254    0 1749 -20887.199 -20926.254  0.19%     -   35s
H    0     0                    -20888.79550 -20926.254  0.18%     -   38s
     0     0 -20926.254    0 1822 -20888.795 -20926.254  0.18%     -   42s
     0     0 -20926.254    0 1822 -20888.795 -20926.254  0.18%     -   42s
     0     0 -20926.254    0 1555 -20888.795 -20926.254  0.18%     -   44s
H    0     0                    -20908.81852 -20926.254  0.08%     -   46s

Cutting planes:
  Cover: 7
  Implied bound: 28
  MIR: 61
  Flow cover: 119
  Zero half: 1
  Network: 38
  RLT: 1
  Relax-and-lift: 15

Explored 1 nodes (111144 simplex iterations) in 46.55 seconds (50.94 work units)
Thread count was 24 (of 24 available processors)

Solution count 4: -20908.8 -20888.8 -20887.2 -17773.5 

Optimal solution found (tolerance 1.00e-03)
Best objective -2.090881852140e+04, best bound -2.092625422473e+04, gap 0.0834%
Set parameter MIPGap to value 0.001
Gurobi Optimizer version 13.0.1 build v13.0.1rc0 (win64 - Windows 10.0 (19045.2))

CPU model: AMD Ryzen 9 5900X 12-Core Processor, instruction set [SSE2|AVX|AVX2]
Thread count: 12 physical cores, 24 logical processors, using up to 24 threads

Non-default parameters:
TimeLimit  10800
MIPGap  0.001
NodefileStart  3
LogToConsole  0

Optimize a model with 340104 rows, 343286 columns and 1483240 nonzeros (Min)
Model fingerprint: 0xf456f48e
Model has 22 linear objective coefficients
Variable types: 289046 continuous, 54240 integer (54240 binary)
Coefficient statistics:
  Matrix range     [3e-04, 2e+02]
  Objective range  [5e-02, 1e+00]
  Bounds range     [9e-03, 6e+01]
  RHS range        [5e-02, 1e+01]

Warning: Completing partial solution with 53952 unfixed non-continuous variables out of 54240
User MIP start produced solution with objective -20902.4 (2.24s)
User MIP start produced solution with objective -20902.4 (2.29s)
Loaded user MIP start with objective -20902.4
Processing MIP start from previous solve: 0 nodes explored in subMIP, total elapsed time 5s
MIP start from previous solve produced solution with objective -20902.4 (7.55s)
MIP start from previous solve produced solution with objective -20902.4 (7.60s)
Loaded MIP start from previous solve with objective -20902.4
Processed MIP start in 7.61 seconds (9.54 work units)

Presolve removed 152056 rows and 125250 columns
Presolve time: 3.33s
Presolved: 188048 rows, 218036 columns, 746345 nonzeros
Variable types: 169134 continuous, 48902 integer (48901 binary)
Deterministic concurrent LP optimizer: primal simplex, dual simplex, and barrier
Showing barrier log only...

Root barrier log...

Ordering time: 1.42s
Ordering time: 1.61s

Barrier statistics:
 Dense cols : 567
 Free vars  : 41
 AA' NZ     : 6.366e+05
 Factor NZ  : 3.436e+06 (roughly 180 MB of memory)
 Factor Ops : 5.768e+08 (less than 1 second per iteration)
 Threads    : 10

                  Objective                Residual
Iter       Primal          Dual         Primal    Dual     Compl     Time
   0   1.53102882e-01 -2.27731259e+04  1.43e+04 6.40e+01  4.73e+00    14s
   1  -4.29579343e+04 -2.54726595e+04  1.43e+04 5.93e+01  4.76e+00    14s
   2   9.40627398e+05 -3.05106104e+04  1.28e+04 5.42e+01  5.01e+00    14s
   3   1.42276586e+05 -3.51466153e+04  8.77e+03 4.70e+01  3.62e+00    15s
   4  -2.25355623e+05 -3.94622129e+04  7.53e+03 4.03e+01  3.13e+00    15s
   5  -4.22793577e+05 -4.73279149e+04  5.19e+03 2.60e+01  2.15e+00    15s
   6  -1.35914168e+05 -5.66326473e+04  1.40e+03 4.02e+00  6.96e-01    15s
   7  -9.05855972e+04 -4.89802101e+04  7.53e+02 1.07e+00  3.71e-01    15s
   8  -6.88145561e+04 -4.27983217e+04  4.88e+02 5.57e-01  2.40e-01    15s
   9  -6.17968049e+04 -4.09112570e+04  4.07e+02 4.59e-01  2.01e-01    15s
  10  -5.18887081e+04 -3.80267810e+04  2.95e+02 3.31e-01  1.47e-01    15s
  11  -4.73642979e+04 -3.59822498e+04  2.46e+02 2.60e-01  1.22e-01    15s
  12  -3.81732633e+04 -3.24313384e+04  1.48e+02 1.55e-01  7.45e-02    15s
  13  -2.92965085e+04 -2.91776536e+04  6.27e+01 8.86e-02  3.56e-02    16s
  14  -2.73231854e+04 -2.68044410e+04  4.56e+01 5.50e-02  2.47e-02    16s
  15  -2.56204772e+04 -2.60904646e+04  3.14e+01 4.68e-02  1.85e-02    16s
  16  -2.52179004e+04 -2.57644081e+04  2.85e+01 4.33e-02  1.70e-02    16s
  17  -2.48624255e+04 -2.52632539e+04  2.62e+01 3.83e-02  1.53e-02    16s
  18  -2.45084848e+04 -2.49150080e+04  2.36e+01 3.48e-02  1.39e-02    16s
  19  -2.39773974e+04 -2.47585495e+04  1.97e+01 3.31e-02  1.24e-02    16s
  20  -2.38161538e+04 -2.45983605e+04  1.82e+01 3.14e-02  1.17e-02    16s
  21  -2.34500354e+04 -2.43680748e+04  1.50e+01 2.88e-02  1.02e-02    17s
  22  -2.32954258e+04 -2.37615088e+04  1.38e+01 2.25e-02  8.60e-03    17s
  23  -2.32371296e+04 -2.36548459e+04  1.33e+01 2.16e-02  8.30e-03    17s
  24  -2.31584141e+04 -2.34016781e+04  1.27e+01 1.98e-02  7.73e-03    17s
  25  -2.31447830e+04 -2.30637852e+04  1.26e+01 1.95e-02  7.64e-03    17s
  26  -2.31362107e+04 -2.30158809e+04  1.25e+01 1.95e-02  7.63e-03    17s
  27  -2.28909240e+04 -2.29687837e+04  1.10e+01 1.85e-02  7.02e-03    17s
  28  -2.26839740e+04 -2.29136038e+04  9.82e+00 1.63e-02  6.31e-03    17s
  29  -2.21564559e+04 -2.26659509e+04  6.88e+00 1.37e-02  5.12e-03    18s
  30  -2.18191447e+04 -2.23093160e+04  5.00e+00 1.10e-02  4.03e-03    18s
  31  -2.15070486e+04 -2.20965659e+04  3.25e+00 9.34e-03  3.19e-03    18s
  32  -2.12699295e+04 -2.18002832e+04  1.95e+00 6.99e-03  2.29e-03    18s
  33  -2.12185219e+04 -2.17281235e+04  1.66e+00 6.41e-03  2.07e-03    18s
  34  -2.11253353e+04 -2.16168383e+04  1.16e+00 5.53e-03  1.73e-03    18s
  35  -2.11216342e+04 -2.15403380e+04  1.14e+00 4.92e-03  1.57e-03    18s
  36  -2.11120329e+04 -2.15071601e+04  1.08e+00 4.66e-03  1.49e-03    18s
  37  -2.10931912e+04 -2.14493028e+04  9.76e-01 4.20e-03  1.34e-03    19s
  38  -2.10725644e+04 -2.12270727e+04  8.61e-01 2.38e-03  8.59e-04    19s
  39  -2.10177950e+04 -2.11201007e+04  5.61e-01 1.52e-03  5.64e-04    19s
  40  -2.09614733e+04 -2.10906705e+04  2.50e-01 1.29e-03  4.23e-04    19s
  41  -2.09582163e+04 -2.10883882e+04  2.29e-01 1.27e-03  4.12e-04    19s
  42  -2.09574964e+04 -2.10741476e+04  2.26e-01 1.17e-03  3.82e-04    19s
  43  -2.09480763e+04 -2.10343577e+04  1.73e-01 8.59e-04  2.86e-04    19s
  44  -2.09290104e+04 -2.10187785e+04  6.58e-02 7.46e-04  2.26e-04    19s
  45  -2.09247700e+04 -2.09607557e+04  3.73e-02 3.05e-04  9.76e-05    20s
  46  -2.09213843e+04 -2.09388063e+04  1.41e-02 1.39e-04  4.47e-05    20s
  47  -2.09204675e+04 -2.09316695e+04  7.89e-03 8.57e-05  2.80e-05    20s
  48  -2.09203550e+04 -2.09295508e+04  7.01e-03 7.02e-05  2.33e-05    20s
  49  -2.09200238e+04 -2.09266021e+04  3.64e-03 4.86e-05  1.58e-05    20s
  50  -2.09198963e+04 -2.09233941e+04  2.28e-03 2.46e-05  8.61e-06    20s
  51  -2.09198013e+04 -2.09221480e+04  1.39e-03 1.61e-05  5.69e-06    20s
  52  -2.09197259e+04 -2.09207723e+04  5.41e-04 6.95e-06  2.48e-06    20s
  53  -2.09197131e+04 -2.09203427e+04  3.80e-04 4.12e-06  1.53e-06    20s
  54  -2.09197030e+04 -2.09199781e+04  2.51e-04 1.74e-06  7.22e-07    20s
  55  -2.09196954e+04 -2.09199368e+04  7.55e-05 1.48e-06  5.40e-07    20s
  56  -2.09196930e+04 -2.09197799e+04  2.25e-05 5.06e-07  1.91e-07    20s
  57  -2.09196921e+04 -2.09196942e+04  4.10e-06 1.63e-08  6.88e-09    20s

Barrier performed 57 iterations in 20.46 seconds (22.10 work units)
Objective cutoff exceeded

Concurrent spin time: 1.70s (can be avoided by choosing Method=3)

Solved with barrier

Root relaxation: interrupted, 0 iterations, 10.51 seconds (7.20 work units)

    Nodes    |    Current Node    |     Objective Bounds      |     Work
 Expl Unexpl |  Obj  Depth IntInf | Incumbent    BestBd   Gap | It/Node Time

     0     0          -    0      -20902.426 -20919.694  0.08%     -   22s

Explored 1 nodes (0 simplex iterations) in 22.27 seconds (22.13 work units)
Thread count was 24 (of 24 available processors)

Solution count 3: -20902.4 -20902.4 -20902.4 

Optimal solution found (tolerance 1.00e-03)
Best objective -2.090242621573e+04, best bound -2.091969420338e+04, gap 0.0826%
Set parameter MIPGap to value 0.0001
Gurobi Optimizer version 13.0.1 build v13.0.1rc0 (win64 - Windows 10.0 (19045.2))

CPU model: AMD Ryzen 9 5900X 12-Core Processor, instruction set [SSE2|AVX|AVX2]
Thread count: 12 physical cores, 24 logical processors, using up to 24 threads

Non-default parameters:
TimeLimit  10800
NodefileStart  3
LogToConsole  0

Optimize a model with 340124 rows, 343286 columns and 1483320 nonzeros (Min)
Model fingerprint: 0xdeb1772f
Model has 22 linear objective coefficients
Variable types: 289046 continuous, 54240 integer (54240 binary)
Coefficient statistics:
  Matrix range     [3e-04, 2e+02]
  Objective range  [5e-02, 1e+00]
  Bounds range     [9e-03, 6e+01]
  RHS range        [5e-02, 1e+01]

Warning: Completing partial solution with 53952 unfixed non-continuous variables out of 54240
User MIP start produced solution with objective -20902.4 (2.24s)
User MIP start produced solution with objective -20902.4 (2.29s)
Loaded user MIP start with objective -20902.4
Processing MIP start from previous solve: 0 nodes explored in subMIP, total elapsed time 5s
MIP start from previous solve produced solution with objective -20902.4 (7.21s)
MIP start from previous solve produced solution with objective -20902.4 (7.27s)
Loaded MIP start from previous solve with objective -20902.4
Processed MIP start in 7.27 seconds (9.16 work units)

Presolve removed 152056 rows and 125250 columns
Presolve time: 3.37s
Presolved: 188068 rows, 218036 columns, 746405 nonzeros
Variable types: 169134 continuous, 48902 integer (48901 binary)
Deterministic concurrent LP optimizer: primal simplex, dual simplex, and barrier
Showing barrier log only...

Root barrier log...

Ordering time: 1.39s
Ordering time: 1.60s

Barrier statistics:
 Dense cols : 567
 Free vars  : 41
 AA' NZ     : 6.376e+05
 Factor NZ  : 3.437e+06 (roughly 180 MB of memory)
 Factor Ops : 5.769e+08 (less than 1 second per iteration)
 Threads    : 10

                  Objective                Residual
Iter       Primal          Dual         Primal    Dual     Compl     Time
   0   1.53102732e-01 -2.27731259e+04  1.43e+04 6.40e+01  4.73e+00    14s
   1  -4.29578840e+04 -2.54726729e+04  1.43e+04 5.93e+01  4.76e+00    14s
   2   9.40618469e+05 -3.05106474e+04  1.28e+04 5.42e+01  5.01e+00    14s
   3   1.42268810e+05 -3.51466572e+04  8.77e+03 4.70e+01  3.62e+00    14s
   4  -2.25357105e+05 -3.94622397e+04  7.53e+03 4.03e+01  3.13e+00    14s
   5  -4.22792887e+05 -4.73279519e+04  5.19e+03 2.60e+01  2.15e+00    14s
   6  -1.35913963e+05 -5.66326952e+04  1.40e+03 4.02e+00  6.96e-01    15s
   7  -9.05596199e+04 -4.89796396e+04  7.52e+02 1.07e+00  3.71e-01    15s
   8  -6.88082062e+04 -4.27959280e+04  4.87e+02 5.58e-01  2.40e-01    15s
   9  -6.17905917e+04 -4.09084762e+04  4.07e+02 4.60e-01  2.01e-01    15s
  10  -5.18843607e+04 -3.80248461e+04  2.95e+02 3.31e-01  1.47e-01    15s
  11  -4.73558255e+04 -3.59841770e+04  2.46e+02 2.61e-01  1.22e-01    15s
  12  -3.81728564e+04 -3.24339139e+04  1.48e+02 1.56e-01  7.45e-02    15s
  13  -2.92955329e+04 -2.91791236e+04  6.27e+01 8.87e-02  3.56e-02    15s
  14  -2.73197828e+04 -2.68696157e+04  4.56e+01 5.60e-02  2.48e-02    15s
  15  -2.56615724e+04 -2.61593425e+04  3.18e+01 4.78e-02  1.88e-02    15s
  16  -2.53987973e+04 -2.59309811e+04  2.98e+01 4.53e-02  1.77e-02    15s
  17  -2.51934998e+04 -2.56924375e+04  2.85e+01 4.29e-02  1.69e-02    16s
  18  -2.45301850e+04 -2.53156877e+04  2.39e+01 3.92e-02  1.49e-02    16s
  19  -2.41823315e+04 -2.48169123e+04  2.12e+01 3.41e-02  1.31e-02    16s
  20  -2.36010205e+04 -2.41298552e+04  1.61e+01 2.63e-02  1.00e-02    16s
  21  -2.33344412e+04 -2.36779576e+04  1.40e+01 2.16e-02  8.47e-03    16s
  22  -2.32561168e+04 -2.33978298e+04  1.33e+01 1.89e-02  7.74e-03    16s
  23  -2.31770133e+04 -2.31959705e+04  1.27e+01 1.78e-02  7.31e-03    16s
  24  -2.31649625e+04 -2.29473225e+04  1.26e+01 1.75e-02  7.23e-03    16s
  25  -2.31540503e+04 -2.27217906e+04  1.25e+01 1.75e-02  7.20e-03    17s
  26  -2.29751112e+04 -2.28777690e+04  1.15e+01 1.64e-02  6.73e-03    17s
  27  -2.28616405e+04 -2.24183153e+04  1.09e+01 1.24e-02  5.75e-03    17s
  28  -2.23006298e+04 -2.21620672e+04  7.60e+00 1.07e-02  4.48e-03    17s
  29  -2.19479690e+04 -2.19470804e+04  5.60e+00 8.75e-03  3.51e-03    17s
  30  -2.16576589e+04 -2.17305522e+04  4.00e+00 6.82e-03  2.67e-03    17s
  31  -2.13860679e+04 -2.15662934e+04  2.52e+00 5.38e-03  1.96e-03    17s
  32  -2.12763604e+04 -2.14369676e+04  1.90e+00 4.27e-03  1.53e-03    17s
  33  -2.11954334e+04 -2.13980484e+04  1.47e+00 3.95e-03  1.34e-03    18s
  34  -2.11371149e+04 -2.12341720e+04  1.16e+00 2.61e-03  9.35e-04    18s
  35  -2.10521054e+04 -2.10886483e+04  7.13e-01 1.35e-03  5.26e-04    18s
  36  -2.09894501e+04 -2.10612096e+04  3.82e-01 1.13e-03  3.90e-04    18s
  37  -2.09825153e+04 -2.10413349e+04  3.42e-01 9.71e-04  3.39e-04    18s
  38  -2.09575969e+04 -2.09860945e+04  2.10e-01 5.31e-04  1.92e-04    18s
  39  -2.09397616e+04 -2.09631119e+04  1.14e-01 3.48e-04  1.20e-04    18s
  40  -2.09303481e+04 -2.09456952e+04  6.17e-02 2.00e-04  7.08e-05    18s
  41  -2.09266576e+04 -2.09334546e+04  4.09e-02 1.03e-04  4.00e-05    18s
  42  -2.09229699e+04 -2.09282150e+04  1.98e-02 6.27e-05  2.34e-05    19s
  43  -2.09214115e+04 -2.09248135e+04  1.07e-02 3.70e-05  1.38e-05    19s
  44  -2.09210254e+04 -2.09237565e+04  8.30e-03 2.88e-05  1.09e-05    19s
  45  -2.09208333e+04 -2.09230988e+04  7.21e-03 2.39e-05  9.23e-06    19s
  46  -2.09203896e+04 -2.09224324e+04  4.42e-03 1.92e-05  7.01e-06    19s
  47  -2.09202230e+04 -2.09219822e+04  3.37e-03 1.60e-05  5.76e-06    19s
  48  -2.09201796e+04 -2.09213784e+04  3.10e-03 1.15e-05  4.43e-06    19s
  49  -2.09201063e+04 -2.09211220e+04  2.65e-03 9.65e-06  3.77e-06    19s
  50  -2.09199122e+04 -2.09202558e+04  1.45e-03 3.72e-06  1.63e-06    19s
  51  -2.09198435e+04 -2.09201680e+04  1.01e-03 3.13e-06  1.31e-06    19s
  52  -2.09198127e+04 -2.09201550e+04  8.06e-04 3.05e-06  1.22e-06    19s
  53  -2.09197148e+04 -2.09200113e+04  1.75e-04 2.10e-06  7.20e-07    20s
  54  -2.09196961e+04 -2.09198238e+04  3.79e-05 8.65e-07  2.87e-07    20s
  55  -2.09196946e+04 -2.09197963e+04  2.45e-05 6.80e-07  2.25e-07    20s
  56  -2.09196929e+04 -2.09197370e+04  1.03e-05 2.84e-07  9.75e-08    20s
  57  -2.09196919e+04 -2.09197079e+04  7.49e-07 9.91e-08  3.35e-08    20s
  58  -2.09196919e+04 -2.09197042e+04  2.04e-07 7.45e-08  2.54e-08    20s
  59  -2.09196919e+04 -2.09197031e+04  1.60e-07 6.80e-08  2.32e-08    20s
  60  -2.09196919e+04 -2.09196997e+04  1.16e-07 4.73e-08  1.62e-08    20s
  61  -2.09196919e+04 -2.09196920e+04  8.47e-09 3.75e-10  8.22e-11    20s

Barrier solved model in 61 iterations and 20.34 seconds (22.05 work units)
Optimal objective -2.09196919e+04


Root crossover log...

   55456 DPushes remaining with DInf 4.9321248e-05                21s
       0 DPushes remaining with DInf 0.0000000e+00                21s

   35552 PPushes remaining with PInf 0.0000000e+00                21s
       0 PPushes remaining with PInf 0.0000000e+00                25s

  Push phase complete: Pinf 0.0000000e+00, Dinf 1.3217021e+00     25s


Root simplex log...

Iteration    Objective       Primal Inf.    Dual Inf.      Time
   88401   -2.0919692e+04   0.000000e+00   1.321702e+00     25s
   88438   -2.0919692e+04   0.000000e+00   0.000000e+00     25s
Crossover time: 4.77 seconds (8.07 work units)
Concurrent spin time: 4.98s (can be avoided by choosing Method=3)

Solved with barrier
   88438   -2.0919692e+04   0.000000e+00   0.000000e+00     30s

Root relaxation: objective -2.091969e+04, 88438 iterations, 18.94 seconds (15.65 work units)

    Nodes    |    Current Node    |     Objective Bounds      |     Work
 Expl Unexpl |  Obj  Depth IntInf | Incumbent    BestBd   Gap | It/Node Time

     0     0 -20919.692    0 1682 -20902.426 -20919.692  0.08%     -   34s
     0     0 -20919.692    0 1306 -20902.426 -20919.692  0.08%     -   39s
     0     0 -20919.692    0 1306 -20902.426 -20919.692  0.08%     -   41s
     0     0 -20919.692    0 1227 -20902.426 -20919.692  0.08%     -   45s
     0     0 -20919.692    0 1227 -20902.426 -20919.692  0.08%     -   46s
     0     0 -20919.692    0 1229 -20902.426 -20919.692  0.08%     -   47s
     0     0 -20919.692    0 1211 -20902.426 -20919.692  0.08%     -   51s
     0     0 -20919.692    0 1147 -20902.426 -20919.692  0.08%     -   53s
H    0     0                    -20905.59591 -20919.692  0.07%     -   55s
     0     0 -20919.692    0 1147 -20905.596 -20919.692  0.07%     -   57s
     0     0 -20919.692    0 1101 -20905.596 -20919.692  0.07%     -   60s
     0     0 -20919.692    0 1101 -20905.596 -20919.692  0.07%     -   60s
     0     0 -20919.692    0 1101 -20905.596 -20919.692  0.07%     -   61s
     0     0 -20919.692    0 1101 -20905.596 -20919.692  0.07%     -   62s
     0     0 -20919.692    0 1101 -20905.596 -20919.692  0.07%     -   65s
     0     0 -20919.692    0 1101 -20905.596 -20919.692  0.07%     -   66s
     0     0 -20919.692    0 1100 -20905.596 -20919.692  0.07%     -   69s
     0     0 -20919.692    0 1100 -20905.596 -20919.692  0.07%     -   70s
     0     0 -20919.691    0 1100 -20905.596 -20919.691  0.07%     -   73s
     0     0 -20919.691    0 1100 -20905.596 -20919.691  0.07%     -   74s
     0     0 -20919.691    0 1100 -20905.596 -20919.691  0.07%     -   74s
     0     2 -20919.691    0 1100 -20905.596 -20919.691  0.07%     -   82s
     3     8 -20919.691    2 1159 -20905.596 -20919.691  0.07%   636   87s
     7    16 -20919.610    3 1252 -20905.596 -20919.691  0.07%  1764   92s
    15    28 -20919.007    4  905 -20905.596 -20919.691  0.07%  1435  101s
H   18    28                    -20905.59799 -20919.691  0.07%  1576  101s
H   19    28                    -20905.60750 -20919.691  0.07%  1503  101s
H   21    28                    -20905.63471 -20919.691  0.07%  1464  101s
H   22    28                    -20905.64003 -20919.691  0.07%  1430  101s
    27    95 -20919.007    5  880 -20905.640 -20919.691  0.07%  1344  112s
H   70    95                    -20906.44594 -20919.691  0.06%  1060  112s
H   77    95                    -20908.10441 -20919.691  0.06%  1013  112s
    94   238 -20919.000   12  831 -20908.104 -20919.691  0.06%   999  134s
   237   401 -20918.453   19  948 -20908.104 -20919.691  0.06%   910  172s
   400   412     cutoff   34      -20908.104 -20919.691  0.06%  1249  261s
H  406   412                    -20909.79002 -20919.691  0.05%  1277  261s
   413   602 -20917.641   35 1144 -20909.790 -20919.691  0.05%  1341  325s
   603   813 -20916.181   53  611 -20909.790 -20919.691  0.05%  1841  435s
H  669   813                    -20909.79470 -20919.691  0.05%  1875  435s
H  693   813                    -20909.80285 -20919.691  0.05%  1876  435s
H  828  1231                    -20910.05997 -20919.691  0.05%  2094  574s
H 1090  1231                    -20910.07056 -20919.691  0.05%  2012  574s
  1288  1710 -20918.445   16 1563 -20910.071 -20919.691  0.05%  2132  728s
H 1831  1541                    -20913.47692 -20919.691  0.03%  2006  920s
H 1839  1508                    -20913.78847 -20919.691  0.03%  2011  920s
H 2016  1433                    -20914.41785 -20919.691  0.03%  1925  920s
  2194  1363 -20917.531   27 1205 -20914.418 -20919.691  0.03%  1803 1120s
  2704  1719 -20918.351   12 1159 -20914.418 -20919.691  0.03%  1863 1316s
  3280  1720 -20918.055   16 1100 -20914.418 -20919.691  0.03%  1814 1509s
  3282  1721 -20919.519   16 2349 -20914.418 -20919.691  0.03%  1813 1532s
  3283  1722 -20915.243   15 2053 -20914.418 -20919.691  0.03%  1812 1542s
  3284  1723 -20916.691   22 2053 -20914.418 -20919.691  0.03%  1812 1551s
  3285  1723 -20919.596   10 1851 -20914.418 -20919.691  0.03%  1811 1562s
  3286  1724 -20919.035   27 1851 -20914.418 -20919.691  0.03%  1810 1569s
  3287  1728 -20919.691   10 1723 -20914.418 -20919.691  0.03%  1850 1573s
  3289  1731 -20919.691   11 1801 -20914.418 -20919.691  0.03%  1850 1580s
  3293  1738 -20919.620   12 1944 -20914.418 -20919.691  0.03%  1854 1587s
  3301  1747 -20919.232   13 2729 -20914.418 -20919.691  0.03%  1858 1604s
  3313  1751 -20918.535   14 2197 -20914.418 -20919.691  0.03%  1890 1669s
  3321  1767 -20917.666   15 1833 -20914.418 -20919.691  0.03%  1908 1688s
  3340  1782 -20917.494   16 1714 -20914.418 -20919.691  0.03%  1919 1707s
  3370  1784 -20917.287   18 1779 -20914.418 -20919.691  0.03%  1932 1728s
  3392  1787 -20916.885   17 1492 -20914.418 -20919.691  0.03%  1945 1748s
  3408  1795 -20916.477   16 1486 -20914.418 -20919.691  0.03%  1968 1773s
  3422  1801 -20916.771   18 1572 -20914.418 -20919.691  0.03%  1977 1823s
  3437  1806 -20916.158   19 1557 -20914.418 -20919.638  0.02%  1977 1887s
  3453  1828 -20916.142   19 1913 -20914.418 -20919.638  0.02%  1977 1944s
  3492  1883 -20915.977   20 1500 -20914.418 -20919.638  0.02%  1990 2003s
  3589  1908 -20914.549   23 1300 -20914.418 -20919.638  0.02%  2004 2073s
  3752  1903 -20916.797   21 1660 -20914.418 -20919.638  0.02%  2007 2131s
  3873  1881 -20914.877   23 1343 -20914.418 -20919.638  0.02%  2007 2189s
  3918  1908     cutoff   24      -20914.418 -20919.638  0.02%  2007 2251s
  4017  2006 -20916.846   25 1380 -20914.418 -20919.359  0.02%  2018 2344s
  4051  1995 -20916.548   22 1623 -20914.418 -20919.359  0.02%  2010 2345s
  4250  2069 -20914.450   50  562 -20914.418 -20919.352  0.02%  1997 2432s
  4586  2102     cutoff   25      -20914.418 -20919.232  0.02%  1940 2520s
  4780  2316 -20915.605   20 1934 -20914.418 -20919.014  0.02%  1901 2599s
  5209  2381 -20914.905   22 1204 -20914.418 -20918.877  0.02%  1818 2672s
H 5336  2252                    -20914.42065 -20918.877  0.02%  1815 2672s
  5586  2372 -20914.659   67  540 -20914.421 -20918.651  0.02%  1763 2741s
  5955  2491 -20914.452  140  365 -20914.421 -20918.651  0.02%  1722 2812s
* 6105  2359             307    -20914.42085 -20918.444  0.02%  1718 2812s
* 6110  2280             306    -20914.42099 -20918.444  0.02%  1716 2812s
H 6342  2016                    -20914.42769 -20918.433  0.02%  1681 2812s
H 6345  1881                    -20914.43738 -20918.433  0.02%  1680 2812s
  6354  2129 -20914.441  215  308 -20914.437 -20918.433  0.02%  1678 2886s
* 6783  1917             296    -20914.43781 -20918.290  0.02%  1627 2886s
* 6786  1853             295    -20914.43795 -20918.290  0.02%  1627 2886s
* 6792  1420             297    -20914.47008 -20918.290  0.02%  1625 2886s
  6822  1567     cutoff  290      -20914.470 -20918.290  0.02%  1624 2989s
  7232  1715 -20914.575   26  798 -20914.470 -20918.179  0.02%  1600 3063s
  7520  2067     cutoff   22      -20914.470 -20918.070  0.02%  1597 3144s
H 7671  1693                    -20914.53383 -20918.070  0.02%  1579 3144s
H 7949  1596                    -20914.55157 -20918.070  0.02%  1548 3145s
  8021  1521 -20915.663   21 1188 -20914.552 -20918.070  0.02%  1541 3226s
  8335  1671 -20914.583   20 1761 -20914.552 -20917.891  0.02%  1555 3316s
  8698  1721     cutoff   22      -20914.552 -20917.782  0.02%  1555 3399s
* 8799  1549             344    -20914.59141 -20917.746  0.02%  1549 3399s
  8978  1484 -20914.653   23  693 -20914.591 -20917.643  0.01%  1580 3521s
  9228  1505     cutoff   21      -20914.591 -20917.464  0.01%  1621 3645s
  9610  1669     cutoff   23      -20914.591 -20917.316  0.01%  1641 3762s
 10008  1870 -20915.113   17 1682 -20914.591 -20917.272  0.01%  1637 3911s
 10524  2036 -20914.641   27  876 -20914.591 -20917.001  0.01%  1604 4037s
 11120  2114     cutoff   20      -20914.591 -20916.859  0.01%  1597 4180s

Cutting planes:
  Implied bound: 13
  MIR: 36
  Flow cover: 132

Explored 11691 nodes (18841283 simplex iterations) in 4181.07 seconds (4098.43 work units)
Thread count was 24 (of 24 available processors)

Solution count 10: -20914.6 -20914.6 -20914.5 ... -20914.4

Optimal solution found (tolerance 1.00e-04)
Best objective -2.091459141277e+04, best bound -2.091666743173e+04, gap 0.0099%
Set parameter MIPGap to value 0.0001
Gurobi Optimizer version 13.0.1 build v13.0.1rc0 (win64 - Windows 10.0 (19045.2))

CPU model: AMD Ryzen 9 5900X 12-Core Processor, instruction set [SSE2|AVX|AVX2]
Thread count: 12 physical cores, 24 logical processors, using up to 24 threads

Non-default parameters:
TimeLimit  10800
NodefileStart  3
LogToConsole  0

Optimize a model with 340144 rows, 343286 columns and 1483400 nonzeros (Min)
Model fingerprint: 0x34d6896f
Model has 22 linear objective coefficients
Variable types: 289046 continuous, 54240 integer (54240 binary)
Coefficient statistics:
  Matrix range     [3e-04, 2e+02]
  Objective range  [5e-02, 1e+00]
  Bounds range     [9e-03, 6e+01]
  RHS range        [5e-02, 1e+01]

Warning: Completing partial solution with 53952 unfixed non-continuous variables out of 54240
User MIP start produced solution with objective -20914.5 (2.34s)
User MIP start produced solution with objective -20914.5 (2.40s)
Loaded user MIP start with objective -20914.5
Processing MIP start from previous solve: 0 nodes explored in subMIP, total elapsed time 5s
MIP start from previous solve did not produce a new incumbent solution
Processed MIP start in 8.96 seconds (10.97 work units)

Presolve removed 152056 rows and 125250 columns
Presolve time: 3.27s
Presolved: 188088 rows, 218036 columns, 746465 nonzeros
Variable types: 169134 continuous, 48902 integer (48901 binary)
Deterministic concurrent LP optimizer: primal simplex, dual simplex, and barrier
Showing barrier log only...

Root barrier log...

Ordering time: 1.47s
Ordering time: 1.66s

Barrier statistics:
 Dense cols : 567
 Free vars  : 41
 AA' NZ     : 6.386e+05
 Factor NZ  : 3.438e+06 (roughly 180 MB of memory)
 Factor Ops : 5.769e+08 (less than 1 second per iteration)
 Threads    : 10

                  Objective                Residual
Iter       Primal          Dual         Primal    Dual     Compl     Time
   0   1.53102581e-01 -2.27731259e+04  1.43e+04 6.40e+01  4.73e+00    15s
   1  -4.29578337e+04 -2.54726863e+04  1.43e+04 5.93e+01  4.76e+00    15s
   2   9.40609540e+05 -3.05106844e+04  1.28e+04 5.42e+01  5.01e+00    15s
   3   1.42261032e+05 -3.51466991e+04  8.77e+03 4.70e+01  3.62e+00    16s
   4  -2.25358590e+05 -3.94622664e+04  7.53e+03 4.03e+01  3.13e+00    16s
   5  -4.22792202e+05 -4.73279888e+04  5.19e+03 2.60e+01  2.15e+00    16s
   6  -1.35913769e+05 -5.66327430e+04  1.40e+03 4.02e+00  6.96e-01    16s
   7  -9.05347605e+04 -4.83089387e+04  7.52e+02 1.07e+00  3.71e-01    16s
   8  -6.85307726e+04 -4.27299043e+04  4.85e+02 4.86e-01  2.38e-01    16s
   9  -6.46357652e+04 -4.06887529e+04  4.40e+02 3.78e-01  2.13e-01    16s
  10  -5.35129229e+04 -3.78089967e+04  3.13e+02 2.64e-01  1.52e-01    16s
  11  -4.93474875e+04 -3.61590261e+04  2.68e+02 2.16e-01  1.30e-01    16s
  12  -4.25245617e+04 -3.42268157e+04  1.94e+02 1.67e-01  9.58e-02    16s
  13  -3.54890545e+04 -3.15751365e+04  1.21e+02 1.13e-01  6.12e-02    17s
  14  -2.88319038e+04 -2.83604196e+04  5.94e+01 6.51e-02  3.28e-02    17s
  15  -2.72148957e+04 -2.65355301e+04  4.54e+01 4.42e-02  2.41e-02    17s
  16  -2.63082506e+04 -2.56054208e+04  3.85e+01 3.46e-02  2.00e-02    17s
  17  -2.59922988e+04 -2.54063532e+04  3.61e+01 3.27e-02  1.89e-02    17s
  18  -2.57525748e+04 -2.51504364e+04  3.42e+01 3.04e-02  1.77e-02    17s
  19  -2.52595797e+04 -2.47395499e+04  3.01e+01 2.66e-02  1.55e-02    17s
  20  -2.48066072e+04 -2.42880362e+04  2.56e+01 2.23e-02  1.31e-02    17s
  21  -2.41538921e+04 -2.39107909e+04  1.99e+01 1.88e-02  1.05e-02    17s
  22  -2.36401571e+04 -2.34079220e+04  1.59e+01 1.43e-02  8.24e-03    18s
  23  -2.33262363e+04 -2.32830972e+04  1.33e+01 1.32e-02  7.21e-03    18s
  24  -2.32835126e+04 -2.30408891e+04  1.30e+01 1.21e-02  6.84e-03    18s
  25  -2.32523826e+04 -2.28084121e+04  1.27e+01 1.18e-02  6.69e-03    18s
  26  -2.32282553e+04 -2.25275003e+04  1.26e+01 1.17e-02  6.60e-03    18s
  27  -2.32272636e+04 -2.28047181e+04  1.26e+01 1.17e-02  6.59e-03    18s
  28  -2.32224725e+04 -2.27075799e+04  1.25e+01 1.16e-02  6.58e-03    18s
  29   2.99808749e+00 -2.27731259e+08  2.75e+05 6.40e+01  8.98e+05    18s
  30   3.48610625e+07 -2.52630824e+08  3.25e+04 3.22e+02  1.18e+05    19s
  31   3.17172845e+07 -2.51737580e+08  3.12e+03 8.36e+01  1.23e+04    19s
  32   2.88696779e+07 -2.04127364e+08  4.55e+02 2.40e+00  1.96e+03    19s
  33   9.75389533e+06 -1.21047694e+08  9.37e+01 1.28e-01  5.06e+02    19s
  34   3.37097054e+06 -4.46555886e+07  3.20e+01 5.54e-03  1.50e+02    20s
  35   2.18421091e+05 -1.32661625e+07  2.14e+00 5.38e-04  2.82e+01    20s
  36   1.94656594e+04 -5.23223597e+06  3.73e-01 2.32e-04  1.03e+01    20s
  37  -1.56997202e+03 -1.65097487e+06  1.90e-01 7.08e-05  3.22e+00    20s
  38  -4.87609830e+03 -9.61225211e+05  1.17e-01 3.83e-05  1.86e+00    20s
  39  -6.28367535e+03 -6.43357057e+05  6.79e-02 1.07e-04  1.23e+00    20s
  40  -9.15059416e+03 -2.80003737e+05  4.07e-02 4.49e-05  5.24e-01    20s
  41  -1.15933526e+04 -1.55422713e+05  2.10e-02 2.33e-05  2.78e-01    20s
  42  -1.34405510e+04 -7.00582589e+04  1.25e-02 2.56e-05  1.09e-01    21s
  43  -1.48139796e+04 -4.71362514e+04  9.35e-03 3.48e-05  6.25e-02    21s
  44  -1.58404872e+04 -3.84447521e+04  7.19e-03 5.61e-05  4.37e-02    21s
  45  -1.67125082e+04 -3.59746905e+04  5.56e-03 1.10e-04  3.72e-02    21s
  46  -1.71531478e+04 -3.42785017e+04  4.79e-03 9.87e-05  3.31e-02    21s
  47  -1.78781760e+04 -3.11922945e+04  3.60e-03 7.68e-05  2.57e-02    21s
  48  -1.82952065e+04 -2.91658278e+04  3.00e-03 6.18e-05  2.10e-02    21s
  49  -1.85852062e+04 -2.73616021e+04  2.58e-03 4.83e-05  1.70e-02    21s
  50  -1.89844058e+04 -2.62873087e+04  2.07e-03 4.02e-05  1.41e-02    21s
  51  -1.91422607e+04 -2.58439714e+04  1.87e-03 3.71e-05  1.29e-02    21s
  52  -1.94153588e+04 -2.49807053e+04  1.55e-03 3.09e-05  1.08e-02    21s
  53  -1.96490878e+04 -2.43717424e+04  1.28e-03 2.62e-05  9.13e-03    21s
  54  -1.98485870e+04 -2.38834669e+04  1.05e-03 2.25e-05  7.80e-03    21s
  55  -1.99972718e+04 -2.34758598e+04  8.84e-04 1.94e-05  6.72e-03    22s
  56  -2.01089308e+04 -2.28119226e+04  7.57e-04 1.54e-05  5.22e-03    22s
  57  -2.02383112e+04 -2.24854510e+04  6.15e-04 5.06e-05  4.34e-03    22s
  58  -2.02796552e+04 -2.22939333e+04  5.71e-04 4.76e-05  3.89e-03    22s
  59  -2.04120233e+04 -2.20021510e+04  4.40e-04 4.04e-05  3.07e-03    22s
  60  -2.04605652e+04 -2.18897879e+04  3.92e-04 3.65e-05  2.76e-03    22s
  61  -2.05570386e+04 -2.16581908e+04  3.03e-04 4.81e-05  2.13e-03    22s
  62  -2.06599680e+04 -2.15656707e+04  2.09e-04 4.37e-05  1.75e-03    22s
  63  -2.06833801e+04 -2.14329476e+04  1.88e-04 3.56e-05  1.45e-03    22s
  64  -2.07369753e+04 -2.13136144e+04  1.42e-04 2.77e-05  1.11e-03    22s
  65  -2.07969349e+04 -2.11360945e+04  9.17e-05 1.51e-05  6.55e-04    22s
  66  -2.08210305e+04 -2.10595801e+04  7.27e-05 9.94e-06  4.61e-04    22s
  67  -2.08586234e+04 -2.10509045e+04  4.41e-05 9.45e-06  3.72e-04    23s
  68  -2.08727537e+04 -2.09788718e+04  3.35e-05 4.64e-06  2.05e-04    23s
  69  -2.08938089e+04 -2.09550565e+04  1.86e-05 3.04e-06  1.18e-04    23s
  70  -2.09062002e+04 -2.09385822e+04  9.65e-06 1.82e-06  6.26e-05    23s
  71  -2.09083199e+04 -2.09302265e+04  8.09e-06 9.03e-07  4.23e-05    23s
  72  -2.09119853e+04 -2.09261710e+04  5.44e-06 6.15e-07  2.74e-05    23s
  73  -2.09135407e+04 -2.09242000e+04  4.34e-06 4.17e-07  2.06e-05    23s
  74  -2.09156386e+04 -2.09223311e+04  2.84e-06 2.51e-07  1.29e-05    23s
  75  -2.09170902e+04 -2.09214373e+04  1.82e-06 1.82e-07  8.40e-06    23s
  76  -2.09179042e+04 -2.09212505e+04  1.23e-06 1.61e-07  6.47e-06    23s
  77  -2.09180871e+04 -2.09206446e+04  1.11e-06 9.59e-08  4.94e-06    24s
  78  -2.09186787e+04 -2.09203118e+04  6.89e-07 5.99e-08  3.16e-06    24s
  79  -2.09193158e+04 -2.09200943e+04  2.44e-07 3.91e-08  1.50e-06    24s
  80  -2.09196011e+04 -2.09198810e+04  5.17e-08 1.88e-08  5.41e-07    24s
  81  -2.09196674e+04 -2.09196874e+04  8.96e-09 1.66e-10  3.86e-08    24s
  82  -2.09196796e+04 -2.09196837e+04  1.90e-09 3.18e-11  7.94e-09    24s
  83  -2.09196823e+04 -2.09196828e+04  2.69e-10 1.14e-13  1.05e-09    24s
  84  -2.09196828e+04 -2.09196828e+04  1.16e-09 9.09e-14  5.88e-12    24s

Barrier solved model in 84 iterations and 24.37 seconds (26.11 work units)
Optimal objective -2.09196828e+04


Root crossover log...

   55523 DPushes remaining with DInf 0.0000000e+00                25s
    1921 DPushes remaining with DInf 0.0000000e+00                25s
       0 DPushes remaining with DInf 0.0000000e+00                25s

   35627 PPushes remaining with PInf 0.0000000e+00                25s
       0 PPushes remaining with PInf 0.0000000e+00                28s

  Push phase complete: Pinf 0.0000000e+00, Dinf 4.5938182e+01     28s


Root simplex log...

Iteration    Objective       Primal Inf.    Dual Inf.      Time
   89640   -2.0919683e+04   0.000000e+00   4.593818e+01     28s
   89704   -2.0919683e+04   0.000000e+00   0.000000e+00     28s
Crossover time: 3.65 seconds (5.59 work units)
Concurrent spin time: 5.10s (can be avoided by choosing Method=3)

Solved with barrier
   89704   -2.0919683e+04   0.000000e+00   0.000000e+00     33s

Root relaxation: objective -2.091968e+04, 89704 iterations, 20.64 seconds (15.69 work units)

    Nodes    |    Current Node    |     Objective Bounds      |     Work
 Expl Unexpl |  Obj  Depth IntInf | Incumbent    BestBd   Gap | It/Node Time

     0     0 -20919.683    0 1672 -20914.525 -20919.683  0.02%     -   39s
     0     0 -20919.683    0 1483 -20914.525 -20919.683  0.02%     -   45s
     0     0 -20919.683    0 1486 -20914.525 -20919.683  0.02%     -   51s
     0     0 -20919.683    0 1486 -20914.525 -20919.683  0.02%     -   52s
     0     0 -20919.683    0 1486 -20914.525 -20919.683  0.02%     -   53s
     0     0 -20919.683    0 1484 -20914.525 -20919.683  0.02%     -   57s
     0     0 -20919.683    0 1484 -20914.525 -20919.683  0.02%     -   59s
     0     0 -20919.683    0 1484 -20914.525 -20919.683  0.02%     -   60s
     0     0 -20919.683    0 1487 -20914.525 -20919.683  0.02%     -   64s
     0     0 -20919.683    0 1487 -20914.525 -20919.683  0.02%     -   64s
     0     0 -20919.683    0 1487 -20914.525 -20919.683  0.02%     -   64s
     0     0 -20919.683    0 1487 -20914.525 -20919.683  0.02%     -   66s
     0     0 -20919.683    0 1488 -20914.525 -20919.683  0.02%     -   67s
     0     0 -20919.683    0 1485 -20914.525 -20919.683  0.02%     -   71s
     0     0 -20919.683    0 1485 -20914.525 -20919.683  0.02%     -   72s
     0     0 -20919.682    0 1485 -20914.525 -20919.682  0.02%     -   77s
     0     0 -20919.682    0 1485 -20914.525 -20919.682  0.02%     -   77s
     0     0 -20919.682    0 1485 -20914.525 -20919.682  0.02%     -   78s
     0     2 -20919.682    0 1485 -20914.525 -20919.682  0.02%     -   89s
     1     4 -20919.682    1 1724 -20914.525 -20919.682  0.02%   694   91s
     7    16 -20919.597    3 1551 -20914.525 -20919.682  0.02%  1073   98s
    15    28 -20919.597    4 1451 -20914.525 -20919.682  0.02%   684  108s
    27    81 -20919.597    5 1435 -20914.525 -20919.682  0.02%  1253  124s
    80   229 -20919.588    8 1240 -20914.525 -20919.682  0.02%  1043  149s
   228   340 -20919.477   22 1259 -20914.525 -20919.682  0.02%   773  193s
   339   543 -20919.374   26 1131 -20914.525 -20919.682  0.02%   936  262s
   542   555 -20918.567   32 1053 -20914.525 -20919.682  0.02%  1320  413s
   554   581 -20918.267   32 1112 -20914.525 -20919.682  0.02%  1417  561s
H  570   581                    -20914.65609 -20919.682  0.02%  1461  562s
   580   839 -20918.326   34  986 -20914.656 -20919.682  0.02%  1484  691s
   897  1027 -20916.786   56  881 -20914.656 -20919.682  0.02%  1759  893s
H 1262  1200                    -20914.65621 -20919.682  0.02%  1883 1149s
H 1331  1200                    -20914.65769 -20919.682  0.02%  1924 1150s
  1722  1429 -20914.733   22 1288 -20914.658 -20919.682  0.02%  2016 1428s
H 1767  1429                    -20914.65826 -20919.682  0.02%  2017 1428s
  2305  1653 -20914.811   23  899 -20914.658 -20919.682  0.02%  2036 1721s
  2785  1991 -20917.274   17 1097 -20914.658 -20919.682  0.02%  2079 1991s
  3393  1992 -20919.265    9 1485 -20914.658 -20919.682  0.02%  2024 2316s
  3395  1993 -20918.542   15 2710 -20914.658 -20919.682  0.02%  2023 2343s
  3396  1994 -20918.036   15 2135 -20914.658 -20919.682  0.02%  2022 2354s
  3397  1995 -20917.142   48 2139 -20914.658 -20919.682  0.02%  2022 2365s
  3398  1995 -20918.469   11 1736 -20914.658 -20919.682  0.02%  2021 2375s
  3400  1997 -20919.601   21 1506 -20914.658 -20919.681  0.02%  2020 2385s
  3402  1998 -20918.614   12 1500 -20914.658 -20919.681  0.02%  2019 2398s
  3403  1999 -20914.714   75 1500 -20914.658 -20919.681  0.02%  2018 2406s
  3404  2002 -20919.681   12 1573 -20914.658 -20919.681  0.02%  2058 2412s
  3406  2006 -20919.681   13 1426 -20914.658 -20919.681  0.02%  2058 2416s
  3410  2012 -20919.600   14 1627 -20914.658 -20919.681  0.02%  2059 2422s
  3418  2022 -20919.200   15 1868 -20914.658 -20919.681  0.02%  2061 2435s
  3430  2045 -20919.162   16 1884 -20914.658 -20919.681  0.02%  2062 2464s
  3457  2065 -20918.909   18 1473 -20914.658 -20919.681  0.02%  2064 2504s
  3485  2055 -20916.564   18 1930 -20914.658 -20919.681  0.02%  2093 2505s
  3490  2078 -20918.888   19 1549 -20914.658 -20919.681  0.02%  2093 2575s
  3516  2081 -20918.235   21 1165 -20914.658 -20919.681  0.02%  2120 2753s
  3530  2090 -20917.517   22 1331 -20914.658 -20919.681  0.02%  2140 2847s
  3544  2122 -20917.529   22 1209 -20914.658 -20919.681  0.02%  2161 2908s
  3593  2136     cutoff   27      -20914.658 -20919.681  0.02%  2263 2990s
  3668  2195 -20918.189   18 1565 -20914.658 -20919.681  0.02%  2333 3087s
  3871  2181 -20915.630   22  941 -20914.658 -20919.680  0.02%  2359 3153s
  4013  2149     cutoff   22      -20914.658 -20919.680  0.02%  2377 3211s
  4129  2122 -20917.754   20 1799 -20914.658 -20919.679  0.02%  2405 3277s
