
Gurobi 13.0.1 (win64) logging started Tue Oct  6 20:10:54 2026

Set parameter LogFile to value "ieee_owen\weak_eps_experiment\stochastic\main17\logs\n15_S20_day1_ef_gurobi.log"
Set parameter NodefileStart to value 3
Set parameter MIPGap to value 0.001
Gurobi Optimizer version 13.0.1 build v13.0.1rc0 (win64 - Windows 10.0 (19045.2))

CPU model: AMD Ryzen 9 5900X 12-Core Processor, instruction set [SSE2|AVX|AVX2]
Thread count: 12 physical cores, 24 logical processors, using up to 24 threads

Non-default parameters:
TimeLimit  10800
MIPGap  0.001
NodefileStart  3
LogToConsole  0

Optimize a model with 92706 rows, 89726 columns and 388715 nonzeros (Min)
Model fingerprint: 0xe72d5197
Model has 22 linear objective coefficients
Variable types: 75446 continuous, 14280 integer (14280 binary)
Coefficient statistics:
  Matrix range     [3e-04, 2e+02]
  Objective range  [5e-02, 1e+00]
  Bounds range     [9e-03, 5e+01]
  RHS range        [8e-02, 1e+01]

Presolve removed 40251 rows and 29766 columns
Presolve time: 0.76s
Presolved: 52455 rows, 59960 columns, 205417 nonzeros
Variable types: 47273 continuous, 12687 integer (12686 binary)
Found heuristic solution: objective -4367.083243
Deterministic concurrent LP optimizer: primal and dual simplex
Showing primal log only...


Root simplex log...

Iteration    Objective       Primal Inf.    Dual Inf.      Time
   22142   -2.7709733e+03   0.000000e+00   1.621450e+05      5s
   35512   -2.9451421e+03   0.000000e+00   1.279324e+05     10s
   46451   -3.0223770e+03   0.000000e+00   2.325923e+05     15s
   56622   -3.0902182e+03   0.000000e+00   1.339047e+05     20s
   65832   -3.1408016e+03   0.000000e+00   3.335182e+04     25s
Concurrent spin time: 0.01s

Solved with dual simplex

Root simplex log...

Iteration    Objective       Primal Inf.    Dual Inf.      Time
  104114   -4.9443597e+03   0.000000e+00   0.000000e+00     29s

Root relaxation: objective -4.944360e+03, 104114 iterations, 28.21 seconds (35.99 work units)

    Nodes    |    Current Node    |     Objective Bounds      |     Work
 Expl Unexpl |  Obj  Depth IntInf | Incumbent    BestBd   Gap | It/Node Time

     0     0 -4944.3597    0  801 -4367.0832 -4944.3597  13.2%     -   30s
H    0     0                    -4882.060942 -4944.3597  1.28%     -   33s
H    0     0                    -4894.205717 -4944.3597  1.02%     -   36s
     0     0 -4943.9558    0 1017 -4894.2057 -4943.9558  1.02%     -   38s
H    0     0                    -4894.312974 -4943.9558  1.01%     -   41s
     0     0 -4943.9558    0 1015 -4894.3130 -4943.9558  1.01%     -   41s
     0     0 -4943.6906    0  972 -4894.3130 -4943.6906  1.01%     -   43s
H    0     0                    -4898.914995 -4943.6906  0.91%     -   45s
     0     0 -4943.6254    0 1049 -4898.9150 -4943.6254  0.91%     -   45s
     0     0 -4943.6254    0 1049 -4898.9150 -4943.6254  0.91%     -   46s
     0     0 -4943.6254    0 1049 -4898.9150 -4943.6254  0.91%     -   46s
     0     0 -4943.6231    0  961 -4898.9150 -4943.6231  0.91%     -   46s
     0     0 -4943.5170    0 1091 -4898.9150 -4943.5170  0.91%     -   48s
     0     0 -4943.4881    0 1099 -4898.9150 -4943.4881  0.91%     -   48s
     0     0 -4943.4751    0 1095 -4898.9150 -4943.4751  0.91%     -   49s
     0     0 -4943.4751    0 1096 -4898.9150 -4943.4751  0.91%     -   49s
     0     0 -4943.4432    0 1194 -4898.9150 -4943.4432  0.91%     -   50s
     0     0 -4943.4355    0 1192 -4898.9150 -4943.4355  0.91%     -   50s
     0     0 -4943.4355    0 1190 -4898.9150 -4943.4355  0.91%     -   50s
     0     0 -4943.3969    0 1181 -4898.9150 -4943.3969  0.91%     -   51s
     0     0 -4943.3746    0 1121 -4898.9150 -4943.3746  0.91%     -   53s
     0     0 -4943.3730    0 1119 -4898.9150 -4943.3730  0.91%     -   53s
     0     0 -4943.3670    0 1142 -4898.9150 -4943.3670  0.91%     -   53s
     0     0 -4943.3670    0 1250 -4898.9150 -4943.3670  0.91%     -   53s
     0     0 -4943.3656    0 1253 -4898.9150 -4943.3656  0.91%     -   54s
     0     0 -4943.3656    0 1235 -4898.9150 -4943.3656  0.91%     -   54s
     0     0 -4943.3586    0 1248 -4898.9150 -4943.3586  0.91%     -   55s
     0     0 -4943.3586    0 1247 -4898.9150 -4943.3586  0.91%     -   56s
H    0     0                    -4899.420265 -4943.3586  0.90%     -   56s
     0     0 -4943.3578    0 1280 -4899.4203 -4943.3578  0.90%     -   56s
     0     0 -4943.3578    0 1279 -4899.4203 -4943.3578  0.90%     -   57s
     0     0 -4943.3493    0 1255 -4899.4203 -4943.3493  0.90%     -   57s
     0     0 -4943.3492    0 1278 -4899.4203 -4943.3492  0.90%     -   58s
     0     0 -4943.3491    0 1254 -4899.4203 -4943.3491  0.90%     -   59s
     0     0 -4943.3491    0 1254 -4899.4203 -4943.3491  0.90%     -   59s
     0     0 -4943.3491    0 1254 -4899.4203 -4943.3491  0.90%     -   59s
     0     0 -4943.3491    0  883 -4899.4203 -4943.3491  0.90%     -   60s
H    0     0                    -4902.766841 -4943.3491  0.83%     -   63s
     0     2 -4943.3491    0  882 -4902.7668 -4943.3491  0.83%     -   66s
     7    16 -4930.2593    3  927 -4902.7668 -4942.8451  0.82%  2909   73s
    15    28 -4925.5159    4  871 -4902.7668 -4942.8333  0.82%  3911   77s
    27    62 -4922.1915    5  802 -4902.7668 -4941.1906  0.78%  4189   83s
    61    99 -4920.1426    7  743 -4902.7668 -4941.1906  0.78%  2921   86s
   122   145 -4918.6925   11  466 -4902.7668 -4941.1906  0.78%  2184   93s
   144   165 -4917.9766   11  559 -4902.7668 -4941.1906  0.78%  2221   96s
   181   207 -4917.4063   13  331 -4902.7668 -4941.1906  0.78%  2222  101s
   232   245 -4913.1734   15  283 -4902.7668 -4941.1906  0.78%  1990  107s
   261   288 -4914.0136   17  171 -4902.7668 -4941.1906  0.78%  1901  112s
H  271   288                    -4913.536240 -4941.1906  0.56%  1873  112s
   287   309 -4913.6925   20  169 -4913.5362 -4941.1906  0.56%  1848  115s
   348   360 -4930.4112   18  527 -4913.5362 -4941.1906  0.56%  1763  120s
   430   451 -4929.2805   26  282 -4913.5362 -4941.1906  0.56%  1570  125s
H  470   473                    -4926.817053 -4941.1906  0.29%  1515  128s
H  475   473                    -4927.828317 -4941.1906  0.27%  1507  128s
H  477   473                    -4928.707096 -4941.1906  0.25%  1502  128s
   493   503     cutoff   29      -4928.7071 -4941.1906  0.25%  1479  133s
H  548   503                    -4929.743170 -4941.1906  0.23%  1384  133s
   571   521     cutoff   32      -4929.7432 -4941.1906  0.23%  1352  136s
   621   560 -4936.2470    8  629 -4929.7432 -4941.1906  0.23%  1329  140s
H  694   592                    -4930.080661 -4941.1906  0.23%  1300  143s
   712   628 -4934.3423   11  644 -4930.0807 -4941.1906  0.23%  1278  147s
H  749   628                    -4930.107411 -4941.1906  0.22%  1252  147s
   764   666 -4933.9205   14  663 -4930.1074 -4941.1906  0.22%  1233  150s
H  771   666                    -4930.133118 -4941.1906  0.22%  1227  150s
   866   659 -4932.8239   22  473 -4930.1331 -4941.1906  0.22%  1179  164s
H  879   659                    -4930.434081 -4941.1906  0.22%  1189  164s
   882   677 -4932.8239   23  488 -4930.4341 -4941.1906  0.22%  1192  169s
   925   704 -4931.4808   30  219 -4930.4341 -4940.9363  0.21%  1194  173s
  1001   694 -4930.5226   46   63 -4930.4341 -4940.9363  0.21%  1153  177s
  1080   723 -4930.4990   63   43 -4930.4341 -4940.9363  0.21%  1121  180s
* 1185   719              98    -4930.498890 -4940.9363  0.21%  1059  184s
  1266   681     cutoff   98      -4930.4989 -4940.9363  0.21%  1036  189s
* 1313   681              93    -4930.527817 -4940.9363  0.21%  1012  189s
  1364   656 -4934.9346   11  649 -4930.5278 -4940.8487  0.21%  1006  193s
  1415   680 -4934.2879   12  631 -4930.5278 -4940.8487  0.21%  1006  198s
  1457   675 -4933.1016   15  455 -4930.5278 -4940.8487  0.21%  1029  204s
  1533   644 -4931.7737   22  536 -4930.5278 -4939.8128  0.19%  1021  210s
  1602   654 -4933.5670   11  760 -4930.5278 -4939.5038  0.18%  1023  215s
  1655   679 -4931.1706   13  375 -4930.5278 -4939.5038  0.18%  1038  220s
  1713   727 -4930.7427   15  492 -4930.5278 -4938.8861  0.17%  1037  226s
  1815   786 -4933.5259    9  697 -4930.5278 -4938.8861  0.17%  1018  232s
  1940   828 -4931.3419   11  625 -4930.5278 -4938.8861  0.17%   993  238s
* 2008   699             103    -4931.301226 -4938.4885  0.15%   991  238s
  2027   697     cutoff   12      -4931.3012 -4938.4885  0.15%   989  246s
  2093   738     cutoff   12      -4931.3012 -4938.4885  0.15%  1005  252s
  2196   765 -4933.4843   16  537 -4931.3012 -4938.4885  0.15%   993  259s
* 2263   762              96    -4931.302202 -4938.4885  0.15%   983  259s
  2312   774     cutoff   18      -4931.3022 -4938.1533  0.14%   976  265s
  2415   820 -4934.9753   17  441 -4931.3022 -4937.3224  0.12%   974  273s
  2541   852 -4931.8677   20  449 -4931.3022 -4937.2953  0.12%   964  282s
* 2649   817              92    -4931.302669 -4937.2953  0.12%   958  282s
  2677   803 -4934.4261   13  512 -4931.3027 -4937.0236  0.12%   959  290s
  2773   806     cutoff   15      -4931.3027 -4936.7955  0.11%   972  305s
  2794   811     cutoff   15      -4931.3027 -4936.7955  0.11%   974  320s
  2812   810     cutoff   17      -4931.3027 -4936.7955  0.11%   974  338s
  2837   810 -4935.4936    9  847 -4931.3027 -4936.7686  0.11%   979  354s
  2861   807 -4935.0485   10  729 -4931.3027 -4936.7686  0.11%   980  370s
  2888   812 -4934.7983   11  711 -4931.3027 -4936.7686  0.11%   979  386s
  2907   815 -4934.1012   12  585 -4931.3027 -4936.7686  0.11%   980  401s
  2928   820     cutoff   13      -4931.3027 -4936.7686  0.11%   978  415s
  2973   826 -4931.4903   14  386 -4931.3027 -4936.7686  0.11%   981  426s
  3023   844     cutoff   15      -4931.3027 -4936.7686  0.11%   986  436s
  3161   873     cutoff   21      -4931.3027 -4936.5140  0.11%   989  447s
  3304   893 -4931.7553    7  911 -4931.3027 -4936.2574  0.10%   992  458s

Cutting planes:
  Gomory: 12
  Cover: 184
  Implied bound: 406
  MIR: 400
  Flow cover: 1115
  Flow path: 8
  Network: 4
  RLT: 4
  Relax-and-lift: 123

Explored 3434 nodes (3547511 simplex iterations) in 459.33 seconds (669.11 work units)
Thread count was 24 (of 24 available processors)

Solution count 10: -4931.3 -4931.3 -4931.3 ... -4929.74

Optimal solution found (tolerance 1.00e-03)
Best objective -4.931302668986e+03, best bound -4.936103797083e+03, gap 0.0974%
Set parameter MIPGap to value 0.001
Gurobi Optimizer version 13.0.1 build v13.0.1rc0 (win64 - Windows 10.0 (19045.2))

CPU model: AMD Ryzen 9 5900X 12-Core Processor, instruction set [SSE2|AVX|AVX2]
Thread count: 12 physical cores, 24 logical processors, using up to 24 threads

Non-default parameters:
TimeLimit  10800
MIPGap  0.001
NodefileStart  3
LogToConsole  0

Optimize a model with 92726 rows, 89726 columns and 388795 nonzeros (Min)
Model fingerprint: 0x72ad22e4
Model has 22 linear objective coefficients
Variable types: 75446 continuous, 14280 integer (14280 binary)
Coefficient statistics:
  Matrix range     [9e-06, 2e+02]
  Objective range  [5e-02, 1e+00]
  Bounds range     [9e-03, 5e+01]
  RHS range        [8e-02, 1e+01]

Warning: Completing partial solution with 14208 unfixed non-continuous variables out of 14280
User MIP start produced solution with objective -4929.31 (0.42s)
User MIP start produced solution with objective -4929.31 (0.43s)
Loaded user MIP start with objective -4929.31
MIP start from previous solve produced solution with objective -4929.32 (1.94s)
MIP start from previous solve produced solution with objective -4929.32 (1.95s)
Loaded MIP start from previous solve with objective -4929.32
Processed MIP start in 1.95 seconds (2.55 work units)

Presolve removed 40282 rows and 29797 columns
Presolve time: 0.78s
Presolved: 52444 rows, 59929 columns, 205401 nonzeros
Variable types: 47252 continuous, 12677 integer (12676 binary)
Deterministic concurrent LP optimizer: primal and dual simplex
Showing primal log only...


Root simplex log...

Iteration    Objective       Primal Inf.    Dual Inf.      Time
   14871   -2.6848040e+03   0.000000e+00   2.871703e+05      5s
   31234   -2.9361349e+03   0.000000e+00   1.155378e+05     10s
   43173   -3.0248226e+03   0.000000e+00   5.669905e+04     15s
   53413   -3.0885478e+03   0.000000e+00   4.424009e+05     20s
   63314   -3.1543975e+03   0.000000e+00   6.075836e+04     25s
Concurrent spin time: 0.00s

Solved with dual simplex

Root simplex log...

Iteration    Objective       Primal Inf.    Dual Inf.      Time
  102096   -4.9424786e+03   0.000000e+00   0.000000e+00     30s

Root relaxation: objective -4.942479e+03, 102096 iterations, 27.07 seconds (32.36 work units)

    Nodes    |    Current Node    |     Objective Bounds      |     Work
 Expl Unexpl |  Obj  Depth IntInf | Incumbent    BestBd   Gap | It/Node Time

     0     0 -4942.4786    0  844 -4929.3199 -4942.4786  0.27%     -   30s
     0     0 -4942.0510    0 1221 -4929.3199 -4942.0510  0.26%     -   34s
     0     0 -4942.0510    0 1064 -4929.3199 -4942.0510  0.26%     -   35s
     0     0 -4941.8913    0 1215 -4929.3199 -4941.8913  0.26%     -   36s
     0     0 -4941.7458    0 1085 -4929.3199 -4941.7458  0.25%     -   38s
     0     0 -4941.7417    0 1235 -4929.3199 -4941.7417  0.25%     -   38s
     0     0 -4941.7414    0 1235 -4929.3199 -4941.7414  0.25%     -   38s
     0     0 -4941.7162    0 1129 -4929.3199 -4941.7162  0.25%     -   39s
     0     0 -4941.6950    0 1393 -4929.3199 -4941.6950  0.25%     -   40s
     0     0 -4941.6696    0 1263 -4929.3199 -4941.6696  0.25%     -   40s
     0     0 -4941.6696    0 1260 -4929.3199 -4941.6696  0.25%     -   41s
     0     0 -4941.5965    0 1116 -4929.3199 -4941.5965  0.25%     -   42s
     0     0 -4941.5914    0 1095 -4929.3199 -4941.5914  0.25%     -   43s
     0     0 -4941.5882    0 1095 -4929.3199 -4941.5882  0.25%     -   43s
     0     0 -4941.5863    0 1095 -4929.3199 -4941.5863  0.25%     -   43s
     0     0 -4941.5863    0 1095 -4929.3199 -4941.5863  0.25%     -   44s
     0     0 -4941.5613    0 1118 -4929.3199 -4941.5613  0.25%     -   45s
     0     0 -4941.5536    0 1076 -4929.3199 -4941.5536  0.25%     -   46s
     0     0 -4941.5536    0 1074 -4929.3199 -4941.5536  0.25%     -   46s
     0     0 -4941.5485    0 1081 -4929.3199 -4941.5485  0.25%     -   47s
     0     0 -4941.5485    0 1080 -4929.3199 -4941.5485  0.25%     -   48s
     0     0 -4941.4991    0 1082 -4929.3199 -4941.4991  0.25%     -   49s
     0     0 -4941.4986    0 1084 -4929.3199 -4941.4986  0.25%     -   50s
     0     0 -4941.4986    0 1086 -4929.3199 -4941.4986  0.25%     -   51s
     0     0 -4941.4986    0 1085 -4929.3199 -4941.4986  0.25%     -   52s
     0     0 -4941.4986    0 1084 -4929.3199 -4941.4986  0.25%     -   52s
     0     0 -4941.4986    0 1085 -4929.3199 -4941.4986  0.25%     -   53s
     0     0 -4941.4986    0 1085 -4929.3199 -4941.4986  0.25%     -   54s
     0     0 -4941.4986    0  996 -4929.3199 -4941.4986  0.25%     -   55s
     0     0 -4941.4986    0  993 -4929.3199 -4941.4986  0.25%     -   55s
     0     0 -4941.4986    0  993 -4929.3199 -4941.4986  0.25%     -   55s
     0     0 -4941.4986    0  993 -4929.3199 -4941.4986  0.25%     -   55s
     0     2 -4941.4986    0  993 -4929.3199 -4941.4986  0.25%     -   60s
     7    10 -4939.0698    3  918 -4929.3199 -4940.9870  0.24%  3008   67s
    13    16 -4939.0698    4  921 -4929.3199 -4940.9193  0.24%  4170   72s
    23    24 -4939.0371    5  896 -4929.3199 -4940.9162  0.24%  3761   83s
    33    67 -4938.9793    6  986 -4929.3199 -4940.7708  0.23%  4649   87s
    96   122 -4938.4740   12  832 -4929.3199 -4939.4589  0.21%  2197   91s
   141   133 -4935.2764   15  670 -4929.3199 -4939.4589  0.21%  1739   95s
   176   172 -4934.8443   17  513 -4929.3199 -4939.4589  0.21%  1696  100s
   272   213 -4933.1113   24  317 -4929.3199 -4939.4589  0.21%  1549  106s
   345   237 -4931.4246   27  216 -4929.3199 -4939.4589  0.21%  1481  117s
   404   248 -4930.2512   29  183 -4929.3199 -4939.4589  0.21%  1422  121s
   476   286     cutoff   37      -4929.3199 -4939.4589  0.21%  1350  126s
   547   309 -4933.3919   13  739 -4929.3199 -4938.4718  0.19%  1312  131s
   638   330 -4931.6782   17  675 -4929.3199 -4938.4718  0.19%  1253  136s
   737   348 -4930.0769   29  215 -4929.3199 -4937.6649  0.17%  1221  143s
   785   355 -4932.2236    7  783 -4929.3199 -4937.6649  0.17%  1220  146s
   862   363     cutoff    9      -4929.3199 -4936.6829  0.15%  1228  152s
   906   372 -4934.5751   12  491 -4929.3199 -4936.6380  0.15%  1233  162s
   921   385 -4933.8443   13  624 -4929.3199 -4936.6380  0.15%  1242  172s
   934   393 -4932.0152   13  470 -4929.3199 -4936.6380  0.15%  1255  183s
   950   401 -4933.2196   14  467 -4929.3199 -4936.6380  0.15%  1258  194s
   968   401 -4932.4174   15  399 -4929.3199 -4936.6380  0.15%  1260  206s
   994   404 -4929.9262   16  433 -4929.3199 -4936.6380  0.15%  1266  218s
  1013   410 -4930.8874   16  531 -4929.3199 -4936.6231  0.15%  1269  229s
  1031   416 -4929.4209   17  405 -4929.3199 -4936.6231  0.15%  1266  241s
  1049   421     cutoff   18      -4929.3199 -4936.6231  0.15%  1266  252s
  1067   425 -4930.1736   18  365 -4929.3199 -4936.6231  0.15%  1263  261s
  1087   439     cutoff   19      -4929.3199 -4936.4958  0.15%  1256  269s
  1161   466 -4931.3543   16  437 -4929.3199 -4936.4958  0.15%  1248  276s
  1241   482     cutoff   19      -4929.3199 -4936.4958  0.15%  1241  282s
  1338   500 -4930.2774   13  447 -4929.3199 -4935.7385  0.13%  1225  287s
  1429   510     cutoff   15      -4929.3199 -4935.7385  0.13%  1217  293s
  1539   535 -4929.5844    8  646 -4929.3199 -4935.1518  0.12%  1200  299s
  1650   544 -4929.7401   21  370 -4929.3199 -4934.9499  0.11%  1187  306s
  1764   549 -4929.3563   12  881 -4929.3199 -4934.6768  0.11%  1180  312s
  1870   537 -4930.7667   14  719 -4929.3199 -4934.6768  0.11%  1183  320s
  1989   540 -4931.3051   14  923 -4929.3199 -4934.5410  0.11%  1185  327s
  2096   534 -4931.5780   10  572 -4929.3199 -4934.4759  0.10%  1188  334s

Cutting planes:
  Gomory: 10
  Cover: 155
  Implied bound: 319
  MIR: 319
  Flow cover: 849
  Flow path: 9
  Network: 1
  RLT: 8
  Relax-and-lift: 42
  BQP: 23

Explored 2224 nodes (2755364 simplex iterations) in 335.15 seconds (440.91 work units)
Thread count was 24 (of 24 available processors)

Solution count 3: -4929.32 -4929.32 -4929.31 

Optimal solution found (tolerance 1.00e-03)
Best objective -4.929319917157e+03, best bound -4.934157729699e+03, gap 0.0981%
Set parameter MIPGap to value 0.0001
Gurobi Optimizer version 13.0.1 build v13.0.1rc0 (win64 - Windows 10.0 (19045.2))

CPU model: AMD Ryzen 9 5900X 12-Core Processor, instruction set [SSE2|AVX|AVX2]
Thread count: 12 physical cores, 24 logical processors, using up to 24 threads

Non-default parameters:
TimeLimit  10800
NodefileStart  3
LogToConsole  0

Optimize a model with 92746 rows, 89726 columns and 388875 nonzeros (Min)
Model fingerprint: 0x6557cbab
Model has 22 linear objective coefficients
Variable types: 75446 continuous, 14280 integer (14280 binary)
Coefficient statistics:
  Matrix range     [9e-06, 2e+02]
  Objective range  [5e-02, 1e+00]
  Bounds range     [9e-03, 5e+01]
  RHS range        [8e-02, 1e+01]

Warning: Completing partial solution with 14208 unfixed non-continuous variables out of 14280
User MIP start produced solution with objective -4929.32 (0.37s)
User MIP start produced solution with objective -4929.32 (0.39s)
Loaded user MIP start with objective -4929.32
MIP start from previous solve produced solution with objective -4929.32 (1.95s)
MIP start from previous solve produced solution with objective -4929.32 (1.96s)
Loaded MIP start from previous solve with objective -4929.32
Processed MIP start in 1.96 seconds (2.59 work units)

Presolve removed 40251 rows and 29766 columns
Presolve time: 0.77s
Presolved: 52495 rows, 59960 columns, 205537 nonzeros
Variable types: 47273 continuous, 12687 integer (12686 binary)
Deterministic concurrent LP optimizer: primal and dual simplex
Showing primal log only...


Root simplex log...

Iteration    Objective       Primal Inf.    Dual Inf.      Time
   16564   -2.7431878e+03   0.000000e+00   1.398855e+05      5s
   32635   -2.9639566e+03   0.000000e+00   4.400519e+04     10s
   45198   -3.0578799e+03   0.000000e+00   5.676132e+04     15s
   56257   -3.1284208e+03   0.000000e+00   4.913163e+04     20s
   65928   -3.1807879e+03   0.000000e+00   5.893976e+04     25s
Concurrent spin time: 0.01s

Solved with dual simplex

Root simplex log...

Iteration    Objective       Primal Inf.    Dual Inf.      Time
  107983   -4.9424773e+03   0.000000e+00   0.000000e+00     28s

Root relaxation: objective -4.942477e+03, 107983 iterations, 24.98 seconds (30.68 work units)

    Nodes    |    Current Node    |     Objective Bounds      |     Work
 Expl Unexpl |  Obj  Depth IntInf | Incumbent    BestBd   Gap | It/Node Time

     0     0 -4942.4773    0  782 -4929.3197 -4942.4773  0.27%     -   28s
     0     0 -4942.0708    0 1035 -4929.3197 -4942.0708  0.26%     -   31s
     0     0 -4942.0708    0 1035 -4929.3197 -4942.0708  0.26%     -   33s
     0     0 -4941.9983    0 1010 -4929.3197 -4941.9983  0.26%     -   35s
     0     0 -4941.9797    0 1021 -4929.3197 -4941.9797  0.26%     -   35s
     0     0 -4941.9797    0 1023 -4929.3197 -4941.9797  0.26%     -   35s
     0     0 -4941.9175    0 1085 -4929.3197 -4941.9175  0.26%     -   37s
     0     0 -4941.7331    0 1030 -4929.3197 -4941.7331  0.25%     -   38s
     0     0 -4941.7331    0 1228 -4929.3197 -4941.7331  0.25%     -   39s
     0     0 -4941.6909    0 1043 -4929.3197 -4941.6909  0.25%     -   39s
     0     0 -4941.6821    0 1041 -4929.3197 -4941.6821  0.25%     -   40s
     0     0 -4941.6821    0 1042 -4929.3197 -4941.6821  0.25%     -   40s
     0     0 -4941.6120    0 1110 -4929.3197 -4941.6120  0.25%     -   41s
     0     0 -4941.6120    0 1109 -4929.3197 -4941.6120  0.25%     -   42s
     0     0 -4941.6060    0 1081 -4929.3197 -4941.6060  0.25%     -   43s
     0     0 -4941.6060    0 1039 -4929.3197 -4941.6060  0.25%     -   44s
     0     0 -4941.6060    0 1044 -4929.3197 -4941.6060  0.25%     -   45s
     0     0 -4941.6060    0 1048 -4929.3197 -4941.6060  0.25%     -   46s
     0     0 -4941.6060    0 1070 -4929.3197 -4941.6060  0.25%     -   46s
     0     0 -4941.6060    0  915 -4929.3197 -4941.6060  0.25%     -   47s
     0     0 -4941.6060    0 1057 -4929.3197 -4941.6060  0.25%     -   48s
     0     0 -4941.5996    0 1051 -4929.3197 -4941.5996  0.25%     -   49s
     0     0 -4941.5996    0 1051 -4929.3197 -4941.5996  0.25%     -   49s
     0     0 -4941.5996    0 1051 -4929.3197 -4941.5996  0.25%     -   50s
     0     0 -4941.5996    0 1042 -4929.3197 -4941.5996  0.25%     -   51s
     0     0 -4941.5927    0 1179 -4929.3197 -4941.5927  0.25%     -   51s
     0     0 -4941.5927    0 1179 -4929.3197 -4941.5927  0.25%     -   52s
     0     0 -4941.5927    0 1179 -4929.3197 -4941.5927  0.25%     -   52s
     0     0 -4941.5927    0  866 -4929.3197 -4941.5927  0.25%     -   53s
     0     2 -4941.5927    0  865 -4929.3197 -4941.5927  0.25%     -   57s
     3     6     cutoff    2      -4929.3197 -4941.5879  0.25%  7027   62s
     7     8 -4939.1985    3  900 -4929.3197 -4941.1043  0.24%  4101   66s
    21    23 -4939.0818    5  892 -4929.3197 -4939.5758  0.21%  3671   79s
    30    80 -4938.9735    6  914 -4929.3197 -4939.5758  0.21%  4006   81s
   127   133 -4938.4964   13  851 -4929.3197 -4939.5758  0.21%  1454   86s
   163   171 -4938.4964   14  717 -4929.3197 -4939.5758  0.21%  1515   91s
   211   198 -4936.9880   16  707 -4929.3197 -4939.5758  0.21%  1509   96s
   226   207 -4935.6539   17  744 -4929.3197 -4939.5758  0.21%  1508  106s
   244   221 -4931.4863   17  593 -4929.3197 -4939.5758  0.21%  1651  112s
   268   238 -4934.7542   18  724 -4929.3197 -4939.5758  0.21%  1648  118s
   291   256 -4933.6290   19  686 -4929.3197 -4938.9466  0.20%  1746  124s
   318   285 -4932.7820   19  679 -4929.3197 -4938.9466  0.20%  1714  130s
   364   315 -4932.5853   20  672 -4929.3197 -4938.9453  0.20%  1585  136s
   408   326 -4932.3860   21  624 -4929.3197 -4938.9453  0.20%  1478  142s
   421   354 -4932.1817   22  614 -4929.3197 -4938.8479  0.19%  1473  148s
   460   375 -4931.4218   26  464 -4929.3197 -4938.8479  0.19%  1393  154s
   509   391 -4930.5257   30  411 -4929.3197 -4938.7789  0.19%  1339  159s
   561   402 -4929.5387   32  339 -4929.3197 -4938.7789  0.19%  1301  166s
   663   452 -4934.6123   13  609 -4929.3197 -4938.7789  0.19%  1221  172s
   719   473 -4932.8987   15  736 -4929.3197 -4938.7371  0.19%  1190  175s
   802   490 -4929.7474   18  604 -4929.3197 -4938.6537  0.19%  1195  181s
   869   510 -4935.3815   16  671 -4929.3197 -4938.6537  0.19%  1176  185s
   977   523 -4929.5959   22  535 -4929.3197 -4938.6537  0.19%  1166  193s
  1036   534 -4930.0795   25  263 -4929.3197 -4938.4531  0.19%  1174  198s
  1089   549 -4932.0239   15  375 -4929.3197 -4938.4531  0.19%  1187  201s
  1132   568     cutoff   18      -4929.3197 -4938.4531  0.19%  1198  205s
  1198   574     cutoff   18      -4929.3197 -4938.4531  0.19%  1182  216s
  1279   593     cutoff   10      -4929.3197 -4937.2935  0.16%  1167  221s
  1358   613     cutoff   13      -4929.3197 -4937.2935  0.16%  1158  225s
  1508   670     cutoff   40      -4929.3197 -4936.6573  0.15%  1141  234s
  1588   710     cutoff   17      -4929.3197 -4936.6546  0.15%  1137  240s
* 1647   689              94    -4929.321149 -4936.6546  0.15%  1129  240s
  1670   694 -4932.9966   12  528 -4929.3211 -4936.6546  0.15%  1129  245s
  1758   707     cutoff   16      -4929.3211 -4936.6546  0.15%  1126  251s
  1862   721 -4931.1764   19  725 -4929.3211 -4936.4143  0.14%  1119  256s
  1968   724 -4929.7270   22  371 -4929.3211 -4935.8417  0.13%  1111  269s
  2077   723 -4930.2246   16  489 -4929.3211 -4935.8307  0.13%  1108  281s
  2174   736     cutoff   18      -4929.3211 -4935.6305  0.13%  1111  295s
  2267   754     cutoff   11      -4929.3211 -4935.4102  0.12%  1113  307s
  2400   762     cutoff   13      -4929.3211 -4934.9846  0.11%  1099  314s
  2516   768     cutoff   14      -4929.3211 -4934.8937  0.11%  1098  322s
  2636   784     cutoff   29      -4929.3211 -4934.8310  0.11%  1107  329s
  2761   777 -4930.3900   11  376 -4929.3211 -4934.7915  0.11%  1116  338s
  2797   778     cutoff   13      -4929.3211 -4934.7915  0.11%  1123  346s
  2912   773 -4930.1726   12  524 -4929.3211 -4934.5653  0.11%  1122  355s
  3051   769 -4929.7017   14  394 -4929.3211 -4934.3700  0.10%  1128  363s
  3199   770 -4931.2897   16  550 -4929.3211 -4934.2174  0.10%  1127  372s
  3362   793 -4929.6214   13  587 -4929.3211 -4934.0189  0.10%  1126  382s
  3545   819 -4929.9687   16  596 -4929.3211 -4933.7570  0.09%  1119  393s
  3745   836 -4930.6913   17  505 -4929.3211 -4933.4917  0.08%  1112  403s
  3951   841 -4931.4962   10  494 -4929.3211 -4933.2675  0.08%  1106  415s
  3970   845 -4930.8930   11  584 -4929.3211 -4933.2675  0.08%  1108  427s
  3989   841 -4930.1171   12  524 -4929.3211 -4933.2425  0.08%  1108  440s
  4017   834     cutoff   13      -4929.3211 -4933.2425  0.08%  1109  453s
  4045   833     cutoff   14      -4929.3211 -4933.2384  0.08%  1107  466s
  4070   840 -4930.5814   15  539 -4929.3211 -4933.2384  0.08%  1108  478s
  4087   847     cutoff   16      -4929.3211 -4933.2384  0.08%  1106  491s
  4104   846     cutoff   16      -4929.3211 -4933.1841  0.08%  1104  508s
  4129   834     cutoff   10      -4929.3211 -4933.1841  0.08%  1105  525s
  4167   835     cutoff   11      -4929.3211 -4933.1145  0.08%  1103  541s
  4197   837 -4929.9237   20  297 -4929.3211 -4933.1145  0.08%  1104  557s
  4252   838     cutoff   20      -4929.3211 -4933.1145  0.08%  1104  573s
  4306   839     cutoff   22      -4929.3211 -4932.9810  0.07%  1101  589s
  4369   823 -4931.1266   13  625 -4929.3211 -4932.9411  0.07%  1097  606s
  4436   827 -4930.4116   14  646 -4929.3211 -4932.9100  0.07%  1096  622s
  4501   811 -4930.1682   15  594 -4929.3211 -4932.8561  0.07%  1092  638s
  4588   775     cutoff   14      -4929.3211 -4932.8521  0.07%  1088  657s
  4727   759 -4930.1223   16  539 -4929.3211 -4932.7062  0.07%  1081  676s
  4873   724 -4929.9971   17  482 -4929.3211 -4932.5830  0.07%  1073  694s
  5143   606     cutoff   25      -4929.3211 -4932.3111  0.06%  1060  711s
  5522   296 infeasible   18      -4929.3211 -4931.6045  0.05%  1042  731s
  6380     0     cutoff   26      -4929.3211 -4930.6689  0.03%   955  741s

Cutting planes:
  Gomory: 10
  Cover: 306
  Implied bound: 560
  Clique: 1
  MIR: 264
  Flow cover: 887
  Flow path: 8
  Network: 1
  RLT: 5
  Relax-and-lift: 47

Explored 6921 nodes (6342845 simplex iterations) in 741.80 seconds (998.33 work units)
Thread count was 24 (of 24 available processors)

Solution count 3: -4929.32 -4929.32 -4929.32 
No other solutions better than -4929.32

Optimal solution found (tolerance 1.00e-04)
Best objective -4.929321148768e+03, best bound -4.929321148768e+03, gap 0.0000%
