
Gurobi 13.0.1 (win64) logging started Wed Oct  7 06:45:34 2026

Set parameter LogFile to value "ieee_owen\weak_eps_experiment\stochastic\main17\logs\n15_S20_day5_ef_gurobi.log"
Set parameter NodefileStart to value 3
Set parameter MIPGap to value 0.001
Gurobi Optimizer version 13.0.1 build v13.0.1rc0 (win64 - Windows 10.0 (19045.2))

CPU model: AMD Ryzen 9 5900X 12-Core Processor, instruction set [SSE2|AVX|AVX2]
Thread count: 12 physical cores, 24 logical processors, using up to 24 threads

Non-default parameters:
TimeLimit  10800
MIPGap  0.001
NodefileStart  3
LogToConsole  0

Optimize a model with 92706 rows, 89726 columns and 388715 nonzeros (Min)
Model fingerprint: 0x9620b718
Model has 22 linear objective coefficients
Variable types: 75446 continuous, 14280 integer (14280 binary)
Coefficient statistics:
  Matrix range     [3e-04, 2e+02]
  Objective range  [5e-02, 1e+00]
  Bounds range     [9e-03, 5e+01]
  RHS range        [8e-02, 1e+01]

Presolve removed 40282 rows and 29797 columns
Presolve time: 0.75s
Presolved: 52424 rows, 59929 columns, 205341 nonzeros
Variable types: 47252 continuous, 12677 integer (12676 binary)
Found heuristic solution: objective -4307.882890
Deterministic concurrent LP optimizer: primal and dual simplex
Showing primal log only...


Root simplex log...

Iteration    Objective       Primal Inf.    Dual Inf.      Time
   23576   -2.7476382e+03   0.000000e+00   1.083706e+05      5s
   38153   -2.9391646e+03   0.000000e+00   6.028848e+04     10s
   50634   -3.0410898e+03   0.000000e+00   2.322722e+05     15s
   61864   -3.1160261e+03   0.000000e+00   8.624721e+04     20s
   72554   -3.1747584e+03   0.000000e+00   1.568802e+05     25s
   82565   -3.2310883e+03   0.000000e+00   6.682578e+05     30s
Concurrent spin time: 0.00s

Solved with dual simplex

Root simplex log...

Iteration    Objective       Primal Inf.    Dual Inf.      Time
  113415   -4.8917803e+03   0.000000e+00   0.000000e+00     31s

Root relaxation: objective -4.891780e+03, 113415 iterations, 29.47 seconds (38.87 work units)

    Nodes    |    Current Node    |     Objective Bounds      |     Work
 Expl Unexpl |  Obj  Depth IntInf | Incumbent    BestBd   Gap | It/Node Time

     0     0 -4891.7803    0  962 -4307.8829 -4891.7803  13.6%     -   31s
H    0     0                    -4839.957617 -4891.7803  1.07%     -   34s
H    0     0                    -4853.047733 -4891.7803  0.80%     -   36s
     0     0 -4891.4381    0 1299 -4853.0477 -4891.4381  0.79%     -   39s
     0     0 -4891.4381    0 1297 -4853.0477 -4891.4381  0.79%     -   43s
     0     0 -4891.2783    0 1108 -4853.0477 -4891.2783  0.79%     -   45s
     0     0 -4890.9392    0 1062 -4853.0477 -4890.9392  0.78%     -   46s
     0     0 -4890.9392    0 1055 -4853.0477 -4890.9392  0.78%     -   46s
     0     0 -4890.9392    0 1040 -4853.0477 -4890.9392  0.78%     -   47s
     0     0 -4890.9392    0 1151 -4853.0477 -4890.9392  0.78%     -   47s
     0     0 -4890.9392    0 1145 -4853.0477 -4890.9392  0.78%     -   47s
     0     0 -4890.9392    0 1144 -4853.0477 -4890.9392  0.78%     -   48s
     0     0 -4890.9392    0 1145 -4853.0477 -4890.9392  0.78%     -   48s
     0     0 -4890.9392    0 1143 -4853.0477 -4890.9392  0.78%     -   48s
     0     0 -4890.6684    0 1144 -4853.0477 -4890.6684  0.78%     -   50s
H    0     0                    -4857.137223 -4890.6684  0.69%     -   52s
     0     0 -4890.6377    0 1329 -4857.1372 -4890.6377  0.69%     -   53s
     0     0 -4890.5609    0 1009 -4857.1372 -4890.5609  0.69%     -   53s
     0     0 -4890.5598    0 1193 -4857.1372 -4890.5598  0.69%     -   54s
     0     0 -4890.5597    0 1193 -4857.1372 -4890.5597  0.69%     -   54s
     0     0 -4890.5402    0 1157 -4857.1372 -4890.5402  0.69%     -   55s
     0     0 -4890.5196    0 1183 -4857.1372 -4890.5196  0.69%     -   55s
     0     0 -4890.5196    0 1185 -4857.1372 -4890.5196  0.69%     -   55s
     0     0 -4890.5110    0 1096 -4857.1372 -4890.5110  0.69%     -   56s
     0     0 -4890.5110    0 1095 -4857.1372 -4890.5110  0.69%     -   56s
     0     0 -4890.5104    0 1158 -4857.1372 -4890.5104  0.69%     -   57s
     0     0 -4890.5092    0 1092 -4857.1372 -4890.5092  0.69%     -   57s
     0     0 -4890.5092    0 1092 -4857.1372 -4890.5092  0.69%     -   57s
     0     0 -4890.5085    0 1158 -4857.1372 -4890.5085  0.69%     -   58s
H    0     0                    -4857.283435 -4890.5085  0.68%     -   61s
     0     0 -4890.5085    0 1159 -4857.2834 -4890.5085  0.68%     -   61s
     0     0 -4890.5085    0 1159 -4857.2834 -4890.5085  0.68%     -   61s
     0     0 -4890.5085    0 1160 -4857.2834 -4890.5085  0.68%     -   62s
     0     0 -4890.5085    0 1160 -4857.2834 -4890.5085  0.68%     -   62s
     0     0 -4890.5085    0 1089 -4857.2834 -4890.5085  0.68%     -   63s
     0     0 -4890.5085    0 1088 -4857.2834 -4890.5085  0.68%     -   63s
     0     0 -4890.5085    0 1088 -4857.2834 -4890.5085  0.68%     -   63s
     0     0 -4890.5085    0  961 -4857.2834 -4890.5085  0.68%     -   64s
H    0     0                    -4863.994905 -4890.5085  0.55%     -   68s
     0     2 -4890.5085    0  961 -4863.9949 -4890.5085  0.55%     -   70s
     7    16 -4884.1897    3  819 -4863.9949 -4889.9090  0.53%  2165   76s
    15    28 -4883.0279    4  902 -4863.9949 -4889.8844  0.53%  2673   82s
    27    52 -4881.8250    5  947 -4863.9949 -4889.8049  0.53%  3142   86s
H   63    67                    -4864.006044 -4889.8049  0.53%  2284   89s
    66   101 -4881.7844    6  882 -4864.0060 -4889.8049  0.53%  2201   94s
   100   131 -4881.4199    9  890 -4864.0060 -4889.8049  0.53%  1965   96s
H  107   131                    -4864.066019 -4889.8049  0.53%  1857   96s
   160   183 -4880.5601   15  582 -4864.0660 -4889.8049  0.53%  1578  104s
   187   217 -4877.7833   19  494 -4864.0660 -4889.5410  0.52%  1613  106s
   235   243 -4880.0409   20  511 -4864.0660 -4889.5410  0.52%  1547  110s
   259   272 -4877.9089   21  463 -4864.0660 -4889.5410  0.52%  1606  117s
   289   300 -4877.2908   23  403 -4864.0660 -4889.5410  0.52%  1660  121s
   318   325 -4875.1357   25  304 -4864.0660 -4889.5410  0.52%  1663  125s
H  334   337                    -4867.340656 -4889.5410  0.46%  1695  127s
H  340   337                    -4869.849022 -4889.5410  0.40%  1707  127s
   343   359 -4873.8895   26  288 -4869.8490 -4889.5410  0.40%  1709  130s
H  377   370                    -4870.073934 -4889.5410  0.40%  1637  134s
   386   407 -4873.4666   28  243 -4870.0739 -4889.5410  0.40%  1641  136s
H  434   432                    -4870.348895 -4889.5410  0.39%  1562  139s
H  437   432                    -4876.631742 -4889.5410  0.26%  1556  139s
   452   432     cutoff   33      -4876.6317 -4889.5410  0.26%  1560  145s
   537   487 -4887.2918    8  847 -4876.6317 -4888.6124  0.25%  1522  153s
   571   526 -4883.3541    8  916 -4876.6317 -4888.5931  0.25%  1523  158s
   614   570 -4886.2631   10  806 -4876.6317 -4888.5931  0.25%  1483  161s
   664   619 -4883.2706    9  624 -4876.6317 -4888.5324  0.24%  1444  166s
H  676   619                    -4876.957291 -4888.5324  0.24%  1439  166s
   717   627 -4882.5535   10  786 -4876.9573 -4888.5324  0.24%  1420  170s
*  742   627              94    -4876.979804 -4888.5324  0.24%  1401  170s
   757   647 -4884.8897   12  802 -4876.9798 -4888.3673  0.23%  1422  176s
   781   666 -4881.6882   13  758 -4876.9798 -4888.3673  0.23%  1466  180s
   812   687 -4883.4789   13  675 -4876.9798 -4888.3673  0.23%  1498  185s
   898   682 -4878.4235   16  391 -4876.9798 -4888.3673  0.23%  1490  194s
   952   698 -4879.7565   22  502 -4876.9798 -4888.3673  0.23%  1465  200s
  1025   682 -4877.1769   25  463 -4876.9798 -4888.3673  0.23%  1436  205s
  1088   680     cutoff   33      -4876.9798 -4888.3673  0.23%  1420  211s
H 1160   716                    -4877.099403 -4887.8308  0.22%  1402  216s
  1239   725 -4877.1684   65   43 -4877.0994 -4887.6998  0.22%  1366  223s
  1253   736 -4877.1684   63   45 -4877.0994 -4887.6998  0.22%  1361  237s
  1266   762 -4877.1684   64   45 -4877.0994 -4887.6998  0.22%  1358  253s
  1306   787 -4877.1684   81   17 -4877.0994 -4887.6998  0.22%  1335  267s
* 1323   738              96    -4877.168399 -4887.6998  0.22%  1318  267s
  1339   775     cutoff   94      -4877.1684 -4887.6710  0.22%  1309  274s
  1430   835 -4878.7287   10  618 -4877.1684 -4887.6710  0.22%  1290  282s
  1546   893     cutoff   12      -4877.1684 -4887.6710  0.22%  1251  288s
H 1591   893                    -4877.171057 -4887.6710  0.22%  1241  288s
  1643   914     cutoff   12      -4877.1711 -4887.4037  0.21%  1230  295s
H 1701   907                    -4877.172571 -4887.4037  0.21%  1219  295s
  1749   960 -4882.8086   10  720 -4877.1726 -4887.4037  0.21%  1220  304s
  1862  1012 -4879.1469   15  653 -4877.1726 -4887.4037  0.21%  1208  312s
* 1988   998              90    -4877.216554 -4887.4037  0.21%  1179  312s
  2005  1045 -4885.5650    6  686 -4877.2166 -4887.4037  0.21%  1183  319s
  2104  1115 -4881.3554   13  877 -4877.2166 -4887.4037  0.21%  1182  327s
H 2182  1102                    -4877.228952 -4886.8223  0.20%  1168  327s
  2228  1174     cutoff   22      -4877.2290 -4886.8223  0.20%  1163  336s
H 2311  1159                    -4877.232536 -4886.7735  0.20%  1145  336s
  2384  1156 -4877.3713   16  550 -4877.2325 -4886.7735  0.20%  1136  347s
  2485  1217 -4881.2401   18  462 -4877.2325 -4886.2142  0.18%  1149  356s
  2583  1266     cutoff   22      -4877.2325 -4885.8566  0.18%  1153  367s
  2704  1342 -4880.2375   19  377 -4877.2325 -4885.8566  0.18%  1153  378s
H 2824  1277                    -4877.291611 -4885.8474  0.18%  1134  378s
H 2881  1212                    -4877.431142 -4885.8474  0.17%  1129  399s
H 2881  1189                    -4877.595579 -4885.8474  0.17%  1129  399s
H 2881  1186                    -4877.611396 -4885.8474  0.17%  1129  400s
H 2881  1186                    -4877.621018 -4885.8474  0.17%  1129  400s
  2882  1171 -4879.9322   23  961 -4877.6210 -4885.8474  0.17%  1129  437s
  2884  1172 -4883.5948   15 1186 -4877.6210 -4885.8474  0.17%  1128  471s
  2886  1174 -4882.1171   24 1468 -4877.6210 -4885.8474  0.17%  1127  476s
  2893  1178 -4879.1823   15 1423 -4877.6210 -4885.8474  0.17%  1125  481s
  2898  1182 -4877.6256   24 1059 -4877.6210 -4885.8474  0.17%  1123  517s
H 2898  1122                    -4877.623167 -4885.8474  0.17%  1123  520s
  2899  1122 -4881.2269   12 1059 -4877.6232 -4885.8474  0.17%  1122  526s
  2900  1125 -4885.8474   12 1421 -4877.6232 -4885.8474  0.17%  1169  534s
  2901  1126 -4885.1362   13 1172 -4877.6232 -4885.8474  0.17%  1172  537s
  2908  1135 -4883.5863   15 1054 -4877.6232 -4885.8474  0.17%  1175  542s
  2916  1145 -4882.7912   16 1079 -4877.6232 -4885.8474  0.17%  1180  548s
  2928  1165 -4882.7880   17  928 -4877.6232 -4885.8474  0.17%  1188  553s
  2952  1174 -4881.2551   19 1151 -4877.6232 -4885.8474  0.17%  1192  557s
  2975  1177 -4880.7324   20  991 -4877.6232 -4885.8474  0.17%  1199  561s
  2988  1197 -4880.8131   20 1045 -4877.6232 -4885.8474  0.17%  1207  568s
  3014  1199 -4880.3514   21  860 -4877.6232 -4885.8474  0.17%  1217  572s
  3039  1206 -4879.8696   21 1069 -4877.6232 -4885.8474  0.17%  1220  575s
  3062  1212     cutoff   22      -4877.6232 -4885.8474  0.17%  1227  580s
  3131  1218     cutoff   27      -4877.6232 -4884.5570  0.14%  1232  588s
  3163  1222     cutoff   29      -4877.6232 -4884.5440  0.14%  1235  590s
  3227  1234 -4881.0275   19 1131 -4877.6232 -4884.5440  0.14%  1237  597s
  3263  1229 -4880.9365   20  936 -4877.6232 -4884.5440  0.14%  1238  605s
H 3268  1171                    -4877.689648 -4884.5440  0.14%  1237  605s
  3318  1186 -4879.7560   23  809 -4877.6896 -4884.5438  0.14%  1234  611s
  3364  1181     cutoff   26      -4877.6896 -4884.1776  0.13%  1229  615s
  3446  1194 -4881.4663   19  923 -4877.6896 -4884.1776  0.13%  1226  623s
  3494  1200 -4880.5286   22  976 -4877.6896 -4883.8841  0.13%  1224  627s
  3542  1216 -4880.1141   26  923 -4877.6896 -4883.8833  0.13%  1220  631s
  3600  1221 -4878.7320   29  817 -4877.6896 -4883.8833  0.13%  1214  635s
H 3634  1155                    -4877.691412 -4883.5857  0.12%  1209  635s
  3702  1156 -4877.7647   38  443 -4877.6914 -4883.5857  0.12%  1207  643s
  3755  1174 -4879.6998   27  823 -4877.6914 -4883.1601  0.11%  1207  647s
  3811  1187 -4878.5471   29  953 -4877.6914 -4883.1601  0.11%  1204  651s
  3879  1191     cutoff   32      -4877.6914 -4883.1296  0.11%  1197  656s
  3974  1161     cutoff   21      -4877.6914 -4883.1296  0.11%  1184  662s
H 3975  1110                    -4877.980871 -4883.1296  0.11%  1184  662s
  3994  1108 -4879.0784   22  927 -4877.9809 -4882.9807  0.10%  1183  667s
  4037  1103 -4879.0497   23  846 -4877.9809 -4882.9807  0.10%  1184  672s

Cutting planes:
  Gomory: 2
  Cover: 3
  Implied bound: 18
  MIR: 37
  Flow cover: 196
  Flow path: 1
  Relax-and-lift: 83

Explored 4101 nodes (4984299 simplex iterations) in 672.57 seconds (1002.16 work units)
Thread count was 24 (of 24 available processors)

Solution count 10: -4877.98 -4877.69 -4877.69 ... -4877.6

Optimal solution found (tolerance 1.00e-03)
Best objective -4.877980870866e+03, best bound -4.882765595817e+03, gap 0.0981%
Set parameter MIPGap to value 0.001
Gurobi Optimizer version 13.0.1 build v13.0.1rc0 (win64 - Windows 10.0 (19045.2))

CPU model: AMD Ryzen 9 5900X 12-Core Processor, instruction set [SSE2|AVX|AVX2]
Thread count: 12 physical cores, 24 logical processors, using up to 24 threads

Non-default parameters:
TimeLimit  10800
MIPGap  0.001
NodefileStart  3
LogToConsole  0

Optimize a model with 92726 rows, 89726 columns and 388795 nonzeros (Min)
Model fingerprint: 0x6e67f4ce
Model has 22 linear objective coefficients
Variable types: 75446 continuous, 14280 integer (14280 binary)
Coefficient statistics:
  Matrix range     [3e-04, 2e+02]
  Objective range  [5e-02, 1e+00]
  Bounds range     [9e-03, 5e+01]
  RHS range        [8e-02, 1e+01]

Warning: Completing partial solution with 14208 unfixed non-continuous variables out of 14280
User MIP start produced solution with objective -4875.89 (0.42s)
User MIP start produced solution with objective -4875.89 (0.43s)
Loaded user MIP start with objective -4875.89
MIP start from previous solve produced solution with objective -4875.89 (2.09s)
MIP start from previous solve produced solution with objective -4875.89 (2.10s)
Loaded MIP start from previous solve with objective -4875.89
Processed MIP start in 2.10 seconds (2.69 work units)

Presolve removed 40282 rows and 29797 columns
Presolve time: 0.76s
Presolved: 52444 rows, 59929 columns, 205401 nonzeros
Variable types: 47252 continuous, 12677 integer (12676 binary)
Deterministic concurrent LP optimizer: primal and dual simplex
Showing primal log only...


Root simplex log...

Iteration    Objective       Primal Inf.    Dual Inf.      Time
   14328   -2.6160050e+03   0.000000e+00   1.876739e+05      5s
   31505   -2.8880773e+03   0.000000e+00   2.297562e+04     10s
   43775   -2.9898465e+03   0.000000e+00   4.584206e+04     15s
   54265   -3.0487528e+03   0.000000e+00   1.981895e+05     20s
   64745   -3.1053361e+03   0.000000e+00   9.756856e+04     25s
   74665   -3.1677836e+03   0.000000e+00   1.286642e+05     30s
Concurrent spin time: 0.00s

Solved with dual simplex

Root simplex log...

Iteration    Objective       Primal Inf.    Dual Inf.      Time
  112085   -4.8897731e+03   0.000000e+00   0.000000e+00     31s

Root relaxation: objective -4.889773e+03, 112085 iterations, 27.88 seconds (34.83 work units)

    Nodes    |    Current Node    |     Objective Bounds      |     Work
 Expl Unexpl |  Obj  Depth IntInf | Incumbent    BestBd   Gap | It/Node Time

     0     0 -4889.7731    0 1084 -4875.8949 -4889.7731  0.28%     -   31s
     0     0 -4889.5273    0 1237 -4875.8949 -4889.5273  0.28%     -   35s
     0     0 -4889.5271    0 1229 -4875.8949 -4889.5271  0.28%     -   36s
     0     0 -4889.4087    0 1359 -4875.8949 -4889.4087  0.28%     -   38s
     0     0 -4889.3904    0 1210 -4875.8949 -4889.3904  0.28%     -   39s
     0     0 -4889.3808    0 1065 -4875.8949 -4889.3808  0.28%     -   39s
     0     0 -4889.3808    0 1066 -4875.8949 -4889.3808  0.28%     -   40s
     0     0 -4888.9446    0 1202 -4875.8949 -4888.9446  0.27%     -   41s
     0     0 -4888.9446    0 1209 -4875.8949 -4888.9446  0.27%     -   42s
     0     0 -4888.9271    0 1208 -4875.8949 -4888.9271  0.27%     -   43s
     0     0 -4888.8790    0 1069 -4875.8949 -4888.8790  0.27%     -   43s
     0     0 -4888.8272    0 1089 -4875.8949 -4888.8272  0.27%     -   43s
     0     0 -4888.8167    0 1093 -4875.8949 -4888.8167  0.27%     -   43s
     0     0 -4888.8004    0 1092 -4875.8949 -4888.8004  0.26%     -   43s
     0     0 -4888.7811    0 1092 -4875.8949 -4888.7811  0.26%     -   43s
     0     0 -4888.7811    0 1092 -4875.8949 -4888.7811  0.26%     -   44s
     0     0 -4888.6349    0 1351 -4875.8949 -4888.6349  0.26%     -   45s
     0     0 -4888.6033    0 1305 -4875.8949 -4888.6033  0.26%     -   46s
     0     0 -4888.5971    0 1301 -4875.8949 -4888.5971  0.26%     -   46s
     0     0 -4888.5971    0 1323 -4875.8949 -4888.5971  0.26%     -   46s
     0     0 -4888.5656    0 1292 -4875.8949 -4888.5656  0.26%     -   48s
     0     0 -4888.5512    0 1214 -4875.8949 -4888.5512  0.26%     -   49s
     0     0 -4888.5484    0 1325 -4875.8949 -4888.5484  0.26%     -   49s
     0     0 -4888.5473    0 1325 -4875.8949 -4888.5473  0.26%     -   49s
     0     0 -4888.5364    0 1326 -4875.8949 -4888.5364  0.26%     -   49s
     0     0 -4888.5364    0 1323 -4875.8949 -4888.5364  0.26%     -   49s
     0     0 -4888.5359    0 1280 -4875.8949 -4888.5359  0.26%     -   51s
     0     0 -4888.5359    0 1236 -4875.8949 -4888.5359  0.26%     -   51s
     0     0 -4888.5288    0 1232 -4875.8949 -4888.5288  0.26%     -   52s
     0     0 -4888.5288    0 1231 -4875.8949 -4888.5288  0.26%     -   54s
     0     0 -4888.5288    0 1232 -4875.8949 -4888.5288  0.26%     -   55s
     0     0 -4888.5288    0 1232 -4875.8949 -4888.5288  0.26%     -   55s
     0     0 -4888.5288    0 1234 -4875.8949 -4888.5288  0.26%     -   56s
     0     0 -4888.5288    0  824 -4875.8949 -4888.5288  0.26%     -   57s
     0     0 -4888.5288    0  949 -4875.8949 -4888.5288  0.26%     -   59s
H    0     0                    -4875.894938 -4888.5288  0.26%     -   60s
     0     0 -4888.5288    0  976 -4875.8949 -4888.5288  0.26%     -   60s
     0     0 -4888.5288    0  939 -4875.8949 -4888.5288  0.26%     -   60s
     0     0 -4888.5288    0  937 -4875.8949 -4888.5288  0.26%     -   61s
     0     0 -4888.5288    0  937 -4875.8949 -4888.5288  0.26%     -   61s
     0     0 -4888.5288    0  937 -4875.8949 -4888.5288  0.26%     -   61s
     0     2 -4888.5288    0  909 -4875.8949 -4888.5288  0.26%     -   65s
     1     3 -4887.5705    1  963 -4875.8949 -4888.5021  0.26%  4148   72s
     5     8 -4881.5958    3  781 -4875.8949 -4887.5705  0.24%  2703   76s
    29    54 -4881.3393    6  786 -4875.8949 -4887.5705  0.24%  2277   81s
    74    79 -4880.1222    8  817 -4875.8949 -4887.5705  0.24%  1713   86s
   125   111 -4879.5666   11  523 -4875.8949 -4887.5705  0.24%  1453   90s
   165   156 -4878.3935   13  376 -4875.8949 -4887.5581  0.24%  1368   95s
   238   202     cutoff   18      -4875.8949 -4886.7548  0.22%  1281  101s
   309   221 -4880.0604   10  721 -4875.8949 -4886.7225  0.22%  1301  107s
   351   253 -4879.1483   12  657 -4875.8949 -4886.7225  0.22%  1345  111s
   385   276     cutoff   15      -4875.8949 -4886.7225  0.22%  1330  118s
   412   295 -4876.7623   16  315 -4875.8949 -4886.6220  0.22%  1314  121s
   486   325     cutoff   22      -4875.8949 -4886.3783  0.22%  1282  130s
   516   336     cutoff   27      -4875.8949 -4885.5062  0.20%  1270  135s
   547   352     cutoff   29      -4875.8949 -4885.5062  0.20%  1262  142s
   579   377 -4882.6385   12  641 -4875.8949 -4885.5062  0.20%  1265  148s
   610   408 -4880.8879   12  677 -4875.8949 -4885.5062  0.20%  1260  154s
   643   448 -4881.5240   14  503 -4875.8949 -4885.5062  0.20%  1258  160s
H  688   448                    -4875.900088 -4885.5062  0.20%  1222  160s
   761   501     cutoff   16      -4875.9001 -4885.5062  0.20%  1172  167s
   818   528 -4877.2887   18  324 -4875.9001 -4885.5062  0.20%  1162  171s
   917   608 -4876.5555   24  222 -4875.9001 -4884.7926  0.18%  1146  178s
   991   647 -4882.2177   12  652 -4875.9001 -4884.7926  0.18%  1109  182s
  1067   676 -4881.0494   16  696 -4875.9001 -4884.7579  0.18%  1078  185s
  1118   725 -4878.0353   19  386 -4875.9001 -4884.5799  0.18%  1083  190s
  1188   750 -4876.4957   22  302 -4875.9001 -4884.5799  0.18%  1074  195s
  1344   818 -4879.7338   11  441 -4875.9001 -4884.1698  0.17%  1056  205s
  1488   892 -4877.2021   15  280 -4875.9001 -4883.9186  0.16%  1053  215s
  1654   932 -4881.3699   13  629 -4875.9001 -4883.8473  0.16%  1047  226s
  1751   944 -4880.2117   17  531 -4875.9001 -4883.8473  0.16%  1037  232s
  1763   984 -4879.6198   18  521 -4875.9001 -4883.8473  0.16%  1038  237s
  1844  1006 -4876.2326   23  409 -4875.9001 -4883.8473  0.16%  1038  244s
  1966  1046 -4879.9504   17  561 -4875.9001 -4883.8473  0.16%  1022  250s
  2057  1068 -4877.3170   22  411 -4875.9001 -4882.9534  0.14%  1022  258s
  2144  1080 -4876.1168   16  462 -4875.9001 -4882.9494  0.14%  1036  264s
  2250  1100 -4879.5550   18  575 -4875.9001 -4882.9494  0.14%  1036  271s
  2369  1121     cutoff   22      -4875.9001 -4882.9494  0.14%  1028  278s
  2478  1145 -4878.9502   15  615 -4875.9001 -4882.5312  0.14%  1038  286s
  2520  1163     cutoff   16      -4875.9001 -4882.5312  0.14%  1045  295s
  2637  1171     cutoff   19      -4875.9001 -4882.3733  0.13%  1055  303s
  2769  1224 -4877.0643   18  593 -4875.9001 -4882.2421  0.13%  1054  310s
  2902  1235     cutoff   13      -4875.9001 -4882.1188  0.13%  1052  319s
  3061  1265 -4876.2789   12  471 -4875.9001 -4882.0132  0.13%  1044  328s
  3199  1298 -4876.3870   20  361 -4875.9001 -4881.9605  0.12%  1050  337s
  3340  1352     cutoff   17      -4875.9001 -4881.8734  0.12%  1048  346s
  3486  1380 -4878.4702   16  538 -4875.9001 -4881.7063  0.12%  1046  356s
  3643  1408     cutoff   17      -4875.9001 -4881.5412  0.12%  1047  366s
  3813  1407 -4877.7136   11  677 -4875.9001 -4881.3941  0.11%  1050  377s
  3984  1408 -4876.0444   16  412 -4875.9001 -4881.3941  0.11%  1054  391s
  4007  1408     cutoff   17      -4875.9001 -4881.3771  0.11%  1058  402s
  4031  1408     cutoff   17      -4875.9001 -4881.3413  0.11%  1056  416s
  4055  1413 -4878.3073   10  463 -4875.9001 -4881.3413  0.11%  1057  428s
  4074  1421 -4876.3366   11  429 -4875.9001 -4881.3413  0.11%  1057  441s
  4090  1431     cutoff   12      -4875.9001 -4881.3413  0.11%  1057  454s
H 4103  1431                    -4875.901909 -4881.3413  0.11%  1057  454s
  4120  1448     cutoff   13      -4875.9019 -4881.3266  0.11%  1057  467s
  4308  1483 -4878.7110   26  211 -4875.9019 -4881.1213  0.11%  1055  479s
  4504  1506 -4876.0292   12  519 -4875.9019 -4881.1208  0.11%  1058  492s
  4737  1558     cutoff   16      -4875.9019 -4880.9298  0.10%  1057  507s

Cutting planes:
  Gomory: 12
  Cover: 347
  Implied bound: 544
  MIR: 302
  Flow cover: 1083
  Flow path: 6
  RLT: 7
  Relax-and-lift: 92
  BQP: 2

Explored 4973 nodes (5403044 simplex iterations) in 507.66 seconds (678.70 work units)
Thread count was 24 (of 24 available processors)

Solution count 5: -4875.9 -4875.9 -4875.89 ... -4875.89

Optimal solution found (tolerance 1.00e-03)
Best objective -4.875901908727e+03, best bound -4.880769478162e+03, gap 0.0998%
Set parameter MIPGap to value 0.0001
Gurobi Optimizer version 13.0.1 build v13.0.1rc0 (win64 - Windows 10.0 (19045.2))

CPU model: AMD Ryzen 9 5900X 12-Core Processor, instruction set [SSE2|AVX|AVX2]
Thread count: 12 physical cores, 24 logical processors, using up to 24 threads

Non-default parameters:
TimeLimit  10800
NodefileStart  3
LogToConsole  0

Optimize a model with 92746 rows, 89726 columns and 388875 nonzeros (Min)
Model fingerprint: 0x43a796d1
Model has 22 linear objective coefficients
Variable types: 75446 continuous, 14280 integer (14280 binary)
Coefficient statistics:
  Matrix range     [3e-04, 2e+02]
  Objective range  [5e-02, 1e+00]
  Bounds range     [9e-03, 5e+01]
  RHS range        [8e-02, 1e+01]

Warning: Completing partial solution with 14208 unfixed non-continuous variables out of 14280
User MIP start produced solution with objective -4875.9 (0.42s)
User MIP start produced solution with objective -4875.9 (0.43s)
Loaded user MIP start with objective -4875.9
MIP start from previous solve produced solution with objective -4875.9 (2.22s)
MIP start from previous solve produced solution with objective -4875.9 (2.23s)
Loaded MIP start from previous solve with objective -4875.9
Processed MIP start in 2.23 seconds (2.93 work units)

Presolve removed 40282 rows and 29797 columns
Presolve time: 0.78s
Presolved: 52464 rows, 59929 columns, 205461 nonzeros
Variable types: 47252 continuous, 12677 integer (12676 binary)
Deterministic concurrent LP optimizer: primal and dual simplex
Showing primal log only...


Root simplex log...

Iteration    Objective       Primal Inf.    Dual Inf.      Time
   13673   -2.4996886e+03   0.000000e+00   1.759975e+05      5s
   29680   -2.8134772e+03   0.000000e+00   2.163122e+05     10s
   40930   -2.9124865e+03   0.000000e+00   1.524070e+05     15s
   51100   -2.9827543e+03   0.000000e+00   4.359939e+04     20s
   60870   -3.0397470e+03   0.000000e+00   2.922759e+04     25s
Concurrent spin time: 0.00s

Solved with dual simplex

Root simplex log...

Iteration    Objective       Primal Inf.    Dual Inf.      Time
  108754   -4.8897675e+03   0.000000e+00   0.000000e+00     29s

Root relaxation: objective -4.889768e+03, 108754 iterations, 25.74 seconds (32.38 work units)

    Nodes    |    Current Node    |     Objective Bounds      |     Work
 Expl Unexpl |  Obj  Depth IntInf | Incumbent    BestBd   Gap | It/Node Time

     0     0 -4889.7675    0  813 -4875.9014 -4889.7675  0.28%     -   29s
     0     0 -4889.5182    0 1177 -4875.9014 -4889.5182  0.28%     -   33s
     0     0 -4889.5178    0 1177 -4875.9014 -4889.5178  0.28%     -   34s
     0     0 -4889.3483    0 1161 -4875.9014 -4889.3483  0.28%     -   36s
     0     0 -4888.9390    0 1096 -4875.9014 -4888.9390  0.27%     -   40s
     0     0 -4888.9390    0 1045 -4875.9014 -4888.9390  0.27%     -   40s
     0     0 -4888.9390    0 1003 -4875.9014 -4888.9390  0.27%     -   40s
     0     0 -4888.9390    0  999 -4875.9014 -4888.9390  0.27%     -   41s
     0     0 -4888.9390    0 1000 -4875.9014 -4888.9390  0.27%     -   41s
     0     0 -4888.9051    0 1202 -4875.9014 -4888.9051  0.27%     -   42s
     0     0 -4888.9051    0 1274 -4875.9014 -4888.9051  0.27%     -   43s
     0     0 -4888.7977    0 1076 -4875.9014 -4888.7977  0.26%     -   44s
     0     0 -4888.7295    0 1076 -4875.9014 -4888.7295  0.26%     -   44s
     0     0 -4888.7289    0 1071 -4875.9014 -4888.7289  0.26%     -   44s
     0     0 -4888.6991    0 1047 -4875.9014 -4888.6991  0.26%     -   45s
     0     0 -4888.6988    0 1071 -4875.9014 -4888.6988  0.26%     -   46s
     0     0 -4888.6985    0 1070 -4875.9014 -4888.6985  0.26%     -   47s
     0     0 -4888.6985    0 1007 -4875.9014 -4888.6985  0.26%     -   48s
     0     0 -4888.6861    0  941 -4875.9014 -4888.6861  0.26%     -   49s
     0     0 -4888.6816    0  934 -4875.9014 -4888.6816  0.26%     -   50s
     0     0 -4888.6816    0  934 -4875.9014 -4888.6816  0.26%     -   50s
     0     0 -4888.5285    0  835 -4875.9014 -4888.5285  0.26%     -   51s
     0     0 -4888.5168    0  848 -4875.9014 -4888.5168  0.26%     -   52s
     0     0 -4888.5159    0  874 -4875.9014 -4888.5159  0.26%     -   52s
     0     0 -4888.5159    0  875 -4875.9014 -4888.5159  0.26%     -   53s
     0     0 -4888.5159    0  917 -4875.9014 -4888.5159  0.26%     -   53s
     0     0 -4888.5159    0  917 -4875.9014 -4888.5159  0.26%     -   54s
     0     0 -4888.5159    0  916 -4875.9014 -4888.5159  0.26%     -   55s
     0     0 -4888.5159    0  915 -4875.9014 -4888.5159  0.26%     -   56s
     0     0 -4888.5159    0  915 -4875.9014 -4888.5159  0.26%     -   57s
     0     0 -4888.5159    0  761 -4875.9014 -4888.5159  0.26%     -   58s
     0     0 -4888.5159    0  761 -4875.9014 -4888.5159  0.26%     -   58s
     0     0 -4888.5159    0  761 -4875.9014 -4888.5159  0.26%     -   58s
     0     0 -4888.5159    0  747 -4875.9014 -4888.5159  0.26%     -   59s
     0     2 -4888.5159    0  747 -4875.9014 -4888.5159  0.26%     -   61s
     7    12 -4880.8023    3  882 -4875.9014 -4887.9862  0.25%  2607   65s
    27    49 -4878.4007    5  943 -4875.9014 -4886.8410  0.22%  2831   76s
    64    73 -4878.2568   10  931 -4875.9014 -4886.7625  0.22%  2264   80s
   121   108 -4876.2615   16  600 -4875.9014 -4886.7454  0.22%  1994   85s
   172   144 -4881.0551    7  754 -4875.9014 -4886.6432  0.22%  1885   91s
   211   180 -4880.5582    9  919 -4875.9014 -4886.6432  0.22%  1812   96s
   245   224 -4880.0031   11  896 -4875.9014 -4886.6432  0.22%  1787  100s
   289   264 -4877.2788   16  638 -4875.9014 -4886.6432  0.22%  1792  105s
   333   299 -4880.9179    8  852 -4875.9014 -4886.6291  0.22%  1915  111s
   385   328 -4878.9989   11  677 -4875.9014 -4886.4299  0.22%  1896  116s
   438   380 -4876.9626   14  584 -4875.9014 -4886.4299  0.22%  1909  123s
   474   398 -4876.2458   15  603 -4875.9014 -4886.4299  0.22%  1879  125s
   521   420 -4881.4850   10  778 -4875.9014 -4886.3869  0.22%  1868  134s
   560   449 -4880.4449   12  619 -4875.9014 -4886.3869  0.22%  1834  138s
   613   455     cutoff   15      -4875.9014 -4886.3869  0.22%  1763  146s
   631   465 -4876.8340   16  528 -4875.9014 -4886.3869  0.22%  1754  155s
   645   462     cutoff   17      -4875.9014 -4886.3869  0.22%  1746  165s
   670   465     cutoff   17      -4875.9014 -4886.3869  0.22%  1725  177s
   695   474 -4883.6019   10  545 -4875.9014 -4886.3869  0.22%  1728  187s
   715   480 -4882.9357   12  594 -4875.9014 -4886.3869  0.22%  1719  198s
   736   494 -4880.6780   14  556 -4875.9014 -4886.0017  0.21%  1720  210s
   754   508 -4877.7645   17  681 -4875.9014 -4885.9440  0.21%  1734  220s
   771   517 -4876.7040   20  455 -4875.9014 -4885.9440  0.21%  1730  231s
   798   533 -4879.0076   11  627 -4875.9014 -4885.9440  0.21%  1713  240s
   830   546 -4877.7289   14  682 -4875.9014 -4885.9440  0.21%  1688  249s
   911   592 -4884.9247    9  927 -4875.9014 -4885.7088  0.20%  1622  257s
   975   639 -4883.2273   13  688 -4875.9014 -4885.7088  0.20%  1593  263s
  1052   692 -4879.3502   21  531 -4875.9014 -4885.4268  0.20%  1559  268s
  1164   698 -4876.4773   13  385 -4875.9014 -4885.4268  0.20%  1488  277s
  1182   739 -4876.3059   14  227 -4875.9014 -4885.3685  0.19%  1484  284s
  1279   771 -4879.6555   11  632 -4875.9014 -4885.3685  0.19%  1455  290s
  1351   823 -4878.2091   13  679 -4875.9014 -4885.3685  0.19%  1466  297s
  1426   861 -4876.9451   15  631 -4875.9014 -4885.3685  0.19%  1463  305s
  1523   918 -4878.8715    8  730 -4875.9014 -4885.3685  0.19%  1462  311s
  1611   951     cutoff   12      -4875.9014 -4885.3685  0.19%  1456  319s
  1757   975 -4883.2381    7  958 -4875.9014 -4884.3191  0.17%  1408  326s
  1877  1001 -4880.5928   12  774 -4875.9014 -4884.2387  0.17%  1386  334s
  1989  1057 -4877.1964   19  841 -4875.9014 -4884.2387  0.17%  1374  343s
  2089  1104 -4879.7398   16  613 -4875.9014 -4884.0765  0.17%  1364  351s
  2210  1144 -4877.9532   18  632 -4875.9014 -4884.0765  0.17%  1365  361s
  2358  1181 -4877.6745   21  557 -4875.9014 -4883.8304  0.16%  1351  370s
  2456  1227 -4877.1541   14  544 -4875.9014 -4883.8304  0.16%  1361  380s
  2605  1271 -4880.0913   16  616 -4875.9014 -4883.7636  0.16%  1347  390s
  2751  1298     cutoff   20      -4875.9014 -4883.7636  0.16%  1341  400s
  2898  1342 -4876.4607   14  348 -4875.9014 -4883.1672  0.15%  1337  411s
  3058  1349 -4876.4968   21  500 -4875.9014 -4883.1647  0.15%  1328  422s
  3221  1384     cutoff   19      -4875.9014 -4882.8092  0.14%  1319  432s
  3393  1422 -4878.2107   16  739 -4875.9014 -4882.6491  0.14%  1305  444s
  3570  1464     cutoff   21      -4875.9014 -4882.4176  0.13%  1303  457s
  3781  1512 -4877.6850   18  316 -4875.9014 -4882.2165  0.13%  1289  471s
  3968  1539     cutoff   17      -4875.9014 -4882.0640  0.13%  1284  485s
  4181  1575 -4875.9833   14  498 -4875.9014 -4882.0139  0.13%  1273  499s
  4409  1616 -4878.0826   20  616 -4875.9014 -4881.8604  0.12%  1264  514s
  4607  1646 -4879.1836   17  475 -4875.9014 -4881.7241  0.12%  1269  529s
  4847  1674     cutoff   17      -4875.9014 -4881.5884  0.12%  1262  545s
  5086  1714     cutoff   28      -4875.9014 -4881.4580  0.11%  1260  561s
  5352  1844 -4877.0252   20  402 -4875.9014 -4881.2761  0.11%  1254  577s
H 5478  1844                    -4875.901833 -4881.2761  0.11%  1234  577s
H 5707  1840                    -4875.904734 -4881.2122  0.11%  1224  603s
H 5707  1840                    -4875.904776 -4881.2122  0.11%  1224  603s
H 5707  1840                    -4875.904777 -4881.2122  0.11%  1224  603s
  5708  1835 -4875.9182   82  747 -4875.9048 -4881.2122  0.11%  1224  632s
  5710  1836 -4880.1478    8 1336 -4875.9048 -4881.2122  0.11%  1224  666s
  5711  1837 -4877.0616   16 1478 -4875.9048 -4881.2122  0.11%  1224  670s
  5719  1842 -4879.6224   20 1432 -4875.9048 -4881.2122  0.11%  1222  675s
  5722  1844 -4878.7219   23 1013 -4875.9048 -4881.2122  0.11%  1221  707s
H 5722  1751                    -4875.904778 -4881.2122  0.11%  1221  709s
  5723  1752 -4879.6516   10 1013 -4875.9048 -4881.2122  0.11%  1221  714s
  5724  1755 -4881.2122   10 1361 -4875.9048 -4881.2122  0.11%  1245  722s
  5728  1758 -4881.2122   12 1215 -4875.9048 -4881.2122  0.11%  1246  726s
  5740  1774 -4881.2122   14 1106 -4875.9048 -4881.2122  0.11%  1251  732s
  5769  1800 -4880.2897   16 1062 -4875.9048 -4881.2122  0.11%  1257  739s
  5791  1810 -4880.3196   17 1047 -4875.9048 -4881.2122  0.11%  1265  743s
  5817  1821 -4880.0448   18 1058 -4875.9048 -4881.2122  0.11%  1270  746s
  5876  1830 -4879.3288   20 1089 -4875.9048 -4881.2122  0.11%  1274  753s
  5902  1840     cutoff   20      -4875.9048 -4881.2122  0.11%  1278  755s
  5967  1842     cutoff   24      -4875.9048 -4881.2122  0.11%  1281  760s
  6022  1844     cutoff   26      -4875.9048 -4881.2122  0.11%  1282  765s
  6077  1847 -4876.2671   28  737 -4875.9048 -4881.2122  0.11%  1280  770s
  6151  1848 -4878.1183   30  827 -4875.9048 -4881.2122  0.11%  1280  775s
  6214  1850 -4876.3321   34  527 -4875.9048 -4881.2122  0.11%  1282  781s
  6252  1848     cutoff   36      -4875.9048 -4881.2122  0.11%  1281  786s
  6265  1849     cutoff   35      -4875.9048 -4881.2122  0.11%  1281  791s
  6315  1877 -4878.1303   22 1004 -4875.9048 -4881.2122  0.11%  1280  797s
  6354  1872 -4876.6424   24  896 -4875.9048 -4881.2122  0.11%  1280  809s
  6370  1875 -4876.4097   25  936 -4875.9048 -4881.2122  0.11%  1280  822s
  6383  1882 -4876.1563   26  843 -4875.9048 -4881.2122  0.11%  1279  836s
  6395  1880 -4875.9992   27  792 -4875.9048 -4881.2122  0.11%  1279  850s
  6410  1880     cutoff   28      -4875.9048 -4881.2122  0.11%  1278  864s
  6427  1875     cutoff   28      -4875.9048 -4881.2122  0.11%  1277  877s
  6449  1875 -4877.1897   24  895 -4875.9048 -4881.2122  0.11%  1276  888s
  6475  1886 -4877.0277   25  854 -4875.9048 -4881.2122  0.11%  1275  897s
  6531  1890     cutoff   19      -4875.9048 -4881.2122  0.11%  1272  905s
  6594  1917     cutoff   20      -4875.9048 -4881.1047  0.11%  1274  910s
  6658  1903     cutoff   22      -4875.9048 -4881.1008  0.11%  1272  915s
  6728  1889     cutoff   26      -4875.9048 -4881.1008  0.11%  1274  924s
  6767  1922     cutoff   21      -4875.9048 -4881.1008  0.11%  1273  930s
  6868  1937 -4878.4886   26  963 -4875.9048 -4880.4767  0.09%  1269  935s
  6970  1921     cutoff   34      -4875.9048 -4880.4666  0.09%  1263  943s
  7087  1908     cutoff   21      -4875.9048 -4880.2567  0.09%  1260  949s
  7170  1886 -4878.0929   20 1071 -4875.9048 -4880.2567  0.09%  1262  955s
  7193  1909 -4878.0929   21 1051 -4875.9048 -4880.0921  0.09%  1262  962s
  7338  1911 -4876.3994   21 1084 -4875.9048 -4880.0297  0.08%  1252  969s
  7485  1916     cutoff   27      -4875.9048 -4880.0297  0.08%  1243  977s
  7659  1991     cutoff   19      -4875.9048 -4879.8019  0.08%  1231  984s
  7884  2064     cutoff   21      -4875.9048 -4879.7013  0.08%  1207  990s
  8112  2156 -4876.7516   20 1029 -4875.9048 -4879.6522  0.08%  1183  997s
  8353  2212     cutoff   18      -4875.9048 -4879.5306  0.07%  1159 1004s
* 8552  1935             241    -4875.907689 -4879.4501  0.07%  1139 1004s
  8604  2040 -4876.0158   20  903 -4875.9077 -4879.3778  0.07%  1137 1011s
  8840  2012     cutoff   20      -4875.9077 -4879.3260  0.07%  1119 1021s
  8976  1961 -4876.8179   27  932 -4875.9077 -4879.2007  0.07%  1113 1030s
  9054  1929 -4876.4357   26  794 -4875.9077 -4879.0696  0.06%  1115 1040s
  9155  1906 -4876.1914   28  845 -4875.9077 -4879.0543  0.06%  1115 1050s
  9253  1876     cutoff   26      -4875.9077 -4878.9085  0.06%  1116 1060s
  9374  1839 -4876.4627   22  937 -4875.9077 -4878.7855  0.06%  1115 1071s
  9510  1794 -4876.4757   29  895 -4875.9077 -4878.6623  0.06%  1114 1081s
  9628  1744 infeasible   38      -4875.9077 -4878.5781  0.05%  1113 1094s
  9688  1695     cutoff   20      -4875.9077 -4878.5478  0.05%  1113 1106s
* 9714  1273             282    -4875.918064 -4878.4667  0.05%  1114 1106s
  9826  1240     cutoff   28      -4875.9181 -4878.3733  0.05%  1114 1116s
 10088  1228 -4875.9183  183  147 -4875.9181 -4878.2405  0.05%  1103 1127s
 10411  1285 -4875.9183  253   35 -4875.9181 -4878.2405  0.05%  1088 1138s
*10444  1088             286    -4875.918156 -4878.2405  0.05%  1084 1138s
*10719   804             301    -4875.918279 -4878.2405  0.05%  1060 1138s
 10864   452     cutoff   25      -4875.9183 -4878.2405  0.05%  1059 1150s
 11231   307     cutoff   26      -4875.9183 -4877.4425  0.03%  1046 1161s
 11628     0 -4876.2200   30  620 -4875.9183 -4877.0790  0.02%  1029 1171s

Cutting planes:
  Gomory: 1
  Cover: 3
  Implied bound: 9
  MIR: 31
  Flow cover: 302
  Flow path: 4
  Relax-and-lift: 34

Explored 12164 nodes (12242898 simplex iterations) in 1171.51 seconds (1551.02 work units)
Thread count was 24 (of 24 available processors)

Solution count 10: -4875.92 -4875.92 -4875.92 ... -4875.9
No other solutions better than -4875.92

Optimal solution found (tolerance 1.00e-04)
Best objective -4.875918279239e+03, best bound -4.875918279239e+03, gap 0.0000%
