
Gurobi 13.0.1 (win64) logging started Wed Oct  7 03:53:55 2026

Set parameter LogFile to value "ieee_owen\weak_eps_experiment\stochastic\main17\logs\n15_S20_day4_ef_gurobi.log"
Set parameter NodefileStart to value 3
Set parameter MIPGap to value 0.001
Gurobi Optimizer version 13.0.1 build v13.0.1rc0 (win64 - Windows 10.0 (19045.2))

CPU model: AMD Ryzen 9 5900X 12-Core Processor, instruction set [SSE2|AVX|AVX2]
Thread count: 12 physical cores, 24 logical processors, using up to 24 threads

Non-default parameters:
TimeLimit  10800
MIPGap  0.001
NodefileStart  3
LogToConsole  0

Optimize a model with 92706 rows, 89726 columns and 388715 nonzeros (Min)
Model fingerprint: 0x85db2ab4
Model has 22 linear objective coefficients
Variable types: 75446 continuous, 14280 integer (14280 binary)
Coefficient statistics:
  Matrix range     [3e-04, 2e+02]
  Objective range  [5e-02, 1e+00]
  Bounds range     [9e-03, 5e+01]
  RHS range        [8e-02, 1e+01]

Presolve removed 40282 rows and 29797 columns
Presolve time: 0.76s
Presolved: 52424 rows, 59929 columns, 205340 nonzeros
Variable types: 47252 continuous, 12677 integer (12676 binary)
Found heuristic solution: objective -4418.491863
Deterministic concurrent LP optimizer: primal and dual simplex
Showing primal log only...


Root simplex log...

Iteration    Objective       Primal Inf.    Dual Inf.      Time
   21696   -2.8078340e+03   0.000000e+00   3.000660e+05      5s
   36735   -2.9848907e+03   0.000000e+00   3.125705e+04     10s
   47627   -3.0706559e+03   0.000000e+00   9.333348e+04     15s
   57328   -3.1284981e+03   0.000000e+00   8.198973e+04     20s
Concurrent spin time: 0.00s

Solved with dual simplex

Root simplex log...

Iteration    Objective       Primal Inf.    Dual Inf.      Time
   95565   -4.9973929e+03   0.000000e+00   0.000000e+00     24s

Root relaxation: objective -4.997393e+03, 95565 iterations, 22.61 seconds (28.84 work units)

    Nodes    |    Current Node    |     Objective Bounds      |     Work
 Expl Unexpl |  Obj  Depth IntInf | Incumbent    BestBd   Gap | It/Node Time

     0     0 -4997.3929    0  740 -4418.4919 -4997.3929  13.1%     -   24s
H    0     0                    -4951.629432 -4997.3929  0.92%     -   27s
H    0     0                    -4981.505600 -4997.3929  0.32%     -   28s
     0     0 -4996.9348    0 1047 -4981.5056 -4996.9348  0.31%     -   31s
     0     0 -4996.9348    0 1047 -4981.5056 -4996.9348  0.31%     -   32s
     0     0 -4996.9317    0 1031 -4981.5056 -4996.9317  0.31%     -   33s
     0     0 -4996.9317    0 1069 -4981.5056 -4996.9317  0.31%     -   34s
     0     0 -4996.8733    0 1151 -4981.5056 -4996.8733  0.31%     -   35s
     0     0 -4996.7903    0 1286 -4981.5056 -4996.7903  0.31%     -   37s
     0     0 -4996.7903    0 1160 -4981.5056 -4996.7903  0.31%     -   38s
     0     0 -4996.7851    0 1068 -4981.5056 -4996.7851  0.31%     -   38s
     0     0 -4996.7839    0 1044 -4981.5056 -4996.7839  0.31%     -   38s
     0     0 -4996.7800    0 1067 -4981.5056 -4996.7800  0.31%     -   38s
     0     0 -4996.7800    0 1067 -4981.5056 -4996.7800  0.31%     -   38s
     0     0 -4996.6879    0 1207 -4981.5056 -4996.6879  0.30%     -   39s
     0     0 -4996.5673    0 1346 -4981.5056 -4996.5673  0.30%     -   40s
     0     0 -4996.5426    0 1170 -4981.5056 -4996.5426  0.30%     -   40s
     0     0 -4996.5426    0 1319 -4981.5056 -4996.5426  0.30%     -   41s
     0     0 -4996.5416    0 1174 -4981.5056 -4996.5416  0.30%     -   41s
     0     0 -4996.5392    0 1173 -4981.5056 -4996.5392  0.30%     -   42s
     0     0 -4996.5392    0 1122 -4981.5056 -4996.5392  0.30%     -   42s
     0     0 -4996.5392    0 1148 -4981.5056 -4996.5392  0.30%     -   43s
     0     0 -4996.4912    0 1130 -4981.5056 -4996.4912  0.30%     -   44s
     0     0 -4996.4912    0 1031 -4981.5056 -4996.4912  0.30%     -   44s
     0     0 -4996.4883    0 1037 -4981.5056 -4996.4883  0.30%     -   44s
     0     0 -4996.4864    0 1035 -4981.5056 -4996.4864  0.30%     -   45s
     0     0 -4996.4864    0 1035 -4981.5056 -4996.4864  0.30%     -   45s
     0     0 -4996.4863    0 1030 -4981.5056 -4996.4863  0.30%     -   45s
     0     0 -4996.4842    0 1032 -4981.5056 -4996.4842  0.30%     -   46s
     0     0 -4996.4842    0 1035 -4981.5056 -4996.4842  0.30%     -   46s
     0     0 -4996.4828    0 1035 -4981.5056 -4996.4828  0.30%     -   47s
     0     0 -4996.4828    0 1033 -4981.5056 -4996.4828  0.30%     -   47s
     0     0 -4996.4828    0 1033 -4981.5056 -4996.4828  0.30%     -   47s
     0     0 -4996.4828    0  906 -4981.5056 -4996.4828  0.30%     -   48s
H    0     0                    -4985.199959 -4996.4828  0.23%     -   48s
     0     0 -4996.4828    0  909 -4985.2000 -4996.4828  0.23%     -   49s
H    0     0                    -4985.230523 -4996.4828  0.23%     -   49s
     0     0 -4996.4828    0  914 -4985.2305 -4996.4828  0.23%     -   49s
     0     0 -4996.4828    0  914 -4985.2305 -4996.4828  0.23%     -   49s
     0     0 -4996.4828    0  914 -4985.2305 -4996.4828  0.23%     -   49s
     0     0 -4996.4828    0  914 -4985.2305 -4996.4828  0.23%     -   50s
     0     2 -4996.4828    0  914 -4985.2305 -4996.4828  0.23%     -   51s
     7    10 -4991.4309    3  827 -4985.2305 -4996.2887  0.22%  2206   55s
    55    60 -4995.2006    6  827 -4985.2305 -4995.2006  0.20%  1482   62s
    92   106     cutoff    8      -4985.2305 -4995.1913  0.20%  1519   67s
   141   146 -4993.1262   11  608 -4985.2305 -4995.0876  0.20%  1453   72s
   196   194 -4991.5608   12  707 -4985.2305 -4995.0876  0.20%  1347   76s
   258   226 -4989.3499   13  623 -4985.2305 -4995.0876  0.20%  1217   84s
H  270   226                    -4987.111263 -4995.0876  0.16%  1192   84s
   271   222 -4988.2897   12  531 -4987.1113 -4995.0876  0.16%  1200   86s
   374   280 -4988.8640   15  501 -4987.1113 -4994.9847  0.16%  1005   91s
   451   335 -4987.7990   10  563 -4987.1113 -4994.2268  0.14%   967   95s
   608   482 infeasible   33      -4987.1113 -4993.9934  0.14%   844  100s
   882   715 -4987.4998   16  415 -4987.1113 -4993.9934  0.14%   645  105s
*  917   715              72    -4987.226154 -4993.9934  0.14%   624  105s
* 1010   661              83    -4987.934300 -4993.9934  0.12%   585  107s
  1122   651     cutoff   11      -4987.9343 -4993.8282  0.12%   586  111s
  1214   637     cutoff   13      -4987.9343 -4993.5768  0.11%   599  117s
  1234   638 -4988.8081   10  583 -4987.9343 -4993.5768  0.11%   602  120s
  1346   635 -4989.0387   10  515 -4987.9343 -4993.5768  0.11%   600  125s

Cutting planes:
  Gomory: 3
  Cover: 148
  Implied bound: 287
  Clique: 1
  MIR: 424
  Flow cover: 1330
  Flow path: 2
  Network: 2
  RLT: 15
  Relax-and-lift: 62
  BQP: 2
  PSD: 2

Explored 1447 nodes (998355 simplex iterations) in 128.38 seconds (163.88 work units)
Thread count was 24 (of 24 available processors)

Solution count 8: -4987.93 -4987.23 -4987.11 ... -4418.49

Optimal solution found (tolerance 1.00e-03)
Best objective -4.987934299790e+03, best bound -4.992567869772e+03, gap 0.0929%
Set parameter MIPGap to value 0.001
Gurobi Optimizer version 13.0.1 build v13.0.1rc0 (win64 - Windows 10.0 (19045.2))

CPU model: AMD Ryzen 9 5900X 12-Core Processor, instruction set [SSE2|AVX|AVX2]
Thread count: 12 physical cores, 24 logical processors, using up to 24 threads

Non-default parameters:
TimeLimit  10800
MIPGap  0.001
NodefileStart  3
LogToConsole  0

Optimize a model with 92726 rows, 89726 columns and 388795 nonzeros (Min)
Model fingerprint: 0x2a627ec3
Model has 22 linear objective coefficients
Variable types: 75446 continuous, 14280 integer (14280 binary)
Coefficient statistics:
  Matrix range     [9e-05, 2e+02]
  Objective range  [5e-02, 1e+00]
  Bounds range     [9e-03, 5e+01]
  RHS range        [8e-02, 1e+01]

Warning: Completing partial solution with 14208 unfixed non-continuous variables out of 14280
User MIP start produced solution with objective -4986.08 (0.40s)
User MIP start produced solution with objective -4986.08 (0.41s)
Loaded user MIP start with objective -4986.08
MIP start from previous solve produced solution with objective -4986.1 (1.85s)
MIP start from previous solve produced solution with objective -4986.1 (1.86s)
Loaded MIP start from previous solve with objective -4986.1
Processed MIP start in 1.86 seconds (2.45 work units)

Presolve removed 40282 rows and 29797 columns
Presolve time: 0.77s
Presolved: 52444 rows, 59929 columns, 205400 nonzeros
Variable types: 47252 continuous, 12677 integer (12676 binary)
Deterministic concurrent LP optimizer: primal and dual simplex
Showing primal log only...


Root simplex log...

Iteration    Objective       Primal Inf.    Dual Inf.      Time
   16166   -2.6803565e+03   0.000000e+00   1.372087e+05      5s
   32029   -2.9450132e+03   0.000000e+00   7.266807e+04     10s
   44318   -3.0478783e+03   0.000000e+00   5.936871e+04     15s
   54699   -3.1350493e+03   0.000000e+00   1.083269e+05     20s
   63719   -3.1923138e+03   0.000000e+00   5.394921e+04     25s
Concurrent spin time: 0.01s

Solved with dual simplex

Root simplex log...

Iteration    Objective       Primal Inf.    Dual Inf.      Time
  102238   -4.9957270e+03   0.000000e+00   0.000000e+00     27s

Root relaxation: objective -4.995727e+03, 102238 iterations, 24.42 seconds (29.73 work units)

    Nodes    |    Current Node    |     Objective Bounds      |     Work
 Expl Unexpl |  Obj  Depth IntInf | Incumbent    BestBd   Gap | It/Node Time

     0     0 -4995.7270    0  897 -4986.0984 -4995.7270  0.19%     -   28s
     0     0 -4995.2696    0 1071 -4986.0984 -4995.2696  0.18%     -   31s
     0     0 -4995.2686    0 1073 -4986.0984 -4995.2686  0.18%     -   32s
     0     0 -4995.1407    0 1112 -4986.0984 -4995.1407  0.18%     -   34s
     0     0 -4995.1297    0 1071 -4986.0984 -4995.1297  0.18%     -   35s
     0     0 -4995.1267    0 1070 -4986.0984 -4995.1267  0.18%     -   35s
     0     0 -4995.1047    0 1047 -4986.0984 -4995.1047  0.18%     -   35s
     0     0 -4995.1025    0 1041 -4986.0984 -4995.1025  0.18%     -   35s
     0     0 -4995.1025    0 1038 -4986.0984 -4995.1025  0.18%     -   35s
     0     0 -4994.9566    0 1077 -4986.0984 -4994.9566  0.18%     -   37s
     0     0 -4994.9520    0 1097 -4986.0984 -4994.9520  0.18%     -   38s
     0     0 -4994.8975    0 1068 -4986.0984 -4994.8975  0.18%     -   39s
     0     0 -4994.8446    0 1091 -4986.0984 -4994.8446  0.18%     -   39s
     0     0 -4994.8297    0 1069 -4986.0984 -4994.8297  0.18%     -   39s
     0     0 -4994.8256    0 1066 -4986.0984 -4994.8256  0.18%     -   39s
     0     0 -4994.8238    0 1066 -4986.0984 -4994.8238  0.17%     -   40s
     0     0 -4994.8238    0 1066 -4986.0984 -4994.8238  0.17%     -   40s
     0     0 -4994.5865    0 1260 -4986.0984 -4994.5865  0.17%     -   42s
     0     0 -4994.5755    0 1040 -4986.0984 -4994.5755  0.17%     -   43s
     0     0 -4994.5742    0 1042 -4986.0984 -4994.5742  0.17%     -   43s
     0     0 -4994.5742    0 1012 -4986.0984 -4994.5742  0.17%     -   44s
     0     0 -4994.5735    0 1040 -4986.0984 -4994.5735  0.17%     -   44s
     0     0 -4994.5631    0 1038 -4986.0984 -4994.5631  0.17%     -   45s
     0     0 -4994.5631    0 1038 -4986.0984 -4994.5631  0.17%     -   45s
     0     0 -4994.5631    0 1035 -4986.0984 -4994.5631  0.17%     -   46s
     0     0 -4994.5502    0 1034 -4986.0984 -4994.5502  0.17%     -   47s
     0     0 -4994.5502    0 1032 -4986.0984 -4994.5502  0.17%     -   47s
     0     0 -4994.5502    0 1027 -4986.0984 -4994.5502  0.17%     -   48s
     0     0 -4994.5502    0 1027 -4986.0984 -4994.5502  0.17%     -   48s
     0     0 -4994.5502    0  846 -4986.0984 -4994.5502  0.17%     -   48s
     0     0 -4994.5440    0  882 -4986.0984 -4994.5440  0.17%     -   49s
     0     0 -4994.5440    0 1105 -4986.0984 -4994.5440  0.17%     -   49s
     0     0 -4994.5440    0 1108 -4986.0984 -4994.5440  0.17%     -   50s
     0     0 -4994.5440    0 1103 -4986.0984 -4994.5440  0.17%     -   51s
     0     0 -4994.5440    0  880 -4986.0984 -4994.5440  0.17%     -   51s
     0     0 -4994.5440    0  875 -4986.0984 -4994.5440  0.17%     -   52s
     0     0 -4994.5440    0  875 -4986.0984 -4994.5440  0.17%     -   52s
     0     0 -4994.5440    0  875 -4986.0984 -4994.5440  0.17%     -   52s
     0     2 -4994.5425    0  849 -4986.0984 -4994.5425  0.17%     -   57s
     3     4     cutoff    2      -4986.0984 -4994.4204  0.17%  8468   63s
    11    14 -4990.4689    4  820 -4986.0984 -4994.3405  0.17%  3993   73s
    17    20 -4990.4606    5 1000 -4986.0984 -4994.3405  0.17%  4059   75s
    66    84 -4988.6718    7  840 -4986.0984 -4994.3405  0.17%  2183   81s
   136    97 -4988.5354    8  800 -4986.0984 -4994.3405  0.17%  1569   93s
   155   111 -4986.7201    8  667 -4986.0984 -4992.4618  0.13%  1713  100s
   179   120 -4988.2685    9  673 -4986.0984 -4991.3497  0.11%  1620  109s
   210   128 -4988.2468    9  606 -4986.0984 -4991.3497  0.11%  1507  117s
   242   134     cutoff   10      -4986.0984 -4991.3403  0.11%  1390  126s
   259   138     cutoff   12      -4986.0984 -4991.0169  0.10%  1337  134s

Cutting planes:
  Gomory: 4
  Cover: 62
  Implied bound: 141
  Clique: 2
  MIR: 266
  Flow cover: 1067
  Flow path: 8
  RLT: 3
  Relax-and-lift: 87

Explored 293 nodes (492319 simplex iterations) in 134.66 seconds (200.81 work units)
Thread count was 24 (of 24 available processors)

Solution count 3: -4986.1 -4986.1 -4986.08 

Optimal solution found (tolerance 1.00e-03)
Best objective -4.986098373708e+03, best bound -4.991016904815e+03, gap 0.0986%
Set parameter MIPGap to value 0.0001
Gurobi Optimizer version 13.0.1 build v13.0.1rc0 (win64 - Windows 10.0 (19045.2))

CPU model: AMD Ryzen 9 5900X 12-Core Processor, instruction set [SSE2|AVX|AVX2]
Thread count: 12 physical cores, 24 logical processors, using up to 24 threads

Non-default parameters:
TimeLimit  10800
NodefileStart  3
LogToConsole  0

Optimize a model with 92746 rows, 89726 columns and 388875 nonzeros (Min)
Model fingerprint: 0x0e083481
Model has 22 linear objective coefficients
Variable types: 75446 continuous, 14280 integer (14280 binary)
Coefficient statistics:
  Matrix range     [8e-05, 2e+02]
  Objective range  [5e-02, 1e+00]
  Bounds range     [9e-03, 5e+01]
  RHS range        [8e-02, 1e+01]

Warning: Completing partial solution with 14208 unfixed non-continuous variables out of 14280
User MIP start produced solution with objective -4986.1 (0.37s)
User MIP start produced solution with objective -4986.1 (0.38s)
Loaded user MIP start with objective -4986.1
MIP start from previous solve produced solution with objective -4986.1 (1.90s)
MIP start from previous solve produced solution with objective -4986.1 (1.91s)
Loaded MIP start from previous solve with objective -4986.1
Processed MIP start in 1.91 seconds (2.60 work units)

Presolve removed 40282 rows and 29797 columns
Presolve time: 0.77s
Presolved: 52464 rows, 59929 columns, 205460 nonzeros
Variable types: 47252 continuous, 12677 integer (12676 binary)
Deterministic concurrent LP optimizer: primal and dual simplex
Showing primal log only...


Root simplex log...

Iteration    Objective       Primal Inf.    Dual Inf.      Time
   14426   -2.7583472e+03   0.000000e+00   8.611858e+04      5s
   30770   -2.9923812e+03   0.000000e+00   1.826836e+05     10s
   41900   -3.0786493e+03   0.000000e+00   5.886720e+04     15s
   51600   -3.1501575e+03   0.000000e+00   1.560682e+05     20s
   61362   -3.2144521e+03   0.000000e+00   7.041714e+04     25s
Concurrent spin time: 0.00s

Solved with dual simplex

Root simplex log...

Iteration    Objective       Primal Inf.    Dual Inf.      Time
  101949   -4.9957233e+03   0.000000e+00   0.000000e+00     25s

Root relaxation: objective -4.995723e+03, 101949 iterations, 22.60 seconds (28.19 work units)

    Nodes    |    Current Node    |     Objective Bounds      |     Work
 Expl Unexpl |  Obj  Depth IntInf | Incumbent    BestBd   Gap | It/Node Time

     0     0 -4995.7233    0  774 -4986.0978 -4995.7233  0.19%     -   26s
     0     0 -4995.2986    0 1031 -4986.0978 -4995.2986  0.18%     -   29s
     0     0 -4995.2986    0 1232 -4986.0978 -4995.2986  0.18%     -   30s
     0     0 -4995.2974    0 1192 -4986.0978 -4995.2974  0.18%     -   32s
     0     0 -4995.2974    0 1153 -4986.0978 -4995.2974  0.18%     -   33s
     0     0 -4995.2667    0 1201 -4986.0978 -4995.2667  0.18%     -   34s
     0     0 -4995.1075    0 1023 -4986.0978 -4995.1075  0.18%     -   35s
     0     0 -4995.1075    0 1084 -4986.0978 -4995.1075  0.18%     -   35s
     0     0 -4995.1075    0 1083 -4986.0978 -4995.1075  0.18%     -   35s
     0     0 -4995.1063    0 1081 -4986.0978 -4995.1063  0.18%     -   35s
     0     0 -4995.0937    0 1066 -4986.0978 -4995.0937  0.18%     -   35s
     0     0 -4995.0807    0 1067 -4986.0978 -4995.0807  0.18%     -   35s
     0     0 -4995.0807    0 1069 -4986.0978 -4995.0807  0.18%     -   36s
     0     0 -4994.9484    0 1115 -4986.0978 -4994.9484  0.18%     -   37s
     0     0 -4994.9174    0 1118 -4986.0978 -4994.9174  0.18%     -   37s
     0     0 -4994.8901    0 1069 -4986.0978 -4994.8901  0.18%     -   38s
     0     0 -4994.8901    0 1069 -4986.0978 -4994.8901  0.18%     -   38s
     0     0 -4994.8756    0 1062 -4986.0978 -4994.8756  0.18%     -   38s
     0     0 -4994.8495    0 1106 -4986.0978 -4994.8495  0.18%     -   39s
     0     0 -4994.8495    0 1113 -4986.0978 -4994.8495  0.18%     -   39s
     0     0 -4994.8495    0 1288 -4986.0978 -4994.8495  0.18%     -   40s
     0     0 -4994.8495    0 1105 -4986.0978 -4994.8495  0.18%     -   41s
     0     0 -4994.8495    0 1107 -4986.0978 -4994.8495  0.18%     -   41s
     0     0 -4994.8495    0 1106 -4986.0978 -4994.8495  0.18%     -   42s
     0     0 -4994.8495    0 1105 -4986.0978 -4994.8495  0.18%     -   42s
     0     0 -4994.8495    0  749 -4986.0978 -4994.8495  0.18%     -   43s
     0     0 -4994.8495    0  951 -4986.0978 -4994.8495  0.18%     -   44s
     0     0 -4994.8495    0  962 -4986.0978 -4994.8495  0.18%     -   45s
     0     0 -4994.8495    0  962 -4986.0978 -4994.8495  0.18%     -   45s
     0     0 -4994.8495    0  863 -4986.0978 -4994.8495  0.18%     -   45s
     0     0 -4994.8441    0  905 -4986.0978 -4994.8441  0.18%     -   46s
     0     0 -4994.8441    0  822 -4986.0978 -4994.8441  0.18%     -   47s
     0     0 -4994.8424    0  956 -4986.0978 -4994.8424  0.18%     -   47s
     0     0 -4994.8412    0  934 -4986.0978 -4994.8412  0.18%     -   48s
     0     0 -4994.8412    0  938 -4986.0978 -4994.8412  0.18%     -   49s
     0     0 -4994.8412    0  939 -4986.0978 -4994.8412  0.18%     -   49s
     0     0 -4994.8412    0  939 -4986.0978 -4994.8412  0.18%     -   50s
     0     0 -4994.8412    0  832 -4986.0978 -4994.8412  0.18%     -   51s
     0     0 -4994.8391    0  866 -4986.0978 -4994.8391  0.18%     -   52s
     0     0 -4994.7949    0  939 -4986.0978 -4994.7949  0.17%     -   52s
     0     0 -4994.7949    0  939 -4986.0978 -4994.7949  0.17%     -   52s
     0     0 -4994.7949    0  897 -4986.0978 -4994.7949  0.17%     -   53s
     0     0 -4994.7949    0 1010 -4986.0978 -4994.7949  0.17%     -   54s
     0     0 -4994.7719    0  985 -4986.0978 -4994.7719  0.17%     -   54s
     0     0 -4994.7719    0  863 -4986.0978 -4994.7719  0.17%     -   55s
     0     0 -4994.7654    0  862 -4986.0978 -4994.7654  0.17%     -   55s
     0     0 -4994.7654    0  862 -4986.0978 -4994.7654  0.17%     -   56s
     0     0 -4994.7654    0  862 -4986.0978 -4994.7654  0.17%     -   56s
     0     2 -4994.7654    0  862 -4986.0978 -4994.7654  0.17%     -   59s
     1     4 -4994.6980    1  847 -4986.0978 -4994.7654  0.17%  1032   60s
    15     8 -4993.1945    4  899 -4986.0978 -4993.7145  0.15%  2356   65s
    55    58 -4992.5230    9  939 -4986.0978 -4993.6539  0.15%  1703   72s
   107    76 -4990.8055   12  714 -4986.0978 -4993.5596  0.15%  1529   77s
   129    85 -4990.9914   13  560 -4986.0978 -4993.5596  0.15%  1487   80s
   170   118 -4989.6900   17  581 -4986.0978 -4993.5596  0.15%  1328   87s
   194   139 -4989.3530   18  552 -4986.0978 -4993.5596  0.15%  1275   92s
   228   155 -4989.6878   18  470 -4986.0978 -4993.5596  0.15%  1204   96s
   260   174 -4987.7310   21  473 -4986.0978 -4993.5347  0.15%  1178  100s
   329   214 -4987.6267   23  404 -4986.0978 -4993.2498  0.14%  1099  108s
   373   227 -4986.8552   29  184 -4986.0978 -4993.2498  0.14%  1023  112s
   414   255 -4986.4497   32  182 -4986.0978 -4993.2498  0.14%   985  116s
   464   265     cutoff   35      -4986.0978 -4993.2354  0.14%   929  120s
   551   297 -4986.8735   14  691 -4986.0978 -4993.2354  0.14%   902  128s
   612   313 -4987.3432   15  469 -4986.0978 -4993.2354  0.14%   864  132s
   721   345 -4986.3140   16  639 -4986.0978 -4993.2354  0.14%   826  139s
*  739   345              79    -4986.101501 -4993.2354  0.14%   820  139s
   774   361     cutoff   17      -4986.1015 -4993.1758  0.14%   822  141s
   910   391     cutoff   20      -4986.1015 -4992.4547  0.13%   804  147s
   990   395 -4986.9980   17  674 -4986.1015 -4992.4488  0.13%   784  150s
  1143   427 -4987.7050   13  576 -4986.1015 -4992.4451  0.13%   766  155s
  1302   446     cutoff   15      -4986.1015 -4990.7773  0.09%   748  161s
  1380   444 -4986.6954   14  499 -4986.1015 -4990.7773  0.09%   745  165s
  1565   446 -4987.0391   17  407 -4986.1015 -4989.6878  0.07%   734  174s
  1596   441     cutoff   18      -4986.1015 -4989.6002  0.07%   731  178s
  1706   413     cutoff   14      -4986.1015 -4989.3213  0.06%   718  182s
  1823   412 -4986.4348   11  489 -4986.1015 -4989.0285  0.06%   709  189s
  1846   396     cutoff   12      -4986.1015 -4988.9868  0.06%   710  194s
  1965   369 -4987.4659   14  550 -4986.1015 -4988.7934  0.05%   707  200s
  2110   359 -4986.1186   28  313 -4986.1015 -4988.2950  0.04%   700  208s
  2258   333 infeasible   28      -4986.1015 -4988.2158  0.04%   685  217s
  2408   271 -4986.1644   38   78 -4986.1015 -4988.2158  0.04%   676  227s
  2620   211 -4986.5894   31  137 -4986.1015 -4988.2122  0.04%   653  236s
  2839    56     cutoff   27      -4986.1015 -4987.5015  0.03%   635  245s

Cutting planes:
  Gomory: 4
  Cover: 242
  Implied bound: 557
  Clique: 1
  MIR: 442
  Flow cover: 1557
  Flow path: 7
  Network: 2
  RLT: 4
  Relax-and-lift: 95

Explored 3267 nodes (2011433 simplex iterations) in 247.24 seconds (286.92 work units)
Thread count was 24 (of 24 available processors)

Solution count 3: -4986.1 -4986.1 -4986.1 
No other solutions better than -4986.1

Optimal solution found (tolerance 1.00e-04)
Best objective -4.986101500557e+03, best bound -4.986101500557e+03, gap 0.0000%
