
Gurobi 13.0.1 (win64) logging started Wed Oct  7 02:30:47 2026

Set parameter LogFile to value "ieee_owen\weak_eps_experiment\stochastic\main17\logs\n15_S20_day3_ef_gurobi.log"
Set parameter NodefileStart to value 3
Set parameter MIPGap to value 0.001
Gurobi Optimizer version 13.0.1 build v13.0.1rc0 (win64 - Windows 10.0 (19045.2))

CPU model: AMD Ryzen 9 5900X 12-Core Processor, instruction set [SSE2|AVX|AVX2]
Thread count: 12 physical cores, 24 logical processors, using up to 24 threads

Non-default parameters:
TimeLimit  10800
MIPGap  0.001
NodefileStart  3
LogToConsole  0

Optimize a model with 92706 rows, 89726 columns and 388715 nonzeros (Min)
Model fingerprint: 0xb12c9cb7
Model has 22 linear objective coefficients
Variable types: 75446 continuous, 14280 integer (14280 binary)
Coefficient statistics:
  Matrix range     [3e-04, 2e+02]
  Objective range  [5e-02, 1e+00]
  Bounds range     [9e-03, 5e+01]
  RHS range        [8e-02, 1e+01]

Presolve removed 40300 rows and 29815 columns
Presolve time: 0.76s
Presolved: 52406 rows, 59911 columns, 205359 nonzeros
Variable types: 47238 continuous, 12673 integer (12672 binary)
Found heuristic solution: objective -3892.979921
Deterministic concurrent LP optimizer: primal and dual simplex
Showing primal log only...


Root simplex log...

Iteration    Objective       Primal Inf.    Dual Inf.      Time
   21508   -2.5194613e+03   0.000000e+00   8.970437e+04      5s
   36535   -2.6746152e+03   0.000000e+00   1.355598e+05     10s
   49593   -2.7644309e+03   0.000000e+00   1.734335e+05     15s
   61204   -2.8350114e+03   0.000000e+00   5.089218e+04     20s
   72195   -2.8907543e+03   0.000000e+00   2.430527e+05     25s
Concurrent spin time: 0.00s

Solved with dual simplex

Root simplex log...

Iteration    Objective       Primal Inf.    Dual Inf.      Time
  110525   -4.5044756e+03   0.000000e+00   0.000000e+00     28s

Root relaxation: objective -4.504476e+03, 110525 iterations, 27.12 seconds (35.53 work units)

    Nodes    |    Current Node    |     Objective Bounds      |     Work
 Expl Unexpl |  Obj  Depth IntInf | Incumbent    BestBd   Gap | It/Node Time

     0     0 -4504.4756    0  895 -3892.9799 -4504.4756  15.7%     -   29s
H    0     0                    -4467.866672 -4504.4756  0.82%     -   31s
H    0     0                    -4472.982859 -4504.4756  0.70%     -   33s
     0     0 -4504.4169    0 1195 -4472.9829 -4504.4169  0.70%     -   35s
     0     0 -4504.4169    0 1198 -4472.9829 -4504.4169  0.70%     -   37s
     0     0 -4504.4006    0 1386 -4472.9829 -4504.4006  0.70%     -   38s
     0     0 -4504.3840    0 1419 -4472.9829 -4504.3840  0.70%     -   40s
     0     0 -4504.3741    0 1346 -4472.9829 -4504.3741  0.70%     -   40s
     0     0 -4504.3741    0 1256 -4472.9829 -4504.3741  0.70%     -   41s
     0     0 -4504.2265    0 1330 -4472.9829 -4504.2265  0.70%     -   42s
     0     0 -4504.1826    0 1073 -4472.9829 -4504.1826  0.70%     -   44s
H    0     0                    -4473.521321 -4504.1577  0.68%     -   44s
     0     0 -4504.0282    0 1083 -4473.5213 -4504.0282  0.68%     -   44s
     0     0 -4504.0282    0 1088 -4473.5213 -4504.0282  0.68%     -   44s
     0     0 -4504.0282    0 1088 -4473.5213 -4504.0282  0.68%     -   44s
     0     0 -4504.0100    0 1053 -4473.5213 -4504.0100  0.68%     -   45s
     0     0 -4503.9743    0 1071 -4473.5213 -4503.9743  0.68%     -   46s
     0     0 -4503.9743    0 1072 -4473.5213 -4503.9743  0.68%     -   46s
     0     0 -4503.9743    0 1069 -4473.5213 -4503.9743  0.68%     -   46s
     0     0 -4502.6217    0 1068 -4473.5213 -4502.6217  0.65%     -   48s
     0     0 -4502.6217    0 1091 -4473.5213 -4502.6217  0.65%     -   49s
     0     0 -4502.6217    0 1091 -4473.5213 -4502.6217  0.65%     -   49s
     0     0 -4502.5395    0 1093 -4473.5213 -4502.5395  0.65%     -   49s
     0     0 -4502.5395    0  749 -4473.5213 -4502.5395  0.65%     -   50s
     0     0 -4502.5395    0  991 -4473.5213 -4502.5395  0.65%     -   53s
H    0     0                    -4473.526559 -4502.5395  0.65%     -   54s
     0     0 -4502.5395    0 1028 -4473.5266 -4502.5395  0.65%     -   54s
     0     0 -4502.5395    0 1028 -4473.5266 -4502.5395  0.65%     -   54s
     0     0 -4502.5395    0  723 -4473.5266 -4502.5395  0.65%     -   55s
     0     0 -4502.5361    0  756 -4473.5266 -4502.5361  0.65%     -   55s
     0     0 -4502.5361    0  747 -4473.5266 -4502.5361  0.65%     -   56s
     0     0 -4502.4566    0  877 -4473.5266 -4502.4566  0.65%     -   57s
     0     0 -4502.4566    0  879 -4473.5266 -4502.4566  0.65%     -   58s
     0     0 -4502.4566    0  879 -4473.5266 -4502.4566  0.65%     -   58s
     0     0 -4502.4566    0  879 -4473.5266 -4502.4566  0.65%     -   58s
     0     0 -4502.4566    0  781 -4473.5266 -4502.4566  0.65%     -   58s
     0     2 -4502.4566    0  744 -4473.5266 -4502.4566  0.65%     -   64s
     1     4 -4502.1901    1  931 -4473.5266 -4502.4566  0.65%  5443   65s
     7    16 -4499.8755    3 1006 -4473.5266 -4502.4566  0.65%  2773   74s
    15    28 -4494.8438    4  807 -4473.5266 -4502.0874  0.64%  5271   78s
    27    44 -4474.0041    5  894 -4473.5266 -4502.0656  0.64%  4779   89s
    43    60     cutoff    6      -4473.5266 -4502.0656  0.64%  6208  100s
    61    88     cutoff    6      -4473.5266 -4502.0347  0.64%  5445  105s
   133   125 -4501.4765    7  786 -4473.5266 -4502.0347  0.64%  3486  110s
   186   147 -4500.2352   10  527 -4473.5266 -4502.0347  0.64%  2994  117s
H  187   147                    -4473.983404 -4502.0347  0.63%  2978  117s
H  188   147                    -4474.100328 -4502.0347  0.62%  2966  117s
H  189   147                    -4474.250683 -4502.0347  0.62%  2958  117s
H  195   147                    -4474.265217 -4502.0347  0.62%  2951  117s
H  199   147                    -4474.389536 -4502.0347  0.62%  2950  117s
   200   175 -4498.6251   11  676 -4474.3895 -4502.0347  0.62%  2961  120s
   260   237 -4498.5325   12  546 -4474.3895 -4502.0347  0.62%  2485  125s
   327   284 -4495.4036   12  545 -4474.3895 -4501.9298  0.62%  2294  130s
   371   334 -4496.0202   14  379 -4474.3895 -4501.9298  0.62%  2270  135s
H  373   334                    -4485.081914 -4501.9298  0.38%  2257  135s
H  374   334                    -4485.163273 -4501.9298  0.37%  2251  135s
H  385   334                    -4485.797511 -4501.9298  0.36%  2191  135s
   436   376 -4493.3516   18  266 -4485.7975 -4501.9298  0.36%  2123  142s
   463   394 -4490.7095   16  207 -4485.7975 -4501.7884  0.36%  2143  145s
   514   442 -4492.3303   19  267 -4485.7975 -4501.7846  0.36%  2103  152s
   545   481 -4489.5505   20  221 -4485.7975 -4501.7846  0.36%  2058  155s
H  572   481                    -4486.101474 -4501.7846  0.35%  1987  155s
   637   558 -4488.4524   21  175 -4486.1015 -4501.6302  0.35%  1923  162s
H  683   581                    -4486.138669 -4501.6302  0.35%  1876  165s
   760   647 -4489.3438   26  315 -4486.1387 -4501.6302  0.35%  1803  172s
   818   666     cutoff   28      -4486.1387 -4501.5835  0.34%  1760  176s
   886   670     cutoff   31      -4486.1387 -4501.5177  0.34%  1715  181s
   949   704 -4493.8311   18  488 -4486.1387 -4501.5177  0.34%  1692  185s
  1015   719 -4490.1899   21  392 -4486.1387 -4501.5177  0.34%  1650  190s
  1101   730 -4487.5544   26  380 -4486.1387 -4501.2539  0.34%  1590  197s
H 1108   683                    -4486.821870 -4501.2539  0.32%  1593  197s
  1118   708 -4487.3358   27  381 -4486.8219 -4501.2539  0.32%  1588  204s
  1204   767 -4492.6116   10  792 -4486.8219 -4501.0859  0.32%  1559  208s
  1264   827 -4491.1673   12  694 -4486.8219 -4501.0859  0.32%  1555  213s
  1354   839 -4490.6900   12  679 -4486.8219 -4501.0859  0.32%  1517  219s
H 1355   774                    -4487.462906 -4501.0859  0.30%  1516  219s
  1366   803 -4490.2365   13  709 -4487.4629 -4501.0859  0.30%  1527  225s
* 1427   760              86    -4488.115441 -4501.0859  0.29%  1526  225s
  1436   785     cutoff   16      -4488.1154 -4500.8091  0.28%  1523  230s
  1497   823 -4494.3085    8  619 -4488.1154 -4500.8091  0.28%  1528  236s
  1600   865 -4491.7446   10  568 -4488.1154 -4500.8091  0.28%  1492  243s
  1706   899 -4493.6925    8  784 -4488.1154 -4500.8091  0.28%  1464  249s
  1797   922 -4489.6464   11  545 -4488.1154 -4500.2792  0.27%  1450  255s
* 1810   915             104    -4488.142730 -4500.2792  0.27%  1444  255s
  1879   952 -4488.4080   12  466 -4488.1427 -4500.2792  0.27%  1451  262s
  1953  1024 -4488.3633   14  412 -4488.1427 -4500.0418  0.27%  1461  268s
  2078  1175 -4493.7740    8  807 -4488.1427 -4499.4028  0.25%  1434  274s
  2277  1333 -4489.1026   13  573 -4488.1427 -4499.0059  0.24%  1353  280s
* 2477  1152              84    -4488.571225 -4498.9880  0.23%  1273  280s
H 2487  1106                    -4488.573336 -4498.9880  0.23%  1271  308s
  2488  1102 -4492.7973   11  781 -4488.5733 -4498.9880  0.23%  1270  337s
  2490  1103 -4491.4890   10 1157 -4488.5733 -4498.9880  0.23%  1269  370s
  2495  1107 -4489.2837   90 1720 -4488.5733 -4498.9880  0.23%  1267  376s
  2499  1109 -4489.7246   14 1051 -4488.5733 -4498.9880  0.23%  1265  403s
  2500  1110 -4489.5123   40 1051 -4488.5733 -4498.9880  0.23%  1264  407s
  2501  1113 -4498.9880   16 1155 -4488.5733 -4498.9880  0.23%  1308  415s
  2505  1116 -4496.3149   18 1055 -4488.5733 -4498.9880  0.23%  1314  420s
  2509  1123 -4495.6299   19 1005 -4488.5733 -4498.9880  0.23%  1319  425s
  2529  1149 -4494.2477   21  852 -4488.5733 -4498.9880  0.23%  1341  432s
  2557  1158 -4490.7869   22  908 -4488.5733 -4498.9880  0.23%  1353  436s
  2596  1169     cutoff   24      -4488.5733 -4498.9880  0.23%  1371  443s
  2633  1167 -4491.4386   23  882 -4488.5733 -4498.9880  0.23%  1374  446s
  2687  1173 -4488.6219   25  702 -4488.5733 -4498.9880  0.23%  1381  453s
  2704  1173     cutoff   26      -4488.5733 -4498.9880  0.23%  1384  457s
  2720  1162 -4489.1264   26  708 -4488.5733 -4498.9880  0.23%  1385  460s
  2792  1164 -4494.3502   22  849 -4488.5733 -4498.1561  0.21%  1384  465s
  2889  1200 -4490.8998   26  718 -4488.5733 -4497.5270  0.20%  1381  472s
  2932  1206 -4489.5124   27  491 -4488.5733 -4497.5270  0.20%  1375  475s
  3037  1228 -4489.2739   23  535 -4488.5733 -4497.5270  0.20%  1358  481s
  3098  1238     cutoff   29      -4488.5733 -4497.5237  0.20%  1343  485s
  3202  1286 -4490.6711   26  899 -4488.5733 -4496.4225  0.17%  1335  492s
H 3255  1212                    -4488.928824 -4496.4225  0.17%  1319  492s
  3269  1248     cutoff   27      -4488.9288 -4496.4225  0.17%  1318  496s
  3340  1270     cutoff   28      -4488.9288 -4496.4225  0.17%  1304  500s
  3429  1290     cutoff   27      -4488.9288 -4496.4225  0.17%  1298  508s
  3509  1335 -4489.4011  122  135 -4488.9288 -4496.4225  0.17%  1280  512s
  3604  1301 -4489.4011  139  105 -4488.9288 -4496.4225  0.17%  1260  521s
H 3616  1244                    -4489.430467 -4496.4225  0.16%  1261  521s
  3628  1238     cutoff  140      -4489.4305 -4496.4225  0.16%  1264  525s

Cutting planes:
  Gomory: 17
  Implied bound: 12
  MIR: 53
  Flow cover: 313
  Flow path: 1
  RLT: 1
  Relax-and-lift: 159

Explored 3712 nodes (4781844 simplex iterations) in 525.65 seconds (760.27 work units)
Thread count was 24 (of 24 available processors)

Solution count 10: -4489.43 -4488.93 -4488.57 ... -4487.46

Optimal solution found (tolerance 1.00e-03)
Best objective -4.489430466980e+03, best bound -4.493581815221e+03, gap 0.0925%
Set parameter MIPGap to value 0.001
Gurobi Optimizer version 13.0.1 build v13.0.1rc0 (win64 - Windows 10.0 (19045.2))

CPU model: AMD Ryzen 9 5900X 12-Core Processor, instruction set [SSE2|AVX|AVX2]
Thread count: 12 physical cores, 24 logical processors, using up to 24 threads

Non-default parameters:
TimeLimit  10800
MIPGap  0.001
NodefileStart  3
LogToConsole  0

Optimize a model with 92726 rows, 89726 columns and 388795 nonzeros (Min)
Model fingerprint: 0x559c0223
Model has 22 linear objective coefficients
Variable types: 75446 continuous, 14280 integer (14280 binary)
Coefficient statistics:
  Matrix range     [6e-05, 2e+02]
  Objective range  [5e-02, 1e+00]
  Bounds range     [9e-03, 5e+01]
  RHS range        [8e-02, 1e+01]

Warning: Completing partial solution with 14208 unfixed non-continuous variables out of 14280
User MIP start produced solution with objective -4487.74 (0.40s)
User MIP start produced solution with objective -4487.74 (0.41s)
Loaded user MIP start with objective -4487.74
MIP start from previous solve produced solution with objective -4487.75 (2.21s)
MIP start from previous solve produced solution with objective -4487.75 (2.22s)
Loaded MIP start from previous solve with objective -4487.75
Processed MIP start in 2.22 seconds (3.04 work units)

Presolve removed 40300 rows and 29815 columns
Presolve time: 0.76s
Presolved: 52426 rows, 59911 columns, 205419 nonzeros
Variable types: 47238 continuous, 12673 integer (12672 binary)
Deterministic concurrent LP optimizer: primal and dual simplex
Showing primal log only...


Root simplex log...

Iteration    Objective       Primal Inf.    Dual Inf.      Time
   14627   -2.4327511e+03   0.000000e+00   7.374298e+05      5s
   33612   -2.6466836e+03   0.000000e+00   1.840263e+05     10s
   48706   -2.7708482e+03   0.000000e+00   2.440705e+05     15s
   60365   -2.8414191e+03   0.000000e+00   5.895806e+04     20s
   71382   -2.9058666e+03   0.000000e+00   8.410462e+04     25s
Concurrent spin time: 0.00s

Solved with dual simplex

Root simplex log...

Iteration    Objective       Primal Inf.    Dual Inf.      Time
  114157   -4.5029446e+03   0.000000e+00   0.000000e+00     30s

Root relaxation: objective -4.502945e+03, 114157 iterations, 26.41 seconds (33.08 work units)

    Nodes    |    Current Node    |     Objective Bounds      |     Work
 Expl Unexpl |  Obj  Depth IntInf | Incumbent    BestBd   Gap | It/Node Time

     0     0 -4502.9446    0  803 -4487.7508 -4502.9446  0.34%     -   30s
     0     0 -4502.8403    0 1216 -4487.7508 -4502.8403  0.34%     -   33s
     0     0 -4502.8403    0 1219 -4487.7508 -4502.8403  0.34%     -   35s
     0     0 -4502.7642    0 1327 -4487.7508 -4502.7642  0.33%     -   36s
     0     0 -4502.5073    0 1280 -4487.7508 -4502.5073  0.33%     -   40s
     0     0 -4502.5073    0 1231 -4487.7508 -4502.5073  0.33%     -   40s
     0     0 -4502.5073    0 1318 -4487.7508 -4502.5073  0.33%     -   40s
     0     0 -4502.5073    0 1318 -4487.7508 -4502.5073  0.33%     -   41s
     0     0 -4502.4859    0 1321 -4487.7508 -4502.4859  0.33%     -   42s
     0     0 -4502.4648    0 1296 -4487.7508 -4502.4648  0.33%     -   43s
     0     0 -4502.4498    0 1318 -4487.7508 -4502.4498  0.33%     -   44s
     0     0 -4502.4445    0 1317 -4487.7508 -4502.4445  0.33%     -   45s
     0     0 -4502.4445    0 1319 -4487.7508 -4502.4445  0.33%     -   45s
     0     0 -4502.4182    0 1237 -4487.7508 -4502.4182  0.33%     -   46s
     0     0 -4502.3447    0 1027 -4487.7508 -4502.3447  0.33%     -   48s
     0     0 -4501.1107    0 1099 -4487.7508 -4501.1107  0.30%     -   48s
     0     0 -4501.1107    0 1098 -4487.7508 -4501.1107  0.30%     -   48s
     0     0 -4501.0294    0 1210 -4487.7508 -4501.0294  0.30%     -   49s
     0     0 -4501.0086    0 1200 -4487.7508 -4501.0086  0.30%     -   50s
     0     0 -4500.9905    0 1148 -4487.7508 -4500.9905  0.30%     -   51s
H    0     0                    -4487.817382 -4500.9500  0.29%     -   55s
     0     0 -4500.9500    0 1149 -4487.8174 -4500.9500  0.29%     -   55s
     0     0 -4500.9216    0 1148 -4487.8174 -4500.9216  0.29%     -   56s
     0     0 -4500.9216    0 1150 -4487.8174 -4500.9216  0.29%     -   56s
     0     0 -4500.9067    0 1149 -4487.8174 -4500.9067  0.29%     -   57s
     0     0 -4500.9067    0  961 -4487.8174 -4500.9067  0.29%     -   58s
     0     0 -4500.8220    0 1103 -4487.8174 -4500.8220  0.29%     -   64s
     0     0 -4500.8220    0 1108 -4487.8174 -4500.8220  0.29%     -   65s
     0     0 -4500.8220    0 1108 -4487.8174 -4500.8220  0.29%     -   65s
     0     0 -4500.8220    0  797 -4487.8174 -4500.8220  0.29%     -   66s
     0     0 -4500.8195    0 1015 -4487.8174 -4500.8195  0.29%     -   66s
     0     0 -4500.8195    0 1055 -4487.8174 -4500.8195  0.29%     -   67s
     0     0 -4500.8195    0 1054 -4487.8174 -4500.8195  0.29%     -   67s
     0     0 -4500.8195    0 1054 -4487.8174 -4500.8195  0.29%     -   67s
     0     0 -4500.8195    0  873 -4487.8174 -4500.8195  0.29%     -   68s
     0     2 -4500.8195    0  831 -4487.8174 -4500.8195  0.29%     -   69s
     1     4 -4500.5002    1 1030 -4487.8174 -4500.8195  0.29%  2921   70s
    13    24 -4500.4676    4 1028 -4487.8174 -4500.8195  0.29%  3405   78s
    25    42 -4499.7781    5  891 -4487.8174 -4500.4676  0.28%  3750   83s
    45    59 -4498.1895    6  936 -4487.8174 -4500.4676  0.28%  2956   86s
    62    75 -4497.9571    7  826 -4487.8174 -4500.4676  0.28%  2815   90s
    78    90 -4493.3729    7  880 -4487.8174 -4500.4676  0.28%  2997   95s
   101   100 -4496.9580    8  944 -4487.8174 -4500.4676  0.28%  3143  100s
   121   113 -4493.2888    8  807 -4487.8174 -4500.4676  0.28%  3345  105s
   160   127 -4492.5513    9 1041 -4487.8174 -4500.0895  0.27%  3397  114s
   182   145 -4493.9181   10  796 -4487.8174 -4500.0895  0.27%  3465  118s
   204   153 -4492.8569   10  862 -4487.8174 -4500.0895  0.27%  3366  123s
   220   161 -4492.9977   11  709 -4487.8174 -4500.0895  0.27%  3329  128s
   248   186 -4492.0250   11  761 -4487.8174 -4500.0895  0.27%  3156  132s
   283   194 -4491.3962   12  815 -4487.8174 -4499.2995  0.26%  2971  136s
   299   199     cutoff   12      -4487.8174 -4499.2995  0.26%  2920  141s
   336   219 -4489.7709   13  806 -4487.8174 -4497.0878  0.21%  2735  145s
   385   243 -4488.9377   14  781 -4487.8174 -4497.0878  0.21%  2546  151s
   429   254 -4488.8299   16  583 -4487.8174 -4496.3732  0.19%  2467  159s
   442   250     cutoff   17      -4487.8174 -4496.3732  0.19%  2456  169s
   476   254 -4488.6541    7  748 -4487.8174 -4496.3732  0.19%  2376  181s
   494   249     cutoff    8      -4487.8174 -4496.3012  0.19%  2374  193s
   523   264 -4488.9294    7  649 -4487.8174 -4495.9172  0.18%  2328  205s
   549   278     cutoff    8      -4487.8174 -4495.2097  0.16%  2269  217s
H  559   278                    -4487.837477 -4495.2097  0.16%  2266  217s
   578   282 -4489.8946    7  824 -4487.8375 -4495.2097  0.16%  2224  222s
   641   297     cutoff    9      -4487.8375 -4495.2097  0.16%  2158  227s
   708   335     cutoff    8      -4487.8375 -4494.6680  0.15%  2073  231s
   795   354     cutoff   11      -4487.8375 -4494.6313  0.15%  1945  237s
   898   386     cutoff    7      -4487.8375 -4494.6313  0.15%  1836  241s
   977   392     cutoff   10      -4487.8375 -4494.6313  0.15%  1756  247s
*  993   392              71    -4487.849483 -4494.6313  0.15%  1738  247s
  1061   394 -4488.1596   11  535 -4487.8495 -4493.2568  0.12%  1711  252s
  1117   394 -4490.0577    9  884 -4487.8495 -4493.1435  0.12%  1710  261s
  1141   396 -4488.6479   10  693 -4487.8495 -4493.1435  0.12%  1704  271s
  1161   400 -4488.5001   11  480 -4487.8495 -4492.7031  0.11%  1707  280s
  1181   388     cutoff   12      -4487.8495 -4492.5511  0.10%  1709  291s
  1217   389 -4490.1256    9  873 -4487.8495 -4492.5341  0.10%  1710  301s
  1239   391 -4489.4817   10  734 -4487.8495 -4492.5341  0.10%  1709  311s
  1261   393 -4488.0402   11  654 -4487.8495 -4492.5341  0.10%  1712  324s
  1283   391     cutoff   12      -4487.8495 -4492.5341  0.10%  1716  333s
  1309   391     cutoff   12      -4487.8495 -4492.5341  0.10%  1705  343s
  1333   388 -4489.8103   12  848 -4487.8495 -4492.5341  0.10%  1694  352s
  1360   392 -4487.9984   13  669 -4487.8495 -4492.5341  0.10%  1685  365s
  1380   394     cutoff   14      -4487.8495 -4492.4020  0.10%  1690  374s
  1411   406     cutoff   14      -4487.8495 -4492.4020  0.10%  1682  385s
H 1416   406                    -4487.852004 -4492.4020  0.10%  1686  385s

Cutting planes:
  Gomory: 6
  Cover: 135
  Implied bound: 144
  MIR: 369
  Flow cover: 926
  Flow path: 5
  Network: 9
  RLT: 1
  Relax-and-lift: 58
  BQP: 1

Explored 1479 nodes (2590954 simplex iterations) in 385.80 seconds (556.50 work units)
Thread count was 24 (of 24 available processors)

Solution count 6: -4487.85 -4487.85 -4487.84 ... -4487.74

Optimal solution found (tolerance 1.00e-03)
Best objective -4.487852004246e+03, best bound -4.492140189531e+03, gap 0.0956%
Set parameter MIPGap to value 0.0001
Gurobi Optimizer version 13.0.1 build v13.0.1rc0 (win64 - Windows 10.0 (19045.2))

CPU model: AMD Ryzen 9 5900X 12-Core Processor, instruction set [SSE2|AVX|AVX2]
Thread count: 12 physical cores, 24 logical processors, using up to 24 threads

Non-default parameters:
TimeLimit  10800
NodefileStart  3
LogToConsole  0

Optimize a model with 92746 rows, 89726 columns and 388875 nonzeros (Min)
Model fingerprint: 0xc2186490
Model has 22 linear objective coefficients
Variable types: 75446 continuous, 14280 integer (14280 binary)
Coefficient statistics:
  Matrix range     [5e-05, 2e+02]
  Objective range  [5e-02, 1e+00]
  Bounds range     [9e-03, 5e+01]
  RHS range        [8e-02, 1e+01]

Warning: Completing partial solution with 14208 unfixed non-continuous variables out of 14280
User MIP start produced solution with objective -4487.85 (0.39s)
User MIP start produced solution with objective -4487.85 (0.41s)
Loaded user MIP start with objective -4487.85
MIP start from previous solve produced solution with objective -4487.85 (1.80s)
MIP start from previous solve produced solution with objective -4487.85 (1.81s)
Loaded MIP start from previous solve with objective -4487.85
Processed MIP start in 1.81 seconds (2.36 work units)

Presolve removed 40300 rows and 29815 columns
Presolve time: 0.78s
Presolved: 52446 rows, 59911 columns, 205479 nonzeros
Variable types: 47238 continuous, 12673 integer (12672 binary)
Deterministic concurrent LP optimizer: primal and dual simplex
Showing primal log only...


Root simplex log...

Iteration    Objective       Primal Inf.    Dual Inf.      Time
   16033   -2.3928721e+03   0.000000e+00   2.140958e+05      5s
   32656   -2.6338813e+03   0.000000e+00   5.644906e+04     10s
   45951   -2.7469522e+03   0.000000e+00   7.441206e+04     15s
   57091   -2.8266537e+03   0.000000e+00   2.103433e+04     20s
   68031   -2.8827867e+03   0.000000e+00   6.006554e+04     25s
Concurrent spin time: 0.00s

Solved with dual simplex

Root simplex log...

Iteration    Objective       Primal Inf.    Dual Inf.      Time
  101918   -4.5029410e+03   0.000000e+00   0.000000e+00     27s

Root relaxation: objective -4.502941e+03, 101918 iterations, 24.06 seconds (29.53 work units)

    Nodes    |    Current Node    |     Objective Bounds      |     Work
 Expl Unexpl |  Obj  Depth IntInf | Incumbent    BestBd   Gap | It/Node Time

     0     0 -4502.9410    0  908 -4487.8515 -4502.9410  0.34%     -   27s
     0     0 -4502.8527    0 1241 -4487.8515 -4502.8527  0.33%     -   30s
     0     0 -4502.8527    0 1239 -4487.8515 -4502.8527  0.33%     -   31s
     0     0 -4502.7299    0 1174 -4487.8515 -4502.7299  0.33%     -   33s
     0     0 -4502.7067    0 1144 -4487.8515 -4502.7067  0.33%     -   36s
     0     0 -4502.7067    0 1145 -4487.8515 -4502.7067  0.33%     -   36s
     0     0 -4502.6261    0 1175 -4487.8515 -4502.6261  0.33%     -   37s
     0     0 -4502.5495    0 1127 -4487.8515 -4502.5495  0.33%     -   38s
     0     0 -4502.5319    0 1013 -4487.8515 -4502.5319  0.33%     -   38s
     0     0 -4502.5130    0 1016 -4487.8515 -4502.5130  0.33%     -   39s
     0     0 -4502.5130    0 1018 -4487.8515 -4502.5130  0.33%     -   39s
     0     0 -4502.4904    0 1012 -4487.8515 -4502.4904  0.33%     -   40s
     0     0 -4502.4015    0 1042 -4487.8515 -4502.4015  0.32%     -   41s
     0     0 -4502.4015    0 1043 -4487.8515 -4502.4015  0.32%     -   41s
     0     0 -4502.3128    0 1014 -4487.8515 -4502.3128  0.32%     -   42s
     0     0 -4501.1068    0 1043 -4487.8515 -4501.1068  0.30%     -   44s
     0     0 -4501.0257    0 1047 -4487.8515 -4501.0257  0.29%     -   45s
     0     0 -4500.9859    0 1046 -4487.8515 -4500.9859  0.29%     -   46s
     0     0 -4500.9859    0 1048 -4487.8515 -4500.9859  0.29%     -   47s
     0     0 -4500.9859    0 1050 -4487.8515 -4500.9859  0.29%     -   48s
     0     0 -4500.9482    0 1049 -4487.8515 -4500.9482  0.29%     -   49s
     0     0 -4500.9482    0 1049 -4487.8515 -4500.9482  0.29%     -   49s
     0     0 -4500.9482    0 1049 -4487.8515 -4500.9482  0.29%     -   49s
     0     0 -4500.9482    0  877 -4487.8515 -4500.9482  0.29%     -   50s
     0     2 -4500.9482    0  876 -4487.8515 -4500.9482  0.29%     -   52s
     3     6     cutoff    2      -4487.8515 -4500.9482  0.29%  9524   60s
     7    10 -4497.2265    3  908 -4487.8515 -4500.9482  0.29%  6431   66s
    13    18 -4500.5582    4  782 -4487.8515 -4500.5763  0.28%  6670   78s
    21    30 -4495.5803    5  861 -4487.8515 -4500.5763  0.28%  6540   81s
    33    58 -4494.1361    6  725 -4487.8515 -4500.5763  0.28%  5674   87s
    65    69 -4492.7664    8  789 -4487.8515 -4500.5763  0.28%  4134   91s
    92    87 -4491.2140    9  756 -4487.8515 -4500.5763  0.28%  3692   95s
   120    96 -4490.1708   10  719 -4487.8515 -4499.8095  0.27%  3341  103s
   135   100 -4490.1152   10  756 -4487.8515 -4499.8095  0.27%  3198  114s
   153   111 -4489.9387   10  741 -4487.8515 -4499.8095  0.27%  3208  126s
   168   123 -4489.0102    9  532 -4487.8515 -4499.8095  0.27%  3171  137s
   182   131 -4489.0084    9  412 -4487.8515 -4499.8095  0.27%  3153  147s
   198   129 -4489.2466   11  590 -4487.8515 -4499.8095  0.27%  3036  160s
   226   136 -4488.1248   11  691 -4487.8515 -4498.8733  0.25%  2900  171s
   242   142 -4488.7422   11  730 -4487.8515 -4498.8733  0.25%  2883  182s
   263   149     cutoff   11      -4487.8515 -4497.1921  0.21%  2849  191s
   292   137     cutoff   13      -4487.8515 -4497.1921  0.21%  2756  202s
   340   146     cutoff   14      -4487.8515 -4497.1921  0.21%  2556  207s
   399   172 -4489.0515    9  507 -4487.8515 -4494.7664  0.15%  2419  212s
   457   187 -4487.9008   16  201 -4487.8515 -4494.6868  0.15%  2292  216s
   532   202     cutoff   22      -4487.8515 -4494.3981  0.15%  2109  220s
   606   210 -4489.3038   11  592 -4487.8515 -4494.3981  0.15%  1973  227s
   660   226 -4488.8569   13  626 -4487.8515 -4494.3981  0.15%  1897  233s
   717   269 -4488.5641   14  578 -4487.8515 -4492.7905  0.11%  1831  237s
   809   295     cutoff   21      -4487.8515 -4492.7766  0.11%  1709  241s
   901   332 -4488.0477   12  526 -4487.8515 -4492.2031  0.10%  1610  245s
  1127   382 -4489.4098   11  394 -4487.8515 -4491.6597  0.08%  1421  254s
* 1217   382              72    -4487.858160 -4491.6597  0.08%  1362  254s
  1254   402 -4489.7718    9  794 -4487.8582 -4491.6017  0.08%  1337  259s
  1339   398     cutoff   13      -4487.8582 -4491.2663  0.08%  1317  264s
  1470   389 -4489.5743   16  241 -4487.8582 -4490.3951  0.06%  1261  269s
  1602   474     cutoff   10      -4487.8582 -4490.1242  0.05%  1220  273s
  1826   540     cutoff   11      -4487.8582 -4490.1242  0.05%  1114  278s
* 1845   540             100    -4487.867896 -4490.1242  0.05%  1107  278s
* 2083   540             101    -4487.884697 -4490.1242  0.05%  1003  278s
  2143   649     cutoff   26      -4487.8847 -4490.1242  0.05%   976  282s
* 2203   649              75    -4487.887283 -4489.6583  0.04%   954  282s
  2438   564 -4488.2898   23  264 -4487.8873 -4489.6555  0.04%   882  287s
  2692   768     cutoff   27      -4487.8873 -4489.2948  0.03%   830  291s
* 2942   768              67    -4487.887644 -4489.2948  0.03%   775  291s
H 2992   768                    -4487.891367 -4489.2948  0.03%   763  291s
H 2995   768                    -4487.893679 -4489.2948  0.03%   763  291s
  3054   741     cutoff   61      -4487.8937 -4489.2948  0.03%   748  296s
* 3422   741              90    -4487.894424 -4488.9574  0.02%   683  296s
* 3479   741              94    -4487.899697 -4488.9574  0.02%   673  296s
  3502   875     cutoff   21      -4487.8997 -4488.7723  0.02%   670  301s

Cutting planes:
  Gomory: 15
  Cover: 231
  Implied bound: 485
  MIR: 455
  Flow cover: 1088
  Flow path: 3
  Zero half: 1
  Network: 2
  RLT: 8
  Relax-and-lift: 106
  BQP: 1

Explored 4182 nodes (2505656 simplex iterations) in 302.40 seconds (423.89 work units)
Thread count was 24 (of 24 available processors)

Solution count 10: -4487.9 -4487.89 -4487.89 ... -4487.85

Optimal solution found (tolerance 1.00e-04)
Best objective -4.487899696967e+03, best bound -4.488072701302e+03, gap 0.0039%
