
Gurobi 13.0.1 (win64) logging started Wed Oct  7 10:10:42 2026

Set parameter LogFile to value "ieee_owen\weak_eps_experiment\stochastic\main17\logs\n15_S20_day6_ef_gurobi.log"
Set parameter NodefileStart to value 3
Set parameter MIPGap to value 0.001
Gurobi Optimizer version 13.0.1 build v13.0.1rc0 (win64 - Windows 10.0 (19045.2))

CPU model: AMD Ryzen 9 5900X 12-Core Processor, instruction set [SSE2|AVX|AVX2]
Thread count: 12 physical cores, 24 logical processors, using up to 24 threads

Non-default parameters:
TimeLimit  10800
MIPGap  0.001
NodefileStart  3
LogToConsole  0

Optimize a model with 92706 rows, 89726 columns and 388715 nonzeros (Min)
Model fingerprint: 0xce91f6b9
Model has 22 linear objective coefficients
Variable types: 75446 continuous, 14280 integer (14280 binary)
Coefficient statistics:
  Matrix range     [3e-04, 2e+02]
  Objective range  [5e-02, 1e+00]
  Bounds range     [9e-03, 5e+01]
  RHS range        [8e-02, 1e+01]

Presolve removed 40297 rows and 29812 columns
Presolve time: 0.76s
Presolved: 52409 rows, 59914 columns, 205310 nonzeros
Variable types: 47241 continuous, 12673 integer (12672 binary)
Found heuristic solution: objective -4689.316412
Deterministic concurrent LP optimizer: primal and dual simplex
Showing primal log only...


Root simplex log...

Iteration    Objective       Primal Inf.    Dual Inf.      Time
   23271   -3.0369518e+03   0.000000e+00   8.833633e+04      5s
   37902   -3.2352594e+03   0.000000e+00   9.801470e+04     10s
   49243   -3.3244178e+03   0.000000e+00   1.574285e+05     15s
   59463   -3.3925269e+03   0.000000e+00   7.512253e+04     20s
Concurrent spin time: 0.00s

Solved with dual simplex

Root simplex log...

Iteration    Objective       Primal Inf.    Dual Inf.      Time
   95652   -5.3067763e+03   0.000000e+00   0.000000e+00     23s

Root relaxation: objective -5.306776e+03, 95652 iterations, 21.99 seconds (28.34 work units)

    Nodes    |    Current Node    |     Objective Bounds      |     Work
 Expl Unexpl |  Obj  Depth IntInf | Incumbent    BestBd   Gap | It/Node Time

     0     0 -5306.7763    0  791 -4689.3164 -5306.7763  13.2%     -   23s
H    0     0                    -5269.191592 -5306.7763  0.71%     -   25s
H    0     0                    -5271.917734 -5306.7763  0.66%     -   27s
     0     0 -5306.7110    0 1015 -5271.9177 -5306.7110  0.66%     -   28s
     0     0 -5306.6979    0 1002 -5271.9177 -5306.6979  0.66%     -   31s
H    0     0                    -5272.328104 -5306.6941  0.65%     -   32s
     0     0 -5306.6941    0 1118 -5272.3281 -5306.6941  0.65%     -   32s
     0     0 -5306.6796    0 1130 -5272.3281 -5306.6796  0.65%     -   34s
     0     0 -5306.6774    0 1128 -5272.3281 -5306.6774  0.65%     -   34s
     0     0 -5306.4916    0 1085 -5272.3281 -5306.4916  0.65%     -   35s
     0     0 -5306.4895    0 1082 -5272.3281 -5306.4895  0.65%     -   36s
     0     0 -5306.4627    0 1165 -5272.3281 -5306.4627  0.65%     -   36s
     0     0 -5306.4620    0 1165 -5272.3281 -5306.4620  0.65%     -   36s
     0     0 -5306.3290    0 1074 -5272.3281 -5306.3290  0.64%     -   37s
H    0     0                    -5272.328120 -5306.1275  0.64%     -   38s
     0     0 -5306.1275    0 1157 -5272.3281 -5306.1275  0.64%     -   38s
     0     0 -5306.1074    0 1114 -5272.3281 -5306.1074  0.64%     -   38s
     0     0 -5306.1037    0 1154 -5272.3281 -5306.1037  0.64%     -   39s
     0     0 -5306.1036    0 1152 -5272.3281 -5306.1036  0.64%     -   39s
     0     0 -5306.0396    0 1108 -5272.3281 -5306.0396  0.64%     -   39s
     0     0 -5306.0364    0 1114 -5272.3281 -5306.0364  0.64%     -   40s
     0     0 -5306.0364    0 1113 -5272.3281 -5306.0364  0.64%     -   40s
     0     0 -5306.0327    0 1073 -5272.3281 -5306.0327  0.64%     -   41s
     0     0 -5306.0325    0 1110 -5272.3281 -5306.0325  0.64%     -   41s
     0     0 -5306.0318    0 1115 -5272.3281 -5306.0318  0.64%     -   42s
     0     0 -5306.0318    0 1115 -5272.3281 -5306.0318  0.64%     -   43s
     0     0 -5306.0318    0 1116 -5272.3281 -5306.0318  0.64%     -   43s
     0     0 -5306.0307    0 1116 -5272.3281 -5306.0307  0.64%     -   45s
     0     0 -5306.0307    0 1116 -5272.3281 -5306.0307  0.64%     -   45s
     0     0 -5306.0307    0 1117 -5272.3281 -5306.0307  0.64%     -   46s
     0     0 -5306.0307    0 1117 -5272.3281 -5306.0307  0.64%     -   46s
     0     0 -5306.0307    0  981 -5272.3281 -5306.0307  0.64%     -   47s
     0     0 -5306.0307    0  985 -5272.3281 -5306.0307  0.64%     -   48s
     0     0 -5306.0307    0  995 -5272.3281 -5306.0307  0.64%     -   49s
     0     0 -5306.0298    0  993 -5272.3281 -5306.0298  0.64%     -   49s
     0     0 -5306.0298    0  926 -5272.3281 -5306.0298  0.64%     -   50s
     0     2 -5306.0298    0  923 -5272.3281 -5306.0298  0.64%     -   52s
    15    28 -5304.7302    4  841 -5272.3281 -5305.6553  0.63%  1274   57s
H   16    28                    -5272.351427 -5305.6553  0.63%  1195   57s
    27    40 -5304.7058    5  933 -5272.3514 -5305.3043  0.63%  1752   61s
    51    80 -5304.4378    7  757 -5272.3514 -5305.2945  0.62%  1975   65s
H   70    80                    -5272.961878 -5305.2945  0.61%  1706   65s
    94   115 -5303.7989   10  672 -5272.9619 -5305.2945  0.61%  1582   70s
   127   145 -5300.3577   11  778 -5272.9619 -5305.2945  0.61%  1813   75s
H  128   145                    -5276.376096 -5305.2945  0.55%  1799   75s
H  129   145                    -5291.755494 -5305.2945  0.26%  1786   75s
   168   178 -5300.3121   12  570 -5291.7555 -5305.2945  0.26%  1894   80s
   270   256 -5292.4043   19  499 -5291.7555 -5305.0974  0.25%  1543   86s
   308   288     cutoff    8      -5291.7555 -5305.0943  0.25%  1423   90s
   416   363 -5300.7959    9  850 -5291.7555 -5305.0943  0.25%  1264   95s
H  423   363                    -5293.214609 -5305.0943  0.22%  1243   95s
H  459   387                    -5293.225187 -5305.0943  0.22%  1200   98s
   493   406 -5296.0750   14  647 -5293.2252 -5305.0215  0.22%  1172  106s
H  496   406                    -5294.711339 -5305.0215  0.19%  1168  106s
   563   442 -5299.7864    8  577 -5294.7113 -5305.0215  0.19%  1111  111s
   634   480 -5294.9601   13  598 -5294.7113 -5304.8724  0.19%  1113  117s
H  678   497                    -5294.713229 -5304.8724  0.19%  1089  119s
H  690   497                    -5294.715584 -5304.8724  0.19%  1077  119s
   698   533 -5294.9319   11  511 -5294.7156 -5304.8724  0.19%  1074  122s
   768   537     cutoff   26      -5294.7156 -5304.7690  0.19%  1021  126s
   856   598 -5298.3779   12  515 -5294.7156 -5304.6794  0.19%   996  133s
   919   655 -5297.5342   17  435 -5294.7156 -5304.6794  0.19%   988  136s
  1102   715     cutoff   28      -5294.7156 -5304.6794  0.19%   892  141s
  1216   701 -5297.4008    9  629 -5294.7156 -5304.5648  0.19%   851  145s
* 1280   742              91    -5294.764386 -5304.0230  0.17%   840  148s
  1341   702 -5301.0007    8  786 -5294.7644 -5304.0230  0.17%   813  152s
* 1375   670             100    -5294.859040 -5304.0230  0.17%   815  152s
  1441   667 -5299.8804   10  593 -5294.8590 -5304.0230  0.17%   796  156s
  1487   671 -5295.5239   14  523 -5294.8590 -5304.0230  0.17%   817  160s
  1626   686     cutoff   13      -5294.8590 -5303.7720  0.17%   826  167s
  1705   698     cutoff   17      -5294.8590 -5303.7720  0.17%   829  173s
  1785   708 -5295.1156   24  366 -5294.8590 -5303.7720  0.17%   838  178s
  1866   723 -5297.9131   10  641 -5294.8590 -5303.7720  0.17%   848  182s
  1954   732 -5296.5876   14  430 -5294.8590 -5303.5646  0.16%   848  198s
  1969   743 -5296.4678   15  401 -5294.8590 -5303.1341  0.16%   855  212s
  1988   751 -5296.2589   16  478 -5294.8590 -5303.1341  0.16%   857  228s
  2014   758     cutoff   16      -5294.8590 -5303.1341  0.16%   857  243s
  2047   757 -5295.7392   18  377 -5294.8590 -5303.1341  0.16%   853  260s
  2072   760 -5295.7392   19  445 -5294.8590 -5303.1341  0.16%   854  273s
  2099   760     cutoff   18      -5294.8590 -5303.1341  0.16%   857  282s
  2123   774     cutoff   21      -5294.8590 -5303.1341  0.16%   854  289s
  2236   794 -5297.1124   10  653 -5294.8590 -5303.1341  0.16%   855  295s
  2361   808 -5295.7991   25  289 -5294.8590 -5302.1228  0.14%   851  302s
  2526   816     cutoff   11      -5294.8590 -5301.4619  0.12%   837  308s
  2549   833 -5300.6408    8  583 -5294.8590 -5301.4619  0.12%   838  315s
  2709   859 -5296.5602   12  368 -5294.8590 -5301.1171  0.12%   831  322s
  2892   885 -5295.3577   14  586 -5294.8590 -5301.1019  0.12%   819  329s
  3074   919 -5298.7781    9  661 -5294.8590 -5301.1019  0.12%   810  336s
  3260   940 -5295.7211   14  457 -5294.8590 -5300.7777  0.11%   797  344s
  3431   953 -5296.1507   12  668 -5294.8590 -5300.5283  0.11%   794  351s

Cutting planes:
  Gomory: 20
  Cover: 184
  Implied bound: 414
  MIR: 302
  Flow cover: 826
  Flow path: 10
  Network: 38
  RLT: 1
  Relax-and-lift: 34
  BQP: 3

Explored 3640 nodes (2963921 simplex iterations) in 352.29 seconds (473.50 work units)
Thread count was 24 (of 24 available processors)

Solution count 10: -5294.86 -5294.76 -5294.72 ... -5272.96

Optimal solution found (tolerance 1.00e-03)
Best objective -5.294859040209e+03, best bound -5.300053205348e+03, gap 0.0981%
Set parameter MIPGap to value 0.001
Gurobi Optimizer version 13.0.1 build v13.0.1rc0 (win64 - Windows 10.0 (19045.2))

CPU model: AMD Ryzen 9 5900X 12-Core Processor, instruction set [SSE2|AVX|AVX2]
Thread count: 12 physical cores, 24 logical processors, using up to 24 threads

Non-default parameters:
TimeLimit  10800
MIPGap  0.001
NodefileStart  3
LogToConsole  0

Optimize a model with 92726 rows, 89726 columns and 388795 nonzeros (Min)
Model fingerprint: 0x0259970d
Model has 22 linear objective coefficients
Variable types: 75446 continuous, 14280 integer (14280 binary)
Coefficient statistics:
  Matrix range     [1e-04, 2e+02]
  Objective range  [5e-02, 1e+00]
  Bounds range     [9e-03, 5e+01]
  RHS range        [8e-02, 1e+01]

Warning: Completing partial solution with 14208 unfixed non-continuous variables out of 14280
User MIP start produced solution with objective -5293 (0.37s)
User MIP start produced solution with objective -5293 (0.39s)
Loaded user MIP start with objective -5293
MIP start from previous solve produced solution with objective -5293.04 (1.63s)
MIP start from previous solve produced solution with objective -5293.04 (1.64s)
Loaded MIP start from previous solve with objective -5293.04
Processed MIP start in 1.63 seconds (2.24 work units)

Presolve removed 40297 rows and 29812 columns
Presolve time: 0.76s
Presolved: 52429 rows, 59914 columns, 205370 nonzeros
Variable types: 47241 continuous, 12673 integer (12672 binary)
Deterministic concurrent LP optimizer: primal and dual simplex
Showing primal log only...


Root simplex log...

Iteration    Objective       Primal Inf.    Dual Inf.      Time
   16827   -2.9243751e+03   0.000000e+00   2.231194e+05      5s
   33444   -3.1973920e+03   0.000000e+00   6.906364e+04     10s
   44264   -3.2829343e+03   0.000000e+00   2.774428e+04     15s
   54927   -3.3552579e+03   0.000000e+00   2.028184e+06     20s
Concurrent spin time: 0.00s

Solved with dual simplex

Root simplex log...

Iteration    Objective       Primal Inf.    Dual Inf.      Time
   92444   -5.3051362e+03   0.000000e+00   0.000000e+00     22s

Root relaxation: objective -5.305136e+03, 92444 iterations, 19.03 seconds (23.57 work units)

    Nodes    |    Current Node    |     Objective Bounds      |     Work
 Expl Unexpl |  Obj  Depth IntInf | Incumbent    BestBd   Gap | It/Node Time

     0     0 -5305.1362    0  773 -5293.0363 -5305.1362  0.23%     -   22s
     0     0 -5304.9704    0  941 -5293.0363 -5304.9704  0.23%     -   24s
     0     0 -5304.9704    0  940 -5293.0363 -5304.9704  0.23%     -   25s
     0     0 -5304.9620    0 1112 -5293.0363 -5304.9620  0.23%     -   26s
     0     0 -5304.9587    0 1029 -5293.0363 -5304.9587  0.23%     -   27s
     0     0 -5304.9585    0 1031 -5293.0363 -5304.9585  0.23%     -   27s
     0     0 -5304.8277    0 1169 -5293.0363 -5304.8277  0.22%     -   29s
     0     0 -5304.8187    0 1142 -5293.0363 -5304.8187  0.22%     -   30s
     0     0 -5304.7807    0 1147 -5293.0363 -5304.7807  0.22%     -   30s
     0     0 -5304.7373    0 1139 -5293.0363 -5304.7373  0.22%     -   30s
     0     0 -5304.7372    0 1139 -5293.0363 -5304.7372  0.22%     -   30s
     0     0 -5304.6665    0 1165 -5293.0363 -5304.6665  0.22%     -   31s
     0     0 -5304.5621    0 1227 -5293.0363 -5304.5621  0.22%     -   32s
     0     0 -5304.5602    0 1232 -5293.0363 -5304.5602  0.22%     -   33s
     0     0 -5304.5581    0 1233 -5293.0363 -5304.5581  0.22%     -   33s
     0     0 -5304.5581    0 1234 -5293.0363 -5304.5581  0.22%     -   33s
     0     0 -5304.4019    0 1293 -5293.0363 -5304.4019  0.21%     -   34s
     0     0 -5304.3893    0 1274 -5293.0363 -5304.3893  0.21%     -   35s
     0     0 -5304.3893    0 1277 -5293.0363 -5304.3893  0.21%     -   36s
     0     0 -5304.3893    0 1279 -5293.0363 -5304.3893  0.21%     -   37s
     0     0 -5304.3893    0 1283 -5293.0363 -5304.3893  0.21%     -   38s
     0     0 -5304.3893    0 1285 -5293.0363 -5304.3893  0.21%     -   39s
     0     0 -5304.3892    0 1155 -5293.0363 -5304.3892  0.21%     -   40s
     0     0 -5304.3889    0 1278 -5293.0363 -5304.3889  0.21%     -   41s
     0     0 -5304.3889    0 1158 -5293.0363 -5304.3889  0.21%     -   41s
     0     0 -5304.3886    0 1284 -5293.0363 -5304.3886  0.21%     -   42s
     0     0 -5304.3886    0 1284 -5293.0363 -5304.3886  0.21%     -   43s
     0     0 -5304.3886    0 1284 -5293.0363 -5304.3886  0.21%     -   43s
     0     0 -5304.3886    0 1284 -5293.0363 -5304.3886  0.21%     -   43s
     0     0 -5304.3886    0  952 -5293.0363 -5304.3886  0.21%     -   44s
     0     2 -5304.3886    0  952 -5293.0363 -5304.3886  0.21%     -   47s
     3     8 -5295.3624    2  970 -5293.0363 -5304.3317  0.21%  2625   50s
    25    22 -5303.4574    5 1060 -5293.0363 -5303.8681  0.20%  1818   55s
    79    71 -5299.8234    7  835 -5293.0363 -5303.4218  0.20%  1839   61s
   137   111 -5301.0645    7  869 -5293.0363 -5303.2188  0.19%  1500   66s
   183   136 -5300.3811    8  752 -5293.0363 -5302.9321  0.19%  1483   71s
   195   154 -5300.3922    9  769 -5293.0363 -5302.9027  0.19%  1473   75s
   278   190 -5299.1265   12  680 -5293.0363 -5302.9027  0.19%  1357   83s
   301   208 -5298.3097   13  681 -5293.0363 -5302.9027  0.19%  1346   88s
H  344   240                    -5293.036287 -5302.9027  0.19%  1296   89s
   351   263 -5296.7829   15  614 -5293.0363 -5302.9027  0.19%  1290   91s
   423   315 -5297.6158   23  545 -5293.0363 -5302.9027  0.19%  1186   95s
   525   364 -5295.7111   24  515 -5293.0363 -5302.8114  0.18%  1077  100s
   682   452 -5294.1693   39  256 -5293.0363 -5302.8114  0.18%   995  107s
   825   510 -5296.6472   11  632 -5293.0363 -5302.6162  0.18%   927  112s
   886   534 -5295.5584   12  687 -5293.0363 -5302.6162  0.18%   915  115s
*  914   534              97    -5293.043448 -5302.6162  0.18%   902  115s
   997   541     cutoff   13      -5293.0434 -5302.0650  0.17%   905  120s
  1079   555 -5293.0874   15  569 -5293.0434 -5302.0650  0.17%   925  126s
  1185   582 -5295.9155   12  834 -5293.0434 -5301.5989  0.16%   922  131s
  1245   581 -5293.4575   17  573 -5293.0434 -5301.5989  0.16%   912  142s
  1269   580     cutoff   18      -5293.0434 -5301.5989  0.16%   917  150s
  1321   598 -5293.4232   11  709 -5293.0434 -5301.5989  0.16%   912  155s
H 1326   598                    -5293.081930 -5301.5989  0.16%   910  155s
  1415   609     cutoff   12      -5293.0819 -5300.4284  0.14%   902  163s
  1493   626     cutoff   14      -5293.0819 -5300.1898  0.13%   898  167s
  1584   643     cutoff   12      -5293.0819 -5300.1898  0.13%   889  171s
H 1613   643                    -5293.082582 -5300.1565  0.13%   885  171s
  1675   668     cutoff   12      -5293.0826 -5300.0656  0.13%   878  175s
  1763   676 -5296.1524   17  507 -5293.0826 -5299.7977  0.13%   875  180s
  1870   670     cutoff   32      -5293.0826 -5299.7480  0.13%   870  185s
  1976   707 -5293.1745   10  504 -5293.0826 -5299.7138  0.13%   871  190s
  2067   736 -5294.4515   12  631 -5293.0826 -5299.7138  0.13%   873  195s
  2188   753     cutoff   14      -5293.0826 -5299.6987  0.12%   868  201s
  2343   757     cutoff   12      -5293.0826 -5299.5322  0.12%   851  206s
  2365   791 -5293.4287   13  575 -5293.0826 -5299.3791  0.12%   851  211s
  2535   825     cutoff   17      -5293.0826 -5299.3524  0.12%   826  217s
  2753   829 -5293.2840   14  582 -5293.0826 -5299.0671  0.11%   797  223s
  2805   867 -5293.4069   15  647 -5293.0826 -5299.0600  0.11%   793  229s
  3008   885     cutoff   12      -5293.0826 -5299.0422  0.11%   773  236s
H 3139   884                    -5293.084668 -5298.8531  0.11%   770  236s
  3194   914 -5293.9986   16  547 -5293.0847 -5298.8062  0.11%   763  242s
  3367   934 -5294.1659   14  619 -5293.0847 -5298.6489  0.11%   757  249s
  3553   970 -5296.4067   10  609 -5293.0847 -5298.6094  0.10%   750  256s
  3747  1024 -5293.9728   15  592 -5293.0847 -5298.4739  0.10%   742  263s

Cutting planes:
  Gomory: 30
  Cover: 224
  Implied bound: 487
  Clique: 1
  MIR: 312
  Flow cover: 958
  Flow path: 10
  Relax-and-lift: 57

Explored 3989 nodes (3014762 simplex iterations) in 263.49 seconds (316.68 work units)
Thread count was 24 (of 24 available processors)

Solution count 7: -5293.08 -5293.08 -5293.08 ... -5293

Optimal solution found (tolerance 1.00e-03)
Best objective -5.293084667716e+03, best bound -5.298216787820e+03, gap 0.0970%
Set parameter MIPGap to value 0.0001
Gurobi Optimizer version 13.0.1 build v13.0.1rc0 (win64 - Windows 10.0 (19045.2))

CPU model: AMD Ryzen 9 5900X 12-Core Processor, instruction set [SSE2|AVX|AVX2]
Thread count: 12 physical cores, 24 logical processors, using up to 24 threads

Non-default parameters:
TimeLimit  10800
NodefileStart  3
LogToConsole  0

Optimize a model with 92746 rows, 89726 columns and 388875 nonzeros (Min)
Model fingerprint: 0x4c9d8465
Model has 22 linear objective coefficients
Variable types: 75446 continuous, 14280 integer (14280 binary)
Coefficient statistics:
  Matrix range     [1e-04, 2e+02]
  Objective range  [5e-02, 1e+00]
  Bounds range     [9e-03, 5e+01]
  RHS range        [8e-02, 1e+01]

Warning: Completing partial solution with 14208 unfixed non-continuous variables out of 14280
User MIP start produced solution with objective -5293.07 (0.39s)
User MIP start produced solution with objective -5293.07 (0.40s)
Loaded user MIP start with objective -5293.07
MIP start from previous solve produced solution with objective -5293.07 (1.71s)
MIP start from previous solve produced solution with objective -5293.07 (1.72s)
Loaded MIP start from previous solve with objective -5293.07
Processed MIP start in 1.71 seconds (2.30 work units)

Presolve removed 40297 rows and 29812 columns
Presolve time: 0.76s
Presolved: 52449 rows, 59914 columns, 205430 nonzeros
Variable types: 47241 continuous, 12673 integer (12672 binary)
Deterministic concurrent LP optimizer: primal and dual simplex
Showing primal log only...


Root simplex log...

Iteration    Objective       Primal Inf.    Dual Inf.      Time
   17079   -3.0278023e+03   0.000000e+00   1.410251e+05      5s
   33976   -3.2444694e+03   0.000000e+00   1.619565e+05     10s
   45717   -3.3178660e+03   0.000000e+00   4.685179e+05     15s
   56207   -3.3989614e+03   0.000000e+00   2.712624e+04     20s
Concurrent spin time: 0.00s

Solved with dual simplex

Root simplex log...

Iteration    Objective       Primal Inf.    Dual Inf.      Time
   88109   -5.3051277e+03   0.000000e+00   0.000000e+00     22s

Root relaxation: objective -5.305128e+03, 88109 iterations, 18.96 seconds (23.26 work units)

    Nodes    |    Current Node    |     Objective Bounds      |     Work
 Expl Unexpl |  Obj  Depth IntInf | Incumbent    BestBd   Gap | It/Node Time

     0     0 -5305.1277    0  983 -5293.0698 -5305.1277  0.23%     -   22s
     0     0 -5304.9514    0 1132 -5293.0698 -5304.9514  0.22%     -   25s
     0     0 -5304.9514    0 1183 -5293.0698 -5304.9514  0.22%     -   26s
     0     0 -5304.6957    0 1014 -5293.0698 -5304.6957  0.22%     -   27s
     0     0 -5304.6702    0  972 -5293.0698 -5304.6702  0.22%     -   28s
     0     0 -5304.6665    0  970 -5293.0698 -5304.6665  0.22%     -   28s
     0     0 -5304.6312    0  969 -5293.0698 -5304.6312  0.22%     -   29s
     0     0 -5304.5773    0 1106 -5293.0698 -5304.5773  0.22%     -   30s
     0     0 -5304.4706    0 1110 -5293.0698 -5304.4706  0.22%     -   32s
     0     0 -5304.4706    0 1109 -5293.0698 -5304.4706  0.22%     -   32s
     0     0 -5304.4706    0 1109 -5293.0698 -5304.4706  0.22%     -   32s
     0     0 -5304.4365    0 1086 -5293.0698 -5304.4365  0.21%     -   33s
     0     0 -5304.4315    0 1085 -5293.0698 -5304.4315  0.21%     -   34s
     0     0 -5304.3395    0 1082 -5293.0698 -5304.3395  0.21%     -   35s
H    0     0                    -5293.069837 -5304.3190  0.21%     -   35s
     0     0 -5304.3190    0 1083 -5293.0698 -5304.3190  0.21%     -   35s
     0     0 -5304.3160    0 1063 -5293.0698 -5304.3160  0.21%     -   35s
     0     0 -5304.3143    0 1079 -5293.0698 -5304.3143  0.21%     -   35s
     0     0 -5304.3131    0 1079 -5293.0698 -5304.3131  0.21%     -   35s
     0     0 -5304.3131    0 1078 -5293.0698 -5304.3131  0.21%     -   35s
     0     0 -5304.2887    0 1035 -5293.0698 -5304.2887  0.21%     -   36s
     0     0 -5304.2710    0 1053 -5293.0698 -5304.2710  0.21%     -   37s
     0     0 -5304.2710    0 1060 -5293.0698 -5304.2710  0.21%     -   38s
     0     0 -5304.2553    0 1088 -5293.0698 -5304.2553  0.21%     -   38s
     0     0 -5304.2553    0 1089 -5293.0698 -5304.2553  0.21%     -   39s
     0     0 -5304.2533    0 1067 -5293.0698 -5304.2533  0.21%     -   40s
     0     0 -5304.2533    0 1067 -5293.0698 -5304.2533  0.21%     -   41s
     0     0 -5304.2533    0 1068 -5293.0698 -5304.2533  0.21%     -   42s
     0     0 -5304.2519    0 1068 -5293.0698 -5304.2519  0.21%     -   42s
     0     0 -5304.2519    0 1068 -5293.0698 -5304.2519  0.21%     -   42s
     0     0 -5304.2515    0 1069 -5293.0698 -5304.2515  0.21%     -   43s
     0     0 -5304.2515    0 1069 -5293.0698 -5304.2515  0.21%     -   43s
     0     0 -5304.2515    0  993 -5293.0698 -5304.2515  0.21%     -   44s
     0     0 -5304.2188    0 1026 -5293.0698 -5304.2188  0.21%     -   45s
     0     0 -5304.2188    0 1093 -5293.0698 -5304.2188  0.21%     -   46s
     0     0 -5304.2188    0 1093 -5293.0698 -5304.2188  0.21%     -   46s
     0     0 -5304.2188    0 1093 -5293.0698 -5304.2188  0.21%     -   46s
     0     0 -5304.2188    0  970 -5293.0698 -5304.2188  0.21%     -   46s
     0     2 -5304.2188    0  969 -5293.0698 -5304.2188  0.21%     -   49s
     3     8 -5303.9004    2  980 -5293.0698 -5304.1909  0.21%   989   50s
    15    28 -5303.1832    4  891 -5293.0698 -5303.8658  0.20%  1524   55s
    27    38     cutoff    5      -5293.0698 -5303.6436  0.20%  1944   60s
H   50    55                    -5293.069839 -5303.6436  0.20%  2198   63s
    66    82     cutoff    9      -5293.0698 -5303.6436  0.20%  2054   66s
   131   123 -5293.4902   11  787 -5293.0698 -5303.6436  0.20%  1548   71s
   174   145     cutoff   12      -5293.0698 -5303.6436  0.20%  1589   76s
   212   176 -5302.0495    7  982 -5293.0698 -5303.6436  0.20%  1654   80s
   280   229 -5300.5893    9  817 -5293.0698 -5303.2999  0.19%  1562   86s
   325   258 -5298.6569   11  717 -5293.0698 -5303.2999  0.19%  1532   90s
   397   279 -5296.5264   15  710 -5293.0698 -5303.0962  0.19%  1391   99s
   413   287 -5295.5995   15  500 -5293.0698 -5303.0951  0.19%  1394  105s
   433   299 -5295.4632   16  589 -5293.0698 -5303.0951  0.19%  1381  110s
   455   325     cutoff   17      -5293.0698 -5303.0951  0.19%  1355  117s
   492   349 -5293.2943   18  528 -5293.0698 -5303.0951  0.19%  1297  123s
   544   376 -5296.9490   11  828 -5293.0698 -5303.0951  0.19%  1250  129s
   597   394     cutoff   15      -5293.0698 -5302.9579  0.19%  1196  138s
   643   419     cutoff   17      -5293.0698 -5302.7048  0.18%  1176  145s
   682   429 -5297.9441    7  782 -5293.0698 -5302.7048  0.18%  1178  153s
H  686   429                    -5293.144675 -5302.7048  0.18%  1174  153s
H  695   429                    -5293.165145 -5302.7048  0.18%  1168  153s
   696   489 -5297.0604    8  652 -5293.1651 -5302.7048  0.18%  1172  158s
   790   511 -5294.4227   10  672 -5293.1651 -5302.7048  0.18%  1100  162s
   896   542     cutoff   13      -5293.1651 -5302.7048  0.18%  1033  165s
   969   580 -5297.4710    9  782 -5293.1651 -5302.6314  0.18%  1011  175s
  1048   581 -5293.5263   12  680 -5293.1651 -5302.6314  0.18%   994  183s
  1120   587     cutoff   10      -5293.1651 -5302.6314  0.18%   995  191s
  1185   596 -5294.3974   11  738 -5293.1651 -5302.6314  0.18%   995  198s
  1248   653 -5301.7519    6  923 -5293.1651 -5302.0502  0.17%  1001  202s
  1351   692 -5299.1362    9  856 -5293.1651 -5302.0502  0.17%   975  207s
* 1396   691              93    -5293.168643 -5302.0502  0.17%   946  207s
  1466   677 -5294.3397   12  830 -5293.1686 -5301.8967  0.16%   948  211s
* 1472   646              82    -5293.168734 -5301.8967  0.16%   947  211s
  1569   659 -5294.4591   13  725 -5293.1687 -5301.7396  0.16%   932  217s
  1660   658 -5296.6220    7  781 -5293.1687 -5301.5725  0.16%   941  222s
  1755   648 -5294.1747   11  815 -5293.1687 -5301.5725  0.16%   941  227s
  1853   637 -5296.4003   15  504 -5293.1687 -5301.2338  0.15%   945  233s
  1942   638 -5294.7991   11  535 -5293.1687 -5300.9168  0.15%   959  238s
  2044   651 -5293.5253   12  614 -5293.1687 -5300.7770  0.14%   962  244s
  2171   665 -5294.5358   12  661 -5293.1687 -5300.5403  0.14%   953  251s
  2308   678 -5293.9860    8  661 -5293.1687 -5300.5361  0.14%   944  257s
  2461   686 -5295.2725   11  581 -5293.1687 -5300.4947  0.14%   930  263s
  2591   685 -5293.5585   14  594 -5293.1687 -5300.2438  0.13%   927  271s
  2633   699 -5296.0080   14  690 -5293.1687 -5299.9127  0.13%   926  277s
  2775   728     cutoff   14      -5293.1687 -5299.7121  0.12%   921  285s
  2966   741     cutoff   12      -5293.1687 -5299.6324  0.12%   904  292s
  3166   767 -5293.4953   13  633 -5293.1687 -5299.2974  0.12%   890  300s
  3354   762 -5293.7907   14  582 -5293.1687 -5299.1585  0.11%   881  308s
  3587   761 -5293.6755   11  619 -5293.1687 -5298.7186  0.10%   865  316s
  3769   788     cutoff   15      -5293.1687 -5298.5346  0.10%   862  325s
  4009   829 -5295.7673   15  649 -5293.1687 -5298.4498  0.10%   848  334s
  4271   851 -5293.3164   28  256 -5293.1687 -5298.2770  0.10%   832  345s
  4557   906 -5293.4523   29  169 -5293.1687 -5298.0676  0.09%   815  357s
  4889   920     cutoff   11      -5293.1687 -5297.9074  0.09%   795  367s
* 5099   918              93    -5293.178657 -5297.6039  0.08%   789  367s
* 5102   918              93    -5293.178684 -5297.6039  0.08%   788  367s
  5166   934     cutoff   16      -5293.1787 -5297.5642  0.08%   785  377s
  5446   945     cutoff   12      -5293.1787 -5297.2632  0.08%   778  391s
  5645   936     cutoff   12      -5293.1787 -5297.0760  0.07%   772  401s
  5787   910 -5293.4976   27  177 -5293.1787 -5297.0760  0.07%   768  414s
  5990   867     cutoff   21      -5293.1787 -5296.7994  0.07%   760  425s
  6176   872 -5293.3905   21  185 -5293.1787 -5296.5925  0.06%   753  436s
  6257   849     cutoff   21      -5293.1787 -5296.3636  0.06%   751  447s
  6483   915 -5293.7542   25  389 -5293.1787 -5296.2919  0.06%   740  462s
H 6582   853                    -5293.209180 -5296.2919  0.06%   736  462s
  6780   928     cutoff   27      -5293.2092 -5296.0877  0.05%   722  478s
* 6868   925              82    -5293.211697 -5296.0877  0.05%   715  478s
H 7545   840                    -5293.213459 -5295.8605  0.05%   680  502s
  7546   830 -5294.6433   24  970 -5293.2135 -5295.8605  0.05%   680  533s
  7548   831 -5295.3533   19 1408 -5293.2135 -5295.8605  0.05%   680  560s
  7550   833 -5294.8187   23 1780 -5293.2135 -5295.8605  0.05%   679  565s
  7555   836 -5293.2138   34 1713 -5293.2135 -5295.8605  0.05%   679  570s
  7558   838 -5293.2805   25 1270 -5293.2135 -5295.8605  0.05%   679  594s
  7559   839 -5293.3867   26 1270 -5293.2135 -5295.8605  0.05%   679  597s
  7560   842 -5295.3481   15 1117 -5293.2135 -5295.8605  0.05%   694  601s
  7572   850     cutoff   18      -5293.2135 -5295.8605  0.05%   696  606s
  7594   878 -5295.8605   20 1139 -5293.2135 -5295.8605  0.05%   699  610s
  7664   885 -5295.8605   22 1109 -5293.2135 -5295.8605  0.05%   706  616s
  7705   905 -5295.8605   24 1064 -5293.2135 -5295.8605  0.05%   710  621s
  7759   905 -5295.8605   29  868 -5293.2135 -5295.8605  0.05%   713  625s
  7839   907 -5294.3094   32  560 -5293.2135 -5295.8605  0.05%   715  631s
  7939   903 -5294.8157   37  627 -5293.2135 -5295.8605  0.05%   715  635s
  8041   898 -5294.6253   43  520 -5293.2135 -5295.8605  0.05%   713  640s
  8161   874 -5293.3662   46  492 -5293.2135 -5295.8605  0.05%   710  645s
  8266   856 -5294.7374   26  553 -5293.2135 -5295.8605  0.05%   707  652s
  8281   857 -5295.8605   28  952 -5293.2135 -5295.8605  0.05%   707  657s
  8298   857     cutoff   27      -5293.2135 -5295.8605  0.05%   707  660s
  8471   862 -5293.8357   37  589 -5293.2135 -5295.8605  0.05%   704  667s
  8539   869 -5293.2737   40  496 -5293.2135 -5295.8605  0.05%   703  670s
  8610   844     cutoff   26      -5293.2135 -5295.8605  0.05%   701  678s
  8634   839 -5295.8605   29  836 -5293.2135 -5295.8605  0.05%   700  684s
  8654   846 -5295.8605   30  828 -5293.2135 -5295.8605  0.05%   700  691s
H 8657   802                    -5293.213529 -5295.8605  0.05%   700  691s
  8794   822 -5294.3058   37  630 -5293.2135 -5295.8605  0.05%   698  697s
  8902   854     cutoff   43      -5293.2135 -5295.8605  0.05%   694  700s
  9169   931 -5293.8032   27 1032 -5293.2135 -5295.8605  0.05%   680  706s
  9329   998     cutoff   28      -5293.2135 -5295.8605  0.05%   673  710s
* 9687   978             268    -5293.213530 -5295.8605  0.05%   653  713s
  9771  1039     cutoff   45      -5293.2135 -5295.8605  0.05%   648  718s
* 9847   934             269    -5293.213535 -5295.8605  0.05%   646  718s
* 9850   933             269    -5293.213536 -5295.8605  0.05%   645  718s
* 9854   933             269    -5293.213537 -5295.8605  0.05%   645  718s
* 9857   909             269    -5293.213538 -5295.8605  0.05%   645  718s
 10030   954     cutoff   30      -5293.2135 -5295.8605  0.05%   635  721s
*10272   727             249    -5293.213779 -5295.8605  0.05%   625  724s
 10482   636 -5295.2363   34  717 -5293.2138 -5295.8605  0.05%   615  728s
 10575   632 -5293.4470   38  496 -5293.2138 -5295.8605  0.05%   615  731s
 10671   645     cutoff   40      -5293.2138 -5295.8605  0.05%   614  735s
 10876   624     cutoff   42      -5293.2138 -5295.8605  0.05%   613  757s
 10908   632 -5295.0384   32  898 -5293.2138 -5295.7997  0.05%   614  775s
 10924   634 -5294.3561   33  987 -5293.2138 -5295.7997  0.05%   614  794s
 10945   641 -5294.2632   34  899 -5293.2138 -5295.7997  0.05%   614  808s
 10962   644 -5294.0699   35  841 -5293.2138 -5295.6944  0.05%   614  819s
 11003   635     cutoff   35      -5293.2138 -5295.6648  0.05%   614  827s
 11097   634 -5294.1858   42  542 -5293.2138 -5295.4700  0.04%   613  834s
 11206   629     cutoff   35      -5293.2138 -5295.4700  0.04%   613  838s
 11350   629 -5293.2241   43  387 -5293.2138 -5295.1647  0.04%   612  843s
 11503   618 -5293.3764   27  712 -5293.2138 -5295.0306  0.03%   611  848s
 11679   595 -5293.7296   30  893 -5293.2138 -5294.9184  0.03%   609  853s
 11824   564     cutoff   26      -5293.2138 -5294.7326  0.03%   608  858s
 11973   509 -5293.3260   40  535 -5293.2138 -5294.5760  0.03%   608  863s
 12187   453     cutoff   43      -5293.2138 -5294.4586  0.02%   605  869s
 12416   450     cutoff   40      -5293.2138 -5294.2840  0.02%   601  878s
 12443   366     cutoff   29      -5293.2138 -5294.2637  0.02%   601  886s
 12604   197     cutoff   31      -5293.2138 -5294.2227  0.02%   597  894s
 12855    62 -5293.9477   33  635 -5293.2138 -5294.0933  0.02%   589  900s
 13044    10 -5293.2878   34  689 -5293.2138 -5294.0234  0.02%   582  905s

Cutting planes:
  Gomory: 19
  Cover: 2
  Implied bound: 13
  MIR: 62
  Flow cover: 212
  Flow path: 2
  Relax-and-lift: 8

Explored 13125 nodes (7703307 simplex iterations) in 905.61 seconds (1090.61 work units)
Thread count was 24 (of 24 available processors)

Solution count 10: -5293.21 -5293.21 -5293.21 ... -5293.21

Optimal solution found (tolerance 1.00e-04)
Best objective -5.293213778780e+03, best bound -5.293653366119e+03, gap 0.0083%
