
Gurobi 13.0.1 (win64) logging started Wed Oct  7 00:37:09 2026

Set parameter LogFile to value "ieee_owen\weak_eps_experiment\stochastic\main17\logs\n15_S20_day2_ef_gurobi.log"
Set parameter NodefileStart to value 3
Set parameter MIPGap to value 0.001
Gurobi Optimizer version 13.0.1 build v13.0.1rc0 (win64 - Windows 10.0 (19045.2))

CPU model: AMD Ryzen 9 5900X 12-Core Processor, instruction set [SSE2|AVX|AVX2]
Thread count: 12 physical cores, 24 logical processors, using up to 24 threads

Non-default parameters:
TimeLimit  10800
MIPGap  0.001
NodefileStart  3
LogToConsole  0

Optimize a model with 92706 rows, 89726 columns and 388715 nonzeros (Min)
Model fingerprint: 0x9d286a2b
Model has 22 linear objective coefficients
Variable types: 75446 continuous, 14280 integer (14280 binary)
Coefficient statistics:
  Matrix range     [3e-04, 2e+02]
  Objective range  [5e-02, 1e+00]
  Bounds range     [9e-03, 5e+01]
  RHS range        [8e-02, 1e+01]

Presolve removed 40297 rows and 29812 columns
Presolve time: 0.78s
Presolved: 52409 rows, 59914 columns, 205329 nonzeros
Variable types: 47241 continuous, 12673 integer (12672 binary)
Found heuristic solution: objective -4172.304547
Deterministic concurrent LP optimizer: primal and dual simplex
Showing primal log only...


Root simplex log...

Iteration    Objective       Primal Inf.    Dual Inf.      Time
   23846   -2.5450959e+03   0.000000e+00   1.434661e+05      5s
   43806   -2.9159935e+03   0.000000e+00   2.335049e+04     10s
   60983   -3.1020056e+03   0.000000e+00   9.709742e+04     15s
   73969   -3.1929725e+03   0.000000e+00   8.769019e+04     20s
Concurrent spin time: 0.00s

Solved with dual simplex

Root simplex log...

Iteration    Objective       Primal Inf.    Dual Inf.      Time
   85347   -4.8567231e+03   0.000000e+00   0.000000e+00     21s

Root relaxation: objective -4.856723e+03, 85347 iterations, 19.47 seconds (25.01 work units)

    Nodes    |    Current Node    |     Objective Bounds      |     Work
 Expl Unexpl |  Obj  Depth IntInf | Incumbent    BestBd   Gap | It/Node Time

     0     0 -4856.7231    0  820 -4172.3045 -4856.7231  16.4%     -   21s
H    0     0                    -4806.093600 -4856.7231  1.05%     -   23s
H    0     0                    -4812.521389 -4856.7231  0.92%     -   25s
     0     0 -4856.6786    0  866 -4812.5214 -4856.6786  0.92%     -   27s
H    0     0                    -4818.103013 -4856.6786  0.80%     -   28s
     0     0 -4856.6786    0  868 -4818.1030 -4856.6786  0.80%     -   28s
     0     0 -4856.6770    0  869 -4818.1030 -4856.6770  0.80%     -   29s
     0     0 -4856.6743    0  868 -4818.1030 -4856.6743  0.80%     -   30s
     0     0 -4856.6743    0  867 -4818.1030 -4856.6743  0.80%     -   30s
     0     0 -4856.4829    0 1037 -4818.1030 -4856.4829  0.80%     -   31s
H    0     0                    -4818.876635 -4856.3835  0.78%     -   35s
     0     0 -4856.3835    0 1009 -4818.8766 -4856.3835  0.78%     -   35s
     0     0 -4856.3746    0 1042 -4818.8766 -4856.3746  0.78%     -   35s
     0     0 -4856.3497    0 1065 -4818.8766 -4856.3497  0.78%     -   35s
     0     0 -4856.3492    0 1063 -4818.8766 -4856.3492  0.78%     -   35s
     0     0 -4856.1963    0 1074 -4818.8766 -4856.1963  0.77%     -   36s
     0     0 -4856.1962    0 1105 -4818.8766 -4856.1962  0.77%     -   36s
     0     0 -4856.1678    0 1074 -4818.8766 -4856.1678  0.77%     -   37s
     0     0 -4856.1533    0 1062 -4818.8766 -4856.1533  0.77%     -   37s
     0     0 -4856.1533    0  983 -4818.8766 -4856.1533  0.77%     -   38s
     0     0 -4856.1491    0  973 -4818.8766 -4856.1491  0.77%     -   38s
     0     0 -4856.1491    0  975 -4818.8766 -4856.1491  0.77%     -   38s
     0     0 -4856.1491    0 1004 -4818.8766 -4856.1491  0.77%     -   39s
     0     0 -4856.1471    0  979 -4818.8766 -4856.1471  0.77%     -   39s
     0     0 -4856.1471    0 1006 -4818.8766 -4856.1471  0.77%     -   40s
     0     0 -4856.1471    0  865 -4818.8766 -4856.1471  0.77%     -   41s
     0     0 -4856.1471    0  860 -4818.8766 -4856.1471  0.77%     -   41s
     0     0 -4856.1471    0  959 -4818.8766 -4856.1471  0.77%     -   41s
     0     0 -4856.1471    0  912 -4818.8766 -4856.1471  0.77%     -   42s
H    0     0                    -4819.222413 -4856.1450  0.77%     -   42s
     0     0 -4856.1450    0  899 -4819.2224 -4856.1450  0.77%     -   42s
     0     0 -4856.1450    0  916 -4819.2224 -4856.1450  0.77%     -   42s
     0     0 -4856.1450    0  882 -4819.2224 -4856.1450  0.77%     -   43s
     0     0 -4856.1450    0  882 -4819.2224 -4856.1450  0.77%     -   43s
     0     0 -4856.1450    0  882 -4819.2224 -4856.1450  0.77%     -   43s
     0     0 -4856.1402    0  882 -4819.2224 -4856.1402  0.77%     -   44s
     0     0 -4856.1402    0  882 -4819.2224 -4856.1402  0.77%     -   44s
     0     0 -4856.1402    0  882 -4819.2224 -4856.1402  0.77%     -   44s
     0     2 -4856.1384    0  882 -4819.2224 -4856.1384  0.77%     -   47s
     7    16 -4852.2995    3  811 -4819.2224 -4855.9896  0.76%  1463   50s
    27    46 -4837.6590    5  843 -4819.2224 -4855.8951  0.76%  1909   55s
    61    74 -4827.4029    8  698 -4819.2224 -4855.8951  0.76%  1626   62s
H   62    74                    -4819.294134 -4855.8951  0.76%  1600   62s
H   86    91                    -4819.368490 -4855.8951  0.76%  1667   64s
    90   105 -4832.4788    9  607 -4819.3685 -4855.8951  0.76%  1677   67s
H  105   117                    -4819.370449 -4855.8951  0.76%  1791   69s
   116   130 -4832.1614   10  628 -4819.3704 -4855.8951  0.76%  1862   72s
H  127   130                    -4832.304393 -4855.8951  0.49%  1867   72s
   129   148     cutoff   12      -4832.3044 -4855.8703  0.49%  1876   75s
   177   199 -4852.1606   10  693 -4832.3044 -4855.8703  0.49%  1880   80s
   236   256 -4851.4185   13  516 -4832.3044 -4855.8703  0.49%  1743   85s
   331   365 -4849.4226   16  594 -4832.3044 -4855.8703  0.49%  1592   90s
H  384   388                    -4841.688117 -4855.8703  0.29%  1479   93s
   395   399 -4847.9626   16  475 -4841.6881 -4855.8703  0.29%  1496   96s
   478   455 -4845.6842   19  526 -4841.6881 -4855.7685  0.29%  1429  101s
   512   467 -4843.7968   20  468 -4841.6881 -4855.6500  0.29%  1427  106s
H  514   467                    -4842.321577 -4855.6500  0.28%  1425  106s
H  517   467                    -4843.398423 -4855.6500  0.25%  1428  106s
H  533   489                    -4843.644914 -4855.6500  0.25%  1430  109s
   566   514 -4844.1433   23  437 -4843.6449 -4855.6500  0.25%  1381  113s
H  602   514                    -4843.834789 -4855.6500  0.24%  1340  113s
H  605   514                    -4843.873999 -4855.6500  0.24%  1333  113s
   615   547 -4846.7553   24  459 -4843.8740 -4855.6500  0.24%  1323  115s
H  694   579                    -4843.935938 -4855.6500  0.24%  1264  117s
   757   640 -4845.1871   38  214 -4843.9359 -4855.6500  0.24%  1209  122s
H  796   640                    -4844.044446 -4855.6240  0.24%  1193  122s
   814   674     cutoff   42      -4844.0444 -4855.6240  0.24%  1173  125s
*  861   674              94    -4844.084374 -4855.6240  0.24%  1169  125s
   868   659 -4851.6399   10  761 -4844.0844 -4855.6240  0.24%  1165  133s
H  881   659                    -4844.553263 -4855.6240  0.23%  1175  133s
   882   664 -4851.0802   11  751 -4844.5533 -4855.6240  0.23%  1175  146s
   898   666 -4850.0548   12  713 -4844.5533 -4855.6240  0.23%  1174  158s
   920   667 -4847.8674   13  687 -4844.5533 -4855.6240  0.23%  1168  170s
  1020   686 -4844.7916   15  553 -4844.5533 -4855.6240  0.23%  1142  178s
  1110   729 -4845.4054   14  705 -4844.5533 -4855.2728  0.22%  1111  181s
  1365   832 -4846.5836   15  439 -4844.5533 -4854.9073  0.21%   973  187s
  1500   932 -4844.7002   17  368 -4844.5533 -4854.9073  0.21%   910  192s
* 1572   764              98    -4844.840792 -4854.9073  0.21%   879  192s
  1658   658 -4846.4714   10  636 -4844.8408 -4853.7872  0.18%   855  196s
  1757   672 -4850.7091    9  681 -4844.8408 -4853.7872  0.18%   849  200s
  1847   655 -4846.6953   14  466 -4844.8408 -4853.7872  0.18%   842  206s
  1943   675 -4845.8213   10  486 -4844.8408 -4853.7141  0.18%   842  210s
  2039   702 -4845.2941   12  511 -4844.8408 -4853.7141  0.18%   837  215s
  2133   737 -4849.8562   12  293 -4844.8408 -4853.0031  0.17%   838  220s
  2236   773 -4848.6235   16  421 -4844.8408 -4852.9882  0.17%   835  225s
  2456  1043 -4845.4722   25  184 -4844.8408 -4852.6142  0.16%   825  234s
H 2690  1013                    -4845.122533 -4852.5922  0.15%   777  248s
H 2690   881                    -4845.774534 -4852.5922  0.14%   777  250s
H 2690   880                    -4845.777402 -4852.5922  0.14%   777  250s
H 2690   880                    -4845.781417 -4852.5922  0.14%   777  250s
H 2690   785                    -4846.100907 -4852.5922  0.13%   777  251s
  2691   768 -4846.1312   38  882 -4846.1009 -4852.5922  0.13%   777  272s
  2693   769 -4846.1325   28 1021 -4846.1009 -4852.5922  0.13%   776  300s
  2701   775 -4848.2137   13 1041 -4846.1009 -4852.5922  0.13%   774  331s
  2702   775 -4848.3227   12 1041 -4846.1009 -4852.5922  0.13%   774  336s
  2709   785 -4852.2463   16 1096 -4846.1009 -4852.5922  0.13%   815  341s
  2727   803 -4851.7988   18 1099 -4846.1009 -4852.5922  0.13%   823  346s
  2773   812 -4850.9178   20  969 -4846.1009 -4852.5922  0.13%   835  351s
  2825   820 -4847.5146   23 1138 -4846.1009 -4852.5922  0.13%   844  356s
  2869   822     cutoff   25      -4846.1009 -4852.5922  0.13%   848  361s
  2965   836 -4847.8051   29  778 -4846.1009 -4852.5922  0.13%   852  366s
  3068   807 -4846.2006   33  559 -4846.1009 -4852.5922  0.13%   852  371s
  3128   793     cutoff   35      -4846.1009 -4852.5922  0.13%   853  375s
  3210   783 -4848.0841   23  961 -4846.1009 -4852.2433  0.13%   853  380s
  3262   803 -4846.7027   25  855 -4846.1009 -4852.2433  0.13%   852  386s
  3368   798 -4846.1802   25  878 -4846.1009 -4851.3067  0.11%   846  391s
  3435   779 -4849.5336   20 1072 -4846.1009 -4851.3067  0.11%   840  396s
  3454   815 -4848.8788   21 1008 -4846.1009 -4851.3067  0.11%   841  400s

Cutting planes:
  Gomory: 3
  Cover: 2
  Implied bound: 13
  MIR: 24
  Flow cover: 144
  Network: 1
  Relax-and-lift: 2

Explored 3580 nodes (3066118 simplex iterations) in 403.78 seconds (552.10 work units)
Thread count was 24 (of 24 available processors)

Solution count 10: -4846.1 -4846.1 -4845.78 ... -4844.55

Optimal solution found (tolerance 1.00e-03)
Best objective -4.846100907457e+03, best bound -4.850787084688e+03, gap 0.0967%
Set parameter MIPGap to value 0.001
Gurobi Optimizer version 13.0.1 build v13.0.1rc0 (win64 - Windows 10.0 (19045.2))

CPU model: AMD Ryzen 9 5900X 12-Core Processor, instruction set [SSE2|AVX|AVX2]
Thread count: 12 physical cores, 24 logical processors, using up to 24 threads

Non-default parameters:
TimeLimit  10800
MIPGap  0.001
NodefileStart  3
LogToConsole  0

Optimize a model with 92726 rows, 89726 columns and 388795 nonzeros (Min)
Model fingerprint: 0x36225585
Model has 22 linear objective coefficients
Variable types: 75446 continuous, 14280 integer (14280 binary)
Coefficient statistics:
  Matrix range     [3e-04, 2e+02]
  Objective range  [5e-02, 1e+00]
  Bounds range     [9e-03, 5e+01]
  RHS range        [8e-02, 1e+01]

Warning: Completing partial solution with 14208 unfixed non-continuous variables out of 14280
User MIP start produced solution with objective -4844.65 (0.39s)
User MIP start produced solution with objective -4844.65 (0.40s)
Loaded user MIP start with objective -4844.65
MIP start from previous solve produced solution with objective -4844.66 (1.77s)
MIP start from previous solve produced solution with objective -4844.66 (1.79s)
Loaded MIP start from previous solve with objective -4844.66
Processed MIP start in 1.79 seconds (2.24 work units)

Presolve removed 40297 rows and 29812 columns
Presolve time: 0.76s
Presolved: 52429 rows, 59914 columns, 205389 nonzeros
Variable types: 47241 continuous, 12673 integer (12672 binary)
Deterministic concurrent LP optimizer: primal and dual simplex
Showing primal log only...


Root simplex log...

Iteration    Objective       Primal Inf.    Dual Inf.      Time
   17655   -2.5191862e+03   0.000000e+00   1.098426e+05      5s
   38246   -2.9288312e+03   0.000000e+00   7.000553e+05     10s
   54387   -3.0946887e+03   0.000000e+00   1.459483e+05     15s
   67845   -3.1790206e+03   0.000000e+00   1.752514e+04     20s
Concurrent spin time: 0.00s

Solved with dual simplex

Root simplex log...

Iteration    Objective       Primal Inf.    Dual Inf.      Time
   88661   -4.8553151e+03   0.000000e+00   0.000000e+00     21s

Root relaxation: objective -4.855315e+03, 88661 iterations, 17.86 seconds (22.68 work units)

    Nodes    |    Current Node    |     Objective Bounds      |     Work
 Expl Unexpl |  Obj  Depth IntInf | Incumbent    BestBd   Gap | It/Node Time

     0     0 -4855.3151    0  807 -4844.6571 -4855.3151  0.22%     -   21s
     0     0 -4855.2715    0  912 -4844.6571 -4855.2715  0.22%     -   23s
     0     0 -4855.2715    0  911 -4844.6571 -4855.2715  0.22%     -   24s
     0     0 -4855.2159    0  872 -4844.6571 -4855.2159  0.22%     -   25s
     0     0 -4855.1396    0  870 -4844.6571 -4855.1396  0.22%     -   26s
     0     0 -4855.1396    0  870 -4844.6571 -4855.1396  0.22%     -   26s
     0     0 -4854.8478    0 1089 -4844.6571 -4854.8478  0.21%     -   29s
     0     0 -4854.8026    0 1136 -4844.6571 -4854.8026  0.21%     -   30s
     0     0 -4854.7399    0 1202 -4844.6571 -4854.7399  0.21%     -   30s
     0     0 -4854.7308    0 1111 -4844.6571 -4854.7308  0.21%     -   30s
     0     0 -4854.7307    0 1087 -4844.6571 -4854.7307  0.21%     -   30s
     0     0 -4854.6747    0 1001 -4844.6571 -4854.6747  0.21%     -   33s
     0     0 -4854.6710    0 1021 -4844.6571 -4854.6710  0.21%     -   33s
     0     0 -4854.6710    0 1022 -4844.6571 -4854.6710  0.21%     -   33s
     0     0 -4854.6532    0 1024 -4844.6571 -4854.6532  0.21%     -   34s
     0     0 -4854.6388    0 1027 -4844.6571 -4854.6388  0.21%     -   35s
     0     0 -4854.6388    0 1026 -4844.6571 -4854.6388  0.21%     -   35s
     0     0 -4854.6388    0 1030 -4844.6571 -4854.6388  0.21%     -   36s
     0     0 -4854.6388    0 1026 -4844.6571 -4854.6388  0.21%     -   37s
     0     0 -4854.6388    0  872 -4844.6571 -4854.6388  0.21%     -   38s
     0     0 -4854.6388    0  971 -4844.6571 -4854.6388  0.21%     -   38s
     0     0 -4854.6388    0 1026 -4844.6571 -4854.6388  0.21%     -   39s
     0     0 -4854.6388    0 1026 -4844.6571 -4854.6388  0.21%     -   39s
     0     0 -4854.6388    0  933 -4844.6571 -4854.6388  0.21%     -   39s
     0     0 -4854.6388    0  937 -4844.6571 -4854.6388  0.21%     -   40s
     0     0 -4854.6388    0  997 -4844.6571 -4854.6388  0.21%     -   41s
     0     0 -4854.6388    0 1000 -4844.6571 -4854.6388  0.21%     -   42s
     0     0 -4854.6388    0 1001 -4844.6571 -4854.6388  0.21%     -   42s
     0     0 -4854.6388    0  921 -4844.6571 -4854.6388  0.21%     -   43s
     0     0 -4854.6388    0  919 -4844.6571 -4854.6388  0.21%     -   44s
     0     0 -4854.6388    0  919 -4844.6571 -4854.6388  0.21%     -   44s
     0     0 -4854.6388    0  919 -4844.6571 -4854.6388  0.21%     -   44s
     0     2 -4854.6388    0  919 -4844.6571 -4854.6388  0.21%     -   48s
     3     8 -4851.0791    2  869 -4844.6571 -4854.6080  0.21%  2422   50s
    27    32     cutoff    5      -4844.6571 -4854.3519  0.20%  1615   60s
    85    83 -4846.6497   11  396 -4844.6571 -4854.1915  0.20%  2003   67s
   141   115 -4844.7008   20  291 -4844.6571 -4854.1915  0.20%  1693   71s
   197   132 -4849.3198   10  539 -4844.6571 -4854.1915  0.20%  1554   78s
   213   154 -4848.0326   11  504 -4844.6571 -4854.1915  0.20%  1554   81s
   271   184     cutoff   13      -4844.6571 -4854.1286  0.20%  1435   85s
   400   282 -4846.5851   11  545 -4844.6571 -4854.0966  0.19%  1238   91s
   489   311     cutoff   14      -4844.6571 -4854.0966  0.19%  1129   97s
   528   352 -4848.2810   10  472 -4844.6571 -4853.7794  0.19%  1107  101s
   581   378 -4845.7829   14  386 -4844.6571 -4853.7794  0.19%  1053  105s
   641   392     cutoff   16      -4844.6571 -4853.7794  0.19%  1009  110s
   761   447 -4848.1858   13  489 -4844.6571 -4853.7794  0.19%   963  115s
  1006   616 -4847.2357   11  511 -4844.6571 -4853.7794  0.19%   833  121s
  1205   761     cutoff   14      -4844.6571 -4851.6776  0.14%   738  125s
* 1253   718             124    -4844.702917 -4851.6776  0.14%   720  125s
  1378   647     cutoff   16      -4844.7029 -4851.2884  0.14%   692  130s
* 1383   647             111    -4844.703162 -4851.2884  0.14%   692  130s
  1476   660 -4846.8695   14  401 -4844.7032 -4851.2884  0.14%   697  138s
  1489   662 -4846.6897   15  341 -4844.7032 -4851.2884  0.14%   697  140s
  1615   659 -4846.9833   12  366 -4844.7032 -4850.8793  0.13%   696  145s
  1760   652 -4845.0112   11  354 -4844.7032 -4850.7269  0.12%   692  151s
  1884   673     cutoff   15      -4844.7032 -4850.3568  0.12%   708  158s
  1959   665 -4846.8554   13  439 -4844.7032 -4850.2810  0.12%   710  161s
  2053   688 -4848.5620    7  688 -4844.7032 -4850.2810  0.12%   709  165s
  2226   721     cutoff   12      -4844.7032 -4850.2810  0.12%   708  173s
  2326   719 -4846.6252   13  454 -4844.7032 -4850.2167  0.11%   707  186s
  2350   721 -4845.1768   14  422 -4844.7032 -4849.9272  0.11%   708  199s
  2372   722     cutoff   15      -4844.7032 -4849.8731  0.11%   710  212s
  2395   731 -4845.7735   14  411 -4844.7032 -4849.8731  0.11%   709  224s
  2410   736 -4845.2970   15  406 -4844.7032 -4849.8731  0.11%   709  238s
  2429   743 -4845.2970   16  398 -4844.7032 -4849.8731  0.11%   710  248s
  2446   746     cutoff   17      -4844.7032 -4849.8219  0.11%   708  257s
  2510   767     cutoff   14      -4844.7032 -4849.8219  0.11%   705  264s
  2625   790 -4844.8841   14  380 -4844.7032 -4849.6203  0.10%   707  270s
  2766   800 -4845.9317   11  486 -4844.7032 -4849.5696  0.10%   703  276s
  2938   801     cutoff   13      -4844.7032 -4849.5696  0.10%   696  281s

Cutting planes:
  Gomory: 18
  Cover: 193
  Implied bound: 474
  MIR: 363
  Flow cover: 1027
  Network: 13
  RLT: 17
  Relax-and-lift: 90
  BQP: 13

Explored 3090 nodes (2252489 simplex iterations) in 282.24 seconds (343.06 work units)
Thread count was 24 (of 24 available processors)

Solution count 4: -4844.7 -4844.7 -4844.66 -4844.65 

Optimal solution found (tolerance 1.00e-03)
Best objective -4.844703162384e+03, best bound -4.849322509991e+03, gap 0.0953%
Set parameter MIPGap to value 0.0001
Gurobi Optimizer version 13.0.1 build v13.0.1rc0 (win64 - Windows 10.0 (19045.2))

CPU model: AMD Ryzen 9 5900X 12-Core Processor, instruction set [SSE2|AVX|AVX2]
Thread count: 12 physical cores, 24 logical processors, using up to 24 threads

Non-default parameters:
TimeLimit  10800
NodefileStart  3
LogToConsole  0

Optimize a model with 92746 rows, 89726 columns and 388875 nonzeros (Min)
Model fingerprint: 0xd10b007a
Model has 22 linear objective coefficients
Variable types: 75446 continuous, 14280 integer (14280 binary)
Coefficient statistics:
  Matrix range     [3e-04, 2e+02]
  Objective range  [5e-02, 1e+00]
  Bounds range     [9e-03, 5e+01]
  RHS range        [8e-02, 1e+01]

Warning: Completing partial solution with 14208 unfixed non-continuous variables out of 14280
User MIP start produced solution with objective -4844.7 (0.39s)
User MIP start produced solution with objective -4844.7 (0.40s)
Loaded user MIP start with objective -4844.7
MIP start from previous solve produced solution with objective -4844.7 (2.10s)
MIP start from previous solve produced solution with objective -4844.7 (2.11s)
Loaded MIP start from previous solve with objective -4844.7
Processed MIP start in 2.11 seconds (2.67 work units)

Presolve removed 40297 rows and 29812 columns
Presolve time: 0.77s
Presolved: 52449 rows, 59914 columns, 205449 nonzeros
Variable types: 47241 continuous, 12673 integer (12672 binary)
Deterministic concurrent LP optimizer: primal and dual simplex
Showing primal log only...


Root simplex log...

Iteration    Objective       Primal Inf.    Dual Inf.      Time
   16626   -2.4384805e+03   0.000000e+00   3.875116e+05      5s
   37109   -2.7393288e+03   0.000000e+00   9.165471e+04     10s
   50375   -2.9175356e+03   0.000000e+00   2.184212e+05     15s
Concurrent spin time: 0.00s

Solved with dual simplex

Root simplex log...

Iteration    Objective       Primal Inf.    Dual Inf.      Time
   85047   -4.8553143e+03   0.000000e+00   0.000000e+00     19s

Root relaxation: objective -4.855314e+03, 85047 iterations, 16.43 seconds (20.19 work units)

    Nodes    |    Current Node    |     Objective Bounds      |     Work
 Expl Unexpl |  Obj  Depth IntInf | Incumbent    BestBd   Gap | It/Node Time

     0     0 -4855.3143    0  841 -4844.7030 -4855.3143  0.22%     -   20s
     0     0 -4855.2707    0  828 -4844.7030 -4855.2707  0.22%     -   22s
     0     0 -4855.2548    0 1019 -4844.7030 -4855.2548  0.22%     -   24s
     0     0 -4855.2516    0 1017 -4844.7030 -4855.2516  0.22%     -   25s
     0     0 -4855.2516    0 1017 -4844.7030 -4855.2516  0.22%     -   25s
     0     0 -4854.8360    0 1231 -4844.7030 -4854.8360  0.21%     -   26s
     0     0 -4854.7823    0 1204 -4844.7030 -4854.7823  0.21%     -   27s
     0     0 -4854.7708    0 1173 -4844.7030 -4854.7708  0.21%     -   28s
     0     0 -4854.7706    0 1172 -4844.7030 -4854.7706  0.21%     -   28s
     0     0 -4854.7193    0 1003 -4844.7030 -4854.7193  0.21%     -   29s
     0     0 -4854.7158    0 1086 -4844.7030 -4854.7158  0.21%     -   29s
     0     0 -4854.7158    0 1086 -4844.7030 -4854.7158  0.21%     -   30s
     0     0 -4854.7135    0 1116 -4844.7030 -4854.7135  0.21%     -   30s
     0     0 -4854.7135    0 1116 -4844.7030 -4854.7135  0.21%     -   31s
     0     0 -4854.7135    0 1117 -4844.7030 -4854.7135  0.21%     -   32s
     0     0 -4854.7135    0 1117 -4844.7030 -4854.7135  0.21%     -   33s
     0     0 -4854.7135    0 1076 -4844.7030 -4854.7135  0.21%     -   34s
     0     0 -4854.7135    0  932 -4844.7030 -4854.7135  0.21%     -   35s
     0     0 -4854.6958    0  975 -4844.7030 -4854.6958  0.21%     -   36s
     0     0 -4854.6958    0 1038 -4844.7030 -4854.6958  0.21%     -   37s
     0     0 -4854.6958    0  826 -4844.7030 -4854.6958  0.21%     -   37s
     0     0 -4854.6958    0  882 -4844.7030 -4854.6958  0.21%     -   38s
     0     0 -4854.6958    0  842 -4844.7030 -4854.6958  0.21%     -   39s
     0     0 -4854.6958    0  842 -4844.7030 -4854.6958  0.21%     -   39s
     0     0 -4854.6958    0  842 -4844.7030 -4854.6958  0.21%     -   39s
     0     0 -4854.6958    0  842 -4844.7030 -4854.6958  0.21%     -   39s
     0     0 -4854.6958    0  827 -4844.7030 -4854.6958  0.21%     -   40s
     0     2 -4854.6958    0  825 -4844.7030 -4854.6958  0.21%     -   42s
     3     6 -4851.0993    2  826 -4844.7030 -4854.6457  0.21%  2684   48s
    13    16 -4854.3121    4  804 -4844.7030 -4854.3873  0.20%  3139   50s
    62    71 -4854.2297    9  575 -4844.7030 -4854.3115  0.20%  1435   55s
   107   104 -4852.1710   12  500 -4844.7030 -4854.3115  0.20%  1587   61s
   120   118 -4850.4497   12  463 -4844.7030 -4854.2977  0.20%  1568   65s
   162   161 -4848.0027   14  504 -4844.7030 -4854.2928  0.20%  1683   70s
   245   205 -4844.9775   17  324 -4844.7030 -4854.2609  0.20%  1520   76s
   301   234 -4851.4599    8  507 -4844.7030 -4854.2228  0.20%  1452   80s
   374   278 -4848.2949   12  358 -4844.7030 -4854.2184  0.20%  1329   86s
   420   320 -4846.3541   14  351 -4844.7030 -4854.1474  0.19%  1297   91s
   517   361     cutoff   21      -4844.7030 -4854.1269  0.19%  1162   95s
   670   425 -4848.2100   13  482 -4844.7030 -4853.5889  0.18%  1050  102s
   788   458     cutoff   23      -4844.7030 -4853.5889  0.18%   984  106s
   921   493 -4849.3118    8  553 -4844.7030 -4853.5889  0.18%   933  112s
* 1008   522             110    -4844.702995 -4853.4713  0.18%   910  114s
  1055   531 -4845.5419   11  603 -4844.7030 -4853.4713  0.18%   899  117s
  1201   558 -4849.0394    9  579 -4844.7030 -4852.6143  0.16%   866  122s
  1271   562 -4845.0391   11  413 -4844.7030 -4852.6143  0.16%   855  125s
  1444   592     cutoff   13      -4844.7030 -4852.6143  0.16%   830  132s
  1515   603     cutoff   18      -4844.7030 -4851.2746  0.14%   832  135s
  1601   615 -4847.8285   11  436 -4844.7030 -4851.2034  0.13%   824  148s
  1613   615 -4846.4546   12  375 -4844.7030 -4851.2034  0.13%   829  162s
  1637   618 -4846.1361   13  356 -4844.7030 -4851.2034  0.13%   828  175s
  1658   621 -4845.8618   14  310 -4844.7030 -4851.2034  0.13%   827  188s
  1679   631 -4845.1049   15  294 -4844.7030 -4851.2034  0.13%   828  199s
  1693   661     cutoff   15      -4844.7030 -4851.2034  0.13%   829  207s
  1778   696 -4844.9558   20  278 -4844.7030 -4851.1954  0.13%   824  212s
  1908   703     cutoff    8      -4844.7030 -4851.1954  0.13%   813  216s
  2040   711     cutoff   34      -4844.7030 -4850.5936  0.12%   800  223s
  2056   733 -4845.4112   11  410 -4844.7030 -4850.5704  0.12%   802  228s
  2210   782 -4848.0695   11  450 -4844.7030 -4850.4382  0.12%   780  233s
* 2296   732             111    -4844.702995 -4850.4382  0.12%   765  233s
  2348   741 -4846.3430   16  323 -4844.7030 -4850.4168  0.12%   758  238s
  2519   754 -4848.0925   12  506 -4844.7030 -4850.4168  0.12%   747  243s
  2665   759     cutoff   15      -4844.7030 -4850.4168  0.12%   740  248s
  2823   787 -4846.6003   16  546 -4844.7030 -4849.9799  0.11%   733  253s
  2997   789 -4847.7234    9  497 -4844.7030 -4849.8627  0.11%   724  260s
  3167   812     cutoff   12      -4844.7030 -4849.5925  0.10%   716  267s
  3335   818 -4849.2730   12  565 -4844.7030 -4849.5152  0.10%   713  274s
H 3353   827                    -4844.703147 -4849.3735  0.10%   712  281s
  3477   847 -4848.3239   13  546 -4844.7031 -4849.3735  0.10%   708  287s
  3693   847     cutoff   17      -4844.7031 -4849.0988  0.09%   697  294s
  3915   829     cutoff    8      -4844.7031 -4848.7849  0.08%   689  301s
  4127   825     cutoff   12      -4844.7031 -4848.4652  0.08%   685  309s
  4157   811 -4845.5756   12  416 -4844.7031 -4848.3884  0.08%   687  318s
  4243   808     cutoff   13      -4844.7031 -4848.3884  0.08%   683  326s
  4346   802     cutoff   13      -4844.7031 -4848.3366  0.07%   681  335s
  4456   829     cutoff   11      -4844.7031 -4848.3366  0.07%   680  344s
  4607   825 -4845.1941   12  467 -4844.7031 -4848.3366  0.07%   673  353s
  4740   813     cutoff   13      -4844.7031 -4848.3366  0.07%   670  361s
  4885   815 -4844.8334   11  576 -4844.7031 -4848.3366  0.07%   667  371s
  5054   808     cutoff   12      -4844.7031 -4847.9760  0.07%   660  379s
  5112   797     cutoff   12      -4844.7031 -4847.9204  0.07%   660  391s
  5400   735 -4845.9415   13  376 -4844.7031 -4847.7305  0.06%   650  402s
  5832   603 -4845.3003   19  284 -4844.7031 -4847.1641  0.05%   636  413s
  6288   427     cutoff   16      -4844.7031 -4846.6100  0.04%   623  425s
  6897    56     cutoff   33      -4844.7031 -4846.1392  0.03%   600  436s

Cutting planes:
  Gomory: 5
  Cover: 164
  Implied bound: 541
  Clique: 1
  MIR: 227
  Flow cover: 865
  Network: 14
  RLT: 3
  Relax-and-lift: 90
  BQP: 7

Explored 7709 nodes (4410230 simplex iterations) in 438.61 seconds (489.62 work units)
Thread count was 24 (of 24 available processors)

Solution count 5: -4844.7 -4844.7 -4844.7 ... -4844.7
No other solutions better than -4844.7

Optimal solution found (tolerance 1.00e-04)
Best objective -4.844703146860e+03, best bound -4.844703146860e+03, gap 0.0000%
