
Gurobi 13.0.1 (win64) logging started Wed Oct  7 15:28:00 2026

Set parameter LogFile to value "ieee_owen\weak_eps_experiment\stochastic\main17\logs\n15_S20_day7_ef_gurobi.log"
Set parameter NodefileStart to value 3
Set parameter MIPGap to value 0.0001
Gurobi Optimizer version 13.0.1 build v13.0.1rc0 (win64 - Windows 10.0 (19045.2))

CPU model: AMD Ryzen 9 5900X 12-Core Processor, instruction set [SSE2|AVX|AVX2]
Thread count: 12 physical cores, 24 logical processors, using up to 24 threads

Non-default parameters:
TimeLimit  10800
NodefileStart  3
LogToConsole  0

Optimize a model with 92686 rows, 89726 columns and 388655 nonzeros (Min)
Model fingerprint: 0x5fc0c7a2
Model has 22 linear objective coefficients
Variable types: 75446 continuous, 14280 integer (14280 binary)
Coefficient statistics:
  Matrix range     [3e-04, 2e+02]
  Objective range  [5e-02, 1e+00]
  Bounds range     [9e-03, 5e+01]
  RHS range        [8e-02, 1e+01]

Presolve removed 40282 rows and 29797 columns
Presolve time: 0.79s
Presolved: 52404 rows, 59929 columns, 205303 nonzeros
Variable types: 47252 continuous, 12677 integer (12676 binary)
Found heuristic solution: objective -4423.675277
Deterministic concurrent LP optimizer: primal and dual simplex
Showing primal log only...


Root simplex log...

Iteration    Objective       Primal Inf.    Dual Inf.      Time
   23183   -2.9187353e+03   0.000000e+00   7.472386e+04      5s
   39671   -3.1231507e+03   0.000000e+00   1.247155e+05     10s
   52213   -3.2298777e+03   0.000000e+00   5.254841e+06     15s
   62893   -3.3173085e+03   0.000000e+00   5.465845e+04     20s
Concurrent spin time: 0.00s

Solved with dual simplex

Root simplex log...

Iteration    Objective       Primal Inf.    Dual Inf.      Time
   96942   -5.0967799e+03   0.000000e+00   0.000000e+00     21s

Root relaxation: objective -5.096780e+03, 96942 iterations, 19.46 seconds (24.63 work units)

    Nodes    |    Current Node    |     Objective Bounds      |     Work
 Expl Unexpl |  Obj  Depth IntInf | Incumbent    BestBd   Gap | It/Node Time

     0     0 -5096.7799    0  773 -4423.6753 -5096.7799  15.2%     -   21s
H    0     0                    -5019.659466 -5096.7799  1.54%     -   23s
H    0     0                    -5058.505150 -5096.7799  0.76%     -   25s
     0     0 -5096.6991    0 1080 -5058.5051 -5096.6991  0.76%     -   26s
     0     0 -5096.6620    0 1083 -5058.5051 -5096.6620  0.75%     -   29s
     0     0 -5096.6154    0 1094 -5058.5051 -5096.6154  0.75%     -   31s
     0     0 -5096.6043    0 1107 -5058.5051 -5096.6043  0.75%     -   31s
     0     0 -5096.6004    0 1082 -5058.5051 -5096.6004  0.75%     -   31s
     0     0 -5096.4546    0 1078 -5058.5051 -5096.4546  0.75%     -   31s
     0     0 -5096.4546    0 1103 -5058.5051 -5096.4546  0.75%     -   31s
     0     0 -5096.4546    0 1105 -5058.5051 -5096.4546  0.75%     -   32s
     0     0 -5096.2797    0 1069 -5058.5051 -5096.2797  0.75%     -   33s
     0     0 -5096.2219    0 1237 -5058.5051 -5096.2219  0.75%     -   35s
     0     0 -5096.1840    0 1257 -5058.5051 -5096.1840  0.74%     -   35s
     0     0 -5096.1824    0 1245 -5058.5051 -5096.1824  0.74%     -   35s
     0     0 -5096.1820    0 1141 -5058.5051 -5096.1820  0.74%     -   35s
     0     0 -5096.1576    0 1058 -5058.5051 -5096.1576  0.74%     -   36s
     0     0 -5096.0929    0 1124 -5058.5051 -5096.0929  0.74%     -   37s
     0     0 -5096.0929    0 1101 -5058.5051 -5096.0929  0.74%     -   37s
     0     0 -5096.0470    0 1181 -5058.5051 -5096.0470  0.74%     -   38s
     0     0 -5096.0414    0 1075 -5058.5051 -5096.0414  0.74%     -   39s
     0     0 -5096.0289    0 1126 -5058.5051 -5096.0289  0.74%     -   39s
     0     0 -5096.0289    0 1129 -5058.5051 -5096.0289  0.74%     -   40s
     0     0 -5096.0289    0 1132 -5058.5051 -5096.0289  0.74%     -   41s
     0     0 -5096.0289    0 1132 -5058.5051 -5096.0289  0.74%     -   42s
     0     0 -5096.0289    0 1131 -5058.5051 -5096.0289  0.74%     -   43s
     0     0 -5096.0289    0  948 -5058.5051 -5096.0289  0.74%     -   43s
     0     0 -5096.0289    0  958 -5058.5051 -5096.0289  0.74%     -   44s
H    0     0                    -5059.347180 -5096.0289  0.73%     -   44s
     0     0 -5096.0289    0 1039 -5059.3472 -5096.0289  0.73%     -   44s
     0     0 -5096.0289    0 1039 -5059.3472 -5096.0289  0.73%     -   44s
     0     0 -5096.0289    0  940 -5059.3472 -5096.0289  0.73%     -   45s
     0     0 -5096.0289    0 1026 -5059.3472 -5096.0289  0.73%     -   47s
     0     0 -5096.0289    0 1010 -5059.3472 -5096.0289  0.73%     -   47s
     0     0 -5096.0289    0  933 -5059.3472 -5096.0289  0.73%     -   48s
     0     0 -5096.0262    0  933 -5059.3472 -5096.0262  0.72%     -   48s
     0     0 -5096.0262    0  933 -5059.3472 -5096.0262  0.72%     -   48s
     0     0 -5096.0262    0  894 -5059.3472 -5096.0262  0.72%     -   49s
     0     2 -5096.0262    0  893 -5059.3472 -5096.0262  0.72%     -   50s
H   10    16                    -5059.347413 -5095.8527  0.72%  1432   54s
    15    28 -5089.4506    4 1001 -5059.3474 -5095.8485  0.72%  2324   56s
    27    56 -5084.4212    5  676 -5059.3474 -5095.6141  0.72%  2125   60s
    80   105 -5083.3656    7  902 -5059.3474 -5095.6106  0.72%  2035   68s
   104   122 -5081.9341    8  838 -5059.3474 -5095.6106  0.72%  2070   70s
H  129   136                    -5059.350609 -5095.6106  0.72%  2063   72s
   135   162 -5080.8061   10  804 -5059.3506 -5095.6106  0.72%  2061   75s
   200   231 -5077.1996   14  695 -5059.3506 -5095.6106  0.72%  1899   81s
   256   261 -5074.4095   19  626 -5059.3506 -5095.5923  0.72%  1702   85s
H  275   283                    -5069.600150 -5095.5923  0.51%  1691   87s
H  294   292                    -5071.405408 -5095.5923  0.48%  1660   91s
H  299   292                    -5071.408097 -5095.5923  0.48%  1647   91s
   343   345 -5074.0177   24  442 -5071.4081 -5095.5923  0.48%  1547   95s
H  376   372                    -5077.472740 -5095.5923  0.36%  1490   97s
   394   390     cutoff   28      -5077.4727 -5095.5923  0.36%  1458  100s
H  447   413                    -5079.357953 -5095.5923  0.32%  1391  102s
H  451   413                    -5081.064941 -5095.5923  0.29%  1383  102s
   463   452 -5089.5943   10  569 -5081.0649 -5095.5923  0.29%  1398  105s
H  486   452                    -5081.778614 -5095.4976  0.27%  1349  105s
H  501   452                    -5082.451737 -5095.4976  0.26%  1333  105s
H  540   479                    -5082.480226 -5095.4976  0.26%  1300  107s
H  549   479                    -5083.349956 -5095.4976  0.24%  1286  107s
   555   495 -5089.8993   10  620 -5083.3500 -5095.4976  0.24%  1289  110s
H  622   526                    -5083.506246 -5095.4976  0.24%  1287  114s
   630   555 -5086.7778   14  513 -5083.5062 -5095.4976  0.24%  1284  116s
H  705   580                    -5083.558445 -5095.4976  0.23%  1249  119s
   713   613 -5084.4289   18  328 -5083.5584 -5095.2704  0.23%  1252  122s
H  754   613                    -5083.689238 -5095.2704  0.23%  1227  122s
   762   645 -5084.1460   19  312 -5083.6892 -5095.2704  0.23%  1226  125s
H  802   645                    -5083.933079 -5095.2704  0.22%  1223  125s
H  841   685                    -5084.117222 -5095.2637  0.22%  1221  129s
H  849   685                    -5084.138393 -5095.2637  0.22%  1209  129s
   864   705 -5089.7925    9  750 -5084.1384 -5095.2637  0.22%  1201  133s
H  909   705                    -5084.148474 -5095.2637  0.22%  1188  133s
H  917   705                    -5084.201696 -5095.2637  0.22%  1177  133s
   931   701 -5089.7852   10  721 -5084.2017 -5095.2637  0.22%  1174  137s
H  961   701                    -5084.250891 -5095.2637  0.22%  1171  137s
H  969   701                    -5084.698298 -5095.2637  0.21%  1162  137s
H  976   701                    -5084.701820 -5095.2637  0.21%  1154  137s
   998   682 -5085.1870   15  569 -5084.7018 -5095.2637  0.21%  1141  141s
H 1031   682                    -5084.704453 -5094.9090  0.20%  1142  141s
  1060   692 -5091.0359    8  668 -5084.7045 -5094.9090  0.20%  1123  145s
H 1117   692                    -5084.714271 -5094.3444  0.19%  1105  145s
  1130   684 -5085.6887   11  494 -5084.7143 -5094.3444  0.19%  1101  150s
  1188   676 -5088.8288    9  672 -5084.7143 -5094.3444  0.19%  1096  155s
  1263   657 -5084.9355   13  519 -5084.7143 -5094.3444  0.19%  1089  160s
  1325   653 -5085.5260   11  468 -5084.7143 -5094.1883  0.19%  1093  165s
  1348   664 -5085.0903   12  470 -5084.7143 -5094.1883  0.19%  1090  170s
  1451   641 -5086.2752   15  381 -5084.7143 -5094.1236  0.19%  1065  175s
  1531   641 -5089.4385    9  571 -5084.7143 -5093.7371  0.18%  1068  181s
  1547   686 -5088.6645   10  607 -5084.7143 -5093.7371  0.18%  1075  187s
  1653   655 -5084.8030   13  466 -5084.7143 -5093.7371  0.18%  1056  192s
  1759   709 -5088.1158   11  510 -5084.7143 -5092.9110  0.16%  1043  197s
  1857   735 -5086.9174   16  441 -5084.7143 -5092.6100  0.16%  1035  203s
  1979   752 -5085.4321   21  222 -5084.7143 -5092.5982  0.16%  1026  208s
  2101   849 -5090.3588   14  523 -5084.7143 -5091.8741  0.14%  1017  214s
H 2126   762                    -5085.089108 -5091.8741  0.13%  1014  214s
  2237   870 -5086.8509   24  339 -5085.0891 -5091.8741  0.13%   994  221s
H 2428  1031                    -5085.240901 -5091.7171  0.13%   954  227s
H 2432  1028                    -5085.244877 -5091.7171  0.13%   953  227s
* 2460  1017              87    -5085.293119 -5091.7171  0.13%   942  227s
H 2480   916                    -5085.476275 -5091.7171  0.12%   938  227s
  2704   757 -5087.8415   16  894 -5085.4763 -5091.5518  0.12%   886  272s
  2706   758 -5088.8777   10 1359 -5085.4763 -5091.5518  0.12%   885  299s
  2707   759 -5087.4843   17 1493 -5085.4763 -5091.5518  0.12%   885  302s
  2711   762 -5090.6182   10 1754 -5085.4763 -5091.5518  0.12%   884  305s
  2720   768 -5085.5907    9 1237 -5085.4763 -5091.5518  0.12%   881  332s
  2721   768 -5087.0473   12 1237 -5085.4763 -5091.5518  0.12%   880  337s
  2722   772 -5091.5518   16 1282 -5085.4763 -5091.5518  0.12%   924  340s
  2736   791 -5091.5518   19 1017 -5085.4763 -5091.5518  0.12%   936  346s
  2748   810 -5091.5518   20 1107 -5085.4763 -5091.5518  0.12%   943  350s
  2792   824 -5089.9315   21 1011 -5085.4763 -5091.5518  0.12%   955  355s
  2848   827 -5088.4413   23 1040 -5085.4763 -5091.5518  0.12%   963  361s
  2909   823 -5087.2571   25  908 -5085.4763 -5091.5518  0.12%   957  366s
  3005   820     cutoff   22      -5085.4763 -5091.0513  0.11%   954  371s
  3087   810 -5086.3509   31  643 -5085.4763 -5091.0477  0.11%   953  377s
  3119   807     cutoff   32      -5085.4763 -5090.8150  0.10%   955  380s
  3184   786 -5088.2296   21  887 -5085.4763 -5090.3004  0.09%   955  386s
  3229   772 -5086.1334   23  911 -5085.4763 -5090.1417  0.09%   955  390s
  3293   749     cutoff   23      -5085.4763 -5089.6714  0.08%   954  401s
  3316   753     cutoff   24      -5085.4763 -5089.6714  0.08%   953  408s
  3346   740     cutoff   26      -5085.4763 -5089.1279  0.07%   954  416s
  3395   714 -5085.5730   26 1022 -5085.4763 -5089.1279  0.07%   950  424s
  3452   706 -5085.5730   27 1020 -5085.4763 -5088.5870  0.06%   946  431s
  3496   684 -5086.3034   30  622 -5085.4763 -5088.4722  0.06%   945  440s
  3568   665 -5087.5305   23 1110 -5085.4763 -5088.4722  0.06%   942  448s
  3644   642 -5086.3182   27  971 -5085.4763 -5088.2704  0.05%   934  456s
  3702   599 -5085.9990   29  786 -5085.4763 -5088.2704  0.05%   931  463s
  3786   545     cutoff   30      -5085.4763 -5087.3765  0.04%   925  473s
  3833   518     cutoff   31      -5085.4763 -5087.2806  0.04%   922  479s
  3985   443 -5085.5200   28  775 -5085.4763 -5087.2798  0.04%   908  484s
  4161   364 -5085.7159   34  451 -5085.4763 -5086.3759  0.02%   884  489s
  4381   220     cutoff   39      -5085.4763 -5086.1167  0.01%   853  492s

Cutting planes:
  Gomory: 2
  Cover: 2
  Implied bound: 17
  MIR: 28
  Flow cover: 230
  Flow path: 3
  Relax-and-lift: 25

Explored 4606 nodes (3889387 simplex iterations) in 492.51 seconds (644.13 work units)
Thread count was 24 (of 24 available processors)

Solution count 10: -5085.48 -5085.48 -5085.29 ... -5084.7

Optimal solution found (tolerance 1.00e-04)
Best objective -5.085476274616e+03, best bound -5.085609453574e+03, gap 0.0026%
