
Gurobi 13.0.1 (win64) logging started Wed Oct  7 07:35:09 2026

Set parameter LogFile to value "ieee_owen\weak_eps_experiment\stochastic\main17\logs\n30_S20_day5_ef_gurobi.log"
Set parameter NodefileStart to value 3
Set parameter MIPGap to value 0.001
Gurobi Optimizer version 13.0.1 build v13.0.1rc0 (win64 - Windows 10.0 (19045.2))

CPU model: AMD Ryzen 9 5900X 12-Core Processor, instruction set [SSE2|AVX|AVX2]
Thread count: 12 physical cores, 24 logical processors, using up to 24 threads

Non-default parameters:
TimeLimit  10800
MIPGap  0.001
NodefileStart  3
LogToConsole  0

Optimize a model with 171952 rows, 172166 columns and 744870 nonzeros (Min)
Model fingerprint: 0x85b20174
Model has 22 linear objective coefficients
Variable types: 145046 continuous, 27120 integer (27120 binary)
Coefficient statistics:
  Matrix range     [3e-04, 2e+02]
  Objective range  [5e-02, 1e+00]
  Bounds range     [9e-03, 6e+01]
  RHS range        [7e-02, 1e+01]

Presolve removed 76119 rows and 62167 columns
Presolve time: 1.68s
Presolved: 95833 rows, 109999 columns, 377939 nonzeros
Variable types: 85510 continuous, 24489 integer (24488 binary)
Found heuristic solution: objective -5108.198961
Deterministic concurrent LP optimizer: primal and dual simplex
Showing primal log only...

Warning: Markowitz tolerance tightened to 0.0625

Root simplex log...

Iteration    Objective       Primal Inf.    Dual Inf.      Time
   17433   -2.6048862e+03   0.000000e+00   7.391221e+05      5s
   33124   -2.9536365e+03   0.000000e+00   5.297345e+05     10s
   44966   -3.1400126e+03   0.000000e+00   1.223741e+06     15s
   54783   -3.2505310e+03   0.000000e+00   3.126303e+05     20s
   64517   -3.3492950e+03   0.000000e+00   4.130763e+05     25s
   73227   -3.4070462e+03   0.000000e+00   3.162922e+05     30s
   81068   -3.4549667e+03   0.000000e+00   1.488762e+05     35s
   88728   -3.5054895e+03   0.000000e+00   1.514951e+05     40s
   95629   -3.5467400e+03   0.000000e+00   4.230383e+05     45s
  102979   -3.5874848e+03   0.000000e+00   6.131699e+04     50s
  110030   -3.6287699e+03   0.000000e+00   5.169613e+04     55s
  116981   -3.6631224e+03   0.000000e+00   8.519902e+04     60s
  124510   -3.7068702e+03   0.000000e+00   4.951202e+04     65s
  131680   -3.7419052e+03   0.000000e+00   5.532254e+04     70s
Concurrent spin time: 0.00s

Solved with dual simplex

Root simplex log...

Iteration    Objective       Primal Inf.    Dual Inf.      Time
  199547   -6.3151976e+03   0.000000e+00   0.000000e+00     71s

Root relaxation: objective -6.315198e+03, 199547 iterations, 68.97 seconds (90.00 work units)

    Nodes    |    Current Node    |     Objective Bounds      |     Work
 Expl Unexpl |  Obj  Depth IntInf | Incumbent    BestBd   Gap | It/Node Time

     0     0 -6315.1976    0  837 -5108.1990 -6315.1976  23.6%     -   73s
H    0     0                    -6266.241554 -6315.1976  0.78%     -   78s
H    0     0                    -6266.720836 -6315.1976  0.77%     -   82s
     0     0 -6315.0980    0  949 -6266.7208 -6315.0980  0.77%     -   86s
H    0     0                    -6273.269107 -6315.0913  0.67%     -   93s
     0     0 -6315.0913    0 1038 -6273.2691 -6315.0913  0.67%     -   95s
     0     0 -6315.0913    0 1037 -6273.2691 -6315.0913  0.67%     -   95s
     0     0 -6315.0723    0  980 -6273.2691 -6315.0723  0.67%     -   97s
H    0     0                    -6277.035263 -6315.0723  0.61%     -  101s
     0     0 -6315.0723    0  982 -6277.0353 -6315.0723  0.61%     -  102s
     0     0 -6315.0679    0  971 -6277.0353 -6315.0679  0.61%     -  103s
     0     0 -6315.0679    0  970 -6277.0353 -6315.0679  0.61%     -  103s
     0     0 -6315.0679    0  969 -6277.0353 -6315.0679  0.61%     -  105s
     0     0 -6315.0427    0  973 -6277.0353 -6315.0427  0.61%     -  106s
     0     0 -6315.0427    0  973 -6277.0353 -6315.0427  0.61%     -  106s
     0     0 -6315.0427    0  968 -6277.0353 -6315.0427  0.61%     -  108s
     0     0 -6315.0427    0  966 -6277.0353 -6315.0427  0.61%     -  109s
     0     0 -6315.0427    0  966 -6277.0353 -6315.0427  0.61%     -  110s
     0     0 -6315.0427    0  715 -6277.0353 -6315.0427  0.61%     -  111s
     0     0 -6315.0427    0  825 -6277.0353 -6315.0427  0.61%     -  113s
     0     0 -6315.0427    0  734 -6277.0353 -6315.0427  0.61%     -  114s
     0     0 -6315.0427    0  719 -6277.0353 -6315.0427  0.61%     -  115s
     0     0 -6315.0427    0 1029 -6277.0353 -6315.0427  0.61%     -  117s
     0     0 -6315.0427    0  908 -6277.0353 -6315.0427  0.61%     -  118s
     0     0 -6315.0427    0  709 -6277.0353 -6315.0427  0.61%     -  120s
     0     0 -6315.0427    0  873 -6277.0353 -6315.0427  0.61%     -  122s
     0     0 -6315.0427    0  856 -6277.0353 -6315.0427  0.61%     -  123s
     0     0 -6315.0427    0  742 -6277.0353 -6315.0427  0.61%     -  125s
     0     0 -6315.0427    0 1043 -6277.0353 -6315.0427  0.61%     -  128s
     0     0 -6315.0427    0 1040 -6277.0353 -6315.0427  0.61%     -  129s
     0     0 -6315.0427    0  858 -6277.0353 -6315.0427  0.61%     -  130s
     0     0 -6315.0427    0  856 -6277.0353 -6315.0427  0.61%     -  131s
     0     0 -6315.0427    0  856 -6277.0353 -6315.0427  0.61%     -  132s
H    0     0                    -6297.225178 -6315.0427  0.28%     -  136s
     0     2 -6315.0427    0  856 -6297.2252 -6315.0427  0.28%     -  138s
     3     8 -6314.9558    2  709 -6297.2252 -6315.0355  0.28%   969  140s
    15    28 -6314.7574    4  762 -6297.2252 -6314.9555  0.28%  1046  145s
    27    44 -6314.7574    5  797 -6297.2252 -6314.9330  0.28%  1094  152s
    43    56 -6314.4148    7  630 -6297.2252 -6314.9248  0.28%  1227  160s
    55    74 -6314.5936    7  664 -6297.2252 -6314.9248  0.28%  1163  168s
    73    97 -6313.8884    8  763 -6297.2252 -6314.9248  0.28%  1264  174s
    96   130 -6313.7989    8  814 -6297.2252 -6314.9248  0.28%  1273  182s
   129   142 -6313.3523    9  729 -6297.2252 -6314.9248  0.28%  1395  198s
H  130   142                    -6301.172458 -6314.9248  0.22%  1384  198s
H  132   142                    -6304.337781 -6314.9248  0.17%  1417  198s
H  137   142                    -6304.774764 -6314.9248  0.16%  1408  198s
   141   187 -6313.8666    9  760 -6304.7748 -6314.9248  0.16%  1403  208s
   186   223 -6312.4911   12  770 -6304.7748 -6314.9248  0.16%  1504  217s
   222   255 -6308.2238   15  488 -6304.7748 -6314.9248  0.16%  1719  225s
   258   296 -6310.8919   16  612 -6304.7748 -6314.9248  0.16%  1781  233s
   309   328 -6309.0819   19  631 -6304.7748 -6314.9248  0.16%  1703  243s
   349   360 -6308.6619   21  683 -6304.7748 -6314.8737  0.16%  1696  252s
   387   397 -6307.5533   27  571 -6304.7748 -6314.8737  0.16%  1741  260s
   430   450 -6307.1377   29  398 -6304.7748 -6314.8737  0.16%  1688  267s
   488   492 -6306.9289   35  285 -6304.7748 -6314.8737  0.16%  1607  274s
   544   547 -6306.5745   41  322 -6304.7748 -6314.8737  0.16%  1537  280s
   621   581 -6305.0557   48  145 -6304.7748 -6314.8737  0.16%  1425  289s
   683   621 -6304.7858   56   67 -6304.7748 -6314.8239  0.16%  1367  299s
H  688   621                    -6304.774765 -6314.8239  0.16%  1357  299s
   728   674 -6304.7858   62   58 -6304.7748 -6314.8239  0.16%  1339  305s
   800   746 -6304.7858   73   40 -6304.7748 -6314.8239  0.16%  1275  312s
   880   801 -6304.7858   85   27 -6304.7748 -6314.8239  0.16%  1212  317s
   951   858 -6304.7858   95   12 -6304.7748 -6314.7890  0.16%  1173  326s
*  966   798             109    -6304.785786 -6314.7890  0.16%  1155  326s
  1040   824     cutoff  109      -6304.7858 -6314.7365  0.16%  1125  333s
* 1066   760             119    -6304.793260 -6314.7365  0.16%  1123  333s
  1100   818 -6313.3380    6 1132 -6304.7933 -6314.7365  0.16%  1113  340s
  1164   886 -6312.4227    8 1061 -6304.7933 -6314.7365  0.16%  1099  349s
  1234   950 -6311.3001   10 1071 -6304.7933 -6314.7365  0.16%  1090  357s
* 1283   873              97    -6304.897446 -6314.6267  0.15%  1084  357s
  1316   909 -6309.3187   14  934 -6304.8974 -6314.6267  0.15%  1077  368s
  1396   968 -6308.6722   16  921 -6304.8974 -6314.5242  0.15%  1078  379s
  1491  1024 -6307.3634   21  496 -6304.8974 -6314.5088  0.15%  1072  389s
  1578  1099 -6306.2086   28  366 -6304.8974 -6314.5088  0.15%  1059  400s
  1666  1188 -6309.1188    6  621 -6304.8974 -6314.5088  0.15%  1053  414s
* 1699  1134              89    -6304.946489 -6314.5088  0.15%  1038  414s
  1779  1172 -6307.7038    9  760 -6304.9465 -6314.5088  0.15%  1030  423s
  1878  1220 -6306.0971   12  742 -6304.9465 -6314.5088  0.15%  1015  434s
* 1937   953              86    -6306.060118 -6314.5088  0.13%  1003  434s
  2022   935     cutoff   17      -6306.0601 -6314.5088  0.13%   981  446s
  2083   965 -6310.2400    9  946 -6306.0601 -6314.4764  0.13%   996  461s
  2132  1020 -6309.2681   11  744 -6306.0601 -6314.4515  0.13%  1015  473s
  2197  1081 -6307.4249   15  822 -6306.0601 -6314.4515  0.13%  1023  488s
  2295  1167 -6306.9088   16  538 -6306.0601 -6314.4239  0.13%  1029  505s
H 2426  1143                    -6306.159217 -6314.3816  0.13%  1027  546s
H 2426  1104                    -6306.197003 -6314.3816  0.13%  1027  546s
H 2426  1104                    -6306.197077 -6314.3816  0.13%  1027  546s
H 2426  1091                    -6306.230133 -6314.3816  0.13%  1027  556s
H 2426  1090                    -6306.232210 -6314.3816  0.13%  1027  560s
H 2426  1084                    -6306.240454 -6314.3816  0.13%  1027  560s
H 2426  1084                    -6306.240793 -6314.3816  0.13%  1027  560s
H 2426  1084                    -6306.241324 -6314.3816  0.13%  1027  561s
H 2426  1084                    -6306.241398 -6314.3816  0.13%  1027  561s
  2427  1077 -6310.3532   14  856 -6306.2414 -6314.3816  0.13%  1027  636s
  2429  1078 -6310.9285   13 1262 -6306.2414 -6314.3816  0.13%  1026  736s
  2430  1079 -6307.0045   24 1593 -6306.2414 -6314.3816  0.13%  1025  741s
  2436  1083 -6307.2379   30 1002 -6306.2414 -6314.3816  0.13%  1023  838s
  2437  1084 -6313.1214    9 1002 -6306.2414 -6314.3816  0.13%  1022  853s
  2438  1087 -6314.3816   12 1321 -6306.2414 -6314.3816  0.13%  1136  861s
  2440  1091 -6314.3816   13 1507 -6306.2414 -6314.3816  0.13%  1140  867s
  2444  1093 -6314.0640   14 1507 -6306.2414 -6314.3816  0.13%  1146  878s
  2452  1101 -6313.7347   15 1398 -6306.2414 -6314.0420  0.12%  1173  886s
  2464  1116 -6310.8529   16 1292 -6306.2414 -6313.7334  0.12%  1186  899s
  2495  1110 -6309.3250   17 1162 -6306.2414 -6312.7485  0.10%  1206  908s

Cutting planes:
  Gomory: 4
  Cover: 20
  Implied bound: 14
  MIR: 29
  Flow cover: 160
  Relax-and-lift: 38

Explored 2516 nodes (3323643 simplex iterations) in 909.07 seconds (1200.95 work units)
Thread count was 24 (of 24 available processors)

Solution count 10: -6306.24 -6306.24 -6306.24 ... -6306.2

Optimal solution found (tolerance 1.00e-03)
Best objective -6.306241398417e+03, best bound -6.311758383097e+03, gap 0.0875%
Set parameter MIPGap to value 0.001
Gurobi Optimizer version 13.0.1 build v13.0.1rc0 (win64 - Windows 10.0 (19045.2))

CPU model: AMD Ryzen 9 5900X 12-Core Processor, instruction set [SSE2|AVX|AVX2]
Thread count: 12 physical cores, 24 logical processors, using up to 24 threads

Non-default parameters:
TimeLimit  10800
MIPGap  0.001
NodefileStart  3
LogToConsole  0

Optimize a model with 171972 rows, 172166 columns and 744950 nonzeros (Min)
Model fingerprint: 0x8f90a70a
Model has 22 linear objective coefficients
Variable types: 145046 continuous, 27120 integer (27120 binary)
Coefficient statistics:
  Matrix range     [5e-05, 2e+02]
  Objective range  [5e-02, 1e+00]
  Bounds range     [9e-03, 6e+01]
  RHS range        [7e-02, 1e+01]

Warning: Completing partial solution with 26976 unfixed non-continuous variables out of 27120
User MIP start produced solution with objective -6303.69 (0.87s)
User MIP start produced solution with objective -6303.69 (0.90s)
Loaded user MIP start with objective -6303.69
MIP start from previous solve produced solution with objective -6303.69 (3.89s)
MIP start from previous solve produced solution with objective -6303.69 (3.92s)
Loaded MIP start from previous solve with objective -6303.69
Processed MIP start in 3.92 seconds (5.27 work units)

Presolve removed 76119 rows and 62167 columns
Presolve time: 1.66s
Presolved: 95853 rows, 109999 columns, 377999 nonzeros
Variable types: 85510 continuous, 24489 integer (24488 binary)
Deterministic concurrent LP optimizer: primal and dual simplex
Showing primal log only...


Root simplex log...

Iteration    Objective       Primal Inf.    Dual Inf.      Time
       0    0.0000000e+00   2.158231e+02   9.046251e+09      6s
    3496    1.0120802e+05   0.000000e+00   1.289809e+06      6s
   24715   -2.6542015e+03   0.000000e+00   1.799542e+05     10s
   39285   -2.9501751e+03   0.000000e+00   1.296623e+06     15s
   50988   -3.0893866e+03   0.000000e+00   7.826510e+04     20s
   62511   -3.2009250e+03   0.000000e+00   5.108345e+05     25s
   72162   -3.2872148e+03   0.000000e+00   8.270922e+05     30s
   80562   -3.3546331e+03   0.000000e+00   1.378022e+06     35s
   88901   -3.4021288e+03   0.000000e+00   1.812641e+05     40s
   96611   -3.4445285e+03   0.000000e+00   1.334872e+05     45s
  103372   -3.4797581e+03   0.000000e+00   2.451387e+05     50s
  110173   -3.5193564e+03   0.000000e+00   9.998650e+04     55s
  117183   -3.5568755e+03   0.000000e+00   2.285733e+05     60s
  123764   -3.5893885e+03   0.000000e+00   8.653912e+04     65s
Concurrent spin time: 0.00s

Solved with dual simplex

Root simplex log...

Iteration    Objective       Primal Inf.    Dual Inf.      Time
  200557   -6.3128906e+03   0.000000e+00   0.000000e+00     69s

Root relaxation: objective -6.312891e+03, 200557 iterations, 62.97 seconds (77.88 work units)

    Nodes    |    Current Node    |     Objective Bounds      |     Work
 Expl Unexpl |  Obj  Depth IntInf | Incumbent    BestBd   Gap | It/Node Time

     0     0 -6312.8906    0  857 -6303.6923 -6312.8906  0.15%     -   71s
     0     0 -6312.7116    0  974 -6303.6923 -6312.7116  0.14%     -   77s
     0     0 -6312.7116    0 1001 -6303.6923 -6312.7116  0.14%     -   78s
     0     0 -6312.7113    0  994 -6303.6923 -6312.7113  0.14%     -   80s
     0     0 -6312.6523    0 1066 -6303.6923 -6312.6523  0.14%     -   81s
     0     0 -6312.6523    0 1067 -6303.6923 -6312.6523  0.14%     -   83s
     0     0 -6312.5882    0  925 -6303.6923 -6312.5882  0.14%     -   84s
     0     0 -6312.5882    0  924 -6303.6923 -6312.5882  0.14%     -   84s
     0     0 -6312.5882    0  921 -6303.6923 -6312.5882  0.14%     -   85s
     0     0 -6312.5882    0  928 -6303.6923 -6312.5882  0.14%     -   86s
     0     0 -6312.5881    0  928 -6303.6923 -6312.5881  0.14%     -   87s
     0     0 -6312.5881    0  928 -6303.6923 -6312.5881  0.14%     -   89s
     0     0 -6312.5847    0  928 -6303.6923 -6312.5847  0.14%     -   89s
     0     0 -6312.5847    0  927 -6303.6923 -6312.5847  0.14%     -   90s
     0     0 -6312.5847    0  820 -6303.6923 -6312.5847  0.14%     -   92s
     0     0 -6312.5847    0  823 -6303.6923 -6312.5847  0.14%     -   98s
     0     0 -6312.5847    0  807 -6303.6923 -6312.5847  0.14%     -   99s
     0     0 -6312.5847    0  807 -6303.6923 -6312.5847  0.14%     -  100s
     0     0 -6312.5673    0  807 -6303.6923 -6312.5673  0.14%     -  101s
     0     0 -6312.5673    0  959 -6303.6923 -6312.5673  0.14%     -  102s
     0     0 -6312.5673    0  834 -6303.6923 -6312.5673  0.14%     -  104s
     0     0 -6312.5673    0  991 -6303.6923 -6312.5673  0.14%     -  105s
     0     0 -6312.5673    0  987 -6303.6923 -6312.5673  0.14%     -  106s
     0     0 -6312.5673    0  822 -6303.6923 -6312.5673  0.14%     -  108s
     0     0 -6312.5673    0  820 -6303.6923 -6312.5673  0.14%     -  109s
     0     0 -6312.5673    0  820 -6303.6923 -6312.5673  0.14%     -  109s
     0     0 -6312.5673    0  820 -6303.6923 -6312.5673  0.14%     -  109s
     0     2 -6312.5673    0  820 -6303.6923 -6312.5673  0.14%     -  115s
     3     8 -6311.3678    2  823 -6303.6923 -6312.1996  0.13%  4293  122s
     7    16 -6306.7103    3  773 -6303.6923 -6311.3676  0.12%  4287  125s
    15    24 -6306.7087    4  795 -6303.6923 -6311.1616  0.12%  3601  130s
    27    26     cutoff    5      -6303.6923 -6310.3818  0.11%  3056  135s

Cutting planes:
  Gomory: 20
  Cover: 52
  Implied bound: 96
  Clique: 20
  MIR: 75
  Flow cover: 404
  Network: 1
  Relax-and-lift: 50
  BQP: 1

Explored 43 nodes (352030 simplex iterations) in 135.55 seconds (161.61 work units)
Thread count was 24 (of 24 available processors)

Solution count 3: -6303.69 -6303.69 -6303.69 

Optimal solution found (tolerance 1.00e-03)
Best objective -6.303692262923e+03, best bound -6.309518142364e+03, gap 0.0924%
Set parameter MIPGap to value 0.0001
Gurobi Optimizer version 13.0.1 build v13.0.1rc0 (win64 - Windows 10.0 (19045.2))

CPU model: AMD Ryzen 9 5900X 12-Core Processor, instruction set [SSE2|AVX|AVX2]
Thread count: 12 physical cores, 24 logical processors, using up to 24 threads

Non-default parameters:
TimeLimit  10800
NodefileStart  3
LogToConsole  0

Optimize a model with 171992 rows, 172166 columns and 745030 nonzeros (Min)
Model fingerprint: 0x26393293
Model has 22 linear objective coefficients
Variable types: 145046 continuous, 27120 integer (27120 binary)
Coefficient statistics:
  Matrix range     [4e-05, 2e+02]
  Objective range  [5e-02, 1e+00]
  Bounds range     [9e-03, 6e+01]
  RHS range        [7e-02, 1e+01]

Warning: Completing partial solution with 26976 unfixed non-continuous variables out of 27120
User MIP start produced solution with objective -6303.69 (0.83s)
User MIP start produced solution with objective -6303.69 (0.86s)
Loaded user MIP start with objective -6303.69
MIP start from previous solve produced solution with objective -6303.69 (3.98s)
MIP start from previous solve produced solution with objective -6303.69 (4.01s)
Loaded MIP start from previous solve with objective -6303.69
Processed MIP start in 4.02 seconds (4.78 work units)

Presolve removed 76119 rows and 62167 columns
Presolve time: 1.60s
Presolved: 95873 rows, 109999 columns, 378059 nonzeros
Variable types: 85510 continuous, 24489 integer (24488 binary)
Deterministic concurrent LP optimizer: primal and dual simplex
Showing primal log only...


Root simplex log...

Iteration    Objective       Primal Inf.    Dual Inf.      Time
       0    0.0000000e+00   2.181846e+02   9.336110e+09      6s
    3431    1.0061647e+05   0.000000e+00   1.268106e+06      6s
   22748   -2.6616893e+03   0.000000e+00   9.071031e+04     10s
   37613   -2.9705359e+03   0.000000e+00   3.126963e+05     15s
   50143   -3.1392857e+03   0.000000e+00   1.177590e+05     20s
   59510   -3.2217703e+03   0.000000e+00   6.010446e+04     25s
   69037   -3.3083923e+03   0.000000e+00   1.591401e+06     30s
   77516   -3.3810316e+03   0.000000e+00   3.716103e+05     35s
   85656   -3.4482997e+03   0.000000e+00   8.664725e+05     40s
   93476   -3.4981137e+03   0.000000e+00   8.563770e+04     45s
  100617   -3.5472438e+03   0.000000e+00   6.110471e+04     50s
  107287   -3.5851832e+03   0.000000e+00   5.859126e+04     55s
  113688   -3.6157026e+03   0.000000e+00   1.666190e+05     60s
  120288   -3.6501982e+03   0.000000e+00   2.212186e+05     65s
  126788   -3.6803562e+03   0.000000e+00   1.366649e+06     70s
  133238   -3.7132499e+03   0.000000e+00   9.825944e+04     75s
Concurrent spin time: 0.00s

Solved with dual simplex

Root simplex log...

Iteration    Objective       Primal Inf.    Dual Inf.      Time
  211070   -6.3128866e+03   0.000000e+00   0.000000e+00     77s

Root relaxation: objective -6.312887e+03, 211070 iterations, 70.57 seconds (89.83 work units)

    Nodes    |    Current Node    |     Objective Bounds      |     Work
 Expl Unexpl |  Obj  Depth IntInf | Incumbent    BestBd   Gap | It/Node Time

     0     0 -6312.8866    0  854 -6303.6920 -6312.8866  0.15%     -   78s
     0     0 -6312.8393    0  983 -6303.6920 -6312.8393  0.15%     -   83s
     0     0 -6312.8393    0  981 -6303.6920 -6312.8393  0.15%     -   84s
     0     0 -6312.7771    0  895 -6303.6920 -6312.7771  0.14%     -   86s
     0     0 -6312.7771    0  895 -6303.6920 -6312.7771  0.14%     -   86s
     0     0 -6312.7771    0  895 -6303.6920 -6312.7771  0.14%     -   87s
     0     0 -6312.7750    0 1065 -6303.6920 -6312.7750  0.14%     -   88s
     0     0 -6312.7750    0 1064 -6303.6920 -6312.7750  0.14%     -   88s
     0     0 -6312.7750    0 1063 -6303.6920 -6312.7750  0.14%     -   89s
     0     0 -6312.7750    0 1077 -6303.6920 -6312.7750  0.14%     -   90s
     0     0 -6312.7749    0 1077 -6303.6920 -6312.7749  0.14%     -   91s
     0     0 -6312.7404    0 1019 -6303.6920 -6312.7404  0.14%     -   93s
     0     0 -6312.7404    0 1019 -6303.6920 -6312.7404  0.14%     -   93s
     0     0 -6312.7404    0  719 -6303.6920 -6312.7404  0.14%     -   94s
     0     0 -6312.7404    0  783 -6303.6920 -6312.7404  0.14%     -   96s
     0     0 -6312.7404    0  946 -6303.6920 -6312.7404  0.14%     -   97s
     0     0 -6312.7404    0  948 -6303.6920 -6312.7404  0.14%     -   98s
     0     0 -6312.7404    0  951 -6303.6920 -6312.7404  0.14%     -   99s
     0     0 -6312.7404    0  718 -6303.6920 -6312.7404  0.14%     -  101s
     0     0 -6312.7404    0  726 -6303.6920 -6312.7404  0.14%     -  102s
     0     0 -6312.7404    0  749 -6303.6920 -6312.7404  0.14%     -  103s
     0     0 -6312.7404    0  713 -6303.6920 -6312.7404  0.14%     -  104s
     0     0 -6312.7404    0  714 -6303.6920 -6312.7404  0.14%     -  104s
     0     0 -6312.7404    0  868 -6303.6920 -6312.7404  0.14%     -  105s
     0     0 -6312.7404    0  725 -6303.6920 -6312.7404  0.14%     -  107s
     0     0 -6312.7404    0  731 -6303.6920 -6312.7404  0.14%     -  108s
     0     0 -6312.7404    0  793 -6303.6920 -6312.7404  0.14%     -  109s
     0     0 -6312.7404    0  722 -6303.6920 -6312.7404  0.14%     -  111s
     0     0 -6312.7404    0  721 -6303.6920 -6312.7404  0.14%     -  111s
     0     0 -6312.7404    0  707 -6303.6920 -6312.7404  0.14%     -  112s
H    0     0                    -6303.703951 -6312.7404  0.14%     -  120s
     0     2 -6312.7404    0  705 -6303.7040 -6312.7404  0.14%     -  126s
     7    16 -6312.4113    3  837 -6303.7040 -6312.6891  0.14%  1335  131s
    15    28 -6308.0159    4  960 -6303.7040 -6312.5399  0.14%  2492  135s
    27    40 -6307.8399    5  899 -6303.7040 -6312.4109  0.14%  1785  141s
    39    58 -6307.8399    6  896 -6303.7040 -6312.4109  0.14%  1732  146s
    57    93 -6307.7097    9  752 -6303.7040 -6312.4109  0.14%  1517  150s
    92   105 -6305.0565   11  774 -6303.7040 -6312.4109  0.14%  1426  161s
   104   121 -6306.8355   12  524 -6303.7040 -6312.4109  0.14%  1381  172s
H  113   121                    -6303.781074 -6312.4109  0.14%  1532  172s
   120   145 -6306.0293   13  841 -6303.7811 -6312.4109  0.14%  1753  178s
   144   168 -6304.1442   13  425 -6303.7811 -6312.4109  0.14%  1865  183s
   167   196 -6304.9724   15  511 -6303.7811 -6312.4109  0.14%  1885  191s
   201   217 -6311.0066   12  699 -6303.7811 -6312.4109  0.14%  2034  198s
   224   240 -6309.6546   14  941 -6303.7811 -6312.4109  0.14%  2108  206s
   250   266 -6309.6040   15  925 -6303.7811 -6312.4109  0.14%  2181  217s
   290   278 -6308.6158   16  662 -6303.7811 -6312.4109  0.14%  2269  223s
   309   294 -6304.7911   16  710 -6303.7811 -6312.4109  0.14%  2283  229s
   333   303 -6308.0799   15  656 -6303.7811 -6312.4109  0.14%  2293  234s
   364   323     cutoff   17      -6303.7811 -6312.4108  0.14%  2290  241s
   403   349 -6306.7392   18  588 -6303.7811 -6312.4108  0.14%  2182  248s
   439   391 -6306.4893   20  478 -6303.7811 -6312.4108  0.14%  2079  255s
   489   420 -6306.1804   26  430 -6303.7811 -6312.4104  0.14%  1978  262s
   537   450 -6305.8793   32  374 -6303.7811 -6312.4103  0.14%  1881  269s
   577   470 -6305.4507   34  291 -6303.7811 -6312.4103  0.14%  1868  276s
   621   493 -6304.8236   38  222 -6303.7811 -6312.4103  0.14%  1846  284s
   664   515 -6304.2986   42  145 -6303.7811 -6312.4103  0.14%  1820  292s
   694   550 -6304.2986   43  145 -6303.7811 -6312.4103  0.14%  1837  300s
   749   561 -6304.0111   51  134 -6303.7811 -6312.3449  0.14%  1785  312s
   762   571 -6304.0111   52  133 -6303.7811 -6312.3449  0.14%  1781  338s
   776   578 -6304.0111   50  136 -6303.7811 -6312.3449  0.14%  1766  369s
   793   580 -6304.0111   51  136 -6303.7811 -6312.3449  0.14%  1761  397s
   813   586 -6304.0111   52  135 -6303.7811 -6312.3449  0.14%  1749  426s
   835   594 infeasible   53      -6303.7811 -6312.0275  0.13%  1734  455s
   863   607 -6305.1812    7  536 -6303.7811 -6312.0275  0.13%  1723  485s
   886   620 -6306.1011    7  668 -6303.7811 -6312.0275  0.13%  1716  513s
   913   626 -6305.6060    8  601 -6303.7811 -6312.0275  0.13%  1682  542s
   933   648 -6305.3928    9  476 -6303.7811 -6312.0275  0.13%  1675  563s
   983   674 -6304.8815   10  495 -6303.7811 -6312.0275  0.13%  1668  581s
  1023   728 -6304.2940   11  499 -6303.7811 -6312.0275  0.13%  1673  598s
  1125   733 -6304.2909   12  342 -6303.7811 -6312.0275  0.13%  1598  617s
  1154   760     cutoff   13      -6303.7811 -6312.0275  0.13%  1584  634s
  1271   816 -6310.4242    6  731 -6303.7811 -6311.9497  0.13%  1542  646s
  1371   912 -6305.5962   17  253 -6303.7811 -6311.9497  0.13%  1511  661s
  1530   968 -6304.8343    7  575 -6303.7811 -6311.9497  0.13%  1445  673s
  1637  1011 -6304.8543    8  773 -6303.7811 -6311.7363  0.13%  1417  688s
* 1661  1011             134    -6303.782384 -6311.7363  0.13%  1404  688s
* 1667  1009             133    -6303.783100 -6311.7363  0.13%  1399  688s
H 1759   984                    -6303.928620 -6311.7363  0.12%  1374  688s
H 1762   980                    -6303.946370 -6311.7363  0.12%  1372  688s
  1788   986 -6304.8414   10  810 -6303.9464 -6311.6434  0.12%  1370  704s
  1879   999 -6310.4872   10  965 -6303.9464 -6311.5956  0.12%  1383  722s
  1973  1025 -6306.0776   13  853 -6303.9464 -6311.5956  0.12%  1398  744s
H 1975  1025                    -6303.946373 -6311.5956  0.12%  1398  744s
  2057  1056     cutoff   16      -6303.9464 -6311.5956  0.12%  1400  764s
  2192  1081     cutoff   11      -6303.9464 -6311.5105  0.12%  1392  783s
  2265  1135 -6309.2611   11  888 -6303.9464 -6311.5105  0.12%  1408  802s
  2379  1242 -6306.1366   21  550 -6303.9464 -6311.4419  0.12%  1416  822s
  2566  1306 -6304.0102   60   84 -6303.9464 -6311.4179  0.12%  1388  845s
  2733  1381 -6306.5780   15  944 -6303.9464 -6311.4179  0.12%  1377  867s
H 2860  1367                    -6303.946712 -6311.2821  0.12%  1381  901s
H 2860  1367                    -6303.946727 -6311.2821  0.12%  1381  901s
  2861  1368 -6304.5244   35  707 -6303.9467 -6311.2821  0.12%  1381  977s
  2863  1369 -6304.0552   18 1380 -6303.9467 -6311.2821  0.12%  1380 1062s
  2864  1370 -6309.2489   12 1618 -6303.9467 -6311.2821  0.12%  1379 1065s
  2870  1374 -6304.4246   16 1054 -6303.9467 -6311.2821  0.12%  1376 1148s
  2871  1375 -6304.0649   14 1054 -6303.9467 -6311.2821  0.12%  1376 1158s
  2872  1378 -6311.2821   16 1063 -6303.9467 -6311.2821  0.12%  1455 1165s
  2878  1384 -6310.4190   18 1265 -6303.9467 -6311.2821  0.12%  1463 1173s
  2886  1386 -6308.9339   19 1356 -6303.9467 -6310.7728  0.11%  1467 1177s
  2898  1401 -6308.8483   20 1326 -6303.9467 -6309.8243  0.09%  1470 1186s
  2923  1403 -6307.9468   22 1031 -6303.9467 -6309.1576  0.08%  1486 1192s
  2954  1407 -6306.8240   23 1038 -6303.9467 -6309.1576  0.08%  1483 1196s
  2992  1401 -6304.2719   23 1101 -6303.9467 -6309.1576  0.08%  1475 1204s
  3015  1407 -6304.8477   24  781 -6303.9467 -6309.1576  0.08%  1472 1211s
  3044  1400     cutoff   25      -6303.9467 -6309.1576  0.08%  1469 1217s
  3073  1403     cutoff   25      -6303.9467 -6309.1576  0.08%  1467 1221s
  3102  1398     cutoff   24      -6303.9467 -6308.6270  0.07%  1462 1228s
  3128  1393 -6307.6955   22 1028 -6303.9467 -6308.6270  0.07%  1460 1235s
  3195  1392 -6306.3467   28  754 -6303.9467 -6308.6270  0.07%  1450 1243s
  3238  1386 -6305.7420   33  783 -6303.9467 -6308.6270  0.07%  1440 1246s
  3275  1372     cutoff   37      -6303.9467 -6308.6270  0.07%  1435 1255s
  3299  1377     cutoff   35      -6303.9467 -6307.8414  0.06%  1435 1263s
  3328  1395 -6306.2017   32  782 -6303.9467 -6307.8414  0.06%  1434 1269s
  3389  1380 -6304.9475   38  707 -6303.9467 -6307.8414  0.06%  1421 1274s
  3442  1378     cutoff   41      -6303.9467 -6307.6955  0.06%  1412 1278s
  3504  1357 -6304.0102   44  566 -6303.9467 -6307.6667  0.06%  1400 1283s
  3568  1338 -6304.9910   33  593 -6303.9467 -6307.6667  0.06%  1392 1288s
  3618  1340 -6304.8599   37  608 -6303.9467 -6307.6667  0.06%  1389 1292s
  3678  1321 -6304.2431   44  526 -6303.9467 -6307.6667  0.06%  1379 1297s
  3750  1319 -6305.9406   33  743 -6303.9467 -6307.6667  0.06%  1369 1304s
  3808  1318 -6305.4681   37  800 -6303.9467 -6307.6667  0.06%  1367 1310s
  3889  1286 -6304.6307   41  552 -6303.9467 -6306.3655  0.04%  1357 1323s
  3916  1283 -6304.6307   42  595 -6303.9467 -6306.3655  0.04%  1359 1337s
  3933  1294 -6304.0727   43  581 -6303.9467 -6306.3655  0.04%  1356 1347s
  4015  1288     cutoff   42      -6303.9467 -6306.3458  0.04%  1344 1356s
  4102  1280     cutoff   33      -6303.9467 -6306.3458  0.04%  1334 1365s
  4213  1297 -6304.1532   39  531 -6303.9467 -6306.3458  0.04%  1317 1375s
  4349  1315 -6304.4024   31  503 -6303.9467 -6305.6480  0.03%  1289 1385s
H 4372  1238                    -6303.946729 -6305.6480  0.03%  1289 1385s
  4482  1320 -6303.9632  123  308 -6303.9467 -6305.6423  0.03%  1267 1393s
  4670  1404 -6303.9626  150  277 -6303.9467 -6305.6423  0.03%  1227 1400s
  4881  1529 -6303.9626  180  217 -6303.9467 -6305.6423  0.03%  1184 1408s
  5157  1446 -6303.9626  213  165 -6303.9467 -6305.6423  0.03%  1128 1435s
  5171  1478 -6303.9626  214  163 -6303.9467 -6305.6423  0.03%  1126 1462s
  5222  1704 -6303.9626  215  161 -6303.9467 -6305.6423  0.03%  1116 1485s
  5493  1893 -6303.9576  255   89 -6303.9467 -6305.6423  0.03%  1061 1513s
* 5814  1709             298    -6303.946926 -6305.6423  0.03%  1005 1513s
  5815  1849 -6303.9484  299   31 -6303.9469 -6305.6423  0.03%  1005 1522s
* 5847  1664             327    -6303.948357 -6305.6423  0.03%   999 1522s
* 6044  1538             317    -6303.948720 -6305.6423  0.03%   975 1523s
* 6096  1448             318    -6303.952897 -6305.6423  0.03%   969 1523s
* 6109  1291             297    -6303.962309 -6305.6423  0.03%   968 1523s
  6156  1399 -6304.1061   40  572 -6303.9623 -6305.6423  0.03%   961 1533s
* 6304  1142             308    -6303.962573 -6305.3949  0.02%   943 1533s
  6472  1377 -6304.1345   40  648 -6303.9626 -6305.3949  0.02%   925 1542s
  6815  1384 -6303.9823  278   21 -6303.9626 -6305.3949  0.02%   889 1561s
  6830  1524 -6303.9703  279   20 -6303.9626 -6305.3949  0.02%   890 1582s
* 6958  1324             307    -6303.971043 -6305.1401  0.02%   875 1582s
* 7015  1133             294    -6303.981620 -6305.1401  0.02%   869 1582s
  7087  1132     cutoff  296      -6303.9816 -6305.1401  0.02%   862 1593s
* 7223   782             311    -6303.983699 -6305.1401  0.02%   850 1593s
  7439  1110 -6304.5714   36  496 -6303.9837 -6305.1401  0.02%   835 1607s
  7913  1514     cutoff   37      -6303.9837 -6305.1393  0.02%   795 1620s
  8477  1551 -6304.7338   34  832 -6303.9837 -6304.9700  0.02%   751 1641s
  8542  1774     cutoff   35      -6303.9837 -6304.9700  0.02%   748 1659s
* 8545  1176             300    -6303.988634 -6304.9700  0.02%   748 1659s
H 8548  1128                    -6303.989643 -6304.9700  0.02%   748 1659s
H 8640   906                    -6304.001552 -6304.9700  0.02%   744 1659s
* 8646   878             300    -6304.001675 -6304.9700  0.02%   743 1659s
  9129   629 -6304.4900   33  683 -6304.0017 -6304.9658  0.02%   710 1670s
  9338   615     cutoff   40      -6304.0017 -6304.8897  0.01%   709 1681s
  9588   934 -6304.1519   42  517 -6304.0017 -6304.8277  0.01%   706 1697s
 10110  1767 -6304.2612   49  510 -6304.0017 -6304.8034  0.01%   679 1719s
 11071  2557 -6304.0073  133  223 -6304.0017 -6304.7494  0.01%   625 1740s
H11591  1923                    -6304.017798 -6304.7494  0.01%   598 1741s
*11594  1922             305    -6304.017858 -6304.7494  0.01%   598 1741s
*12093  1816             308    -6304.022760 -6304.7494  0.01%   577 1741s
 12156  1748     cutoff  267      -6304.0228 -6304.7494  0.01%   576 1758s
H12509  1622                    -6304.025774 -6304.7494  0.01%   560 1759s

Cutting planes:
  Gomory: 3
  Cover: 66
  Implied bound: 27
  MIR: 31
  Flow cover: 200
  Relax-and-lift: 37

Explored 12919 nodes (7337092 simplex iterations) in 1759.51 seconds (2084.24 work units)
Thread count was 24 (of 24 available processors)

Solution count 10: -6304.03 -6304.02 -6304.02 ... -6303.98

Optimal solution found (tolerance 1.00e-04)
Best objective -6.304025774042e+03, best bound -6.304516626109e+03, gap 0.0078%
