
Gurobi 13.0.1 (win64) logging started Tue Oct  6 20:47:27 2026

Set parameter LogFile to value "ieee_owen\weak_eps_experiment\stochastic\main17\logs\n30_S20_day1_ef_gurobi.log"
Set parameter NodefileStart to value 3
Set parameter MIPGap to value 0.001
Gurobi Optimizer version 13.0.1 build v13.0.1rc0 (win64 - Windows 10.0 (19045.2))

CPU model: AMD Ryzen 9 5900X 12-Core Processor, instruction set [SSE2|AVX|AVX2]
Thread count: 12 physical cores, 24 logical processors, using up to 24 threads

Non-default parameters:
TimeLimit  10800
MIPGap  0.001
NodefileStart  3
LogToConsole  0

Optimize a model with 171952 rows, 172166 columns and 744870 nonzeros (Min)
Model fingerprint: 0x18650afa
Model has 22 linear objective coefficients
Variable types: 145046 continuous, 27120 integer (27120 binary)
Coefficient statistics:
  Matrix range     [3e-04, 2e+02]
  Objective range  [5e-02, 1e+00]
  Bounds range     [9e-03, 6e+01]
  RHS range        [7e-02, 1e+01]

Presolve removed 76119 rows and 62167 columns
Presolve time: 1.66s
Presolved: 95833 rows, 109999 columns, 377938 nonzeros
Variable types: 85510 continuous, 24489 integer (24488 binary)
Found heuristic solution: objective -5197.882016
Deterministic concurrent LP optimizer: primal and dual simplex
Showing primal log only...


Root simplex log...

Iteration    Objective       Primal Inf.    Dual Inf.      Time
   18990   -2.7043373e+03   0.000000e+00   1.716581e+05      5s
   33957   -3.0801135e+03   0.000000e+00   2.153576e+05     10s
   45824   -3.2446243e+03   0.000000e+00   9.882251e+04     15s
   56977   -3.3560031e+03   0.000000e+00   4.000698e+05     20s
   66867   -3.4459652e+03   0.000000e+00   1.250800e+05     25s
   75488   -3.5084530e+03   0.000000e+00   1.425116e+05     30s
   83198   -3.5609857e+03   0.000000e+00   9.504797e+05     35s
   91189   -3.6121759e+03   0.000000e+00   1.487220e+05     40s
   99098   -3.6565440e+03   0.000000e+00   9.867118e+04     45s
  106159   -3.6844904e+03   0.000000e+00   2.598428e+06     50s
  113209   -3.7198395e+03   0.000000e+00   1.604440e+05     55s
Concurrent spin time: 0.00s

Solved with dual simplex

Root simplex log...

Iteration    Objective       Primal Inf.    Dual Inf.      Time
  183361   -6.3928988e+03   0.000000e+00   0.000000e+00     59s

Root relaxation: objective -6.392899e+03, 183361 iterations, 56.42 seconds (72.42 work units)

    Nodes    |    Current Node    |     Objective Bounds      |     Work
 Expl Unexpl |  Obj  Depth IntInf | Incumbent    BestBd   Gap | It/Node Time

     0     0 -6392.8988    0  857 -5197.8820 -6392.8988  23.0%     -   60s
H    0     0                    -6334.381804 -6392.8988  0.92%     -   66s
H    0     0                    -6336.529202 -6392.8988  0.89%     -   69s
     0     0 -6392.5966    0  916 -6336.5292 -6392.5966  0.88%     -   72s
     0     0 -6392.5470    0  916 -6336.5292 -6392.5470  0.88%     -   85s
H    0     0                    -6337.754141 -6392.5470  0.86%     -   87s
     0     0 -6392.5470    0  892 -6337.7541 -6392.5470  0.86%     -   87s
     0     0 -6392.5470    0  891 -6337.7541 -6392.5470  0.86%     -   87s
     0     0 -6392.5459    0  882 -6337.7541 -6392.5459  0.86%     -   88s
     0     0 -6392.5236    0  880 -6337.7541 -6392.5236  0.86%     -   90s
     0     0 -6392.5236    0  876 -6337.7541 -6392.5236  0.86%     -   91s
     0     0 -6392.5236    0  876 -6337.7541 -6392.5236  0.86%     -   92s
     0     0 -6392.5236    0  874 -6337.7541 -6392.5236  0.86%     -   93s
     0     0 -6392.5236    0  874 -6337.7541 -6392.5236  0.86%     -   93s
     0     0 -6392.5236    0  874 -6337.7541 -6392.5236  0.86%     -   98s
     0     0 -6392.5089    0  874 -6337.7541 -6392.5089  0.86%     -   99s
     0     0 -6392.5089    0  874 -6337.7541 -6392.5089  0.86%     -  100s
H    0     0                    -6338.954964 -6392.5089  0.84%     -  103s
H    0     0                    -6339.076846 -6392.5089  0.84%     -  104s
     0     0 -6392.5089    0  874 -6339.0768 -6392.5089  0.84%     -  104s
     0     0 -6392.4157    0  874 -6339.0768 -6392.4157  0.84%     -  105s
     0     0 -6392.4157    0  874 -6339.0768 -6392.4157  0.84%     -  105s
     0     0 -6392.4157    0  833 -6339.0768 -6392.4157  0.84%     -  106s
     0     0 -6392.4157    0  833 -6339.0768 -6392.4157  0.84%     -  106s
     0     0 -6392.4157    0  833 -6339.0768 -6392.4157  0.84%     -  106s
     0     0 -6392.4157    0  806 -6339.0768 -6392.4157  0.84%     -  107s
H    0     0                    -6339.264333 -6392.4157  0.84%     -  109s
     0     2 -6392.4157    0  806 -6339.2643 -6392.4157  0.84%     -  110s
     7    16 -6388.8480    3 1105 -6339.2643 -6392.3001  0.84%  2082  117s
    15    28 -6388.5806    4 1091 -6339.2643 -6392.2834  0.84%  1533  123s
    27    40 -6387.7822    5 1302 -6339.2643 -6392.1392  0.83%  2446  129s
    39    52 -6387.4213    6 1050 -6339.2643 -6392.1392  0.83%  3258  134s
    51    68 -6383.0799    6  879 -6339.2643 -6392.1392  0.83%  2870  140s
H   62    68                    -6339.277981 -6392.1392  0.83%  2559  140s
    67    83 -6387.2654    7 1078 -6339.2780 -6392.1392  0.83%  2457  146s
    82    95 -6381.3017    7  792 -6339.2780 -6392.1392  0.83%  2664  151s
H   83    95                    -6377.822763 -6392.1392  0.22%  2632  151s
    94   108 -6386.9947    8 1029 -6377.8228 -6392.1392  0.22%  2585  161s
   107   141 -6386.9945    9  984 -6377.8228 -6392.1392  0.22%  2553  168s
   140   172 -6386.4470   11  948 -6377.8228 -6392.1392  0.22%  2365  176s
   171   196 -6386.4470   12  949 -6377.8228 -6392.1392  0.22%  2291  182s
   195   219 -6385.5699   12  987 -6377.8228 -6392.1392  0.22%  2219  189s
   218   242 -6380.8792   13  868 -6377.8228 -6392.1392  0.22%  2260  195s
   241   273 -6386.1618   13  866 -6377.8228 -6392.1392  0.22%  2173  201s
   272   300 -6385.1301   17  745 -6377.8228 -6392.1392  0.22%  2117  206s
H  275   300                    -6378.333615 -6392.1392  0.22%  2126  206s
   301   328 -6384.4955   18  618 -6378.3336 -6392.1392  0.22%  2063  212s
   331   360 -6384.0170   19  495 -6378.3336 -6392.1392  0.22%  2001  217s
H  333   360                    -6378.338189 -6392.1392  0.22%  1997  217s
H  337   360                    -6380.128820 -6392.1392  0.19%  1995  217s
   365   390 -6383.3758   20  456 -6380.1288 -6392.1392  0.19%  1922  222s
H  376   390                    -6380.148623 -6392.1392  0.19%  1892  222s
H  387   390                    -6380.823153 -6392.1392  0.18%  1868  222s
   405   433 -6383.1975   21  391 -6380.8232 -6392.1392  0.18%  1816  226s
H  452   433                    -6380.823524 -6392.1392  0.18%  1688  226s
   470   476 -6382.8077   26  270 -6380.8235 -6392.1392  0.18%  1650  233s
   531   535 -6382.2785   30  220 -6380.8235 -6392.1392  0.18%  1558  240s
H  593   535                    -6380.849549 -6392.1392  0.18%  1438  240s
H  606   545                    -6380.914227 -6392.1392  0.18%  1438  249s
H  613   545                    -6381.005311 -6392.1392  0.17%  1431  249s
   620   593     cutoff   37      -6381.0053 -6392.1392  0.17%  1437  256s
H  671   593                    -6382.544105 -6392.0596  0.15%  1367  256s
H  682   593                    -6383.382519 -6392.0596  0.14%  1347  256s
   701   599     cutoff   42      -6383.3825 -6392.0596  0.14%  1337  265s
   743   628 -6387.2025    6  875 -6383.3825 -6391.9932  0.13%  1366  271s
H  757   628                    -6383.529417 -6391.9932  0.13%  1391  271s
H  765   628                    -6383.591572 -6391.9932  0.13%  1376  271s
H  768   628                    -6383.624968 -6391.9932  0.13%  1371  271s
   776   654 -6385.3359    7  662 -6383.6250 -6391.9932  0.13%  1375  281s
H  799   654                    -6383.624970 -6391.9932  0.13%  1375  281s
   808   692 -6386.0503    7  800 -6383.6250 -6391.9932  0.13%  1378  287s
   848   713 -6384.3056    8  722 -6383.6250 -6391.9932  0.13%  1380  294s
   903   704 -6384.7178    8  808 -6383.6250 -6391.9932  0.13%  1352  302s
H  929   704                    -6383.691488 -6391.9932  0.13%  1344  302s
   951   722     cutoff   10      -6383.6915 -6391.9354  0.13%  1331  310s
* 1006   722              94    -6383.691568 -6391.9354  0.13%  1297  310s
  1025   730     cutoff    9      -6383.6916 -6391.9354  0.13%  1301  320s
  1123   748 -6385.2074    7  831 -6383.6916 -6391.7157  0.13%  1267  326s
  1230   775     cutoff    9      -6383.6916 -6391.7157  0.13%  1203  334s
  1354   890 -6384.0643    8  748 -6383.6916 -6391.7157  0.13%  1128  342s
H 1384   889                    -6383.713233 -6391.7157  0.13%  1116  342s
H 1404   805                    -6384.046165 -6391.7157  0.12%  1100  342s
H 1407   805                    -6384.046312 -6391.7157  0.12%  1098  342s
H 1430   802                    -6384.408007 -6391.7157  0.11%  1080  342s
  1522   684     cutoff    8      -6384.4080 -6391.7157  0.11%  1027  352s
  1601   690     cutoff    9      -6384.4080 -6391.4688  0.11%  1018  360s
* 1636   690             119    -6384.463099 -6391.4688  0.11%  1011  360s
  1662   675 -6388.1579    7  926 -6384.4631 -6391.4688  0.11%  1016  370s
  1723   692 -6387.3227   10  814 -6384.4631 -6391.4688  0.11%  1022  381s
  1804   676 -6385.9367   14  345 -6384.4631 -6391.3912  0.11%  1023  393s
  1864   665     cutoff   30      -6384.4631 -6391.2995  0.11%  1038  402s
  1913   683     cutoff   13      -6384.4631 -6390.9468  0.10%  1052  414s
  1972   690     cutoff   14      -6384.4631 -6390.9468  0.10%  1062  426s
  2067   724 -6385.7090    9  883 -6384.4631 -6390.9468  0.10%  1065  438s

Cutting planes:
  Gomory: 23
  Cover: 207
  Implied bound: 270
  MIR: 91
  Flow cover: 552
  Network: 29
  RLT: 2
  Relax-and-lift: 37
  BQP: 1

Explored 2143 nodes (2496293 simplex iterations) in 438.58 seconds (571.34 work units)
Thread count was 24 (of 24 available processors)

Solution count 10: -6384.46 -6384.41 -6384.05 ... -6383.59

Optimal solution found (tolerance 1.00e-03)
Best objective -6.384463099046e+03, best bound -6.390711625233e+03, gap 0.0979%
Set parameter MIPGap to value 0.001
Gurobi Optimizer version 13.0.1 build v13.0.1rc0 (win64 - Windows 10.0 (19045.2))

CPU model: AMD Ryzen 9 5900X 12-Core Processor, instruction set [SSE2|AVX|AVX2]
Thread count: 12 physical cores, 24 logical processors, using up to 24 threads

Non-default parameters:
TimeLimit  10800
MIPGap  0.001
NodefileStart  3
LogToConsole  0

Optimize a model with 171972 rows, 172166 columns and 744950 nonzeros (Min)
Model fingerprint: 0xfdbb4825
Model has 22 linear objective coefficients
Variable types: 145046 continuous, 27120 integer (27120 binary)
Coefficient statistics:
  Matrix range     [3e-04, 2e+02]
  Objective range  [5e-02, 1e+00]
  Bounds range     [9e-03, 6e+01]
  RHS range        [7e-02, 1e+01]

Warning: Completing partial solution with 26976 unfixed non-continuous variables out of 27120
User MIP start produced solution with objective -6381.82 (0.88s)
User MIP start produced solution with objective -6381.82 (0.91s)
Loaded user MIP start with objective -6381.82
MIP start from previous solve produced solution with objective -6381.83 (3.96s)
MIP start from previous solve produced solution with objective -6381.83 (3.99s)
Loaded MIP start from previous solve with objective -6381.83
Processed MIP start in 3.99 seconds (5.24 work units)

Presolve removed 76119 rows and 62167 columns
Presolve time: 1.64s
Presolved: 95853 rows, 109999 columns, 377998 nonzeros
Variable types: 85510 continuous, 24489 integer (24488 binary)
Deterministic concurrent LP optimizer: primal and dual simplex
Showing primal log only...


Root simplex log...

Iteration    Objective       Primal Inf.    Dual Inf.      Time
       0    0.0000000e+00   2.567656e+02   1.023383e+10      6s
    3646    1.0112124e+05   0.000000e+00   1.243236e+06      6s
   22970   -2.7815369e+03   0.000000e+00   2.011712e+05     10s
   36755   -3.0383739e+03   0.000000e+00   2.733118e+05     15s
   47512   -3.1813962e+03   0.000000e+00   5.817846e+06     20s
   56845   -3.2821246e+03   0.000000e+00   1.041806e+06     25s
   65644   -3.3600477e+03   0.000000e+00   4.589437e+05     30s
   73993   -3.4123605e+03   0.000000e+00   2.426534e+05     35s
   81843   -3.4602954e+03   0.000000e+00   8.969383e+04     40s
   89513   -3.5077746e+03   0.000000e+00   1.252717e+05     45s
   96264   -3.5376320e+03   0.000000e+00   9.940000e+04     50s
  103275   -3.5723889e+03   0.000000e+00   1.437896e+05     55s
  109995   -3.6111657e+03   0.000000e+00   2.671712e+05     60s
  116495   -3.6514382e+03   0.000000e+00   7.837578e+05     65s
  122595   -3.6758038e+03   0.000000e+00   4.563993e+04     70s
Concurrent spin time: 0.00s

Solved with dual simplex

Root simplex log...

Iteration    Objective       Primal Inf.    Dual Inf.      Time
  205878   -6.3906857e+03   0.000000e+00   0.000000e+00     71s

Root relaxation: objective -6.390686e+03, 205878 iterations, 64.76 seconds (81.96 work units)

    Nodes    |    Current Node    |     Objective Bounds      |     Work
 Expl Unexpl |  Obj  Depth IntInf | Incumbent    BestBd   Gap | It/Node Time

     0     0 -6390.6857    0  843 -6381.8276 -6390.6857  0.14%     -   72s
     0     0 -6390.3420    0  914 -6381.8276 -6390.3420  0.13%     -   78s
     0     0 -6390.3404    0  913 -6381.8276 -6390.3404  0.13%     -   80s
     0     0 -6390.2243    0  883 -6381.8276 -6390.2243  0.13%     -   82s
     0     0 -6390.2243    0  883 -6381.8276 -6390.2243  0.13%     -   82s
     0     0 -6390.2243    0  884 -6381.8276 -6390.2243  0.13%     -   83s
     0     0 -6390.1680    0  849 -6381.8276 -6390.1680  0.13%     -   85s
     0     0 -6390.1680    0  849 -6381.8276 -6390.1680  0.13%     -   85s
     0     0 -6390.0404    0 1032 -6381.8276 -6390.0404  0.13%     -   87s
     0     0 -6390.0382    0 1028 -6381.8276 -6390.0382  0.13%     -   88s
     0     0 -6390.0382    0 1015 -6381.8276 -6390.0382  0.13%     -   89s
     0     0 -6390.0382    0 1016 -6381.8276 -6390.0382  0.13%     -   90s
     0     0 -6390.0382    0 1013 -6381.8276 -6390.0382  0.13%     -   91s
     0     0 -6390.0366    0 1013 -6381.8276 -6390.0366  0.13%     -   92s
     0     0 -6390.0366    0 1008 -6381.8276 -6390.0366  0.13%     -   93s
     0     0 -6390.0366    0  792 -6381.8276 -6390.0366  0.13%     -   95s
     0     0 -6390.0366    0  877 -6381.8276 -6390.0366  0.13%     -   96s
     0     0 -6390.0366    0  878 -6381.8276 -6390.0366  0.13%     -   97s
     0     0 -6390.0366    0  784 -6381.8276 -6390.0366  0.13%     -   98s
     0     0 -6390.0344    0  829 -6381.8276 -6390.0344  0.13%     -  100s
     0     0 -6390.0344    0  958 -6381.8276 -6390.0344  0.13%     -  101s
     0     0 -6390.0344    0  959 -6381.8276 -6390.0344  0.13%     -  101s
     0     0 -6390.0344    0  895 -6381.8276 -6390.0344  0.13%     -  102s
     0     0 -6390.0344    0  782 -6381.8276 -6390.0344  0.13%     -  104s
     0     0 -6390.0344    0  779 -6381.8276 -6390.0344  0.13%     -  104s
     0     0 -6390.0344    0  779 -6381.8276 -6390.0344  0.13%     -  104s
     0     0 -6390.0344    0  779 -6381.8276 -6390.0344  0.13%     -  105s
     0     2 -6390.0344    0  779 -6381.8276 -6390.0344  0.13%     -  115s
     7    16 -6385.3230    3 1125 -6381.8276 -6389.8484  0.13%  2505  124s
    15    28 -6385.1225    4 1027 -6381.8276 -6389.5544  0.12%  3008  129s
    27    59 -6385.0729    5  997 -6381.8276 -6389.5400  0.12%  3359  136s
    63    81 -6384.8547    9  989 -6381.8276 -6389.5306  0.12%  2352  141s
    91    95 -6383.2566   12  736 -6381.8276 -6389.5306  0.12%  2116  148s
   115   105 -6382.8866   13  770 -6381.8276 -6389.5306  0.12%  2013  155s
   145   103     cutoff   16      -6381.8276 -6388.8957  0.11%  2153  172s
   165   112     cutoff    6      -6381.8276 -6388.8365  0.11%  2183  191s
   180   122 -6384.2671    6  877 -6381.8276 -6388.6341  0.11%  2234  210s
   198   129 -6383.2796    7  759 -6381.8276 -6388.6341  0.11%  2244  225s
   223   131 -6382.0935    8  711 -6381.8276 -6388.6341  0.11%  2236  245s

Cutting planes:
  Gomory: 21
  Cover: 91
  Implied bound: 83
  Clique: 7
  MIR: 143
  Flow cover: 530
  Flow path: 1
  Network: 1
  RLT: 32
  Relax-and-lift: 66

Explored 251 nodes (793775 simplex iterations) in 245.37 seconds (304.64 work units)
Thread count was 24 (of 24 available processors)

Solution count 3: -6381.83 -6381.83 -6381.82 

Optimal solution found (tolerance 1.00e-03)
Best objective -6.381827559117e+03, best bound -6.387586445351e+03, gap 0.0902%
Set parameter MIPGap to value 0.0001
Gurobi Optimizer version 13.0.1 build v13.0.1rc0 (win64 - Windows 10.0 (19045.2))

CPU model: AMD Ryzen 9 5900X 12-Core Processor, instruction set [SSE2|AVX|AVX2]
Thread count: 12 physical cores, 24 logical processors, using up to 24 threads

Non-default parameters:
TimeLimit  10800
NodefileStart  3
LogToConsole  0

Optimize a model with 171992 rows, 172166 columns and 745030 nonzeros (Min)
Model fingerprint: 0xcd499c30
Model has 22 linear objective coefficients
Variable types: 145046 continuous, 27120 integer (27120 binary)
Coefficient statistics:
  Matrix range     [3e-04, 2e+02]
  Objective range  [5e-02, 1e+00]
  Bounds range     [9e-03, 6e+01]
  RHS range        [7e-02, 1e+01]

Warning: Completing partial solution with 26976 unfixed non-continuous variables out of 27120
User MIP start produced solution with objective -6381.83 (0.92s)
User MIP start produced solution with objective -6381.83 (0.95s)
Loaded user MIP start with objective -6381.83
MIP start from previous solve did not produce a new incumbent solution
Processed MIP start in 3.88 seconds (5.22 work units)

Presolve removed 76119 rows and 62167 columns
Presolve time: 1.63s
Presolved: 95873 rows, 109999 columns, 378058 nonzeros
Variable types: 85510 continuous, 24489 integer (24488 binary)
Deterministic concurrent LP optimizer: primal and dual simplex
Showing primal log only...


Root simplex log...

Iteration    Objective       Primal Inf.    Dual Inf.      Time
       0    0.0000000e+00   2.641918e+02   1.043443e+10      6s
    3772    1.0004552e+05   0.000000e+00   1.230051e+06      6s
   25120   -2.7824109e+03   0.000000e+00   2.489613e+05     10s
   38002   -3.0233174e+03   0.000000e+00   4.398432e+05     15s
   47840   -3.1575398e+03   0.000000e+00   1.993928e+05     20s
   57854   -3.2628842e+03   0.000000e+00   6.950814e+04     25s
   67261   -3.3302574e+03   0.000000e+00   1.096668e+06     30s
   75648   -3.3834366e+03   0.000000e+00   7.484261e+04     35s
   83628   -3.4409836e+03   0.000000e+00   6.856279e+04     40s
   91338   -3.4952543e+03   0.000000e+00   1.831634e+05     45s
   99069   -3.5462733e+03   0.000000e+00   9.451975e+04     50s
  106359   -3.5883996e+03   0.000000e+00   1.240321e+05     55s
  112829   -3.6198821e+03   0.000000e+00   2.238791e+05     60s
  119389   -3.6562016e+03   0.000000e+00   2.702691e+05     65s
Concurrent spin time: 0.00s

Solved with dual simplex

Root simplex log...

Iteration    Objective       Primal Inf.    Dual Inf.      Time
  192284   -6.3906816e+03   0.000000e+00   0.000000e+00     65s

Root relaxation: objective -6.390682e+03, 192284 iterations, 59.50 seconds (74.43 work units)

    Nodes    |    Current Node    |     Objective Bounds      |     Work
 Expl Unexpl |  Obj  Depth IntInf | Incumbent    BestBd   Gap | It/Node Time

     0     0 -6390.6816    0  854 -6381.8273 -6390.6816  0.14%     -   67s
     0     0 -6390.3948    0  912 -6381.8273 -6390.3948  0.13%     -   73s
     0     0 -6390.3943    0  912 -6381.8273 -6390.3943  0.13%     -   75s
     0     0 -6390.3414    0  951 -6381.8273 -6390.3414  0.13%     -   77s
     0     0 -6390.3414    0  951 -6381.8273 -6390.3414  0.13%     -   77s
     0     0 -6390.3133    0  891 -6381.8273 -6390.3133  0.13%     -   79s
     0     0 -6390.3133    0  893 -6381.8273 -6390.3133  0.13%     -   80s
     0     0 -6390.3133    0  892 -6381.8273 -6390.3133  0.13%     -   80s
     0     0 -6390.3126    0  882 -6381.8273 -6390.3126  0.13%     -   81s
     0     0 -6390.2858    0  886 -6381.8273 -6390.2858  0.13%     -   82s
     0     0 -6390.2858    0  889 -6381.8273 -6390.2858  0.13%     -   83s
     0     0 -6390.2858    0  889 -6381.8273 -6390.2858  0.13%     -   84s
     0     0 -6390.2858    0  885 -6381.8273 -6390.2858  0.13%     -   85s
     0     0 -6390.2858    0  885 -6381.8273 -6390.2858  0.13%     -   86s
     0     0 -6390.2858    0  885 -6381.8273 -6390.2858  0.13%     -   87s
     0     0 -6390.2713    0  885 -6381.8273 -6390.2713  0.13%     -   88s
     0     0 -6390.2713    0  816 -6381.8273 -6390.2713  0.13%     -   89s
     0     0 -6390.2713    0  818 -6381.8273 -6390.2713  0.13%     -   91s
     0     0 -6390.2713    0  827 -6381.8273 -6390.2713  0.13%     -   92s
     0     0 -6390.2713    0  827 -6381.8273 -6390.2713  0.13%     -   92s
     0     0 -6390.2713    0  827 -6381.8273 -6390.2713  0.13%     -   93s
     0     0 -6390.2713    0  827 -6381.8273 -6390.2713  0.13%     -   93s
     0     0 -6390.2713    0  800 -6381.8273 -6390.2713  0.13%     -   93s
     0     2 -6390.2713    0  800 -6381.8273 -6390.2713  0.13%     -  103s
     1     4 -6389.6738    1  804 -6381.8273 -6390.2055  0.13%  5031  106s
     3     8 -6384.8665    2  790 -6381.8273 -6389.6698  0.12%  5204  110s
    15    18 -6384.6149    4  839 -6381.8273 -6388.6962  0.11%  4402  118s
    27    23 -6382.2927    5  823 -6381.8273 -6387.5323  0.09%  3687  123s
    51    22     cutoff    6      -6381.8273 -6386.8005  0.08%  3210  126s
    84    31     cutoff    7      -6381.8273 -6386.8005  0.08%  2285  130s
   106    43     cutoff    7      -6381.8273 -6385.6176  0.06%  2133  136s
   130    53 -6383.7614   15  579 -6381.8273 -6385.6176  0.06%  1962  146s
   144    76 -6383.1695   16  490 -6381.8273 -6385.4276  0.06%  1838  153s
   179    95 -6382.5371   18  474 -6381.8273 -6385.4276  0.06%  1669  156s
   258   114     cutoff   17      -6381.8273 -6385.1699  0.05%  1348  161s
   317   128 -6382.8104   13  589 -6381.8273 -6385.1699  0.05%  1264  166s
   375   155 -6382.5589   18  261 -6381.8273 -6385.1699  0.05%  1203  171s
   463   199 -6382.0443   25  166 -6381.8273 -6384.5180  0.04%  1096  177s
   523   209     cutoff   27      -6381.8273 -6384.5180  0.04%  1016  184s
   537   225     cutoff   29      -6381.8273 -6384.5180  0.04%  1002  191s
   675   273 -6381.8334   37   92 -6381.8273 -6384.5180  0.04%   879  198s
   763   285 -6383.4154   10  481 -6381.8273 -6384.1756  0.04%   819  202s
   823   300 -6382.6585   13  405 -6381.8273 -6384.1756  0.04%   807  206s
   886   302 -6382.3144   15  408 -6381.8273 -6383.9428  0.03%   790  210s
   954   312 -6382.0448   19  380 -6381.8273 -6383.5689  0.03%   772  215s
  1049   347 -6382.0256   19  436 -6381.8273 -6383.3998  0.02%   750  221s
  1174   352 -6382.2458   24  300 -6381.8273 -6383.3998  0.02%   709  225s
  1275   374 -6381.8716   32  226 -6381.8273 -6383.2831  0.02%   686  230s
  1426   418 -6382.7949   17  356 -6381.8273 -6383.1117  0.02%   650  236s
  1583   467 -6381.9337   24  135 -6381.8273 -6383.1117  0.02%   629  242s
  1758   520 -6381.9621   33   88 -6381.8273 -6382.8354  0.02%   590  252s
* 2026   520              94    -6381.828304 -6382.8081  0.02%   547  252s
  2078   507 -6382.0659   30  151 -6381.8283 -6382.8081  0.02%   541  262s
  2370   497     cutoff   23      -6381.8283 -6382.8081  0.02%   513  270s
  2619   519 -6381.9253   25  108 -6381.8283 -6382.7172  0.01%   490  282s

Cutting planes:
  Gomory: 12
  Cover: 264
  Implied bound: 608
  Clique: 28
  MIR: 140
  Flow cover: 548
  Network: 6
  RLT: 16
  Relax-and-lift: 102
  BQP: 13

Explored 3038 nodes (1590899 simplex iterations) in 282.86 seconds (310.11 work units)
Thread count was 24 (of 24 available processors)

Solution count 2: -6381.83 -6381.83 

Optimal solution found (tolerance 1.00e-04)
Best objective -6.381828303990e+03, best bound -6.382274377652e+03, gap 0.0070%
