
Gurobi 13.0.1 (win64) logging started Wed Oct  7 04:15:00 2026

Set parameter LogFile to value "ieee_owen\weak_eps_experiment\stochastic\main17\logs\n30_S20_day4_ef_gurobi.log"
Set parameter NodefileStart to value 3
Set parameter MIPGap to value 0.001
Gurobi Optimizer version 13.0.1 build v13.0.1rc0 (win64 - Windows 10.0 (19045.2))

CPU model: AMD Ryzen 9 5900X 12-Core Processor, instruction set [SSE2|AVX|AVX2]
Thread count: 12 physical cores, 24 logical processors, using up to 24 threads

Non-default parameters:
TimeLimit  10800
MIPGap  0.001
NodefileStart  3
LogToConsole  0

Optimize a model with 171952 rows, 172166 columns and 744870 nonzeros (Min)
Model fingerprint: 0xfb88f07c
Model has 22 linear objective coefficients
Variable types: 145046 continuous, 27120 integer (27120 binary)
Coefficient statistics:
  Matrix range     [3e-04, 2e+02]
  Objective range  [5e-02, 1e+00]
  Bounds range     [9e-03, 6e+01]
  RHS range        [7e-02, 1e+01]

Presolve removed 76119 rows and 62167 columns
Presolve time: 1.66s
Presolved: 95833 rows, 109999 columns, 377938 nonzeros
Variable types: 85510 continuous, 24489 integer (24488 binary)
Found heuristic solution: objective -5274.020170
Deterministic concurrent LP optimizer: primal and dual simplex
Showing primal log only...


Root simplex log...

Iteration    Objective       Primal Inf.    Dual Inf.      Time
   18000   -2.6212886e+03   0.000000e+00   1.530017e+05      5s
   33513   -2.9565745e+03   0.000000e+00   1.022791e+05     10s
   45714   -3.1517536e+03   0.000000e+00   1.306092e+05     15s
   55657   -3.2586234e+03   0.000000e+00   1.462423e+06     20s
   63407   -3.3161935e+03   0.000000e+00   6.862378e+04     25s
   71388   -3.3855288e+03   0.000000e+00   3.051779e+05     30s
   79855   -3.4502422e+03   0.000000e+00   1.268956e+05     35s
   87365   -3.5020921e+03   0.000000e+00   1.278784e+05     40s
   94705   -3.5568897e+03   0.000000e+00   9.050476e+04     45s
  101916   -3.5995797e+03   0.000000e+00   3.496986e+05     50s
  108856   -3.6399724e+03   0.000000e+00   1.446425e+05     55s
  115306   -3.6752646e+03   0.000000e+00   2.828747e+05     60s
  121526   -3.7042365e+03   0.000000e+00   9.358901e+04     65s
Concurrent spin time: 0.00s

Solved with dual simplex

Root simplex log...

Iteration    Objective       Primal Inf.    Dual Inf.      Time
  197792   -6.4744199e+03   0.000000e+00   0.000000e+00     65s

Root relaxation: objective -6.474420e+03, 197792 iterations, 62.81 seconds (79.60 work units)

    Nodes    |    Current Node    |     Objective Bounds      |     Work
 Expl Unexpl |  Obj  Depth IntInf | Incumbent    BestBd   Gap | It/Node Time

     0     0 -6474.4199    0  975 -5274.0202 -6474.4199  22.8%     -   66s
H    0     0                    -6417.062444 -6474.4199  0.89%     -   71s
     0     0 -6474.2424    0  914 -6417.0624 -6474.2424  0.89%     -   75s
     0     0 -6474.2424    0  911 -6417.0624 -6474.2424  0.89%     -   79s
     0     0 -6474.2424    0  906 -6417.0624 -6474.2424  0.89%     -   81s
     0     0 -6474.2424    0  906 -6417.0624 -6474.2424  0.89%     -   85s
     0     0 -6474.2345    0  918 -6417.0624 -6474.2345  0.89%     -   86s
     0     0 -6474.2345    0  918 -6417.0624 -6474.2345  0.89%     -   86s
     0     0 -6474.2345    0  659 -6417.0624 -6474.2345  0.89%     -   88s
H    0     0                    -6418.545277 -6474.2345  0.87%     -   91s
H    0     0                    -6453.222545 -6474.2345  0.33%     -   92s
     0     0 -6474.2345    0  663 -6453.2225 -6474.2345  0.33%     -   93s
     0     0 -6474.2345    0  848 -6453.2225 -6474.2345  0.33%     -   94s
     0     0 -6474.2345    0  850 -6453.2225 -6474.2345  0.33%     -   96s
     0     0 -6474.2088    0  807 -6453.2225 -6474.2088  0.33%     -   97s
     0     0 -6474.2088    0  721 -6453.2225 -6474.2088  0.33%     -   98s
     0     0 -6474.2088    0  881 -6453.2225 -6474.2088  0.33%     -  101s
     0     0 -6474.1617    0  885 -6453.2225 -6474.1617  0.32%     -  102s
     0     0 -6474.1484    0  885 -6453.2225 -6474.1484  0.32%     -  104s
     0     0 -6474.1484    0  886 -6453.2225 -6474.1484  0.32%     -  105s
     0     0 -6474.1484    0  886 -6453.2225 -6474.1484  0.32%     -  106s
     0     0 -6474.1484    0  886 -6453.2225 -6474.1484  0.32%     -  106s
     0     0 -6474.1484    0  784 -6453.2225 -6474.1484  0.32%     -  107s
     0     2 -6474.1484    0  783 -6453.2225 -6474.1484  0.32%     -  112s
     7    16 -6473.8313    3  793 -6453.2225 -6474.0802  0.32%  1396  116s
    15    28 -6473.6952    4  859 -6453.2225 -6474.0802  0.32%  1388  120s
    45    63 -6473.2369    7  715 -6453.2225 -6473.8656  0.32%  1782  128s
H   46    63                    -6455.909835 -6473.8656  0.28%  1743  128s
    62    75 -6472.7793    7  853 -6455.9098 -6473.8656  0.28%  1653  131s
H   73    75                    -6455.917067 -6473.8656  0.28%  1627  131s
    74    88 -6473.0548    8  701 -6455.9171 -6473.8656  0.28%  1635  135s
   105   125 -6472.9608    9  735 -6455.9171 -6473.8656  0.28%  1770  143s
H  120   125                    -6462.008770 -6473.8656  0.18%  1807  143s
   124   146 -6472.8959   10  867 -6462.0088 -6473.8656  0.18%  1792  149s
   145   158 -6471.3087   11  624 -6462.0088 -6473.8656  0.18%  1968  165s
H  155   158                    -6462.308156 -6473.8656  0.18%  1959  165s
   157   195 -6471.7844   11  905 -6462.3082 -6473.8656  0.18%  1992  170s
   194   207 -6471.4613   14  668 -6462.3082 -6473.8656  0.18%  1826  176s
H  198   207                    -6462.965770 -6473.8656  0.17%  1809  176s
H  202   207                    -6462.982961 -6473.8656  0.17%  1803  176s
   233   266 -6471.3865   15  625 -6462.9830 -6473.8656  0.17%  1762  183s
   265   296 -6469.7335   16  559 -6462.9830 -6473.8656  0.17%  1709  186s
   295   324 -6468.3074   17  637 -6462.9830 -6473.8656  0.17%  1680  190s
   365   396 -6465.8624   18  620 -6462.9830 -6473.8265  0.17%  1541  197s
   413   439 -6465.9650   19  528 -6462.9830 -6473.8265  0.17%  1458  202s
   460   485     cutoff   20      -6462.9830 -6473.8265  0.17%  1389  206s
   510   528 -6465.5567   25  473 -6462.9830 -6473.8265  0.17%  1322  211s
   569   559 -6465.1758   29  440 -6462.9830 -6473.8265  0.17%  1260  215s
H  574   559                    -6463.550148 -6473.8265  0.16%  1256  215s
   610   593 -6464.2950   33  450 -6463.5501 -6473.8265  0.16%  1245  220s
   664   633 -6470.9289    7  679 -6463.5501 -6473.8265  0.16%  1218  225s
H  668   633                    -6464.374308 -6473.8265  0.15%  1213  225s
H  676   633                    -6464.381211 -6473.8265  0.15%  1198  225s
H  697   633                    -6464.598741 -6473.8265  0.14%  1192  226s
   760   712 -6468.6589   10  513 -6464.5987 -6473.8265  0.14%  1146  234s
   809   708 -6467.5426   12  493 -6464.5987 -6473.8265  0.14%  1130  238s
   859   732 -6466.4515   14  339 -6464.5987 -6473.6700  0.14%  1108  243s
   921   740 -6465.2794   20  233 -6464.5987 -6473.6700  0.14%  1075  249s
*  936   717             102    -6464.888284 -6473.6700  0.14%  1064  249s
  1002   720 -6472.0401    6  743 -6464.8883 -6473.6700  0.14%  1048  255s
  1078   698 -6469.3294   10  628 -6464.8883 -6473.6700  0.14%  1032  261s
  1142   699 -6467.2180   11  388 -6464.8883 -6473.4203  0.13%  1029  268s
  1191   751 -6467.1598   12  363 -6464.8883 -6473.4203  0.13%  1033  273s
  1263   842     cutoff   16      -6464.8883 -6473.4203  0.13%  1024  280s
H 1286   802                    -6465.092950 -6473.4203  0.13%  1021  280s
H 1289   770                    -6465.299263 -6473.4203  0.13%  1018  280s
H 1369   753                    -6465.916057 -6473.4203  0.12%   985  280s
  1389   737 -6472.4327    7  759 -6465.9161 -6473.4203  0.12%   975  286s
  1503   786 -6470.2333   10  510 -6465.9161 -6473.4203  0.12%   933  292s
  1611   889 -6469.2611   12  777 -6465.9161 -6473.4203  0.12%   903  298s
* 1714   774             109    -6466.131561 -6473.4203  0.11%   876  298s
  1724   748 -6467.8063   15  661 -6466.1316 -6473.4203  0.11%   872  304s
* 1755   720             104    -6466.675982 -6473.4203  0.10%   880  305s
  1847   667     cutoff   18      -6466.6760 -6473.4203  0.10%   849  312s
  1914   682 -6471.2347    8  609 -6466.6760 -6473.4203  0.10%   856  319s
  1968   679 -6466.9293   12  587 -6466.6760 -6473.4203  0.10%   873  327s
  2017   647     cutoff   12      -6466.6760 -6473.1804  0.10%   889  335s
  2079   646 -6470.6456    7  804 -6466.6760 -6473.1804  0.10%   902  343s
  2131   676 -6470.1486    8  562 -6466.6760 -6473.1804  0.10%   918  352s
  2209   670 -6468.0103    9  634 -6466.6760 -6473.1804  0.10%   925  360s
  2243   673     cutoff   10      -6466.6760 -6473.1804  0.10%   930  369s
  2335   690 infeasible   28      -6466.6760 -6472.9956  0.10%   933  377s

Cutting planes:
  Gomory: 19
  Cover: 257
  Implied bound: 552
  Clique: 20
  MIR: 146
  Flow cover: 766
  Network: 5
  RLT: 5
  Relax-and-lift: 86

Explored 2398 nodes (2490545 simplex iterations) in 378.18 seconds (466.92 work units)
Thread count was 24 (of 24 available processors)

Solution count 10: -6466.68 -6466.13 -6465.92 ... -6463.55

Optimal solution found (tolerance 1.00e-03)
Best objective -6.466675982187e+03, best bound -6.472950731989e+03, gap 0.0970%
Set parameter MIPGap to value 0.001
Gurobi Optimizer version 13.0.1 build v13.0.1rc0 (win64 - Windows 10.0 (19045.2))

CPU model: AMD Ryzen 9 5900X 12-Core Processor, instruction set [SSE2|AVX|AVX2]
Thread count: 12 physical cores, 24 logical processors, using up to 24 threads

Non-default parameters:
TimeLimit  10800
MIPGap  0.001
NodefileStart  3
LogToConsole  0

Optimize a model with 171972 rows, 172166 columns and 744950 nonzeros (Min)
Model fingerprint: 0xfa1b3532
Model has 22 linear objective coefficients
Variable types: 145046 continuous, 27120 integer (27120 binary)
Coefficient statistics:
  Matrix range     [3e-04, 2e+02]
  Objective range  [5e-02, 1e+00]
  Bounds range     [9e-03, 6e+01]
  RHS range        [7e-02, 1e+01]

Warning: Completing partial solution with 26976 unfixed non-continuous variables out of 27120
User MIP start produced solution with objective -6464.8 (0.90s)
User MIP start produced solution with objective -6464.8 (0.93s)
Loaded user MIP start with objective -6464.8
MIP start from previous solve produced solution with objective -6464.8 (4.08s)
MIP start from previous solve produced solution with objective -6464.8 (4.11s)
Loaded MIP start from previous solve with objective -6464.8
Processed MIP start in 4.11 seconds (4.98 work units)

Presolve removed 76119 rows and 62167 columns
Presolve time: 1.65s
Presolved: 95853 rows, 109999 columns, 377998 nonzeros
Variable types: 85510 continuous, 24489 integer (24488 binary)
Deterministic concurrent LP optimizer: primal and dual simplex
Showing primal log only...


Root simplex log...

Iteration    Objective       Primal Inf.    Dual Inf.      Time
       0    0.0000000e+00   2.416967e+02   1.031492e+10      6s
    3869    9.8693192e+04   0.000000e+00   1.230924e+06      7s
   22536   -2.8184705e+03   0.000000e+00   1.603687e+06     10s
   36149   -3.0575804e+03   0.000000e+00   6.372751e+04     15s
   46432   -3.1919215e+03   0.000000e+00   9.763381e+04     20s
   55113   -3.2626279e+03   0.000000e+00   1.204059e+05     25s
   64578   -3.3548509e+03   0.000000e+00   5.002589e+05     30s
   73428   -3.4275350e+03   0.000000e+00   1.455492e+05     35s
   81578   -3.4952175e+03   0.000000e+00   2.258463e+05     40s
   89048   -3.5459670e+03   0.000000e+00   2.696182e+05     45s
   95849   -3.5878215e+03   0.000000e+00   1.194569e+05     50s
  102629   -3.6352447e+03   0.000000e+00   5.363137e+05     55s
  109749   -3.6771865e+03   0.000000e+00   4.441396e+05     60s
Concurrent spin time: 0.00s

Solved with dual simplex

Root simplex log...

Iteration    Objective       Primal Inf.    Dual Inf.      Time
  192547   -6.4728194e+03   0.000000e+00   0.000000e+00     65s

Root relaxation: objective -6.472819e+03, 192547 iterations, 58.79 seconds (73.59 work units)

    Nodes    |    Current Node    |     Objective Bounds      |     Work
 Expl Unexpl |  Obj  Depth IntInf | Incumbent    BestBd   Gap | It/Node Time

     0     0 -6472.8194    0  806 -6464.8004 -6472.8194  0.12%     -   66s
     0     0 -6472.6040    0  798 -6464.8004 -6472.6040  0.12%     -   71s
     0     0 -6472.6040    0  798 -6464.8004 -6472.6040  0.12%     -   72s
     0     0 -6472.6040    0  872 -6464.8004 -6472.6040  0.12%     -   74s
     0     0 -6472.6040    0  871 -6464.8004 -6472.6040  0.12%     -   75s
     0     0 -6472.6040    0  860 -6464.8004 -6472.6040  0.12%     -   76s
     0     0 -6472.6040    0  690 -6464.8004 -6472.6040  0.12%     -   78s
     0     0 -6472.6040    0  693 -6464.8004 -6472.6040  0.12%     -   79s
     0     0 -6472.6040    0  825 -6464.8004 -6472.6040  0.12%     -   80s
     0     0 -6472.6040    0  695 -6464.8004 -6472.6040  0.12%     -   81s
     0     0 -6472.6040    0  695 -6464.8004 -6472.6040  0.12%     -   82s
     0     0 -6472.6040    0  709 -6464.8004 -6472.6040  0.12%     -   83s
     0     0 -6472.6040    0  709 -6464.8004 -6472.6040  0.12%     -   84s
     0     0 -6472.5738    0  709 -6464.8004 -6472.5738  0.12%     -   85s
     0     0 -6472.5738    0  711 -6464.8004 -6472.5738  0.12%     -   86s
     0     0 -6472.5738    0  711 -6464.8004 -6472.5738  0.12%     -   86s
     0     0 -6472.5738    0  712 -6464.8004 -6472.5738  0.12%     -   88s
     0     0 -6472.5738    0  710 -6464.8004 -6472.5738  0.12%     -   88s
     0     0 -6472.5738    0  710 -6464.8004 -6472.5738  0.12%     -   89s
     0     0 -6472.5738    0  710 -6464.8004 -6472.5738  0.12%     -   90s
     0     0 -6472.5738    0  710 -6464.8004 -6472.5738  0.12%     -   90s
     0     0 -6472.5738    0  710 -6464.8004 -6472.5738  0.12%     -   90s
     0     2 -6472.5738    0  710 -6464.8004 -6472.5738  0.12%     -   96s
     7    16 -6472.1870    3  608 -6464.8004 -6472.4465  0.12%  1447  101s
    15    28 -6467.8672    4 1109 -6464.8004 -6472.4302  0.12%  2341  105s
    27    52 -6467.8599    5 1046 -6464.8004 -6472.3657  0.12%  1997  111s
    53    68 -6467.7448    8  886 -6464.8004 -6472.3599  0.12%  2048  115s
   100   111 -6467.6415   11 1089 -6464.8004 -6472.3599  0.12%  1438  122s
   112   122 -6467.0370   11  633 -6464.8004 -6472.3599  0.12%  1466  137s
   125   141 -6467.2671   12  813 -6464.8004 -6472.3599  0.12%  1488  155s
   144   153 -6465.8261   12  458 -6464.8004 -6472.3599  0.12%  1477  173s
   156   168 -6467.2103   13  918 -6464.8004 -6472.3599  0.12%  1415  188s
   173   186 -6464.9639   13  536 -6464.8004 -6472.3599  0.12%  1452  207s
   197   198 -6467.2103   14  918 -6464.8004 -6472.3599  0.12%  1374  226s
H  202   198                    -6464.827991 -6472.3599  0.12%  1374  226s
   209   246     cutoff   14      -6464.8280 -6472.3599  0.12%  1402  231s
   261   276 -6467.1415   15  893 -6464.8280 -6472.3599  0.12%  1258  236s
   301   304 -6467.0150   19  618 -6464.8280 -6472.3599  0.12%  1259  241s
   335   349 -6466.8961   22  596 -6464.8280 -6472.3599  0.12%  1246  245s
   390   370 -6466.6427   28  728 -6464.8280 -6472.3599  0.12%  1151  251s
   431   386     cutoff   30      -6464.8280 -6472.2830  0.12%  1159  257s
   455   401 -6470.4948    6 1018 -6464.8280 -6472.2830  0.12%  1238  263s
   484   436 -6470.2231    7 1218 -6464.8280 -6472.2830  0.12%  1289  269s
   525   458 -6469.8024    9 1029 -6464.8280 -6472.2830  0.12%  1274  274s
   561   475 -6468.3241   11  760 -6464.8280 -6472.2830  0.12%  1279  280s
   597   507 -6466.4505   13  818 -6464.8280 -6472.2830  0.12%  1306  287s
   641   523 -6465.1444   17  554 -6464.8280 -6472.2830  0.12%  1318  294s
   691   553 -6471.5001    9  558 -6464.8280 -6472.2830  0.12%  1319  301s
   753   590 -6466.0301   11  418 -6464.8280 -6472.0593  0.11%  1313  308s
   812   637     cutoff   19      -6464.8280 -6472.0206  0.11%  1299  314s
   885   637 -6464.9136   10  581 -6464.8280 -6472.0206  0.11%  1254  315s
   896   671 -6467.1178    8  844 -6464.8280 -6472.0206  0.11%  1250  321s
   968   702 -6468.3429    9  523 -6464.8280 -6472.0206  0.11%  1221  332s
H  984   702                    -6464.827992 -6472.0206  0.11%  1221  332s
  1037   736 -6466.0431   11  557 -6464.8280 -6472.0206  0.11%  1224  340s
  1093   763 -6466.1549   11  324 -6464.8280 -6472.0206  0.11%  1253  350s
  1149   799 -6464.8640   15  504 -6464.8280 -6472.0206  0.11%  1276  358s
  1213   839 -6468.9229    7 1057 -6464.8280 -6472.0206  0.11%  1286  367s
  1305   863 -6466.9736    9  820 -6464.8280 -6472.0206  0.11%  1268  376s
  1382   888 -6466.0785   13  660 -6464.8280 -6472.0206  0.11%  1269  385s
  1449   916     cutoff   21      -6464.8280 -6472.0206  0.11%  1288  395s
  1541   953 -6468.7734   11  469 -6464.8280 -6472.0206  0.11%  1278  405s
  1653  1008 -6466.2333   15  372 -6464.8280 -6472.0206  0.11%  1260  416s
  1773  1014 -6469.4769   10  588 -6464.8280 -6471.4835  0.10%  1241  430s
  1790  1085 -6468.6460   11  407 -6464.8280 -6471.4835  0.10%  1249  441s
  1915  1165 -6465.0066   19  301 -6464.8280 -6471.4835  0.10%  1223  452s
* 1959  1148             125    -6464.828238 -6471.4835  0.10%  1222  452s
  2072  1182 -6466.2750    8  829 -6464.8282 -6471.4835  0.10%  1193  463s
* 2174  1105             113    -6464.974749 -6471.3122  0.10%  1191  463s

Cutting planes:
  Gomory: 16
  Cover: 287
  Implied bound: 582
  Clique: 10
  MIR: 155
  Flow cover: 681
  Flow path: 24
  Network: 14
  Relax-and-lift: 78
  BQP: 3

Explored 2187 nodes (2820660 simplex iterations) in 463.51 seconds (582.77 work units)
Thread count was 24 (of 24 available processors)

Solution count 6: -6464.97 -6464.83 -6464.83 ... -6464.8

Optimal solution found (tolerance 1.00e-03)
Best objective -6.464974749461e+03, best bound -6.471312204700e+03, gap 0.0980%
Set parameter MIPGap to value 0.0001
Gurobi Optimizer version 13.0.1 build v13.0.1rc0 (win64 - Windows 10.0 (19045.2))

CPU model: AMD Ryzen 9 5900X 12-Core Processor, instruction set [SSE2|AVX|AVX2]
Thread count: 12 physical cores, 24 logical processors, using up to 24 threads

Non-default parameters:
TimeLimit  10800
NodefileStart  3
LogToConsole  0

Optimize a model with 171992 rows, 172166 columns and 745030 nonzeros (Min)
Model fingerprint: 0xa1432902
Model has 22 linear objective coefficients
Variable types: 145046 continuous, 27120 integer (27120 binary)
Coefficient statistics:
  Matrix range     [3e-04, 2e+02]
  Objective range  [5e-02, 1e+00]
  Bounds range     [9e-03, 6e+01]
  RHS range        [7e-02, 1e+01]

Warning: Completing partial solution with 26976 unfixed non-continuous variables out of 27120
User MIP start produced solution with objective -6464.97 (0.92s)
User MIP start produced solution with objective -6464.97 (0.94s)
Loaded user MIP start with objective -6464.97
MIP start from previous solve did not produce a new incumbent solution
Processed MIP start in 3.41 seconds (4.52 work units)

Presolve removed 76119 rows and 62167 columns
Presolve time: 1.60s
Presolved: 95873 rows, 109999 columns, 378058 nonzeros
Variable types: 85510 continuous, 24489 integer (24488 binary)
Deterministic concurrent LP optimizer: primal and dual simplex
Showing primal log only...


Root simplex log...

Iteration    Objective       Primal Inf.    Dual Inf.      Time
       0    0.0000000e+00   2.394315e+02   1.034051e+10      6s
    3755    9.8802054e+04   0.000000e+00   1.180303e+06      6s
   26112   -2.9485025e+03   0.000000e+00   2.318878e+05     10s
   38553   -3.1397019e+03   0.000000e+00   2.302939e+05     15s
   50038   -3.2792612e+03   0.000000e+00   9.408429e+04     20s
   59557   -3.3610181e+03   0.000000e+00   3.512713e+06     25s
   67497   -3.4113615e+03   0.000000e+00   1.137168e+06     30s
   75356   -3.4654319e+03   0.000000e+00   1.043699e+06     35s
   82986   -3.5231467e+03   0.000000e+00   5.716799e+04     40s
   90107   -3.5694512e+03   0.000000e+00   1.656027e+05     45s
   97597   -3.6190636e+03   0.000000e+00   2.918206e+05     50s
  105249   -3.6667972e+03   0.000000e+00   3.008643e+05     55s
  112420   -3.7054003e+03   0.000000e+00   8.044120e+04     60s
Concurrent spin time: 0.00s

Solved with dual simplex

Root simplex log...

Iteration    Objective       Primal Inf.    Dual Inf.      Time
  189078   -6.4728153e+03   0.000000e+00   0.000000e+00     65s

Root relaxation: objective -6.472815e+03, 189078 iterations, 59.35 seconds (74.14 work units)

    Nodes    |    Current Node    |     Objective Bounds      |     Work
 Expl Unexpl |  Obj  Depth IntInf | Incumbent    BestBd   Gap | It/Node Time

     0     0 -6472.8153    0  900 -6464.9744 -6472.8153  0.12%     -   66s
     0     0 -6472.6159    0  958 -6464.9744 -6472.6159  0.12%     -   70s
     0     0 -6472.6155    0  958 -6464.9744 -6472.6155  0.12%     -   71s
     0     0 -6472.6000    0  854 -6464.9744 -6472.6000  0.12%     -   73s
     0     0 -6472.6000    0  854 -6464.9744 -6472.6000  0.12%     -   75s
     0     0 -6472.6000    0  844 -6464.9744 -6472.6000  0.12%     -   76s
     0     0 -6472.6000    0  844 -6464.9744 -6472.6000  0.12%     -   77s
     0     0 -6472.6000    0  844 -6464.9744 -6472.6000  0.12%     -   78s
     0     0 -6472.6000    0  749 -6464.9744 -6472.6000  0.12%     -   80s
     0     0 -6472.6000    0  752 -6464.9744 -6472.6000  0.12%     -   81s
     0     0 -6472.6000    0  916 -6464.9744 -6472.6000  0.12%     -   83s
     0     0 -6472.6000    0  916 -6464.9744 -6472.6000  0.12%     -   83s
     0     0 -6472.6000    0  753 -6464.9744 -6472.6000  0.12%     -   85s
     0     0 -6472.6000    0  734 -6464.9744 -6472.6000  0.12%     -   86s
     0     0 -6472.6000    0  741 -6464.9744 -6472.6000  0.12%     -   86s
     0     0 -6472.6000    0  688 -6464.9744 -6472.6000  0.12%     -   87s
     0     0 -6472.5699    0  690 -6464.9744 -6472.5699  0.12%     -   89s
     0     0 -6472.5699    0  825 -6464.9744 -6472.5699  0.12%     -   90s
     0     0 -6472.5699    0  700 -6464.9744 -6472.5699  0.12%     -   92s
     0     0 -6472.5699    0  702 -6464.9744 -6472.5699  0.12%     -   92s
     0     0 -6472.5684    0  703 -6464.9744 -6472.5684  0.12%     -   93s
     0     0 -6472.5684    0  703 -6464.9744 -6472.5684  0.12%     -   94s
     0     0 -6472.5684    0  703 -6464.9744 -6472.5684  0.12%     -   95s
     0     0 -6472.5684    0  703 -6464.9744 -6472.5684  0.12%     -   95s
     0     0 -6472.5684    0  672 -6464.9744 -6472.5684  0.12%     -   95s
     0     2 -6472.5684    0  669 -6464.9744 -6472.5684  0.12%     -  101s
     7    16 -6472.1308    3  638 -6464.9744 -6472.4306  0.12%  1351  106s
    15    28 -6469.9108    4  901 -6464.9744 -6472.4305  0.12%  1624  111s
    27    57 -6469.8936    5  727 -6464.9744 -6472.3391  0.11%  2353  116s
    56    88 -6469.8539    6  707 -6464.9744 -6472.3391  0.11%  1833  121s
    87   104 -6469.6089    7  813 -6464.9744 -6472.3391  0.11%  1563  127s
   107   113 -6469.6262    8  713 -6464.9744 -6472.3391  0.11%  1734  136s
   120   125 -6469.1393    9  804 -6464.9744 -6472.3391  0.11%  1800  143s
   132   135 -6468.4125   10  608 -6464.9744 -6472.3391  0.11%  1846  148s
   146   143 -6466.4819   10  601 -6464.9744 -6472.3391  0.11%  1904  152s
   166   160 -6468.1155   11  615 -6464.9744 -6472.3391  0.11%  1914  157s
   191   173 -6467.3513   12  635 -6464.9744 -6472.2765  0.11%  1940  162s
   212   189 -6466.5922   14  429 -6464.9744 -6472.2765  0.11%  1919  166s
   234   207     cutoff   14      -6464.9744 -6472.2658  0.11%  1909  170s
   295   231     cutoff    9      -6464.9744 -6472.1349  0.11%  1832  178s
   321   254 -6471.3439    8 1010 -6464.9744 -6472.1349  0.11%  1814  183s
   356   269 -6468.1668   10  806 -6464.9744 -6472.1349  0.11%  1769  187s
   385   286 -6467.6184   11  653 -6464.9744 -6472.1349  0.11%  1731  191s
   420   302 -6466.0979   13  887 -6464.9744 -6472.1245  0.11%  1670  196s
   478   323 -6465.2904   16  589 -6464.9744 -6472.1245  0.11%  1551  201s
   525   347 -6465.6106   16  602 -6464.9744 -6472.0795  0.11%  1492  205s
   561   377 -6465.2531   18  485 -6464.9744 -6472.0795  0.11%  1480  211s
   599   398     cutoff    8      -6464.9744 -6472.0636  0.11%  1464  216s
   644   420 -6470.4879    8  757 -6464.9744 -6472.0636  0.11%  1442  221s
   690   445 -6468.7046   10  647 -6464.9744 -6472.0636  0.11%  1423  226s
   747   466 -6468.4033   11  708 -6464.9744 -6472.0636  0.11%  1373  233s
   811   481 -6467.3071   15  573 -6464.9744 -6472.0326  0.11%  1327  238s
   866   503 -6465.9498   18  417 -6464.9744 -6472.0326  0.11%  1309  245s
   910   549 -6470.1950    9  938 -6464.9744 -6472.0326  0.11%  1315  251s
   960   569 -6468.2500   11  547 -6464.9744 -6472.0326  0.11%  1302  257s
  1000   576 -6466.7419   14  483 -6464.9744 -6471.8191  0.11%  1311  283s
  1017   584 -6466.1381   15  512 -6464.9744 -6471.8191  0.11%  1311  310s
  1033   591 -6465.0672   16  447 -6464.9744 -6471.8191  0.11%  1310  339s
  1049   593     cutoff   17      -6464.9744 -6471.8191  0.11%  1308  368s
  1071   605 -6466.1890    9  791 -6464.9744 -6471.8191  0.11%  1311  398s
  1083   614 -6466.1890   10  764 -6464.9744 -6471.8191  0.11%  1313  429s
  1098   623     cutoff   11      -6464.9744 -6471.8191  0.11%  1312  455s
  1113   647 -6465.9221   12  528 -6464.9744 -6471.8191  0.11%  1312  476s
  1198   659 -6465.5329   11  429 -6464.9744 -6471.3687  0.10%  1274  495s
  1258   700 -6469.4856    7  675 -6464.9744 -6471.3687  0.10%  1275  517s
  1336   745 -6467.3838   11  558 -6464.9744 -6471.1661  0.10%  1264  537s
  1461   763 -6465.5363   15  437 -6464.9744 -6470.9554  0.09%  1216  548s
  1546   799 -6469.0178   10  646 -6464.9744 -6470.9523  0.09%  1216  560s
  1650   850 -6466.7591   15  551 -6464.9744 -6470.8708  0.09%  1207  572s
  1772   874 -6468.5793   11  589 -6464.9744 -6470.8708  0.09%  1188  584s
  1884   891 -6466.8217   15  565 -6464.9744 -6470.6808  0.09%  1179  597s
  2025   908 -6467.6986   10  713 -6464.9744 -6470.5483  0.09%  1166  610s
  2148   931 -6468.9966   13  493 -6464.9744 -6470.3614  0.08%  1163  623s
  2269   933 -6466.1204   19  541 -6464.9744 -6470.3614  0.08%  1158  636s
  2411   952     cutoff   11      -6464.9744 -6470.2434  0.08%  1150  651s
  2541   968 -6467.2687   14  630 -6464.9744 -6470.2434  0.08%  1147  666s
  2671   988 -6466.9291   12  510 -6464.9744 -6470.2434  0.08%  1148  682s
  2804   998 -6465.7137   11  433 -6464.9744 -6469.7492  0.07%  1150  698s
  2934  1019 -6466.6494   13  725 -6464.9744 -6469.7161  0.07%  1156  717s
  3079  1024 -6468.7144    9  922 -6464.9744 -6469.6678  0.07%  1160  735s
  3259  1039 -6465.1996   14  632 -6464.9744 -6469.5164  0.07%  1151  755s
  3482  1031 -6467.1644   14  840 -6464.9744 -6469.2115  0.07%  1134  773s
  3684  1034     cutoff   16      -6464.9744 -6469.0718  0.06%  1125  794s
  3912  1023 -6465.8645   12  450 -6464.9744 -6468.8793  0.06%  1112  816s
  4144  1027 -6465.6426   12  805 -6464.9744 -6468.7562  0.06%  1105  837s
  4380  1031     cutoff   12      -6464.9744 -6468.4083  0.05%  1098  859s
  4616  1074     cutoff   12      -6464.9744 -6468.2483  0.05%  1090  883s
* 4727  1052              78    -6465.002634 -6468.2483  0.05%  1074  883s
  4955  1034     cutoff   16      -6465.0026 -6468.1099  0.05%  1063  907s
  5280  1025 -6465.3158   22  236 -6465.0026 -6467.9303  0.05%  1045  931s
  5640   983     cutoff   16      -6465.0026 -6467.6195  0.04%  1025  958s
  6037   960     cutoff   20      -6465.0026 -6467.4052  0.04%  1006  985s
  6452   854     cutoff   31      -6465.0026 -6467.1639  0.03%   987 1013s
  6919   773 -6465.6131   13  387 -6465.0026 -6466.8398  0.03%   964 1043s
  7514   741     cutoff   12      -6465.0026 -6466.3200  0.02%   929 1078s
  8365   647 -6465.0201   26  173 -6465.0026 -6465.9493  0.01%   875 1124s
  9914   329 -6465.0103   25  202 -6465.0026 -6465.6572  0.01%   780 1183s

Cutting planes:
  Gomory: 33
  Cover: 438
  Implied bound: 881
  Clique: 6
  MIR: 176
  Flow cover: 848
  Relax-and-lift: 145

Explored 11627 nodes (8316720 simplex iterations) in 1184.59 seconds (1330.56 work units)
Thread count was 24 (of 24 available processors)

Solution count 2: -6465 -6464.97 

Optimal solution found (tolerance 1.00e-04)
Best objective -6.465002633505e+03, best bound -6.465247004739e+03, gap 0.0038%
