
Gurobi 13.0.1 (win64) logging started Wed Oct  7 10:45:47 2026

Set parameter LogFile to value "ieee_owen\weak_eps_experiment\stochastic\main17\logs\n30_S20_day6_ef_gurobi.log"
Set parameter NodefileStart to value 3
Set parameter MIPGap to value 0.001
Gurobi Optimizer version 13.0.1 build v13.0.1rc0 (win64 - Windows 10.0 (19045.2))

CPU model: AMD Ryzen 9 5900X 12-Core Processor, instruction set [SSE2|AVX|AVX2]
Thread count: 12 physical cores, 24 logical processors, using up to 24 threads

Non-default parameters:
TimeLimit  10800
MIPGap  0.001
NodefileStart  3
LogToConsole  0

Optimize a model with 171952 rows, 172166 columns and 744870 nonzeros (Min)
Model fingerprint: 0x9b9bbc22
Model has 22 linear objective coefficients
Variable types: 145046 continuous, 27120 integer (27120 binary)
Coefficient statistics:
  Matrix range     [3e-04, 2e+02]
  Objective range  [5e-02, 1e+00]
  Bounds range     [9e-03, 6e+01]
  RHS range        [7e-02, 1e+01]

Presolve removed 76118 rows and 62167 columns
Presolve time: 1.61s
Presolved: 95834 rows, 109999 columns, 377940 nonzeros
Variable types: 85510 continuous, 24489 integer (24488 binary)
Found heuristic solution: objective -5693.353382
Deterministic concurrent LP optimizer: primal and dual simplex
Showing primal log only...


Root simplex log...

Iteration    Objective       Primal Inf.    Dual Inf.      Time
   19092   -2.9460466e+03   0.000000e+00   1.361661e+05      5s
   34295   -3.3542019e+03   0.000000e+00   1.584799e+05     10s
   45561   -3.5573902e+03   0.000000e+00   1.462851e+05     15s
   55142   -3.6628474e+03   0.000000e+00   8.784222e+04     20s
   64722   -3.7649752e+03   0.000000e+00   8.931865e+04     25s
   73679   -3.8369628e+03   0.000000e+00   1.492252e+05     30s
   81720   -3.8904586e+03   0.000000e+00   1.100456e+05     35s
   89751   -3.9541572e+03   0.000000e+00   5.470724e+04     40s
   97231   -4.0045609e+03   0.000000e+00   2.607847e+05     45s
Concurrent spin time: 0.00s

Solved with dual simplex

Root simplex log...

Iteration    Objective       Primal Inf.    Dual Inf.      Time
  170974   -6.9503171e+03   0.000000e+00   0.000000e+00     48s

Root relaxation: objective -6.950317e+03, 170974 iterations, 45.69 seconds (58.13 work units)

    Nodes    |    Current Node    |     Objective Bounds      |     Work
 Expl Unexpl |  Obj  Depth IntInf | Incumbent    BestBd   Gap | It/Node Time

     0     0 -6950.3171    0  764 -5693.3534 -6950.3171  22.1%     -   49s
H    0     0                    -6903.258642 -6950.3171  0.68%     -   53s
H    0     0                    -6908.744602 -6950.3171  0.60%     -   55s
     0     0 -6950.3171    0  885 -6908.7446 -6950.3171  0.60%     -   58s
     0     0 -6950.3152    0  957 -6908.7446 -6950.3152  0.60%     -   63s
     0     0 -6950.3152    0  958 -6908.7446 -6950.3152  0.60%     -   64s
     0     0 -6950.3152    0  998 -6908.7446 -6950.3152  0.60%     -   65s
     0     0 -6950.3152    0  998 -6908.7446 -6950.3152  0.60%     -   65s
     0     0 -6950.3152    0  742 -6908.7446 -6950.3152  0.60%     -   67s
     0     0 -6950.3152    0  742 -6908.7446 -6950.3152  0.60%     -   72s
     0     0 -6950.3152    0  817 -6908.7446 -6950.3152  0.60%     -   73s
     0     0 -6950.3152    0  817 -6908.7446 -6950.3152  0.60%     -   73s
     0     0 -6950.3152    0  776 -6908.7446 -6950.3152  0.60%     -   74s
     0     0 -6950.3152    0  736 -6908.7446 -6950.3152  0.60%     -   75s
     0     0 -6950.3152    0  764 -6908.7446 -6950.3152  0.60%     -   76s
     0     0 -6950.3152    0  764 -6908.7446 -6950.3152  0.60%     -   77s
     0     0 -6950.3152    0  706 -6908.7446 -6950.3152  0.60%     -   79s
H    0     0                    -6930.583880 -6950.3152  0.28%     -   82s
     0     0 -6950.3152    0  708 -6930.5839 -6950.3152  0.28%     -   82s
     0     0 -6950.3152    0  709 -6930.5839 -6950.3152  0.28%     -   83s
     0     0 -6950.3152    0  709 -6930.5839 -6950.3152  0.28%     -   83s
     0     0 -6950.3152    0  709 -6930.5839 -6950.3152  0.28%     -   84s
     0     0 -6950.3152    0  709 -6930.5839 -6950.3152  0.28%     -   84s
     0     0 -6950.3152    0  709 -6930.5839 -6950.3152  0.28%     -   84s
     0     0 -6950.3152    0  679 -6930.5839 -6950.3152  0.28%     -   85s
     0     2 -6950.3152    0  679 -6930.5839 -6950.3152  0.28%     -   87s
     3     8 -6946.7702    2 1100 -6930.5839 -6950.3152  0.28%  2493   90s
H    9    16                    -6930.757128 -6950.3152  0.28%  1219   93s
H   15    28                    -6931.050140 -6950.3152  0.28%  2087   98s
    27    57 -6946.6035    5 1015 -6931.0501 -6950.3035  0.28%  2541  103s
    56    72 -6946.0213    8  764 -6931.0501 -6950.3006  0.28%  1866  106s
H   58    72                    -6934.732218 -6950.3006  0.22%  1909  106s
    71    84 -6945.2212    8  775 -6934.7322 -6950.3006  0.22%  1880  110s
    83    99 -6944.3875    9  881 -6934.7322 -6950.3006  0.22%  1855  115s
   116   129 -6944.2256   10  698 -6934.7322 -6950.3006  0.22%  2137  124s
H  122   129                    -6934.736486 -6950.3006  0.22%  2089  124s
   128   141 -6944.2256   11  826 -6934.7365 -6950.3006  0.22%  2125  133s
   140   157 -6944.1589   12  637 -6934.7365 -6950.3006  0.22%  2196  143s
H  141   157                    -6935.258096 -6950.3006  0.22%  2181  143s
H  153   157                    -6935.785177 -6950.3006  0.21%  2096  143s
   156   169 -6944.0761   14  838 -6935.7852 -6950.3006  0.21%  2096  147s
H  163   169                    -6935.828552 -6950.3006  0.21%  2079  147s
   168   200 -6944.0761   15  838 -6935.8286 -6950.3006  0.21%  2067  152s
   199   226 -6944.0761   16  727 -6935.8286 -6950.3006  0.21%  2010  156s
   227   247 -6943.5565   17  821 -6935.8286 -6950.3006  0.21%  2004  161s
   248   269 -6941.1256   18  683 -6935.8286 -6950.3006  0.21%  2065  166s
H  258   269                    -6936.975923 -6950.3006  0.19%  2102  166s
   272   287 -6941.3690   19  741 -6936.9759 -6950.3006  0.19%  2079  170s
   298   307 -6941.1546   20  587 -6936.9759 -6950.3006  0.19%  2099  175s
H  304   307                    -6936.975925 -6950.3006  0.19%  2080  175s
H  312   307                    -6936.982668 -6950.3006  0.19%  2073  175s
   320   329 -6940.5920   21  663 -6936.9827 -6950.2790  0.19%  2091  180s
H  348   341                    -6937.410521 -6950.2790  0.19%  2051  202s
H  350   341                    -6938.949390 -6950.2790  0.16%  2042  202s
   360   343     cutoff   22      -6938.9494 -6950.2790  0.16%  2056  214s
H  369   343                    -6939.420668 -6950.1570  0.15%  2028  214s
H  370   343                    -6939.458087 -6950.1570  0.15%  2025  214s
   382   355 -6946.2374    6  669 -6939.4581 -6950.1570  0.15%  2034  220s
   420   393 -6944.1522    7  544 -6939.4581 -6950.1570  0.15%  1973  225s
   468   425 -6942.5398    8  539 -6939.4581 -6950.1570  0.15%  1888  231s
   510   455 -6947.0946    7  531 -6939.4581 -6950.1570  0.15%  1807  236s
   563   483 -6944.7422    8  480 -6939.4581 -6950.0494  0.15%  1739  242s
   613   540 -6942.7809    9  490 -6939.4581 -6950.0494  0.15%  1680  248s
   680   593 -6943.3823    9  382 -6939.4581 -6950.0494  0.15%  1598  254s
H  734   593                    -6939.945654 -6950.0494  0.15%  1567  254s
   743   651 -6940.8417   13  343 -6939.9457 -6950.0494  0.15%  1557  260s
H  811   651                    -6940.425086 -6950.0494  0.14%  1492  260s
H  819   651                    -6940.506347 -6950.0494  0.14%  1478  260s
H  822   651                    -6940.530834 -6950.0494  0.14%  1473  260s
   836   687 -6941.5937   20  301 -6940.5308 -6950.0494  0.14%  1453  267s
H  908   687                    -6940.548265 -6949.3405  0.13%  1407  267s
H  911   687                    -6940.553224 -6949.3405  0.13%  1403  267s
H  914   687                    -6940.557210 -6949.3405  0.13%  1398  267s
   918   685 -6941.5472   25  167 -6940.5572 -6949.3405  0.13%  1397  275s
H  973   685                    -6940.563891 -6949.3405  0.13%  1390  275s
H  984   685                    -6940.592953 -6949.3405  0.13%  1374  275s
   990   719 -6941.2045   27  235 -6940.5930 -6949.3405  0.13%  1374  281s
  1077   713 -6940.8979   41   80 -6940.5930 -6949.3405  0.13%  1317  288s
  1199   783 -6940.8965   55   58 -6940.5930 -6949.3405  0.13%  1237  294s
* 1307   725             113    -6940.645890 -6948.2301  0.11%  1176  294s
  1315   751 -6940.8965   65   38 -6940.6459 -6948.2301  0.11%  1176  301s
  1413   803 -6940.8965   78   22 -6940.6459 -6948.2301  0.11%  1144  308s
  1527   867 -6940.8965   97    1 -6940.6459 -6948.1470  0.11%  1106  314s
* 1528   723              98    -6940.896523 -6948.1470  0.10%  1105  314s
  1640   748 -6943.1035    9  674 -6940.8965 -6948.1470  0.10%  1073  322s
* 1705   748             143    -6940.896621 -6948.1470  0.10%  1064  322s
  1744   758 -6940.9424   10  565 -6940.8966 -6948.1470  0.10%  1058  330s
  1805   770 -6943.4941   11  382 -6940.8966 -6947.9346  0.10%  1074  339s

Cutting planes:
  Gomory: 6
  Cover: 244
  Implied bound: 568
  Clique: 39
  MIR: 96
  Flow cover: 505
  Network: 60
  RLT: 1
  Relax-and-lift: 87
  BQP: 2

Explored 1884 nodes (2225787 simplex iterations) in 339.51 seconds (406.96 work units)
Thread count was 24 (of 24 available processors)

Solution count 10: -6940.9 -6940.9 -6940.65 ... -6940.51

Optimal solution found (tolerance 1.00e-03)
Best objective -6.940896621073e+03, best bound -6.947494660033e+03, gap 0.0951%
Set parameter MIPGap to value 0.001
Gurobi Optimizer version 13.0.1 build v13.0.1rc0 (win64 - Windows 10.0 (19045.2))

CPU model: AMD Ryzen 9 5900X 12-Core Processor, instruction set [SSE2|AVX|AVX2]
Thread count: 12 physical cores, 24 logical processors, using up to 24 threads

Non-default parameters:
TimeLimit  10800
MIPGap  0.001
NodefileStart  3
LogToConsole  0

Optimize a model with 171972 rows, 172166 columns and 744950 nonzeros (Min)
Model fingerprint: 0x259711f7
Model has 22 linear objective coefficients
Variable types: 145046 continuous, 27120 integer (27120 binary)
Coefficient statistics:
  Matrix range     [2e-04, 2e+02]
  Objective range  [5e-02, 1e+00]
  Bounds range     [9e-03, 6e+01]
  RHS range        [7e-02, 1e+01]

Warning: Completing partial solution with 26976 unfixed non-continuous variables out of 27120
User MIP start produced solution with objective -6938.88 (0.83s)
User MIP start produced solution with objective -6938.88 (0.86s)
Loaded user MIP start with objective -6938.88
MIP start from previous solve produced solution with objective -6938.89 (3.68s)
MIP start from previous solve produced solution with objective -6938.89 (3.70s)
Loaded MIP start from previous solve with objective -6938.89
Processed MIP start in 3.70 seconds (5.07 work units)

Presolve removed 76118 rows and 62167 columns
Presolve time: 1.60s
Presolved: 95854 rows, 109999 columns, 378000 nonzeros
Variable types: 85510 continuous, 24489 integer (24488 binary)
Deterministic concurrent LP optimizer: primal and dual simplex
Showing primal log only...


Root simplex log...

Iteration    Objective       Primal Inf.    Dual Inf.      Time
       0    0.0000000e+00   2.320397e+02   9.495146e+09      6s
    3970    9.4786710e+04   0.000000e+00   1.187042e+06      6s
   25914   -3.0886436e+03   0.000000e+00   6.262466e+05     10s
   39014   -3.4205563e+03   0.000000e+00   6.917889e+06     15s
   49269   -3.6161230e+03   0.000000e+00   2.622219e+05     20s
   58305   -3.7332865e+03   0.000000e+00   4.281272e+05     25s
   67870   -3.8323550e+03   0.000000e+00   1.219644e+05     30s
   77484   -3.9245862e+03   0.000000e+00   7.621635e+04     35s
   86530   -3.9962200e+03   0.000000e+00   2.623238e+05     40s
   94069   -4.0370362e+03   0.000000e+00   1.236406e+05     45s
  101480   -4.0786691e+03   0.000000e+00   7.308209e+04     50s
  108830   -4.1196303e+03   0.000000e+00   4.710892e+05     55s
Concurrent spin time: 0.00s

Solved with dual simplex

Root simplex log...

Iteration    Objective       Primal Inf.    Dual Inf.      Time
  178022   -6.9485069e+03   0.000000e+00   0.000000e+00     60s

Root relaxation: objective -6.948507e+03, 178022 iterations, 54.45 seconds (68.79 work units)

    Nodes    |    Current Node    |     Objective Bounds      |     Work
 Expl Unexpl |  Obj  Depth IntInf | Incumbent    BestBd   Gap | It/Node Time

     0     0 -6948.5069    0  894 -6938.8883 -6948.5069  0.14%     -   61s
     0     0 -6948.5069    0  920 -6938.8883 -6948.5069  0.14%     -   66s
     0     0 -6948.5069    0  920 -6938.8883 -6948.5069  0.14%     -   68s
     0     0 -6948.5069    0  938 -6938.8883 -6948.5069  0.14%     -   70s
     0     0 -6948.5069    0  769 -6938.8883 -6948.5069  0.14%     -   71s
     0     0 -6948.5069    0  769 -6938.8883 -6948.5069  0.14%     -   75s
     0     0 -6948.5069    0  788 -6938.8883 -6948.5069  0.14%     -   77s
     0     0 -6948.5069    0  788 -6938.8883 -6948.5069  0.14%     -   77s
     0     0 -6948.5069    0  788 -6938.8883 -6948.5069  0.14%     -   79s
     0     0 -6948.5069    0  793 -6938.8883 -6948.5069  0.14%     -   80s
     0     0 -6948.5069    0  793 -6938.8883 -6948.5069  0.14%     -   81s
     0     0 -6948.5069    0  794 -6938.8883 -6948.5069  0.14%     -   82s
     0     0 -6948.5069    0  793 -6938.8883 -6948.5069  0.14%     -   83s
     0     0 -6948.5069    0  793 -6938.8883 -6948.5069  0.14%     -   84s
     0     0 -6948.5069    0  815 -6938.8883 -6948.5069  0.14%     -   85s
     0     0 -6948.5069    0  818 -6938.8883 -6948.5069  0.14%     -   86s
     0     0 -6948.5069    0  780 -6938.8883 -6948.5069  0.14%     -   88s
     0     0 -6948.5069    0  783 -6938.8883 -6948.5069  0.14%     -   89s
     0     0 -6948.5069    0  827 -6938.8883 -6948.5069  0.14%     -   90s
     0     0 -6948.5069    0  774 -6938.8883 -6948.5069  0.14%     -   92s
     0     0 -6948.5035    0  774 -6938.8883 -6948.5035  0.14%     -   93s
     0     0 -6948.5035    0  774 -6938.8883 -6948.5035  0.14%     -   93s
     0     2 -6948.5035    0  756 -6938.8883 -6948.5035  0.14%     -  102s
     7    16 -6944.9356    3  927 -6938.8883 -6948.5035  0.14%  1486  106s
    15    28 -6944.7984    4  932 -6938.8883 -6948.5035  0.14%  1518  112s
    27    51 -6944.7984    5  912 -6938.8883 -6948.4174  0.14%  2238  116s
    52    68 -6943.4720    7  855 -6938.8883 -6948.4174  0.14%  1611  121s
    69    92 -6944.1569    8 1071 -6938.8883 -6948.4174  0.14%  1891  127s
    95   104 -6940.8584   11 1015 -6938.8883 -6948.4174  0.14%  2007  131s
   107   115 -6941.8406   12 1027 -6938.8883 -6948.4174  0.14%  2100  138s
   122   127 -6941.4704   12  648 -6938.8883 -6948.3690  0.14%  2412  146s
   134   140 -6939.9797   13  865 -6938.8883 -6948.3690  0.14%  2488  153s
   147   159 -6939.7757   13  755 -6938.8883 -6948.3690  0.14%  2636  158s
   166   181     cutoff   14      -6938.8883 -6948.3690  0.14%  2700  163s
   196   208     cutoff   17      -6938.8883 -6948.3690  0.14%  2543  167s
   229   231     cutoff   19      -6938.8883 -6948.3039  0.14%  2346  173s
   262   241 -6944.2790    6  816 -6938.8883 -6948.3039  0.14%  2248  176s
   292   251 -6943.6991    7  673 -6938.8883 -6948.3039  0.14%  2146  181s
   320   269 -6941.6581    8  670 -6938.8883 -6946.9246  0.12%  2097  186s
   344   291 -6942.9806    8  607 -6938.8883 -6946.7752  0.11%  2085  190s
   374   322 -6941.5551    7  810 -6938.8883 -6946.7752  0.11%  2020  195s
   457   400 -6939.6139   11  497 -6938.8883 -6946.7752  0.11%  1843  203s
   513   430     cutoff   13      -6938.8883 -6946.7752  0.11%  1730  208s
   585   444 -6943.3544    7  543 -6938.8883 -6946.7141  0.11%  1602  217s
   637   453 -6940.3184    9  314 -6938.8883 -6946.7141  0.11%  1540  236s
   652   462 -6939.8016   10  319 -6938.8883 -6946.4596  0.11%  1545  256s
   667   469 -6939.4845   11  308 -6938.8883 -6946.4596  0.11%  1535  277s
   682   481 -6938.9606   12  288 -6938.8883 -6946.4596  0.11%  1525  299s
   702   485     cutoff   13      -6938.8883 -6946.4596  0.11%  1505  319s
   720   493     cutoff   12      -6938.8883 -6946.4596  0.11%  1489  342s
   763   498 -6942.1766    8  809 -6938.8883 -6946.3498  0.11%  1451  367s
   781   534 -6940.2239    9  493 -6938.8883 -6946.3498  0.11%  1451  384s
   827   592 -6940.1162   10  515 -6938.8883 -6946.3498  0.11%  1403  398s
   909   663     cutoff   15      -6938.8883 -6946.3498  0.11%  1320  406s
  1042   741 -6943.7782    6  577 -6938.8883 -6945.8961  0.10%  1209  414s
  1177   785 -6939.0129   11  471 -6938.8883 -6945.8961  0.10%  1137  423s
* 1204   695             104    -6938.955208 -6945.8566  0.10%  1126  423s

Cutting planes:
  Gomory: 11
  Cover: 201
  Implied bound: 385
  Clique: 9
  MIR: 133
  Flow cover: 520
  Network: 19
  RLT: 1
  Relax-and-lift: 54

Explored 1278 nodes (1624794 simplex iterations) in 424.10 seconds (578.32 work units)
Thread count was 24 (of 24 available processors)

Solution count 3: -6938.96 -6938.89 -6938.88 

Optimal solution found (tolerance 1.00e-03)
Best objective -6.938955208462e+03, best bound -6.945787507011e+03, gap 0.0985%
Set parameter MIPGap to value 0.0001
Gurobi Optimizer version 13.0.1 build v13.0.1rc0 (win64 - Windows 10.0 (19045.2))

CPU model: AMD Ryzen 9 5900X 12-Core Processor, instruction set [SSE2|AVX|AVX2]
Thread count: 12 physical cores, 24 logical processors, using up to 24 threads

Non-default parameters:
TimeLimit  10800
NodefileStart  3
LogToConsole  0

Optimize a model with 171992 rows, 172166 columns and 745030 nonzeros (Min)
Model fingerprint: 0xb39495a1
Model has 22 linear objective coefficients
Variable types: 145046 continuous, 27120 integer (27120 binary)
Coefficient statistics:
  Matrix range     [2e-04, 2e+02]
  Objective range  [5e-02, 1e+00]
  Bounds range     [9e-03, 6e+01]
  RHS range        [7e-02, 1e+01]

Warning: Completing partial solution with 26976 unfixed non-continuous variables out of 27120
User MIP start produced solution with objective -6938.93 (0.81s)
User MIP start produced solution with objective -6938.93 (0.83s)
Loaded user MIP start with objective -6938.93
MIP start from previous solve did not produce a new incumbent solution
Processed MIP start in 3.59 seconds (4.73 work units)

Presolve removed 76118 rows and 62167 columns
Presolve time: 1.62s
Presolved: 95874 rows, 109999 columns, 378060 nonzeros
Variable types: 85510 continuous, 24489 integer (24488 binary)
Deterministic concurrent LP optimizer: primal and dual simplex
Showing primal log only...


Root simplex log...

Iteration    Objective       Primal Inf.    Dual Inf.      Time
       0    0.0000000e+00   2.356071e+02   9.578260e+09      6s
    3806    9.5600722e+04   0.000000e+00   1.267052e+06      6s
   25219   -3.2609453e+03   0.000000e+00   1.400219e+06     10s
   37703   -3.4831052e+03   0.000000e+00   1.480564e+05     15s
   48857   -3.6346516e+03   0.000000e+00   2.190749e+05     20s
   59310   -3.7496337e+03   0.000000e+00   6.001090e+05     25s
   68878   -3.8402502e+03   0.000000e+00   1.361872e+05     30s
   78346   -3.9117256e+03   0.000000e+00   1.016801e+05     35s
   86785   -3.9688893e+03   0.000000e+00   1.560411e+05     40s
   95455   -4.0318296e+03   0.000000e+00   1.711092e+05     45s
  103166   -4.0821836e+03   0.000000e+00   1.209688e+05     50s
Concurrent spin time: 0.01s

Solved with dual simplex

Root simplex log...

Iteration    Objective       Primal Inf.    Dual Inf.      Time
  175995   -6.9484943e+03   0.000000e+00   0.000000e+00     54s

Root relaxation: objective -6.948494e+03, 175995 iterations, 48.41 seconds (60.81 work units)

    Nodes    |    Current Node    |     Objective Bounds      |     Work
 Expl Unexpl |  Obj  Depth IntInf | Incumbent    BestBd   Gap | It/Node Time

     0     0 -6948.4943    0  893 -6938.9346 -6948.4943  0.14%     -   55s
     0     0 -6948.4943    0  880 -6938.9346 -6948.4943  0.14%     -   62s
     0     0 -6948.4943    0  880 -6938.9346 -6948.4943  0.14%     -   65s
     0     0 -6948.4943    0  995 -6938.9346 -6948.4943  0.14%     -   67s
     0     0 -6948.4943    0  822 -6938.9346 -6948.4943  0.14%     -   69s
     0     0 -6948.4943    0  951 -6938.9346 -6948.4943  0.14%     -   71s
     0     0 -6948.4943    0  892 -6938.9346 -6948.4943  0.14%     -   73s
     0     0 -6948.4943    0  731 -6938.9346 -6948.4943  0.14%     -   76s
     0     0 -6948.4943    0  798 -6938.9346 -6948.4943  0.14%     -   77s
     0     0 -6948.4943    0  800 -6938.9346 -6948.4943  0.14%     -   78s
     0     0 -6948.4943    0  800 -6938.9346 -6948.4943  0.14%     -   79s
     0     0 -6948.4943    0  801 -6938.9346 -6948.4943  0.14%     -   81s
     0     0 -6948.4943    0  800 -6938.9346 -6948.4943  0.14%     -   82s
     0     0 -6948.4943    0  717 -6938.9346 -6948.4943  0.14%     -   83s
     0     0 -6948.4943    0  868 -6938.9346 -6948.4943  0.14%     -   85s
     0     0 -6948.4927    0  918 -6938.9346 -6948.4927  0.14%     -   86s
     0     0 -6948.4927    0  739 -6938.9346 -6948.4927  0.14%     -   88s
     0     0 -6948.4916    0  873 -6938.9346 -6948.4916  0.14%     -   89s
     0     0 -6948.4916    0  803 -6938.9346 -6948.4916  0.14%     -   90s
     0     0 -6948.4916    0  712 -6938.9346 -6948.4916  0.14%     -   91s
     0     0 -6948.4883    0  709 -6938.9346 -6948.4883  0.14%     -   92s
     0     0 -6948.4883    0  705 -6938.9346 -6948.4883  0.14%     -   92s
     0     2 -6948.4883    0  705 -6938.9346 -6948.4883  0.14%     -  101s
     7    16 -6944.6882    3 1148 -6938.9346 -6948.4883  0.14%  1429  106s
    15    28 -6944.4980    4  973 -6938.9346 -6948.4883  0.14%  1705  111s
    27    47 -6944.2034    5 1003 -6938.9346 -6948.3567  0.14%  2905  117s
    46    64 -6944.1751    6  983 -6938.9346 -6948.3567  0.14%  2735  122s
    65    87 -6942.8482    9  638 -6938.9346 -6948.3567  0.14%  2385  127s
    88   108 -6942.7756   10  598 -6938.9346 -6948.3567  0.14%  2325  131s
   109   120 -6941.4054   11  665 -6938.9346 -6948.3567  0.14%  2324  139s
   121   149 -6941.3353   11  442 -6938.9346 -6948.3567  0.14%  2239  145s
   152   168 -6940.7271   14  812 -6938.9346 -6948.3567  0.14%  2137  150s
   177   180 -6940.1817   15  565 -6938.9346 -6948.3567  0.14%  2091  155s
   217   223 -6940.0649   20  573 -6938.9346 -6948.3567  0.14%  1963  161s
   242   243 -6940.0282   21  544 -6938.9346 -6948.3567  0.14%  1887  166s
   309   262     cutoff   23      -6938.9346 -6948.0143  0.13%  1716  173s
   331   282 -6943.9780    5  724 -6938.9346 -6947.9003  0.13%  1749  179s
   363   305 -6943.3496    5  651 -6938.9346 -6947.9003  0.13%  1757  184s
   387   318 -6943.5193    6  738 -6938.9346 -6947.9003  0.13%  1768  188s
   418   333 -6943.3162    7  887 -6938.9346 -6947.9003  0.13%  1748  193s
   449   354 -6942.7500    9  842 -6938.9346 -6947.9003  0.13%  1732  197s
   482   382 -6941.5451   11  655 -6938.9346 -6947.9003  0.13%  1698  202s
   515   402 -6941.2115   12  624 -6938.9346 -6947.9003  0.13%  1658  208s
   549   435 -6939.2886   13  552 -6938.9346 -6947.8784  0.13%  1635  213s
   586   458     cutoff   16      -6938.9346 -6947.8784  0.13%  1605  222s
   623   469     cutoff   18      -6938.9346 -6947.8784  0.13%  1586  230s
   658   486 -6943.5596    6  754 -6938.9346 -6947.8784  0.13%  1599  237s
   681   506 -6943.3140    7 1058 -6938.9346 -6947.8784  0.13%  1609  245s
   715   528 -6942.1669   10  790 -6938.9346 -6947.8784  0.13%  1612  252s
H  741   528                    -6939.213316 -6947.8784  0.12%  1597  252s
   765   541 -6941.1796   13  663 -6939.2133 -6947.8784  0.12%  1584  259s
   827   545 -6939.9921   17  539 -6939.2133 -6946.4488  0.10%  1538  289s
   846   553 -6939.5391   18  467 -6939.2133 -6946.4488  0.10%  1524  324s
   861   554     cutoff   19      -6939.2133 -6946.4488  0.10%  1520  362s
   884   565 -6944.4212    9  924 -6939.2133 -6946.4488  0.10%  1501  396s
   896   577 -6944.1265   10  898 -6939.2133 -6946.4488  0.10%  1497  429s
   908   587 -6943.9412   11  773 -6939.2133 -6946.4488  0.10%  1496  460s
   922   596 -6943.7915   12  752 -6939.2133 -6946.4488  0.10%  1493  483s
   937   605 -6943.6108   13  699 -6939.2133 -6946.4488  0.10%  1485  499s
   952   631 -6943.3922   14  742 -6939.2133 -6946.4488  0.10%  1482  510s
  1031   672 -6940.0709   17  642 -6939.2133 -6946.2016  0.10%  1448  520s
  1118   664 -6940.3119   19  499 -6939.2133 -6946.2016  0.10%  1407  532s
  1200   689 -6943.6205   10 1186 -6939.2133 -6946.2016  0.10%  1396  543s
  1305   717     cutoff   13      -6939.2133 -6945.5981  0.09%  1363  554s
  1426   740 -6940.3425   18  740 -6939.2133 -6945.0986  0.08%  1323  565s
  1544   783     cutoff   19      -6939.2133 -6945.0986  0.08%  1297  578s
  1647   815     cutoff   12      -6939.2133 -6945.0986  0.08%  1282  592s
  1747   907 -6940.7803   14  387 -6939.2133 -6944.6021  0.08%  1281  604s
  1894   965     cutoff   21      -6939.2133 -6944.4198  0.08%  1243  617s
  2044  1003     cutoff   35      -6939.2133 -6944.4171  0.07%  1219  632s
  2192  1031 -6941.0379    9  695 -6939.2133 -6944.3416  0.07%  1202  647s
  2303  1054 -6941.0853   11  464 -6939.2133 -6944.2415  0.07%  1200  661s
  2414  1070     cutoff   12      -6939.2133 -6944.0674  0.07%  1211  676s
  2567  1075 -6940.2511   11  953 -6939.2133 -6943.9272  0.07%  1195  691s
  2706  1107 -6939.8358   13  756 -6939.2133 -6943.7771  0.07%  1194  708s
  2856  1127 -6939.8209   15  845 -6939.2133 -6943.7771  0.07%  1186  726s
  3014  1152 -6939.3036   13  640 -6939.2133 -6943.4377  0.06%  1183  745s
  3172  1165     cutoff   10      -6939.2133 -6943.3474  0.06%  1180  765s
  3352  1164 -6940.3360   13  586 -6939.2133 -6943.3058  0.06%  1174  785s
  3510  1172     cutoff   21      -6939.2133 -6943.1344  0.06%  1176  804s
  3681  1198 -6941.0766   13  565 -6939.2133 -6943.0753  0.06%  1173  826s
  3883  1245 -6939.5990   13  579 -6939.2133 -6942.9122  0.05%  1169  847s
H 4110  1148                    -6939.357356 -6942.8261  0.05%  1156  847s
H 4113  1125                    -6939.436766 -6942.8261  0.05%  1155  847s
* 4156  1067              89    -6939.518274 -6942.8261  0.05%  1143  847s
  4174  1013     cutoff   14      -6939.5183 -6942.8261  0.05%  1139  870s
  4381  1007     cutoff   14      -6939.5183 -6942.7108  0.05%  1139  895s
  4599  1000     cutoff   13      -6939.5183 -6942.5432  0.04%  1141  928s
  4630   997     cutoff   13      -6939.5183 -6942.5333  0.04%  1141  965s
  4657   994     cutoff   14      -6939.5183 -6942.4767  0.04%  1141  999s
  4684   994     cutoff   13      -6939.5183 -6942.4749  0.04%  1141 1035s
  4707   995 -6941.7622    7  852 -6939.5183 -6942.4749  0.04%  1143 1073s
  4730   997 -6939.5910    7  554 -6939.5183 -6942.4749  0.04%  1144 1109s
  4752   993 -6941.4105    8  842 -6939.5183 -6942.4749  0.04%  1143 1142s
  4796   959 -6939.9684   14  719 -6939.5183 -6942.4662  0.04%  1146 1170s
  5023   912 -6939.6607   12  375 -6939.5183 -6942.3970  0.04%  1146 1199s
  5304   894 -6939.5445   14  429 -6939.5183 -6942.1081  0.04%  1142 1231s
  5474   832     cutoff   15      -6939.5183 -6941.9936  0.04%  1137 1261s
  5797   767 -6939.9852   17  667 -6939.5183 -6941.8000  0.03%  1133 1293s
  6165   656 -6940.2801   13  426 -6939.5183 -6941.5437  0.03%  1119 1326s
  6613   533     cutoff   19      -6939.5183 -6941.2180  0.02%  1097 1363s
  7332   668 -6939.5480   31  121 -6939.5183 -6940.6673  0.02%  1039 1402s
* 8206   668              95    -6939.519453 -6940.6190  0.02%   966 1402s
H 8406   555                    -6939.519557 -6940.4887  0.01%   952 1434s
  8407   550 -6940.4575   21  705 -6939.5196 -6940.4887  0.01%   952 1496s
  8409   551 -6940.3982   17 1208 -6939.5196 -6940.4887  0.01%   951 1560s
  8412   553 -6939.6510   18  974 -6939.5196 -6940.4887  0.01%   951 1567s
  8414   555 -6939.5202   33  948 -6939.5196 -6940.4887  0.01%   951 1572s
  8416   556 -6940.1018   21  918 -6939.5196 -6940.4887  0.01%   951 1576s
  8417   557 -6939.7357   35  905 -6939.5196 -6940.4887  0.01%   951 1636s
  8418   557 -6939.5881   37  905 -6939.5196 -6940.4887  0.01%   950 1646s
  8421   564 -6940.4887   16 1224 -6939.5196 -6940.4887  0.01%   974 1653s
  8425   571 -6940.4887   17 1058 -6939.5196 -6940.4887  0.01%   975 1657s
  8433   580 -6940.4887   18 1387 -6939.5196 -6940.4887  0.01%   977 1664s
  8445   592 -6940.4887   19 1011 -6939.5196 -6940.4887  0.01%   980 1671s
  8461   598 -6940.4887   20  932 -6939.5196 -6940.4887  0.01%   983 1677s
  8483   607 -6940.1913   20 1058 -6939.5196 -6940.4887  0.01%   987 1684s
  8509   612 -6940.4887   21  873 -6939.5196 -6940.4887  0.01%   990 1691s
  8540   615 -6940.1464   23 1121 -6939.5196 -6940.4887  0.01%   994 1697s
  8564   612 -6939.9949   24  944 -6939.5196 -6940.4887  0.01%   997 1704s
  8590   613 -6940.4887   24  776 -6939.5196 -6940.4887  0.01%   999 1710s
  8618   620 -6939.6813   26  914 -6939.5196 -6940.4887  0.01%  1000 1716s
  8646   615     cutoff   26      -6939.5196 -6940.4887  0.01%  1000 1721s
  8667   624 -6939.5273   28  788 -6939.5196 -6940.4887  0.01%  1000 1728s
  8697   621 -6940.4887   21 1006 -6939.5196 -6940.4887  0.01%  1001 1733s
  8723   622 -6940.4887   22  904 -6939.5196 -6940.4887  0.01%  1002 1739s
  8751   628     cutoff   23      -6939.5196 -6940.4887  0.01%  1003 1744s
  8779   635     cutoff   24      -6939.5196 -6940.4887  0.01%  1003 1750s
  8804   633 -6939.7317   23  975 -6939.5196 -6940.4887  0.01%  1004 1759s
  8822   637     cutoff   24      -6939.5196 -6940.4887  0.01%  1005 1766s
  8851   628 -6939.8298   26  780 -6939.5196 -6940.4887  0.01%  1007 1773s
  8896   619 -6939.8298   29  780 -6939.5196 -6940.4887  0.01%  1007 1794s
  8911   617 -6939.8298   30  839 -6939.5196 -6940.4887  0.01%  1008 1816s
  8927   614 -6939.8298   31  839 -6939.5196 -6940.4887  0.01%  1008 1839s
  8949   609 -6939.8298   32  839 -6939.5196 -6940.4887  0.01%  1009 1861s
  8974   609 -6939.8298   33  839 -6939.5196 -6940.4887  0.01%  1010 1882s
  8993   616 -6939.8298   34  933 -6939.5196 -6940.4887  0.01%  1011 1904s
  9014   617 -6939.7911   35  808 -6939.5196 -6940.4887  0.01%  1010 1926s
  9042   608     cutoff   35      -6939.5196 -6940.4887  0.01%  1009 1946s
  9068   613     cutoff   37      -6939.5196 -6940.4887  0.01%  1010 1963s
  9116   601 -6940.4887   26  632 -6939.5196 -6940.4887  0.01%  1008 1978s
  9129   605 -6939.9167   27  788 -6939.5196 -6940.4887  0.01%  1007 1990s
  9196   590 -6939.8291   31  830 -6939.5196 -6940.4887  0.01%  1006 2002s
  9269   583 -6939.8291   34  830 -6939.5196 -6940.4887  0.01%  1005 2015s
  9345   559 -6940.4887   21 1021 -6939.5196 -6940.4887  0.01%  1005 2027s
  9432   539     cutoff   21      -6939.5196 -6940.4887  0.01%  1004 2047s
  9451   548 -6940.4887   21 1072 -6939.5196 -6940.4887  0.01%  1005 2063s
  9538   537 -6940.1422   26 1082 -6939.5196 -6940.4887  0.01%  1005 2078s
  9651   529 -6940.4887   24  882 -6939.5196 -6940.4887  0.01%  1004 2091s
  9783   502     cutoff   31      -6939.5196 -6940.4887  0.01%  1002 2106s
  9926   461 -6940.4887   25 1081 -6939.5196 -6940.4887  0.01%   999 2120s
 10041   437     cutoff   30      -6939.5196 -6940.4887  0.01%   998 2137s
 10175   455 -6940.4887   27  769 -6939.5196 -6940.4887  0.01%   997 2153s
 10307   476 -6939.8897   29  861 -6939.5196 -6940.4887  0.01%   991 2168s
 10412   517     cutoff   25      -6939.5196 -6940.4887  0.01%   989 2186s
 10559   523 -6940.4887   31  957 -6939.5196 -6940.4887  0.01%   984 2203s
 10690   522 -6940.4887   28 1100 -6939.5196 -6940.4887  0.01%   983 2221s
 10815   531     cutoff   31      -6939.5196 -6940.4887  0.01%   983 2242s
H10827   531                    -6939.519558 -6940.4887  0.01%   983 2242s
 10908   534     cutoff   33      -6939.5196 -6940.4887  0.01%   984 2262s
 11030   538     cutoff   26      -6939.5196 -6940.4887  0.01%   983 2281s
 11157   554 -6940.2301   32  970 -6939.5196 -6940.4887  0.01%   982 2303s
 11286   564 -6940.4887   31 1049 -6939.5196 -6940.4887  0.01%   979 2324s
 11420   573 -6940.4887   37  747 -6939.5196 -6940.4887  0.01%   976 2346s
 11570   564 -6939.5692   32  811 -6939.5196 -6940.4887  0.01%   974 2369s
 11728   528 -6940.2097   31  910 -6939.5196 -6940.4887  0.01%   971 2394s
 11886   517 -6939.9647   25 1313 -6939.5196 -6940.4887  0.01%   970 2421s
H11907   517                    -6939.519939 -6940.4887  0.01%   970 2421s
 11959   488 -6939.7967   28 1197 -6939.5199 -6940.4887  0.01%   969 2449s
 12165   475 -6940.3006   26  826 -6939.5199 -6940.4887  0.01%   964 2477s
 12393   490 -6940.1393   32  691 -6939.5199 -6940.4887  0.01%   959 2505s
 12646   491 -6939.7127   32  616 -6939.5199 -6940.4887  0.01%   951 2536s
 13009   543 -6939.8472   25  617 -6939.5199 -6940.4887  0.01%   939 2577s
 13272   575 -6940.4887   29 1082 -6939.5199 -6940.4887  0.01%   929 2637s
 13956   536 -6940.4499   34 1069 -6939.5199 -6940.4724  0.01%   904 2698s

Cutting planes:
  Cover: 93
  Implied bound: 63
  Clique: 5
  MIR: 9
  Flow cover: 96
  Flow path: 7
  RLT: 11
  Relax-and-lift: 24

Explored 14796 nodes (13211512 simplex iterations) in 2699.35 seconds (3072.78 work units)
Thread count was 24 (of 24 available processors)

Solution count 10: -6939.52 -6939.52 -6939.52 ... -6939.36

Optimal solution found (tolerance 1.00e-04)
Best objective -6.939519938876e+03, best bound -6.940165700007e+03, gap 0.0093%
