
Gurobi 13.0.1 (win64) logging started Wed Oct  7 03:01:22 2026

Set parameter LogFile to value "ieee_owen\weak_eps_experiment\stochastic\main17\logs\n30_S20_day3_ef_gurobi.log"
Set parameter NodefileStart to value 3
Set parameter MIPGap to value 0.001
Gurobi Optimizer version 13.0.1 build v13.0.1rc0 (win64 - Windows 10.0 (19045.2))

CPU model: AMD Ryzen 9 5900X 12-Core Processor, instruction set [SSE2|AVX|AVX2]
Thread count: 12 physical cores, 24 logical processors, using up to 24 threads

Non-default parameters:
TimeLimit  10800
MIPGap  0.001
NodefileStart  3
LogToConsole  0

Optimize a model with 171952 rows, 172166 columns and 744870 nonzeros (Min)
Model fingerprint: 0x6c7a0b2e
Model has 22 linear objective coefficients
Variable types: 145046 continuous, 27120 integer (27120 binary)
Coefficient statistics:
  Matrix range     [3e-04, 2e+02]
  Objective range  [5e-02, 1e+00]
  Bounds range     [9e-03, 6e+01]
  RHS range        [7e-02, 1e+01]

Presolve removed 76122 rows and 62167 columns
Presolve time: 1.67s
Presolved: 95830 rows, 109999 columns, 378055 nonzeros
Variable types: 85510 continuous, 24489 integer (24488 binary)
Found heuristic solution: objective -4483.719041
Deterministic concurrent LP optimizer: primal and dual simplex
Showing primal log only...


Root simplex log...

Iteration    Objective       Primal Inf.    Dual Inf.      Time
   19163   -2.0416675e+03   0.000000e+00   2.719610e+05      5s
   34199   -2.2222281e+03   0.000000e+00   1.055929e+06     10s
   46626   -2.3557413e+03   0.000000e+00   3.704578e+05     15s
   57327   -2.4960860e+03   0.000000e+00   5.453280e+05     20s
   68677   -2.6784146e+03   0.000000e+00   1.771661e+06     25s
   78207   -2.8020260e+03   0.000000e+00   2.452371e+05     30s
   88601   -2.9179067e+03   0.000000e+00   3.108171e+05     35s
   97173   -2.9895207e+03   0.000000e+00   1.178046e+05     40s
  107240   -3.0764064e+03   0.000000e+00   9.204843e+04     45s
  115047   -3.1310075e+03   0.000000e+00   8.542619e+04     50s
  123136   -3.1829670e+03   0.000000e+00   6.847973e+04     55s
  131045   -3.2261113e+03   0.000000e+00   1.818714e+05     60s
  138874   -3.2637611e+03   0.000000e+00   5.199421e+04     65s
Concurrent spin time: 0.00s

Solved with dual simplex

Root simplex log...

Iteration    Objective       Primal Inf.    Dual Inf.      Time
  207141   -5.7166977e+03   0.000000e+00   0.000000e+00     67s

Root relaxation: objective -5.716698e+03, 207141 iterations, 64.89 seconds (82.19 work units)

    Nodes    |    Current Node    |     Objective Bounds      |     Work
 Expl Unexpl |  Obj  Depth IntInf | Incumbent    BestBd   Gap | It/Node Time

     0     0 -5716.6977    0  960 -4483.7190 -5716.6977  27.5%     -   69s
H    0     0                    -5682.440841 -5716.6977  0.60%     -   74s
H    0     0                    -5683.029083 -5716.6977  0.59%     -   78s
     0     0 -5716.6379    0 1191 -5683.0291 -5716.6379  0.59%     -   84s
     0     0 -5716.6379    0 1197 -5683.0291 -5716.6379  0.59%     -   95s
     0     0 -5716.5578    0 1209 -5683.0291 -5716.5578  0.59%     -   97s
     0     0 -5716.5578    0 1208 -5683.0291 -5716.5578  0.59%     -   97s
     0     0 -5716.5577    0 1210 -5683.0291 -5716.5577  0.59%     -   98s
     0     0 -5716.5577    0 1233 -5683.0291 -5716.5577  0.59%     -   99s
H    0     0                    -5684.871222 -5716.5577  0.56%     -  103s
     0     0 -5716.3030    0 1232 -5684.8712 -5716.3030  0.55%     -  104s
     0     0 -5716.3030    0 1226 -5684.8712 -5716.3030  0.55%     -  105s
     0     0 -5716.3030    0 1143 -5684.8712 -5716.3030  0.55%     -  106s
     0     0 -5716.3030    0 1244 -5684.8712 -5716.3030  0.55%     -  107s
H    0     0                    -5685.002004 -5716.3030  0.55%     -  112s
     0     0 -5716.3014    0 1220 -5685.0020 -5716.3014  0.55%     -  113s
     0     0 -5716.3014    0 1218 -5685.0020 -5716.3014  0.55%     -  114s
     0     0 -5716.3014    0 1218 -5685.0020 -5716.3014  0.55%     -  115s
     0     0 -5716.3014    0  862 -5685.0020 -5716.3014  0.55%     -  116s
     0     0 -5716.3014    0  827 -5685.0020 -5716.3014  0.55%     -  120s
     0     0 -5716.3014    0  832 -5685.0020 -5716.3014  0.55%     -  121s
     0     0 -5716.3014    0  832 -5685.0020 -5716.3014  0.55%     -  121s
     0     0 -5716.3014    0  832 -5685.0020 -5716.3014  0.55%     -  122s
     0     0 -5716.3014    0  832 -5685.0020 -5716.3014  0.55%     -  122s
     0     0 -5716.3014    0  832 -5685.0020 -5716.3014  0.55%     -  122s
     0     2 -5716.3014    0  832 -5685.0020 -5716.3014  0.55%     -  126s
     7    16 -5715.4818    3  979 -5685.0020 -5716.3014  0.55%  1037  135s
    15    28 -5714.6366    4  972 -5685.0020 -5715.7622  0.54%  3118  142s
    27    48 -5714.2051    5  879 -5685.0020 -5715.3799  0.53%  3323  148s
    47    61 -5713.6043    6  877 -5685.0020 -5715.2671  0.53%  2722  153s
    60    76 -5708.5619    6  867 -5685.0020 -5715.2671  0.53%  2747  159s
H   63    76                    -5685.019240 -5715.2671  0.53%  2704  159s
H   75    89                    -5685.035174 -5715.2671  0.53%  2655  166s
    88   101 -5712.4365    8 1201 -5685.0352 -5715.2671  0.53%  2765  173s
H   94   101                    -5688.122833 -5715.2671  0.48%  2818  173s
   100   117 -5708.4074    8  817 -5688.1228 -5715.2671  0.48%  2919  182s
   116   134 -5712.1228    9 1107 -5688.1228 -5715.2671  0.48%  3175  189s
   133   156 -5711.3802   10  996 -5688.1228 -5715.2671  0.48%  2999  196s
   155   185 -5711.0086   11 1242 -5688.1228 -5715.2671  0.48%  2916  202s
   184   209 -5710.9856   12 1197 -5688.1228 -5715.2671  0.48%  2640  210s
   208   221 -5710.8848   13 1106 -5688.1228 -5715.2671  0.48%  2579  219s
H  213   221                    -5691.599892 -5715.2671  0.42%  2540  219s
   220   257 -5710.8026   14 1082 -5691.5999 -5715.2671  0.42%  2515  226s
   256   289 -5710.5504   19  813 -5691.5999 -5715.2671  0.42%  2333  232s
   288   320 -5710.0516   20  814 -5691.5999 -5715.2671  0.42%  2248  237s
   319   354 -5709.2983   22  701 -5691.5999 -5715.2671  0.42%  2147  242s
   353   398 -5709.2746   23  551 -5691.5999 -5715.2671  0.42%  2082  246s
   397   459 -5708.8537   29  333 -5691.5999 -5715.2671  0.42%  1933  251s
   458   521 -5708.8242   35  249 -5691.5999 -5715.2671  0.42%  1764  256s
   520   569 -5708.6897   36  299 -5691.5999 -5715.2671  0.42%  1642  260s
   568   639 -5708.6897   38  277 -5691.5999 -5715.2671  0.42%  1574  266s
   676   752 -5707.6124   41  129 -5691.5999 -5715.2671  0.42%  1469  274s
   751   823 -5707.2941   43   66 -5691.5999 -5715.2671  0.42%  1382  280s
H  752   733                    -5707.600064 -5715.2671  0.13%  1381  280s
H  755   733                    -5707.619326 -5715.2671  0.13%  1377  280s
H  801   733                    -5707.787556 -5715.2671  0.13%  1306  280s
   822   647     cutoff   45      -5707.7876 -5715.2671  0.13%  1283  288s
   881   656     cutoff    7      -5707.7876 -5714.3090  0.11%  1278  297s
H  901   656                    -5707.792042 -5714.3090  0.11%  1292  297s
   942   721 -5712.8539    7 1174 -5707.7920 -5714.3090  0.11%  1261  303s
H  960   721                    -5707.814460 -5714.1486  0.11%  1260  303s
H  979   721                    -5707.869546 -5714.1486  0.11%  1240  303s
  1045   659 -5711.7324   10 1040 -5707.8695 -5714.1486  0.11%  1165  311s
H 1067   659                    -5707.871636 -5713.5272  0.10%  1171  311s

Cutting planes:
  Gomory: 61
  Cover: 115
  Implied bound: 103
  MIR: 221
  Flow cover: 679
  RLT: 3
  Relax-and-lift: 197

Explored 1113 nodes (1499783 simplex iterations) in 312.08 seconds (403.06 work units)
Thread count was 24 (of 24 available processors)

Solution count 10: -5707.87 -5707.87 -5707.81 ... -5685.04

Optimal solution found (tolerance 1.00e-03)
Warning: max bound violation (1.8712e-06) exceeds tolerance
Best objective -5.707871636436e+03, best bound -5.713527188260e+03, gap 0.0991%
Set parameter MIPGap to value 0.001
Gurobi Optimizer version 13.0.1 build v13.0.1rc0 (win64 - Windows 10.0 (19045.2))

CPU model: AMD Ryzen 9 5900X 12-Core Processor, instruction set [SSE2|AVX|AVX2]
Thread count: 12 physical cores, 24 logical processors, using up to 24 threads

Non-default parameters:
TimeLimit  10800
MIPGap  0.001
NodefileStart  3
LogToConsole  0

Optimize a model with 171972 rows, 172166 columns and 744950 nonzeros (Min)
Model fingerprint: 0xee936904
Model has 22 linear objective coefficients
Variable types: 145046 continuous, 27120 integer (27120 binary)
Coefficient statistics:
  Matrix range     [3e-06, 2e+02]
  Objective range  [5e-02, 1e+00]
  Bounds range     [9e-03, 6e+01]
  RHS range        [7e-02, 1e+01]

Warning: Completing partial solution with 26976 unfixed non-continuous variables out of 27120
User MIP start produced solution with objective -5705.84 (0.89s)
User MIP start produced solution with objective -5705.84 (0.92s)
Loaded user MIP start with objective -5705.84
MIP start from previous solve produced solution with objective -5705.86 (4.30s)
MIP start from previous solve produced solution with objective -5705.86 (4.32s)
Loaded MIP start from previous solve with objective -5705.86
Processed MIP start in 4.32 seconds (5.93 work units)

Presolve removed 76122 rows and 62167 columns
Presolve time: 1.66s
Presolved: 95850 rows, 109999 columns, 378115 nonzeros
Variable types: 85510 continuous, 24489 integer (24488 binary)
Deterministic concurrent LP optimizer: primal and dual simplex
Showing primal log only...


Root simplex log...

Iteration    Objective       Primal Inf.    Dual Inf.      Time
       0    0.0000000e+00   2.251507e+02   9.510080e+09      7s
    4529    1.0680824e+05   0.000000e+00   1.194404e+06      7s
   22670   -2.0039978e+03   0.000000e+00   3.032840e+06     10s
   37781   -2.2704604e+03   0.000000e+00   3.276173e+05     15s
   51002   -2.4477945e+03   0.000000e+00   7.939912e+05     20s
   62175   -2.5808730e+03   0.000000e+00   1.701743e+05     25s
   72829   -2.6993549e+03   0.000000e+00   4.127559e+05     30s
   81775   -2.7838078e+03   0.000000e+00   1.338791e+05     35s
   91136   -2.8639745e+03   0.000000e+00   1.553589e+05     40s
   99907   -2.9355813e+03   0.000000e+00   1.907488e+05     45s
  108345   -2.9995313e+03   0.000000e+00   1.921874e+05     50s
  116312   -3.0640970e+03   0.000000e+00   7.478287e+04     55s
  124360   -3.1243965e+03   0.000000e+00   7.957403e+06     60s
  131990   -3.1622607e+03   0.000000e+00   4.112812e+05     65s
Concurrent spin time: 0.00s

Solved with dual simplex

Root simplex log...

Iteration    Objective       Primal Inf.    Dual Inf.      Time
  200673   -5.7147387e+03   0.000000e+00   0.000000e+00     68s

Root relaxation: objective -5.714739e+03, 200673 iterations, 61.22 seconds (77.77 work units)

    Nodes    |    Current Node    |     Objective Bounds      |     Work
 Expl Unexpl |  Obj  Depth IntInf | Incumbent    BestBd   Gap | It/Node Time

     0     0 -5714.7387    0  882 -5705.8561 -5714.7387  0.16%     -   69s
     0     0 -5714.6496    0 1161 -5705.8561 -5714.6496  0.15%     -   74s
     0     0 -5714.6395    0 1141 -5705.8561 -5714.6395  0.15%     -   76s
     0     0 -5714.6395    0 1142 -5705.8561 -5714.6395  0.15%     -   77s
     0     0 -5714.5699    0 1091 -5705.8561 -5714.5699  0.15%     -   78s
     0     0 -5714.5211    0 1076 -5705.8561 -5714.5211  0.15%     -   88s
     0     0 -5714.5211    0 1076 -5705.8561 -5714.5211  0.15%     -   88s
     0     0 -5714.5211    0 1043 -5705.8561 -5714.5211  0.15%     -   88s
     0     0 -5714.5211    0 1043 -5705.8561 -5714.5211  0.15%     -   88s
     0     0 -5714.4876    0 1036 -5705.8561 -5714.4876  0.15%     -   90s
     0     0 -5714.4876    0 1037 -5705.8561 -5714.4876  0.15%     -   92s
     0     0 -5714.4871    0 1136 -5705.8561 -5714.4871  0.15%     -   93s
     0     0 -5714.4871    0 1041 -5705.8561 -5714.4871  0.15%     -   94s
     0     0 -5714.4871    0 1088 -5705.8561 -5714.4871  0.15%     -   96s
     0     0 -5714.4495    0 1086 -5705.8561 -5714.4495  0.15%     -   97s
     0     0 -5714.4495    0 1086 -5705.8561 -5714.4495  0.15%     -   98s
     0     0 -5714.4495    0  839 -5705.8561 -5714.4495  0.15%     -  100s
     0     0 -5714.4495    0  901 -5705.8561 -5714.4495  0.15%     -  102s
     0     0 -5714.4495    0  908 -5705.8561 -5714.4495  0.15%     -  103s
     0     0 -5714.4495    0  843 -5705.8561 -5714.4495  0.15%     -  104s
     0     0 -5714.3542    0  847 -5705.8561 -5714.3542  0.15%     -  106s
     0     0 -5714.3542    0  960 -5705.8561 -5714.3542  0.15%     -  107s
     0     0 -5714.3542    0  811 -5705.8561 -5714.3542  0.15%     -  108s
     0     0 -5714.2909    0  811 -5705.8561 -5714.2909  0.15%     -  109s
     0     0 -5714.2909    0  811 -5705.8561 -5714.2909  0.15%     -  109s
     0     0 -5714.2909    0  811 -5705.8561 -5714.2909  0.15%     -  109s
     0     2 -5714.2909    0  811 -5705.8561 -5714.2909  0.15%     -  118s
     1     4 -5713.6486    1  877 -5705.8561 -5714.2909  0.15%  1893  122s
     3     4 -5713.3716    2  906 -5705.8561 -5713.6425  0.14%  4082  126s
    11     4 -5712.3155    4  819 -5705.8561 -5713.2263  0.13%  3676  133s
    13     6 -5712.2286    5  790 -5705.8561 -5712.2940  0.11%  4209  135s

Cutting planes:
  Gomory: 19
  Cover: 79
  Implied bound: 128
  MIR: 146
  Flow cover: 479
  Network: 1
  RLT: 14
  Relax-and-lift: 37

Explored 23 nodes (309322 simplex iterations) in 140.10 seconds (178.37 work units)
Thread count was 24 (of 24 available processors)

Solution count 3: -5705.86 -5705.86 -5705.84 

Optimal solution found (tolerance 1.00e-03)
Best objective -5.705856116423e+03, best bound -5.711178173778e+03, gap 0.0933%
Set parameter MIPGap to value 0.0001
Gurobi Optimizer version 13.0.1 build v13.0.1rc0 (win64 - Windows 10.0 (19045.2))

CPU model: AMD Ryzen 9 5900X 12-Core Processor, instruction set [SSE2|AVX|AVX2]
Thread count: 12 physical cores, 24 logical processors, using up to 24 threads

Non-default parameters:
TimeLimit  10800
NodefileStart  3
LogToConsole  0

Optimize a model with 171992 rows, 172166 columns and 745030 nonzeros (Min)
Model fingerprint: 0xf34c02eb
Model has 22 linear objective coefficients
Variable types: 145046 continuous, 27120 integer (27120 binary)
Coefficient statistics:
  Matrix range     [6e-07, 2e+02]
  Objective range  [5e-02, 1e+00]
  Bounds range     [9e-03, 6e+01]
  RHS range        [7e-02, 1e+01]

Warning: Completing partial solution with 26976 unfixed non-continuous variables out of 27120
User MIP start produced solution with objective -5705.86 (0.84s)
User MIP start produced solution with objective -5705.86 (0.87s)
Loaded user MIP start with objective -5705.86
MIP start from previous solve produced solution with objective -5705.86 (4.10s)
MIP start from previous solve produced solution with objective -5705.86 (4.13s)
Loaded MIP start from previous solve with objective -5705.86
Processed MIP start in 4.13 seconds (5.63 work units)

Presolve removed 76122 rows and 62167 columns
Presolve time: 1.65s
Presolved: 95870 rows, 109999 columns, 378175 nonzeros
Variable types: 85510 continuous, 24489 integer (24488 binary)
Deterministic concurrent LP optimizer: primal and dual simplex
Showing primal log only...


Root simplex log...

Iteration    Objective       Primal Inf.    Dual Inf.      Time
       0    0.0000000e+00   2.328143e+02   1.001784e+10      6s
    4222    1.0671161e+05   0.000000e+00   1.264515e+06      7s
   22299   -1.9928896e+03   0.000000e+00   9.624315e+05     10s
   38303   -2.3355746e+03   0.000000e+00   1.486006e+05     15s
   50090   -2.4900420e+03   0.000000e+00   1.015264e+05     20s
   60735   -2.6029015e+03   0.000000e+00   4.064745e+05     25s
   72277   -2.7020738e+03   0.000000e+00   2.318968e+05     30s
   82392   -2.7762916e+03   0.000000e+00   1.423452e+05     35s
   90889   -2.8396372e+03   0.000000e+00   1.100020e+05     40s
   98219   -2.8767063e+03   0.000000e+00   7.196260e+04     45s
  106129   -2.9310164e+03   0.000000e+00   8.871011e+04     50s
  113969   -2.9777355e+03   0.000000e+00   8.176141e+05     55s
  121499   -3.0229935e+03   0.000000e+00   4.066612e+04     60s
  129229   -3.0715320e+03   0.000000e+00   6.490207e+05     65s
Concurrent spin time: 0.00s

Solved with dual simplex

Root simplex log...

Iteration    Objective       Primal Inf.    Dual Inf.      Time
  200591   -5.7147358e+03   0.000000e+00   0.000000e+00     67s

Root relaxation: objective -5.714736e+03, 200591 iterations, 60.53 seconds (77.28 work units)

    Nodes    |    Current Node    |     Objective Bounds      |     Work
 Expl Unexpl |  Obj  Depth IntInf | Incumbent    BestBd   Gap | It/Node Time

     0     0 -5714.7358    0  906 -5705.8557 -5714.7358  0.16%     -   68s
     0     0 -5714.6732    0 1178 -5705.8557 -5714.6732  0.15%     -   73s
     0     0 -5714.6711    0 1180 -5705.8557 -5714.6711  0.15%     -   80s
     0     0 -5714.6570    0 1064 -5705.8557 -5714.6570  0.15%     -   82s
     0     0 -5714.6570    0  976 -5705.8557 -5714.6570  0.15%     -   83s
     0     0 -5714.6550    0  958 -5705.8557 -5714.6550  0.15%     -   84s
     0     0 -5714.6550    0  956 -5705.8557 -5714.6550  0.15%     -   86s
     0     0 -5714.6550    0  950 -5705.8557 -5714.6550  0.15%     -   87s
     0     0 -5714.6550    0  949 -5705.8557 -5714.6550  0.15%     -   88s
     0     0 -5714.6550    0  949 -5705.8557 -5714.6550  0.15%     -   89s
     0     0 -5714.6550    0  866 -5705.8557 -5714.6550  0.15%     -   90s
     0     0 -5714.6550    0  899 -5705.8557 -5714.6550  0.15%     -   92s
     0     0 -5714.6550    0  910 -5705.8557 -5714.6550  0.15%     -   93s
     0     0 -5714.6550    0  910 -5705.8557 -5714.6550  0.15%     -   93s
     0     0 -5714.6550    0  873 -5705.8557 -5714.6550  0.15%     -   94s
     0     0 -5714.6454    0  875 -5705.8557 -5714.6454  0.15%     -   95s
     0     0 -5714.6454    0 1000 -5705.8557 -5714.6454  0.15%     -   96s
     0     0 -5714.6454    0  862 -5705.8557 -5714.6454  0.15%     -   98s
     0     0 -5714.3510    0  917 -5705.8557 -5714.3510  0.15%     -   99s
     0     0 -5714.3510    0  835 -5705.8557 -5714.3510  0.15%     -  100s
     0     0 -5714.3510    0  835 -5705.8557 -5714.3510  0.15%     -  101s
     0     0 -5714.3507    0  836 -5705.8557 -5714.3507  0.15%     -  105s
     0     0 -5714.3507    0  832 -5705.8557 -5714.3507  0.15%     -  106s
     0     0 -5714.3507    0  832 -5705.8557 -5714.3507  0.15%     -  106s
     0     0 -5714.3507    0  832 -5705.8557 -5714.3507  0.15%     -  107s
     0     0 -5714.3507    0  832 -5705.8557 -5714.3507  0.15%     -  107s
     0     2 -5714.3507    0  832 -5705.8557 -5714.3507  0.15%     -  111s
     3     8 -5712.8762    2 1104 -5705.8557 -5714.3507  0.15%  1457  118s
     7    14 -5711.8911    3 1029 -5705.8557 -5714.3507  0.15%  4316  124s
    15    22 -5711.5164    4 1130 -5705.8557 -5714.3507  0.15%  4935  131s
    27    30 -5711.1254    5 1088 -5705.8557 -5713.8341  0.14%  4752  141s
    45    42     cutoff    6      -5705.8557 -5712.9483  0.12%  4852  151s
    63    52 -5706.3002    7 1154 -5705.8557 -5712.9483  0.12%  4382  158s
    93    59 -5705.9611    8 1107 -5705.8557 -5712.9483  0.12%  3547  166s
   119    62     cutoff    8      -5705.8557 -5712.9483  0.12%  3361  176s
   138    79     cutoff   10      -5705.8557 -5712.2686  0.11%  3080  185s
   165    90 -5708.3750    7 1081 -5705.8557 -5712.2686  0.11%  3044  191s
   206   109 -5707.3157    9  906 -5705.8557 -5712.2686  0.11%  2632  200s
   294   141     cutoff   18      -5705.8557 -5709.3602  0.06%  2113  207s
   333   160 -5706.0914   15  336 -5705.8557 -5709.3602  0.06%  1961  210s
   376   178 -5705.9659   16  340 -5705.8557 -5709.3602  0.06%  1811  215s
   421   170     cutoff   19      -5705.8557 -5709.2938  0.06%  1695  222s
   469   177     cutoff   17      -5705.8557 -5708.9977  0.06%  1630  227s
   510   178 -5706.2005   19  567 -5705.8557 -5708.9183  0.05%  1591  237s
   531   194 -5706.0163   20  585 -5705.8557 -5708.9183  0.05%  1571  245s
   583   199 -5705.8664   21  263 -5705.8557 -5708.9183  0.05%  1498  251s
   656   233 -5706.3445   24  403 -5705.8557 -5708.6356  0.05%  1394  256s
   716   237     cutoff   33      -5705.8557 -5708.6356  0.05%  1329  262s
   781   240 -5706.2973   10  791 -5705.8557 -5708.6356  0.05%  1278  289s
   802   240     cutoff   11      -5705.8557 -5708.6356  0.05%  1271  317s
   826   248 -5707.2219   23  715 -5705.8557 -5708.6356  0.05%  1278  344s
   846   249 -5706.4247   24  752 -5705.8557 -5708.4132  0.04%  1277  372s
   872   252     cutoff   25      -5705.8557 -5708.4132  0.04%  1268  403s
   901   252 -5707.2029   16  757 -5705.8557 -5708.3560  0.04%  1257  429s
H  913   252                    -5705.859232 -5708.3512  0.04%  1250  429s
   931   294 -5707.1182   17  657 -5705.8592 -5708.3512  0.04%  1247  437s
  1015   321 -5706.0406   21  550 -5705.8592 -5708.3512  0.04%  1215  443s
  1134   387 -5707.1496   19  750 -5705.8592 -5708.3406  0.04%  1142  450s
  1251   414 -5706.6901   23  446 -5705.8592 -5707.9142  0.04%  1083  457s
* 1291   414              84    -5705.885860 -5707.9142  0.04%  1057  457s
  1419   410 -5706.1410   32  171 -5705.8859 -5707.9142  0.04%  1002  467s
  1519   423 -5706.0187   26  519 -5705.8859 -5707.6807  0.03%   990  475s
  1627   425 -5706.8500   25  393 -5705.8859 -5707.4345  0.03%   967  485s
  1761   459     cutoff   25      -5705.8859 -5707.3835  0.03%   943  494s
  1919   570     cutoff   34      -5705.8859 -5707.1599  0.02%   909  509s
  2246   618 -5706.2780   23  272 -5705.8859 -5707.0625  0.02%   842  527s
* 2562   618              94    -5705.892444 -5707.0625  0.02%   796  527s
  2605   675 -5706.7760   34  224 -5705.8924 -5707.0429  0.02%   795  544s
  2950   673     cutoff   29      -5705.8924 -5706.9067  0.02%   760  559s
  3241   691 -5706.4254   30  196 -5705.8924 -5706.8463  0.02%   747  583s
H 3657   686                    -5705.922501 -5706.8264  0.02%   718  583s
  3729   563 -5706.0117   31  220 -5705.9225 -5706.7760  0.01%   713  608s
  4142   490     cutoff   32      -5705.9225 -5706.6901  0.01%   711  635s

Cutting planes:
  Gomory: 8
  Cover: 303
  Implied bound: 356
  Clique: 20
  MIR: 257
  Flow cover: 638
  Network: 11
  RLT: 4
  Relax-and-lift: 96

Explored 4628 nodes (3404478 simplex iterations) in 636.06 seconds (852.57 work units)
Thread count was 24 (of 24 available processors)

Solution count 6: -5705.92 -5705.89 -5705.89 ... -5705.86

Optimal solution found (tolerance 1.00e-04)
Best objective -5.705922501480e+03, best bound -5.706458954389e+03, gap 0.0094%
