
Gurobi 13.0.1 (win64) logging started Wed Oct  7 15:45:35 2026

Set parameter LogFile to value "ieee_owen\weak_eps_experiment\stochastic\main17\logs\n30_S20_day7_ef_gurobi.log"
Set parameter NodefileStart to value 3
Set parameter MIPGap to value 0.0001
Gurobi Optimizer version 13.0.1 build v13.0.1rc0 (win64 - Windows 10.0 (19045.2))

CPU model: AMD Ryzen 9 5900X 12-Core Processor, instruction set [SSE2|AVX|AVX2]
Thread count: 12 physical cores, 24 logical processors, using up to 24 threads

Non-default parameters:
TimeLimit  10800
NodefileStart  3
LogToConsole  0

Optimize a model with 171932 rows, 172166 columns and 744810 nonzeros (Min)
Model fingerprint: 0x4b2ef854
Model has 22 linear objective coefficients
Variable types: 145046 continuous, 27120 integer (27120 binary)
Coefficient statistics:
  Matrix range     [3e-04, 2e+02]
  Objective range  [5e-02, 1e+00]
  Bounds range     [9e-03, 6e+01]
  RHS range        [7e-02, 1e+01]

Presolve removed 76119 rows and 62167 columns
Presolve time: 1.66s
Presolved: 95813 rows, 109999 columns, 377898 nonzeros
Variable types: 85510 continuous, 24489 integer (24488 binary)
Found heuristic solution: objective -5280.630792
Deterministic concurrent LP optimizer: primal and dual simplex
Showing primal log only...


Root simplex log...

Iteration    Objective       Primal Inf.    Dual Inf.      Time
   18596   -2.5888978e+03   0.000000e+00   1.983421e+05      5s
   35132   -3.0574811e+03   0.000000e+00   7.538365e+05     10s
   49030   -3.2754634e+03   0.000000e+00   9.775830e+04     15s
   60480   -3.4036616e+03   0.000000e+00   3.273905e+05     20s
   71556   -3.5173653e+03   0.000000e+00   2.402644e+05     25s
   81223   -3.5969027e+03   0.000000e+00   2.836264e+05     30s
   90915   -3.6739238e+03   0.000000e+00   1.345717e+05     35s
   98972   -3.7210610e+03   0.000000e+00   4.053961e+05     40s
Concurrent spin time: 0.00s

Solved with dual simplex

Root simplex log...

Iteration    Objective       Primal Inf.    Dual Inf.      Time
  155327   -6.6050410e+03   0.000000e+00   0.000000e+00     42s

Root relaxation: objective -6.605041e+03, 155327 iterations, 39.15 seconds (49.18 work units)

    Nodes    |    Current Node    |     Objective Bounds      |     Work
 Expl Unexpl |  Obj  Depth IntInf | Incumbent    BestBd   Gap | It/Node Time

     0     0 -6605.0410    0  809 -5280.6308 -6605.0410  25.1%     -   43s
H    0     0                    -6562.564339 -6605.0410  0.65%     -   47s
H    0     0                    -6591.772714 -6605.0410  0.20%     -   48s
     0     0 -6605.0106    0 1018 -6591.7727 -6605.0106  0.20%     -   53s
     0     0 -6605.0102    0 1019 -6591.7727 -6605.0102  0.20%     -   55s
     0     0 -6604.9462    0 1348 -6591.7727 -6604.9462  0.20%     -   58s
     0     0 -6604.9455    0 1161 -6591.7727 -6604.9455  0.20%     -   61s
     0     0 -6604.9455    0 1138 -6591.7727 -6604.9455  0.20%     -   63s
     0     0 -6604.8932    0 1141 -6591.7727 -6604.8932  0.20%     -   64s
     0     0 -6604.8908    0 1233 -6591.7727 -6604.8908  0.20%     -   67s
     0     0 -6604.8908    0 1233 -6591.7727 -6604.8908  0.20%     -   67s
     0     0 -6604.8908    0 1106 -6591.7727 -6604.8908  0.20%     -   68s
     0     0 -6604.8906    0 1157 -6591.7727 -6604.8906  0.20%     -   70s
     0     0 -6604.8878    0 1371 -6591.7727 -6604.8878  0.20%     -   72s
     0     0 -6604.8868    0 1369 -6591.7727 -6604.8868  0.20%     -   74s
     0     0 -6604.8868    0 1405 -6591.7727 -6604.8868  0.20%     -   74s
     0     0 -6604.8867    0 1388 -6591.7727 -6604.8867  0.20%     -   75s
     0     0 -6604.8867    0 1388 -6591.7727 -6604.8867  0.20%     -   77s
     0     0 -6604.8864    0 1386 -6591.7727 -6604.8864  0.20%     -   78s
     0     0 -6604.8863    0 1299 -6591.7727 -6604.8863  0.20%     -   81s
     0     0 -6604.8863    0 1298 -6591.7727 -6604.8863  0.20%     -   82s
     0     0 -6604.8863    0 1297 -6591.7727 -6604.8863  0.20%     -   82s
     0     0 -6604.8863    0 1297 -6591.7727 -6604.8863  0.20%     -   82s
     0     0 -6604.8863    0  982 -6591.7727 -6604.8863  0.20%     -   84s
     0     2 -6604.8863    0  981 -6591.7727 -6604.8863  0.20%     -   88s
     1     4 -6604.7258    1 1060 -6591.7727 -6604.8863  0.20%  2823   90s
    15    28 -6603.4847    4  839 -6591.7727 -6604.8728  0.20%  1345  100s
    27    45 -6597.9639    5 1171 -6591.7727 -6604.8692  0.20%  2106  107s
H   44    69                    -6591.792318 -6604.8672  0.20%  2293  115s
    68    97 -6593.8416    7  779 -6591.7923 -6604.8672  0.20%  2187  122s
H   96   109                    -6593.043794 -6604.8672  0.18%  1989  130s
   108   121 -6597.3648    9  742 -6593.0438 -6604.8672  0.18%  1933  141s
   120   165 -6597.3601   10  716 -6593.0438 -6604.8672  0.18%  1826  148s
   164   197 -6596.9492   12  746 -6593.0438 -6604.8672  0.18%  1593  154s
   196   226 -6596.6785   16  925 -6593.0438 -6604.8672  0.18%  1607  161s
   225   261 -6596.6785   17  815 -6593.0438 -6604.8672  0.18%  1599  167s
   260   273 -6595.7652   20  645 -6593.0438 -6604.8672  0.18%  1581  202s
H  267   273                    -6593.051747 -6604.8672  0.18%  1557  202s
   272   285 -6595.2521   21  704 -6593.0517 -6604.8672  0.18%  1542  211s
   284   304 -6595.1434   22  704 -6593.0517 -6604.8672  0.18%  1543  217s
   307   343 -6594.8558   25  591 -6593.0517 -6604.8672  0.18%  1525  223s
   350   373 -6594.2808   28  744 -6593.0517 -6604.8672  0.18%  1496  229s
   388   393 -6597.8843   31  820 -6593.0517 -6604.8672  0.18%  1447  237s
   408   413 -6597.2312   33  671 -6593.0517 -6604.8672  0.18%  1558  243s
   432   436 -6596.4259   37  472 -6593.0517 -6604.8672  0.18%  1612  249s
   455   459     cutoff   38      -6593.0517 -6604.8672  0.18%  1634  256s
   484   499 -6594.8838   44  381 -6593.0517 -6604.8672  0.18%  1682  264s
   530   537     cutoff   48      -6593.0517 -6604.8672  0.18%  1662  269s
   598   582     cutoff   54      -6593.0517 -6604.8548  0.18%  1553  277s
   673   605 -6603.6108    6 1274 -6593.0517 -6604.8505  0.18%  1446  284s
   736   645 -6603.1419    8 1289 -6593.0517 -6604.8505  0.18%  1412  294s
   796   673 -6602.6822    9 1179 -6593.0517 -6604.8505  0.18%  1403  303s
   864   687 -6599.8875   11 1073 -6593.0517 -6604.8505  0.18%  1395  310s
H  865   676                    -6593.278432 -6604.8505  0.18%  1393  310s
   882   683 -6600.8031   11 1268 -6593.2784 -6604.8505  0.18%  1408  319s
H  883   669                    -6593.651366 -6604.8505  0.17%  1406  319s
   897   709 -6599.5291   10 1096 -6593.6514 -6604.8505  0.17%  1432  329s
   949   747 -6600.5068   12 1202 -6593.6514 -6604.8505  0.17%  1423  341s
  1011   785 -6598.2321   13  925 -6593.6514 -6604.8431  0.17%  1433  351s
  1076   825 -6595.6175   12  749 -6593.6514 -6604.8431  0.17%  1429  359s
  1130   879 -6597.9765   15 1060 -6593.6514 -6604.8431  0.17%  1433  369s
H 1138   727                    -6595.342020 -6604.8431  0.14%  1430  369s
  1215   732 infeasible   19      -6595.3420 -6604.6745  0.14%  1401  381s
  1287   795     cutoff   20      -6595.3420 -6604.6745  0.14%  1398  394s
  1379   837 -6595.4457   36  374 -6595.3420 -6604.6745  0.14%  1383  407s
  1475   889 -6599.8844   12  600 -6595.3420 -6604.6745  0.14%  1358  418s
* 1500   866             108    -6595.530763 -6604.6745  0.14%  1339  418s
  1565   894     cutoff   15      -6595.5308 -6604.6745  0.14%  1341  431s
  1656   956 -6601.8694   13  793 -6595.5308 -6604.1773  0.13%  1341  443s
H 1679   901                    -6595.785272 -6604.1773  0.13%  1346  443s
  1738   938 -6598.1284   16 1009 -6595.7853 -6604.1773  0.13%  1338  461s
H 1801   922                    -6595.921790 -6604.1773  0.13%  1332  461s
  1867   941 -6599.9565    9  847 -6595.9218 -6604.1773  0.13%  1326  476s
* 1895   888              99    -6595.941225 -6603.7588  0.12%  1333  476s
  1942   887 -6599.8237   10  927 -6595.9412 -6603.7588  0.12%  1344  491s
  2019   930 -6599.0704   11  860 -6595.9412 -6603.7329  0.12%  1366  507s
  2111   960 -6599.0911   12  798 -6595.9412 -6603.5541  0.12%  1376  522s
  2209   988 -6600.3330   19  612 -6595.9412 -6603.5541  0.12%  1384  539s
  2310  1007 -6596.0209   21  743 -6595.9412 -6603.4785  0.11%  1387  556s
  2404  1033 -6598.1581   16  664 -6595.9412 -6603.4785  0.11%  1396  577s
  2517  1129 -6597.7882   18  800 -6595.9412 -6603.1137  0.11%  1404  596s
  2687  1192 -6600.0741    7  828 -6595.9412 -6603.1137  0.11%  1375  614s
  2843  1221 -6596.0293   16  520 -6595.9412 -6603.1137  0.11%  1355  635s
* 2924  1190              88    -6595.942764 -6603.0832  0.11%  1361  635s
  2960  1197 -6596.0273   15  379 -6595.9428 -6603.0832  0.11%  1360  657s
  3059  1229 -6598.7610   16  707 -6595.9428 -6603.0832  0.11%  1378  679s
  3177  1229 -6598.4080   25  997 -6595.9428 -6603.0832  0.11%  1390  703s
  3294  1237 -6599.6509   10  627 -6595.9428 -6602.8569  0.10%  1408  726s
  3418  1256 -6598.6658   12  645 -6595.9428 -6602.8349  0.10%  1418  752s
  3551  1264 -6598.2710   16  819 -6595.9428 -6602.6456  0.10%  1431  777s
  3667  1301     cutoff   39      -6595.9428 -6602.6305  0.10%  1447  804s
  3822  1393 -6598.5089   22  724 -6595.9428 -6602.5107  0.10%  1451  830s
H 3899  1375                    -6596.008648 -6602.5107  0.10%  1430  830s
H 4022  1373                    -6596.009812 -6602.5107  0.10%  1436  841s
H 4022  1371                    -6596.020515 -6602.5107  0.10%  1436  844s
H 4022  1371                    -6596.021242 -6602.5107  0.10%  1436  844s
H 4022  1371                    -6596.021310 -6602.5107  0.10%  1436  850s
H 4022  1371                    -6596.021824 -6602.5107  0.10%  1436  850s
H 4022  1371                    -6596.023272 -6602.5107  0.10%  1436  850s
H 4022  1369                    -6596.024000 -6602.5107  0.10%  1436  850s
H 4022  1222                    -6596.375067 -6602.5107  0.09%  1436  854s
H 4022  1222                    -6596.375182 -6602.5107  0.09%  1436  854s
H 4022  1221                    -6596.382399 -6602.5107  0.09%  1436  855s
H 4022  1221                    -6596.383184 -6602.5107  0.09%  1436  855s
  4023  1214 -6599.4918   11  982 -6596.3832 -6602.5107  0.09%  1435  911s
  4025  1215 -6599.6305   33 1168 -6596.3832 -6602.5107  0.09%  1435  964s
  4026  1216 -6600.9317    9 1559 -6596.3832 -6602.5107  0.09%  1434  967s
  4029  1218 -6596.4194   28 1610 -6596.3832 -6602.5107  0.09%  1433  970s
  4031  1219 -6602.0919   13 1304 -6596.3832 -6602.5107  0.09%  1432 1016s
  4032  1220 -6600.1085   13 1304 -6596.3832 -6602.5107  0.09%  1432 1027s
  4033  1224 -6602.5107   16 1512 -6596.3832 -6602.5107  0.09%  1479 1031s
  4035  1227 -6602.5107   17 1586 -6596.3832 -6602.5107  0.09%  1480 1036s
  4039  1234 -6602.5107   18 1663 -6596.3832 -6602.5107  0.09%  1483 1042s
  4047  1243 -6602.5107   19 1409 -6596.3832 -6602.5107  0.09%  1490 1050s
  4059  1257 -6601.8623   20 1220 -6596.3832 -6602.5107  0.09%  1499 1060s
  4093  1270 -6599.0381   21 1390 -6596.3832 -6602.5107  0.09%  1505 1066s
  4137  1266 -6600.9352   22  971 -6596.3832 -6602.5107  0.09%  1501 1071s
  4164  1269     cutoff   24      -6596.3832 -6601.8232  0.08%  1502 1081s
  4180  1295 -6600.5743   25 1009 -6596.3832 -6601.8232  0.08%  1501 1088s
  4221  1303 -6600.2399   26 1003 -6596.3832 -6601.8232  0.08%  1497 1092s
  4263  1320     cutoff   27      -6596.3832 -6601.8232  0.08%  1492 1096s
  4352  1339 -6597.8851   32  895 -6596.3832 -6601.8232  0.08%  1475 1101s
  4395  1352     cutoff   33      -6596.3832 -6601.8232  0.08%  1465 1105s
  4485  1337 -6597.7863   35  855 -6596.3832 -6600.8670  0.07%  1448 1111s
  4556  1336     cutoff   36      -6596.3832 -6600.8670  0.07%  1432 1115s
  4604  1354 -6597.7585   37  826 -6596.3832 -6600.8670  0.07%  1425 1120s
  4769  1418 -6596.7116   39  675 -6596.3832 -6600.8670  0.07%  1389 1128s
  4860  1403 -6598.7072   24  989 -6596.3832 -6600.8670  0.07%  1368 1131s
H 4867  1339                    -6596.402469 -6600.8670  0.07%  1367 1131s
  4878  1418 -6597.5662   25 1007 -6596.4025 -6600.8670  0.07%  1365 1136s
  4994  1486 -6596.8371   27 1001 -6596.4025 -6600.8670  0.07%  1338 1142s
  5141  1583     cutoff   28      -6596.4025 -6600.8670  0.07%  1304 1146s
  5309  1699 -6596.8426   30 1003 -6596.4025 -6599.9646  0.05%  1265 1154s
  5511  1855     cutoff   23      -6596.4025 -6599.9646  0.05%  1222 1160s
  5746  1988 -6597.3164   23 1235 -6596.4025 -6599.9646  0.05%  1174 1165s
* 5822  1898             226    -6596.406471 -6599.9646  0.05%  1159 1165s
* 5825  1752             226    -6596.407374 -6599.9646  0.05%  1158 1165s
* 5876  1464             233    -6596.435146 -6599.9646  0.05%  1148 1165s
* 5877  1230             233    -6596.436049 -6599.9646  0.05%  1148 1165s
* 5958  1151             228    -6596.436984 -6599.9646  0.05%  1132 1165s
* 5959  1106             228    -6596.437887 -6599.9646  0.05%  1132 1165s
  6018   854 -6597.0843   24 1084 -6596.4379 -6599.9646  0.05%  1122 1171s
* 6035   805             215    -6596.520448 -6599.9646  0.05%  1120 1171s
* 6124   735             241    -6596.522991 -6599.9646  0.05%  1108 1171s
* 6125   696             241    -6596.523893 -6599.9646  0.05%  1108 1171s
  6153   630     cutoff   26      -6596.5239 -6599.9646  0.05%  1104 1175s
  6191   612     cutoff   30      -6596.5239 -6599.7562  0.05%  1106 1181s
  6234   595 -6598.1318   27 1003 -6596.5239 -6599.7503  0.05%  1106 1185s
  6282   607 -6597.3966   29  840 -6596.5239 -6599.7503  0.05%  1105 1190s
  6388   572 -6596.8081   31 1265 -6596.5239 -6599.7503  0.05%  1099 1197s
  6443   579     cutoff   32      -6596.5239 -6598.2189  0.03%  1096 1202s
  6531   546 -6596.8959   36  820 -6596.5239 -6598.0826  0.02%  1088 1207s
  6628   560     cutoff   38      -6596.5239 -6598.0826  0.02%  1080 1213s
  6783   661 -6596.5993   86  189 -6596.5239 -6597.3465  0.01%  1061 1220s
  7027   653 -6596.5929  118  156 -6596.5239 -6597.3465  0.01%  1029 1238s
  7046   791 -6596.5929  119  154 -6596.5239 -6597.2240  0.01%  1026 1255s

Cutting planes:
  Gomory: 6
  Cover: 5
  Implied bound: 4
  MIR: 49
  Flow cover: 235
  RLT: 10
  Relax-and-lift: 76

Explored 7317 nodes (7443237 simplex iterations) in 1256.38 seconds (1555.22 work units)
Thread count was 24 (of 24 available processors)

Solution count 10: -6596.52 -6596.52 -6596.52 ... -6596.4

Optimal solution found (tolerance 1.00e-04)
Best objective -6.596523893443e+03, best bound -6.597082348467e+03, gap 0.0085%
