
Cluster assignments:
Cluster 0 (represented by Day 25): [ 1 12 17 21 25 26 27 28]... (total 8 days)
Cluster 1 (represented by Day 4): [ 2  3  4  5  6  7  8  9 10 11]... (total 23 days)
[reserve] pi_res = 56 EUR/MW.h (daily mean of fcrn_dk2_56 hourly prices), 1h blocks
[reserve] c_min_G = 0.15 (electrolyzer min load / els_cap); literature 0.1-0.16 -> OK
[reserve] c_sb_G = 0.01 (electrolyzer standby draw / els_cap); literature 0.025-0.05 -> OUT OF RANGE
✓ spring  :  92 days | Mean: 1 MWh | RMSE range: 0.0-0.2 MWh
✓ summer  :  92 days | Mean: 1 MWh | RMSE range: 0.0-0.3 MWh
✓ fall    :  91 days | Mean: 1 MWh | RMSE range: 0.0-0.2 MWh
✓ winter  :  90 days | Mean: 1 MWh | RMSE range: 0.0-0.1 MWh

=== 30p_reserve_peak_day5_S20_seed0_grb_direct-gurobi_kl0.0960365_dual_ndw_rsc0.303571_main: n=30, |T|=24, |Omega|=20 ===

[1] extensive form (DP_N^Omega)
Set parameter Username
Set parameter LicenseID to value 2742039
Academic license - for non-commercial use only - expires 2026-11-20
Set parameter OutputFlag to value 1
Set parameter LogToConsole to value 0
  obj -6303.982640  status optimal  gap 8.47e-05  2804.7s  vars 172124
  KL r=0.0960365: worst case -6303.982640 vs expected -6474.162455; 3 MILP solve(s); rho* 0.049 0.099 0.058 0.023 0.110 0.051 0.047 0.041 0.031 0.030 0.045 0.039 0.038 0.091 0.023 0.033 0.045 0.043 0.056 0.046 (KL 0.0960)
    round 1: MIPGap 1e-03  909.1s  2516 nodes  psi-bound 1.28e-03  psi-incumbent 4.05e-04
    round 2: MIPGap 1e-03  135.6s  43 nodes  psi-bound 9.24e-04  psi-incumbent 4.66e-08
    round 3: MIPGap 1e-04  1759.6s  12919 nodes  psi-bound 8.47e-05  psi-incumbent 6.84e-06

[2] column generation (DWR_N^Omega)
  seed columns: largest carrier-row residual 1.42e-14 (repaired)
  CG   17 | RMP    -7012.4365 | LB    -7002.7758 | UB           inf | a 1.00 std      | min rc  0.0000e+00 | +0  [round] | lp 0.20s solver 0.18s 1132 it 13085 cols 222734 nz
  -- penalty round 1: eps 0.2 delta 0.2 RMP -7012.4365 LB -7002.7758 UB -6303.9826 gap 1.11e-01 [round] 18s
  CG   25 | RMP    -6313.0390 | LB    -6624.1278 | UB    -6303.9826 | a 0.10 smooth   | min rc -9.6139e+00 | +106 | lp 0.36s solver 0.35s 1831 it 14583 cols 323083 nz
  CG   50 | RMP    -6319.3181 | LB    -6343.7319 | UB    -6303.9826 | a 0.10 smooth   | min rc -4.7304e+00 | +69 | lp 0.59s solver 0.56s 2228 it 16985 cols 468199 nz
  CG   67 | RMP    -6323.9800 | LB    -6324.5652 | UB    -6303.9826 | a 1.00 std      | min rc  0.0000e+00 | +0  [round] | lp 0.94s solver 0.92s 2939 it 18055 cols 525108 nz
  -- penalty round 2: eps 0.05 delta 0.05 RMP -6323.9800 LB -6324.5652 UB -6303.9826 gap 3.26e-03 [round] 224s
  CG   75 | RMP    -6309.0273 | LB    -6318.7020 | UB    -6303.9826 | a 0.10 smooth   | min rc -2.1423e+00 | +43 | lp 1.39s solver 1.37s 3923 it 18353 cols 539690 nz
  CG  100 | RMP    -6310.7325 | LB    -6310.9232 | UB    -6303.9826 | a 1.00 std      | min rc  0.0000e+00 | +0  [round] | lp 1.19s solver 1.16s 2799 it 20202 cols 633380 nz
  -- penalty round 3: eps 0.0125 delta 0.0125 RMP -6310.7325 LB -6310.9232 UB -6303.9826 gap 1.10e-03 [round] 421s
  CG  124 | RMP    -6309.2894 | LB    -6309.5062 | UB    -6303.9826 | a 1.00 std      | min rc  0.0000e+00 | +0  [round] | lp 0.35s solver 0.32s 831 it 21246 cols 675103 nz
  -- penalty round 4: eps 0.00313 delta 0.00313 RMP -6309.2894 LB -6309.5062 UB -6303.9826 gap 8.76e-04 [round] 576s
  CG  125 | RMP    -6309.0377 | LB    -6309.5056 | UB    -6303.9826 | a 0.10 smooth   | min rc -6.7781e-01 | +19 | lp 7.89s solver 7.86s 18554 it 21246 cols 675183 nz
  CG  135 | RMP    -6309.0750 | LB    -6309.2872 | UB    -6303.9826 | a 1.00 std      | min rc  0.0000e+00 | +0  [round] | lp 0.09s solver 0.06s 64 it 21676 cols 700311 nz
  -- penalty round 5: eps 0.000781 delta 0.000781 RMP -6309.0750 LB -6309.2872 UB -6303.9826 gap 8.41e-04 [round] 644s
  CG  137 | RMP    -6309.0411 | LB    -6309.2664 | UB    -6303.9826 | a 1.00 std      | min rc  0.0000e+00 | +0  [round] | lp 1.02s solver 0.99s 2340 it 21727 cols 704201 nz
  -- penalty round 6: eps 0.000195 delta 0.000195 RMP -6309.0411 LB -6309.2664 UB -6303.9826 gap 8.38e-04 [round] 656s
  CG  138 | RMP    -6309.0330 | LB    -6309.2664 | UB    -6309.0290 | a 1.00 std      | min rc  0.0000e+00 | +0  [done] | lp 0.72s solver 0.68s 1893 it 21727 cols 704201 nz
  -- penalty round 7: eps 0 delta 0 RMP -6309.0330 LB -6309.2664 UB -6309.0290 gap 3.76e-05 [done] 657s
  obj -6309.028976  LB -6309.266397  gap 3.76e-05  iters 138  656.7s  rounds 7  status optimal
  KL r=0.0960365: 1000 tangent planes; rho* 0.050 0.100 0.058 0.023 0.111 0.050 0.047 0.041 0.031 0.030 0.045 0.039 0.038 0.090 0.023 0.033 0.045 0.043 0.057 0.046 (KL 0.0960)
  time: master LP 163.4s  pricing 485.8s (63666 MILPs, 8 worker(s))

[3] robust Owen allocation
  omega_LR,rob 5.278273  eps_LR 0.175942  certified [4.512349, 5.283757]
  EF slack 0.5340 = 10% of the reported omega  (> 10%: use --table for a table run)
  checks: budget 0.00e+00  duality -5.48e-03  pricing 0.00e+00

[4] stand-alone values val(DP_{j}^Omega)
   player         Owen        E[x*]        alone       chi^LR
       u1    1417.8499    1417.6740     929.6288     488.0452
       u2      20.0576      19.8817      -0.0000      19.8817
       u3     533.2983     533.1224     263.6635     269.4589
       u4      69.0730      68.8971      51.0757      17.8213
       u5     166.3978     166.2219      54.6320     111.5899
       u6     287.4662     287.2903     189.7466      97.5437
       u7     471.5426     471.3666     302.2883     169.0783
       u8      29.7274      29.5514      -0.0000      29.5514
       u9     540.1808     540.0049     263.6635     276.3414
      u10     738.6525     738.4766     569.8947     168.5819
      u11     105.0382     104.8623      91.4555      13.4068
      u12      55.0419      54.8660      18.1661      36.6999
      u13     188.5872     188.4112      76.0248     112.3864
      u14     393.8752     393.6992     324.0316      69.6676
      u15     244.6150     244.4391     131.8366     112.6025
      u16    1050.2494    1050.0735     658.9850     391.0885
      u17     476.4558     476.2798     255.1518     221.1280
      u18      43.7183      43.5423      -0.0000      43.5423
      u19      -0.0000      -0.1759      -0.0000      -0.1759
      u20     540.1808     540.0049     263.6635     276.3414
      u21     189.2983     189.1224     152.3742      36.7481
      u22     157.5576     157.3817     137.1832      20.1985
      u23    -299.5001    -299.6760    -376.9675      77.2915
      u24    -236.1639    -236.3398    -279.2163      42.8765
      u25    -403.9179    -404.0938    -452.5581      48.4643
      u26     108.4984     108.3225     -25.2542     133.5767
      u27     -66.4890     -66.6650    -122.9389      56.2740
      u28    -119.7728    -119.9487    -190.6614      70.7128
      u29    -194.1890    -194.3650    -249.9753      55.6104
      u30    -198.0688    -198.2447    -233.1767      34.9320

wrote ieee_owen\weak_eps_experiment\stochastic\main17\30p_reserve_peak_day5_S20_seed0_grb_direct-gurobi_kl0.0960365_dual_ndw_rsc0.303571_main.json
