
Gurobi 13.0.1 (win64) logging started Wed Oct  7 01:06:44 2026

Set parameter LogFile to value "ieee_owen\weak_eps_experiment\stochastic\main17\logs\n30_S20_day2_ef_gurobi.log"
Set parameter NodefileStart to value 3
Set parameter MIPGap to value 0.001
Gurobi Optimizer version 13.0.1 build v13.0.1rc0 (win64 - Windows 10.0 (19045.2))

CPU model: AMD Ryzen 9 5900X 12-Core Processor, instruction set [SSE2|AVX|AVX2]
Thread count: 12 physical cores, 24 logical processors, using up to 24 threads

Non-default parameters:
TimeLimit  10800
MIPGap  0.001
NodefileStart  3
LogToConsole  0

Optimize a model with 171952 rows, 172166 columns and 744870 nonzeros (Min)
Model fingerprint: 0xd10e78b6
Model has 22 linear objective coefficients
Variable types: 145046 continuous, 27120 integer (27120 binary)
Coefficient statistics:
  Matrix range     [3e-04, 2e+02]
  Objective range  [5e-02, 1e+00]
  Bounds range     [9e-03, 6e+01]
  RHS range        [7e-02, 1e+01]

Presolve removed 76119 rows and 62167 columns
Presolve time: 1.65s
Presolved: 95833 rows, 109999 columns, 377994 nonzeros
Variable types: 85510 continuous, 24489 integer (24488 binary)
Found heuristic solution: objective -4889.108862
Deterministic concurrent LP optimizer: primal and dual simplex
Showing primal log only...


Root simplex log...

Iteration    Objective       Primal Inf.    Dual Inf.      Time
   19672   -1.9954416e+03   0.000000e+00   2.381341e+06      5s
   36347   -2.2734455e+03   0.000000e+00   1.548392e+05     10s
   48323   -2.4547170e+03   0.000000e+00   1.918321e+05     15s
   59572   -2.6788258e+03   0.000000e+00   5.422810e+05     20s
   70924   -2.8441518e+03   0.000000e+00   6.800832e+04     25s
   82224   -2.9870406e+03   0.000000e+00   8.780881e+04     30s
   92456   -3.1203014e+03   0.000000e+00   1.570774e+05     35s
Concurrent spin time: 0.00s

Solved with dual simplex

Root simplex log...

Iteration    Objective       Primal Inf.    Dual Inf.      Time
  143757   -6.2303917e+03   0.000000e+00   0.000000e+00     38s

Root relaxation: objective -6.230392e+03, 143757 iterations, 35.60 seconds (44.45 work units)

    Nodes    |    Current Node    |     Objective Bounds      |     Work
 Expl Unexpl |  Obj  Depth IntInf | Incumbent    BestBd   Gap | It/Node Time

     0     0 -6230.3917    0  879 -4889.1089 -6230.3917  27.4%     -   39s
H    0     0                    -6183.324037 -6230.3917  0.76%     -   44s
H    0     0                    -6184.903433 -6230.3917  0.74%     -   48s
     0     0 -6230.3876    0  973 -6184.9034 -6230.3876  0.74%     -   50s
     0     0 -6230.3876    0  973 -6184.9034 -6230.3876  0.74%     -   53s
     0     0 -6230.3857    0 1026 -6184.9034 -6230.3857  0.74%     -   55s
     0     0 -6230.2257    0 1019 -6184.9034 -6230.2257  0.73%     -   58s
     0     0 -6230.2068    0 1061 -6184.9034 -6230.2068  0.73%     -   58s
     0     0 -6230.2068    0 1061 -6184.9034 -6230.2068  0.73%     -   59s
     0     0 -6230.1587    0 1180 -6184.9034 -6230.1587  0.73%     -   61s
     0     0 -6230.1587    0 1131 -6184.9034 -6230.1587  0.73%     -   63s
     0     0 -6230.1216    0 1094 -6184.9034 -6230.1216  0.73%     -   64s
     0     0 -6230.1130    0 1136 -6184.9034 -6230.1130  0.73%     -   67s
     0     0 -6230.1127    0 1136 -6184.9034 -6230.1127  0.73%     -   67s
     0     0 -6230.1119    0 1089 -6184.9034 -6230.1119  0.73%     -   68s
     0     0 -6230.1119    0 1089 -6184.9034 -6230.1119  0.73%     -   70s
     0     0 -6230.1119    0 1087 -6184.9034 -6230.1119  0.73%     -   70s
     0     0 -6230.1119    0 1087 -6184.9034 -6230.1119  0.73%     -   71s
     0     0 -6230.1119    0 1089 -6184.9034 -6230.1119  0.73%     -   72s
     0     0 -6230.1119    0  927 -6184.9034 -6230.1119  0.73%     -   73s
H    0     0                    -6188.816831 -6230.1119  0.67%     -   75s
     0     0 -6230.1119    0  958 -6188.8168 -6230.1119  0.67%     -   76s
     0     0 -6230.1119    0  918 -6188.8168 -6230.1119  0.67%     -   77s
     0     0 -6230.1119    0  918 -6188.8168 -6230.1119  0.67%     -   77s
     0     0 -6230.1119    0  890 -6188.8168 -6230.1119  0.67%     -   78s
     0     0 -6230.1119    0  913 -6188.8168 -6230.1119  0.67%     -   79s
     0     0 -6230.1119    0  918 -6188.8168 -6230.1119  0.67%     -   80s
     0     0 -6230.1119    0  901 -6188.8168 -6230.1119  0.67%     -   81s
H    0     0                    -6218.897523 -6230.1119  0.18%     -   83s
     0     0 -6230.1119    0  905 -6218.8975 -6230.1119  0.18%     -   83s
     0     0 -6230.1119    0  909 -6218.8975 -6230.1119  0.18%     -   84s
     0     0 -6230.1119    0  909 -6218.8975 -6230.1119  0.18%     -   84s
     0     0 -6230.1119    0  909 -6218.8975 -6230.1119  0.18%     -   85s
     0     0 -6230.1119    0  908 -6218.8975 -6230.1119  0.18%     -   85s
     0     0 -6230.1119    0  892 -6218.8975 -6230.1119  0.18%     -   86s
     0     2 -6230.1119    0  892 -6218.8975 -6230.1119  0.18%     -   88s
     3     8 -6229.3544    2  713 -6218.8975 -6230.1119  0.18%  1763   91s
    15    28 -6229.3028    4  680 -6218.8975 -6230.1115  0.18%   978   96s
    27    54 -6229.2750    5  617 -6218.8975 -6230.0987  0.18%  1081  101s
    53    80 -6229.2396    6  680 -6218.8975 -6230.0985  0.18%   957  105s
H   79   101                    -6219.621003 -6230.0985  0.17%   856  107s
   100   114 -6228.7590    9  686 -6219.6210 -6230.0985  0.17%   852  110s
   113   126 -6228.3710    9  572 -6219.6210 -6230.0985  0.17%   958  116s
   125   138 -6228.5604   10  652 -6219.6210 -6230.0985  0.17%   988  123s
   137   172 -6228.5604   11  657 -6219.6210 -6230.0985  0.17%   975  130s
   171   204 -6228.5346   14  627 -6219.6210 -6230.0985  0.17%   890  135s
   203   216 -6228.1028   15  679 -6219.6210 -6230.0985  0.17%   959  152s
H  204   216                    -6219.862779 -6230.0985  0.16%   954  152s
H  206   216                    -6219.908876 -6230.0985  0.16%   955  152s
H  207   216                    -6220.103385 -6230.0985  0.16%   955  152s
H  214   216                    -6221.745377 -6230.0985  0.13%   965  152s
   215   245 -6228.0701   16  697 -6221.7454 -6230.0985  0.13%   969  159s
   244   270 -6227.2481   17  619 -6221.7454 -6230.0985  0.13%  1108  165s
   273   305 -6222.7568   18  674 -6221.7454 -6230.0985  0.13%  1185  170s
   314   354 -6225.2928   19  510 -6221.7454 -6230.0985  0.13%  1173  175s
   371   404 -6224.8615   23  447 -6221.7454 -6230.0985  0.13%  1154  181s
   429   473 -6224.4732   28  395 -6221.7454 -6230.0985  0.13%  1107  186s
   517   500 -6223.6679   36  293 -6221.7454 -6230.0985  0.13%   994  191s
   594   516 -6222.6387   37  250 -6221.7454 -6230.0985  0.13%   930  195s
   654   533     cutoff   38      -6221.7454 -6230.0199  0.13%   897  200s
   683   557 -6229.0849    6  668 -6221.7454 -6229.9492  0.13%   934  205s
   713   600 -6227.0040    8  577 -6221.7454 -6229.9492  0.13%   967  212s
   782   628 -6223.4896   15  365 -6221.7454 -6229.9492  0.13%   950  220s
   826   689 -6222.9380   19  294 -6221.7454 -6229.9492  0.13%   938  226s
   907   769 -6222.0303   22  193 -6221.7454 -6229.9492  0.13%   895  232s
  1015   840     cutoff   35      -6221.7454 -6229.9460  0.13%   834  237s
  1107   912 -6228.7305    7  794 -6221.7454 -6229.9460  0.13%   802  243s
* 1133   898              79    -6221.908773 -6229.9460  0.13%   790  243s
  1205  1005 -6227.5622    8  895 -6221.9088 -6229.9001  0.13%   771  248s
  1332  1096 -6227.2488    9  870 -6221.9088 -6229.8628  0.13%   718  253s
* 1354   952              81    -6222.196341 -6229.8628  0.12%   716  253s
  1457  1035 -6224.4990   10  715 -6222.1963 -6229.8628  0.12%   677  259s
H 1478   975                    -6222.466136 -6229.8628  0.12%   686  259s
H 1503   958                    -6222.639645 -6229.8628  0.12%   675  259s
H 1506   950                    -6222.692066 -6229.8628  0.12%   673  259s
H 1537   900                    -6222.809568 -6229.8628  0.11%   663  259s
  1584   875 -6224.2608   11  615 -6222.8096 -6229.8491  0.11%   647  265s
* 1639   823             110    -6222.814990 -6229.8491  0.11%   641  265s
* 1649   744             122    -6222.857889 -6229.8491  0.11%   639  265s
  1664   720 -6223.5280   13  860 -6222.8579 -6229.8491  0.11%   640  272s
  1718   735 -6229.1768   13  745 -6222.8579 -6229.8491  0.11%   660  279s
  1786   759 -6224.5663   15  553 -6222.8579 -6229.8404  0.11%   676  287s
  1841   786     cutoff   18      -6222.8579 -6229.8112  0.11%   692  294s
  1924   792 -6222.9451   28  265 -6222.8579 -6229.8112  0.11%   692  302s
  1988   808 -6224.6096   14  506 -6222.8579 -6229.6704  0.11%   707  310s
  2044   811 -6223.7199   15  605 -6222.8579 -6229.6704  0.11%   724  318s
  2116   829     cutoff   18      -6222.8579 -6229.6704  0.11%   739  326s
  2196   836 -6225.0486    8  601 -6222.8579 -6229.2505  0.10%   749  334s
  2294   876 -6224.0311   14  308 -6222.8579 -6229.2505  0.10%   751  342s
  2380   885 -6223.4464   22  198 -6222.8579 -6229.2384  0.10%   759  353s
  2488   907 -6224.4152   16  525 -6222.8579 -6229.2384  0.10%   767  362s
  2582   924 -6222.8805   17  227 -6222.8579 -6229.0854  0.10%   778  373s
  2708   938 -6224.0161   10  353 -6222.8579 -6229.0854  0.10%   781  385s
  2724   957 -6223.5336   11  292 -6222.8579 -6229.0248  0.10%   790  396s

Cutting planes:
  Gomory: 9
  Cover: 273
  Implied bound: 501
  Clique: 14
  MIR: 168
  Flow cover: 788
  Zero half: 24
  Network: 18
  Relax-and-lift: 100

Explored 2854 nodes (2433084 simplex iterations) in 396.39 seconds (427.97 work units)
Thread count was 24 (of 24 available processors)

Solution count 10: -6222.86 -6222.81 -6222.81 ... -6220.1

Optimal solution found (tolerance 1.00e-03)
Best objective -6.222857889138e+03, best bound -6.229024819489e+03, gap 0.0991%
Set parameter MIPGap to value 0.001
Gurobi Optimizer version 13.0.1 build v13.0.1rc0 (win64 - Windows 10.0 (19045.2))

CPU model: AMD Ryzen 9 5900X 12-Core Processor, instruction set [SSE2|AVX|AVX2]
Thread count: 12 physical cores, 24 logical processors, using up to 24 threads

Non-default parameters:
TimeLimit  10800
MIPGap  0.001
NodefileStart  3
LogToConsole  0

Optimize a model with 171972 rows, 172166 columns and 744950 nonzeros (Min)
Model fingerprint: 0xad7d965d
Model has 22 linear objective coefficients
Variable types: 145046 continuous, 27120 integer (27120 binary)
Coefficient statistics:
  Matrix range     [1e-04, 2e+02]
  Objective range  [5e-02, 1e+00]
  Bounds range     [9e-03, 6e+01]
  RHS range        [7e-02, 1e+01]

Warning: Completing partial solution with 26976 unfixed non-continuous variables out of 27120
User MIP start produced solution with objective -6220.77 (0.90s)
User MIP start produced solution with objective -6220.77 (0.93s)
Loaded user MIP start with objective -6220.77
MIP start from previous solve produced solution with objective -6220.78 (3.62s)
MIP start from previous solve produced solution with objective -6220.78 (3.65s)
Loaded MIP start from previous solve with objective -6220.78
Processed MIP start in 3.65 seconds (4.89 work units)

Presolve removed 76119 rows and 62167 columns
Presolve time: 1.62s
Presolved: 95853 rows, 109999 columns, 378054 nonzeros
Variable types: 85510 continuous, 24489 integer (24488 binary)
Deterministic concurrent LP optimizer: primal and dual simplex
Showing primal log only...


Root simplex log...

Iteration    Objective       Primal Inf.    Dual Inf.      Time
       0    0.0000000e+00   2.157254e+02   9.332392e+09      6s
    6371    1.0367810e+05   0.000000e+00   1.095376e+06      6s
   25367   -2.0941163e+03   0.000000e+00   1.083887e+06     10s
   39290   -2.2811612e+03   0.000000e+00   5.946358e+05     15s
   49595   -2.3700924e+03   0.000000e+00   1.303951e+05     20s
   59893   -2.5140858e+03   0.000000e+00   2.605136e+05     25s
   70955   -2.7437036e+03   0.000000e+00   2.637305e+05     30s
   82307   -2.9290028e+03   0.000000e+00   2.106866e+05     35s
   94374   -3.0675453e+03   0.000000e+00   1.218152e+05     40s
Concurrent spin time: 0.00s

Solved with dual simplex

Root simplex log...

Iteration    Objective       Primal Inf.    Dual Inf.      Time
  147683   -6.2284650e+03   0.000000e+00   0.000000e+00     45s

Root relaxation: objective -6.228465e+03, 147683 iterations, 39.06 seconds (46.69 work units)

    Nodes    |    Current Node    |     Objective Bounds      |     Work
 Expl Unexpl |  Obj  Depth IntInf | Incumbent    BestBd   Gap | It/Node Time

     0     0 -6228.4650    0  900 -6220.7763 -6228.4650  0.12%     -   46s
     0     0 -6228.4476    0  902 -6220.7763 -6228.4476  0.12%     -   51s
     0     0 -6228.4235    0  906 -6220.7763 -6228.4235  0.12%     -   54s
     0     0 -6228.4235    0  907 -6220.7763 -6228.4235  0.12%     -   56s
     0     0 -6228.4207    0 1064 -6220.7763 -6228.4207  0.12%     -   57s
     0     0 -6228.4207    0 1063 -6220.7763 -6228.4207  0.12%     -   58s
     0     0 -6228.4207    0 1104 -6220.7763 -6228.4207  0.12%     -   59s
     0     0 -6228.4207    0 1104 -6220.7763 -6228.4207  0.12%     -   61s
     0     0 -6228.3741    0  945 -6220.7763 -6228.3741  0.12%     -   62s
     0     0 -6228.3741    0  945 -6220.7763 -6228.3741  0.12%     -   62s
     0     0 -6228.3741    0  767 -6220.7763 -6228.3741  0.12%     -   63s
     0     0 -6228.3741    0  771 -6220.7763 -6228.3741  0.12%     -   64s
     0     0 -6228.3707    0  817 -6220.7763 -6228.3707  0.12%     -   66s
     0     0 -6228.3707    0  819 -6220.7763 -6228.3707  0.12%     -   67s
     0     0 -6228.3695    0  802 -6220.7763 -6228.3695  0.12%     -   68s
     0     0 -6228.3684    0  802 -6220.7763 -6228.3684  0.12%     -   69s
     0     0 -6228.3684    0  824 -6220.7763 -6228.3684  0.12%     -   70s
     0     0 -6228.3684    0  824 -6220.7763 -6228.3684  0.12%     -   71s
     0     0 -6228.3684    0  827 -6220.7763 -6228.3684  0.12%     -   72s
     0     0 -6228.3684    0  755 -6220.7763 -6228.3684  0.12%     -   73s
     0     0 -6228.3684    0  804 -6220.7763 -6228.3684  0.12%     -   75s
     0     0 -6228.3684    0  830 -6220.7763 -6228.3684  0.12%     -   75s
     0     0 -6228.3684    0  830 -6220.7763 -6228.3684  0.12%     -   75s
     0     0 -6228.3684    0  767 -6220.7763 -6228.3684  0.12%     -   77s
     0     0 -6228.3681    0  766 -6220.7763 -6228.3681  0.12%     -   77s
     0     0 -6228.3681    0  766 -6220.7763 -6228.3681  0.12%     -   77s
     0     0 -6228.3681    0  766 -6220.7763 -6228.3681  0.12%     -   78s
     0     2 -6228.3651    0  766 -6220.7763 -6228.3651  0.12%     -   86s
     7    16 -6227.5381    3  536 -6220.7763 -6228.3651  0.12%  1248   91s
    15    28 -6227.4392    4  516 -6220.7763 -6228.3255  0.12%  1293   95s
    27    50 -6227.1588    5  616 -6220.7763 -6228.3229  0.12%  1887  100s
    49    66 -6226.2312    6  694 -6220.7763 -6228.3171  0.12%  1816  105s
    65    76 -6226.0500    7  707 -6220.7763 -6228.3171  0.12%  2016  113s
    77   101 -6221.6540    7  405 -6220.7763 -6228.3171  0.12%  2074  120s
   131   139 -6225.6191   10  522 -6220.7763 -6228.3171  0.12%  1861  135s
   144   161 -6225.2853   11  638 -6220.7763 -6228.3171  0.12%  1863  150s
   166   176 -6225.2666   12  706 -6220.7763 -6228.3171  0.12%  1781  166s
   189   189 -6224.5793   12  578 -6220.7763 -6228.3171  0.12%  1763  181s
   220   201 -6220.8328   14  612 -6220.7763 -6228.3171  0.12%  1651  194s
   250   214 -6222.8084   15  481 -6220.7763 -6227.8905  0.11%  1596  210s
   279   225     cutoff   18      -6220.7763 -6227.8407  0.11%  1582  226s
   310   245     cutoff   19      -6220.7763 -6227.7925  0.11%  1520  240s
   341   271 -6224.3038    6  543 -6220.7763 -6227.7925  0.11%  1521  252s
   383   295 -6223.8734    7  530 -6220.7763 -6227.7925  0.11%  1443  262s
   439   306 -6223.0410    9  436 -6220.7763 -6227.7925  0.11%  1379  269s
   508   348     cutoff   10      -6220.7763 -6227.5381  0.11%  1325  276s
   568   375 -6223.9196    7  761 -6220.7763 -6227.5353  0.11%  1306  283s
   637   402 -6221.0811    9  478 -6220.7763 -6227.5353  0.11%  1255  289s
   725   435 -6221.8907    7  390 -6220.7763 -6227.5353  0.11%  1182  297s
   854   450 -6221.4019   17  279 -6220.7763 -6227.1892  0.10%  1072  305s
   948   477 -6222.4796   11  337 -6220.7763 -6227.1477  0.10%  1030  312s
  1054   504     cutoff   19      -6220.7763 -6227.1477  0.10%   995  320s

Cutting planes:
  Gomory: 13
  Cover: 186
  Implied bound: 246
  Clique: 16
  MIR: 169
  Flow cover: 589
  Relax-and-lift: 79
  BQP: 1

Explored 1142 nodes (1304966 simplex iterations) in 320.65 seconds (361.41 work units)
Thread count was 24 (of 24 available processors)

Solution count 3: -6220.78 -6220.78 -6220.77 

Optimal solution found (tolerance 1.00e-03)
Best objective -6.220776269387e+03, best bound -6.226950590334e+03, gap 0.0993%
Set parameter MIPGap to value 0.0001
Gurobi Optimizer version 13.0.1 build v13.0.1rc0 (win64 - Windows 10.0 (19045.2))

CPU model: AMD Ryzen 9 5900X 12-Core Processor, instruction set [SSE2|AVX|AVX2]
Thread count: 12 physical cores, 24 logical processors, using up to 24 threads

Non-default parameters:
TimeLimit  10800
NodefileStart  3
LogToConsole  0

Optimize a model with 171992 rows, 172166 columns and 745030 nonzeros (Min)
Model fingerprint: 0x6a9daae4
Model has 22 linear objective coefficients
Variable types: 145046 continuous, 27120 integer (27120 binary)
Coefficient statistics:
  Matrix range     [1e-04, 2e+02]
  Objective range  [5e-02, 1e+00]
  Bounds range     [9e-03, 6e+01]
  RHS range        [7e-02, 1e+01]

Warning: Completing partial solution with 26976 unfixed non-continuous variables out of 27120
User MIP start produced solution with objective -6220.78 (0.89s)
User MIP start produced solution with objective -6220.78 (0.91s)
Loaded user MIP start with objective -6220.78
MIP start from previous solve did not produce a new incumbent solution
Processed MIP start in 3.70 seconds (4.98 work units)

Presolve removed 76119 rows and 62167 columns
Presolve time: 1.71s
Presolved: 95873 rows, 109999 columns, 378114 nonzeros
Variable types: 85510 continuous, 24489 integer (24488 binary)
Deterministic concurrent LP optimizer: primal and dual simplex
Showing primal log only...


Root simplex log...

Iteration    Objective       Primal Inf.    Dual Inf.      Time
       0    0.0000000e+00   2.300932e+02   1.008589e+10      6s
    5683    1.0286377e+05   0.000000e+00   1.311149e+06      6s
   27495   -2.3189385e+03   0.000000e+00   2.113796e+05     10s
   41343   -2.4809998e+03   0.000000e+00   1.213933e+05     15s
   54048   -2.7085532e+03   0.000000e+00   3.009396e+05     20s
   67321   -2.9570665e+03   0.000000e+00   2.936611e+05     25s
   79778   -3.1133535e+03   0.000000e+00   2.229893e+05     30s
   92716   -3.2536443e+03   0.000000e+00   7.795714e+04     35s
  103097   -3.3437222e+03   0.000000e+00   1.849453e+05     40s
Concurrent spin time: 0.01s

Solved with dual simplex

Root simplex log...

Iteration    Objective       Primal Inf.    Dual Inf.      Time
  149528   -6.2284631e+03   0.000000e+00   0.000000e+00     44s

Root relaxation: objective -6.228463e+03, 149528 iterations, 38.19 seconds (46.60 work units)

    Nodes    |    Current Node    |     Objective Bounds      |     Work
 Expl Unexpl |  Obj  Depth IntInf | Incumbent    BestBd   Gap | It/Node Time

     0     0 -6228.4631    0  793 -6220.7761 -6228.4631  0.12%     -   45s
     0     0 -6228.4631    0 1040 -6220.7761 -6228.4631  0.12%     -   50s
     0     0 -6228.4631    0 1040 -6220.7761 -6228.4631  0.12%     -   52s
     0     0 -6228.4631    0 1040 -6220.7761 -6228.4631  0.12%     -   52s
     0     0 -6228.4631    0 1017 -6220.7761 -6228.4631  0.12%     -   53s
     0     0 -6228.4631    0  851 -6220.7761 -6228.4631  0.12%     -   55s
     0     0 -6228.4631    0  892 -6220.7761 -6228.4631  0.12%     -   56s
     0     0 -6228.4149    0  890 -6220.7761 -6228.4149  0.12%     -   58s
     0     0 -6228.4149    0  890 -6220.7761 -6228.4149  0.12%     -   58s
     0     0 -6228.4149    0  826 -6220.7761 -6228.4149  0.12%     -   59s
     0     0 -6228.4144    0  828 -6220.7761 -6228.4144  0.12%     -   61s
     0     0 -6228.4144    0  764 -6220.7761 -6228.4144  0.12%     -   62s
     0     0 -6228.4144    0  765 -6220.7761 -6228.4144  0.12%     -   63s
     0     0 -6228.4144    0  766 -6220.7761 -6228.4144  0.12%     -   64s
     0     0 -6228.4144    0  766 -6220.7761 -6228.4144  0.12%     -   65s
     0     0 -6228.4144    0  765 -6220.7761 -6228.4144  0.12%     -   66s
     0     0 -6228.4144    0  765 -6220.7761 -6228.4144  0.12%     -   67s
     0     0 -6228.4144    0  769 -6220.7761 -6228.4144  0.12%     -   69s
     0     0 -6228.4144    0  767 -6220.7761 -6228.4144  0.12%     -   70s
     0     0 -6228.4144    0  753 -6220.7761 -6228.4144  0.12%     -   71s
     0     0 -6228.4144    0  754 -6220.7761 -6228.4144  0.12%     -   72s
     0     0 -6228.4144    0  732 -6220.7761 -6228.4144  0.12%     -   73s
     0     0 -6228.4144    0  732 -6220.7761 -6228.4144  0.12%     -   73s
     0     0 -6228.4144    0  732 -6220.7761 -6228.4144  0.12%     -   75s
     0     0 -6228.4144    0  861 -6220.7761 -6228.4144  0.12%     -   76s
     0     0 -6228.4144    0  702 -6220.7761 -6228.4144  0.12%     -   78s
     0     0 -6228.4144    0  701 -6220.7761 -6228.4144  0.12%     -   78s
     0     0 -6228.4144    0  701 -6220.7761 -6228.4144  0.12%     -   78s
     0     0 -6228.4144    0  701 -6220.7761 -6228.4144  0.12%     -   79s
     0     2 -6228.4144    0  701 -6220.7761 -6228.4144  0.12%     -   85s
    15    28 -6227.4706    4  716 -6220.7761 -6228.4144  0.12%  1076   91s
    27    45 -6227.4484    5  649 -6220.7761 -6228.4134  0.12%  1108   95s
    68    81 -6226.9361    7  725 -6220.7761 -6228.4134  0.12%  1079  101s
   102   116 -6226.8541   12  597 -6220.7761 -6228.4134  0.12%  1007  113s
   115   155 -6226.8419   13  595 -6220.7761 -6228.4134  0.12%  1082  120s
   154   193 -6225.9355   15  480 -6220.7761 -6228.4134  0.12%  1121  126s
   192   205 -6225.9278   16  412 -6220.7761 -6228.4134  0.12%  1161  132s
   204   246 -6225.7774   17  434 -6220.7761 -6228.4134  0.12%  1149  139s
   245   284 -6225.3412   22  389 -6220.7761 -6228.4134  0.12%  1191  144s
   283   318 -6223.4366   27  408 -6220.7761 -6228.4134  0.12%  1245  150s
   317   329     cutoff   29      -6220.7761 -6228.4134  0.12%  1270  169s
   330   347 -6222.2687   31  277 -6220.7761 -6228.4134  0.12%  1298  192s
   348   362 -6222.1331   32  310 -6220.7761 -6228.4134  0.12%  1334  217s
   375   372     cutoff   32      -6220.7761 -6228.4134  0.12%  1301  240s
   404   382 -6222.0625   33  311 -6220.7761 -6228.4134  0.12%  1349  263s
   418   392 -6221.8088   34  254 -6220.7761 -6228.4134  0.12%  1354  285s
   432   428     cutoff   35      -6220.7761 -6228.4134  0.12%  1344  302s
   488   468     cutoff   41      -6220.7761 -6228.4134  0.12%  1299  312s
   554   503 -6226.4240    7  654 -6220.7761 -6228.4134  0.12%  1300  321s
   639   527 -6225.6916    9  758 -6220.7761 -6228.4134  0.12%  1234  331s
   697   535 -6221.5518   13  471 -6220.7761 -6228.3685  0.12%  1259  340s
H  700   535                    -6220.927525 -6228.3685  0.12%  1261  340s
   713   567 -6223.8281   14  535 -6220.9275 -6228.3685  0.12%  1269  350s
   787   606     cutoff   16      -6220.9275 -6228.3685  0.12%  1263  358s
   878   636 -6226.2529   13  693 -6220.9275 -6228.3685  0.12%  1224  368s
   920   676 -6224.3782   18  580 -6220.9275 -6228.3685  0.12%  1256  376s
   962   686     cutoff   23      -6220.9275 -6228.3685  0.12%  1271  385s
H 1038   686                    -6221.005443 -6228.3685  0.12%  1255  385s
  1043   689 -6226.5456    8  673 -6221.0054 -6228.3685  0.12%  1254  393s
  1144   722 -6223.0202   13  696 -6221.0054 -6228.2117  0.12%  1219  403s
* 1214   707              73    -6221.006746 -6228.1854  0.12%  1213  403s
  1229   732 -6225.9984    9  478 -6221.0067 -6228.1854  0.12%  1225  413s
  1292   779 -6224.0873   12  518 -6221.0067 -6228.1592  0.11%  1245  422s
  1368   815 -6222.5693   13  440 -6221.0067 -6228.1592  0.11%  1260  433s
  1484   847 -6224.3487   10  488 -6221.0067 -6228.1592  0.11%  1242  444s
  1574   867 -6221.3551   12  431 -6221.0067 -6227.7421  0.11%  1243  456s
  1677   888 -6222.1171   14  619 -6221.0067 -6227.7385  0.11%  1243  469s
  1771   909     cutoff   11      -6221.0067 -6227.6226  0.11%  1250  481s
  1856   918 -6226.2386   11  563 -6221.0067 -6227.5989  0.11%  1260  493s
  1961   943     cutoff   18      -6221.0067 -6227.5689  0.11%  1257  505s
  2093   987 -6225.4580    7  715 -6221.0067 -6227.5689  0.11%  1237  519s
  2171  1038 -6223.2654    7  439 -6221.0067 -6227.5199  0.10%  1266  533s
  2320  1043 -6221.6111    9  444 -6221.0067 -6227.5199  0.10%  1255  552s
  2346  1051     cutoff   10      -6221.0067 -6227.5199  0.10%  1259  568s
  2482  1056     cutoff   11      -6221.0067 -6227.4288  0.10%  1241  583s
  2618  1053 -6222.1879   11  592 -6221.0067 -6227.4288  0.10%  1235  601s
  2793  1107 -6222.4097   11  455 -6221.0067 -6227.3245  0.10%  1219  618s
  2992  1162 -6221.5109   11  242 -6221.0067 -6227.2318  0.10%  1201  636s
  3169  1284 -6223.7000   12  495 -6221.0067 -6227.1987  0.10%  1187  654s
H 3237  1267                    -6221.068508 -6227.1987  0.10%  1170  654s
  3442  1255 -6223.5470   12  473 -6221.0685 -6227.0880  0.10%  1145  673s
  3638  1277     cutoff   17      -6221.0685 -6226.9804  0.10%  1141  691s
  3816  1286     cutoff   11      -6221.0685 -6226.8890  0.09%  1141  711s
  3982  1308     cutoff   17      -6221.0685 -6226.8207  0.09%  1152  731s
  4142  1342 -6223.5413   17  344 -6221.0685 -6226.7769  0.09%  1157  753s
  4372  1363 -6223.8076   10  564 -6221.0685 -6226.6810  0.09%  1151  777s
  4437  1436     cutoff   20      -6221.0685 -6226.6749  0.09%  1152  803s
  4725  1437 -6223.5913   26  701 -6221.0685 -6226.4778  0.09%  1137  865s
  4727  1438 -6225.6062   12 1247 -6221.0685 -6226.4778  0.09%  1137  914s
  4728  1439 -6224.9148   12 1192 -6221.0685 -6226.4778  0.09%  1137  916s
  4731  1441 -6223.8756   14  927 -6221.0685 -6226.4778  0.09%  1136  962s
  4732  1442 -6225.3295   18  927 -6221.0685 -6226.4778  0.09%  1136  969s
  4733  1445 -6226.4778   16  959 -6221.0685 -6226.4778  0.09%  1174  973s
  4735  1449 -6226.4778   17  847 -6221.0685 -6226.4778  0.09%  1175  975s
  4747  1465 -6226.4778   19 1033 -6221.0685 -6226.4778  0.09%  1179  982s
  4759  1483 -6226.4778   20 1091 -6221.0685 -6226.4778  0.09%  1184  987s
  4793  1486 -6221.7130   21 1391 -6221.0685 -6226.4778  0.09%  1186  991s
  4855  1476 -6223.9390   22  868 -6221.0685 -6226.4778  0.09%  1185 1000s
  4876  1474 -6222.7401   23  772 -6221.0685 -6226.4778  0.09%  1186 1005s
  4897  1465     cutoff   23      -6221.0685 -6226.4778  0.09%  1186 1012s
  4922  1442     cutoff   24      -6221.0685 -6226.4778  0.09%  1187 1018s
  4962  1440     cutoff   22      -6221.0685 -6226.3270  0.08%  1184 1022s
  5050  1412     cutoff   21      -6221.0685 -6225.6706  0.07%  1175 1027s
  5107  1401 -6221.5505   32  406 -6221.0685 -6225.6706  0.07%  1166 1030s
  5237  1397     cutoff   36      -6221.0685 -6222.5572  0.02%  1146 1035s
  5400  1382 -6221.1234   42  306 -6221.0685 -6222.3746  0.02%  1118 1041s
  5550  1393 -6221.1125   53  300 -6221.0685 -6222.3746  0.02%  1095 1047s
  5646  1394 -6221.1199   31  401 -6221.0685 -6222.3746  0.02%  1079 1050s
  5744  1365     cutoff   31      -6221.0685 -6222.3725  0.02%  1065 1060s
  5764  1366 -6221.2656   32  476 -6221.0685 -6222.3725  0.02%  1062 1068s
  5779  1362 -6221.2656   33  497 -6221.0685 -6222.3725  0.02%  1060 1077s
  5798  1422 -6221.2656   34  494 -6221.0685 -6222.3725  0.02%  1059 1081s
  5925  1435 -6221.1199   29  410 -6221.0685 -6222.3725  0.02%  1039 1085s
* 6114  1385             170    -6221.068833 -6222.3642  0.02%  1012 1089s
  6232  1416 -6221.2573   31  486 -6221.0688 -6222.3642  0.02%   995 1092s
  6371  1430     cutoff   31      -6221.0688 -6222.3520  0.02%   978 1097s
  6516  1455 -6221.2573   32  465 -6221.0688 -6222.3014  0.02%   959 1101s

Cutting planes:
  Cover: 1
  Implied bound: 6
  MIR: 15
  Flow cover: 82
  Relax-and-lift: 11

Explored 6667 nodes (6461696 simplex iterations) in 1101.36 seconds (1249.74 work units)
Thread count was 24 (of 24 available processors)

Solution count 9: -6221.07 -6221.07 -6221.07 ... -6220.78

Optimal solution found (tolerance 1.00e-04)
Best objective -6.221068832905e+03, best bound -6.221633384205e+03, gap 0.0091%
