
Gurobi 13.0.1 (win64) logging started Wed Oct  7 13:58:31 2026

Set parameter LogFile to value "ieee_owen\weak_eps_experiment\stochastic\main17\logs\n60_S20_day6_ef_gurobi.log"
Set parameter NodefileStart to value 3
Set parameter MIPGap to value 0.0001
Gurobi Optimizer version 13.0.1 build v13.0.1rc0 (win64 - Windows 10.0 (19045.2))

CPU model: AMD Ryzen 9 5900X 12-Core Processor, instruction set [SSE2|AVX|AVX2]
Thread count: 12 physical cores, 24 logical processors, using up to 24 threads

Non-default parameters:
TimeLimit  10800
NodefileStart  3
LogToConsole  0

Optimize a model with 340064 rows, 343286 columns and 1483100 nonzeros (Min)
Model fingerprint: 0x700dedcd
Model has 22 linear objective coefficients
Variable types: 289046 continuous, 54240 integer (54240 binary)
Coefficient statistics:
  Matrix range     [3e-04, 2e+02]
  Objective range  [5e-02, 1e+00]
  Bounds range     [9e-03, 6e+01]
  RHS range        [5e-02, 1e+01]

Presolve removed 152056 rows and 125250 columns
Presolve time: 3.42s
Presolved: 188008 rows, 218036 columns, 746245 nonzeros
Variable types: 169134 continuous, 48902 integer (48901 binary)
Found heuristic solution: objective -17767.97327
Deterministic concurrent LP optimizer: primal simplex, dual simplex, and barrier
Showing barrier log only...

Root barrier log...

Ordering time: 1.43s
Ordering time: 1.62s

Barrier statistics:
 Dense cols : 567
 Free vars  : 41
 AA' NZ     : 6.347e+05
 Factor NZ  : 3.434e+06 (roughly 180 MB of memory)
 Factor Ops : 5.767e+08 (less than 1 second per iteration)
 Threads    : 10

                  Objective                Residual
Iter       Primal          Dual         Primal    Dual     Compl     Time
   0   4.99369691e+00 -2.27731259e+04  1.43e+04 6.40e+01  4.73e+00     8s
   1  -4.29516221e+04 -2.54726650e+04  1.43e+04 5.93e+01  4.76e+00     8s
   2   9.40584699e+05 -3.05105501e+04  1.28e+04 5.42e+01  5.01e+00     9s
   3   1.42264342e+05 -3.51465204e+04  8.77e+03 4.70e+01  3.62e+00     9s
   4  -2.25354126e+05 -3.94621331e+04  7.53e+03 4.03e+01  3.13e+00     9s
   5  -4.22779118e+05 -4.73277488e+04  5.19e+03 2.60e+01  2.15e+00     9s
   6  -1.39147845e+05 -5.85565905e+04  1.44e+03 1.20e+00  7.11e-01     9s
   7  -9.56021087e+04 -4.96967178e+04  8.31e+02 2.13e-01  4.05e-01     9s
   8  -6.92866960e+04 -4.36903213e+04  5.03e+02 1.12e-01  2.47e-01     9s
   9  -6.31172901e+04 -4.14184183e+04  4.30e+02 8.97e-02  2.10e-01     9s
  10  -5.22478221e+04 -3.88850903e+04  3.05e+02 6.53e-02  1.51e-01     9s
  11  -4.91550993e+04 -3.70274383e+04  2.70e+02 5.14e-02  1.32e-01     9s
  12  -4.29154988e+04 -3.36530851e+04  2.01e+02 2.94e-02  9.54e-02    10s
  13  -3.66304318e+04 -3.05173249e+04  1.33e+02 1.66e-02  6.25e-02    10s
  14  -3.01256298e+04 -2.77599202e+04  7.15e+01 9.25e-03  3.50e-02    10s
  15  -2.76787773e+04 -2.61279306e+04  4.94e+01 5.94e-03  2.40e-02    10s
  16  -2.62612781e+04 -2.56746105e+04  3.78e+01 5.20e-03  1.95e-02    10s
  17  -2.50147567e+04 -2.52505892e+04  2.74e+01 4.56e-03  1.53e-02    10s
  18  -2.45337062e+04 -2.43054277e+04  2.35e+01 3.18e-03  1.22e-02    10s
  19  -2.39967464e+04 -2.37947033e+04  1.92e+01 2.50e-03  9.86e-03    10s
  20  -2.34413433e+04 -2.31520024e+04  1.46e+01 1.69e-03  7.20e-03    10s
  21  -2.32966186e+04 -2.29366182e+04  1.35e+01 1.48e-03  6.50e-03    10s
  22  -2.32167894e+04 -2.26678546e+04  1.28e+01 1.32e-03  6.02e-03    11s
  23  -2.31867865e+04 -2.25290254e+04  1.26e+01 1.30e-03  5.92e-03    11s
  24  -2.31856260e+04 -2.22647695e+04  1.26e+01 1.29e-03  5.91e-03    11s
  25  -2.31699878e+04 -2.24209293e+04  1.25e+01 1.29e-03  5.89e-03    11s
  26  -2.24139660e+04 -2.23724210e+04  8.20e+00 1.09e-03  4.55e-03    11s
  27  -2.21282613e+04 -2.17805880e+04  6.65e+00 6.63e-04  3.24e-03    11s
  28  -2.17734594e+04 -2.15386881e+04  4.65e+00 4.76e-04  2.32e-03    12s
  29  -2.13025476e+04 -2.13154290e+04  2.08e+00 3.00e-04  1.27e-03    12s
  30  -2.11608428e+04 -2.11986342e+04  1.30e+00 2.10e-04  8.60e-04    12s
  31  -2.10666074e+04 -2.10623528e+04  8.00e-01 1.04e-04  4.76e-04    12s
  32  -2.10280293e+04 -2.09943156e+04  5.90e-01 5.32e-05  2.93e-04    12s
  33  -2.09643365e+04 -2.09644712e+04  2.49e-01 2.93e-05  1.52e-04    12s
  34  -2.09402950e+04 -2.09415387e+04  1.15e-01 1.35e-05  7.27e-05    13s
  35  -2.09325595e+04 -2.09314527e+04  7.11e-02 6.91e-06  4.12e-05    13s
  36  -2.09262304e+04 -2.09275490e+04  3.51e-02 4.35e-06  2.39e-05    13s
  37  -2.09249813e+04 -2.09249528e+04  2.80e-02 2.82e-06  1.70e-05    13s
  38  -2.09232902e+04 -2.09221629e+04  1.81e-02 1.12e-06  8.89e-06    13s
  39  -2.09220028e+04 -2.09217225e+04  1.07e-02 8.56e-07  6.01e-06    13s
  40  -2.09211115e+04 -2.09207301e+04  5.53e-03 2.86e-07  2.64e-06    13s
  41  -2.09204781e+04 -2.09205128e+04  1.80e-03 1.72e-07  1.17e-06    13s
  42  -2.09203241e+04 -2.09203065e+04  8.75e-04 5.80e-07  5.01e-07    13s
  43  -2.09202061e+04 -2.09201938e+04  1.54e-04 5.91e-08  7.07e-08    13s
  44  -2.09201869e+04 -2.09201826e+04  2.93e-05 1.13e-08  9.57e-09    13s
  45  -2.09201824e+04 -2.09201824e+04  3.26e-06 1.48e-09  3.35e-10    13s

Barrier solved model in 45 iterations and 13.44 seconds (13.81 work units)
Optimal objective -2.09201824e+04


Root crossover log...

   55498 DPushes remaining with DInf 4.4484617e-04                14s
       0 DPushes remaining with DInf 0.0000000e+00                14s

   35641 PPushes remaining with PInf 2.2048850e-04                14s
    5854 PPushes remaining with PInf 0.0000000e+00                15s
       0 PPushes remaining with PInf 0.0000000e+00                15s

  Push phase complete: Pinf 0.0000000e+00, Dinf 1.8421785e-11     15s


Root simplex log...

Iteration    Objective       Primal Inf.    Dual Inf.      Time
   76828   -2.0920182e+04   0.000000e+00   0.000000e+00     15s
Crossover time: 1.87 seconds (2.01 work units)
Concurrent spin time: 0.65s

Solved with barrier
   76828   -2.0920182e+04   0.000000e+00   0.000000e+00     16s

Root relaxation: objective -2.092018e+04, 76828 iterations, 10.37 seconds (8.74 work units)

    Nodes    |    Current Node    |     Objective Bounds      |     Work
 Expl Unexpl |  Obj  Depth IntInf | Incumbent    BestBd   Gap | It/Node Time

     0     0 -20920.182    0 1740 -17767.973 -20920.182  17.7%     -   20s
H    0     0                    -20857.16679 -20920.182  0.30%     -   23s
     0     0 -20920.182    0 1839 -20857.167 -20920.182  0.30%     -   27s
H    0     0                    -20863.94080 -20920.182  0.27%     -   31s
     0     0 -20920.182    0 1839 -20863.941 -20920.182  0.27%     -   32s
     0     0 -20920.182    0 1825 -20863.941 -20920.182  0.27%     -   36s
     0     0 -20920.182    0 1825 -20863.941 -20920.182  0.27%     -   36s
     0     0 -20920.182    0 1643 -20863.941 -20920.182  0.27%     -   38s
     0     0 -20920.182    0 1390 -20863.941 -20920.182  0.27%     -   40s
     0     0 -20920.182    0 1415 -20863.941 -20920.182  0.27%     -   44s
     0     0 -20920.182    0 1157 -20863.941 -20920.182  0.27%     -   45s
H    0     0                    -20881.67978 -20920.182  0.18%     -   47s
     0     0 -20920.182    0 1201 -20881.680 -20920.182  0.18%     -   48s
     0     0 -20920.182    0 1144 -20881.680 -20920.182  0.18%     -   52s
     0     0 -20920.182    0 1144 -20881.680 -20920.182  0.18%     -   52s
     0     0 -20920.182    0 1082 -20881.680 -20920.182  0.18%     -   54s
     0     0 -20920.182    0 1082 -20881.680 -20920.182  0.18%     -   55s
     0     0 -20920.182    0 1197 -20881.680 -20920.182  0.18%     -   58s
     0     0 -20920.182    0 1197 -20881.680 -20920.182  0.18%     -   59s
     0     0 -20920.182    0 1326 -20881.680 -20920.182  0.18%     -   61s
     0     0 -20920.182    0 1241 -20881.680 -20920.182  0.18%     -   65s
     0     0 -20920.182    0 1179 -20881.680 -20920.182  0.18%     -   66s
H    0     0                    -20900.66436 -20920.182  0.09%     -   68s
     0     0 -20920.182    0 1189 -20900.664 -20920.182  0.09%     -   69s
     0     0 -20920.182    0 1187 -20900.664 -20920.182  0.09%     -   72s
     0     0 -20920.182    0 1187 -20900.664 -20920.182  0.09%     -   72s
     0     0 -20920.182    0 1187 -20900.664 -20920.182  0.09%     -   73s
     0     0 -20920.182    0 1187 -20900.664 -20920.182  0.09%     -   74s
     0     0 -20920.182    0 1187 -20900.664 -20920.182  0.09%     -   74s
     0     2 -20920.182    0 1187 -20900.664 -20920.182  0.09%     -   76s
     3     8 -20920.182    2 1260 -20900.664 -20920.182  0.09%   617   80s
     7    16 -20920.089    3 1160 -20900.664 -20920.182  0.09%  1793   85s
    15    28 -20920.089    4 1160 -20900.664 -20920.182  0.09%  1385   92s
    27    29 -20920.181    5 1627 -20900.664 -20920.182  0.09%  2519  126s
    28    43 -20920.153    6 1261 -20900.664 -20920.182  0.09%  2507  158s
    42   169 -20920.153    7 1257 -20900.664 -20920.182  0.09%  2253  189s
   168   340 -20919.027   11  937 -20900.664 -20920.182  0.09%  1241  230s
H  310   340                    -20903.64988 -20920.182  0.08%  1194  230s
   339   527 -20919.814   20  814 -20903.650 -20920.182  0.08%  1194  289s
H  390   527                    -20903.65073 -20920.182  0.08%  1234  289s
H  526   567                    -20910.34864 -20920.182  0.05%  1325  410s
H  539   567                    -20910.80597 -20920.182  0.04%  1335  410s
H  567   567                    -20910.84804 -20920.182  0.04%  1307  410s
   570   798 -20919.413   31  761 -20910.848 -20920.182  0.04%  1321  529s
H  591   798                    -20910.85374 -20920.182  0.04%  1342  529s
   817  1136 -20915.380   40  799 -20910.854 -20920.182  0.04%  1731  742s
  1212  1648 -20912.252   54  554 -20910.854 -20920.182  0.04%  2092  946s
H 1428  1615                    -20911.99459 -20920.182  0.04%  2119  946s
H 1431  1609                    -20912.28609 -20920.182  0.04%  2119  946s
H 1571  1559                    -20913.33164 -20920.182  0.03%  2329  946s
  1814  1423     cutoff   23      -20913.332 -20920.182  0.03%  2284 1198s
H 1818  1184                    -20915.06445 -20920.182  0.02%  2279 1198s
  2066  1314 -20920.094   10 1134 -20915.064 -20920.182  0.02%  2077 1455s
  2558  1313 -20915.322   22 1187 -20915.064 -20920.182  0.02%  2189 1648s
  2560  1314 -20917.577   19 2508 -20915.064 -20920.182  0.02%  2187 1681s
  2561  1315 -20920.094   10 1520 -20915.064 -20920.181  0.02%  2186 1709s
  2562  1316 -20916.148   16 1549 -20915.064 -20920.181  0.02%  2185 1731s
  2563  1316 -20918.420   44 1337 -20915.064 -20920.181  0.02%  2184 1747s
  2564  1317 -20917.927   45 1443 -20915.064 -20920.181  0.02%  2183 1760s
  2565  1318 -20919.736    8 1351 -20915.064 -20920.181  0.02%  2183 1775s
  2566  1318 -20919.671   16 1230 -20915.064 -20920.181  0.02%  2182 1787s
  2567  1319 -20919.093   37 1079 -20915.064 -20920.181  0.02%  2181 1800s
  2568  1320 -20920.168   18 1099 -20915.064 -20920.180  0.02%  2180 1810s
  2569  1320 -20915.264   35 1173 -20915.064 -20920.180  0.02%  2179 1822s
  2570  1321 -20917.531   37 1214 -20915.064 -20920.180  0.02%  2178 1829s
  2571  1322 -20916.352   35 1165 -20915.064 -20920.180  0.02%  2178 1843s
  2572  1322 -20919.004   17 1380 -20915.064 -20920.180  0.02%  2177 1851s
  2573  1323 -20918.776   38 1156 -20915.064 -20920.180  0.02%  2176 1865s
  2574  1324 -20917.233   17 1174 -20915.064 -20920.180  0.02%  2175 1871s
  2575  1324 -20919.398   16 1145 -20915.064 -20920.180  0.02%  2174 1881s
  2576  1325 -20920.158   11 1472 -20915.064 -20920.180  0.02%  2173 1891s
  2577  1326 -20917.458   13 1064 -20915.064 -20920.180  0.02%  2172 1900s
  2578  1326 -20919.937    8 1328 -20915.064 -20920.180  0.02%  2172 1909s
H 2578  1259                    -20915.06450 -20920.180  0.02%  2172 1924s
  2580  1261 -20915.428   16 1204 -20915.064 -20920.180  0.02%  2170 1937s
  2581  1261 -20917.847   27 1204 -20915.064 -20920.180  0.02%  2169 1948s
H 2581  1199                    -20915.06539 -20920.180  0.02%  2249 1952s
H 2582  1141                    -20915.06547 -20920.180  0.02%  2248 1956s
H 2583  1084                    -20915.06827 -20920.180  0.02%  2247 1956s
H 2584  1032                    -20915.07269 -20920.180  0.02%  2247 1962s
H 2586   981                    -20915.08240 -20920.180  0.02%  2246 1962s
  2588   988 -20920.139   12  968 -20915.082 -20920.180  0.02%  2249 1976s
  2596   997 -20920.032   13 1401 -20915.082 -20920.180  0.02%  2265 1990s
  2608  1013 -20919.718   14 1324 -20915.082 -20920.180  0.02%  2273 2006s
  2632  1020 -20919.718   15 1326 -20915.082 -20920.166  0.02%  2274 2028s
  2649  1040 -20919.710   16 1247 -20915.082 -20920.146  0.02%  2292 2056s
  2680  1040 -20918.487   18 1498 -20915.082 -20920.139  0.02%  2325 2098s
H 2691   988                    -20915.09274 -20920.139  0.02%  2333 2098s
  2692   998 -20917.328   18 1278 -20915.093 -20920.139  0.02%  2336 2171s
  2705  1006 -20918.367   19  993 -20915.093 -20920.139  0.02%  2354 2249s
  2717  1014 -20916.270   19 1361 -20915.093 -20920.139  0.02%  2370 2329s
  2735  1027 -20917.473   20  982 -20915.093 -20920.139  0.02%  2394 2402s
  2782  1060     cutoff   20      -20915.093 -20920.046  0.02%  2433 2475s
  2855  1112 -20916.575   21  692 -20915.093 -20920.046  0.02%  2439 2526s
  3021  1163     cutoff   31      -20915.093 -20920.046  0.02%  2409 2566s
  3173  1235 -20918.005   16 1299 -20915.093 -20919.856  0.02%  2346 2596s
  3314  1249 -20916.293   19  695 -20915.093 -20919.856  0.02%  2274 2622s
  3449  1250 -20916.665   15 1128 -20915.093 -20919.709  0.02%  2222 2654s
  3549  1240 -20915.457   16  890 -20915.093 -20919.694  0.02%  2202 2682s
  3636  1223 -20916.414   17 1629 -20915.093 -20919.694  0.02%  2181 2715s
  3702  1205     cutoff   21      -20915.093 -20919.651  0.02%  2177 2767s
  3733  1203 -20918.803   19 1582 -20915.093 -20919.651  0.02%  2172 2808s
  3801  1188 -20915.540   21 1060 -20915.093 -20919.550  0.02%  2183 2847s
  3857  1205     cutoff   22      -20915.093 -20919.528  0.02%  2194 2889s
  3956  1262 -20915.251   20 1052 -20915.093 -20919.347  0.02%  2191 2943s
  4115  1218 -20915.595   17 1375 -20915.093 -20919.301  0.02%  2158 2996s
  4197  1192 -20915.925   18 1380 -20915.093 -20919.301  0.02%  2167 3037s
  4252  1170     cutoff   19      -20915.093 -20919.151  0.02%  2177 3092s
  4324  1195 -20917.379   19 1127 -20915.093 -20919.114  0.02%  2201 3147s
  4483  1195     cutoff   21      -20915.093 -20919.114  0.02%  2177 3201s
  4642  1211 -20915.484   19  894 -20915.093 -20918.727  0.02%  2162 3253s
  4778  1279 -20915.242   27  333 -20915.093 -20918.633  0.02%  2156 3307s
* 4856  1106             226    -20915.09721 -20918.633  0.02%  2123 3307s
  5044  1060 -20915.228   52  389 -20915.097 -20918.615  0.02%  2099 3365s
  5199  1091 -20915.230   84  212 -20915.097 -20918.393  0.02%  2090 3428s
  5487  1193 -20915.310   39  409 -20915.097 -20918.180  0.01%  2043 3496s
  5799  1200 -20915.618   22  993 -20915.097 -20918.067  0.01%  1991 3616s
  5836  1206 -20915.618   23  971 -20915.097 -20918.067  0.01%  1990 3745s
  5899  1224 -20915.612   24  832 -20915.097 -20917.854  0.01%  1989 3863s
H 5901  1120                    -20915.15317 -20917.854  0.01%  1989 3863s
H 5934  1001                    -20915.19943 -20917.854  0.01%  1989 3863s
  5943  1102 -20915.604   25  726 -20915.199 -20917.854  0.01%  1986 3944s
  6251  1275 -20915.388   22  882 -20915.199 -20917.461  0.01%  1955 4050s
  6794  1432     cutoff   18      -20915.199 -20917.300  0.01%  1890 4199s

Cutting planes:
  Gomory: 71
  Cover: 70
  Implied bound: 68
  MIR: 83
  Flow cover: 561
  RLT: 18
  Relax-and-lift: 25

Explored 7459 nodes (13919683 simplex iterations) in 4200.21 seconds (4100.85 work units)
Thread count was 24 (of 24 available processors)

Solution count 10: -20915.2 -20915.2 -20915.1 ... -20915.1

Optimal solution found (tolerance 1.00e-04)
Best objective -2.091519942577e+04, best bound -2.091710321081e+04, gap 0.0091%
