
Gurobi 13.0.1 (win64) logging started Wed Oct  7 01:48:23 2026

Set parameter LogFile to value "ieee_owen\weak_eps_experiment\stochastic\main17\logs\n60_S20_day2_ef_gurobi.log"
Set parameter NodefileStart to value 3
Set parameter MIPGap to value 0.001
Gurobi Optimizer version 13.0.1 build v13.0.1rc0 (win64 - Windows 10.0 (19045.2))

CPU model: AMD Ryzen 9 5900X 12-Core Processor, instruction set [SSE2|AVX|AVX2]
Thread count: 12 physical cores, 24 logical processors, using up to 24 threads

Non-default parameters:
TimeLimit  10800
MIPGap  0.001
NodefileStart  3
LogToConsole  0

Optimize a model with 340084 rows, 343286 columns and 1483160 nonzeros (Min)
Model fingerprint: 0x856bcb48
Model has 22 linear objective coefficients
Variable types: 289046 continuous, 54240 integer (54240 binary)
Coefficient statistics:
  Matrix range     [3e-04, 2e+02]
  Objective range  [5e-02, 1e+00]
  Bounds range     [9e-03, 6e+01]
  RHS range        [5e-02, 1e+01]

Presolve removed 152056 rows and 125250 columns
Presolve time: 3.32s
Presolved: 188028 rows, 218036 columns, 746336 nonzeros
Variable types: 169134 continuous, 48902 integer (48901 binary)
Found heuristic solution: objective -15807.74291
Deterministic concurrent LP optimizer: primal simplex, dual simplex, and barrier
Showing barrier log only...

Root barrier log...

Ordering time: 1.46s
Ordering time: 1.64s

Barrier statistics:
 Dense cols : 567
 Free vars  : 41
 AA' NZ     : 6.358e+05
 Factor NZ  : 3.431e+06 (roughly 180 MB of memory)
 Factor Ops : 5.712e+08 (less than 1 second per iteration)
 Threads    : 10

                  Objective                Residual
Iter       Primal          Dual         Primal    Dual     Compl     Time
   0   1.69677146e-01 -2.24492234e+04  1.58e+04 6.40e+01  5.22e+00     8s
   1  -4.69426929e+04 -2.61538172e+04  1.58e+04 5.75e+01  5.27e+00     8s
   2  -7.10180025e+05 -2.99621582e+04  1.26e+04 5.32e+01  4.28e+00     8s
   3  -6.19609250e+05 -3.37950394e+04  9.88e+03 4.70e+01  3.53e+00     8s
   4  -7.30860940e+05 -3.90273741e+04  8.27e+03 3.85e+01  3.01e+00     8s
   5  -6.58664964e+05 -4.78374023e+04  5.81e+03 2.20e+01  2.14e+00     9s
   6  -2.13067210e+05 -5.49096713e+04  1.68e+03 4.21e+00  6.92e-01     9s
   7  -1.05889922e+05 -4.64785764e+04  7.08e+02 7.49e-01  3.05e-01     9s
   8  -7.97758911e+04 -3.97065904e+04  4.74e+02 3.55e-01  2.00e-01     9s
   9  -7.08816373e+04 -3.79319938e+04  3.97e+02 2.84e-01  1.67e-01     9s
  10  -5.83480711e+04 -3.62589418e+04  2.91e+02 2.27e-01  1.26e-01     9s
  11  -5.49117048e+04 -3.44800017e+04  2.63e+02 1.86e-01  1.12e-01     9s
  12  -4.30039025e+04 -3.06927656e+04  1.65e+02 1.07e-01  7.00e-02     9s
  13  -3.55966527e+04 -2.78565169e+04  1.09e+02 6.50e-02  4.62e-02     9s
  14  -2.91134620e+04 -2.57076010e+04  6.16e+01 4.18e-02  2.76e-02    10s
  15  -2.77424566e+04 -2.51716855e+04  5.19e+01 3.74e-02  2.37e-02    10s
  16  -2.66101214e+04 -2.43198386e+04  4.47e+01 3.05e-02  2.01e-02    10s
  17  -2.62237357e+04 -2.39753992e+04  4.21e+01 2.78e-02  1.87e-02    10s
  18  -2.56979442e+04 -2.37251374e+04  3.86e+01 2.59e-02  1.73e-02    10s
  19  -2.43348122e+04 -2.33865624e+04  2.94e+01 2.34e-02  1.42e-02    10s
  20  -2.38561768e+04 -2.30981645e+04  2.61e+01 2.13e-02  1.28e-02    10s
  21  -2.32895058e+04 -2.23900804e+04  2.22e+01 1.62e-02  1.03e-02    10s
  22  -2.25748263e+04 -2.20733799e+04  1.76e+01 1.41e-02  8.59e-03    10s
  23  -2.20036409e+04 -2.16629511e+04  1.40e+01 1.15e-02  6.95e-03    11s
  24  -2.18929035e+04 -2.15299679e+04  1.33e+01 1.08e-02  6.58e-03    11s
  25  -2.18009275e+04 -2.12727614e+04  1.27e+01 9.98e-03  6.16e-03    11s
  26  -2.17746147e+04 -2.11718708e+04  1.26e+01 9.92e-03  6.10e-03    11s
  27  -2.17729834e+04 -2.11661317e+04  1.26e+01 9.91e-03  6.10e-03    11s
  28  -2.17715839e+04 -2.09861703e+04  1.26e+01 9.87e-03  6.08e-03    11s
  29   2.99812114e+00 -2.24492234e+08  2.75e+05 6.40e+01  8.98e+05    11s
  30   5.90786216e+07 -3.51479990e+08  6.46e+04 4.20e+02  3.28e+05    12s
  31   5.21862212e+07 -3.55629158e+08  4.57e+03 7.80e+01  2.46e+04    12s
  32   4.70577806e+07 -3.11526970e+08  7.05e+02 1.54e+00  4.08e+03    12s
  33   1.25496062e+07 -2.02429416e+08  1.48e+02 9.08e-02  1.03e+03    12s
  34   3.86670818e+06 -8.42525496e+07  4.47e+01 4.48e-03  3.00e+02    12s
  35   7.96271108e+05 -2.64090376e+07  9.14e+00 5.74e-04  6.82e+01    13s
  36   1.61571158e+05 -1.08071635e+07  1.99e+00 1.98e-04  2.31e+01    13s
  37   1.82075852e+04 -3.16902282e+06  4.46e-01 4.70e-05  6.33e+00    13s
  38   2.69712734e+03 -7.02025679e+05  2.78e-01 7.48e-06  1.39e+00    13s
  39  -5.59580315e+03 -2.86580373e+05  1.08e-01 1.90e-06  5.47e-01    13s
  40  -8.89730839e+03 -1.34076398e+05  6.00e-02 1.28e-04  2.43e-01    13s
  41  -1.14339803e+04 -6.94113944e+04  3.30e-02 5.46e-05  1.12e-01    13s
  42  -1.29053529e+04 -5.31054649e+04  2.39e-02 4.08e-05  7.78e-02    13s
  43  -1.40136638e+04 -4.59047294e+04  1.81e-02 4.38e-05  6.17e-02    13s
  44  -1.46136839e+04 -3.59211442e+04  1.49e-02 3.06e-05  4.12e-02    13s
  45  -1.53901939e+04 -3.23333095e+04  1.15e-02 2.92e-05  3.28e-02    13s
  46  -1.58823231e+04 -2.91447913e+04  9.49e-03 7.38e-05  2.56e-02    13s
  47  -1.63376248e+04 -2.69417832e+04  7.78e-03 5.86e-05  2.05e-02    13s
  48  -1.69963213e+04 -2.47251654e+04  5.68e-03 4.34e-05  1.49e-02    14s
  49  -1.73683618e+04 -2.33185190e+04  4.57e-03 3.24e-05  1.15e-02    14s
  50  -1.76749173e+04 -2.24676114e+04  3.72e-03 5.27e-05  9.26e-03    14s
  51  -1.78877278e+04 -2.18805508e+04  3.13e-03 4.52e-05  7.72e-03    14s
  52  -1.80316389e+04 -2.15779448e+04  2.73e-03 4.04e-05  6.86e-03    14s
  53  -1.81064688e+04 -2.10445633e+04  2.53e-03 3.18e-05  5.68e-03    14s
  54  -1.83206028e+04 -2.07479763e+04  1.96e-03 2.68e-05  4.69e-03    14s
  55  -1.85028326e+04 -2.05349334e+04  1.47e-03 2.36e-05  3.93e-03    14s
  56  -1.85646902e+04 -2.03345829e+04  1.30e-03 2.03e-05  3.42e-03    14s
  57  -1.86569937e+04 -2.00560229e+04  1.07e-03 2.02e-05  2.70e-03    14s
  58  -1.87327603e+04 -1.99374178e+04  8.87e-04 1.86e-05  2.33e-03    14s
  59  -1.87454128e+04 -1.98342439e+04  8.57e-04 1.67e-05  2.10e-03    14s
  60  -1.88025273e+04 -1.97734704e+04  7.25e-04 1.58e-05  1.88e-03    14s
  61  -1.88410579e+04 -1.96468245e+04  6.37e-04 1.32e-05  1.56e-03    15s
  62  -1.88830950e+04 -1.96078533e+04  5.38e-04 1.24e-05  1.40e-03    15s
  63  -1.89344253e+04 -1.95248785e+04  4.19e-04 1.03e-05  1.14e-03    15s
  64  -1.89641599e+04 -1.94561669e+04  3.54e-04 1.51e-05  9.51e-04    15s
  65  -1.89950117e+04 -1.94254273e+04  2.90e-04 1.55e-05  8.32e-04    15s
  66  -1.90373752e+04 -1.93698367e+04  2.03e-04 2.16e-05  6.43e-04    15s
  67  -1.90417931e+04 -1.93337371e+04  1.94e-04 1.99e-05  5.64e-04    15s
  68  -1.90576196e+04 -1.92981455e+04  1.64e-04 2.13e-05  4.65e-04    15s
  69  -1.90780680e+04 -1.92520771e+04  1.24e-04 1.73e-05  3.36e-04    15s
  70  -1.91141369e+04 -1.92332606e+04  5.29e-05 1.51e-05  2.30e-04    15s
  71  -1.91186333e+04 -1.92058332e+04  4.51e-05 1.15e-05  1.69e-04    15s
  72  -1.91298000e+04 -1.91695115e+04  2.61e-05 5.65e-06  7.68e-05    16s
  73  -1.91387572e+04 -1.91596975e+04  1.09e-05 3.64e-06  4.05e-05    16s
  74  -1.91419005e+04 -1.91544357e+04  5.72e-06 2.40e-06  2.42e-05    16s
  75  -1.91432272e+04 -1.91524400e+04  3.72e-06 1.89e-06  1.78e-05    16s
  76  -1.91441941e+04 -1.91498004e+04  2.23e-06 1.16e-06  1.08e-05    16s
  77  -1.91449226e+04 -1.91474179e+04  1.09e-06 5.12e-07  4.82e-06    16s
  78  -1.91455501e+04 -1.91469340e+04  2.22e-07 3.82e-07  2.68e-06    16s
  79  -1.91456779e+04 -1.91458402e+04  4.93e-08 4.62e-08  3.14e-07    16s
  80  -1.91457054e+04 -1.91457207e+04  1.38e-08 1.25e-09  2.97e-08    16s
  81  -1.91457163e+04 -1.91457164e+04  6.47e-10 2.82e-12  2.95e-10    16s

Barrier solved model in 81 iterations and 16.43 seconds (16.72 work units)
Optimal objective -1.91457163e+04


Root crossover log...

   60967 DPushes remaining with DInf 1.1585844e-03                17s
       0 DPushes remaining with DInf 0.0000000e+00                17s

   35450 PPushes remaining with PInf 6.5306486e-04                17s
   18838 PPushes remaining with PInf 5.5351676e-04                20s
       0 PPushes remaining with PInf 0.0000000e+00                21s

  Push phase complete: Pinf 0.0000000e+00, Dinf 2.5242484e+01     21s


Root simplex log...

Iteration    Objective       Primal Inf.    Dual Inf.      Time
   94063   -1.9145716e+04   0.000000e+00   2.524248e+01     21s
   94074   -1.9145716e+04   0.000000e+00   0.000000e+00     21s
Crossover time: 4.22 seconds (6.92 work units)
Concurrent spin time: 5.66s (can be avoided by choosing Method=3)

Solved with barrier
   94074   -1.9145716e+04   0.000000e+00   0.000000e+00     26s

Root relaxation: objective -1.914572e+04, 94074 iterations, 21.00 seconds (16.64 work units)

    Nodes    |    Current Node    |     Objective Bounds      |     Work
 Expl Unexpl |  Obj  Depth IntInf | Incumbent    BestBd   Gap | It/Node Time

     0     0 -19145.716    0 1555 -15807.743 -19145.716  21.1%     -   35s
H    0     0                    -19113.65766 -19145.716  0.17%     -   39s
     0     0 -19145.716    0 1766 -19113.658 -19145.716  0.17%     -   45s
     0     0 -19145.716    0 1766 -19113.658 -19145.716  0.17%     -   47s
     0     0 -19145.716    0 1757 -19113.658 -19145.716  0.17%     -   53s
     0     0 -19145.716    0 1241 -19113.658 -19145.716  0.17%     -   57s
     0     0 -19145.700    0 1241 -19113.658 -19145.700  0.17%     -   60s
     0     0 -19145.700    0 1265 -19113.658 -19145.700  0.17%     -   64s
     0     0 -19145.700    0 1265 -19113.658 -19145.700  0.17%     -   64s
     0     0 -19145.700    0 1237 -19113.658 -19145.700  0.17%     -   65s
     0     0 -19145.700    0 1406 -19113.658 -19145.700  0.17%     -   69s
     0     0 -19145.700    0 1441 -19113.658 -19145.700  0.17%     -   73s
     0     0 -19145.700    0 1309 -19113.658 -19145.700  0.17%     -   75s
     0     0 -19145.700    0 1279 -19113.658 -19145.700  0.17%     -   78s
     0     0 -19145.700    0 1278 -19113.658 -19145.700  0.17%     -   81s
     0     0 -19145.700    0 1209 -19113.658 -19145.700  0.17%     -   83s
     0     0 -19145.700    0 1208 -19113.658 -19145.700  0.17%     -   87s
     0     0 -19145.700    0 1206 -19113.658 -19145.700  0.17%     -   90s
     0     0 -19145.700    0 1206 -19113.658 -19145.700  0.17%     -   91s
     0     0 -19145.700    0 1206 -19113.658 -19145.700  0.17%     -   92s
     0     0 -19145.700    0 1206 -19113.658 -19145.700  0.17%     -   95s
     0     0 -19145.700    0 1206 -19113.658 -19145.700  0.17%     -   96s
     0     0 -19145.700    0 1206 -19113.658 -19145.700  0.17%     -   97s
     0     0 -19145.700    0 1206 -19113.658 -19145.700  0.17%     -   97s
     0     0 -19145.700    0 1206 -19113.658 -19145.700  0.17%     -   98s
     0     2 -19145.700    0 1206 -19113.658 -19145.700  0.17%     -  101s
     3     8 -19145.608    2 1120 -19113.658 -19145.700  0.17%  1408  105s
     7    16 -19145.234    3  901 -19113.658 -19145.700  0.17%   905  110s
    15    28 -19145.234    4  848 -19113.658 -19145.700  0.17%   848  117s
H   22    28                    -19113.78075 -19145.700  0.17%  1071  117s
H   23    28                    -19114.28506 -19145.700  0.16%  1031  117s
    27    57 -19144.905    5  670 -19114.285 -19145.700  0.16%  1119  127s
H   40    57                    -19116.02152 -19145.700  0.16%  1069  127s
H   56   103                    -19128.39345 -19145.700  0.09%  1008  141s

Cutting planes:
  Cover: 10
  Implied bound: 74
  MIR: 149
  Flow cover: 620
  RLT: 18
  Relax-and-lift: 37
  BQP: 12

Explored 102 nodes (248030 simplex iterations) in 141.38 seconds (158.08 work units)
Thread count was 24 (of 24 available processors)

Solution count 6: -19128.4 -19116 -19114.3 ... -15807.7

Optimal solution found (tolerance 1.00e-03)
Best objective -1.912839344758e+04, best bound -1.914570007006e+04, gap 0.0905%
Set parameter MIPGap to value 0.001
Gurobi Optimizer version 13.0.1 build v13.0.1rc0 (win64 - Windows 10.0 (19045.2))

CPU model: AMD Ryzen 9 5900X 12-Core Processor, instruction set [SSE2|AVX|AVX2]
Thread count: 12 physical cores, 24 logical processors, using up to 24 threads

Non-default parameters:
TimeLimit  10800
MIPGap  0.001
NodefileStart  3
LogToConsole  0

Optimize a model with 340104 rows, 343286 columns and 1483240 nonzeros (Min)
Model fingerprint: 0x43109a7a
Model has 22 linear objective coefficients
Variable types: 289046 continuous, 54240 integer (54240 binary)
Coefficient statistics:
  Matrix range     [2e-04, 2e+02]
  Objective range  [5e-02, 1e+00]
  Bounds range     [9e-03, 6e+01]
  RHS range        [5e-02, 1e+01]

Warning: Completing partial solution with 53952 unfixed non-continuous variables out of 54240
User MIP start produced solution with objective -19122.1 (2.47s)
User MIP start produced solution with objective -19122.1 (2.52s)
Loaded user MIP start with objective -19122.1
Processing MIP start from previous solve: 0 nodes explored in subMIP, total elapsed time 5s
MIP start from previous solve produced solution with objective -19122.1 (7.74s)
MIP start from previous solve produced solution with objective -19122.1 (7.79s)
Loaded MIP start from previous solve with objective -19122.1
Processed MIP start in 7.80 seconds (9.52 work units)

Presolve removed 152056 rows and 125250 columns
Presolve time: 3.45s
Presolved: 188048 rows, 218036 columns, 746396 nonzeros
Variable types: 169134 continuous, 48902 integer (48901 binary)
Deterministic concurrent LP optimizer: primal simplex, dual simplex, and barrier
Showing barrier log only...

Root barrier log...

Ordering time: 1.44s
Ordering time: 1.62s

Barrier statistics:
 Dense cols : 567
 Free vars  : 41
 AA' NZ     : 6.368e+05
 Factor NZ  : 3.432e+06 (roughly 180 MB of memory)
 Factor Ops : 5.713e+08 (less than 1 second per iteration)
 Threads    : 10

                  Objective                Residual
Iter       Primal          Dual         Primal    Dual     Compl     Time
   0   1.69677012e-01 -2.24492234e+04  1.58e+04 6.40e+01  5.22e+00    15s
   1  -4.69426401e+04 -2.61538188e+04  1.58e+04 5.75e+01  5.27e+00    15s
   2  -7.10179524e+05 -2.99621652e+04  1.26e+04 5.32e+01  4.28e+00    15s
   3  -6.19608887e+05 -3.37950450e+04  9.88e+03 4.70e+01  3.53e+00    15s
   4  -7.30860264e+05 -3.90273985e+04  8.27e+03 3.85e+01  3.01e+00    15s
   5  -6.58663937e+05 -4.78374187e+04  5.81e+03 2.20e+01  2.14e+00    15s
   6  -2.13066698e+05 -5.49096546e+04  1.68e+03 4.21e+00  6.92e-01    15s
   7  -1.05888659e+05 -4.64759158e+04  7.08e+02 7.49e-01  3.05e-01    15s
   8  -7.97747384e+04 -3.97047955e+04  4.74e+02 3.55e-01  2.00e-01    16s
   9  -7.08855915e+04 -3.79319250e+04  3.98e+02 2.84e-01  1.67e-01    16s
  10  -5.83479998e+04 -3.62582663e+04  2.91e+02 2.27e-01  1.26e-01    16s
  11  -5.49110582e+04 -3.44797114e+04  2.63e+02 1.86e-01  1.12e-01    16s
  12  -4.30048248e+04 -3.06934048e+04  1.65e+02 1.07e-01  7.00e-02    16s
  13  -3.55994808e+04 -2.78588953e+04  1.09e+02 6.50e-02  4.62e-02    16s
  14  -2.91532923e+04 -2.57137846e+04  6.19e+01 4.19e-02  2.77e-02    16s
  15  -2.72453887e+04 -2.45682996e+04  4.91e+01 3.25e-02  2.19e-02    16s
  16  -2.62492322e+04 -2.44008525e+04  4.24e+01 3.12e-02  1.98e-02    16s
  17  -2.60432478e+04 -2.41390177e+04  4.11e+01 2.92e-02  1.89e-02    16s
  18  -2.43704772e+04 -2.38709852e+04  2.97e+01 2.71e-02  1.53e-02    16s
  19  -2.38104109e+04 -2.31913343e+04  2.58e+01 2.21e-02  1.29e-02    17s
  20  -2.28266688e+04 -2.27187496e+04  1.93e+01 1.88e-02  1.04e-02    17s
  21  -2.20902956e+04 -2.21650056e+04  1.46e+01 1.50e-02  8.13e-03    17s
  22  -2.19286913e+04 -2.19624194e+04  1.36e+01 1.39e-02  7.53e-03    17s
  23  -2.18808839e+04 -2.18588345e+04  1.33e+01 1.36e-02  7.37e-03    17s
  24  -2.18007090e+04 -2.16898279e+04  1.28e+01 1.34e-02  7.20e-03    17s
  25  -2.17854016e+04 -2.16533727e+04  1.27e+01 1.33e-02  7.17e-03    17s
  26  -2.17802097e+04 -2.15937453e+04  1.27e+01 1.33e-02  7.16e-03    17s
  27  -2.17791933e+04 -2.15414566e+04  1.26e+01 1.33e-02  7.15e-03    18s
  28   2.99812114e+00 -2.24492234e+08  2.75e+05 6.40e+01  8.98e+05    18s
  29   5.90786706e+07 -3.51480140e+08  6.46e+04 4.20e+02  3.28e+05    18s
  30   5.21862730e+07 -3.55629686e+08  4.57e+03 7.80e+01  2.46e+04    18s
  31   4.70578014e+07 -3.11528440e+08  7.05e+02 1.54e+00  4.08e+03    18s
  32   1.25482178e+07 -2.02429936e+08  1.48e+02 9.08e-02  1.03e+03    19s
  33   3.86651271e+06 -8.43079487e+07  4.47e+01 4.48e-03  3.00e+02    19s
  34   7.49479081e+05 -2.40275841e+07  8.59e+00 4.77e-04  6.20e+01    19s
  35   2.10568558e+05 -1.09577844e+07  2.54e+00 1.89e-04  2.40e+01    19s
  36   6.85151808e+03 -2.06142075e+06  3.14e-01 2.18e-05  4.08e+00    19s
  37  -3.04488195e+03 -5.11817710e+05  1.88e-01 3.55e-06  9.97e-01    19s
  38  -6.26022601e+03 -3.76114531e+05  1.04e-01 2.13e-06  7.20e-01    19s
  39  -9.05737495e+03 -2.01043749e+05  5.20e-02 2.27e-05  3.72e-01    19s
  40  -1.09884607e+04 -8.01468426e+04  3.01e-02 7.04e-05  1.34e-01    20s
  41  -1.25813565e+04 -5.77684343e+04  2.01e-02 4.56e-05  8.74e-02    20s
  42  -1.35754937e+04 -4.39029021e+04  1.52e-02 5.15e-05  5.87e-02    20s
  43  -1.46516481e+04 -3.78489523e+04  1.08e-02 6.81e-05  4.49e-02    20s
  44  -1.54427666e+04 -3.30082802e+04  8.08e-03 5.16e-05  3.40e-02    20s
  45  -1.56975194e+04 -3.24754668e+04  7.23e-03 4.96e-05  3.24e-02    20s
  46  -1.61366876e+04 -2.96473778e+04  5.93e-03 1.28e-04  2.61e-02    20s
  47  -1.65072915e+04 -2.73335284e+04  4.92e-03 1.14e-04  2.09e-02    20s
  48  -1.69935541e+04 -2.59442743e+04  3.74e-03 9.50e-05  1.73e-02    20s
  49  -1.74852168e+04 -2.38104057e+04  2.67e-03 6.56e-05  1.22e-02    20s
  50  -1.77659314e+04 -2.30494629e+04  2.16e-03 5.49e-05  1.02e-02    20s
  51  -1.79180195e+04 -2.25538954e+04  1.89e-03 4.78e-05  8.96e-03    20s
  52  -1.80478597e+04 -2.21957871e+04  1.65e-03 4.28e-05  8.02e-03    20s
  53  -1.81123456e+04 -2.18374733e+04  1.53e-03 3.78e-05  7.20e-03    20s
  54  -1.81909576e+04 -2.15031996e+04  1.39e-03 3.31e-05  6.40e-03    21s
  55  -1.83222477e+04 -2.10848891e+04  1.16e-03 2.72e-05  5.34e-03    21s
  56  -1.83803746e+04 -2.09932479e+04  1.06e-03 2.59e-05  5.05e-03    21s
  57  -1.84776207e+04 -2.07875228e+04  9.04e-04 2.30e-05  4.46e-03    21s
  58  -1.85824938e+04 -2.06172042e+04  7.39e-04 2.06e-05  3.93e-03    21s
  59  -1.86251583e+04 -2.04081370e+04  6.72e-04 1.77e-05  3.45e-03    21s
  60  -1.87178575e+04 -2.01408860e+04  5.31e-04 1.60e-05  2.75e-03    21s
  61  -1.87614699e+04 -2.00728325e+04  4.66e-04 2.27e-05  2.53e-03    21s
  62  -1.88020726e+04 -1.99924520e+04  4.07e-04 2.10e-05  2.30e-03    21s
  63  -1.88378693e+04 -1.98614625e+04  3.56e-04 2.16e-05  1.98e-03    21s
  64  -1.88548812e+04 -1.98036320e+04  3.32e-04 2.06e-05  1.83e-03    21s
  65  -1.88923349e+04 -1.96770426e+04  2.82e-04 2.34e-05  1.52e-03    21s
  66  -1.89449309e+04 -1.95941864e+04  2.13e-04 1.98e-05  1.25e-03    22s
  67  -1.90113422e+04 -1.94698912e+04  1.30e-04 2.38e-05  8.86e-04    22s
  68  -1.90381755e+04 -1.94330715e+04  1.00e-04 2.40e-05  7.63e-04    22s
  69  -1.90415262e+04 -1.93581247e+04  9.64e-05 2.35e-05  6.12e-04    22s
  70  -1.90744975e+04 -1.93010739e+04  6.09e-05 2.62e-05  4.38e-04    22s
  71  -1.91028078e+04 -1.92564002e+04  3.15e-05 1.96e-05  2.97e-04    22s
  72  -1.91128839e+04 -1.92229154e+04  2.19e-05 1.44e-05  2.13e-04    22s
  73  -1.91206984e+04 -1.91882777e+04  1.49e-05 8.56e-06  1.31e-04    22s
  74  -1.91252151e+04 -1.91820885e+04  1.11e-05 7.47e-06  1.10e-04    22s
  75  -1.91305096e+04 -1.91741037e+04  6.67e-06 6.08e-06  8.42e-05    23s
  76  -1.91329144e+04 -1.91594857e+04  4.59e-06 3.38e-06  5.14e-05    23s
  77  -1.91353439e+04 -1.91567298e+04  2.75e-06 2.88e-06  4.13e-05    23s
  78  -1.91363256e+04 -1.91511573e+04  2.06e-06 1.92e-06  2.87e-05    23s
  79  -1.91371415e+04 -1.91472507e+04  1.47e-06 1.27e-06  1.95e-05    23s
  80  -1.91376554e+04 -1.91448211e+04  1.12e-06 8.92e-07  1.38e-05    23s
  81  -1.91389810e+04 -1.91436096e+04  1.87e-07 6.85e-07  8.95e-06    23s
  82  -1.91390818e+04 -1.91424524e+04  1.19e-07 4.94e-07  6.51e-06    23s
  83  -1.91391674e+04 -1.91416247e+04  7.49e-08 3.56e-07  4.75e-06    23s
  84  -1.91391962e+04 -1.91398204e+04  6.27e-08 6.69e-08  1.21e-06    23s

Barrier performed 84 iterations in 23.20 seconds (24.84 work units)
Objective cutoff exceeded

Concurrent spin time: 2.98s (can be avoided by choosing Method=3)

Solved with barrier

Root relaxation: interrupted, 0 iterations, 14.27 seconds (9.90 work units)

    Nodes    |    Current Node    |     Objective Bounds      |     Work
 Expl Unexpl |  Obj  Depth IntInf | Incumbent    BestBd   Gap | It/Node Time

     0     0          -    0      -19122.109 -19139.820  0.09%     -   26s

Explored 1 nodes (0 simplex iterations) in 26.29 seconds (24.86 work units)
Thread count was 24 (of 24 available processors)

Solution count 3: -19122.1 -19122.1 -19122.1 

Optimal solution found (tolerance 1.00e-03)
Best objective -1.912210873385e+04, best bound -1.913982043305e+04, gap 0.0926%
Set parameter MIPGap to value 0.0001
Gurobi Optimizer version 13.0.1 build v13.0.1rc0 (win64 - Windows 10.0 (19045.2))

CPU model: AMD Ryzen 9 5900X 12-Core Processor, instruction set [SSE2|AVX|AVX2]
Thread count: 12 physical cores, 24 logical processors, using up to 24 threads

Non-default parameters:
TimeLimit  10800
NodefileStart  3
LogToConsole  0

Optimize a model with 340124 rows, 343286 columns and 1483320 nonzeros (Min)
Model fingerprint: 0xbeaf2a58
Model has 22 linear objective coefficients
Variable types: 289046 continuous, 54240 integer (54240 binary)
Coefficient statistics:
  Matrix range     [2e-04, 2e+02]
  Objective range  [5e-02, 1e+00]
  Bounds range     [9e-03, 6e+01]
  RHS range        [5e-02, 1e+01]

Warning: Completing partial solution with 53952 unfixed non-continuous variables out of 54240
User MIP start produced solution with objective -19122.1 (2.38s)
User MIP start produced solution with objective -19122.1 (2.43s)
Loaded user MIP start with objective -19122.1
Processing MIP start from previous solve: 0 nodes explored in subMIP, total elapsed time 5s
MIP start from previous solve produced solution with objective -19122.1 (8.50s)
MIP start from previous solve produced solution with objective -19122.1 (8.55s)
Loaded MIP start from previous solve with objective -19122.1
Processed MIP start in 8.56 seconds (11.00 work units)

Presolve removed 152056 rows and 125250 columns
Presolve time: 3.39s
Presolved: 188068 rows, 218036 columns, 746456 nonzeros
Variable types: 169134 continuous, 48902 integer (48901 binary)
Deterministic concurrent LP optimizer: primal simplex, dual simplex, and barrier
Showing barrier log only...

Root barrier log...

Ordering time: 1.42s
Ordering time: 1.60s

Barrier statistics:
 Dense cols : 567
 Free vars  : 41
 AA' NZ     : 6.378e+05
 Factor NZ  : 3.433e+06 (roughly 180 MB of memory)
 Factor Ops : 5.713e+08 (less than 1 second per iteration)
 Threads    : 10

                  Objective                Residual
Iter       Primal          Dual         Primal    Dual     Compl     Time
   0   1.69676878e-01 -2.24492234e+04  1.58e+04 6.40e+01  5.22e+00    15s
   1  -4.69425873e+04 -2.61538204e+04  1.58e+04 5.75e+01  5.27e+00    15s
   2  -7.10179024e+05 -2.99621722e+04  1.26e+04 5.32e+01  4.28e+00    15s
   3  -6.19608526e+05 -3.37950506e+04  9.88e+03 4.70e+01  3.53e+00    16s
   4  -7.30859592e+05 -3.90274230e+04  8.27e+03 3.85e+01  3.01e+00    16s
   5  -6.58662917e+05 -4.78374351e+04  5.81e+03 2.20e+01  2.14e+00    16s
   6  -2.13066206e+05 -5.49096380e+04  1.68e+03 4.21e+00  6.92e-01    16s
   7  -1.05887470e+05 -4.64733546e+04  7.08e+02 7.49e-01  3.05e-01    16s
   8  -7.97737132e+04 -3.97030638e+04  4.74e+02 3.55e-01  2.00e-01    16s
   9  -7.08894878e+04 -3.79318581e+04  3.98e+02 2.84e-01  1.67e-01    16s
  10  -5.83480187e+04 -3.62576053e+04  2.91e+02 2.27e-01  1.26e-01    16s
  11  -5.49105210e+04 -3.44794151e+04  2.63e+02 1.86e-01  1.12e-01    16s
  12  -4.30056930e+04 -3.06937959e+04  1.65e+02 1.07e-01  7.00e-02    16s
  13  -3.56020182e+04 -2.78605322e+04  1.09e+02 6.51e-02  4.62e-02    17s
  14  -2.94269367e+04 -2.57149087e+04  6.39e+01 4.19e-02  2.83e-02    17s
  15  -2.67686281e+04 -2.43991229e+04  4.59e+01 3.10e-02  2.07e-02    17s
  16  -2.63114006e+04 -2.41354485e+04  4.29e+01 2.89e-02  1.93e-02    17s
  17  -2.58075672e+04 -2.37346560e+04  3.95e+01 2.59e-02  1.76e-02    17s
  18  -2.54481929e+04 -2.31067551e+04  3.70e+01 2.09e-02  1.56e-02    17s
  19  -2.37985311e+04 -2.27805281e+04  2.56e+01 1.84e-02  1.19e-02    17s
  20  -2.29753885e+04 -2.22875236e+04  2.01e+01 1.51e-02  9.59e-03    17s
  21  -2.21289303e+04 -2.17271576e+04  1.47e+01 1.14e-02  7.20e-03    17s
  22  -2.19189899e+04 -2.14901829e+04  1.34e+01 1.01e-02  6.46e-03    18s
  23  -2.18688109e+04 -2.12787817e+04  1.31e+01 9.48e-03  6.18e-03    18s
  24  -2.18063056e+04 -2.11375636e+04  1.27e+01 9.23e-03  6.00e-03    18s
  25  -2.18011405e+04 -2.10827650e+04  1.27e+01 9.20e-03  5.99e-03    18s
  26  -2.17970841e+04 -2.10372919e+04  1.27e+01 9.18e-03  5.98e-03    18s
  27  -2.17772439e+04 -2.07733050e+04  1.26e+01 9.11e-03  5.93e-03    18s
  28   2.99812114e+00 -2.24492234e+08  2.75e+05 6.40e+01  8.98e+05    18s
  29   7.08586282e+07 -3.77833724e+08  5.41e+04 3.46e+02  2.97e+05    19s
  30   6.28285480e+07 -3.78720776e+08  4.84e+03 7.75e+01  2.72e+04    19s
  31   5.40744087e+07 -3.31373640e+08  7.80e+02 1.47e+00  4.72e+03    19s
  32   1.38601627e+07 -2.22418782e+08  1.78e+02 7.64e-02  1.24e+03    19s
  33   5.58845230e+06 -1.00887520e+08  7.03e+01 5.19e-03  4.32e+02    19s
  34   1.91763371e+06 -3.79469162e+07  2.39e+01 6.13e-04  1.28e+02    19s
  35   3.42324123e+05 -1.99014210e+07  4.39e+00 2.59e-04  4.56e+01    20s
  36   3.78891543e+04 -7.11796936e+06  6.96e-01 7.35e-05  1.43e+01    20s
  37  -2.31380078e+03 -1.87678601e+06  2.36e-01 1.62e-05  3.67e+00    20s
  38  -4.44469684e+03 -1.12161488e+06  1.27e-01 1.40e-05  2.17e+00    20s
  39  -6.73412731e+03 -6.23242512e+05  3.55e-02 8.70e-05  1.19e+00    20s
  40  -8.48857034e+03 -1.97938995e+05  2.09e-02 4.47e-05  3.66e-01    20s
  41  -1.05689714e+04 -7.69128669e+04  1.18e-02 2.96e-05  1.28e-01    20s
  42  -1.23738416e+04 -5.82973373e+04  7.76e-03 2.19e-05  8.88e-02    20s
  43  -1.33946456e+04 -4.95372342e+04  5.93e-03 2.17e-05  6.98e-02    20s
  44  -1.43143503e+04 -4.00067579e+04  4.49e-03 2.83e-05  4.96e-02    20s
  45  -1.49658861e+04 -3.52730735e+04  3.63e-03 3.93e-05  3.92e-02    20s
  46  -1.51948385e+04 -3.47386363e+04  3.33e-03 3.81e-05  3.78e-02    20s
  47  -1.54720140e+04 -3.38881017e+04  2.97e-03 3.62e-05  3.56e-02    20s
  48  -1.58199233e+04 -3.14763227e+04  2.54e-03 3.14e-05  3.03e-02    21s
  49  -1.61778518e+04 -3.07272347e+04  2.16e-03 2.99e-05  2.81e-02    21s
  50  -1.66210517e+04 -2.78668270e+04  1.71e-03 2.38e-05  2.17e-02    21s
  51  -1.71721277e+04 -2.63853738e+04  1.22e-03 2.77e-05  1.78e-02    21s
  52  -1.75351167e+04 -2.52913028e+04  9.40e-04 2.49e-05  1.50e-02    21s
  53  -1.76513707e+04 -2.39138165e+04  8.57e-04 7.43e-05  1.21e-02    21s
  54  -1.77780894e+04 -2.31415265e+04  7.66e-04 7.89e-05  1.04e-02    21s
  55  -1.80165200e+04 -2.25838265e+04  6.10e-04 6.90e-05  8.82e-03    21s
  56  -1.81124466e+04 -2.19643900e+04  5.48e-04 5.65e-05  7.44e-03    21s
  57  -1.82376058e+04 -2.16551608e+04  4.69e-04 5.02e-05  6.60e-03    21s
  58  -1.83983713e+04 -2.11862459e+04  3.72e-04 4.09e-05  5.39e-03    21s
  59  -1.84879027e+04 -2.09314268e+04  3.19e-04 3.58e-05  4.72e-03    21s
  60  -1.86096643e+04 -2.07084733e+04  2.48e-04 3.13e-05  4.06e-03    21s
  61  -1.87038031e+04 -2.04597556e+04  1.95e-04 2.65e-05  3.39e-03    22s
  62  -1.87826193e+04 -2.02177863e+04  1.54e-04 2.86e-05  2.77e-03    22s
  63  -1.88453066e+04 -2.01175950e+04  1.21e-04 2.73e-05  2.46e-03    22s
  64  -1.88808050e+04 -1.98016616e+04  1.02e-04 1.92e-05  1.78e-03    22s
  65  -1.89211523e+04 -1.97636194e+04  8.39e-05 1.89e-05  1.63e-03    22s
  66  -1.89404498e+04 -1.97134561e+04  7.46e-05 1.77e-05  1.49e-03    22s
  67  -1.89641726e+04 -1.95866828e+04  6.46e-05 2.07e-05  1.20e-03    22s
  68  -1.89662279e+04 -1.95139818e+04  6.37e-05 1.73e-05  1.06e-03    22s
  69  -1.90196520e+04 -1.94455825e+04  4.18e-05 1.40e-05  8.23e-04    23s
  70  -1.90495118e+04 -1.94012683e+04  3.04e-05 1.20e-05  6.80e-04    23s
  71  -1.90620653e+04 -1.93486200e+04  2.57e-05 9.72e-06  5.54e-04    23s
  72  -1.90737272e+04 -1.93072452e+04  2.13e-05 7.82e-06  4.51e-04    23s
  73  -1.91002584e+04 -1.92804612e+04  1.18e-05 6.58e-06  3.48e-04    23s
  74  -1.91078233e+04 -1.92468217e+04  9.24e-06 5.01e-06  2.69e-04    23s
  75  -1.91158465e+04 -1.92130094e+04  6.68e-06 3.49e-06  1.88e-04    24s
  76  -1.91207937e+04 -1.92040941e+04  5.20e-06 3.07e-06  1.61e-04    24s
  77  -1.91263919e+04 -1.91869649e+04  3.54e-06 2.31e-06  1.17e-04    24s
  78  -1.91279797e+04 -1.91848870e+04  3.09e-06 2.21e-06  1.10e-04    24s
  79  -1.91326523e+04 -1.91672348e+04  1.75e-06 1.37e-06  6.68e-05    24s
  80  -1.91354795e+04 -1.91569497e+04  9.22e-07 8.69e-07  4.15e-05    24s
  81  -1.91369572e+04 -1.91490239e+04  5.46e-07 4.65e-07  2.33e-05    24s
  82  -1.91384834e+04 -1.91454878e+04  1.67e-07 2.89e-07  1.35e-05    24s
  83  -1.91390678e+04 -1.91435209e+04  4.81e-08 1.94e-07  8.60e-06    24s
  84  -1.91391316e+04 -1.91421173e+04  3.63e-08 1.27e-07  5.77e-06    25s
  85  -1.91391955e+04 -1.91419068e+04  2.27e-08 1.18e-07  5.24e-06    25s
  86  -1.91392306e+04 -1.91407047e+04  1.55e-08 6.08e-08  2.85e-06    25s
  87  -1.91392612e+04 -1.91396772e+04  1.07e-08 1.46e-08  8.04e-07    25s
  88  -1.91393344e+04 -1.91393659e+04  1.74e-09 2.34e-09  6.08e-08    25s
  89  -1.91393373e+04 -1.91393374e+04  1.95e-09 2.12e-10  2.97e-11    25s

Barrier solved model in 89 iterations and 25.09 seconds (27.62 work units)
Optimal objective -1.91393373e+04


Root crossover log...

   60869 DPushes remaining with DInf 0.0000000e+00                25s
       0 DPushes remaining with DInf 0.0000000e+00                26s

   35468 PPushes remaining with PInf 1.6781292e-04                26s
       0 PPushes remaining with PInf 0.0000000e+00                29s

  Push phase complete: Pinf 0.0000000e+00, Dinf 4.6566003e+00     29s


Root simplex log...

Iteration    Objective       Primal Inf.    Dual Inf.      Time
   94024   -1.9139337e+04   0.000000e+00   4.656600e+00     29s
   94039   -1.9139337e+04   0.000000e+00   0.000000e+00     29s
Crossover time: 4.28 seconds (6.20 work units)
Concurrent spin time: 5.30s (can be avoided by choosing Method=3)

Solved with barrier
   94039   -1.9139337e+04   0.000000e+00   0.000000e+00     35s

Root relaxation: objective -1.913934e+04, 94039 iterations, 22.15 seconds (17.46 work units)

    Nodes    |    Current Node    |     Objective Bounds      |     Work
 Expl Unexpl |  Obj  Depth IntInf | Incumbent    BestBd   Gap | It/Node Time

     0     0 -19139.337    0 1743 -19122.109 -19139.337  0.09%     -   37s
     0     0 -19139.337    0 1792 -19122.109 -19139.337  0.09%     -   44s
     0     0 -19139.337    0 1792 -19122.109 -19139.337  0.09%     -   47s
     0     0 -19139.337    0 1794 -19122.109 -19139.337  0.09%     -   51s
     0     0 -19139.337    0 1393 -19122.109 -19139.337  0.09%     -   53s
     0     0 -19139.306    0 1460 -19122.109 -19139.306  0.09%     -   55s
     0     0 -19139.306    0 1406 -19122.109 -19139.306  0.09%     -   59s
     0     0 -19139.306    0 1281 -19122.109 -19139.306  0.09%     -   61s
     0     0 -19139.306    0 1281 -19122.109 -19139.306  0.09%     -   63s
     0     0 -19139.306    0 1299 -19122.109 -19139.306  0.09%     -   66s
     0     0 -19139.306    0 1299 -19122.109 -19139.306  0.09%     -   67s
     0     0 -19139.306    0 1299 -19122.109 -19139.306  0.09%     -   69s
     0     0 -19139.306    0 1298 -19122.109 -19139.306  0.09%     -   72s
     0     0 -19139.306    0 1298 -19122.109 -19139.306  0.09%     -   73s
     0     0 -19139.306    0 1298 -19122.109 -19139.306  0.09%     -   74s
     0     0 -19139.306    0 1297 -19122.109 -19139.306  0.09%     -   78s
     0     0 -19139.306    0 1297 -19122.109 -19139.306  0.09%     -   79s
     0     0 -19139.306    0 1297 -19122.109 -19139.306  0.09%     -   80s
     0     0 -19139.306    0 1297 -19122.109 -19139.306  0.09%     -   84s
     0     0 -19139.306    0 1297 -19122.109 -19139.306  0.09%     -   84s
     0     0 -19139.306    0 1297 -19122.109 -19139.306  0.09%     -   85s
     0     0 -19139.306    0 1297 -19122.109 -19139.306  0.09%     -   86s
     0     2 -19139.306    0 1259 -19122.109 -19139.306  0.09%     -   94s
     1     4 -19138.989    1 1052 -19122.109 -19139.306  0.09%  4774   95s
     7    16 -19138.854    3  967 -19122.109 -19139.306  0.09%  2209  104s
H    9    16                    -19122.12189 -19139.306  0.09%  2012  104s
    15    28 -19138.545    4  809 -19122.122 -19139.306  0.09%  2124  111s
    27    92 -19138.536    5  771 -19122.122 -19138.989  0.09%  3304  122s
    91   272 -19138.448   12  808 -19122.122 -19138.989  0.09%  1583  142s
   271   320 -19138.130   15  643 -19122.122 -19138.989  0.09%   905  175s
   319   537 -19137.180   20  731 -19122.122 -19138.989  0.09%  1037  214s
H  358   537                    -19126.52629 -19138.989  0.07%   984  214s
H  400   537                    -19129.53266 -19138.989  0.05%  1027  214s
   536  1123 -19137.076   40  665 -19129.533 -19138.989  0.05%  1102  282s
H  660  1123                    -19129.54068 -19138.989  0.05%  1015  282s
H  805  1123                    -19129.54151 -19138.989  0.05%   917  282s
H 1003  1123                    -19129.54609 -19138.989  0.05%   901  282s
  1214  1637 -19138.313   10  790 -19129.546 -19138.989  0.05%   917  332s
H 1281  1526                    -19129.85787 -19138.989  0.05%   909  332s
H 1507  1457                    -19130.16658 -19138.989  0.05%   870  332s
  1797  1545 -19131.866   14  479 -19130.167 -19138.989  0.05%   794  375s
H 2065  1520                    -19130.23225 -19138.989  0.05%   786  376s
  2235  1933 -19135.335    9  814 -19130.232 -19138.989  0.05%   812  425s
H 2509  1899                    -19130.24331 -19138.989  0.05%   771  425s
  2769  1899 -19136.689   27 1297 -19130.243 -19138.989  0.05%   745  525s
  2771  1900 -19130.280  261 1965 -19130.243 -19138.989  0.05%   745  548s
  2772  1901 -19130.311  227 2238 -19130.243 -19138.989  0.05%   745  563s
  2773  1902 -19137.171   28 2190 -19130.243 -19138.989  0.05%   744  567s
  2774  1902 -19131.224   48 1562 -19130.243 -19138.989  0.05%   744  577s
  2775  1903 -19130.827   66 1624 -19130.243 -19138.989  0.05%   744  580s
  2776  1904 -19130.309   62 1451 -19130.243 -19138.989  0.05%   743  589s
  2777  1904 -19137.778   33 1337 -19130.243 -19138.989  0.05%   743  590s
  2778  1905 -19130.280  174 1277 -19130.243 -19138.989  0.05%   743  598s
  2779  1906 -19130.280  261 1606 -19130.243 -19138.989  0.05%   743  601s
  2780  1906 -19130.311  225 1349 -19130.243 -19138.989  0.05%   742  607s
  2782  1908 -19138.816   14 1344 -19130.243 -19138.989  0.05%   742  613s
  2783  1908 -19130.792   19 1310 -19130.243 -19138.989  0.05%   742  625s
  2784  1909 -19137.171   28 1310 -19130.243 -19138.989  0.05%   741  634s
  2785  1913 -19138.989   11 1291 -19130.243 -19138.989  0.05%   811  639s
  2787  1916 -19138.989   12 1459 -19130.243 -19138.989  0.05%   812  640s
  2799  1932 -19138.369   14 1462 -19130.243 -19138.989  0.05%   819  647s
  2811  1958 -19138.368   15 1232 -19130.243 -19138.989  0.05%   825  658s
  2847  1962 -19138.250   17 1218 -19130.243 -19138.989  0.05%   844  664s
  2863  1979 -19134.398   18 1319 -19130.243 -19138.989  0.05%   852  671s
  2885  1982 -19135.108   19 1278 -19130.243 -19138.989  0.05%   872  686s
  2900  1996 -19132.668   19 1015 -19130.243 -19138.989  0.05%   880  702s
  2929  2018 -19131.841   20  916 -19130.243 -19138.989  0.05%   892  707s
  2976  2015 -19131.089   22  999 -19130.243 -19138.989  0.05%   895  711s
  3015  2007 -19131.845   23  863 -19130.243 -19138.853  0.05%   898  717s
  3051  2006 -19130.939   24  601 -19130.243 -19138.780  0.04%   906  722s
  3078  2019 -19131.493   25  651 -19130.243 -19138.549  0.04%   911  727s
  3108  2030 -19131.300   26  621 -19130.243 -19138.549  0.04%   916  733s
  3139  2053     cutoff   29      -19130.243 -19138.549  0.04%   920  738s
  3186  2053 -19133.400   17  859 -19130.243 -19138.549  0.04%   919  744s
  3235  2059 -19133.049   18  600 -19130.243 -19138.549  0.04%   920  751s
  3285  2058 -19131.775   21  631 -19130.243 -19138.549  0.04%   919  757s
  3336  2050 -19131.873   23  488 -19130.243 -19138.431  0.04%   918  764s
  3374  2057 -19130.787   24  479 -19130.243 -19138.428  0.04%   921  774s
  3428  2074 -19130.492   27  418 -19130.243 -19138.428  0.04%   925  780s
  3475  2104 -19130.492   38  415 -19130.243 -19138.428  0.04%   923  787s
  3552  2131 -19130.477   46  374 -19130.243 -19138.428  0.04%   918  794s
  3621  2162 -19130.484   52  363 -19130.243 -19138.428  0.04%   916  802s
  3715  2186 -19130.440   61  368 -19130.243 -19138.428  0.04%   904  810s
  3792  2170 -19130.411   69  313 -19130.243 -19138.428  0.04%   899  835s
  3806  2220     cutoff   67      -19130.243 -19138.428  0.04%   902  858s
  3875  2208 -19130.394   81  270 -19130.243 -19137.958  0.04%   892  883s
  3888  2286 -19130.394   82  269 -19130.243 -19137.958  0.04%   891  896s
H 3995  2154                    -19130.28389 -19137.958  0.04%   877  897s
  3997  2212 -19130.399   95  232 -19130.284 -19137.958  0.04%   878  907s
  4094  2290 -19130.399   99  228 -19130.284 -19137.958  0.04%   869  919s
  4228  2398 -19130.399  120  200 -19130.284 -19136.070  0.03%   853  931s
  4404  2501 -19130.399  136  190 -19130.284 -19135.970  0.03%   831  945s
  4580  2634 -19130.399  159  166 -19130.284 -19135.940  0.03%   808  960s
  4782  2766 -19130.399  181  156 -19130.284 -19135.940  0.03%   783  972s
  5010  2701 -19130.399  209  140 -19130.284 -19135.940  0.03%   754  987s
  5048  2897 -19130.399  210  138 -19130.284 -19135.940  0.03%   753 1001s
  5292  3060 -19130.399  240   99 -19130.284 -19135.746  0.03%   727 1015s
* 5337  2389             302    -19130.54951 -19135.746  0.03%   721 1015s
  5558  2174     cutoff  257      -19130.550 -19135.746  0.03%   701 1072s
H 5578  1428                    -19131.10392 -19135.629  0.02%   700 1072s
  5597  1431     cutoff   18      -19131.104 -19135.620  0.02%   701 1083s
  5686  1441     cutoff   21      -19131.104 -19135.620  0.02%   706 1094s
  5805  1482     cutoff   22      -19131.104 -19135.613  0.02%   709 1110s
  5970  1522 -19131.129   20 1024 -19131.104 -19135.467  0.02%   707 1124s
  6128  1572     cutoff   22      -19131.104 -19135.185  0.02%   701 1139s
  6335  1598     cutoff   18      -19131.104 -19135.164  0.02%   693 1156s
* 6467  1408             255    -19131.10537 -19135.164  0.02%   687 1156s
  6552  1452 -19131.121  220   89 -19131.105 -19134.698  0.02%   686 1171s
H 6603  1295                    -19131.11161 -19134.698  0.02%   681 1172s
  6748  1387 -19131.117  279    9 -19131.112 -19134.698  0.02%   682 1191s
* 6762  1253             292    -19131.11693 -19134.698  0.02%   680 1191s
H 6941  1176                    -19131.11754 -19134.698  0.02%   672 1191s
  7025  1270     cutoff   24      -19131.118 -19134.698  0.02%   672 1209s
* 7102   784             332    -19131.12074 -19134.698  0.02%   669 1209s
  7269   755     cutoff   21      -19131.121 -19133.819  0.01%   664 1229s
H 7442   671                    -19131.17807 -19133.006  0.01%   665 1229s

Cutting planes:
  Cover: 2
  Implied bound: 6
  MIR: 28
  Flow cover: 125

Explored 7479 nodes (5131379 simplex iterations) in 1229.66 seconds (1123.08 work units)
Thread count was 24 (of 24 available processors)

Solution count 10: -19131.2 -19131.1 -19131.1 ... -19130.2

Optimal solution found (tolerance 1.00e-04)
Best objective -1.913117807360e+04, best bound -1.913300587773e+04, gap 0.0096%
