
Gurobi 13.0.1 (win64) logging started Wed Oct  7 05:00:09 2026

Set parameter LogFile to value "ieee_owen\weak_eps_experiment\stochastic\main17\logs\n60_S20_day4_ef_gurobi.log"
Set parameter NodefileStart to value 3
Set parameter MIPGap to value 0.001
Gurobi Optimizer version 13.0.1 build v13.0.1rc0 (win64 - Windows 10.0 (19045.2))

CPU model: AMD Ryzen 9 5900X 12-Core Processor, instruction set [SSE2|AVX|AVX2]
Thread count: 12 physical cores, 24 logical processors, using up to 24 threads

Non-default parameters:
TimeLimit  10800
MIPGap  0.001
NodefileStart  3
LogToConsole  0

Optimize a model with 340084 rows, 343286 columns and 1483160 nonzeros (Min)
Model fingerprint: 0x8f4bc45e
Model has 22 linear objective coefficients
Variable types: 289046 continuous, 54240 integer (54240 binary)
Coefficient statistics:
  Matrix range     [3e-04, 2e+02]
  Objective range  [5e-02, 1e+00]
  Bounds range     [9e-03, 6e+01]
  RHS range        [5e-02, 1e+01]

Presolve removed 152056 rows and 125250 columns
Presolve time: 3.35s
Presolved: 188028 rows, 218036 columns, 746287 nonzeros
Variable types: 169134 continuous, 48902 integer (48901 binary)
Found heuristic solution: objective -16761.58807
Deterministic concurrent LP optimizer: primal simplex, dual simplex, and barrier
Showing barrier log only...

Root barrier log...

Ordering time: 1.59s
Ordering time: 1.77s

Barrier statistics:
 Dense cols : 567
 Free vars  : 41
 AA' NZ     : 6.356e+05
 Factor NZ  : 3.437e+06 (roughly 180 MB of memory)
 Factor Ops : 5.764e+08 (less than 1 second per iteration)
 Threads    : 10

                  Objective                Residual
Iter       Primal          Dual         Primal    Dual     Compl     Time
   0   1.55664442e-01 -2.26132689e+04  1.45e+04 6.40e+01  4.81e+00     8s
   1  -4.36844618e+04 -2.63148430e+04  1.45e+04 5.75e+01  4.85e+00     8s
   2  -6.50311375e+05 -3.01033902e+04  1.16e+04 5.32e+01  3.95e+00     8s
   3  -5.66144145e+05 -3.39695665e+04  9.10e+03 4.71e+01  3.26e+00     9s
   4  -6.49001389e+05 -3.95813238e+04  7.93e+03 3.82e+01  2.92e+00     9s
   5  -5.97855215e+05 -4.76989448e+04  5.54e+03 2.35e+01  2.08e+00     9s
   6  -1.41747554e+05 -5.53827246e+04  1.14e+03 3.67e+00  5.14e-01     9s
   7  -8.51840067e+04 -4.47978736e+04  5.63e+02 7.97e-01  2.53e-01     9s
   8  -7.46446990e+04 -3.93178096e+04  4.60e+02 4.40e-01  1.99e-01     9s
   9  -6.13079622e+04 -3.74630601e+04  3.36e+02 3.42e-01  1.48e-01     9s
  10  -5.32969670e+04 -3.65023579e+04  2.64e+02 3.01e-01  1.19e-01     9s
  11  -5.13690868e+04 -3.51174793e+04  2.47e+02 2.60e-01  1.10e-01     9s
  12  -4.12192901e+04 -3.16746224e+04  1.58e+02 1.62e-01  7.06e-02     9s
  13  -3.13901124e+04 -2.84200505e+04  7.81e+01 9.51e-02  3.81e-02    10s
  14  -2.79560997e+04 -2.59158368e+04  5.23e+01 5.87e-02  2.50e-02    10s
  15  -2.68328096e+04 -2.51694515e+04  4.48e+01 5.01e-02  2.15e-02    10s
  16  -2.61807863e+04 -2.47486517e+04  4.04e+01 4.52e-02  1.94e-02    10s
  17  -2.59288702e+04 -2.45277133e+04  3.86e+01 4.26e-02  1.85e-02    10s
  18  -2.53259265e+04 -2.38100683e+04  3.41e+01 3.39e-02  1.57e-02    10s
  19  -2.40510155e+04 -2.31372998e+04  2.45e+01 2.61e-02  1.16e-02    10s
  20  -2.30057893e+04 -2.27443871e+04  1.71e+01 2.18e-02  8.92e-03    10s
  21  -2.27359429e+04 -2.23015894e+04  1.53e+01 1.75e-02  7.54e-03    11s
  22  -2.25293765e+04 -2.19885489e+04  1.39e+01 1.48e-02  6.61e-03    11s
  23  -2.23579076e+04 -2.16923475e+04  1.27e+01 1.29e-02  5.92e-03    11s
  24  -2.23369835e+04 -2.15629607e+04  1.26e+01 1.29e-02  5.86e-03    11s
  25  -2.23293608e+04 -2.13218541e+04  1.25e+01 1.28e-02  5.84e-03    11s
  26  -2.23199629e+04 -2.13957820e+04  1.25e+01 1.28e-02  5.81e-03    11s
  27  -2.22629891e+04 -2.12479293e+04  1.22e+01 1.21e-02  5.61e-03    12s
  28  -2.17196140e+04 -2.13242948e+04  9.47e+00 1.02e-02  4.72e-03    12s
  29  -2.12548337e+04 -2.11777069e+04  7.05e+00 9.47e-03  4.02e-03    12s
  30  -2.11347268e+04 -2.09280293e+04  6.45e+00 7.84e-03  3.46e-03    12s
  31  -2.03717015e+04 -2.05717832e+04  2.85e+00 5.39e-03  2.15e-03    12s
  32  -2.02289886e+04 -2.04495136e+04  2.14e+00 4.55e-03  1.76e-03    13s
  33  -2.02078908e+04 -2.02859994e+04  2.02e+00 3.42e-03  1.41e-03    13s
  34  -2.00464134e+04 -2.00789737e+04  1.24e+00 1.94e-03  8.37e-04    13s
  35  -1.99468448e+04 -1.99731394e+04  7.48e-01 1.18e-03  5.21e-04    13s
  36  -1.99025036e+04 -1.99263952e+04  5.28e-01 8.39e-04  3.80e-04    13s
  37  -1.98544610e+04 -1.98821188e+04  2.87e-01 5.42e-04  2.37e-04    13s
  38  -1.98351095e+04 -1.98563142e+04  1.93e-01 3.72e-04  1.64e-04    13s
  39  -1.98192492e+04 -1.98427558e+04  1.14e-01 2.84e-04  1.20e-04    13s
  40  -1.98101261e+04 -1.98268328e+04  6.81e-02 1.83e-04  7.70e-05    14s
  41  -1.98059232e+04 -1.98180840e+04  4.68e-02 1.27e-04  5.43e-05    14s
  42  -1.98027332e+04 -1.98141182e+04  3.04e-02 1.03e-04  4.23e-05    14s
  43  -1.98009210e+04 -1.98045362e+04  2.09e-02 4.35e-05  2.05e-05    14s
  44  -1.97986196e+04 -1.98015433e+04  8.60e-03 2.48e-05  1.14e-05    14s
  45  -1.97975233e+04 -1.97999646e+04  2.49e-03 1.57e-05  6.52e-06    14s
  46  -1.97973701e+04 -1.97986125e+04  1.53e-03 8.03e-06  3.48e-06    14s
  47  -1.97971953e+04 -1.97982204e+04  4.81e-04 5.91e-06  2.38e-06    14s
  48  -1.97971463e+04 -1.97977563e+04  2.14e-04 3.32e-06  1.37e-06    14s
  49  -1.97971254e+04 -1.97975858e+04  3.32e-05 2.38e-06  9.51e-07    14s
  50  -1.97971315e+04 -1.97971462e+04  4.93e-07 7.42e-08  3.00e-08    14s
  51  -1.97971318e+04 -1.97971318e+04  4.30e-10 7.70e-11  2.62e-12    14s

Barrier solved model in 51 iterations and 14.36 seconds (13.91 work units)
Optimal objective -1.97971318e+04


Root crossover log...

   59567 DPushes remaining with DInf 0.0000000e+00                15s
      37 DPushes remaining with DInf 0.0000000e+00                15s
       0 DPushes remaining with DInf 0.0000000e+00                15s

   34004 PPushes remaining with PInf 0.0000000e+00                15s
       0 PPushes remaining with PInf 0.0000000e+00                18s

  Push phase complete: Pinf 0.0000000e+00, Dinf 2.0590633e+00     18s


Root simplex log...

Iteration    Objective       Primal Inf.    Dual Inf.      Time
   81608   -1.9797132e+04   0.000000e+00   2.059063e+00     18s
   81623   -1.9797132e+04   0.000000e+00   0.000000e+00     18s
Crossover time: 3.52 seconds (4.55 work units)
Concurrent spin time: 3.66s (can be avoided by choosing Method=3)

Solved with barrier
   81623   -1.9797132e+04   0.000000e+00   0.000000e+00     22s

Root relaxation: objective -1.979713e+04, 81623 iterations, 16.28 seconds (11.69 work units)

    Nodes    |    Current Node    |     Objective Bounds      |     Work
 Expl Unexpl |  Obj  Depth IntInf | Incumbent    BestBd   Gap | It/Node Time

     0     0 -19797.132    0 1814 -16761.588 -19797.132  18.1%     -   25s
H    0     0                    -19737.44883 -19797.132  0.30%     -   31s
     0     0 -19796.626    0 1715 -19737.449 -19796.626  0.30%     -   37s
H    0     0                    -19745.43379 -19796.625  0.26%     -   42s
     0     0 -19796.625    0 1715 -19745.434 -19796.625  0.26%     -   42s
     0     0 -19796.572    0 1692 -19745.434 -19796.572  0.26%     -   47s
     0     0 -19796.568    0 1526 -19745.434 -19796.568  0.26%     -   48s
     0     0 -19796.568    0 1503 -19745.434 -19796.568  0.26%     -   49s
     0     0 -19796.541    0 1704 -19745.434 -19796.541  0.26%     -   54s
     0     0 -19796.532    0 1700 -19745.434 -19796.532  0.26%     -   55s
     0     0 -19796.521    0 1433 -19745.434 -19796.521  0.26%     -   60s
H    0     0                    -19758.39035 -19796.521  0.19%     -   62s
     0     0 -19796.521    0 1432 -19758.390 -19796.521  0.19%     -   63s
     0     0 -19796.521    0 1426 -19758.390 -19796.521  0.19%     -   66s
     0     0 -19796.521    0 1426 -19758.390 -19796.521  0.19%     -   66s
     0     0 -19796.521    0 1425 -19758.390 -19796.521  0.19%     -   69s
     0     0 -19796.521    0  979 -19758.390 -19796.521  0.19%     -   71s
     0     0 -19796.521    0  959 -19758.390 -19796.521  0.19%     -   73s
     0     0 -19796.521    0 1147 -19758.390 -19796.521  0.19%     -   76s
     0     0 -19796.521    0 1146 -19758.390 -19796.521  0.19%     -   76s
     0     0 -19796.521    0 1125 -19758.390 -19796.521  0.19%     -   77s
H    0     0                    -19773.12396 -19796.521  0.12%     -   80s
     0     0 -19796.521    0 1178 -19773.124 -19796.521  0.12%     -   81s
     0     0 -19796.521    0 1246 -19773.124 -19796.521  0.12%     -   85s
     0     0 -19796.521    0 1246 -19773.124 -19796.521  0.12%     -   85s
     0     0 -19796.521    0 1106 -19773.124 -19796.521  0.12%     -   86s
H    0     0                    -19781.42172 -19796.521  0.08%     -   88s

Cutting planes:
  Gomory: 10
  Cover: 147
  Implied bound: 144
  Clique: 17
  MIR: 119
  Flow cover: 471
  Relax-and-lift: 120

Explored 1 nodes (142993 simplex iterations) in 88.27 seconds (101.91 work units)
Thread count was 24 (of 24 available processors)

Solution count 6: -19781.4 -19773.1 -19758.4 ... -16761.6

Optimal solution found (tolerance 1.00e-03)
Best objective -1.978142172342e+04, best bound -1.979652114440e+04, gap 0.0763%
Set parameter MIPGap to value 0.001
Gurobi Optimizer version 13.0.1 build v13.0.1rc0 (win64 - Windows 10.0 (19045.2))

CPU model: AMD Ryzen 9 5900X 12-Core Processor, instruction set [SSE2|AVX|AVX2]
Thread count: 12 physical cores, 24 logical processors, using up to 24 threads

Non-default parameters:
TimeLimit  10800
MIPGap  0.001
NodefileStart  3
LogToConsole  0

Optimize a model with 340104 rows, 343286 columns and 1483240 nonzeros (Min)
Model fingerprint: 0x56a7f730
Model has 22 linear objective coefficients
Variable types: 289046 continuous, 54240 integer (54240 binary)
Coefficient statistics:
  Matrix range     [3e-04, 2e+02]
  Objective range  [5e-02, 1e+00]
  Bounds range     [9e-03, 6e+01]
  RHS range        [5e-02, 1e+01]

Warning: Completing partial solution with 53952 unfixed non-continuous variables out of 54240
User MIP start produced solution with objective -19774.8 (2.28s)
User MIP start produced solution with objective -19774.8 (2.33s)
Loaded user MIP start with objective -19774.8
Processing MIP start from previous solve: 0 nodes explored in subMIP, total elapsed time 5s
MIP start from previous solve produced solution with objective -19774.8 (9.59s)
MIP start from previous solve produced solution with objective -19774.8 (9.64s)
Loaded MIP start from previous solve with objective -19774.8
Processed MIP start in 9.65 seconds (10.58 work units)

Presolve removed 152056 rows and 125250 columns
Presolve time: 3.39s
Presolved: 188048 rows, 218036 columns, 746347 nonzeros
Variable types: 169134 continuous, 48902 integer (48901 binary)
Deterministic concurrent LP optimizer: primal simplex, dual simplex, and barrier
Showing barrier log only...

Root barrier log...

Ordering time: 1.55s
Ordering time: 1.74s

Barrier statistics:
 Dense cols : 567
 Free vars  : 41
 AA' NZ     : 6.366e+05
 Factor NZ  : 3.438e+06 (roughly 180 MB of memory)
 Factor Ops : 5.765e+08 (less than 1 second per iteration)
 Threads    : 10

                  Objective                Residual
Iter       Primal          Dual         Primal    Dual     Compl     Time
   0   1.55664295e-01 -2.26132689e+04  1.45e+04 6.40e+01  4.81e+00    16s
   1  -4.36844088e+04 -2.63148445e+04  1.45e+04 5.75e+01  4.85e+00    16s
   2  -6.50310669e+05 -3.01033976e+04  1.16e+04 5.32e+01  3.95e+00    17s
   3  -5.66143651e+05 -3.39695735e+04  9.10e+03 4.71e+01  3.26e+00    17s
   4  -6.49000472e+05 -3.95813385e+04  7.93e+03 3.82e+01  2.92e+00    17s
   5  -5.97854192e+05 -4.76989449e+04  5.54e+03 2.35e+01  2.08e+00    17s
   6  -1.41747120e+05 -5.53826883e+04  1.14e+03 3.67e+00  5.14e-01    17s
   7  -8.51847386e+04 -4.47975807e+04  5.63e+02 7.97e-01  2.53e-01    17s
   8  -7.46452808e+04 -3.93174465e+04  4.60e+02 4.40e-01  1.99e-01    17s
   9  -6.13082349e+04 -3.74629074e+04  3.37e+02 3.42e-01  1.48e-01    17s
  10  -5.32968669e+04 -3.65021784e+04  2.64e+02 3.01e-01  1.19e-01    17s
  11  -5.13688335e+04 -3.51170088e+04  2.47e+02 2.60e-01  1.10e-01    18s
  12  -4.12196919e+04 -3.16745228e+04  1.58e+02 1.62e-01  7.06e-02    18s
  13  -3.13907952e+04 -2.84198253e+04  7.81e+01 9.51e-02  3.81e-02    18s
  14  -2.79775221e+04 -2.59062970e+04  5.24e+01 5.86e-02  2.50e-02    18s
  15  -2.70378230e+04 -2.49800620e+04  4.61e+01 4.78e-02  2.14e-02    18s
  16  -2.63632104e+04 -2.47420785e+04  4.14e+01 4.51e-02  1.96e-02    18s
  17  -2.56290140e+04 -2.45131105e+04  3.63e+01 4.25e-02  1.78e-02    18s
  18  -2.51420563e+04 -2.40457502e+04  3.28e+01 3.72e-02  1.58e-02    18s
  19  -2.41255785e+04 -2.36896422e+04  2.47e+01 3.29e-02  1.27e-02    18s
  20  -2.37152841e+04 -2.31387968e+04  2.18e+01 2.68e-02  1.08e-02    19s
  21  -2.29116799e+04 -2.26529966e+04  1.63e+01 2.15e-02  8.44e-03    19s
  22  -2.25825901e+04 -2.22665434e+04  1.41e+01 1.79e-02  7.19e-03    19s
  23  -2.24507752e+04 -2.20219801e+04  1.32e+01 1.66e-02  6.70e-03    19s
  24  -2.23699678e+04 -2.18259940e+04  1.27e+01 1.59e-02  6.41e-03    19s
  25  -2.23535261e+04 -2.15593013e+04  1.26e+01 1.57e-02  6.35e-03    19s
  26  -2.23458941e+04 -2.15932398e+04  1.26e+01 1.56e-02  6.33e-03    19s
  27  -2.23133664e+04 -2.16853652e+04  1.24e+01 1.54e-02  6.25e-03    19s
  28  -2.22143160e+04 -2.14742941e+04  1.19e+01 1.46e-02  5.98e-03    19s
  29  -2.16442019e+04 -2.14334243e+04  8.97e+00 1.34e-02  5.10e-03    20s
  30  -2.11666622e+04 -2.10235417e+04  6.65e+00 9.63e-03  3.80e-03    20s
  31  -2.08579865e+04 -2.08310881e+04  5.15e+00 8.11e-03  3.13e-03    20s
  32  -2.05143874e+04 -2.06885811e+04  3.49e+00 6.97e-03  2.52e-03    20s
  33  -2.04894132e+04 -2.06549175e+04  3.37e+00 6.71e-03  2.43e-03    20s
  34  -2.02839482e+04 -2.05584277e+04  2.36e+00 5.95e-03  2.03e-03    20s
  35  -2.01398237e+04 -2.04234877e+04  1.69e+00 4.92e-03  1.63e-03    20s
  36  -2.01213266e+04 -2.03470175e+04  1.60e+00 4.34e-03  1.46e-03    20s
  37  -2.00973806e+04 -2.02949826e+04  1.48e+00 3.94e-03  1.33e-03    21s
  38  -2.00904803e+04 -2.02815367e+04  1.44e+00 3.84e-03  1.29e-03    21s
  39  -1.99955192e+04 -2.02437340e+04  9.99e-01 3.54e-03  1.13e-03    21s
  40  -1.99427526e+04 -2.01046323e+04  7.50e-01 2.47e-03  8.03e-04    21s
  41  -1.98939087e+04 -2.00458074e+04  5.17e-01 2.01e-03  6.37e-04    21s
  42  -1.98839828e+04 -1.99830012e+04  4.68e-01 1.53e-03  4.98e-04    21s
  43  -1.98642852e+04 -1.99529745e+04  3.73e-01 1.29e-03  4.17e-04    21s
  44  -1.98332986e+04 -1.99472885e+04  2.24e-01 1.24e-03  3.76e-04    21s
  45  -1.98247167e+04 -1.99174885e+04  1.80e-01 1.00e-03  3.05e-04    22s
  46  -1.98047161e+04 -1.99095282e+04  8.03e-02 9.41e-04  2.67e-04    22s
  47  -1.98002507e+04 -1.98985109e+04  5.79e-02 8.53e-04  2.40e-04    22s
  48  -1.97965039e+04 -1.98674767e+04  4.08e-02 6.04e-04  1.72e-04    22s
  49  -1.97954375e+04 -1.98367368e+04  3.42e-02 3.73e-04  1.07e-04    22s
  50  -1.97933974e+04 -1.98156652e+04  2.11e-02 2.00e-04  5.94e-05    22s
  51  -1.97919344e+04 -1.98045516e+04  1.14e-02 1.10e-04  3.33e-05    22s
  52  -1.97908716e+04 -1.98002668e+04  4.37e-03 7.58e-05  2.22e-05    22s
  53  -1.97906541e+04 -1.97960595e+04  2.82e-03 4.24e-05  1.29e-05    22s
  54  -1.97905350e+04 -1.97932122e+04  1.40e-03 2.03e-05  6.41e-06    23s
  55  -1.97904762e+04 -1.97914173e+04  6.55e-04 6.73e-06  2.35e-06    23s
  56  -1.97904709e+04 -1.97906132e+04  2.16e-04 8.76e-07  4.27e-07    23s
  57  -1.97904717e+04 -1.97905318e+04  4.18e-05 3.64e-07  1.49e-07    23s
  58  -1.97904732e+04 -1.97904748e+04  8.06e-07 1.70e-09  3.45e-09    23s

Barrier performed 58 iterations in 22.83 seconds (23.57 work units)
Objective cutoff exceeded

Concurrent spin time: 1.92s (can be avoided by choosing Method=3)

Solved with barrier

Root relaxation: interrupted, 0 iterations, 11.09 seconds (7.62 work units)

    Nodes    |    Current Node    |     Objective Bounds      |     Work
 Expl Unexpl |  Obj  Depth IntInf | Incumbent    BestBd   Gap | It/Node Time

     0     0          -    0      -19774.838 -19790.475  0.08%     -   24s

Explored 1 nodes (0 simplex iterations) in 24.85 seconds (23.59 work units)
Thread count was 24 (of 24 available processors)

Solution count 3: -19774.8 -19774.8 -19774.8 

Optimal solution found (tolerance 1.00e-03)
Best objective -1.977483786624e+04, best bound -1.979047475041e+04, gap 0.0791%
Set parameter MIPGap to value 0.0001
Gurobi Optimizer version 13.0.1 build v13.0.1rc0 (win64 - Windows 10.0 (19045.2))

CPU model: AMD Ryzen 9 5900X 12-Core Processor, instruction set [SSE2|AVX|AVX2]
Thread count: 12 physical cores, 24 logical processors, using up to 24 threads

Non-default parameters:
TimeLimit  10800
NodefileStart  3
LogToConsole  0

Optimize a model with 340124 rows, 343286 columns and 1483320 nonzeros (Min)
Model fingerprint: 0xa725bd14
Model has 22 linear objective coefficients
Variable types: 289046 continuous, 54240 integer (54240 binary)
Coefficient statistics:
  Matrix range     [3e-04, 2e+02]
  Objective range  [5e-02, 1e+00]
  Bounds range     [9e-03, 6e+01]
  RHS range        [5e-02, 1e+01]

Warning: Completing partial solution with 53952 unfixed non-continuous variables out of 54240
User MIP start produced solution with objective -19774.8 (2.22s)
User MIP start produced solution with objective -19774.8 (2.26s)
Loaded user MIP start with objective -19774.8
Processing MIP start from previous solve: 0 nodes explored in subMIP, total elapsed time 5s
Processing MIP start from previous solve: 0 nodes explored in subMIP, total elapsed time 10s
MIP start from previous solve produced solution with objective -19774.8 (10.41s)
MIP start from previous solve produced solution with objective -19774.8 (10.46s)
Loaded MIP start from previous solve with objective -19774.8
Processed MIP start in 10.46 seconds (13.14 work units)

Presolve removed 152056 rows and 125250 columns
Presolve time: 3.41s
Presolved: 188068 rows, 218036 columns, 746407 nonzeros
Variable types: 169134 continuous, 48902 integer (48901 binary)
Deterministic concurrent LP optimizer: primal simplex, dual simplex, and barrier
Showing barrier log only...

Root barrier log...

Ordering time: 1.50s
Ordering time: 1.69s

Barrier statistics:
 Dense cols : 567
 Free vars  : 41
 AA' NZ     : 6.376e+05
 Factor NZ  : 3.439e+06 (roughly 180 MB of memory)
 Factor Ops : 5.765e+08 (less than 1 second per iteration)
 Threads    : 10

                  Objective                Residual
Iter       Primal          Dual         Primal    Dual     Compl     Time
   0   1.55664149e-01 -2.26132689e+04  1.45e+04 6.40e+01  4.81e+00    17s
   1  -4.36843558e+04 -2.63148459e+04  1.45e+04 5.75e+01  4.85e+00    17s
   2  -6.50309965e+05 -3.01034050e+04  1.16e+04 5.32e+01  3.95e+00    17s
   3  -5.66143160e+05 -3.39695805e+04  9.10e+03 4.71e+01  3.26e+00    17s
   4  -6.48999559e+05 -3.95813532e+04  7.93e+03 3.82e+01  2.92e+00    18s
   5  -5.97853175e+05 -4.76989450e+04  5.54e+03 2.35e+01  2.08e+00    18s
   6  -1.41746704e+05 -5.53826520e+04  1.14e+03 3.67e+00  5.14e-01    18s
   7  -8.51854631e+04 -4.47972980e+04  5.63e+02 7.98e-01  2.53e-01    18s
   8  -7.46458869e+04 -3.93170953e+04  4.60e+02 4.40e-01  1.99e-01    18s
   9  -6.13085570e+04 -3.74627598e+04  3.37e+02 3.42e-01  1.48e-01    18s
  10  -5.32968471e+04 -3.65020072e+04  2.64e+02 3.02e-01  1.19e-01    18s
  11  -5.13686688e+04 -3.51165644e+04  2.47e+02 2.60e-01  1.10e-01    18s
  12  -4.12201306e+04 -3.16744038e+04  1.58e+02 1.63e-01  7.06e-02    18s
  13  -3.13913106e+04 -2.84196589e+04  7.81e+01 9.52e-02  3.81e-02    19s
  14  -2.80734009e+04 -2.59009456e+04  5.32e+01 5.85e-02  2.52e-02    19s
  15  -2.71226446e+04 -2.50529369e+04  4.67e+01 4.86e-02  2.17e-02    19s
  16  -2.64645250e+04 -2.44743493e+04  4.21e+01 4.18e-02  1.92e-02    19s
  17  -2.60333567e+04 -2.42973603e+04  3.91e+01 3.97e-02  1.80e-02    19s
  18  -2.56130384e+04 -2.39489723e+04  3.59e+01 3.56e-02  1.64e-02    19s
  19  -2.48377313e+04 -2.34108792e+04  2.97e+01 2.90e-02  1.34e-02    19s
  20  -2.40248430e+04 -2.31327288e+04  2.37e+01 2.58e-02  1.12e-02    19s
  21  -2.32915673e+04 -2.26913254e+04  1.86e+01 2.11e-02  9.01e-03    20s
  22  -2.27437721e+04 -2.24273014e+04  1.49e+01 1.85e-02  7.55e-03    20s
  23  -2.25814300e+04 -2.20652851e+04  1.38e+01 1.54e-02  6.65e-03    20s
  24  -2.24742124e+04 -2.18762307e+04  1.31e+01 1.43e-02  6.23e-03    20s
  25  -2.24405165e+04 -2.17778673e+04  1.29e+01 1.40e-02  6.11e-03    20s
  26  -2.24132493e+04 -2.15821736e+04  1.28e+01 1.36e-02  6.00e-03    20s
  27  -2.23723922e+04 -2.13912250e+04  1.25e+01 1.35e-02  5.90e-03    20s
  28  -2.23579086e+04 -2.14045230e+04  1.24e+01 1.34e-02  5.87e-03    20s
  29  -2.23050939e+04 -2.14682971e+04  1.22e+01 1.27e-02  5.68e-03    21s
  30  -2.21540470e+04 -2.12489151e+04  1.14e+01 1.08e-02  5.13e-03    21s
  31  -2.16832214e+04 -2.11045323e+04  9.08e+00 9.53e-03  4.36e-03    21s
  32  -2.15051606e+04 -2.08641672e+04  8.17e+00 7.39e-03  3.66e-03    21s
  33  -2.09865433e+04 -2.06928406e+04  5.67e+00 6.10e-03  2.86e-03    21s
  34  -2.06505434e+04 -2.05085215e+04  4.07e+00 4.84e-03  2.21e-03    21s
  35  -2.05681441e+04 -2.04138016e+04  3.66e+00 4.18e-03  1.94e-03    21s
  36  -2.04728779e+04 -2.02822570e+04  3.20e+00 3.31e-03  1.59e-03    21s
  37  -2.03899921e+04 -2.01393854e+04  2.81e+00 2.34e-03  1.23e-03    22s
  38  -2.01376384e+04 -2.00633639e+04  1.60e+00 1.81e-03  8.47e-04    22s
  39  -1.99962048e+04 -2.00012031e+04  9.54e-01 1.39e-03  6.05e-04    22s
  40  -1.99199521e+04 -1.99722450e+04  6.05e-01 1.20e-03  4.85e-04    22s
  41  -1.99005435e+04 -1.99407004e+04  5.15e-01 9.93e-04  4.05e-04    22s
  42  -1.98923235e+04 -1.99096885e+04  4.77e-01 7.90e-04  3.34e-04    22s
  43  -1.98400604e+04 -1.98618219e+04  2.38e-01 4.76e-04  1.94e-04    22s
  44  -1.98088860e+04 -1.98421548e+04  9.26e-02 3.44e-04  1.26e-04    22s
  45  -1.98002274e+04 -1.98302874e+04  5.09e-02 2.64e-04  9.35e-05    23s
  46  -1.97994750e+04 -1.98249982e+04  4.71e-02 2.30e-04  8.19e-05    23s
  47  -1.97964310e+04 -1.98194854e+04  3.20e-02 1.93e-04  6.73e-05    23s
  48  -1.97939822e+04 -1.98073811e+04  1.93e-02 1.13e-04  3.96e-05    23s
  49  -1.97927652e+04 -1.98017271e+04  1.30e-02 7.51e-05  2.65e-05    23s
  50  -1.97916141e+04 -1.97973218e+04  6.75e-03 4.57e-05  1.59e-05    23s
  51  -1.97910530e+04 -1.97966128e+04  3.70e-03 4.07e-05  1.37e-05    23s
  52  -1.97909384e+04 -1.97935312e+04  2.98e-03 1.97e-05  7.18e-06    23s
  53  -1.97907217e+04 -1.97921725e+04  1.69e-03 1.07e-05  4.03e-06    23s
  54  -1.97906453e+04 -1.97911125e+04  1.19e-03 3.92e-06  1.71e-06    23s
  55  -1.97905079e+04 -1.97908955e+04  3.01e-04 2.59e-06  9.81e-07    23s
  56  -1.97904991e+04 -1.97908622e+04  2.24e-04 2.40e-06  8.90e-07    23s
  57  -1.97904957e+04 -1.97907592e+04  2.00e-04 1.77e-06  6.70e-07    24s
  58  -1.97904853e+04 -1.97907241e+04  1.22e-04 1.55e-06  5.70e-07    24s
  59  -1.97904761e+04 -1.97906180e+04  3.24e-05 8.95e-07  3.19e-07    24s
  60  -1.97904714e+04 -1.97905974e+04  7.63e-06 7.74e-07  2.70e-07    24s
  61  -1.97904715e+04 -1.97905541e+04  6.10e-06 5.02e-07  1.79e-07    24s
  62  -1.97904709e+04 -1.97905449e+04  9.64e-07 4.41e-07  1.58e-07    24s
  63  -1.97904722e+04 -1.97904780e+04  1.96e-07 1.05e-07  1.40e-08    24s
  64  -1.97904732e+04 -1.97904733e+04  8.49e-09 9.25e-10  3.98e-10    24s

Barrier solved model in 64 iterations and 24.20 seconds (26.38 work units)
Optimal objective -1.97904732e+04


Root crossover log...

   59532 DPushes remaining with DInf 7.9890577e-05                24s
       0 DPushes remaining with DInf 0.0000000e+00                25s

   34069 PPushes remaining with PInf 3.3438732e-04                25s
       0 PPushes remaining with PInf 2.0216223e-05                28s

  Push phase complete: Pinf 2.0216223e-05, Dinf 5.7477067e+00     28s


Root simplex log...

Iteration    Objective       Primal Inf.    Dual Inf.      Time
   91072   -1.9790473e+04   0.000000e+00   5.747707e+00     28s
   91115   -1.9790473e+04   0.000000e+00   0.000000e+00     28s
Crossover time: 3.48 seconds (4.77 work units)
Concurrent spin time: 3.65s (can be avoided by choosing Method=3)

Solved with barrier
   91115   -1.9790473e+04   0.000000e+00   0.000000e+00     31s

Root relaxation: objective -1.979047e+04, 91115 iterations, 16.94 seconds (12.69 work units)

    Nodes    |    Current Node    |     Objective Bounds      |     Work
 Expl Unexpl |  Obj  Depth IntInf | Incumbent    BestBd   Gap | It/Node Time

     0     0 -19790.473    0 1560 -19774.838 -19790.473  0.08%     -   35s
     0     0 -19790.007    0 1586 -19774.838 -19790.007  0.08%     -   42s
     0     0 -19790.002    0 1586 -19774.838 -19790.002  0.08%     -   43s
     0     0 -19789.932    0 1754 -19774.838 -19789.932  0.08%     -   48s
     0     0 -19789.916    0 1541 -19774.838 -19789.916  0.08%     -   50s
     0     0 -19789.916    0 1478 -19774.838 -19789.916  0.08%     -   52s
     0     0 -19789.878    0 1317 -19774.838 -19789.878  0.08%     -   57s
     0     0 -19789.867    0 1317 -19774.838 -19789.867  0.08%     -   59s
     0     0 -19789.867    0 1342 -19774.838 -19789.867  0.08%     -   63s
     0     0 -19789.867    0 1342 -19774.838 -19789.867  0.08%     -   65s
     0     0 -19789.867    0 1249 -19774.838 -19789.867  0.08%     -   68s
     0     0 -19789.867    0 1249 -19774.838 -19789.867  0.08%     -   69s
     0     0 -19789.867    0 1249 -19774.838 -19789.867  0.08%     -   73s
     0     0 -19789.867    0 1191 -19774.838 -19789.867  0.08%     -   75s
     0     0 -19789.867    0 1285 -19774.838 -19789.867  0.08%     -   78s
     0     0 -19789.867    0 1441 -19774.838 -19789.867  0.08%     -   82s
     0     0 -19789.867    0 1297 -19774.838 -19789.867  0.08%     -   84s
     0     0 -19789.867    0 1298 -19774.838 -19789.867  0.08%     -   85s
     0     0 -19789.867    0 1299 -19774.838 -19789.867  0.08%     -   88s
     0     0 -19789.867    0 1299 -19774.838 -19789.867  0.08%     -   90s
     0     0 -19789.867    0 1299 -19774.838 -19789.867  0.08%     -   90s
     0     0 -19789.867    0 1299 -19774.838 -19789.867  0.08%     -   91s
     0     2 -19789.867    0 1166 -19774.838 -19789.867  0.08%     -  106s
     3     8 -19789.819    2 1203 -19774.838 -19789.865  0.08%  1452  111s
     7    16 -19789.602    3 1412 -19774.838 -19789.863  0.08%  1967  118s
    15    28 -19789.570    4 1415 -19774.838 -19789.854  0.08%  2159  130s
H   17    28                    -19774.85670 -19789.854  0.08%  2360  130s
H   21    28                    -19774.86592 -19789.854  0.08%  2493  130s
    27    72 -19789.418    5 1415 -19774.866 -19789.836  0.08%  2812  148s
H   71   175                    -19775.60354 -19789.836  0.07%  2078  176s
   174   315 -19789.158   21  906 -19775.604 -19789.836  0.07%  1382  226s
   314   444 -19788.541   27 1177 -19775.604 -19789.836  0.07%  1753  335s
H  324   444                    -19776.82942 -19789.836  0.07%  1790  335s
H  344   444                    -19777.83438 -19789.836  0.06%  1861  335s
   443   804 -19788.211   34  840 -19777.834 -19789.836  0.06%  2182  465s
H  487   804                    -19780.51895 -19789.836  0.05%  2259  465s
H  491   804                    -19780.80309 -19789.836  0.05%  2245  465s
H  517   804                    -19780.85194 -19789.836  0.05%  2256  465s
H  577   804                    -19781.01329 -19789.836  0.04%  2200  465s
H  588   804                    -19781.49693 -19789.836  0.04%  2159  465s
H  599   804                    -19781.52622 -19789.836  0.04%  2138  465s
   803   848 -19783.945   47  444 -19781.526 -19789.836  0.04%  2455  670s
H  809   835                    -19781.86986 -19789.780  0.04%  2443  670s
H  903   792                    -19782.40840 -19789.780  0.04%  2205  670s
H  913   752                    -19783.13244 -19789.780  0.03%  2215  670s
   921   953 -19783.476   47  470 -19783.132 -19789.780  0.03%  2229  843s
H 1319  1194                    -19784.14235 -19789.780  0.03%  2340  993s
  1914  1082     cutoff   64      -19784.142 -19789.780  0.03%  2124 1193s
  2310  1358 -19786.625   17  594 -19784.142 -19789.675  0.03%  2229 1416s
  2876  1359 -19788.916   20 1299 -19784.142 -19789.666  0.03%  2292 1628s
  2878  1360 -19786.610   14 1998 -19784.142 -19789.666  0.03%  2290 1670s
  2879  1361 -19786.296   14 1305 -19784.142 -19789.666  0.03%  2290 1710s
  2880  1362 -19787.790   31 1717 -19784.142 -19789.666  0.03%  2289 1718s
  2881  1362 -19789.105    6 1524 -19784.142 -19789.666  0.03%  2288 1726s
  2882  1363 -19787.673   21 1527 -19784.142 -19789.666  0.03%  2287 1746s
  2883  1364 -19789.407    9 1089 -19784.142 -19789.666  0.03%  2286 1775s
  2885  1365 -19786.275   16 1253 -19784.142 -19789.666  0.03%  2285 1796s
  2886  1366 -19787.272   16 1234 -19784.142 -19789.666  0.03%  2284 1823s
  2887  1366 -19789.430    9 1102 -19784.142 -19789.666  0.03%  2283 1843s
  2888  1367 -19787.861   17 1323 -19784.142 -19789.666  0.03%  2282 1874s
  2889  1368 -19785.293   26 1319 -19784.142 -19789.666  0.03%  2282 1891s
  2890  1368 -19789.417    8 1355 -19784.142 -19789.666  0.03%  2281 1912s
  2891  1369 -19785.736   13 1364 -19784.142 -19789.666  0.03%  2280 1927s
  2892  1370 -19786.684   15 1195 -19784.142 -19789.666  0.03%  2279 1948s
  2893  1370 -19789.370    7 1325 -19784.142 -19789.666  0.03%  2278 1963s
  2894  1371 -19788.976    7 1323 -19784.142 -19789.666  0.03%  2278 1983s
  2895  1372 -19789.105    8 1329 -19784.142 -19789.666  0.03%  2277 1999s
  2896  1372 -19786.882   34 1334 -19784.142 -19789.666  0.03%  2276 2018s
  2897  1373 -19789.243   11 1460 -19784.142 -19789.666  0.03%  2275 2036s
  2898  1374 -19786.223   16 1333 -19784.142 -19789.666  0.03%  2275 2057s
  2899  1374 -19787.939   10 1309 -19784.142 -19789.666  0.03%  2274 2074s
  2900  1375 -19787.957   26 1316 -19784.142 -19789.666  0.03%  2273 2092s
  2901  1376 -19788.365   28 1316 -19784.142 -19789.666  0.03%  2272 2113s
  2902  1376 -19788.858    9 1316 -19784.142 -19789.666  0.03%  2271 2128s
  2903  1380 -19789.666   16 1618 -19784.142 -19789.666  0.03%  2346 2134s
  2905  1383 -19789.666   17 1457 -19784.142 -19789.666  0.03%  2345 2141s
  2909  1390 -19789.666   18 1496 -19784.142 -19789.666  0.03%  2345 2152s
  2917  1399 -19789.407   19 1483 -19784.142 -19789.666  0.03%  2350 2171s
  2929  1440 -19789.071   20 1747 -19784.142 -19789.666  0.03%  2350 2205s
  2974  1446 -19787.806   22 1517 -19784.142 -19789.666  0.03%  2358 2220s
  2995  1449 -19787.733   23 1425 -19784.142 -19789.666  0.03%  2368 2244s
  3007  1454 -19787.696   24 1312 -19784.142 -19789.666  0.03%  2381 2269s
  3018  1464 -19786.210   24 1260 -19784.142 -19789.666  0.03%  2400 2308s
  3031  1492 -19787.477   25 1303 -19784.142 -19789.666  0.03%  2419 2346s
  3094  1501 -19786.712   28  819 -19784.142 -19789.666  0.03%  2471 2392s
  3185  1487     cutoff   37      -19784.142 -19789.666  0.03%  2493 2446s
  3285  1463 -19784.211   51  254 -19784.142 -19789.666  0.03%  2502 2538s
  3300  1487 -19784.211   52  281 -19784.142 -19789.657  0.03%  2517 2634s
  3336  1510 -19784.185   52  230 -19784.142 -19789.657  0.03%  2511 2718s
  3400  1537 -19784.168   65  220 -19784.142 -19789.657  0.03%  2487 2802s
  3469  1561     cutoff   76      -19784.142 -19789.657  0.03%  2475 2887s
  3564  1558 -19784.145   90  153 -19784.142 -19789.657  0.03%  2475 2964s
  3612  1567 -19784.145  100  145 -19784.142 -19789.657  0.03%  2469 3024s
  3730  1560 -19784.145  113  141 -19784.142 -19789.657  0.03%  2457 3075s
  3850  1552 -19784.145  125  139 -19784.142 -19789.657  0.03%  2452 3124s
  3966  1570 -19784.145  138  133 -19784.142 -19789.424  0.03%  2446 3213s
  4043  1621 -19784.145  153  127 -19784.142 -19789.424  0.03%  2422 3283s
  4163  1671 -19784.143  168  115 -19784.142 -19789.424  0.03%  2395 3335s
  4324  1675 -19784.145  184  109 -19784.142 -19789.424  0.03%  2362 3386s
* 4456  1494             226    -19784.14523 -19789.424  0.03%  2339 3386s
  4494  1421     cutoff  202      -19784.145 -19789.361  0.03%  2332 3446s
  4583  1388 -19785.611   27 1064 -19784.145 -19789.256  0.03%  2351 3509s
  4684  1396     cutoff   28      -19784.145 -19789.112  0.03%  2369 3581s
  4843  1307     cutoff   31      -19784.145 -19788.806  0.02%  2372 3655s
  4980  1257 -19785.997   26  813 -19784.145 -19788.735  0.02%  2389 3733s
  5089  1219     cutoff   26      -19784.145 -19788.619  0.02%  2414 3815s
  5243  1173 -19785.690   23 1183 -19784.145 -19788.423  0.02%  2434 3900s
  5416  1130 -19784.393   32  696 -19784.145 -19788.140  0.02%  2443 4001s
  5660  1041 -19785.027   27 1220 -19784.145 -19787.900  0.02%  2437 4181s
  5725  1011 -19784.792   29 1173 -19784.145 -19787.900  0.02%  2428 4300s
  6020   881     cutoff   24      -19784.145 -19787.511  0.02%  2409 4404s
  6242   776 -19784.617   25  658 -19784.145 -19787.239  0.02%  2429 4505s
  6465   858 -19784.363   49  357 -19784.145 -19786.982  0.01%  2440 4594s
  6793   998 -19784.206  121  175 -19784.145 -19786.980  0.01%  2395 4667s
  7229  1334 -19784.203  186  131 -19784.145 -19786.980  0.01%  2292 4729s
  7302  1334 -19784.310   29  488 -19784.145 -19786.980  0.01%  2269 4730s
  7675  1805 -19784.202  259   47 -19784.145 -19786.689  0.01%  2196 4829s
* 7716  1740             299    -19784.18633 -19786.689  0.01%  2184 4829s
* 7910  1680             335    -19784.19159 -19786.689  0.01%  2133 4829s
  8256  1539     cutoff  312      -19784.192 -19786.689  0.01%  2057 4888s
* 8366  1039             341    -19784.20444 -19786.689  0.01%  2061 4888s
  8698  1352     cutoff   27      -19784.204 -19786.689  0.01%  1998 4951s
* 9100   973             287    -19784.21795 -19786.689  0.01%  1937 4951s
  9310   688 -19784.251   37  706 -19784.218 -19786.214  0.01%  1894 5030s

Cutting planes:
  Gomory: 172
  Cover: 16
  Implied bound: 43
  Clique: 2
  MIR: 422
  Mixing: 2
  Flow cover: 1990
  RLT: 11
  Relax-and-lift: 22

Explored 9821 nodes (18223056 simplex iterations) in 5031.12 seconds (4411.09 work units)
Thread count was 24 (of 24 available processors)

Solution count 10: -19784.2 -19784.2 -19784.2 ... -19782.4

Optimal solution found (tolerance 1.00e-04)
Best objective -1.978421795267e+04, best bound -1.978585273709e+04, gap 0.0083%
