
Gurobi 13.0.1 (win64) logging started Wed Oct  7 08:34:18 2026

Set parameter LogFile to value "ieee_owen\weak_eps_experiment\stochastic\main17\logs\n60_S20_day5_ef_gurobi.log"
Set parameter NodefileStart to value 3
Set parameter MIPGap to value 0.001
Gurobi Optimizer version 13.0.1 build v13.0.1rc0 (win64 - Windows 10.0 (19045.2))

CPU model: AMD Ryzen 9 5900X 12-Core Processor, instruction set [SSE2|AVX|AVX2]
Thread count: 12 physical cores, 24 logical processors, using up to 24 threads

Non-default parameters:
TimeLimit  10800
MIPGap  0.001
NodefileStart  3
LogToConsole  0

Optimize a model with 340084 rows, 343286 columns and 1483160 nonzeros (Min)
Model fingerprint: 0xaf6f6a3c
Model has 22 linear objective coefficients
Variable types: 289046 continuous, 54240 integer (54240 binary)
Coefficient statistics:
  Matrix range     [3e-04, 2e+02]
  Objective range  [5e-02, 1e+00]
  Bounds range     [9e-03, 6e+01]
  RHS range        [5e-02, 1e+01]

Presolve removed 152056 rows and 125250 columns
Presolve time: 3.57s
Presolved: 188028 rows, 218036 columns, 746287 nonzeros
Variable types: 169134 continuous, 48902 integer (48901 binary)
Found heuristic solution: objective -16362.44214
Deterministic concurrent LP optimizer: primal simplex, dual simplex, and barrier
Showing barrier log only...

Root barrier log...

Ordering time: 1.72s
Ordering time: 1.93s

Barrier statistics:
 Dense cols : 567
 Free vars  : 41
 AA' NZ     : 6.356e+05
 Factor NZ  : 3.425e+06 (roughly 180 MB of memory)
 Factor Ops : 5.688e+08 (less than 1 second per iteration)
 Threads    : 10

                  Objective                Residual
Iter       Primal          Dual         Primal    Dual     Compl     Time
   0   1.50500320e-01 -2.25068317e+04  1.41e+04 6.40e+01  4.65e+00     9s
   1  -4.25689001e+04 -2.62719743e+04  1.40e+04 5.73e+01  4.70e+00     9s
   2  -5.77808802e+05 -2.99998626e+04  1.15e+04 5.31e+01  3.93e+00     9s
   3  -5.16705707e+05 -3.36260294e+04  9.07e+03 4.74e+01  3.26e+00     9s
   4  -6.12672563e+05 -3.93145543e+04  7.96e+03 3.83e+01  2.96e+00     9s
   5  -5.82038150e+05 -4.56892026e+04  5.32e+03 2.66e+01  1.99e+00     9s
   6  -1.88886808e+05 -5.52245239e+04  1.51e+03 4.50e+00  6.44e-01     9s
   7  -9.57263694e+04 -4.57692536e+04  6.19e+02 6.94e-01  2.71e-01     9s
   8  -8.13087692e+04 -4.01552485e+04  4.89e+02 4.00e-01  2.08e-01    10s
   9  -7.49315089e+04 -3.80855643e+04  4.34e+02 3.10e-01  1.82e-01    10s
  10  -6.31899786e+04 -3.66398763e+04  3.33e+02 2.54e-01  1.42e-01    10s
  11  -5.47133561e+04 -3.60421654e+04  2.62e+02 2.38e-01  1.16e-01    10s
  12  -5.18352880e+04 -3.52945002e+04  2.38e+02 2.17e-01  1.06e-01    10s
  13  -4.39255443e+04 -3.18089728e+04  1.72e+02 1.38e-01  7.48e-02    10s
  14  -3.41961998e+04 -2.93775017e+04  9.38e+01 9.74e-02  4.39e-02    10s
  15  -3.00099554e+04 -2.69166079e+04  6.46e+01 6.62e-02  3.04e-02    10s
  16  -2.77525565e+04 -2.58821382e+04  4.99e+01 5.51e-02  2.44e-02    11s
  17  -2.71732216e+04 -2.52285987e+04  4.62e+01 4.84e-02  2.20e-02    11s
  18  -2.64867024e+04 -2.48689290e+04  4.18e+01 4.48e-02  2.01e-02    11s
  19  -2.59789703e+04 -2.47835476e+04  3.84e+01 4.38e-02  1.91e-02    11s
  20  -2.55374751e+04 -2.45631696e+04  3.55e+01 4.13e-02  1.78e-02    11s
  21  -2.43284121e+04 -2.36274589e+04  2.68e+01 3.18e-02  1.35e-02    11s
  22  -2.36181629e+04 -2.31880470e+04  2.21e+01 2.76e-02  1.15e-02    11s
  23  -2.29648275e+04 -2.28655074e+04  1.80e+01 2.45e-02  9.84e-03    11s
  24  -2.27028371e+04 -2.24787374e+04  1.63e+01 2.09e-02  8.63e-03    12s
  25  -2.23127622e+04 -2.21991805e+04  1.39e+01 1.84e-02  7.52e-03    12s
  26  -2.21995634e+04 -2.17347616e+04  1.32e+01 1.50e-02  6.52e-03    12s
  27  -2.21250600e+04 -2.15537392e+04  1.27e+01 1.48e-02  6.38e-03    12s
  28  -2.21185997e+04 -2.14667230e+04  1.27e+01 1.47e-02  6.36e-03    12s
  29  -2.21065776e+04 -2.12584603e+04  1.26e+01 1.47e-02  6.33e-03    12s
  30  -2.21002803e+04 -2.13284963e+04  1.26e+01 1.46e-02  6.31e-03    12s
  31  -2.20320703e+04 -2.12193987e+04  1.22e+01 1.38e-02  6.08e-03    13s
  32  -2.13629725e+04 -2.10233634e+04  9.06e+00 1.04e-02  4.72e-03    13s
  33  -2.04462046e+04 -2.05632474e+04  4.81e+00 7.44e-03  3.19e-03    13s
  34  -2.00947329e+04 -2.02503433e+04  3.16e+00 5.40e-03  2.27e-03    13s
  35  -1.99291287e+04 -2.01394024e+04  2.38e+00 4.69e-03  1.91e-03    14s
  36  -1.97886892e+04 -2.00074067e+04  1.73e+00 3.85e-03  1.53e-03    14s
  37  -1.95951142e+04 -1.98524235e+04  8.74e-01 2.85e-03  1.07e-03    14s
  38  -1.95336217e+04 -1.97139892e+04  6.07e-01 1.96e-03  7.51e-04    14s
  39  -1.94575307e+04 -1.95286505e+04  2.62e-01 7.71e-04  3.11e-04    14s
  40  -1.94408307e+04 -1.94756428e+04  1.81e-01 4.35e-04  1.86e-04    14s
  41  -1.94304315e+04 -1.94570010e+04  1.32e-01 3.17e-04  1.38e-04    14s
  42  -1.94207170e+04 -1.94423069e+04  8.31e-02 2.25e-04  9.67e-05    14s
  43  -1.94158701e+04 -1.94386633e+04  5.82e-02 2.02e-04  8.34e-05    14s
  44  -1.94128555e+04 -1.94340172e+04  4.26e-02 1.73e-04  7.02e-05    15s
  45  -1.94108798e+04 -1.94257082e+04  3.22e-02 1.23e-04  5.06e-05    15s
  46  -1.94103623e+04 -1.94240345e+04  2.95e-02 1.13e-04  4.66e-05    15s
  47  -1.94084828e+04 -1.94172001e+04  1.90e-02 7.13e-05  2.98e-05    15s
  48  -1.94070876e+04 -1.94141168e+04  1.18e-02 5.25e-05  2.18e-05    15s
  49  -1.94058582e+04 -1.94127399e+04  4.89e-03 4.42e-05  1.71e-05    15s
  50  -1.94057362e+04 -1.94116372e+04  4.08e-03 3.75e-05  1.46e-05    15s
  51  -1.94052588e+04 -1.94095953e+04  1.22e-03 2.58e-05  9.60e-06    15s
  52  -1.94052215e+04 -1.94088521e+04  9.95e-04 2.14e-05  8.02e-06    15s
  53  -1.94051701e+04 -1.94070029e+04  5.86e-04 1.07e-05  4.10e-06    15s
  54  -1.94051370e+04 -1.94062666e+04  3.05e-04 6.45e-06  2.49e-06    15s
  55  -1.94051218e+04 -1.94057610e+04  1.42e-04 3.53e-06  1.39e-06    16s
  56  -1.94051169e+04 -1.94053266e+04  2.83e-05 1.08e-06  4.43e-07    16s
  57  -1.94051188e+04 -1.94051284e+04  1.66e-05 3.17e-08  2.98e-08    16s
  58  -1.94051214e+04 -1.94051221e+04  1.34e-06 1.89e-09  2.25e-09    16s
  59  -1.94051217e+04 -1.94051217e+04  4.37e-09 1.21e-10  3.95e-13    16s

Barrier solved model in 59 iterations and 15.81 seconds (15.01 work units)
Optimal objective -1.94051217e+04


Root crossover log...

   58642 DPushes remaining with DInf 0.0000000e+00                16s
       0 DPushes remaining with DInf 0.0000000e+00                17s

   34732 PPushes remaining with PInf 0.0000000e+00                17s
       0 PPushes remaining with PInf 0.0000000e+00                20s

  Push phase complete: Pinf 0.0000000e+00, Dinf 3.5645982e+00     20s


Root simplex log...

Iteration    Objective       Primal Inf.    Dual Inf.      Time
   85598   -1.9405122e+04   0.000000e+00   3.564598e+00     20s
   85612   -1.9405122e+04   0.000000e+00   0.000000e+00     20s
Crossover time: 4.12 seconds (6.45 work units)
Concurrent spin time: 4.50s (can be avoided by choosing Method=3)

Solved with barrier
   85612   -1.9405122e+04   0.000000e+00   0.000000e+00     25s

Root relaxation: objective -1.940512e+04, 85612 iterations, 18.92 seconds (14.66 work units)

    Nodes    |    Current Node    |     Objective Bounds      |     Work
 Expl Unexpl |  Obj  Depth IntInf | Incumbent    BestBd   Gap | It/Node Time

     0     0 -19405.122    0 1759 -16362.442 -19405.122  18.6%     -   29s
H    0     0                    -19374.72232 -19405.122  0.16%     -   32s
     0     0 -19405.097    0 1896 -19374.722 -19405.097  0.16%     -   37s
     0     0 -19405.023    0 1892 -19374.722 -19405.023  0.16%     -   44s
     0     0 -19405.023    0 1891 -19374.722 -19405.023  0.16%     -   50s
     0     0 -19405.023    0 1817 -19374.722 -19405.023  0.16%     -   54s
     0     0 -19405.023    0 1817 -19374.722 -19405.023  0.16%     -   56s
     0     0 -19405.023    0 1814 -19374.722 -19405.023  0.16%     -   60s
     0     0 -19405.023    0 1275 -19374.722 -19405.023  0.16%     -   63s
     0     0 -19405.023    0 1364 -19374.722 -19405.023  0.16%     -   65s
     0     0 -19405.023    0 1450 -19374.722 -19405.023  0.16%     -   68s
     0     0 -19405.023    0 1150 -19374.722 -19405.023  0.16%     -   69s
H    0     0                    -19377.39989 -19405.023  0.14%     -   73s
     0     0 -19405.023    0 1124 -19377.400 -19405.023  0.14%     -   74s
     0     0 -19405.023    0 1169 -19377.400 -19405.023  0.14%     -   76s
     0     0 -19405.023    0 1169 -19377.400 -19405.023  0.14%     -   76s
     0     0 -19405.023    0 1169 -19377.400 -19405.023  0.14%     -   77s
     0     0 -19405.023    0 1389 -19377.400 -19405.023  0.14%     -   78s
     0     0 -19405.023    0 1389 -19377.400 -19405.023  0.14%     -   81s
     0     0 -19405.023    0 1205 -19377.400 -19405.023  0.14%     -   82s
H    0     0                    -19378.25237 -19405.023  0.14%     -   87s
     0     0 -19405.023    0 1270 -19378.252 -19405.023  0.14%     -   87s
     0     0 -19405.023    0 1139 -19378.252 -19405.023  0.14%     -   90s
     0     0 -19405.023    0 1139 -19378.252 -19405.023  0.14%     -   90s
     0     0 -19405.023    0 1139 -19378.252 -19405.023  0.14%     -   91s
     0     0 -19405.023    0 1139 -19378.252 -19405.023  0.14%     -   95s
     0     0 -19405.023    0 1139 -19378.252 -19405.023  0.14%     -   97s
     0     0 -19405.023    0 1139 -19378.252 -19405.023  0.14%     -   98s
     0     0 -19405.023    0 1139 -19378.252 -19405.023  0.14%     -   99s
     0     0 -19405.023    0 1139 -19378.252 -19405.023  0.14%     -  100s
     0     2 -19405.023    0 1139 -19378.252 -19405.023  0.14%     -  104s
     1     4 -19404.997    1 1258 -19378.252 -19405.023  0.14%  1546  107s
     3     8 -19404.814    2 1055 -19378.252 -19405.023  0.14%  2660  111s
     7    16 -19403.938    3 1292 -19378.252 -19405.023  0.14%  2238  120s
    15    28 -19403.938    4 1293 -19378.252 -19405.023  0.14%  1657  129s
    27    41 -19403.938    5 1293 -19378.252 -19405.023  0.14%  1904  142s
    40   107 -19403.672    6 1446 -19378.252 -19405.023  0.14%  1832  169s
H   69   107                    -19385.13579 -19405.023  0.10%  1468  169s
H  106   169                    -19385.14683 -19405.023  0.10%  1422  226s
H  113   169                    -19385.15402 -19405.023  0.10%  1523  226s
   168   323 -19400.401   17 1093 -19385.154 -19405.023  0.10%  2352  295s
H  178   323                    -19385.15966 -19405.023  0.10%  2285  295s
H  207   323                    -19385.18279 -19405.023  0.10%  2494  295s
H  233   323                    -19385.19081 -19405.023  0.10%  2334  295s
H  306   323                    -19385.21626 -19405.023  0.10%  2437  295s
   322   556 -19400.600   25 1185 -19385.216 -19405.023  0.10%  2423  386s
H  326   556                    -19394.20381 -19405.023  0.06%  2443  386s
H  383   556                    -19397.32079 -19405.023  0.04%  2387  386s

Cutting planes:
  Gomory: 53
  Cover: 135
  Implied bound: 361
  MIR: 126
  Flow cover: 531
  Relax-and-lift: 54

Explored 555 nodes (1467783 simplex iterations) in 386.66 seconds (408.29 work units)
Thread count was 24 (of 24 available processors)

Solution count 10: -19397.3 -19394.2 -19385.2 ... -19378.3

Optimal solution found (tolerance 1.00e-03)
Best objective -1.939732078591e+04, best bound -1.940502250469e+04, gap 0.0397%
Set parameter MIPGap to value 0.001
Gurobi Optimizer version 13.0.1 build v13.0.1rc0 (win64 - Windows 10.0 (19045.2))

CPU model: AMD Ryzen 9 5900X 12-Core Processor, instruction set [SSE2|AVX|AVX2]
Thread count: 12 physical cores, 24 logical processors, using up to 24 threads

Non-default parameters:
TimeLimit  10800
MIPGap  0.001
NodefileStart  3
LogToConsole  0

Optimize a model with 340104 rows, 343286 columns and 1483240 nonzeros (Min)
Model fingerprint: 0xdd17a564
Model has 22 linear objective coefficients
Variable types: 289046 continuous, 54240 integer (54240 binary)
Coefficient statistics:
  Matrix range     [3e-04, 2e+02]
  Objective range  [5e-02, 1e+00]
  Bounds range     [9e-03, 6e+01]
  RHS range        [5e-02, 1e+01]

Warning: Completing partial solution with 53952 unfixed non-continuous variables out of 54240
User MIP start produced solution with objective -19390.2 (2.31s)
User MIP start produced solution with objective -19390.2 (2.36s)
Loaded user MIP start with objective -19390.2
Processing MIP start from previous solve: 0 nodes explored in subMIP, total elapsed time 5s
Processing MIP start from previous solve: 0 nodes explored in subMIP, total elapsed time 10s
MIP start from previous solve produced solution with objective -19390.2 (11.27s)
MIP start from previous solve produced solution with objective -19390.2 (11.33s)
Loaded MIP start from previous solve with objective -19390.2
Processed MIP start in 11.33 seconds (13.71 work units)

Presolve removed 152056 rows and 125250 columns
Presolve time: 3.37s
Presolved: 188048 rows, 218036 columns, 746347 nonzeros
Variable types: 169134 continuous, 48902 integer (48901 binary)
Deterministic concurrent LP optimizer: primal simplex, dual simplex, and barrier
Showing barrier log only...

Root barrier log...

Ordering time: 1.51s
Ordering time: 1.69s

Barrier statistics:
 Dense cols : 567
 Free vars  : 41
 AA' NZ     : 6.366e+05
 Factor NZ  : 3.426e+06 (roughly 180 MB of memory)
 Factor Ops : 5.689e+08 (less than 1 second per iteration)
 Threads    : 10

                  Objective                Residual
Iter       Primal          Dual         Primal    Dual     Compl     Time
   0   1.50500169e-01 -2.25068317e+04  1.41e+04 6.40e+01  4.65e+00    18s
   1  -4.25688501e+04 -2.62719757e+04  1.40e+04 5.73e+01  4.70e+00    18s
   2  -5.77808254e+05 -2.99998695e+04  1.15e+04 5.31e+01  3.93e+00    18s
   3  -5.16705234e+05 -3.36260379e+04  9.07e+03 4.74e+01  3.26e+00    18s
   4  -6.12672092e+05 -3.93145784e+04  7.96e+03 3.83e+01  2.96e+00    18s
   5  -5.82036983e+05 -4.56892245e+04  5.32e+03 2.66e+01  1.99e+00    19s
   6  -1.88886156e+05 -5.52244995e+04  1.51e+03 4.50e+00  6.44e-01    19s
   7  -9.57235697e+04 -4.57253699e+04  6.19e+02 6.77e-01  2.71e-01    19s
   8  -8.13113734e+04 -3.99871032e+04  4.89e+02 3.83e-01  2.08e-01    19s
   9  -7.47879476e+04 -3.80483985e+04  4.33e+02 3.01e-01  1.82e-01    19s
  10  -6.31141617e+04 -3.66030985e+04  3.33e+02 2.47e-01  1.42e-01    19s
  11  -5.47250337e+04 -3.60098183e+04  2.62e+02 2.31e-01  1.16e-01    19s
  12  -5.18475948e+04 -3.52639091e+04  2.38e+02 2.11e-01  1.06e-01    19s
  13  -4.38745211e+04 -3.17794429e+04  1.72e+02 1.34e-01  7.46e-02    19s
  14  -3.41901326e+04 -2.93661675e+04  9.38e+01 9.46e-02  4.39e-02    20s
  15  -3.03088061e+04 -2.68876795e+04  6.67e+01 6.39e-02  3.09e-02    20s
  16  -2.77495538e+04 -2.57826221e+04  4.96e+01 5.25e-02  2.40e-02    20s
  17  -2.68814974e+04 -2.50602180e+04  4.40e+01 4.53e-02  2.10e-02    20s
  18  -2.63290196e+04 -2.46921647e+04  4.05e+01 4.17e-02  1.93e-02    20s
  19  -2.59671193e+04 -2.44735847e+04  3.81e+01 3.95e-02  1.82e-02    20s
  20  -2.56241671e+04 -2.43909262e+04  3.57e+01 3.86e-02  1.75e-02    20s
  21  -2.45849314e+04 -2.37488931e+04  2.83e+01 3.20e-02  1.41e-02    20s
  22  -2.36715599e+04 -2.33026990e+04  2.23e+01 2.79e-02  1.17e-02    20s
  23  -2.31980817e+04 -2.29674162e+04  1.93e+01 2.49e-02  1.03e-02    21s
  24  -2.26804116e+04 -2.24672352e+04  1.59e+01 2.03e-02  8.47e-03    21s
  25  -2.24403832e+04 -2.20395877e+04  1.45e+01 1.66e-02  7.25e-03    21s
  26  -2.22719712e+04 -2.16920453e+04  1.34e+01 1.45e-02  6.54e-03    21s
  27  -2.21493297e+04 -2.14685955e+04  1.27e+01 1.39e-02  6.21e-03    21s
  28  -2.21413804e+04 -2.13152076e+04  1.27e+01 1.38e-02  6.18e-03    21s
  29  -2.21151927e+04 -2.11858201e+04  1.25e+01 1.38e-02  6.14e-03    21s
  30  -2.20573883e+04 -2.11579193e+04  1.22e+01 1.32e-02  5.95e-03    22s
  31  -2.14483120e+04 -2.10442239e+04  9.35e+00 1.03e-02  4.76e-03    22s
  32  -2.09507234e+04 -2.10416351e+04  7.03e+00 9.63e-03  4.28e-03    22s
  33  -2.04685949e+04 -2.08281916e+04  4.82e+00 8.45e-03  3.58e-03    22s
  34  -2.00938275e+04 -2.05725666e+04  3.10e+00 7.03e-03  2.84e-03    22s
  35  -1.99120727e+04 -2.03540851e+04  2.29e+00 5.74e-03  2.29e-03    23s
  36  -1.97308587e+04 -2.02435079e+04  1.49e+00 5.09e-03  1.95e-03    23s
  37  -1.96937708e+04 -2.01623748e+04  1.32e+00 4.61e-03  1.76e-03    23s
  38  -1.96128873e+04 -2.00325173e+04  9.61e-01 3.85e-03  1.45e-03    23s
  39  -1.95345067e+04 -1.99450264e+04  6.21e-01 3.31e-03  1.22e-03    23s
  40  -1.94836230e+04 -1.98522029e+04  4.00e-01 2.77e-03  9.99e-04    23s
  41  -1.94656743e+04 -1.96886237e+04  3.21e-01 1.79e-03  6.55e-04    23s
  42  -1.94311229e+04 -1.96538195e+04  1.69e-01 1.58e-03  5.59e-04    24s
  43  -1.94234230e+04 -1.96040463e+04  1.33e-01 1.27e-03  4.51e-04    24s
  44  -1.94111222e+04 -1.95646838e+04  7.57e-02 1.03e-03  3.60e-04    24s
  45  -1.94099067e+04 -1.95576777e+04  6.83e-02 9.89e-04  3.44e-04    24s
  46  -1.94079851e+04 -1.95117545e+04  5.81e-02 7.11e-04  2.48e-04    24s
  47  -1.94034601e+04 -1.94766953e+04  3.48e-02 4.90e-04  1.71e-04    24s
  48  -1.94005928e+04 -1.94532316e+04  1.90e-02 3.42e-04  1.19e-04    24s
  49  -1.93992861e+04 -1.94372391e+04  1.08e-02 2.37e-04  8.43e-05    24s
  50  -1.93991033e+04 -1.94317657e+04  9.21e-03 2.03e-04  7.25e-05    24s
  51  -1.93987105e+04 -1.94244024e+04  6.99e-03 1.57e-04  5.68e-05    24s
  52  -1.93983105e+04 -1.94147599e+04  4.53e-03 9.84e-05  3.64e-05    25s
  53  -1.93982207e+04 -1.94119113e+04  3.02e-03 8.11e-05  2.98e-05    25s
  54  -1.93981867e+04 -1.94112986e+04  2.70e-03 7.74e-05  2.84e-05    25s
  55  -1.93980237e+04 -1.94082463e+04  1.60e-03 5.87e-05  2.18e-05    25s
  56  -1.93980324e+04 -1.94065271e+04  1.23e-03 4.85e-05  1.81e-05    25s
  57  -1.93980386e+04 -1.94033318e+04  1.02e-03 2.92e-05  1.14e-05    25s
  58  -1.93980294e+04 -1.93996232e+04  6.35e-04 7.56e-06  3.64e-06    25s
  59  -1.93980323e+04 -1.93994585e+04  2.51e-04 6.76e-06  3.05e-06    25s
  60  -1.93980520e+04 -1.93992062e+04  1.33e-04 5.48e-06  2.42e-06    25s
  61  -1.93980673e+04 -1.93984312e+04  2.30e-05 1.66e-06  7.49e-07    25s
  62  -1.93980715e+04 -1.93980935e+04  1.05e-05 4.06e-08  5.06e-08    25s

Barrier performed 62 iterations in 25.34 seconds (27.89 work units)
Objective cutoff exceeded

Concurrent spin time: 2.46s (can be avoided by choosing Method=3)

Solved with barrier

Root relaxation: interrupted, 0 iterations, 12.44 seconds (8.76 work units)

    Nodes    |    Current Node    |     Objective Bounds      |     Work
 Expl Unexpl |  Obj  Depth IntInf | Incumbent    BestBd   Gap | It/Node Time

     0     0          -    0      -19390.214 -19398.094  0.04%     -   27s

Explored 1 nodes (0 simplex iterations) in 27.91 seconds (27.91 work units)
Thread count was 24 (of 24 available processors)

Solution count 3: -19390.2 -19390.2 -19390.2 

Optimal solution found (tolerance 1.00e-03)
Best objective -1.939021444134e+04, best bound -1.939809351255e+04, gap 0.0406%
Set parameter MIPGap to value 0.0001
Gurobi Optimizer version 13.0.1 build v13.0.1rc0 (win64 - Windows 10.0 (19045.2))

CPU model: AMD Ryzen 9 5900X 12-Core Processor, instruction set [SSE2|AVX|AVX2]
Thread count: 12 physical cores, 24 logical processors, using up to 24 threads

Non-default parameters:
TimeLimit  10800
NodefileStart  3
LogToConsole  0

Optimize a model with 340124 rows, 343286 columns and 1483320 nonzeros (Min)
Model fingerprint: 0x057e57a6
Model has 22 linear objective coefficients
Variable types: 289046 continuous, 54240 integer (54240 binary)
Coefficient statistics:
  Matrix range     [3e-04, 2e+02]
  Objective range  [5e-02, 1e+00]
  Bounds range     [9e-03, 6e+01]
  RHS range        [5e-02, 1e+01]

Warning: Completing partial solution with 53952 unfixed non-continuous variables out of 54240
User MIP start produced solution with objective -19390.2 (2.27s)
User MIP start produced solution with objective -19390.2 (2.32s)
Loaded user MIP start with objective -19390.2
Processing MIP start from previous solve: 0 nodes explored in subMIP, total elapsed time 5s
MIP start from previous solve produced solution with objective -19390.2 (9.43s)
MIP start from previous solve produced solution with objective -19390.2 (9.48s)
Loaded MIP start from previous solve with objective -19390.2
Processed MIP start in 9.48 seconds (11.21 work units)

Presolve removed 152056 rows and 125250 columns
Presolve time: 3.38s
Presolved: 188068 rows, 218036 columns, 746407 nonzeros
Variable types: 169134 continuous, 48902 integer (48901 binary)
Deterministic concurrent LP optimizer: primal simplex, dual simplex, and barrier
Showing barrier log only...

Root barrier log...

Ordering time: 1.53s
Ordering time: 1.72s

Barrier statistics:
 Dense cols : 567
 Free vars  : 41
 AA' NZ     : 6.376e+05
 Factor NZ  : 3.427e+06 (roughly 180 MB of memory)
 Factor Ops : 5.689e+08 (less than 1 second per iteration)
 Threads    : 10

                  Objective                Residual
Iter       Primal          Dual         Primal    Dual     Compl     Time
   0   1.50500018e-01 -2.25068317e+04  1.41e+04 6.40e+01  4.65e+00    16s
   1  -4.25688001e+04 -2.62719771e+04  1.40e+04 5.73e+01  4.70e+00    16s
   2  -5.77807707e+05 -2.99998765e+04  1.15e+04 5.31e+01  3.93e+00    16s
   3  -5.16704764e+05 -3.36260465e+04  9.07e+03 4.74e+01  3.26e+00    17s
   4  -6.12671625e+05 -3.93146024e+04  7.96e+03 3.83e+01  2.96e+00    17s
   5  -5.82035822e+05 -4.56892465e+04  5.32e+03 2.66e+01  1.99e+00    17s
   6  -1.88885520e+05 -5.52244751e+04  1.51e+03 4.50e+00  6.44e-01    17s
   7  -9.57211062e+04 -4.56846725e+04  6.19e+02 6.62e-01  2.71e-01    17s
   8  -8.13584945e+04 -3.98662455e+04  4.89e+02 3.69e-01  2.07e-01    17s
   9  -7.45636085e+04 -3.77704803e+04  4.31e+02 2.91e-01  1.81e-01    17s
  10  -6.15877783e+04 -3.68158396e+04  3.20e+02 2.63e-01  1.39e-01    17s
  11  -5.61590246e+04 -3.48019073e+04  2.73e+02 2.10e-01  1.17e-01    18s
  12  -4.70292463e+04 -3.21837824e+04  1.97e+02 1.49e-01  8.48e-02    18s
  13  -3.52091474e+04 -2.93744660e+04  1.05e+02 1.02e-01  4.87e-02    18s
  14  -3.08603451e+04 -2.61532031e+04  7.28e+01 5.56e-02  3.18e-02    18s
  15  -2.84839236e+04 -2.49119315e+04  5.60e+01 4.22e-02  2.43e-02    18s
  16  -2.81266478e+04 -2.47130035e+04  5.37e+01 4.02e-02  2.33e-02    18s
  17  -2.71776499e+04 -2.44345501e+04  4.75e+01 3.75e-02  2.11e-02    18s
  18  -2.62486159e+04 -2.41184487e+04  4.12e+01 3.41e-02  1.87e-02    18s
  19  -2.48129166e+04 -2.37699294e+04  3.11e+01 3.08e-02  1.53e-02    19s
  20  -2.35242655e+04 -2.34278258e+04  2.23e+01 2.77e-02  1.23e-02    19s
  21  -2.25795672e+04 -2.25161622e+04  1.61e+01 1.97e-02  8.90e-03    19s
  22  -2.22848645e+04 -2.20946583e+04  1.42e+01 1.63e-02  7.61e-03    19s
  23  -2.20814427e+04 -2.16715267e+04  1.29e+01 1.40e-02  6.74e-03    19s
  24  -2.20426233e+04 -2.15830713e+04  1.27e+01 1.39e-02  6.64e-03    19s
  25  -2.20339394e+04 -2.13767856e+04  1.26e+01 1.38e-02  6.60e-03    19s
  26  -2.20155149e+04 -2.12759623e+04  1.25e+01 1.37e-02  6.57e-03    19s
  27  -2.19776587e+04 -2.12428439e+04  1.24e+01 1.35e-02  6.44e-03    19s
  28  -2.17253466e+04 -2.11688346e+04  1.11e+01 1.32e-02  6.05e-03    20s
  29  -2.09975676e+04 -2.08805049e+04  7.61e+00 1.08e-02  4.66e-03    20s
  30  -2.04314939e+04 -2.03482173e+04  4.88e+00 6.64e-03  2.93e-03    20s
  31  -2.01716789e+04 -2.02285727e+04  3.63e+00 5.74e-03  2.42e-03    20s
  32  -1.99747416e+04 -2.01455150e+04  2.71e+00 5.13e-03  2.06e-03    20s
  33  -1.99411865e+04 -2.00095826e+04  2.55e+00 4.17e-03  1.75e-03    20s
  34  -1.97749840e+04 -1.99160895e+04  1.75e+00 3.51e-03  1.39e-03    20s
  35  -1.96140218e+04 -1.97687795e+04  1.01e+00 2.50e-03  9.55e-04    20s
  36  -1.95474744e+04 -1.96698158e+04  7.02e-01 1.84e-03  6.93e-04    21s
  37  -1.94710405e+04 -1.95530142e+04  3.56e-01 1.07e-03  3.92e-04    21s
  38  -1.94612789e+04 -1.95434515e+04  3.09e-01 1.00e-03  3.63e-04    21s
  39  -1.94515510e+04 -1.95301124e+04  2.63e-01 9.10e-04  3.26e-04    21s
  40  -1.94469168e+04 -1.95239540e+04  2.41e-01 8.66e-04  3.09e-04    21s
  41  -1.94348156e+04 -1.94961235e+04  1.84e-01 6.69e-04  2.41e-04    21s
  42  -1.94216548e+04 -1.94781385e+04  1.21e-01 5.43e-04  1.92e-04    21s
  43  -1.94146038e+04 -1.94551681e+04  8.65e-02 3.88e-04  1.37e-04    21s
  44  -1.94092592e+04 -1.94403028e+04  5.99e-02 2.85e-04  1.01e-04    21s
  45  -1.94059166e+04 -1.94294194e+04  4.29e-02 2.09e-04  7.50e-05    21s
  46  -1.94044252e+04 -1.94258279e+04  3.51e-02 1.85e-04  6.58e-05    21s
  47  -1.94033266e+04 -1.94189975e+04  2.90e-02 1.40e-04  5.03e-05    21s
  48  -1.94017593e+04 -1.94110664e+04  2.11e-02 8.53e-05  3.23e-05    22s
  49  -1.94005388e+04 -1.94091572e+04  1.43e-02 7.28e-05  2.66e-05    22s
  50  -1.93999381e+04 -1.94023257e+04  1.10e-02 2.69e-05  1.18e-05    22s
  51  -1.93989214e+04 -1.94002268e+04  5.17e-03 1.34e-05  5.93e-06    22s
  52  -1.93985869e+04 -1.93991301e+04  3.22e-03 6.59e-06  3.14e-06    22s
  53  -1.93983838e+04 -1.93989539e+04  1.97e-03 5.50e-06  2.41e-06    22s
  54  -1.93983142e+04 -1.93988833e+04  1.54e-03 5.04e-06  2.13e-06    22s
  55  -1.93982823e+04 -1.93985645e+04  1.35e-03 3.08e-06  1.43e-06    22s
  56  -1.93981850e+04 -1.93983450e+04  7.48e-04 1.67e-06  8.05e-07    23s
  57  -1.93981141e+04 -1.93980816e+04  2.96e-04 4.91e-08  1.24e-07    23s
  58  -1.93980830e+04 -1.93980737e+04  9.55e-05 1.64e-08  4.21e-08    23s
  59  -1.93980720e+04 -1.93980733e+04  1.84e-05 1.44e-08  1.45e-08    23s
  60  -1.93980697e+04 -1.93980715e+04  2.50e-06 6.99e-09  5.03e-09    23s
  61  -1.93980695e+04 -1.93980700e+04  1.20e-07 3.41e-09  6.34e-10    23s
  62  -1.93980695e+04 -1.93980695e+04  8.19e-09 3.21e-11  1.10e-11    23s

Barrier solved model in 62 iterations and 23.12 seconds (24.27 work units)
Optimal objective -1.93980695e+04


Root crossover log...

   58668 DPushes remaining with DInf 5.8340859e-05                23s
       0 DPushes remaining with DInf 0.0000000e+00                24s

   34777 PPushes remaining with PInf 1.0542218e-04                24s
   27819 PPushes remaining with PInf 4.4900193e-05                25s
       0 PPushes remaining with PInf 0.0000000e+00                26s

  Push phase complete: Pinf 0.0000000e+00, Dinf 8.8221650e+01     26s


Root simplex log...

Iteration    Objective       Primal Inf.    Dual Inf.      Time
   80834   -1.9398069e+04   0.000000e+00   8.822165e+01     26s
   81028   -1.9398069e+04   0.000000e+00   0.000000e+00     27s
Crossover time: 3.39 seconds (4.47 work units)
Concurrent spin time: 3.10s (can be avoided by choosing Method=3)

Solved with barrier
   81028   -1.9398069e+04   0.000000e+00   0.000000e+00     30s

Root relaxation: objective -1.939807e+04, 81028 iterations, 16.16 seconds (12.14 work units)

    Nodes    |    Current Node    |     Objective Bounds      |     Work
 Expl Unexpl |  Obj  Depth IntInf | Incumbent    BestBd   Gap | It/Node Time

     0     0 -19398.069    0 1472 -19390.213 -19398.069  0.04%     -   33s
     0     0 -19398.019    0 1376 -19390.213 -19398.019  0.04%     -   38s
     0     0 -19398.019    0 1377 -19390.213 -19398.019  0.04%     -   40s
     0     0 -19397.978    0 1281 -19390.213 -19397.978  0.04%     -   44s
     0     0 -19397.978    0 1281 -19390.213 -19397.978  0.04%     -   46s
     0     0 -19397.978    0 1323 -19390.213 -19397.978  0.04%     -   49s
     0     0 -19397.978    0 1245 -19390.213 -19397.978  0.04%     -   51s
     0     0 -19397.978    0 1167 -19390.213 -19397.978  0.04%     -   55s
     0     0 -19397.978    0 1167 -19390.213 -19397.978  0.04%     -   56s
     0     0 -19397.978    0 1165 -19390.213 -19397.978  0.04%     -   57s
     0     0 -19397.978    0 1166 -19390.213 -19397.978  0.04%     -   59s
     0     0 -19397.978    0 1166 -19390.213 -19397.978  0.04%     -   60s
     0     0 -19397.978    0 1167 -19390.213 -19397.978  0.04%     -   61s
     0     0 -19397.978    0 1166 -19390.213 -19397.978  0.04%     -   64s
     0     0 -19397.978    0 1166 -19390.213 -19397.978  0.04%     -   65s
     0     0 -19397.978    0 1165 -19390.213 -19397.978  0.04%     -   68s
     0     0 -19397.978    0 1165 -19390.213 -19397.978  0.04%     -   69s
     0     0 -19397.978    0 1165 -19390.213 -19397.978  0.04%     -   70s
     0     0 -19397.978    0 1165 -19390.213 -19397.978  0.04%     -   71s
     0     2 -19397.978    0 1165 -19390.213 -19397.978  0.04%     -   85s
     3     8 -19397.749    2 1362 -19390.213 -19397.978  0.04%  1591   90s
     7    16 -19397.664    3 1401 -19390.213 -19397.978  0.04%  1045   95s
    15    28 -19397.664    4 1244 -19390.213 -19397.975  0.04%  1083  102s
    27    44 -19397.650    5 1219 -19390.213 -19397.971  0.04%  1034  114s
    43    72 -19397.328    6 1453 -19390.213 -19397.970  0.04%  1909  130s
    71   104 -19397.553    7 1192 -19390.213 -19397.970  0.04%  1751  143s
   103   124 -19395.134    8 1369 -19390.213 -19397.970  0.04%  1764  172s
H  109   124                    -19390.21626 -19397.970  0.04%  1868  172s
H  113   124                    -19390.25512 -19397.970  0.04%  2205  172s
   123   135 -19396.832    9  944 -19390.255 -19397.970  0.04%  2226  212s
   134   181 -19392.522    9 1149 -19390.255 -19397.970  0.04%  2740  252s
   180   251 -19396.279   10 1477 -19390.255 -19397.970  0.04%  3204  310s
   258   263 -19395.673   15 1068 -19390.255 -19397.970  0.04%  3447  460s
H  268   263                    -19390.25785 -19397.970  0.04%  3454  460s
   270   370 -19395.431   15 1196 -19390.258 -19397.970  0.04%  3476  562s
   377   556 -19392.812   18 1443 -19390.258 -19397.970  0.04%  3560  662s
H  461   556                    -19391.89573 -19397.970  0.03%  3267  662s
   611   660     cutoff   32      -19391.896 -19397.970  0.03%  2977  765s
   783   716 -19393.892   14 1478 -19391.896 -19397.961  0.03%  2950  868s
H  785   716                    -19392.04390 -19397.961  0.03%  2947  868s
   875   796 -19395.190   16 1065 -19392.044 -19397.948  0.03%  2998 1014s
  1137   823 -19392.874   15  992 -19392.044 -19397.920  0.03%  2917 1176s
  1370   933     cutoff    8      -19392.044 -19397.785  0.03%  2876 1334s
  1650  1109 -19397.022   10 1272 -19392.044 -19397.757  0.03%  2891 1517s
  2086  1257 -19392.319   22 1083 -19392.044 -19397.731  0.03%  2729 1743s
H 2146  1244                    -19392.07617 -19397.731  0.03%  2697 1743s
  2451  1406 -19392.530   21 1027 -19392.076 -19397.646  0.03%  2618 1967s
  2934  1640 -19394.600   10 1057 -19392.076 -19397.494  0.03%  2526 2213s
H 3422  1621                    -19392.09208 -19397.411  0.03%  2470 2279s
  3423  1622 -19392.228   24 1165 -19392.092 -19397.411  0.03%  2469 2484s
  3425  1623 -19393.467   13 1838 -19392.092 -19397.411  0.03%  2468 2506s
  3426  1624 -19394.684   12 1980 -19392.092 -19397.411  0.03%  2467 2521s
  3427  1625 -19396.171   14 2168 -19392.092 -19397.411  0.03%  2466 2526s
  3429  1626 -19397.354   10 1474 -19392.092 -19397.411  0.03%  2465 2541s
  3430  1627 -19393.481   19 1474 -19392.092 -19397.411  0.03%  2464 2545s
  3431  1630 -19397.411   15 1468 -19392.092 -19397.411  0.03%  2503 2550s
  3437  1640 -19397.411   17 1749 -19392.092 -19397.411  0.03%  2502 2560s
  3445  1650 -19397.411   18 1796 -19392.092 -19397.411  0.03%  2510 2570s
  3457  1660 -19397.411   19 1736 -19392.092 -19397.411  0.03%  2515 2582s
  3473  1668 -19395.403   20 1554 -19392.092 -19397.411  0.03%  2518 2590s
  3487  1675 -19396.656   21 1728 -19392.092 -19397.411  0.03%  2521 2611s
  3500  1684 -19397.213   21 1646 -19392.092 -19397.411  0.03%  2530 2628s
  3518  1691 -19396.291   22 1908 -19392.092 -19397.411  0.03%  2558 2650s
  3533  1691 -19395.519   23 1803 -19392.092 -19397.411  0.03%  2566 2675s
  3550  1697 -19396.114   23 1806 -19392.092 -19397.411  0.03%  2587 2699s
  3575  1694     cutoff   24      -19392.092 -19397.411  0.03%  2591 2733s
  3607  1693 -19395.905   25 1632 -19392.092 -19397.411  0.03%  2610 2749s
  3627  1703 -19395.818   27 1615 -19392.092 -19397.411  0.03%  2615 2773s
  3677  1690 -19395.350   31 1158 -19392.092 -19397.411  0.03%  2634 2870s
  3697  1693 -19392.632   31 1193 -19392.092 -19397.411  0.03%  2638 2907s
  3721  1704 -19395.350   32 1158 -19392.092 -19397.411  0.03%  2647 2930s
  3747  1706 -19394.703   33 1228 -19392.092 -19397.411  0.03%  2664 2948s
  3782  1708 -19394.055   36 1113 -19392.092 -19397.411  0.03%  2665 2968s
  3816  1709 -19393.713   38 1031 -19392.092 -19397.411  0.03%  2662 2987s
  3851  1700 -19392.682   40  854 -19392.092 -19397.411  0.03%  2666 3021s
  3868  1713 -19392.410   41  746 -19392.092 -19397.411  0.03%  2664 3037s
  3928  1718 -19392.230   45  697 -19392.092 -19397.056  0.03%  2646 3080s
H 3941  1631                    -19392.09706 -19397.056  0.03%  2639 3080s
  4046  1645 -19392.106   52  619 -19392.097 -19396.965  0.03%  2621 3113s
  4156  1642 -19392.104   64  533 -19392.097 -19396.656  0.02%  2595 3159s
  4273  1629 -19392.305   23 1303 -19392.097 -19396.549  0.02%  2581 3209s
  4419  1612     cutoff   25      -19392.097 -19396.294  0.02%  2553 3263s
  4563  1591 -19393.682   24 2016 -19392.097 -19396.294  0.02%  2539 3317s
  4703  1586 -19392.563   25 1843 -19392.097 -19395.842  0.02%  2522 3388s
  4927  1573 -19392.610   21 1724 -19392.097 -19395.432  0.02%  2487 3481s
H 5176  1517                    -19392.09721 -19395.321  0.02%  2478 3614s
H 5189  1438                    -19392.09827 -19395.141  0.02%  2478 3614s
H 5309  1328                    -19392.09866 -19395.123  0.02%  2451 3614s
H 5356  1247                    -19392.09881 -19395.123  0.02%  2453 3614s
  5511  1239 -19392.339   29 1697 -19392.099 -19395.123  0.02%  2420 3744s
  5929  1081 -19392.840   27 1842 -19392.099 -19394.766  0.01%  2383 3878s
  6365   949 -19392.373   30 1198 -19392.099 -19394.313  0.01%  2352 4056s

Cutting planes:
  Gomory: 6
  Cover: 2
  Implied bound: 4
  MIR: 20
  Flow cover: 167
  Network: 1
  Relax-and-lift: 4

Explored 6998 nodes (15979276 simplex iterations) in 4056.92 seconds (3964.82 work units)
Thread count was 24 (of 24 available processors)

Solution count 10: -19392.1 -19392.1 -19392.1 ... -19392.1

Optimal solution found (tolerance 1.00e-04)
Best objective -1.939209880505e+04, best bound -1.939385868350e+04, gap 0.0091%
