
Gurobi 13.0.1 (win64) logging started Wed Oct  7 16:17:14 2026

Set parameter LogFile to value "ieee_owen\weak_eps_experiment\stochastic\main17\logs\n60_S20_day7_ef_gurobi.log"
Set parameter NodefileStart to value 3
Set parameter MIPGap to value 0.0001
Gurobi Optimizer version 13.0.1 build v13.0.1rc0 (win64 - Windows 10.0 (19045.2))

CPU model: AMD Ryzen 9 5900X 12-Core Processor, instruction set [SSE2|AVX|AVX2]
Thread count: 12 physical cores, 24 logical processors, using up to 24 threads

Non-default parameters:
TimeLimit  10800
NodefileStart  3
LogToConsole  0

Optimize a model with 340064 rows, 343286 columns and 1483100 nonzeros (Min)
Model fingerprint: 0x4291d3ad
Model has 22 linear objective coefficients
Variable types: 289046 continuous, 54240 integer (54240 binary)
Coefficient statistics:
  Matrix range     [3e-04, 2e+02]
  Objective range  [5e-02, 1e+00]
  Bounds range     [9e-03, 6e+01]
  RHS range        [5e-02, 1e+01]

Presolve removed 152056 rows and 125250 columns
Presolve time: 3.40s
Presolved: 188008 rows, 218036 columns, 746246 nonzeros
Variable types: 169134 continuous, 48902 integer (48901 binary)
Found heuristic solution: objective -16762.68243
Deterministic concurrent LP optimizer: primal simplex, dual simplex, and barrier
Showing barrier log only...

Root barrier log...

Ordering time: 1.46s
Ordering time: 1.65s

Barrier statistics:
 Dense cols : 567
 Free vars  : 41
 AA' NZ     : 6.347e+05
 Factor NZ  : 3.431e+06 (roughly 180 MB of memory)
 Factor Ops : 5.716e+08 (less than 1 second per iteration)
 Threads    : 10

                  Objective                Residual
Iter       Primal          Dual         Primal    Dual     Compl     Time
   0   5.27048098e+00 -2.26487407e+04  1.51e+04 6.40e+01  4.98e+00     8s
   1  -4.50617363e+04 -2.63340912e+04  1.51e+04 5.75e+01  5.04e+00     8s
   2  -6.72258205e+05 -3.01668613e+04  1.21e+04 5.32e+01  4.10e+00     8s
   3  -5.89072974e+05 -3.40541169e+04  9.48e+03 4.71e+01  3.40e+00     9s
   4  -6.72192609e+05 -3.94901930e+04  8.31e+03 3.84e+01  3.07e+00     9s
   5  -6.20844495e+05 -4.63863522e+04  5.45e+03 2.54e+01  2.02e+00     9s
   6  -1.93276569e+05 -5.58729199e+04  1.48e+03 9.24e-01  6.36e-01     9s
   7  -9.94649134e+04 -4.56563820e+04  6.45e+02 1.24e-01  2.82e-01     9s
   8  -7.37914258e+04 -3.94734956e+04  4.16e+02 6.05e-02  1.79e-01     9s
   9  -6.03067851e+04 -3.77538549e+04  3.02e+02 4.84e-02  1.33e-01     9s
  10  -5.67047007e+04 -3.63326946e+04  2.72e+02 4.17e-02  1.19e-01     9s
  11  -4.83638266e+04 -3.46455322e+04  2.03e+02 3.45e-02  9.14e-02     9s
  12  -3.98580329e+04 -3.17601313e+04  1.35e+02 2.37e-02  6.19e-02     9s
  13  -3.28123494e+04 -2.91505289e+04  8.14e+01 1.59e-02  3.91e-02    10s
  14  -2.95662100e+04 -2.73663497e+04  5.82e+01 1.15e-02  2.84e-02    10s
  15  -2.88915228e+04 -2.63059781e+04  5.35e+01 9.20e-03  2.48e-02    10s
  16  -2.74871680e+04 -2.57544556e+04  4.35e+01 8.08e-03  2.08e-02    10s
  17  -2.53081419e+04 -2.49218900e+04  2.89e+01 6.54e-03  1.52e-02    10s
  18  -2.43996999e+04 -2.40487515e+04  2.30e+01 5.07e-03  1.20e-02    10s
  19  -2.31940333e+04 -2.33807590e+04  1.55e+01 3.96e-03  8.84e-03    10s
  20  -2.29060133e+04 -2.29015959e+04  1.38e+01 3.28e-03  7.55e-03    10s
  21  -2.28305093e+04 -2.27081523e+04  1.33e+01 3.12e-03  7.24e-03    11s
  22  -2.27968736e+04 -2.26461471e+04  1.31e+01 3.07e-03  7.13e-03    11s
  23  -2.27441062e+04 -2.22681274e+04  1.28e+01 2.95e-03  6.90e-03    11s
  24  -2.27009194e+04 -2.21340296e+04  1.25e+01 2.94e-03  6.81e-03    11s
  25  -2.26886343e+04 -2.22126122e+04  1.25e+01 2.92e-03  6.77e-03    11s
  26  -2.24272007e+04 -2.23854639e+04  1.12e+01 2.80e-03  6.41e-03    11s
  27  -2.21582049e+04 -2.22763290e+04  9.95e+00 2.72e-03  6.06e-03    11s
  28  -2.20454026e+04 -2.18666370e+04  9.43e+00 2.23e-03  5.26e-03    11s
  29  -2.16129699e+04 -2.17270871e+04  7.37e+00 2.04e-03  4.60e-03    11s
  30  -2.11182052e+04 -2.12984513e+04  5.01e+00 1.54e-03  3.37e-03    12s
  31  -2.07994704e+04 -2.08054134e+04  3.51e+00 9.12e-04  2.13e-03    12s
  32  -2.06293145e+04 -2.06427617e+04  2.71e+00 7.09e-04  1.66e-03    12s
  33  -2.03852902e+04 -2.04486783e+04  1.56e+00 4.67e-04  1.07e-03    12s
  34  -2.02576149e+04 -2.03210529e+04  9.76e-01 3.12e-04  7.11e-04    12s
  35  -2.02004033e+04 -2.02205443e+04  7.05e-01 1.91e-04  4.65e-04    12s
  36  -2.01610515e+04 -2.01941546e+04  5.18e-01 1.61e-04  3.77e-04    12s
  37  -2.01181000e+04 -2.01637432e+04  3.13e-01 1.26e-04  2.77e-04    12s
  38  -2.00920460e+04 -2.01322182e+04  1.87e-01 8.93e-05  1.91e-04    12s
  39  -2.00910012e+04 -2.01213559e+04  1.82e-01 7.69e-05  1.69e-04    12s
  40  -2.00736377e+04 -2.01044902e+04  9.78e-02 5.62e-05  1.19e-04    13s
  41  -2.00630605e+04 -2.00901365e+04  4.54e-02 3.97e-05  7.99e-05    13s
  42  -2.00622139e+04 -2.00824210e+04  4.11e-02 3.09e-05  6.41e-05    13s
  43  -2.00588643e+04 -2.00723040e+04  2.35e-02 1.94e-05  4.03e-05    13s
  44  -2.00573546e+04 -2.00638021e+04  1.57e-02 9.53e-06  2.21e-05    13s
  45  -2.00560743e+04 -2.00575958e+04  8.87e-03 3.06e-06  8.40e-06    13s
  46  -2.00549310e+04 -2.00557981e+04  2.64e-03 1.26e-06  3.31e-06    13s
  47  -2.00547132e+04 -2.00556560e+04  1.39e-03 1.12e-06  2.68e-06    13s
  48  -2.00545709e+04 -2.00546394e+04  5.72e-04 1.46e-07  4.86e-07    13s
  49  -2.00544797e+04 -2.00544783e+04  4.58e-05 5.64e-09  2.57e-08    13s
  50  -2.00544725e+04 -2.00544725e+04  1.98e-08 4.96e-10  1.65e-11    13s

Barrier solved model in 50 iterations and 13.28 seconds (13.50 work units)
Optimal objective -2.00544725e+04


Root crossover log...

   57753 DPushes remaining with DInf 4.3186772e-05                13s
       0 DPushes remaining with DInf 0.0000000e+00                14s

   35717 PPushes remaining with PInf 0.0000000e+00                14s
   12712 PPushes remaining with PInf 0.0000000e+00                15s
       0 PPushes remaining with PInf 0.0000000e+00                15s

  Push phase complete: Pinf 0.0000000e+00, Dinf 2.8885424e-11     15s


Root simplex log...

Iteration    Objective       Primal Inf.    Dual Inf.      Time
   80081   -2.0054473e+04   0.000000e+00   0.000000e+00     16s
Crossover time: 2.21 seconds (2.98 work units)
Concurrent spin time: 0.76s

Solved with barrier
   80081   -2.0054473e+04   0.000000e+00   0.000000e+00     16s

Root relaxation: objective -2.005447e+04, 80081 iterations, 10.69 seconds (9.35 work units)

    Nodes    |    Current Node    |     Objective Bounds      |     Work
 Expl Unexpl |  Obj  Depth IntInf | Incumbent    BestBd   Gap | It/Node Time

     0     0 -20054.473    0 1570 -16762.682 -20054.473  19.6%     -   20s
H    0     0                    -19986.03572 -20054.473  0.34%     -   24s
     0     0 -20054.473    0 1651 -19986.036 -20054.473  0.34%     -   29s
     0     0 -20054.473    0 1651 -19986.036 -20054.473  0.34%     -   32s
     0     0 -20054.473    0 1718 -19986.036 -20054.473  0.34%     -   37s
     0     0 -20054.473    0 1306 -19986.036 -20054.473  0.34%     -   39s
     0     0 -20054.473    0 1325 -19986.036 -20054.473  0.34%     -   40s
     0     0 -20054.473    0 1368 -19986.036 -20054.473  0.34%     -   44s
     0     0 -20054.473    0 1368 -19986.036 -20054.473  0.34%     -   45s
H    0     0                    -19995.66467 -20054.473  0.29%     -   48s
     0     0 -20054.473    0 1368 -19995.665 -20054.473  0.29%     -   49s
     0     0 -20054.473    0 1364 -19995.665 -20054.473  0.29%     -   52s
     0     0 -20054.473    0 1364 -19995.665 -20054.473  0.29%     -   52s
     0     0 -20054.473    0 1364 -19995.665 -20054.473  0.29%     -   53s
     0     0 -20054.473    0 1364 -19995.665 -20054.473  0.29%     -   54s
     0     0 -20054.473    0 1361 -19995.665 -20054.473  0.29%     -   57s
     0     0 -20054.473    0 1361 -19995.665 -20054.473  0.29%     -   58s
     0     0 -20054.473    0 1361 -19995.665 -20054.473  0.29%     -   63s
     0     0 -20054.473    0 1361 -19995.665 -20054.473  0.29%     -   65s
     0     0 -20054.473    0 1361 -19995.665 -20054.473  0.29%     -   68s
     0     0 -20054.473    0 1361 -19995.665 -20054.473  0.29%     -   69s
     0     2 -20054.473    0 1361 -19995.665 -20054.473  0.29%     -   74s
     1     4 -20054.473    1 1452 -19995.665 -20054.473  0.29%   485   76s
     3     8 -20054.245    2 1145 -19995.665 -20054.473  0.29%  2234   80s
     7    16 -20053.798    3 1079 -19995.665 -20054.473  0.29%  1633   86s
    15    28 -20053.301    4 1062 -19995.665 -20054.473  0.29%  1941   94s
    27    35 -20054.473    5 1247 -19995.665 -20054.473  0.29%  2194  161s
H   28    35                    -20019.41315 -20054.473  0.18%  2116  161s
    34    90 -20054.473    6 1208 -20019.413 -20054.473  0.18%  1903  181s
H   37    90                    -20039.07528 -20054.473  0.08%  1757  181s
H   89   301                    -20039.28332 -20054.473  0.08%  1227  217s
H  300   376                    -20041.06189 -20054.473  0.07%   958  276s
   375   519 -20054.313   22  924 -20041.062 -20054.473  0.07%  1210  352s
   518   531 -20053.758   29  754 -20041.062 -20054.473  0.07%  1399  508s
H  521   531                    -20042.43556 -20054.473  0.06%  1411  508s
   530   768 -20053.628   27  822 -20042.436 -20054.473  0.06%  1419  636s
   779  1177 -20052.679   40 1038 -20042.436 -20054.473  0.06%  2082  822s
H  836  1177                    -20042.48474 -20054.473  0.06%  2148  822s
H 1043  1177                    -20042.48515 -20054.473  0.06%  2114  822s
  1194  1810 -20047.458   65  730 -20042.485 -20054.473  0.06%  2203  982s
H 1271  1810                    -20042.49129 -20054.473  0.06%  2118  982s
H 1573  1788                    -20043.52264 -20054.473  0.05%  1907  983s
H 1898  1771                    -20043.75599 -20054.473  0.05%  1813  983s
  2029  1820     cutoff  101      -20043.756 -20054.473  0.05%  1790 1152s
H 2174  1718                    -20044.58061 -20054.473  0.05%  1797 1152s
  2438  1623 -20054.203   19 1361 -20044.581 -20054.473  0.05%  1798 1308s
  2440  1624 -20052.365    9 2425 -20044.581 -20054.473  0.05%  1797 1341s
  2441  1625 -20049.081   14 1155 -20044.581 -20054.473  0.05%  1796 1376s
  2442  1626 -20053.782   11 1455 -20044.581 -20054.473  0.05%  1795 1395s
  2443  1626 -20045.451   56  994 -20044.581 -20054.473  0.05%  1795 1418s
  2444  1627 -20044.791   67 1224 -20044.581 -20054.372  0.05%  1794 1440s
  2445  1628 -20053.418   13 1181 -20044.581 -20054.371  0.05%  1793 1464s
  2446  1628 -20054.286   25 1231 -20044.581 -20054.286  0.05%  1792 1465s
  2447  1629 -20050.339   16 1324 -20044.581 -20054.284  0.05%  1792 1475s
  2448  1630 -20052.416   12 1028 -20044.581 -20054.245  0.05%  1791 1491s
  2449  1630 -20047.082   58 1048 -20044.581 -20054.245  0.05%  1790 1500s
  2450  1631 -20054.243   26 1054 -20044.581 -20054.243  0.05%  1790 1511s
  2451  1632 -20053.603   28 1052 -20044.581 -20054.243  0.05%  1789 1516s
  2452  1632 -20048.892   20 1051 -20044.581 -20054.243  0.05%  1788 1527s
  2453  1633 -20045.065   49 1051 -20044.581 -20054.243  0.05%  1787 1533s
  2454  1634 -20044.912  124 1051 -20044.581 -20054.243  0.05%  1787 1543s
  2455  1634 -20044.830   83 1058 -20044.581 -20054.208  0.05%  1786 1549s
  2456  1635 -20051.486   24 1033 -20044.581 -20054.208  0.05%  1785 1559s
  2457  1636 -20050.874   29 1054 -20044.581 -20054.208  0.05%  1784 1566s
  2458  1636 -20054.208   19 1044 -20044.581 -20054.208  0.05%  1784 1575s
  2459  1637 -20045.349   66 1046 -20044.581 -20054.208  0.05%  1783 1581s
H 2459  1554                    -20044.60966 -20054.162  0.05%  1783 1588s
  2463  1558 -20054.162   30 1361 -20044.610 -20054.162  0.05%  1857 1591s
  2465  1559 -20047.634   41 1874 -20044.610 -20054.162  0.05%  1855 1621s
  2466  1560 -20054.162   11 1374 -20044.610 -20054.162  0.05%  1855 1652s
  2467  1561 -20047.060   67 1373 -20044.610 -20054.162  0.05%  1854 1664s
  2468  1561 -20053.021   32 1244 -20044.610 -20054.162  0.05%  1853 1683s
  2469  1562 -20054.162   18 1201 -20044.610 -20054.162  0.05%  1852 1693s
  2470  1563 -20054.162    8 1212 -20044.610 -20054.162  0.05%  1852 1711s
  2471  1563 -20045.016   52 1218 -20044.610 -20054.162  0.05%  1851 1720s
  2472  1564 -20048.515   50 1306 -20044.610 -20054.162  0.05%  1850 1738s
  2473  1565 -20044.847   59 1308 -20044.610 -20054.162  0.05%  1849 1750s
  2474  1565 -20046.469   44 1310 -20044.610 -20054.140  0.05%  1849 1763s
  2475  1566 -20050.930   25 1310 -20044.610 -20054.140  0.05%  1848 1771s
  2476  1567 -20046.603   65 1316 -20044.610 -20054.137  0.05%  1847 1785s
  2477  1567 -20051.870   27 1320 -20044.610 -20054.137  0.05%  1846 1792s
  2478  1568 -20049.212   49 1302 -20044.610 -20054.137  0.05%  1846 1803s
  2479  1569 -20054.137   16 1308 -20044.610 -20054.137  0.05%  1845 1810s
  2480  1569 -20054.137   26 1305 -20044.610 -20054.137  0.05%  1844 1821s
  2481  1570 -20047.381   43 1305 -20044.610 -20054.137  0.05%  1843 1829s
  2482  1571 -20054.054   15 1305 -20044.610 -20054.137  0.05%  1843 1839s
  2483  1571 -20054.137    8 1305 -20044.610 -20054.137  0.05%  1842 1846s
  2484  1572 -20052.861   44 1294 -20044.610 -20054.137  0.05%  1841 1856s
  2485  1573 -20052.526   12 1294 -20044.610 -20054.137  0.05%  1840 1868s
  2486  1573 -20049.714   18 1294 -20044.610 -20054.137  0.05%  1840 1887s
  2487  1577 -20053.718   23 1175 -20044.610 -20054.137  0.05%  1913 1894s
  2489  1580 -20053.122   24 1263 -20044.610 -20054.091  0.05%  1914 1902s
  2493  1587 -20050.075   25 1363 -20044.610 -20054.018  0.05%  1917 1911s
  2501  1596 -20046.323   26 1115 -20044.610 -20053.624  0.04%  1929 1925s
  2513  1593 -20047.789   27 1048 -20044.610 -20053.471  0.04%  1968 1960s
  2514  1611 -20047.710   28 1028 -20044.610 -20053.471  0.04%  1968 1993s
