
Cluster assignments:
Cluster 0 (represented by Day 25): [ 1 12 17 21 25 26 27 28]... (total 8 days)
Cluster 1 (represented by Day 4): [ 2  3  4  5  6  7  8  9 10 11]... (total 23 days)
[reserve] pi_res = 56 EUR/MW.h (daily mean of fcrn_dk2_56 hourly prices), 1h blocks
[reserve] c_min_G = 0.15 (electrolyzer min load / els_cap); literature 0.1-0.16 -> OK
[reserve] c_sb_G = 0.01 (electrolyzer standby draw / els_cap); literature 0.025-0.05 -> OUT OF RANGE
✓ spring  :  92 days | Mean: 1 MWh | RMSE range: 0.0-0.2 MWh
✓ summer  :  92 days | Mean: 1 MWh | RMSE range: 0.0-0.3 MWh
✓ fall    :  91 days | Mean: 1 MWh | RMSE range: 0.0-0.2 MWh
✓ winter  :  90 days | Mean: 1 MWh | RMSE range: 0.0-0.1 MWh

=== 6p_reserve_peak_day1_S20_seed0_grb_direct-gurobi_kl0.0960365_dual_ndw_rsc0.303571_main: n=6, |T|=24, |Omega|=20 ===

[1] extensive form (DP_N^Omega)
  (read from ieee_owen\weak_eps_experiment\stochastic\main17\ef_cache\n6_S20_day1.pkl)
  obj -2068.692326  status optimal  gap 7.83e-07  14.2s  vars 26084
  KL r=0.0960365: worst case -2068.692326 vs expected -2132.732035; 3 MILP solve(s); rho* 0.052 0.093 0.060 0.018 0.100 0.082 0.045 0.038 0.040 0.026 0.039 0.045 0.045 0.088 0.025 0.029 0.037 0.047 0.048 0.044 (KL 0.0960)
    round 1: MIPGap 1e-03  5.7s  381 nodes  psi-bound 1.23e-03  psi-incumbent 4.56e-04
    round 2: MIPGap 1e-03  4.0s  42 nodes  psi-bound 7.48e-04  psi-incumbent 1.63e-07
    round 3: MIPGap 1e-04  4.4s  84 nodes  psi-bound 7.83e-07  psi-incumbent 6.59e-16

[2] column generation (DWR_N^Omega)
Set parameter Username
Set parameter LicenseID to value 2742039
Academic license - for non-commercial use only - expires 2026-11-20
  seed columns: largest carrier-row residual 1.67e-16 (repaired)
  CG    2 | RMP    -2687.9942 | LB    -2605.8119 | UB           inf | a 1.00 std      | min rc  0.0000e+00 | +0  [round] | lp 0.06s solver 0.05s 1753 it 9916 cols 31297 nz
  -- penalty round 1: eps 0.2 delta 0.2 RMP -2687.9942 LB -2605.8119 UB -2068.6923 gap 2.60e-01 [round] 0s
  CG   25 | RMP    -2126.7527 | LB    -2137.5466 | UB    -2068.6923 | a 0.10 smooth   | min rc -3.1348e+01 | +18 | lp 0.22s solver 0.21s 1826 it 10774 cols 93376 nz
  CG   28 | RMP    -2129.1097 | LB    -2128.6021 | UB    -2068.6923 | a 1.00 std      | min rc  0.0000e+00 | +0  [round] | lp 0.23s solver 0.22s 1795 it 10893 cols 101386 nz
  -- penalty round 2: eps 0.05 delta 0.05 RMP -2129.1097 LB -2128.6021 UB -2068.6923 gap 2.89e-02 [round] 9s
  CG   50 | RMP    -2083.5851 | LB    -2091.4641 | UB    -2068.6923 | a 0.10 smooth   | min rc -8.4259e+00 | +18 | lp 0.39s solver 0.37s 2214 it 11413 cols 136496 nz
  CG   65 | RMP    -2086.6518 | LB    -2087.1930 | UB    -2068.6923 | a 1.00 std      | min rc  0.0000e+00 | +0  [round] | lp 0.34s solver 0.33s 1239 it 11651 cols 154079 nz
  -- penalty round 3: eps 0.0125 delta 0.0125 RMP -2086.6518 LB -2087.1930 UB -2068.6923 gap 8.94e-03 [round] 32s
  CG   75 | RMP    -2082.0218 | LB    -2085.7305 | UB    -2068.6923 | a 0.10 smooth   | min rc -3.9110e+00 | +16 | lp 0.39s solver 0.38s 1282 it 11833 cols 166828 nz
  CG  100 | RMP    -2082.7123 | LB    -2083.5480 | UB    -2068.6923 | a 0.10 smooth   | min rc -1.2450e+00 | +9 | lp 0.44s solver 0.43s 1481 it 12207 cols 195187 nz
  CG  104 | RMP    -2082.7992 | LB    -2083.4510 | UB    -2068.6923 | a 1.00 std      | min rc  0.0000e+00 | +0  [round] | lp 0.43s solver 0.41s 1532 it 12160 cols 191643 nz
  -- penalty round 4: eps 0.00313 delta 0.00313 RMP -2082.7992 LB -2083.4510 UB -2068.6923 gap 7.13e-03 [round] 60s
  CG  123 | RMP    -2082.4782 | LB    -2083.1006 | UB    -2068.6923 | a 1.00 std      | min rc  0.0000e+00 | +0  [round] | lp 0.55s solver 0.53s 1722 it 12386 cols 208777 nz
  -- penalty round 5: eps 0.000781 delta 0.000781 RMP -2082.4782 LB -2083.1006 UB -2068.6923 gap 6.96e-03 [round] 77s
  CG  125 | RMP    -2082.3923 | LB    -2083.1005 | UB    -2068.6923 | a 0.10 smooth   | min rc -1.8172e+00 | +7 | lp 0.51s solver 0.49s 1598 it 12413 cols 210771 nz
  CG  128 | RMP    -2082.4195 | LB    -2083.0652 | UB    -2068.6923 | a 1.00 std      | min rc  0.0000e+00 | +0  [round] | lp 0.66s solver 0.65s 2073 it 12489 cols 215999 nz
  -- penalty round 6: eps 0.000195 delta 0.000195 RMP -2082.4195 LB -2083.0652 UB -2068.6923 gap 6.94e-03 [round] 82s
  CG  129 | RMP    -2082.4016 | LB    -2083.0652 | UB    -2082.3908 | a 1.00 std      | min rc  0.0000e+00 | +0  [done] | lp 0.35s solver 0.33s 1208 it 12489 cols 215999 nz
  -- penalty round 7: eps 0 delta 0 RMP -2082.4016 LB -2083.0652 UB -2082.3908 gap 3.24e-04 [done] 82s
  obj -2082.390812  LB -2083.065218  gap 3.24e-04  iters 129  82.4s  rounds 7  status optimal
  KL r=0.0960365: 980 tangent planes; rho* 0.052 0.093 0.058 0.017 0.101 0.081 0.047 0.038 0.040 0.026 0.038 0.046 0.046 0.086 0.024 0.028 0.038 0.047 0.049 0.043 (KL 0.0960)
  time: master LP 55.6s  pricing 24.0s (12322 MILPs, 8 worker(s))

[3] robust Owen allocation
  omega_LR,rob 14.349780  eps_LR 2.391630  certified [13.696866, 14.372892]
  EF slack 0.0016 = 0% of the reported omega
  checks: budget 0.00e+00  duality -2.31e-02  pricing 0.00e+00

[4] stand-alone values val(DP_{j}^Omega)
   player         Owen        E[x*]        alone       chi^LR
       u1    1312.6453    1310.2536     958.1096     352.1440
       u2      24.4030      22.0114      -0.0000      22.0114
       u3     517.7107     515.3191     263.6635     251.6556
       u4      10.4323       8.0406     -73.4099      81.4505
       u5      83.8022      81.4106      -0.0000      81.4106
       u6     134.0487     131.6570      -0.0000     131.6570

wrote ieee_owen\weak_eps_experiment\stochastic\main17\6p_reserve_peak_day1_S20_seed0_grb_direct-gurobi_kl0.0960365_dual_ndw_rsc0.303571_main.json
