
Gurobi 13.0.1 (win64) logging started Wed Oct  7 15:26:27 2026

Set parameter LogFile to value "ieee_owen\weak_eps_experiment\stochastic\main17\logs\n6_S20_day7_ef_gurobi.log"
Set parameter NodefileStart to value 3
Set parameter MIPGap to value 0.0001
Gurobi Optimizer version 13.0.1 build v13.0.1rc0 (win64 - Windows 10.0 (19045.2))

CPU model: AMD Ryzen 9 5900X 12-Core Processor, instruction set [SSE2|AVX|AVX2]
Thread count: 12 physical cores, 24 logical processors, using up to 24 threads

Non-default parameters:
TimeLimit  10800
NodefileStart  3
LogToConsole  0

Optimize a model with 29882 rows, 26126 columns and 120105 nonzeros (Min)
Model fingerprint: 0x3cb1ae4e
Model has 22 linear objective coefficients
Variable types: 22646 continuous, 3480 integer (3480 binary)
Coefficient statistics:
  Matrix range     [3e-04, 2e+02]
  Objective range  [5e-02, 1e+00]
  Bounds range     [2e-01, 4e+01]
  RHS range        [2e-01, 1e+01]

Presolve removed 14488 rows and 9868 columns
Presolve time: 0.13s
Presolved: 15394 rows, 16258 columns, 59403 nonzeros
Variable types: 12906 continuous, 3352 integer (3351 binary)
Found heuristic solution: objective -1888.607640

Root relaxation: objective -2.189277e+03, 13890 iterations, 0.69 seconds (0.90 work units)

    Nodes    |    Current Node    |     Objective Bounds      |     Work
 Expl Unexpl |  Obj  Depth IntInf | Incumbent    BestBd   Gap | It/Node Time

     0     0 -2189.2771    0  530 -1888.6076 -2189.2771  15.9%     -    1s
H    0     0                    -2130.751450 -2189.2771  2.75%     -    1s
     0     0 -2183.3092    0  346 -2130.7514 -2183.3092  2.47%     -    1s
H    0     0                    -2175.929333 -2183.3092  0.34%     -    1s
     0     0 -2183.2126    0  317 -2175.9293 -2183.2126  0.33%     -    1s
     0     0 -2183.2126    0  317 -2175.9293 -2183.2126  0.33%     -    1s
     0     0 -2182.8580    0  199 -2175.9293 -2182.8580  0.32%     -    1s
     0     0 -2182.7824    0  296 -2175.9293 -2182.7824  0.31%     -    1s
     0     0 -2182.7824    0  167 -2175.9293 -2182.7824  0.31%     -    1s
     0     0 -2182.6847    0  297 -2175.9293 -2182.6847  0.31%     -    2s
H    0     0                    -2179.166556 -2182.0529  0.13%     -    2s
     0     0 -2182.0529    0  163 -2179.1666 -2182.0529  0.13%     -    2s
H    0     0                    -2179.635001 -2182.0529  0.11%     -    2s
     0     0 -2181.6859    0  183 -2179.6350 -2181.6859  0.09%     -    2s
     0     0 -2181.6859    0  172 -2179.6350 -2181.6859  0.09%     -    2s
H    0     0                    -2180.256737 -2181.0786  0.04%     -    2s
     0     0 -2181.0786    0  187 -2180.2567 -2181.0786  0.04%     -    2s
     0     0 -2180.6692    0  177 -2180.2567 -2180.6692  0.02%     -    2s
     0     0 -2180.6649    0  173 -2180.2567 -2180.6649  0.02%     -    3s
H    0     0                    -2180.262669 -2180.6352  0.02%     -    3s
H    0     0                    -2180.262671 -2180.6352  0.02%     -    3s
H    0     0                    -2180.262674 -2180.6352  0.02%     -    3s
     0     0 -2180.6352    0  173 -2180.2627 -2180.6352  0.02%     -    3s
     0     0 -2180.6352    0  173 -2180.2627 -2180.6352  0.02%     -    3s
     0     0 -2180.6352    0  152 -2180.2627 -2180.6352  0.02%     -    3s
H    0     0                    -2180.296670 -2180.6352  0.02%     -    3s
     0     2 -2180.6352    0  152 -2180.2967 -2180.6352  0.02%     -    3s

Cutting planes:
  Gomory: 57
  Cover: 3
  Implied bound: 196
  MIR: 261
  Flow cover: 241
  Network: 14
  RLT: 1
  Relax-and-lift: 158

Explored 7 nodes (19348 simplex iterations) in 3.75 seconds (4.23 work units)
Thread count was 24 (of 24 available processors)

Solution count 10: -2180.3 -2180.26 -2180.26 ... -1888.61

Optimal solution found (tolerance 1.00e-04)
Best objective -2.180296670087e+03, best bound -2.180346357300e+03, gap 0.0023%
