
Gurobi 13.0.1 (win64) logging started Wed Oct  7 00:35:34 2026

Set parameter LogFile to value "ieee_owen\weak_eps_experiment\stochastic\main17\logs\n6_S20_day2_ef_gurobi.log"
Set parameter NodefileStart to value 3
Set parameter MIPGap to value 0.001
Gurobi Optimizer version 13.0.1 build v13.0.1rc0 (win64 - Windows 10.0 (19045.2))

CPU model: AMD Ryzen 9 5900X 12-Core Processor, instruction set [SSE2|AVX|AVX2]
Thread count: 12 physical cores, 24 logical processors, using up to 24 threads

Non-default parameters:
TimeLimit  10800
MIPGap  0.001
NodefileStart  3
LogToConsole  0

Optimize a model with 29902 rows, 26126 columns and 120165 nonzeros (Min)
Model fingerprint: 0xbd6feaee
Model has 22 linear objective coefficients
Variable types: 22646 continuous, 3480 integer (3480 binary)
Coefficient statistics:
  Matrix range     [3e-04, 2e+02]
  Objective range  [5e-02, 1e+00]
  Bounds range     [1e-01, 4e+01]
  RHS range        [2e-01, 1e+01]

Presolve removed 14488 rows and 9868 columns
Presolve time: 0.13s
Presolved: 15414 rows, 16258 columns, 59443 nonzeros
Variable types: 12906 continuous, 3352 integer (3351 binary)
Found heuristic solution: objective -1730.670229

Root relaxation: objective -2.032086e+03, 14029 iterations, 0.93 seconds (1.26 work units)

    Nodes    |    Current Node    |     Objective Bounds      |     Work
 Expl Unexpl |  Obj  Depth IntInf | Incumbent    BestBd   Gap | It/Node Time

     0     0 -2032.0856    0  457 -1730.6702 -2032.0856  17.4%     -    1s
H    0     0                    -1991.366485 -2032.0856  2.04%     -    1s
H    0     0                    -2018.227693 -2027.7181  0.47%     -    1s
     0     0 -2027.7181    0  362 -2018.2277 -2027.7181  0.47%     -    1s
H    0     0                    -2020.208081 -2027.7181  0.37%     -    1s
     0     0 -2027.5777    0  365 -2020.2081 -2027.5777  0.36%     -    1s
     0     0 -2027.5777    0  358 -2020.2081 -2027.5777  0.36%     -    1s
     0     0 -2027.3573    0  347 -2020.2081 -2027.3573  0.35%     -    2s
H    0     0                    -2020.485325 -2027.3573  0.34%     -    2s
     0     0 -2027.1538    0  344 -2020.4853 -2027.1538  0.33%     -    2s
     0     0 -2027.1538    0  346 -2020.4853 -2027.1538  0.33%     -    2s
     0     0 -2026.7965    0  355 -2020.4853 -2026.7965  0.31%     -    2s
H    0     0                    -2023.867701 -2026.7965  0.14%     -    2s
     0     0 -2025.5192    0  383 -2023.8677 -2025.5192  0.08%     -    2s

Cutting planes:
  Gomory: 38
  Cover: 1
  Implied bound: 193
  MIR: 282
  Flow cover: 225
  Network: 19
  RLT: 1
  Relax-and-lift: 108

Explored 1 nodes (16801 simplex iterations) in 2.90 seconds (3.61 work units)
Thread count was 24 (of 24 available processors)

Solution count 6: -2023.87 -2020.49 -2020.21 ... -1730.67

Optimal solution found (tolerance 1.00e-03)
Best objective -2.023867700737e+03, best bound -2.025519237197e+03, gap 0.0816%
Set parameter MIPGap to value 0.001
Gurobi Optimizer version 13.0.1 build v13.0.1rc0 (win64 - Windows 10.0 (19045.2))

CPU model: AMD Ryzen 9 5900X 12-Core Processor, instruction set [SSE2|AVX|AVX2]
Thread count: 12 physical cores, 24 logical processors, using up to 24 threads

Non-default parameters:
TimeLimit  10800
MIPGap  0.001
NodefileStart  3
LogToConsole  0

Optimize a model with 29922 rows, 26126 columns and 120245 nonzeros (Min)
Model fingerprint: 0x9bb12b26
Model has 22 linear objective coefficients
Variable types: 22646 continuous, 3480 integer (3480 binary)
Coefficient statistics:
  Matrix range     [2e-05, 2e+02]
  Objective range  [5e-02, 1e+00]
  Bounds range     [1e-01, 4e+01]
  RHS range        [2e-01, 1e+01]

Warning: Completing partial solution with 3456 unfixed non-continuous variables out of 3480
User MIP start produced solution with objective -2023.16 (0.05s)
User MIP start produced solution with objective -2023.16 (0.06s)
Loaded user MIP start with objective -2023.16
MIP start from previous solve produced solution with objective -2023.16 (0.27s)
MIP start from previous solve produced solution with objective -2023.16 (0.27s)
Loaded MIP start from previous solve with objective -2023.16

Presolve removed 14488 rows and 9868 columns
Presolve time: 0.13s
Presolved: 15434 rows, 16258 columns, 59503 nonzeros
Variable types: 12906 continuous, 3352 integer (3351 binary)

Root relaxation: objective -2.031323e+03, 13609 iterations, 0.74 seconds (1.02 work units)

    Nodes    |    Current Node    |     Objective Bounds      |     Work
 Expl Unexpl |  Obj  Depth IntInf | Incumbent    BestBd   Gap | It/Node Time

     0     0 -2031.3232    0  471 -2023.1589 -2031.3232  0.40%     -    1s
     0     0 -2026.1541    0  414 -2023.1589 -2026.1541  0.15%     -    1s
     0     0 -2024.6163    0  369 -2023.1589 -2024.6163  0.07%     -    2s

Cutting planes:
  Gomory: 30
  Cover: 1
  Implied bound: 208
  MIR: 155
  Flow cover: 213
  Network: 18
  RLT: 1
  Relax-and-lift: 97

Explored 1 nodes (15879 simplex iterations) in 2.10 seconds (2.73 work units)
Thread count was 24 (of 24 available processors)

Solution count 2: -2023.16 -2023.16 

Optimal solution found (tolerance 1.00e-03)
Best objective -2.023158918771e+03, best bound -2.024616335834e+03, gap 0.0720%
Set parameter MIPGap to value 0.0001
Gurobi Optimizer version 13.0.1 build v13.0.1rc0 (win64 - Windows 10.0 (19045.2))

CPU model: AMD Ryzen 9 5900X 12-Core Processor, instruction set [SSE2|AVX|AVX2]
Thread count: 12 physical cores, 24 logical processors, using up to 24 threads

Non-default parameters:
TimeLimit  10800
NodefileStart  3
LogToConsole  0

Optimize a model with 29942 rows, 26126 columns and 120325 nonzeros (Min)
Model fingerprint: 0xe293886c
Model has 22 linear objective coefficients
Variable types: 22646 continuous, 3480 integer (3480 binary)
Coefficient statistics:
  Matrix range     [2e-05, 2e+02]
  Objective range  [5e-02, 1e+00]
  Bounds range     [1e-01, 4e+01]
  RHS range        [2e-01, 1e+01]

Warning: Completing partial solution with 3456 unfixed non-continuous variables out of 3480
User MIP start produced solution with objective -2023.16 (0.05s)
User MIP start produced solution with objective -2023.16 (0.06s)
Loaded user MIP start with objective -2023.16
MIP start from previous solve produced solution with objective -2023.16 (0.30s)
MIP start from previous solve produced solution with objective -2023.16 (0.30s)
Loaded MIP start from previous solve with objective -2023.16

Presolve removed 14488 rows and 9868 columns
Presolve time: 0.13s
Presolved: 15454 rows, 16258 columns, 59563 nonzeros
Variable types: 12906 continuous, 3352 integer (3351 binary)

Root relaxation: objective -2.031322e+03, 13751 iterations, 0.86 seconds (1.03 work units)

    Nodes    |    Current Node    |     Objective Bounds      |     Work
 Expl Unexpl |  Obj  Depth IntInf | Incumbent    BestBd   Gap | It/Node Time

     0     0 -2031.3219    0  483 -2023.1589 -2031.3219  0.40%     -    1s
     0     0 -2026.2307    0  386 -2023.1589 -2026.2307  0.15%     -    1s
     0     0 -2024.6160    0  336 -2023.1589 -2024.6160  0.07%     -    2s
     0     0 -2024.6160    0  335 -2023.1589 -2024.6160  0.07%     -    2s
     0     0 -2023.8763    0  263 -2023.1589 -2023.8763  0.04%     -    2s
     0     0 -2023.8763    0  263 -2023.1589 -2023.8763  0.04%     -    2s
H    0     0                    -2023.226286 -2023.8763  0.03%     -    2s
H    0     0                    -2023.860147 -2023.8763  0.00%     -    3s
     0     0 -2023.8763    0  276 -2023.8601 -2023.8763  0.00%     -    3s

Cutting planes:
  Gomory: 36
  Cover: 2
  Implied bound: 219
  MIR: 246
  Flow cover: 283
  Network: 18
  Relax-and-lift: 112
  BQP: 1

Explored 1 nodes (16514 simplex iterations) in 3.03 seconds (3.52 work units)
Thread count was 24 (of 24 available processors)

Solution count 4: -2023.86 -2023.23 -2023.16 -2023.16 

Optimal solution found (tolerance 1.00e-04)
Best objective -2.023860146640e+03, best bound -2.023876340773e+03, gap 0.0008%
