
Gurobi 13.0.1 (win64) logging started Tue Oct  6 20:08:51 2026

Set parameter LogFile to value "ieee_owen\weak_eps_experiment\stochastic\main17\logs\n6_S20_day1_ef_gurobi.log"
Set parameter NodefileStart to value 3
Set parameter MIPGap to value 0.001
Gurobi Optimizer version 13.0.1 build v13.0.1rc0 (win64 - Windows 10.0 (19045.2))

CPU model: AMD Ryzen 9 5900X 12-Core Processor, instruction set [SSE2|AVX|AVX2]
Thread count: 12 physical cores, 24 logical processors, using up to 24 threads

Non-default parameters:
TimeLimit  10800
MIPGap  0.001
NodefileStart  3
LogToConsole  0

Optimize a model with 29902 rows, 26126 columns and 120165 nonzeros (Min)
Model fingerprint: 0x71a6ddb5
Model has 22 linear objective coefficients
Variable types: 22646 continuous, 3480 integer (3480 binary)
Coefficient statistics:
  Matrix range     [3e-04, 2e+02]
  Objective range  [5e-02, 1e+00]
  Bounds range     [2e-01, 4e+01]
  RHS range        [2e-01, 1e+01]

Presolve removed 14488 rows and 9868 columns
Presolve time: 0.13s
Presolved: 15414 rows, 16258 columns, 59443 nonzeros
Variable types: 12906 continuous, 3352 integer (3351 binary)
Found heuristic solution: objective -1853.131455

Root relaxation: objective -2.083466e+03, 12513 iterations, 0.65 seconds (0.86 work units)

    Nodes    |    Current Node    |     Objective Bounds      |     Work
 Expl Unexpl |  Obj  Depth IntInf | Incumbent    BestBd   Gap | It/Node Time

     0     0 -2083.4664    0  588 -1853.1315 -2083.4664  12.4%     -    0s
H    0     0                    -2030.267749 -2083.4664  2.62%     -    1s
     0     0 -2079.7919    0  419 -2030.2677 -2079.7919  2.44%     -    1s
H    0     0                    -2046.927772 -2079.7781  1.60%     -    1s
     0     0 -2078.7618    0  422 -2046.9278 -2078.7618  1.56%     -    1s
     0     0 -2078.7618    0  422 -2046.9278 -2078.7618  1.56%     -    1s
H    0     0                    -2051.140226 -2078.5025  1.33%     -    1s
     0     0 -2078.3199    0  370 -2051.1402 -2078.3199  1.33%     -    2s
     0     0 -2078.3199    0  373 -2051.1402 -2078.3199  1.33%     -    2s
     0     0 -2078.3199    0  374 -2051.1402 -2078.3199  1.33%     -    2s
     0     0 -2075.3715    0  385 -2051.1402 -2075.3715  1.18%     -    2s
     0     0 -2074.9438    0  391 -2051.1402 -2074.9438  1.16%     -    2s
     0     0 -2074.9385    0  389 -2051.1402 -2074.9385  1.16%     -    2s
     0     0 -2074.9385    0  393 -2051.1402 -2074.9385  1.16%     -    2s
H    0     0                    -2055.010809 -2074.6965  0.96%     -    3s
     0     0 -2074.4970    0  394 -2055.0108 -2074.4970  0.95%     -    3s
     0     0 -2074.4695    0  394 -2055.0108 -2074.4695  0.95%     -    3s
     0     0 -2074.4695    0  381 -2055.0108 -2074.4695  0.95%     -    3s
H    0     0                    -2055.066611 -2074.4695  0.94%     -    3s
     0     2 -2074.4695    0  381 -2055.0666 -2074.4695  0.94%     -    3s
H   57    59                    -2063.734409 -2072.1437  0.41%   443    4s
   102    77 -2069.6864    8   31 -2063.7344 -2072.0788  0.40%   324    5s
*  235   214              22    -2067.041072 -2072.0788  0.24%   180    5s
*  266   214              23    -2067.681475 -2072.0788  0.21%   161    5s
*  339   226              20    -2068.921785 -2071.2268  0.11%   131    5s
*  350   226              31    -2069.627298 -2071.2268  0.08%   127    5s
*  351   226              31    -2069.627335 -2071.2268  0.08%   127    5s

Cutting planes:
  Gomory: 34
  Cover: 1
  Implied bound: 189
  MIR: 348
  Flow cover: 406
  Relax-and-lift: 161

Explored 381 nodes (63408 simplex iterations) in 5.70 seconds (6.93 work units)
Thread count was 24 (of 24 available processors)

Solution count 10: -2069.63 -2069.63 -2068.92 ... -2046.93

Optimal solution found (tolerance 1.00e-03)
Best objective -2.069627334653e+03, best bound -2.071226764931e+03, gap 0.0773%
Set parameter MIPGap to value 0.001
Gurobi Optimizer version 13.0.1 build v13.0.1rc0 (win64 - Windows 10.0 (19045.2))

CPU model: AMD Ryzen 9 5900X 12-Core Processor, instruction set [SSE2|AVX|AVX2]
Thread count: 12 physical cores, 24 logical processors, using up to 24 threads

Non-default parameters:
TimeLimit  10800
MIPGap  0.001
NodefileStart  3
LogToConsole  0

Optimize a model with 29922 rows, 26126 columns and 120245 nonzeros (Min)
Model fingerprint: 0xf558d510
Model has 22 linear objective coefficients
Variable types: 22646 continuous, 3480 integer (3480 binary)
Coefficient statistics:
  Matrix range     [3e-04, 2e+02]
  Objective range  [5e-02, 1e+00]
  Bounds range     [2e-01, 4e+01]
  RHS range        [2e-01, 1e+01]

Warning: Completing partial solution with 3456 unfixed non-continuous variables out of 3480
User MIP start produced solution with objective -2068.68 (0.05s)
User MIP start produced solution with objective -2068.68 (0.05s)
Loaded user MIP start with objective -2068.68
MIP start from previous solve produced solution with objective -2068.69 (0.24s)
MIP start from previous solve produced solution with objective -2068.69 (0.25s)
Loaded MIP start from previous solve with objective -2068.69

Presolve removed 14488 rows and 9868 columns
Presolve time: 0.12s
Presolved: 15434 rows, 16258 columns, 59503 nonzeros
Variable types: 12906 continuous, 3352 integer (3351 binary)

Root relaxation: objective -2.082601e+03, 13135 iterations, 0.85 seconds (1.14 work units)

    Nodes    |    Current Node    |     Objective Bounds      |     Work
 Expl Unexpl |  Obj  Depth IntInf | Incumbent    BestBd   Gap | It/Node Time

     0     0 -2082.6011    0  566 -2068.6927 -2082.6011  0.67%     -    1s
     0     0 -2078.3652    0  409 -2068.6927 -2078.3652  0.47%     -    1s
     0     0 -2077.3098    0  408 -2068.6927 -2077.3098  0.42%     -    2s
     0     0 -2077.3098    0  409 -2068.6927 -2077.3098  0.42%     -    2s
     0     0 -2076.4560    0  379 -2068.6927 -2076.4560  0.38%     -    2s
     0     0 -2074.1405    0  380 -2068.6927 -2074.1405  0.26%     -    2s
     0     0 -2074.1405    0  380 -2068.6927 -2074.1405  0.26%     -    2s
     0     0 -2073.1844    0  375 -2068.6927 -2073.1844  0.22%     -    3s
     0     0 -2073.1633    0  375 -2068.6927 -2073.1633  0.22%     -    3s
     0     0 -2073.1633    0  375 -2068.6927 -2073.1633  0.22%     -    3s
     0     2 -2073.1633    0  375 -2068.6927 -2073.1633  0.22%     -    3s

Cutting planes:
  Gomory: 32
  Implied bound: 217
  MIR: 301
  Flow cover: 379
  Relax-and-lift: 135

Explored 42 nodes (25073 simplex iterations) in 4.01 seconds (4.75 work units)
Thread count was 24 (of 24 available processors)

Solution count 2: -2068.69 -2068.68 

Optimal solution found (tolerance 1.00e-03)
Best objective -2.068692662155e+03, best bound -2.070238926782e+03, gap 0.0747%
Set parameter MIPGap to value 0.0001
Gurobi Optimizer version 13.0.1 build v13.0.1rc0 (win64 - Windows 10.0 (19045.2))

CPU model: AMD Ryzen 9 5900X 12-Core Processor, instruction set [SSE2|AVX|AVX2]
Thread count: 12 physical cores, 24 logical processors, using up to 24 threads

Non-default parameters:
TimeLimit  10800
NodefileStart  3
LogToConsole  0

Optimize a model with 29942 rows, 26126 columns and 120325 nonzeros (Min)
Model fingerprint: 0x87d92f8c
Model has 22 linear objective coefficients
Variable types: 22646 continuous, 3480 integer (3480 binary)
Coefficient statistics:
  Matrix range     [3e-04, 2e+02]
  Objective range  [5e-02, 1e+00]
  Bounds range     [2e-01, 4e+01]
  RHS range        [2e-01, 1e+01]

Warning: Completing partial solution with 3456 unfixed non-continuous variables out of 3480
User MIP start produced solution with objective -2068.69 (0.05s)
User MIP start produced solution with objective -2068.69 (0.05s)
Loaded user MIP start with objective -2068.69
MIP start from previous solve produced solution with objective -2068.69 (0.31s)
MIP start from previous solve produced solution with objective -2068.69 (0.32s)
Loaded MIP start from previous solve with objective -2068.69

Presolve removed 14488 rows and 9868 columns
Presolve time: 0.12s
Presolved: 15454 rows, 16258 columns, 59563 nonzeros
Variable types: 12906 continuous, 3352 integer (3351 binary)

Root relaxation: objective -2.082600e+03, 12369 iterations, 0.64 seconds (0.85 work units)

    Nodes    |    Current Node    |     Objective Bounds      |     Work
 Expl Unexpl |  Obj  Depth IntInf | Incumbent    BestBd   Gap | It/Node Time

     0     0 -2082.5998    0  580 -2068.6923 -2082.5998  0.67%     -    1s
     0     0 -2078.1571    0  395 -2068.6923 -2078.1571  0.46%     -    1s
     0     0 -2077.2423    0  389 -2068.6923 -2077.2423  0.41%     -    1s
     0     0 -2074.7329    0  363 -2068.6923 -2074.7329  0.29%     -    2s
     0     0 -2074.0962    0  357 -2068.6923 -2074.0962  0.26%     -    2s
     0     0 -2074.0962    0  356 -2068.6923 -2074.0962  0.26%     -    2s
     0     0 -2072.9490    0  364 -2068.6923 -2072.9490  0.21%     -    3s
     0     0 -2072.9490    0  364 -2068.6923 -2072.9490  0.21%     -    3s
     0     0 -2072.9490    0  364 -2068.6923 -2072.9490  0.21%     -    3s
     0     2 -2072.9490    0  364 -2068.6923 -2072.9490  0.21%     -    3s

Cutting planes:
  Gomory: 34
  Implied bound: 200
  MIR: 298
  Flow cover: 393
  Relax-and-lift: 134

Explored 84 nodes (29000 simplex iterations) in 4.38 seconds (5.47 work units)
Thread count was 24 (of 24 available processors)

Solution count 2: -2068.69 -2068.69 

Optimal solution found (tolerance 1.00e-04)
Best objective -2.068692325960e+03, best bound -2.068693945980e+03, gap 0.0001%
