
Gurobi 13.0.1 (win64) logging started Tue Oct  6 17:21:56 2026

Set parameter LogFile to value "ieee_owen/weak_eps_experiment/stochastic/main17/logs/pilot_day3_ef_gurobi.log"
Set parameter NodefileStart to value 3
Set parameter MIPGap to value 0.001
Gurobi Optimizer version 13.0.1 build v13.0.1rc0 (win64 - Windows 10.0 (19045.2))

CPU model: AMD Ryzen 9 5900X 12-Core Processor, instruction set [SSE2|AVX|AVX2]
Thread count: 12 physical cores, 24 logical processors, using up to 24 threads

Non-default parameters:
TimeLimit  10800
MIPGap  0.001
NodefileStart  3
LogToConsole  0

Optimize a model with 340084 rows, 343286 columns and 1483160 nonzeros (Min)
Model fingerprint: 0xcfd2fb98
Model has 22 linear objective coefficients
Variable types: 289046 continuous, 54240 integer (54240 binary)
Coefficient statistics:
  Matrix range     [3e-04, 2e+02]
  Objective range  [5e-02, 1e+00]
  Bounds range     [9e-03, 6e+01]
  RHS range        [5e-02, 1e+01]

Presolve removed 152056 rows and 125250 columns
Presolve time: 3.57s
Presolved: 188028 rows, 218036 columns, 746407 nonzeros
Variable types: 169134 continuous, 48902 integer (48901 binary)
Found heuristic solution: objective -14839.03148
Deterministic concurrent LP optimizer: primal simplex, dual simplex, and barrier
Showing barrier log only...

Root barrier log...

Ordering time: 1.66s
Ordering time: 1.87s

Barrier statistics:
 Dense cols : 567
 Free vars  : 41
 AA' NZ     : 6.361e+05
 Factor NZ  : 3.422e+06 (roughly 180 MB of memory)
 Factor Ops : 5.630e+08 (less than 1 second per iteration)
 Threads    : 10

                  Objective                Residual
Iter       Primal          Dual         Primal    Dual     Compl     Time
   0   1.64732550e-01 -2.20942885e+04  1.54e+04 6.40e+01  5.07e+00     9s
   1  -4.58582253e+04 -2.56301168e+04  1.53e+04 5.77e+01  5.12e+00     9s
   2  -6.65554165e+05 -2.93595594e+04  1.24e+04 5.35e+01  4.21e+00     9s
   3  -5.75659023e+05 -3.30647554e+04  9.69e+03 4.75e+01  3.48e+00     9s
   4  -6.74308628e+05 -3.83556734e+04  8.44e+03 3.87e+01  3.12e+00     9s
   5  -6.28582060e+05 -4.54271095e+04  5.65e+03 2.50e+01  2.12e+00    10s
   6  -1.87122283e+05 -5.36793015e+04  1.49e+03 3.68e+00  6.40e-01    10s
   7  -8.40095328e+04 -4.44803754e+04  5.31e+02 5.36e-01  2.41e-01    10s
   8  -7.50275665e+04 -3.89792202e+04  4.48e+02 2.85e-01  1.94e-01    10s
   9  -6.80425443e+04 -3.69058676e+04  3.88e+02 2.23e-01  1.66e-01    11s
  10  -5.65230087e+04 -3.53452824e+04  2.89e+02 1.83e-01  1.27e-01    11s
  11  -5.36442548e+04 -3.36640223e+04  2.65e+02 1.54e-01  1.15e-01    11s
  12  -4.36625546e+04 -3.08139666e+04  1.82e+02 1.06e-01  7.98e-02    11s
  13  -3.27668476e+04 -2.69508466e+04  9.83e+01 5.65e-02  4.45e-02    11s
  14  -2.84046854e+04 -2.48994061e+04  6.57e+01 3.89e-02  3.01e-02    11s
  15  -2.55194519e+04 -2.37876468e+04  4.59e+01 3.09e-02  2.22e-02    12s
  16  -2.47572014e+04 -2.30622872e+04  4.09e+01 2.59e-02  1.94e-02    12s
  17  -2.38180076e+04 -2.27860495e+04  3.43e+01 2.41e-02  1.70e-02    12s
  18  -2.30786497e+04 -2.20657270e+04  2.91e+01 1.92e-02  1.41e-02    12s
  19  -2.21751271e+04 -2.12418936e+04  2.29e+01 1.40e-02  1.08e-02    12s
  20  -2.10336608e+04 -2.05565950e+04  1.55e+01 9.97e-03  7.55e-03    12s
  21  -2.07502760e+04 -1.98605101e+04  1.37e+01 6.26e-03  5.70e-03    13s
  22  -2.06897731e+04 -1.97837230e+04  1.33e+01 6.01e-03  5.51e-03    13s
  23  -2.05979784e+04 -1.96225429e+04  1.27e+01 5.61e-03  5.20e-03    13s
  24  -2.05777740e+04 -1.95129491e+04  1.26e+01 5.57e-03  5.15e-03    13s
  25  -2.05756943e+04 -1.92757253e+04  1.26e+01 5.55e-03  5.14e-03    13s
  26  -2.05737041e+04 -1.92983230e+04  1.26e+01 5.54e-03  5.14e-03    13s
  27   2.99819150e+00 -2.20942885e+08  2.75e+05 6.40e+01  8.98e+05    14s
  28   3.85895974e+07 -2.46054729e+08  3.01e+04 3.21e+02  1.11e+05    14s
  29   3.50352832e+07 -2.45369513e+08  3.21e+03 9.53e+01  1.29e+04    14s
  30   3.22153192e+07 -2.03486604e+08  4.65e+02 5.62e+00  2.06e+03    14s
  31   1.60326267e+07 -1.23364530e+08  1.18e+02 5.05e-01  5.97e+02    15s
  32   4.75908141e+06 -4.55972877e+07  3.37e+01 1.59e-02  1.60e+02    15s
  33   1.38846871e+05 -1.23374152e+07  1.02e+00 1.23e-03  2.51e+01    15s
  34   1.71098408e+04 -5.02687223e+06  2.43e-01 4.72e-04  9.86e+00    15s
  35  -7.78511970e+02 -1.42573667e+06  1.28e-01 1.29e-04  2.77e+00    15s
  36  -1.39269967e+03 -1.00408440e+06  8.66e-02 8.99e-05  1.95e+00    15s
  37  -3.18379720e+03 -6.78914437e+05  5.02e-02 5.99e-05  1.31e+00    16s
  38  -4.63741315e+03 -3.51576162e+05  3.74e-02 3.00e-05  6.72e-01    16s
  39  -7.69048976e+03 -1.77323438e+05  1.94e-02 8.70e-05  3.28e-01    16s
  40  -9.40062853e+03 -9.42095149e+04  1.24e-02 4.25e-05  1.64e-01    16s
  41  -1.08457775e+04 -5.28024208e+04  8.63e-03 2.37e-05  8.11e-02    16s
  42  -1.17866256e+04 -4.18413305e+04  6.89e-03 2.06e-05  5.81e-02    16s
  43  -1.26413227e+04 -3.51639319e+04  5.53e-03 2.18e-05  4.35e-02    16s
  44  -1.35604878e+04 -3.08543113e+04  4.22e-03 3.89e-05  3.34e-02    16s
  45  -1.40993817e+04 -2.78410715e+04  3.54e-03 4.69e-05  2.66e-02    16s
  46  -1.43284477e+04 -2.76452088e+04  3.24e-03 4.62e-05  2.57e-02    16s
  47  -1.48466276e+04 -2.61575941e+04  2.66e-03 4.46e-05  2.19e-02    16s
  48  -1.52986606e+04 -2.50455740e+04  2.20e-03 4.00e-05  1.88e-02    17s
  49  -1.56297729e+04 -2.34200420e+04  1.88e-03 3.18e-05  1.51e-02    17s
  50  -1.58344486e+04 -2.22182800e+04  1.70e-03 2.58e-05  1.23e-02    17s
  51  -1.61116770e+04 -2.14676614e+04  1.46e-03 2.15e-05  1.04e-02    17s
  52  -1.64435203e+04 -2.07607749e+04  1.16e-03 1.95e-05  8.34e-03    17s
  53  -1.66390245e+04 -2.03074429e+04  9.93e-04 1.74e-05  7.09e-03    17s
  54  -1.68570973e+04 -2.00170563e+04  8.22e-04 1.56e-05  6.11e-03    17s
  55  -1.70131528e+04 -1.97734458e+04  6.96e-04 2.83e-05  5.33e-03    17s
  56  -1.70883670e+04 -1.96550290e+04  6.39e-04 2.87e-05  4.96e-03    17s
  57  -1.72558986e+04 -1.94471518e+04  5.09e-04 2.67e-05  4.23e-03    17s
  58  -1.72721597e+04 -1.93648895e+04  4.96e-04 2.54e-05  4.04e-03    17s
  59  -1.73321419e+04 -1.91806397e+04  4.51e-04 2.41e-05  3.57e-03    17s
  60  -1.74592066e+04 -1.89568269e+04  3.50e-04 2.08e-05  2.89e-03    18s
  61  -1.74963697e+04 -1.88055157e+04  3.22e-04 1.83e-05  2.53e-03    18s
  62  -1.75674386e+04 -1.86275150e+04  2.69e-04 1.21e-05  2.05e-03    18s
  63  -1.76297315e+04 -1.85344564e+04  2.22e-04 1.05e-05  1.75e-03    18s
  64  -1.77385492e+04 -1.83832136e+04  1.40e-04 7.88e-06  1.25e-03    18s
  65  -1.77793227e+04 -1.83412017e+04  1.11e-04 7.12e-06  1.09e-03    18s
  66  -1.78219960e+04 -1.82661180e+04  8.14e-05 1.29e-05  8.58e-04    18s
  67  -1.78602358e+04 -1.81921553e+04  5.58e-05 1.14e-05  6.41e-04    18s
  68  -1.78852959e+04 -1.81384162e+04  4.00e-05 9.11e-06  4.89e-04    18s
  69  -1.79212052e+04 -1.80665240e+04  1.75e-05 1.30e-05  2.81e-04    19s
  70  -1.79322251e+04 -1.80142759e+04  1.15e-05 7.39e-06  1.59e-04    19s
  71  -1.79403399e+04 -1.79899223e+04  7.13e-06 4.61e-06  9.58e-05    19s
  72  -1.79437608e+04 -1.79774529e+04  5.31e-06 2.91e-06  6.51e-05    19s
  73  -1.79470646e+04 -1.79696626e+04  3.70e-06 1.84e-06  4.37e-05    19s
  74  -1.79494244e+04 -1.79636939e+04  2.58e-06 9.68e-07  2.76e-05    19s
  75  -1.79510565e+04 -1.79613093e+04  1.81e-06 7.53e-07  1.98e-05    19s
  76  -1.79515998e+04 -1.79591444e+04  1.56e-06 3.72e-07  1.46e-05    19s
  77  -1.79533336e+04 -1.79575632e+04  7.58e-07 2.05e-07  8.17e-06    19s
  78  -1.79538191e+04 -1.79562657e+04  5.31e-07 1.51e-07  4.73e-06    19s
  79  -1.79543815e+04 -1.79560788e+04  2.89e-07 1.46e-07  3.28e-06    20s
  80  -1.79545653e+04 -1.79555625e+04  2.10e-07 8.97e-08  1.93e-06    20s
  81  -1.79549131e+04 -1.79554120e+04  6.15e-08 7.10e-08  9.64e-07    20s
  82  -1.79549829e+04 -1.79551858e+04  3.18e-08 2.54e-08  3.92e-07    20s
  83  -1.79549928e+04 -1.79551814e+04  2.74e-08 2.45e-08  3.65e-07    20s
  84  -1.79550223e+04 -1.79551049e+04  1.38e-08 9.28e-09  1.60e-07    20s
  85  -1.79550520e+04 -1.79550681e+04  2.16e-09 2.48e-09  3.11e-08    20s
  86  -1.79550575e+04 -1.79550583e+04  4.40e-10 1.75e-10  1.63e-09    20s
  87  -1.79550576e+04 -1.79550576e+04  3.53e-10 2.02e-10  1.98e-13    20s

Barrier solved model in 87 iterations and 20.36 seconds (17.13 work units)
Optimal objective -1.79550576e+04


Root crossover log...

   57429 DPushes remaining with DInf 0.0000000e+00                21s
       0 DPushes remaining with DInf 0.0000000e+00                22s

   37607 PPushes remaining with PInf 0.0000000e+00                22s
       0 PPushes remaining with PInf 0.0000000e+00                24s

  Push phase complete: Pinf 0.0000000e+00, Dinf 4.0352724e+00     24s


Root simplex log...

Iteration    Objective       Primal Inf.    Dual Inf.      Time
   93333   -1.7955058e+04   0.000000e+00   4.035272e+00     24s
   93342   -1.7955058e+04   0.000000e+00   0.000000e+00     24s
Crossover time: 3.83 seconds (5.74 work units)
Concurrent spin time: 5.37s (can be avoided by choosing Method=3)

Solved with barrier
   93342   -1.7955058e+04   0.000000e+00   0.000000e+00     30s

Root relaxation: objective -1.795506e+04, 93342 iterations, 23.80 seconds (15.98 work units)

    Nodes    |    Current Node    |     Objective Bounds      |     Work
 Expl Unexpl |  Obj  Depth IntInf | Incumbent    BestBd   Gap | It/Node Time

     0     0 -17955.058    0 1798 -14839.031 -17955.058  21.0%     -   36s
H    0     0                    -17892.16069 -17955.058  0.35%     -   42s
     0     0 -17954.835    0 1984 -17892.161 -17954.835  0.35%     -   49s
     0     0 -17954.834    0 1985 -17892.161 -17954.834  0.35%     -   52s
     0     0 -17954.657    0 1888 -17892.161 -17954.657  0.35%     -   58s
     0     0 -17954.657    0 1896 -17892.161 -17954.657  0.35%     -   65s
     0     0 -17954.649    0 1877 -17892.161 -17954.649  0.35%     -   69s
     0     0 -17954.649    0 1877 -17892.161 -17954.649  0.35%     -   74s
     0     0 -17954.648    0 1868 -17892.161 -17954.648  0.35%     -   79s
     0     0 -17954.648    0 1871 -17892.161 -17954.648  0.35%     -   80s
     0     0 -17954.648    0 1865 -17892.161 -17954.648  0.35%     -   84s
     0     0 -17954.648    0 1866 -17892.161 -17954.648  0.35%     -   84s
     0     0 -17954.648    0 1930 -17892.161 -17954.648  0.35%     -   88s
     0     0 -17954.646    0 1930 -17892.161 -17954.646  0.35%     -   89s
     0     0 -17954.646    0 1671 -17892.161 -17954.646  0.35%     -   92s
     0     2 -17954.641    0 1670 -17892.161 -17954.641  0.35%     -  102s
     1     4 -17954.242    1 1767 -17892.161 -17954.641  0.35%  3740  105s
     7    16 -17953.626    3 1688 -17892.161 -17954.641  0.35%  1539  118s
    15    28 -17953.453    4 1489 -17892.161 -17954.641  0.35%  1845  128s
    27    57 -17953.451    5 1490 -17892.161 -17954.551  0.35%  2299  145s
    56    75 -17953.451    8 1503 -17892.161 -17954.481  0.35%  1757  155s
H   57    75                    -17892.18024 -17954.481  0.35%  1726  155s
H   68    75                    -17892.23828 -17954.481  0.35%  1523  155s
H   72    75                    -17892.33268 -17954.481  0.35%  1535  155s
    74    89 -17953.451    8 1493 -17892.333 -17954.481  0.35%  1498  167s
    88   120 -17953.450    9 1504 -17892.333 -17954.481  0.35%  1569  181s
H  103   120                    -17892.36433 -17954.481  0.35%  1475  181s
H  107   120                    -17893.26501 -17954.481  0.34%  1449  181s
H  110   120                    -17922.44421 -17954.481  0.18%  1463  181s
H  119   155                    -17925.76114 -17954.481  0.16%  1403  207s
H  142   155                    -17928.35881 -17954.481  0.15%  1408  207s
   154   219 -17953.448   11 1487 -17928.359 -17954.481  0.15%  1504  245s
   218   288 -17952.301   19 1345 -17928.359 -17954.481  0.15%  1721  304s
H  260   288                    -17934.80346 -17954.481  0.11%  1784  304s
   287   390 -17951.765   20 1127 -17934.803 -17954.481  0.11%  1818  397s
H  294   390                    -17935.03618 -17954.481  0.11%  1806  397s
H  316   390                    -17935.77679 -17954.481  0.10%  1806  397s
H  366   390                    -17937.04741 -17954.481  0.10%  1927  397s

Cutting planes:
  Gomory: 116
  Cover: 175
  Implied bound: 256
  MIR: 286
  Flow cover: 704
  Network: 3
  RLT: 10
  Relax-and-lift: 78

Explored 389 nodes (938329 simplex iterations) in 398.00 seconds (427.89 work units)
Thread count was 24 (of 24 available processors)

Solution count 10: -17937 -17935.8 -17935 ... -17892.3

Optimal solution found (tolerance 1.00e-03)
Best objective -1.793704740916e+04, best bound -1.795448119929e+04, gap 0.0972%
Set parameter MIPGap to value 0.001
Gurobi Optimizer version 13.0.1 build v13.0.1rc0 (win64 - Windows 10.0 (19045.2))

CPU model: AMD Ryzen 9 5900X 12-Core Processor, instruction set [SSE2|AVX|AVX2]
Thread count: 12 physical cores, 24 logical processors, using up to 24 threads

Non-default parameters:
TimeLimit  10800
MIPGap  0.001
NodefileStart  3
LogToConsole  0

Optimize a model with 340104 rows, 343286 columns and 1483240 nonzeros (Min)
Model fingerprint: 0xaacd0439
Model has 22 linear objective coefficients
Variable types: 289046 continuous, 54240 integer (54240 binary)
Coefficient statistics:
  Matrix range     [9e-05, 2e+02]
  Objective range  [5e-02, 1e+00]
  Bounds range     [9e-03, 6e+01]
  RHS range        [5e-02, 1e+01]

Warning: Completing partial solution with 53952 unfixed non-continuous variables out of 54240
User MIP start produced solution with objective -17931.1 (2.46s)
User MIP start produced solution with objective -17931.1 (2.52s)
Loaded user MIP start with objective -17931.1
Processing MIP start from previous solve: 0 nodes explored in subMIP, total elapsed time 5s
MIP start from previous solve produced solution with objective -17931.1 (8.94s)
MIP start from previous solve produced solution with objective -17931.1 (8.99s)
Loaded MIP start from previous solve with objective -17931.1
Processed MIP start in 9.00 seconds (11.28 work units)

Presolve removed 152056 rows and 125250 columns
Presolve time: 3.68s
Presolved: 188048 rows, 218036 columns, 746467 nonzeros
Variable types: 169134 continuous, 48902 integer (48901 binary)
Deterministic concurrent LP optimizer: primal simplex, dual simplex, and barrier
Showing barrier log only...

Root barrier log...

Ordering time: 1.62s
Ordering time: 1.82s

Barrier statistics:
 Dense cols : 567
 Free vars  : 41
 AA' NZ     : 6.371e+05
 Factor NZ  : 3.423e+06 (roughly 180 MB of memory)
 Factor Ops : 5.630e+08 (less than 1 second per iteration)
 Threads    : 10

                  Objective                Residual
Iter       Primal          Dual         Primal    Dual     Compl     Time
   0   1.64732414e-01 -2.20942885e+04  1.54e+04 6.40e+01  5.07e+00    16s
   1  -4.58581739e+04 -2.56301184e+04  1.53e+04 5.77e+01  5.12e+00    16s
   2  -6.65553538e+05 -2.93595680e+04  1.24e+04 5.35e+01  4.21e+00    16s
   3  -5.75658835e+05 -3.30647588e+04  9.69e+03 4.75e+01  3.48e+00    17s
   4  -6.74307894e+05 -3.83556909e+04  8.44e+03 3.87e+01  3.12e+00    17s
   5  -6.28581634e+05 -4.54271157e+04  5.65e+03 2.50e+01  2.12e+00    17s
   6  -1.87131812e+05 -5.36743168e+04  1.49e+03 3.69e+00  6.40e-01    17s
   7  -8.40042617e+04 -4.44189364e+04  5.31e+02 5.18e-01  2.41e-01    17s
   8  -7.48612515e+04 -3.88992690e+04  4.47e+02 2.74e-01  1.93e-01    17s
   9  -6.77770217e+04 -3.68484009e+04  3.86e+02 2.15e-01  1.65e-01    17s
  10  -5.64699909e+04 -3.53137001e+04  2.89e+02 1.76e-01  1.27e-01    17s
  11  -5.36116088e+04 -3.36139873e+04  2.65e+02 1.48e-01  1.15e-01    17s
  12  -4.33947564e+04 -3.08025117e+04  1.80e+02 1.03e-01  7.90e-02    18s
  13  -3.24936839e+04 -2.69626703e+04  9.63e+01 5.51e-02  4.39e-02    18s
  14  -2.83288032e+04 -2.48522109e+04  6.53e+01 3.79e-02  3.00e-02    18s
  15  -2.52861364e+04 -2.41033055e+04  4.35e+01 3.26e-02  2.21e-02    18s
  16  -2.49014134e+04 -2.38329665e+04  4.11e+01 3.09e-02  2.09e-02    18s
  17  -2.45510411e+04 -2.36429533e+04  3.89e+01 2.96e-02  1.99e-02    18s
  18  -2.39832568e+04 -2.26395896e+04  3.51e+01 2.31e-02  1.69e-02    18s
  19  -2.26757941e+04 -2.20543933e+04  2.60e+01 1.93e-02  1.32e-02    18s
  20  -2.19971918e+04 -2.18246602e+04  2.15e+01 1.79e-02  1.16e-02    18s
  21  -2.13331054e+04 -2.07250139e+04  1.72e+01 1.11e-02  8.23e-03    19s
  22  -2.07901567e+04 -2.03726399e+04  1.38e+01 9.23e-03  6.73e-03    19s
  23  -2.06617313e+04 -2.01024862e+04  1.30e+01 8.40e-03  6.24e-03    19s
  24  -2.06169110e+04 -1.99945169e+04  1.27e+01 8.27e-03  6.12e-03    19s
  25  -2.06126467e+04 -1.98329021e+04  1.27e+01 8.18e-03  6.08e-03    19s
  26  -2.05836191e+04 -1.96479113e+04  1.25e+01 8.14e-03  6.03e-03    19s
  27  -2.05715759e+04 -1.96650840e+04  1.24e+01 8.10e-03  6.00e-03    19s
  28  -2.04695271e+04 -1.97554728e+04  1.19e+01 7.55e-03  5.71e-03    19s
  29  -2.04586461e+04 -1.95274395e+04  1.19e+01 7.24e-03  5.57e-03    19s
  30  -1.97410944e+04 -1.94118595e+04  8.39e+00 6.21e-03  4.46e-03    20s
  31  -1.91963579e+04 -1.89447995e+04  5.78e+00 4.25e-03  3.07e-03    20s
  32  -1.90830414e+04 -1.89104831e+04  5.25e+00 4.09e-03  2.90e-03    20s
  33  -1.89336170e+04 -1.88134150e+04  4.55e+00 3.67e-03  2.58e-03    20s
  34  -1.89150695e+04 -1.86601242e+04  4.46e+00 2.98e-03  2.25e-03    20s
  35  -1.84711836e+04 -1.84225151e+04  2.41e+00 1.91e-03  1.39e-03    20s
  36  -1.84308365e+04 -1.83168703e+04  2.22e+00 1.47e-03  1.14e-03    20s
  37  -1.82651972e+04 -1.82665026e+04  1.45e+00 1.26e-03  9.00e-04    20s
  38  -1.82567305e+04 -1.82061887e+04  1.41e+00 1.02e-03  7.73e-04    21s
  39  -1.81405690e+04 -1.81464326e+04  8.74e-01 7.78e-04  5.53e-04    21s
  40  -1.80622837e+04 -1.80908473e+04  5.19e-01 5.60e-04  3.79e-04    21s
  41  -1.80198106e+04 -1.80226523e+04  3.27e-01 2.83e-04  2.09e-04    21s
  42  -1.79936895e+04 -1.80016308e+04  2.07e-01 2.00e-04  1.45e-04    21s
  43  -1.79825640e+04 -1.79851087e+04  1.56e-01 1.34e-04  1.02e-04    21s
  44  -1.79747727e+04 -1.79731481e+04  1.20e-01 8.77e-05  7.15e-05    21s
  45  -1.79669409e+04 -1.79696524e+04  8.39e-02 7.48e-05  5.76e-05    21s
  46  -1.79617798e+04 -1.79641114e+04  5.99e-02 5.44e-05  4.19e-05    22s
  47  -1.79571928e+04 -1.79569729e+04  3.80e-02 2.70e-05  2.32e-05    22s
  48  -1.79548470e+04 -1.79552166e+04  2.68e-02 2.05e-05  1.74e-05    22s
  49  -1.79546041e+04 -1.79543912e+04  2.56e-02 1.76e-05  1.55e-05    22s
  50  -1.79540260e+04 -1.79539235e+04  2.28e-02 1.59e-05  1.40e-05    22s
  51  -1.79527400e+04 -1.79524199e+04  1.65e-02 1.04e-05  9.69e-06    22s
  52  -1.79522558e+04 -1.79516459e+04  1.41e-02 7.67e-06  7.61e-06    22s
  53  -1.79511285e+04 -1.79505831e+04  8.64e-03 4.08e-06  4.31e-06    22s
  54  -1.79504944e+04 -1.79500623e+04  5.40e-03 2.25e-06  2.52e-06    22s
  55  -1.79500501e+04 -1.79497917e+04  3.26e-03 2.55e-06  1.52e-06    22s
  56  -1.79499180e+04 -1.79496412e+04  2.62e-03 1.62e-06  1.09e-06    22s
  57  -1.79495579e+04 -1.79496038e+04  8.61e-04 1.39e-06  6.29e-07    22s
  58  -1.79494721e+04 -1.79494783e+04  4.50e-04 5.80e-07  2.94e-07    23s
  59  -1.79493849e+04 -1.79494582e+04  2.08e-05 4.59e-07  1.58e-07    23s
  60  -1.79493826e+04 -1.79494372e+04  4.27e-06 3.13e-07  1.11e-07    23s
  61  -1.79493825e+04 -1.79493893e+04  3.01e-06 2.81e-08  1.54e-08    23s
  62  -1.79493821e+04 -1.79493821e+04  2.55e-09 1.25e-10  3.82e-11    23s

Barrier solved model in 62 iterations and 22.87 seconds (24.22 work units)
Optimal objective -1.79493821e+04


Root crossover log...

   58590 DPushes remaining with DInf 8.1784592e-06                23s
       0 DPushes remaining with DInf 0.0000000e+00                24s

   37209 PPushes remaining with PInf 0.0000000e+00                24s
   27791 PPushes remaining with PInf 0.0000000e+00                25s
       0 PPushes remaining with PInf 0.0000000e+00                27s

  Push phase complete: Pinf 0.0000000e+00, Dinf 1.2239471e+01     27s


Root simplex log...

Iteration    Objective       Primal Inf.    Dual Inf.      Time
   84966   -1.7949382e+04   0.000000e+00   1.223947e+01     27s
   84971   -1.7949382e+04   0.000000e+00   0.000000e+00     27s
Crossover time: 3.86 seconds (6.17 work units)
Concurrent spin time: 3.83s (can be avoided by choosing Method=3)

Solved with barrier
   84971   -1.7949382e+04   0.000000e+00   0.000000e+00     31s

Root relaxation: objective -1.794938e+04, 84971 iterations, 17.26 seconds (13.74 work units)

    Nodes    |    Current Node    |     Objective Bounds      |     Work
 Expl Unexpl |  Obj  Depth IntInf | Incumbent    BestBd   Gap | It/Node Time

     0     0 -17949.382    0 1792 -17931.094 -17949.382  0.10%     -   36s
     0     0 -17949.269    0 1849 -17931.094 -17949.269  0.10%     -   42s
     0     0 -17949.269    0 1849 -17931.094 -17949.269  0.10%     -   44s
     0     0 -17949.079    0 1744 -17931.094 -17949.079  0.10%     -   50s
     0     0 -17949.078    0 1743 -17931.094 -17949.078  0.10%     -   52s
     0     0 -17949.072    0 1776 -17931.094 -17949.072  0.10%     -   57s
     0     0 -17949.072    0 1703 -17931.094 -17949.072  0.10%     -   60s
     0     0 -17949.071    0 1728 -17931.094 -17949.071  0.10%     -   64s
     0     0 -17949.071    0 1729 -17931.094 -17949.071  0.10%     -   66s
     0     0 -17949.071    0 1721 -17931.094 -17949.071  0.10%     -   70s
     0     0 -17949.071    0 1721 -17931.094 -17949.071  0.10%     -   72s
     0     0 -17949.071    0 1721 -17931.094 -17949.071  0.10%     -   76s
     0     0 -17949.071    0 1563 -17931.094 -17949.071  0.10%     -   79s
     0     0 -17949.071    0 1575 -17931.094 -17949.071  0.10%     -   83s
     0     0 -17949.071    0 1581 -17931.094 -17949.071  0.10%     -   86s
     0     0 -17949.071    0 1581 -17931.094 -17949.071  0.10%     -   86s
     0     0 -17949.071    0 1581 -17931.094 -17949.071  0.10%     -   88s
     0     0 -17949.070    0 1582 -17931.094 -17949.070  0.10%     -   91s
     0     0 -17949.070    0 1580 -17931.094 -17949.070  0.10%     -   95s
     0     0 -17949.063    0 1579 -17931.094 -17949.063  0.10%     -   96s
     0     0 -17949.063    0 1544 -17931.094 -17949.063  0.10%     -   97s
     0     2 -17949.049    0 1542 -17931.094 -17949.049  0.10%     -  109s
     1     4 -17948.626    1 1672 -17931.094 -17949.049  0.10%  2920  112s
     3     8 -17948.025    2 1635 -17931.094 -17949.049  0.10%  1739  116s
     7    16 -17946.146    3 1565 -17931.094 -17949.049  0.10%  2368  131s

Cutting planes:
  Gomory: 47
  Cover: 178
  Implied bound: 243
  MIR: 271
  Flow cover: 773
  RLT: 6
  Relax-and-lift: 93

Explored 15 nodes (188183 simplex iterations) in 131.73 seconds (149.89 work units)
Thread count was 24 (of 24 available processors)

Solution count 3: -17931.1 -17931.1 -17931.1 

Optimal solution found (tolerance 1.00e-03)
Best objective -1.793109431954e+04, best bound -1.794862415088e+04, gap 0.0978%
Set parameter MIPGap to value 0.0001
Gurobi Optimizer version 13.0.1 build v13.0.1rc0 (win64 - Windows 10.0 (19045.2))

CPU model: AMD Ryzen 9 5900X 12-Core Processor, instruction set [SSE2|AVX|AVX2]
Thread count: 12 physical cores, 24 logical processors, using up to 24 threads

Non-default parameters:
TimeLimit  10800
NodefileStart  3
LogToConsole  0

Optimize a model with 340124 rows, 343286 columns and 1483320 nonzeros (Min)
Model fingerprint: 0x5b27062b
Model has 22 linear objective coefficients
Variable types: 289046 continuous, 54240 integer (54240 binary)
Coefficient statistics:
  Matrix range     [9e-05, 2e+02]
  Objective range  [5e-02, 1e+00]
  Bounds range     [9e-03, 6e+01]
  RHS range        [5e-02, 1e+01]

Warning: Completing partial solution with 53952 unfixed non-continuous variables out of 54240
User MIP start produced solution with objective -17931.1 (2.47s)
User MIP start produced solution with objective -17931.1 (2.52s)
Loaded user MIP start with objective -17931.1
Processing MIP start from previous solve: 0 nodes explored in subMIP, total elapsed time 5s
MIP start from previous solve produced solution with objective -17931.1 (8.79s)
MIP start from previous solve produced solution with objective -17931.1 (8.84s)
Loaded MIP start from previous solve with objective -17931.1
Processed MIP start in 8.85 seconds (10.25 work units)

Presolve removed 152056 rows and 125250 columns
Presolve time: 4.11s
Presolved: 188068 rows, 218036 columns, 746527 nonzeros
Variable types: 169134 continuous, 48902 integer (48901 binary)
Deterministic concurrent LP optimizer: primal simplex, dual simplex, and barrier
Showing barrier log only...

Root barrier log...

Ordering time: 1.68s
Ordering time: 1.87s

Barrier statistics:
 Dense cols : 567
 Free vars  : 41
 AA' NZ     : 6.381e+05
 Factor NZ  : 3.424e+06 (roughly 180 MB of memory)
 Factor Ops : 5.631e+08 (less than 1 second per iteration)
 Threads    : 10

                  Objective                Residual
Iter       Primal          Dual         Primal    Dual     Compl     Time
   0   1.64732278e-01 -2.20942885e+04  1.54e+04 6.40e+01  5.07e+00    17s
   1  -4.58581225e+04 -2.56301200e+04  1.53e+04 5.77e+01  5.12e+00    17s
   2  -6.65552912e+05 -2.93595765e+04  1.24e+04 5.35e+01  4.21e+00    17s
   3  -5.75658650e+05 -3.30647623e+04  9.69e+03 4.75e+01  3.48e+00    17s
   4  -6.74307163e+05 -3.83557083e+04  8.44e+03 3.87e+01  3.12e+00    17s
   5  -6.28581214e+05 -4.54271219e+04  5.65e+03 2.50e+01  2.12e+00    17s
   6  -1.87140859e+05 -5.36704487e+04  1.49e+03 3.70e+00  6.40e-01    17s
   7  -8.39477810e+04 -4.43606868e+04  5.30e+02 5.01e-01  2.41e-01    17s
   8  -7.46792401e+04 -3.88231577e+04  4.45e+02 2.64e-01  1.93e-01    18s
   9  -6.73983518e+04 -3.67587463e+04  3.82e+02 2.06e-01  1.64e-01    18s
  10  -5.63838135e+04 -3.52785602e+04  2.88e+02 1.70e-01  1.26e-01    18s
  11  -5.35695389e+04 -3.35481904e+04  2.65e+02 1.42e-01  1.14e-01    18s
  12  -4.30480942e+04 -3.07845840e+04  1.78e+02 9.95e-02  7.80e-02    18s
  13  -3.21253960e+04 -2.69723719e+04  9.37e+01 5.38e-02  4.32e-02    18s
  14  -2.81284688e+04 -2.45119689e+04  6.39e+01 3.29e-02  2.87e-02    18s
  15  -2.57293510e+04 -2.36683646e+04  4.76e+01 2.74e-02  2.25e-02    18s
  16  -2.52677104e+04 -2.34868160e+04  4.45e+01 2.62e-02  2.13e-02    18s
  17  -2.44667070e+04 -2.30060336e+04  3.91e+01 2.33e-02  1.88e-02    18s
  18  -2.34685648e+04 -2.21173125e+04  3.21e+01 1.78e-02  1.51e-02    19s
  19  -2.22733607e+04 -2.12634828e+04  2.38e+01 1.28e-02  1.11e-02    19s
  20  -2.09516246e+04 -2.05717783e+04  1.52e+01 9.10e-03  7.53e-03    19s
  21  -2.06655473e+04 -2.02371350e+04  1.33e+01 7.53e-03  6.41e-03    19s
  22  -2.05727484e+04 -2.00056627e+04  1.27e+01 6.87e-03  5.98e-03    19s
  23  -2.05565602e+04 -1.99129283e+04  1.26e+01 6.84e-03  5.94e-03    19s
  24  -2.05542129e+04 -1.97871436e+04  1.26e+01 6.80e-03  5.92e-03    19s
  25  -2.05238268e+04 -1.98185842e+04  1.24e+01 6.78e-03  5.89e-03    19s
  26  -2.04641697e+04 -1.97252600e+04  1.21e+01 6.45e-03  5.72e-03    20s
  27  -2.02777022e+04 -1.93280515e+04  1.12e+01 5.72e-03  5.24e-03    20s
  28  -1.94202611e+04 -1.90577534e+04  6.96e+00 4.27e-03  3.62e-03    20s
  29  -1.92809609e+04 -1.89691959e+04  6.28e+00 3.92e-03  3.29e-03    20s
  30  -1.89401357e+04 -1.87418257e+04  4.61e+00 2.99e-03  2.47e-03    21s
  31  -1.88296809e+04 -1.86731668e+04  4.08e+00 2.71e-03  2.23e-03    21s
  32  -1.85227331e+04 -1.85237445e+04  2.64e+00 2.11e-03  1.64e-03    21s
  33  -1.83622261e+04 -1.83847869e+04  1.90e+00 1.59e-03  1.22e-03    21s
  34  -1.82856068e+04 -1.83451294e+04  1.54e+00 1.45e-03  1.08e-03    21s
  35  -1.82207937e+04 -1.82759285e+04  1.25e+00 1.19e-03  8.85e-04    21s
  36  -1.81630385e+04 -1.81908118e+04  9.86e-01 8.84e-04  6.67e-04    21s
  37  -1.80907265e+04 -1.81041152e+04  6.55e-01 5.67e-04  4.33e-04    22s
  38  -1.80625486e+04 -1.80912849e+04  5.24e-01 5.19e-04  3.82e-04    22s
  39  -1.80114340e+04 -1.80515866e+04  2.92e-01 3.74e-04  2.61e-04    22s
  40  -1.79810327e+04 -1.80128340e+04  1.56e-01 2.30e-04  1.60e-04    22s
  41  -1.79792966e+04 -1.80043552e+04  1.47e-01 1.99e-04  1.41e-04    22s
  42  -1.79669997e+04 -1.79864367e+04  8.84e-02 1.30e-04  9.35e-05    22s
  43  -1.79612493e+04 -1.79794447e+04  6.03e-02 1.05e-04  7.36e-05    22s
  44  -1.79605686e+04 -1.79762427e+04  5.70e-02 9.34e-05  6.66e-05    22s
  45  -1.79552625e+04 -1.79735321e+04  3.16e-02 8.40e-05  5.59e-05    22s
  46  -1.79545412e+04 -1.79691441e+04  2.79e-02 6.84e-05  4.64e-05    23s
  47  -1.79536238e+04 -1.79660984e+04  2.35e-02 5.75e-05  3.94e-05    23s
  48  -1.79522104e+04 -1.79633485e+04  1.63e-02 4.81e-05  3.23e-05    23s
  49  -1.79517073e+04 -1.79606430e+04  1.36e-02 3.88e-05  2.62e-05    23s
  50  -1.79509689e+04 -1.79587165e+04  9.55e-03 3.22e-05  2.13e-05    23s
  51  -1.79504342e+04 -1.79549696e+04  6.55e-03 1.90e-05  1.31e-05    23s
  52  -1.79501937e+04 -1.79526803e+04  5.08e-03 1.10e-05  8.11e-06    23s
  53  -1.79499766e+04 -1.79513927e+04  3.76e-03 6.54e-06  5.17e-06    23s
  54  -1.79497508e+04 -1.79505807e+04  2.41e-03 3.82e-06  3.16e-06    23s
  55  -1.79495122e+04 -1.79502685e+04  9.11e-04 2.82e-06  2.07e-06    23s
  56  -1.79495108e+04 -1.79502039e+04  9.03e-04 2.62e-06  1.94e-06    23s
  57  -1.79494344e+04 -1.79499507e+04  4.19e-04 1.79e-06  1.29e-06    23s
  58  -1.79493861e+04 -1.79498532e+04  1.18e-04 1.48e-06  1.00e-06    24s
  59  -1.79493718e+04 -1.79496182e+04  1.69e-05 7.29e-07  4.99e-07    24s
  60  -1.79493765e+04 -1.79495192e+04  3.10e-06 4.21e-07  2.85e-07    24s
  61  -1.79493768e+04 -1.79495111e+04  2.75e-06 3.97e-07  2.68e-07    24s
  62  -1.79493769e+04 -1.79495053e+04  2.54e-06 3.79e-07  2.56e-07    24s
  63  -1.79493769e+04 -1.79494331e+04  1.53e-06 1.56e-07  1.12e-07    24s
  64  -1.79493792e+04 -1.79493944e+04  1.38e-07 5.09e-08  3.02e-08    24s
  65  -1.79493796e+04 -1.79493796e+04  3.86e-09 3.94e-10  3.41e-11    24s

Barrier solved model in 65 iterations and 24.20 seconds (24.10 work units)
Optimal objective -1.79493796e+04


Root crossover log...

   58589 DPushes remaining with DInf 0.0000000e+00                24s
    4323 DPushes remaining with DInf 0.0000000e+00                25s
       0 DPushes remaining with DInf 0.0000000e+00                25s

   37246 PPushes remaining with PInf 0.0000000e+00                25s
       0 PPushes remaining with PInf 0.0000000e+00                29s

  Push phase complete: Pinf 0.0000000e+00, Dinf 3.6045281e+00     29s


Root simplex log...

Iteration    Objective       Primal Inf.    Dual Inf.      Time
   92417   -1.7949380e+04   0.000000e+00   3.604528e+00     29s
   92421   -1.7949380e+04   0.000000e+00   0.000000e+00     29s
Crossover time: 4.57 seconds (6.69 work units)
Concurrent spin time: 5.17s (can be avoided by choosing Method=3)

Solved with barrier
   92421   -1.7949380e+04   0.000000e+00   0.000000e+00     34s

Root relaxation: objective -1.794938e+04, 92421 iterations, 20.40 seconds (15.17 work units)

    Nodes    |    Current Node    |     Objective Bounds      |     Work
 Expl Unexpl |  Obj  Depth IntInf | Incumbent    BestBd   Gap | It/Node Time

     0     0 -17949.380    0 2052 -17931.094 -17949.380  0.10%     -   39s
     0     0 -17949.099    0 1727 -17931.094 -17949.099  0.10%     -   47s
     0     0 -17949.099    0 1727 -17931.094 -17949.099  0.10%     -   49s
     0     0 -17948.836    0 1726 -17931.094 -17948.836  0.10%     -   54s
     0     0 -17948.836    0 1725 -17931.094 -17948.836  0.10%     -   56s
     0     0 -17948.835    0 1722 -17931.094 -17948.835  0.10%     -   60s
     0     0 -17948.833    0 1720 -17931.094 -17948.833  0.10%     -   62s
     0     0 -17948.829    0 1742 -17931.094 -17948.829  0.10%     -   66s
     0     0 -17948.829    0 1823 -17931.094 -17948.829  0.10%     -   68s
     0     0 -17948.829    0 1766 -17931.094 -17948.829  0.10%     -   72s
     0     0 -17948.827    0 1767 -17931.094 -17948.827  0.10%     -   73s
     0     0 -17948.827    0 1765 -17931.094 -17948.827  0.10%     -   76s
     0     0 -17948.827    0 1765 -17931.094 -17948.827  0.10%     -   77s
     0     0 -17948.827    0 1657 -17931.094 -17948.827  0.10%     -   80s
     0     2 -17948.827    0 1649 -17931.094 -17948.827  0.10%     -   88s
     3     8 -17947.865    2 1554 -17931.094 -17948.826  0.10%  1543   93s
     7    16 -17946.291    3 1448 -17931.094 -17948.824  0.10%  2423  100s
    15    28 -17946.287    4 1453 -17931.094 -17948.821  0.10%  1710  112s
    27    40 -17945.987    5 1485 -17931.094 -17948.672  0.10%  3274  127s
    39    60 -17945.920    6 1466 -17931.094 -17948.627  0.10%  3668  143s
    59    71 -17945.551    7 1449 -17931.094 -17948.627  0.10%  2965  166s
    70    84 -17945.206    8 1386 -17931.094 -17948.627  0.10%  3430  186s
    83   111 -17939.379    9 1257 -17931.094 -17948.627  0.10%  3453  203s
H  110   124                    -17931.13453 -17948.627  0.10%  3132  217s
   123   137 -17943.541   10 1368 -17931.135 -17948.627  0.10%  3100  242s
   136   174 -17944.651   10 1317 -17931.135 -17948.627  0.10%  3352  262s
   173   204 -17944.286   15 1219 -17931.135 -17948.627  0.10%  2950  277s
   203   230 -17943.680   16 1022 -17931.135 -17948.627  0.10%  2874  294s
   229   257 -17943.511   17 1007 -17931.135 -17948.627  0.10%  2923  306s
   256   282 -17942.956   19  963 -17931.135 -17948.627  0.10%  2851  322s
H  281   294                    -17932.90177 -17948.627  0.09%  2854  340s
H  284   294                    -17932.91227 -17948.627  0.09%  2847  340s
   293   327 -17942.799   21  964 -17932.912 -17948.627  0.09%  2836  355s
   326   351 -17942.799   22  894 -17932.912 -17948.627  0.09%  2735  373s
   350   370 -17939.777   23  866 -17932.912 -17948.627  0.09%  2818  395s
   369   395 -17942.306   23 1283 -17932.912 -17948.627  0.09%  2845  409s
   394   419 -17941.028   25 1059 -17932.912 -17948.627  0.09%  2839  431s
   418   454 -17940.899   26 1073 -17932.912 -17948.627  0.09%  2839  447s
   455   465 -17939.696   30  836 -17932.912 -17948.627  0.09%  2780  521s
H  462   465                    -17934.03633 -17948.627  0.08%  2769  521s
   468   497 -17939.106   31  921 -17934.036 -17948.627  0.08%  2779  543s
   500   529 -17938.790   32  856 -17934.036 -17948.627  0.08%  2802  563s
   538   585 -17937.908   35  739 -17934.036 -17948.627  0.08%  2785  583s
   594   636 -17936.534   44  741 -17934.036 -17948.627  0.08%  2677  598s
H  599   636                    -17935.00866 -17948.627  0.08%  2658  598s
H  606   636                    -17936.66625 -17948.627  0.07%  2631  598s
   648   697 -17937.259   48  573 -17936.666 -17948.627  0.07%  2583  623s
H  669   697                    -17937.36849 -17948.627  0.06%  2511  623s
   719   723     cutoff   58      -17937.368 -17948.429  0.06%  2456  644s
   791   746 -17946.007    7 1569 -17937.368 -17948.429  0.06%  2361  670s
   883   825 -17945.581    8 1475 -17937.368 -17948.429  0.06%  2222  693s
H  898   803                    -17937.62849 -17948.429  0.06%  2194  693s
   984   809 -17944.417   11 1277 -17937.628 -17948.429  0.06%  2111  733s
  1001   855 -17944.136   12 1174 -17937.628 -17948.429  0.06%  2109  758s
  1064   933 -17943.510   14 1063 -17937.628 -17948.429  0.06%  2049  780s
H 1074   917                    -17937.68557 -17948.429  0.06%  2036  780s
H 1077   897                    -17937.73671 -17948.429  0.06%  2030  780s
  1150   948 -17938.248   13 1221 -17937.737 -17948.429  0.06%  1962  805s
  1226  1022 -17940.939   15 1150 -17937.737 -17948.309  0.06%  1910  828s
  1311  1104 -17941.652   16 1194 -17937.737 -17948.309  0.06%  1868  855s
  1409  1209 -17940.850   19 1141 -17937.737 -17948.012  0.06%  1808  877s
  1526  1312 -17939.659   24  903 -17937.737 -17948.012  0.06%  1728  901s
  1641  1462 -17938.840   31  483 -17937.737 -17947.873  0.06%  1671  931s
H 1672  1438                    -17937.79507 -17947.873  0.06%  1646  931s
H 1675  1315                    -17937.85866 -17947.873  0.06%  1643  931s
  1808  1370     cutoff   40      -17937.859 -17947.873  0.06%  1577  965s
  1928  1473     cutoff   19      -17937.859 -17947.805  0.06%  1550 1001s
H 2042  1201                    -17938.11481 -17947.805  0.05%  1517 1057s
H 2042  1180                    -17938.16207 -17947.805  0.05%  1517 1058s
H 2042  1169                    -17938.20802 -17947.805  0.05%  1517 1059s
H 2042  1157                    -17938.25906 -17947.805  0.05%  1517 1060s
H 2042  1139                    -17938.30456 -17947.805  0.05%  1517 1061s
  2043  1131 -17938.336   41 1657 -17938.305 -17947.805  0.05%  1516 1302s
  2045  1132 -17938.764   35 2601 -17938.305 -17947.805  0.05%  1515 1354s
  2046  1133 -17938.956   46 1859 -17938.305 -17947.805  0.05%  1514 1415s
  2047  1134 -17939.662   43 1852 -17938.305 -17947.805  0.05%  1513 1438s
  2048  1134 -17940.779   31 1962 -17938.305 -17947.805  0.05%  1513 1458s
  2049  1135 -17942.855   16 1763 -17938.305 -17947.805  0.05%  1512 1496s
  2050  1136 -17940.098   48 1792 -17938.305 -17947.805  0.05%  1511 1521s
  2051  1136 -17942.860   21 1631 -17938.305 -17947.805  0.05%  1511 1559s
  2052  1137 -17940.964    9 1645 -17938.305 -17947.805  0.05%  1510 1562s
  2053  1138 -17938.999   48 1647 -17938.305 -17947.805  0.05%  1509 1578s
  2054  1138 -17940.276   31 1585 -17938.305 -17947.747  0.05%  1508 1600s
  2055  1139 -17938.696   26 1589 -17938.305 -17947.747  0.05%  1508 1618s
  2056  1140 -17939.777   24 1570 -17938.305 -17947.693  0.05%  1507 1644s
  2057  1140 -17942.178   23 1595 -17938.305 -17947.592  0.05%  1506 1662s
  2058  1141 -17938.326   41 1570 -17938.305 -17947.592  0.05%  1505 1689s
  2059  1142 -17940.184   38 1587 -17938.305 -17947.491  0.05%  1505 1708s
  2060  1142 -17946.991    9 1569 -17938.305 -17947.491  0.05%  1504 1732s
  2061  1143 -17939.244   22 1556 -17938.305 -17947.307  0.05%  1503 1750s
  2062  1144 -17938.731   43 1555 -17938.305 -17947.307  0.05%  1502 1773s
  2063  1144 -17945.023   16 1563 -17938.305 -17947.197  0.05%  1502 1791s
  2064  1145 -17942.543   23 1565 -17938.305 -17947.197  0.05%  1501 1814s
  2065  1146 -17939.011   47 1566 -17938.305 -17946.962  0.05%  1500 1829s
  2066  1146 -17939.322   33 1566 -17938.305 -17946.836  0.05%  1500 1847s
  2067  1147 -17942.336   21 1566 -17938.305 -17946.836  0.05%  1499 1874s
  2068  1148 -17939.737   36 1566 -17938.305 -17946.836  0.05%  1498 1906s
  2069  1151 -17946.836   14 1665 -17938.305 -17946.836  0.05%  1609 1919s
  2071  1155 -17946.836   15 1670 -17938.305 -17946.836  0.05%  1612 1928s
  2075  1161 -17946.836   16 1674 -17938.305 -17946.836  0.05%  1620 1941s
  2083  1171 -17946.318   17 1719 -17938.305 -17946.836  0.05%  1639 1967s
  2095  1172 -17940.429   18 1361 -17938.305 -17946.678  0.05%  1674 2062s
  2100  1196     cutoff   18      -17938.305 -17946.678  0.05%  1703 2102s
  2130  1195 -17940.651   24 1047 -17938.305 -17946.678  0.05%  1728 2132s
  2142  1198 -17940.356   25  952 -17938.305 -17946.678  0.05%  1745 2171s
  2156  1209 -17940.178   26  804 -17938.305 -17946.678  0.05%  1750 2199s
  2197  1192 -17938.328   28  860 -17938.305 -17946.678  0.05%  1759 2234s
  2231  1165 -17940.297   25  827 -17938.305 -17946.678  0.05%  1776 2268s
  2260  1161     cutoff   26      -17938.305 -17946.678  0.05%  1773 2293s
  2283  1177 -17939.410   32  770 -17938.305 -17946.678  0.05%  1800 2312s
  2317  1170 -17939.236   35  743 -17938.305 -17946.678  0.05%  1816 2358s
  2335  1162 -17938.402   36  590 -17938.305 -17946.678  0.05%  1842 2408s
  2365  1156 infeasible   37      -17938.305 -17946.678  0.05%  1832 2454s
  2395  1156 -17939.409   35  856 -17938.305 -17946.678  0.05%  1836 2494s
H 2398  1097                    -17938.43556 -17946.678  0.05%  1839 2494s
  2421  1101 -17939.201   36  847 -17938.436 -17946.678  0.05%  1851 2526s
  2455  1102     cutoff   39      -17938.436 -17946.601  0.05%  1856 2556s
  2496  1120     cutoff   24      -17938.436 -17946.491  0.04%  1868 2586s
  2540  1140 -17946.086   19 1777 -17938.436 -17946.491  0.04%  1870 2613s
  2597  1163 -17945.223   22 1349 -17938.436 -17946.491  0.04%  1870 2638s
  2661  1172 -17940.718   24 1538 -17938.436 -17946.403  0.04%  1863 2666s
  2731  1178 -17939.874   26 1350 -17938.436 -17946.403  0.04%  1852 2699s
  2803  1179 -17938.910   33 1050 -17938.436 -17946.142  0.04%  1847 2732s
  2880  1176 -17939.252   21 1449 -17938.436 -17946.142  0.04%  1839 2773s
  2929  1199 -17944.151   20 1833 -17938.436 -17946.142  0.04%  1844 2808s
  2994  1192 -17943.748   21 1843 -17938.436 -17946.132  0.04%  1843 2844s
  3063  1202 -17939.872   21 1455 -17938.436 -17946.132  0.04%  1838 2874s
  3133  1202 -17942.885   22 1735 -17938.436 -17945.942  0.04%  1834 2902s
  3200  1217     cutoff   24      -17938.436 -17945.942  0.04%  1836 2934s
  3297  1236 -17941.539   28 1245 -17938.436 -17944.676  0.03%  1824 2976s
  3411  1217 -17941.481   31 1335 -17938.436 -17944.676  0.03%  1803 3033s
H 3414  1161                    -17939.06779 -17944.676  0.03%  1802 3033s
H 3415  1109                    -17939.15606 -17944.676  0.03%  1802 3033s
H 3426  1055                    -17939.22086 -17944.676  0.03%  1799 3033s
  3438  1080 -17940.868   31 1131 -17939.221 -17944.676  0.03%  1799 3078s
  3555  1115 -17940.220   35  887 -17939.221 -17943.578  0.02%  1779 3148s
  3762  1131 -17939.348   24 1029 -17939.221 -17943.493  0.02%  1758 3206s
  3975  1036 -17939.714   27 1156 -17939.221 -17943.493  0.02%  1724 3264s
H 4045   966                    -17939.22592 -17943.493  0.02%  1713 3264s
  4142   999 -17939.636   27  963 -17939.226 -17942.963  0.02%  1693 3326s
H 4272   846                    -17939.35056 -17942.754  0.02%  1691 3326s
  4314   954     cutoff   27      -17939.351 -17942.726  0.02%  1683 3414s
  4725  1130     cutoff   51      -17939.351 -17942.483  0.02%  1628 3501s
  5215  1466 -17940.820   31  606 -17939.351 -17942.241  0.02%  1540 3612s
H 5683  1340                    -17939.35227 -17942.107  0.02%  1473 3612s
H 5875  1001                    -17939.50393 -17942.107  0.01%  1436 3770s
H 5908   953                    -17939.57177 -17942.107  0.01%  1428 3770s
  6054   942     cutoff  138      -17939.572 -17942.107  0.01%  1403 3907s
  6516   961 -17940.456   32  460 -17939.572 -17941.717  0.01%  1381 4096s

Cutting planes:
  Gomory: 398
  Cover: 31
  Implied bound: 59
  Projected implied bound: 1
  MIR: 789
  Mixing: 9
  Flow cover: 2399
  RLT: 20
  Relax-and-lift: 90

Explored 7197 nodes (10040058 simplex iterations) in 4097.45 seconds (3881.43 work units)
Thread count was 24 (of 24 available processors)

Solution count 10: -17939.6 -17939.5 -17939.4 ... -17938.3

Optimal solution found (tolerance 1.00e-04)
Best objective -1.793957176818e+04, best bound -1.794118272048e+04, gap 0.0090%
