
Cluster assignments:
Cluster 0 (represented by Day 25): [ 1 12 17 21 25 26 27 28]... (total 8 days)
Cluster 1 (represented by Day 4): [ 2  3  4  5  6  7  8  9 10 11]... (total 23 days)
[reserve] pi_res = 56 EUR/MW.h (daily mean of fcrn_dk2_56 hourly prices), 1h blocks
[reserve] c_min_G = 0.15 (electrolyzer min load / els_cap); literature 0.1-0.16 -> OK
[reserve] c_sb_G = 0.01 (electrolyzer standby draw / els_cap); literature 0.025-0.05 -> OUT OF RANGE
✓ spring  :  92 days | Mean: 1 MWh | RMSE range: 0.0-0.2 MWh
✓ summer  :  92 days | Mean: 1 MWh | RMSE range: 0.0-0.3 MWh
✓ fall    :  91 days | Mean: 1 MWh | RMSE range: 0.0-0.2 MWh
✓ winter  :  90 days | Mean: 1 MWh | RMSE range: 0.0-0.1 MWh

=== 60p_reserve_peak_day1_S20_seed0_grb_direct-gurobi_kl0.0960365_dual_ndw_rsc0.303571_main: n=60, |T|=24, |Omega|=20 ===

[1] extensive form (DP_N^Omega)
  (read from ieee_owen\weak_eps_experiment\stochastic\main17\ef_cache\n60_S20_day1.pkl)
  obj -19588.588052  status optimal  gap 9.35e-05  2712.6s  vars 343244
  KL r=0.0960365: worst case -19588.588052 vs expected -20032.261428; 3 MILP solve(s); rho* 0.044 0.106 0.055 0.026 0.107 0.044 0.051 0.042 0.034 0.027 0.040 0.041 0.038 0.093 0.025 0.038 0.047 0.038 0.059 0.044 (KL 0.0960)
    round 1: MIPGap 1e-03  149.5s  59 nodes  psi-bound 1.27e-03  psi-incumbent 3.89e-04
    round 2: MIPGap 1e-03  23.9s  1 nodes  psi-bound 9.25e-04  psi-incumbent 3.91e-09
    round 3: MIPGap 1e-04  2537.9s  5389 nodes  psi-bound 9.35e-05  psi-incumbent 1.75e-06

[2] column generation (DWR_N^Omega)
Set parameter Username
Set parameter LicenseID to value 2742039
Academic license - for non-commercial use only - expires 2026-11-20
  seed columns: largest carrier-row residual 6.04e-14 (repaired)
  CG   25 | RMP   -20321.8206 | LB   -20277.7168 | UB           inf | a 1.00 std      | min rc  0.0000e+00 | +0  [round] | lp 1.04s solver 1.02s 3621 it 19769 cols 635441 nz
  -- penalty round 1: eps 0.2 delta 0.2 RMP -20321.8206 LB -20277.7168 UB -19588.5881 gap 3.52e-02 [round] 56s
  CG   50 | RMP   -19595.5260 | LB   -19652.2178 | UB   -19588.5881 | a 0.10 smooth   | min rc -3.7145e+00 | +175 | lp 0.96s solver 0.93s 3333 it 22915 cols 848128 nz
