--- started 10-07 17:10: xi_0 + xi_j scenarios, per-day streams, no utility; dual master, OMEGA_TOL 0.05 + floor, fine single-solve KL EF
10-07 17:10  n=6 |Omega|=20 day 1 r=0.09604
  2026-10-07 17:12,6,20,1,0.0960365,0,122,2.47,0.76,8.01,0
10-07 17:12  n=15 |Omega|=20 day 1 r=0.09604
  2026-10-07 17:38,15,20,1,0.0960365,0,1532,5.55,3.64,6.13,0
10-07 17:38  n=30 |Omega|=20 day 1 r=0.09604
  2026-10-07 18:36,30,20,1,0.0960365,0,3482,9.00,6.30,3.70,0
10-07 18:36  n=60 |Omega|=20 day 1 r=0.09604
  2026-10-07 21:03,60,20,1,0.0960365,0,8852,14.69,9.43,1.63,0
10-07 21:03  n=6 |Omega|=20 day 2 r=0.09604
  2026-10-07 21:05,6,20,2,0.0960365,0,92,2.43,0.86,9.24,0
10-07 21:05  n=15 |Omega|=20 day 2 r=0.09604
  2026-10-07 21:21,15,20,2,0.0960365,0,962,4.58,2.50,7.40,0
10-07 21:21  n=30 |Omega|=20 day 2 r=0.09604
  2026-10-07 21:43,30,20,2,0.0960365,0,1352,9.58,6.96,4.20,0
10-07 21:43  n=60 |Omega|=20 day 2 r=0.09604
  2026-10-07 21:49,60,20,2,0.0960365,1,332,12.46,9.17,0.65,1
10-07 21:49  n=6 |Omega|=20 day 3 r=0.09604
  2026-10-07 21:50,6,20,3,0.0960365,0,90,2.38,0.73,2.07,0
10-07 21:50  n=15 |Omega|=20 day 3 r=0.09604
  2026-10-07 22:08,15,20,3,0.0960365,0,1082,5.60,3.52,6.79,0
10-07 22:08  n=30 |Omega|=20 day 3 r=0.09604
  2026-10-07 22:38,30,20,3,0.0960365,0,1772,6.92,4.46,6.01,0
10-07 22:38  n=60 |Omega|=20 day 3 r=0.09604
  2026-10-07 23:24,60,20,3,0.0960365,0,2792,12.03,7.23,3.99,0
10-07 23:24  n=6 |Omega|=20 day 4 r=0.09604
  2026-10-07 23:26,6,20,4,0.0960365,0,92,2.43,0.77,9.59,0
10-07 23:26  n=15 |Omega|=20 day 4 r=0.09604
  2026-10-07 23:45,15,20,4,0.0960365,0,1142,4.61,2.54,8.02,0
10-07 23:45  n=30 |Omega|=20 day 4 r=0.09604
  2026-10-08 00:21,30,20,4,0.0960365,0,2162,8.80,6.38,4.56,0
10-08 00:21  n=60 |Omega|=20 day 4 r=0.09604
  2026-10-08 01:08,60,20,4,0.0960365,0,2822,13.20,9.34,1.91,0
10-08 01:08  n=6 |Omega|=20 day 5 r=0.09604
  2026-10-08 01:10,6,20,5,0.0960365,0,92,2.38,0.72,9.76,0
10-08 01:10  n=15 |Omega|=20 day 5 r=0.09604
  2026-10-08 01:31,15,20,5,0.0960365,0,1292,4.61,2.56,7.80,0
10-08 01:31  n=30 |Omega|=20 day 5 r=0.09604
  2026-10-08 02:07,30,20,5,0.0960365,0,2132,7.72,5.06,6.38,0
10-08 02:07  n=60 |Omega|=20 day 5 r=0.09604
  2026-10-08 02:52,60,20,5,0.0960365,0,2702,11.34,7.12,3.37,0
10-08 02:52  n=6 |Omega|=20 day 6 r=0.09604
  2026-10-08 02:53,6,20,6,0.0960365,0,92,2.45,0.77,9.69,0
10-08 02:53  n=15 |Omega|=20 day 6 r=0.09604
  2026-10-08 03:11,15,20,6,0.0960365,0,1052,4.72,2.82,7.94,0
10-08 03:11  n=30 |Omega|=20 day 6 r=0.09604
  2026-10-08 03:36,30,20,6,0.0960365,0,1532,8.85,6.09,5.93,0
10-08 03:36  n=60 |Omega|=20 day 6 r=0.09604
  2026-10-08 04:24,60,20,6,0.0960365,0,2852,11.86,7.93,3.19,0
10-08 04:24  n=6 |Omega|=20 day 7 r=0.09604
  2026-10-08 04:26,6,20,7,0.0960365,0,122,2.40,0.73,9.54,0
10-08 04:26  n=15 |Omega|=20 day 7 r=0.09604
  2026-10-08 04:43,15,20,7,0.0960365,0,1052,4.63,2.76,7.79,0
10-08 04:43  n=30 |Omega|=20 day 7 r=0.09604
  2026-10-08 05:01,30,20,7,0.0960365,0,1022,6.93,4.32,6.37,0
10-08 05:01  n=60 |Omega|=20 day 7 r=0.09604
  2026-10-08 05:48,60,20,7,0.0960365,0,2822,11.55,7.40,2.91,0
10-08 05:48  n=6 |Omega|=20 day 8 r=0.09604
  2026-10-08 05:50,6,20,8,0.0960365,0,122,2.47,0.79,9.29,0
10-08 05:50  n=15 |Omega|=20 day 8 r=0.09604
  2026-10-08 06:09,15,20,8,0.0960365,0,1142,4.65,2.75,7.21,0
10-08 06:09  n=30 |Omega|=20 day 8 r=0.09604
  2026-10-08 06:45,30,20,8,0.0960365,0,2190,8.87,6.09,5.14,0
10-08 06:45  n=60 |Omega|=20 day 8 r=0.09604
  2026-10-08 07:31,60,20,8,0.0960365,0,2762,10.81,6.23,4.46,0
10-08 07:31  n=6 |Omega|=20 day 9 r=0.09604
  2026-10-08 07:33,6,20,9,0.0960365,0,92,2.33,0.70,9.28,0
10-08 07:33  n=15 |Omega|=20 day 9 r=0.09604
  2026-10-08 07:49,15,20,9,0.0960365,0,992,6.37,4.30,7.73,0
10-08 07:49  n=30 |Omega|=20 day 9 r=0.09604
  2026-10-08 08:29,30,20,9,0.0960365,0,2372,8.24,5.62,5.35,0
10-08 08:29  n=60 |Omega|=20 day 9 r=0.09604
  2026-10-08 09:16,60,20,9,0.0960365,0,2822,12.59,8.74,1.97,0
10-08 09:16  n=6 |Omega|=20 day 10 r=0.09604
  2026-10-08 09:17,6,20,10,0.0960365,0,92,2.48,0.79,9.40,0
10-08 09:17  n=15 |Omega|=20 day 10 r=0.09604
  2026-10-08 09:41,15,20,10,0.0960365,0,1442,6.30,4.27,7.64,0
10-08 09:41  n=30 |Omega|=20 day 10 r=0.09604
  2026-10-08 10:13,30,20,10,0.0960365,0,1892,11.27,8.86,5.81,0
10-08 10:13  n=60 |Omega|=20 day 10 r=0.09604
  2026-10-08 11:00,60,20,10,0.0960365,0,2852,11.25,6.93,3.42,0
10-08 11:00  n=6 |Omega|=20 day 11 r=0.09604
  2026-10-08 11:02,6,20,11,0.0960365,0,92,2.43,0.74,9.52,0
10-08 11:02  n=15 |Omega|=20 day 11 r=0.09604
  2026-10-08 11:18,15,20,11,0.0960365,0,962,4.33,2.32,7.77,0
10-08 11:18  n=30 |Omega|=20 day 11 r=0.09604
  2026-10-08 11:43,30,20,11,0.0960365,0,1472,8.32,5.91,6.18,0
10-08 11:43  n=60 |Omega|=20 day 11 r=0.09604
  2026-10-08 12:38,60,20,11,0.0960365,1,3302,14.67,10.07,1.28,0
10-08 12:38  n=6 |Omega|=20 day 12 r=0.09604
  2026-10-08 12:40,6,20,12,0.0960365,0,122,2.44,0.76,9.65,0
10-08 12:40  n=15 |Omega|=20 day 12 r=0.09604
  2026-10-08 13:03,15,20,12,0.0960365,0,1412,5.17,3.10,7.17,0
10-08 13:03  n=30 |Omega|=20 day 12 r=0.09604
  2026-10-08 13:44,30,20,12,0.0960365,0,2432,7.10,4.18,5.86,0
10-08 13:44  n=60 |Omega|=20 day 12 r=0.09604
  2026-10-08 14:31,60,20,12,0.0960365,0,2852,11.91,6.95,3.83,0
10-08 14:31  n=6 |Omega|=20 day 13 r=0.09604
  2026-10-08 14:33,6,20,13,0.0960365,0,92,2.40,0.74,9.41,0
10-08 14:33  n=15 |Omega|=20 day 13 r=0.09604
  2026-10-08 14:54,15,20,13,0.0960365,0,1262,6.99,5.08,7.30,0
10-08 14:54  n=30 |Omega|=20 day 13 r=0.09604
  2026-10-08 15:26,30,20,13,0.0960365,0,1922,8.12,5.52,5.28,0
10-08 15:26  n=60 |Omega|=20 day 13 r=0.09604
  2026-10-08 16:09,60,20,13,0.0960365,0,2582,11.41,6.80,3.53,0
10-08 16:09  n=6 |Omega|=20 day 14 r=0.09604
  2026-10-08 16:10,6,20,14,0.0960365,0,92,2.43,0.78,9.24,0
10-08 16:10  n=15 |Omega|=20 day 14 r=0.09604
  2026-10-08 16:27,15,20,14,0.0960365,0,992,5.16,3.30,7.32,0
10-08 16:27  n=30 |Omega|=20 day 14 r=0.09604
  2026-10-08 16:48,30,20,14,0.0960365,0,1292,6.46,3.80,6.01,0
10-08 16:48  n=60 |Omega|=20 day 14 r=0.09604
  2026-10-08 17:37,60,20,14,0.0960365,0,2942,12.23,7.15,3.48,0
10-08 17:37  n=6 |Omega|=20 day 15 r=0.09604
  2026-10-08 17:40,6,20,15,0.0960365,0,122,2.46,0.79,8.94,0
10-08 17:40  n=15 |Omega|=20 day 15 r=0.09604
  2026-10-08 18:05,15,20,15,0.0960365,0,1532,4.83,2.78,7.07,0
10-08 18:05  n=30 |Omega|=20 day 15 r=0.09604
