
Cluster assignments:
Cluster 0 (represented by Day 25): [ 1 12 17 21 25 26 27 28]... (total 8 days)
Cluster 1 (represented by Day 4): [ 2  3  4  5  6  7  8  9 10 11]... (total 23 days)
[reserve] pi_res = 56 EUR/MW.h (daily mean of fcrn_dk2_56 hourly prices), 1h blocks
[reserve] c_min_G = 0.15 (electrolyzer min load / els_cap); literature 0.1-0.16 -> OK
[reserve] c_sb_G = 0.01 (electrolyzer standby draw / els_cap); literature 0.025-0.05 -> OUT OF RANGE
✓ spring  :  92 days | Mean: 1 MWh | RMSE range: 0.0-0.2 MWh
✓ summer  :  92 days | Mean: 1 MWh | RMSE range: 0.0-0.3 MWh
✓ fall    :  91 days | Mean: 1 MWh | RMSE range: 0.0-0.2 MWh
✓ winter  :  90 days | Mean: 1 MWh | RMSE range: 0.0-0.1 MWh

=== 60p_reserve_peak_day1_S20_seed0_grb_direct-gurobi_kl0.5_ndw_rsc0.303571_sbar_tune_purge5_sbar: n=60, |T|=24, |Omega|=20 ===

[1] extensive form (DP_N^Omega)
  (read from ieee_owen/weak_eps_experiment/stochastic/kl_days_fcrn17/ef_cache/day1.pkl)
  obj -18994.291046  status optimal  gap 9.85e-05  3363.2s  vars 343244
  KL r=0.5: worst case -18994.291046 vs expected -20005.289202; 3 MILP solve(s); rho* 0.027 0.199 0.048 0.009 0.205 0.032 0.038 0.025 0.017 0.010 0.024 0.025 0.020 0.156 0.009 0.021 0.032 0.021 0.054 0.029 (KL 0.5000)
    round 1: MIPGap 1e-03  493.7s  306 nodes  psi-bound 7.21e-04  psi-incumbent 3.00e-04
    round 2: MIPGap 1e-03  36.9s  1 nodes  psi-bound 4.71e-04  psi-incumbent 3.32e-08
    round 3: MIPGap 1e-04  2831.5s  5777 nodes  psi-bound 9.85e-05  psi-incumbent 4.71e-06

[2] column generation (DWR_N^Omega)
Set parameter WLSAccessID
Set parameter WLSSecret
Set parameter LicenseID to value 926906
Academic license 926906 - for non-commercial use only - registered to se___@postech.ac.kr
  seed columns: largest carrier-row residual 5.33e-14 (repaired)
  CG   25 | RMP   -19726.2268 | LB   -19698.1183 | UB           inf | a 0.10 smooth   | min rc -1.7703e+01 | +174 | lp 0.45s solver 0.42s 1925 it 16925 cols 451287 nz
  CG   26 | RMP   -19726.6241 | LB   -19698.1183 | UB           inf | a 1.00 std      | min rc  0.0000e+00 | +0  [round] | lp 0.47s solver 0.44s 2087 it 16274 cols 410025 nz
  -- penalty round 1: eps 0.2 delta 0.2 RMP -19726.6241 LB -19698.1183 UB -18994.2910 gap 3.71e-02 [round] 63s
  CG   50 | RMP   -19003.6430 | LB   -19069.4765 | UB   -18994.2910 | a 0.10 smooth   | min rc -2.7204e+00 | +109 | lp 1.33s solver 1.30s 3356 it 19531 cols 601166 nz
  CG   74 | RMP   -19007.3330 | LB   -19007.5578 | UB   -18994.2910 | a 1.00 std      | min rc  0.0000e+00 | +0  [round] | lp 3.84s solver 3.80s 3169 it 22428 cols 870375 nz
  -- penalty round 2: eps 0.05 delta 0.05 RMP -19007.3330 LB -19007.5578 UB -18994.2910 gap 6.98e-04 [round] 599s
  CG   75 | RMP   -18995.2563 | LB   -19007.0021 | UB   -18994.2910 | a 0.10 smooth   | min rc -2.0173e+00 | +117 +1cut | lp 14.68s solver 14.64s 20462 it 22428 cols 870375 nz
  CG  100 | RMP   -18996.0984 | LB   -18997.3081 | UB   -18994.2910 | a 0.10 smooth   | min rc -3.8779e-01 | +74 | lp 4.20s solver 4.15s 5140 it 24504 cols 1152777 nz
  CG  109 | RMP   -18996.2538 | LB   -18996.2106 | UB   -18994.2910 | a 1.00 std      | min rc  0.0000e+00 | +0  [round] | lp 5.78s solver 5.72s 1628 it 24920 cols 1216704 nz
  -- penalty round 3: eps 0.0125 delta 0.0125 RMP -18996.2538 LB -18996.2106 UB -18994.2910 gap 1.01e-04 [round] 1124s
  CG  125 | RMP   -18995.2165 | LB   -18995.4382 | UB   -18994.2910 | a 0.10 smooth   | min rc -3.8240e-02 | +25 | lp 3.62s solver 3.57s 3196 it 25541 cols 1449333 nz
  CG  138 | RMP   -18995.2300 | LB   -18995.2429 | UB   -18994.2910 | a 1.00 std      | min rc  0.0000e+00 | +0  [round] | lp 1.27s solver 1.21s 1189 it 26852 cols 1606600 nz
  -- penalty round 4: eps 0.00313 delta 0.00313 RMP -18995.2300 LB -18995.2429 UB -18994.2910 gap 5.01e-05 [round] 1617s
  CG  150 | RMP   -18995.1405 | LB   -18995.1838 | UB   -18994.2910 | a 0.10 smooth   | min rc -9.0193e-04 | +35 | lp 1.15s solver 1.03s 1051 it 28621 cols 1777381 nz
    [stall barrier] LB -18995.1604 -> -18995.1604  (RMP -18995.1416)  +52
  CG  175 | RMP   -18995.1416 | LB   -18995.1604 | UB   -18994.2910 | a 1.00 std      | min rc -2.9743e-02 | +27 | lp 59.48s solver 59.41s 38440 it 32035 cols 2088631 nz
    [stall barrier] LB -18995.1604 -> -18995.1604  (RMP -18995.1416)  +18
