
Cluster assignments:
Cluster 0 (represented by Day 25): [ 1 12 17 21 25 26 27 28]... (total 8 days)
Cluster 1 (represented by Day 4): [ 2  3  4  5  6  7  8  9 10 11]... (total 23 days)
[reserve] pi_res = 56 EUR/MW.h (daily mean of fcrn_dk2_56 hourly prices), 1h blocks
[reserve] c_min_G = 0.15 (electrolyzer min load / els_cap); literature 0.1-0.16 -> OK
[reserve] c_sb_G = 0.01 (electrolyzer standby draw / els_cap); literature 0.025-0.05 -> OUT OF RANGE
✓ spring  :  92 days | Mean: 1 MWh | RMSE range: 0.0-0.2 MWh
✓ summer  :  92 days | Mean: 1 MWh | RMSE range: 0.0-0.3 MWh
✓ fall    :  91 days | Mean: 1 MWh | RMSE range: 0.0-0.2 MWh
✓ winter  :  90 days | Mean: 1 MWh | RMSE range: 0.0-0.1 MWh

=== 60p_reserve_peak_day3_S20_seed0_grb_direct-gurobi_kl0.5_ndw_rsc0.303571_tune_lpdual: n=60, |T|=24, |Omega|=20 ===

[1] extensive form (DP_N^Omega)
  (read from ieee_owen/weak_eps_experiment/stochastic/kl_days_fcrn17/ef_cache/day3.pkl)
  obj -17429.462229  status optimal  gap 9.74e-05  6763.3s  vars 343244
  KL r=0.5: worst case -17429.462229 vs expected -18295.026573; 3 MILP solve(s); rho* 0.025 0.187 0.040 0.009 0.205 0.041 0.033 0.023 0.013 0.011 0.027 0.031 0.014 0.166 0.007 0.025 0.028 0.024 0.058 0.032 (KL 0.5000)
    round 1: MIPGap 1e-03  359.8s  218 nodes  psi-bound 1.11e-03  psi-incumbent 1.59e-04
    round 2: MIPGap 1e-03  33.7s  1 nodes  psi-bound 9.74e-04  psi-incumbent 1.27e-07
    round 3: MIPGap 1e-04  6368.7s  10251 nodes  psi-bound 9.74e-05  psi-incumbent 3.40e-06

[2] column generation (DWR_N^Omega)
Set parameter WLSAccessID
Set parameter WLSSecret
Set parameter LicenseID to value 926906
Academic license 926906 - for non-commercial use only - registered to se___@postech.ac.kr
  seed columns: largest carrier-row residual 5.33e-14 (repaired)
  CG   25 | RMP   -18163.0080 | LB   -18188.6545 | UB           inf | a 0.10 smooth   | min rc -1.6706e+01 | +178 | lp 1.89s solver 1.87s 5630 it 18791 cols 591455 nz
  CG   27 | RMP   -18163.8786 | LB   -18121.0277 | UB           inf | a 1.00 std      | min rc  0.0000e+00 | +0  [round] | lp 2.93s solver 2.90s 6492 it 19604 cols 648025 nz
  -- penalty round 1: eps 0.2 delta 0.2 RMP -18163.8786 LB -18121.0277 UB -17429.4622 gap 3.97e-02 [round] 82s
  CG   50 | RMP   -17440.9256 | LB   -17515.9687 | UB   -17429.4622 | a 0.10 smooth   | min rc -5.7462e+00 | +144 +1cut | lp 11.09s solver 11.05s 14655 it 23213 cols 923313 nz
  CG   75 | RMP   -17443.9899 | LB   -17443.5536 | UB   -17429.4622 | a 1.00 std      | min rc -1.4088e+00 | +159 +1cut | lp 23.99s solver 23.94s 22477 it 26041 cols 1262327 nz
  CG   78 | RMP   -17444.1031 | LB   -17441.5559 | UB   -17429.4622 | a 1.00 std      | min rc  0.0000e+00 | +0  [round] | lp 29.55s solver 29.50s 23616 it 27272 cols 1401933 nz
  -- penalty round 2: eps 0.05 delta 0.05 RMP -17444.1031 LB -17441.5559 UB -17429.4622 gap 6.94e-04 [round] 1049s
  CG  100 | RMP   -17432.1644 | LB   -17433.4703 | UB   -17429.4622 | a 0.10 smooth   | min rc -2.5766e-01 | +115 +1cut | lp 19.14s solver 19.07s 14321 it 30929 cols 1867131 nz
  CG  116 | RMP   -17432.5016 | LB   -17432.5458 | UB   -17429.4622 | a 1.00 std      | min rc  0.0000e+00 | +0  [round] | lp 39.08s solver 39.02s 27301 it 31112 cols 1965649 nz
  -- penalty round 3: eps 0.0125 delta 0.0125 RMP -17432.5016 LB -17432.5458 UB -17429.4622 gap 1.77e-04 [round] 2550s
