
Cluster assignments:
Cluster 0 (represented by Day 25): [ 1 12 17 21 25 26 27 28]... (total 8 days)
Cluster 1 (represented by Day 4): [ 2  3  4  5  6  7  8  9 10 11]... (total 23 days)
[reserve] pi_res = 56 EUR/MW.h (daily mean of fcrn_dk2_56 hourly prices), 1h blocks
[reserve] c_min_G = 0.15 (electrolyzer min load / els_cap); literature 0.1-0.16 -> OK
[reserve] c_sb_G = 0.01 (electrolyzer standby draw / els_cap); literature 0.025-0.05 -> OUT OF RANGE
✓ spring  :  92 days | Mean: 1 MWh | RMSE range: 0.0-0.2 MWh
✓ summer  :  92 days | Mean: 1 MWh | RMSE range: 0.0-0.3 MWh
✓ fall    :  91 days | Mean: 1 MWh | RMSE range: 0.0-0.2 MWh
✓ winter  :  90 days | Mean: 1 MWh | RMSE range: 0.0-0.1 MWh

=== 60p_reserve_peak_day3_S20_seed0_grb_direct-gurobi_kl0.5_ndw_rsc0.303571_tune_combo: n=60, |T|=24, |Omega|=20 ===

[1] extensive form (DP_N^Omega)
  (read from ieee_owen/weak_eps_experiment/stochastic/kl_days_fcrn17/ef_cache/day3.pkl)
  obj -17429.462229  status optimal  gap 9.74e-05  6763.3s  vars 343244
  KL r=0.5: worst case -17429.462229 vs expected -18295.026573; 3 MILP solve(s); rho* 0.025 0.187 0.040 0.009 0.205 0.041 0.033 0.023 0.013 0.011 0.027 0.031 0.014 0.166 0.007 0.025 0.028 0.024 0.058 0.032 (KL 0.5000)
    round 1: MIPGap 1e-03  359.8s  218 nodes  psi-bound 1.11e-03  psi-incumbent 1.59e-04
    round 2: MIPGap 1e-03  33.7s  1 nodes  psi-bound 9.74e-04  psi-incumbent 1.27e-07
    round 3: MIPGap 1e-04  6368.7s  10251 nodes  psi-bound 9.74e-05  psi-incumbent 3.40e-06

[2] column generation (DWR_N^Omega)
Set parameter WLSAccessID
Set parameter WLSSecret
Set parameter LicenseID to value 926906
Academic license 926906 - for non-commercial use only - registered to se___@postech.ac.kr
  seed columns: largest carrier-row residual 5.33e-14 (repaired)
  CG   25 | RMP   -18163.0246 | LB   -18164.7053 | UB           inf | a 0.10 smooth   | min rc -2.3165e+01 | +208 | lp 0.58s solver 0.55s 2651 it 17268 cols 488555 nz
  CG   26 | RMP   -18163.5066 | LB   -18164.7053 | UB           inf | a 1.00 std      | min rc  0.0000e+00 | +0  [round] | lp 0.70s solver 0.67s 2817 it 16265 cols 424632 nz
  -- penalty round 1: eps 0.2 delta 0.2 RMP -18163.5066 LB -18164.7053 UB -17429.4622 gap 4.22e-02 [round] 63s
  CG   50 | RMP   -17437.0451 | LB   -17511.6620 | UB   -17429.4622 | a 0.10 smooth   | min rc -3.6075e+00 | +135 | lp 1.13s solver 1.09s 3342 it 20293 cols 689333 nz
  CG   75 | RMP   -17438.6481 | LB   -17441.8580 | UB   -17429.4622 | a 0.10 smooth   | min rc -1.0044e+00 | +48 | lp 6.91s solver 6.86s 2318 it 23855 cols 1008485 nz
  CG   80 | RMP   -17438.8090 | LB   -17438.5197 | UB   -17429.4622 | a 1.00 std      | min rc  0.0000e+00 | +0  [round] | lp 2.75s solver 2.70s 4587 it 24510 cols 1084112 nz
  -- penalty round 2: eps 0.02 delta 0.02 RMP -17438.8090 LB -17438.5197 UB -17429.4622 gap 5.20e-04 [round] 625s
  CG  100 | RMP   -17431.4550 | LB   -17433.8130 | UB   -17429.4622 | a 0.10 smooth   | min rc -7.8662e-01 | +122 | lp 10.88s solver 10.83s 9558 it 26050 cols 1246952 nz
  CG  125 | RMP   -17431.8542 | LB   -17432.2766 | UB   -17429.4622 | a 0.10 smooth   | min rc -2.2199e-01 | +23 | lp 13.41s solver 13.35s 3639 it 28135 cols 1452654 nz
  CG  137 | RMP   -17431.8771 | LB   -17431.9165 | UB   -17429.4622 | a 1.00 std      | min rc  0.0000e+00 | +0  [round] | lp 2.32s solver 2.25s 1703 it 28796 cols 1518724 nz
  -- penalty round 3: eps 0.002 delta 0.002 RMP -17431.8771 LB -17431.9165 UB -17429.4622 gap 1.41e-04 [round] 1735s
  CG  150 | RMP   -17431.7302 | LB   -17431.7872 | UB   -17429.4622 | a 0.10 smooth   | min rc -4.7639e-04 | +9 | lp 2.35s solver 2.29s 2371 it 29152 cols 1562238 nz
  CG  154 | RMP   -17431.7305 | LB   -17431.7716 | UB   -17429.4622 | a 1.00 std      | min rc  0.0000e+00 | +0  [round] | lp 6.11s solver 6.02s 6230 it 29267 cols 1570726 nz
  -- penalty round 4: eps 0.0002 delta 0.0002 RMP -17431.7305 LB -17431.7716 UB -17429.4622 gap 1.32e-04 [round] 2011s
  CG  155 | RMP   -17431.7275 | LB   -17431.7716 | UB   -17431.7261 | a 1.00 std      | min rc  0.0000e+00 | +0  [done] | lp 6.79s solver 6.72s 6006 it 29267 cols 1570726 nz
  -- penalty round 5: eps 0 delta 0 RMP -17431.7275 LB -17431.7716 UB -17431.7261 gap 2.61e-06 [done] 2018s
  obj -17431.726078  LB -17431.771557  gap 2.61e-06  iters 155  2018.6s  rounds 5  status optimal
  KL r=0.5: 23 distribution cuts (rho_hat included); rho* 0.025 0.187 0.040 0.009 0.205 0.040 0.033 0.023 0.013 0.011 0.027 0.031 0.014 0.167 0.007 0.025 0.028 0.024 0.058 0.033 (KL 0.5000)
  time: master LP 799.3s  pricing 1197.8s (145800 MILPs, 16 worker(s))

[3] robust Owen allocation
  omega_LR,rob 2.308649  eps_LR 0.038477  certified [0.566459, 2.309329]
  EF slack 1.6974 = 74% of the reported omega  (> 10%: use --table for a table run)
  checks: budget 0.00e+00  duality -6.80e-04  pricing 0.00e+00

[4] stand-alone values val(DP_{j}^Omega)
